03-04 11:27:02.715  3139  3139 D TransmitPower: AccSensorObserverMOTION_DETECTION:onMotionStateChanged() : isStable = false
03-04 11:27:02.715  3139  3139 D TransmitPower: AccSensorObserverBHH_DETECTION:onBHHDetected() : isDetected = false
03-04 11:27:02.715  3139  3139 D TransmitPower: AccSensorObserverBHH_DIRECTION:onBHHStateChanged() : isRightSide = false
03-04 11:27:02.718  2270  2334 I libprocessgroup: Successfully killed process cgroup uid 10145 pid 7492 in 44ms
03-04 11:27:02.720  4606  4606 D PASRService: PASRService started
03-04 11:27:02.727  2270  3003 I ActivityManager: Process com.qti.ltebc (pid 9416) has died: cch+5 CEM 
03-04 11:27:02.727   848   848 I Zygote  : Process 9416 exited cleanly (0)
03-04 11:27:02.727  2270  2334 I libprocessgroup: Successfully killed process cgroup uid 10238 pid 9416 in 0ms
03-04 11:27:02.727  2270  3003 I am_proc_died: [0,9416,com.qti.ltebc,905,19]
03-04 11:27:02.729  2270  3003 I am_uid_stopped: 10238
03-04 11:27:02.778  3194  3194 D NetworkSecurityConfig: No Network Security Config specified, using platform default
03-04 11:27:02.778  3194  3194 W nsconfig: com.android.phone: New config does not match the previously set config.
03-04 11:27:02.780  3194  3194 D QcDataStatusNotification BootReceiver: onReceive: Intent { act=android.intent.action.BOOT_COMPLETED flg=0x89000010 cmp=com.qti.qualcomm.datastatusnotification/.BootReceiver (has extras) }
03-04 11:27:02.784  2270  3003 D CompatibilityInfo: mCompatibilityFlags - 0
03-04 11:27:02.784  2270  3003 D CompatibilityInfo: applicationDensity - 300
03-04 11:27:02.784  2270  3003 D CompatibilityInfo: applicationScale - 1.0
03-04 11:27:02.786  3194  3194 D QcDataStatusNotification BootReceiver: Successfully started service
03-04 11:27:02.792  3194  3194 D QcDataStatusNotification Service: onStartCommand
03-04 11:27:02.792  2270  3003 D CompatibilityInfo: mCompatibilityFlags - 0
03-04 11:27:02.792  2270  3003 D CompatibilityInfo: applicationDensity - 300
03-04 11:27:02.792  2270  3003 D CompatibilityInfo: applicationScale - 1.0
03-04 11:27:02.798  3194  3194 D QC_RIL_OEM_HOOK: The QcrilMsgTunnelService is already running!!
03-04 11:27:02.804  3024  3024 I MStatsReceiver: prop == 
03-04 11:27:02.804  3024  3024 I MStatsReceiver: Received intent but prop is not set.
03-04 11:27:02.805  3194  3194 D QC_RIL_OEM_HOOK: Attempt to bind service returned with: true
03-04 11:27:02.811  2270  3003 D CompatibilityInfo: mCompatibilityFlags - 0
03-04 11:27:02.812  2270  3003 D CompatibilityInfo: applicationDensity - 300
03-04 11:27:02.812  2270  3003 D CompatibilityInfo: applicationScale - 1.0
03-04 11:27:02.813  3194  3194 D QC_RIL_OEM_HOOK: Registering for intent ACTION_UNSOL_RESPONSE_OEM_HOOK_RAW
03-04 11:27:02.814  3194  3194 D QC_RIL_OEM_HOOK: QcrilMsgTunnelService Connected Successfully (onServiceConnected)
03-04 11:27:02.815  3194  3194 D QC_RIL_OEM_HOOK: Calling onQcRilHookReady callback
03-04 11:27:02.815  3194  3194 D QcDataStatusNotification Service: mPhoneCount = 1
03-04 11:27:02.818  3194  3194 D QcDataStatusNotification Service: enableContentObserver for subId = 2
03-04 11:27:02.820  3194  3194 D QcDataStatusNotification Service: onChange():uri=content://settings/global/data_roaming authority=settings path=/global/data_roaming segments=[global, data_roaming] uriLastSegment=data_roaming
03-04 11:27:02.820  3194  3194 D QcDataStatusNotification Service: handleMessage: Data Roaming changed to 0 on slot = 0
03-04 11:27:02.831  3194  3194 D QcDataStatusNotification Service: onChange():uri=content://telephony/carriers authority=telephony path=/carriers segments=[carriers] uriLastSegment=carriers
03-04 11:27:02.832  3194  3194 D QcDataStatusNotification Service: onApnChanged: slot = 0 subId = 2 operator = 44010
03-04 11:27:02.837     0     0 I IRQ 6   : no longer affine to CPU4
03-04 11:27:02.835  3139  3139 D TransmitPower: AccSensorObserverMOTION_DETECTION:onMotionStateChanged() : isStable = false
03-04 11:27:02.835  3139  3139 D TransmitPower: AccSensorObserverBHH_DETECTION:onBHHDetected() : isDetected = false
03-04 11:27:02.835  3139  3139 D TransmitPower: AccSensorObserverBHH_DIRECTION:onBHHStateChanged() : isRightSide = false
03-04 11:27:02.837  3194  3194 D TelephonyProvider: Using old permission behavior for telephony provider compat
03-04 11:27:02.837  3194  3194 D TelephonyProvider: subIdString = 2 subId = 2
03-04 11:27:02.839  3194  3194 D SQLiteQueryBuilder: SELECT * FROM carriers WHERE ((owned_by!=0) AND (edited!=2 and edited!=3 and edited!=5 and edited!=6) AND (numeric = '44010' OR carrier_id = '850')) AND ((numeric = '44010' and carrier_enabled = 1)) with args null
03-04 11:27:02.846  2881  2881 D nativeloader: classloader namespace configured for unbundled product apk. library_path=/product/app/xdivert/lib/arm64:/product/lib64:/system/product/lib64
03-04 11:27:02.848  3194  3194 D TelephonyProvider: match current APN size:  0
03-04 11:27:02.848  3194  3194 D TelephonyProvider: No MVNO, MNO and no MCC/MNC match, but we have match/matches with the same carrier id, count: 0
03-04 11:27:02.848  3194  3194 D TelephonyProvider: match carrier id APN: 0
03-04 11:27:02.849  3194  3194 D QcDataStatusNotification Service: APN change URI is  content://telephony/carriers/subId/2 count = 0
03-04 11:27:02.849  3194  3194 D QcDataStatusNotification Service: No rows in Carriers DB for current operator
03-04 11:27:02.849  3194  3194 D QcDataStatusNotification Service: InformCurrentApnsToModemForPhoneId: 0
03-04 11:27:02.849  3194  3194 D QcDataStatusNotification Service: ***********************
03-04 11:27:02.849  3194  3194 D QcDataStatusNotification Service: Current APNs for PhoneId = 0
03-04 11:27:02.849  3194  3194 D QcDataStatusNotification Service: ***********************
03-04 11:27:02.850  3194  3194 D QcDataStatusNotification Service: registerPhoneStateListener: phoneId=0
03-04 11:27:02.861  3194  3194 D QcDataStatusNotification Service: onCallStateChange: state=0
03-04 11:27:02.861  3194  3194 D QcDataStatusNotification Service: updateDataStatus: phoneId=0, subId=2, ddsSubId=2
03-04 11:27:02.862  3194  3194 D QcDataStatusNotification Service: updateDataStatus: skip processing
03-04 11:27:02.862  3194  3194 D QcDataStatusNotification Service: onUserMobileDataStateChanged: enabled=true
03-04 11:27:02.866  2881  2881 D nativeloader: classloader namespace configured for unbundled product apk. library_path=/product/app/xdivert/lib/arm64:/product/lib64:/system/product/lib64
03-04 11:27:02.884  2881  2881 D NetworkSecurityConfig: No Network Security Config specified, using platform default
03-04 11:27:02.885  2881  2881 V XDivert : Action intent recieved:Intent { act=android.intent.action.BOOT_COMPLETED flg=0x89000010 cmp=com.qti.xdivert/.XDivert (has extras) }
03-04 11:27:02.886  2881  2881 D QcrilMsgTunnelIfaceManager: handleMessage what = 3
03-04 11:27:02.886  2881  2881 I QcrilOemhookMsgTunnel: [0]invokeOemRilRequestRaw: serial=1019 length=20
03-04 11:27:02.889  2881  2881 D QcrilMsgTunnelIfaceManager: handleMessage what = 3
03-04 11:27:02.889  2881  2881 I QcrilOemhookMsgTunnel: [0]invokeOemRilRequestRaw: serial=1020 length=20
03-04 11:27:02.889  2270  3003 I am_uid_running: 10270
03-04 11:27:02.892  2270  3003 D CompatibilityChangeReporter: Compat change id reported: 135634846; UID 10270; state: DISABLED
03-04 11:27:02.893  2270  3003 D CompatibilityChangeReporter: Compat change id reported: 177438394; UID 10270; state: DISABLED
03-04 11:27:02.893  2270  3003 D CompatibilityChangeReporter: Compat change id reported: 135772972; UID 10270; state: DISABLED
03-04 11:27:02.894  2270  3003 D CompatibilityChangeReporter: Compat change id reported: 135754954; UID 10270; state: ENABLED
03-04 11:27:02.895  2270  2327 D CompatibilityChangeReporter: Compat change id reported: 143937733; UID 10270; state: ENABLED
03-04 11:27:02.904  2881  3368 I QcrilOemhookMsgTunnel: [0]processOemHookResponse serial no: 1019 error: 0length=0
03-04 11:27:02.905  2881  2881 D QcrilMsgTunnelIfaceManager: handleMessage what = 4
03-04 11:27:02.905  2881  2881 D QcrilMsgTunnelIfaceManager: OEM_RIL_REQUEST_ASYNC_DONE requestAsync.sub :0
03-04 11:27:02.906  3194  3505 D QC_RIL_OEM_HOOK: QCRIL send data roaming enable status DONE!
03-04 11:27:02.906  2881  3368 I QcrilOemhookMsgTunnel: [0]processOemHookResponse serial no: 1020 error: 0length=0
03-04 11:27:02.906  2881  2881 D QcrilMsgTunnelIfaceManager: handleMessage what = 4
03-04 11:27:02.906  2881  2881 D QcrilMsgTunnelIfaceManager: OEM_RIL_REQUEST_ASYNC_DONE requestAsync.sub :0
03-04 11:27:02.907  3194  3505 D QC_RIL_OEM_HOOK: QCRIL send data enable status DONE!
03-04 11:27:02.914  3139  3139 D TransmitPower: AccSensorObserverMOTION_DETECTION:onMotionStateChanged() : isStable = false
03-04 11:27:02.914  3139  3139 D TransmitPower: AccSensorObserverBHH_DETECTION:onBHHDetected() : isDetected = false
03-04 11:27:02.914  3139  3139 D TransmitPower: AccSensorObserverBHH_DIRECTION:onBHHStateChanged() : isRightSide = false
03-04 11:27:02.920   848   848 D Zygote  : Forked child process 9458
03-04 11:27:02.925  2270  2327 I am_proc_start: [0,9458,10270,com.qualcomm.telephony,broadcast,{com.qualcomm.atfwd/com.qualcomm.atfwd.AtFwdAutoboot}]
03-04 11:27:02.925  2270  2327 I ActivityManager: Start proc 9458:com.qualcomm.telephony/u0a270 for broadcast {com.qualcomm.atfwd/com.qualcomm.atfwd.AtFwdAutoboot}
03-04 11:27:02.960  1721  1807 I adbd    : jdwp connection from 9458
03-04 11:27:02.973     0     0 I binder  : 9458:9458 ioctl 40046210 7ff7940a44 returned -22
03-04 11:27:02.965  9458  9458 D ProcessState: Binder ioctl to enable oneway spam detection failed: Invalid argument
03-04 11:27:02.974  2270  3003 I am_proc_bound: [0,9458,com.qualcomm.telephony]
03-04 11:27:02.977  2270  3003 D CompatibilityChangeReporter: Compat change id reported: 168419799; UID 10270; state: DISABLED
03-04 11:27:02.977  2270  3003 D CompatibilityInfo: mCompatibilityFlags - 0
03-04 11:27:02.977  2270  3003 D CompatibilityInfo: applicationDensity - 300
03-04 11:27:02.977  2270  3003 D CompatibilityInfo: applicationScale - 1.0
03-04 11:27:02.986  2270  3003 I am_uid_active: 10270
03-04 11:27:02.989  2270  3003 D CompatibilityInfo: mCompatibilityFlags - 0
03-04 11:27:02.989  2270  3003 D CompatibilityInfo: applicationDensity - 300
03-04 11:27:02.989  2270  3003 D CompatibilityInfo: applicationScale - 1.0
03-04 11:27:02.996  9458  9458 D CompatibilityChangeReporter: Compat change id reported: 171979766; UID 10270; state: ENABLED
03-04 11:27:03.018  9257  9275 W System  : A resource failed to call close. 
03-04 11:27:03.032  3139  3139 D TransmitPower: AccSensorObserverMOTION_DETECTION:onMotionStateChanged() : isStable = false
03-04 11:27:03.032  3139  3139 D TransmitPower: AccSensorObserverBHH_DETECTION:onBHHDetected() : isDetected = false
03-04 11:27:03.032  3139  3139 D TransmitPower: AccSensorObserverBHH_DIRECTION:onBHHStateChanged() : isRightSide = false
03-04 11:27:03.045  9458  9458 I Perf    : Connecting to perf service.
03-04 11:27:03.062  9458  9458 V GraphicsEnvironment: ANGLE Developer option for 'com.qualcomm.atfwd' set to: 'default'
03-04 11:27:03.062  9458  9458 V GraphicsEnvironment: Neither updatable production driver nor prerelease driver is supported.
03-04 11:27:03.067  9458  9458 D NetworkSecurityConfig: No Network Security Config specified, using platform default
03-04 11:27:03.067  9458  9458 D NetworkSecurityConfig: No Network Security Config specified, using platform default
03-04 11:27:03.071  3677  4633 E FirebaseInstanceId: Failed to get FIS auth token
03-04 11:27:03.071  3677  4633 E FirebaseInstanceId: java.util.concurrent.ExecutionException: java.net.SocketTimeoutException: failed to connect to firebaseinstallations.googleapis.com/172.217.160.74 (port 443) from /10.1.122.219 (port 46700) after 10000ms
03-04 11:27:03.071  3677  4633 E FirebaseInstanceId: 	at com.nttdocomo.android.idmanager.og1.b(Unknown Source:31)
03-04 11:27:03.071  3677  4633 E FirebaseInstanceId: 	at com.nttdocomo.android.idmanager.og1.a(Unknown Source:31)
03-04 11:27:03.071  3677  4633 E FirebaseInstanceId: 	at com.nttdocomo.android.idmanager.iw1.b(Unknown Source:111)
03-04 11:27:03.071  3677  4633 E FirebaseInstanceId: 	at com.nttdocomo.android.idmanager.iw1.a(Unknown Source:0)
03-04 11:27:03.071  3677  4633 E FirebaseInstanceId: 	at com.nttdocomo.android.idmanager.hw1.run(Unknown Source:12)
03-04 11:27:03.071  3677  4633 E FirebaseInstanceId: 	at java.util.concurrent.ThreadPoolExecutor.runWorker(ThreadPoolExecutor.java:1167)
03-04 11:27:03.071  3677  4633 E FirebaseInstanceId: 	at java.util.concurrent.ThreadPoolExecutor$Worker.run(ThreadPoolExecutor.java:641)
03-04 11:27:03.071  3677  4633 E FirebaseInstanceId: 	at com.nttdocomo.android.idmanager.uy.run(Unknown Source:7)
03-04 11:27:03.071  3677  4633 E FirebaseInstanceId: 	at java.lang.Thread.run(Thread.java:920)
03-04 11:27:03.071  3677  4633 E FirebaseInstanceId: Caused by: java.net.SocketTimeoutException: failed to connect to firebaseinstallations.googleapis.com/172.217.160.74 (port 443) from /10.1.122.219 (port 46700) after 10000ms
03-04 11:27:03.071  3677  4633 E FirebaseInstanceId: 	at libcore.io.IoBridge.connectErrno(IoBridge.java:236)
03-04 11:27:03.071  3677  4633 E FirebaseInstanceId: 	at libcore.io.IoBridge.connect(IoBridge.java:180)
03-04 11:27:03.071  3677  4633 E FirebaseInstanceId: 	at java.net.PlainSocketImpl.socketConnect(PlainSocketImpl.java:142)
03-04 11:27:03.071  3677  4633 E FirebaseInstanceId: 	at java.net.AbstractPlainSocketImpl.doConnect(AbstractPlainSocketImpl.java:390)
03-04 11:27:03.071  3677  4633 E FirebaseInstanceId: 	at java.net.AbstractPlainSocketImpl.connectToAddress(AbstractPlainSocketImpl.java:230)
03-04 11:27:03.071  3677  4633 E FirebaseInstanceId: 	at java.net.AbstractPlainSocketImpl.connect(AbstractPlainSocketImpl.java:212)
03-04 11:27:03.071  3677  4633 E FirebaseInstanceId: 	at java.net.SocksSocketImpl.connect(SocksSocketImpl.java:436)
03-04 11:27:03.071  3677  4633 E FirebaseInstanceId: 	at java.net.Socket.connect(Socket.java:621)
03-04 11:27:03.071  3677  4633 E FirebaseInstanceId: 	at com.android.okhttp.internal.Platform.connectSocket(Platform.java:182)
03-04 11:27:03.071  3677  4633 E FirebaseInstanceId: 	at com.android.okhttp.internal.io.RealConnection.connectSocket(RealConnection.java:145)
03-04 11:27:03.071  3677  4633 E FirebaseInstanceId: 	at com.android.okhttp.internal.io.RealConnection.connect(RealConnection.java:116)
03-04 11:27:03.071  3677  4633 E FirebaseInstanceId: 	at com.android.okhttp.internal.http.StreamAllocation.findConnection(StreamAllocation.java:186)
03-04 11:27:03.071  3677  4633 E FirebaseInstanceId: 	at com.android.okhttp.internal.http.StreamAllocation.findHealthyConnection(StreamAllocation.java:128)
03-04 11:27:03.071  3677  4633 E FirebaseInstanceId: 	at com.android.okhttp.internal.http.StreamAllocation.newStream(StreamAllocation.java:97)
03-04 11:27:03.071  3677  4633 E FirebaseInstanceId: 	at com.android.okhttp.internal.http.HttpEngine.connect(HttpEngine.java:289)
03-04 11:27:03.071  3677  4633 E FirebaseInstanceId: 	at com.android.okhttp.internal.http.HttpEngine.sendRequest(HttpEngine.java:232)
03-04 11:27:03.071  3677  4633 E FirebaseInstanceId: 	at com.android.okhttp.internal.huc.HttpURLConnectionImpl.execute(HttpURLConnectionImpl.java:465)
03-04 11:27:03.071  3677  4633 E FirebaseInstanceId: 	at com.android.okhttp.internal.huc.HttpURLConnectionImpl.connect(HttpURLConnectionImpl.java:131)
03-04 11:27:03.071  3677  4633 E FirebaseInstanceId: 	at com.android.okhttp.internal.huc.HttpURLConnectionImpl.getOutputStream(HttpURLConnectionImpl.java:262)
03-04 11:27:03.071  3677  4633 E FirebaseInstanceId: 	at com.android.okhttp.internal.huc.DelegatingHttpsURLConnection.getOutputStream(DelegatingHttpsURLConnection.java:219)
03-04 11:27:03.071  3677  4633 E FirebaseInstanceId: 	at com.android.okhttp.internal.huc.HttpsURLConnectionImpl.getOutputStream(HttpsURLConnectionImpl.java:30)
03-04 11:27:03.071  3677  4633 E FirebaseInstanceId: 	at com.nttdocomo.android.idmanager.kx1.a(Unknown Source:0)
03-04 11:27:03.071  3677  4633 E FirebaseInstanceId: 	at com.nttdocomo.android.idmanager.kx1.a(Unknown Source:8)
03-04 11:27:03.071  3677  4633 E FirebaseInstanceId: 	at com.nttdocomo.android.idmanager.kx1.a(Unknown Source:63)
03-04 11:27:03.071  3677  4633 E FirebaseInstanceId: 	at com.nttdocomo.android.idmanager.vw1.d(Unknown Source:39)
03-04 11:27:03.071  3677  4633 E FirebaseInstanceId: 	at com.nttdocomo.android.idmanager.vw1.c(Unknown Source:34)
03-04 11:27:03.071  3677  4633 E FirebaseInstanceId: 	at com.nttdocomo.android.idmanager.vw1.a(Unknown Source:1)
03-04 11:27:03.071  3677  4633 E FirebaseInstanceId: 	at com.nttdocomo.android.idmanager.tw1.run(Unknown Source:2)
03-04 11:27:03.071  3677  4633 E FirebaseInstanceId: 	at java.util.concurrent.ThreadPoolExecutor.runWorker(ThreadPoolExecutor.java:1167)
03-04 11:27:03.071  3677  4633 E FirebaseInstanceId: 	at java.util.concurrent.ThreadPoolExecutor$Worker.run(ThreadPoolExecutor.java:641)
03-04 11:27:03.071  3677  4633 E FirebaseInstanceId: 	... 1 more
03-04 11:27:03.075   847  9485 D resolv  : GetAddrInfoHandler::run: {100 262244 100 983140 10212 0}
03-04 11:27:03.075   847  9485 D resolv  : resolv_getaddrinfo: explore_fqdn(): ai_family=0 ai_socktype=1 ai_protocol=6
03-04 11:27:03.077   847  9486 D resolv  : doQuery: (1, 28)
03-04 11:27:03.077   847  9487 D resolv  : doQuery: (1, 1)
03-04 11:27:03.077   847  9487 D resolv  : res_nmkquery: (QUERY, IN, A)
03-04 11:27:03.077   847  9486 D resolv  : res_nmkquery: (QUERY, IN, AAAA)
03-04 11:27:03.077   847  9486 D resolv  : res_nsend
03-04 11:27:03.077   847  9487 D resolv  : res_nsend
03-04 11:27:03.077   847  9487 I resolv  : resolv_cache_lookup: lookup
03-04 11:27:03.077   847  9486 I resolv  : resolv_cache_lookup: lookup
03-04 11:27:03.077   847  9487 I resolv  : resolv_cache_lookup: FOUND IN CACHE entry=0xb400006df1ac4010
03-04 11:27:03.077   847  9487 D resolv  : doQuery: rcode=0, ancount=1
03-04 11:27:03.077   847  9486 I resolv  : resolv_cache_lookup: FOUND IN CACHE entry=0xb400006e01acf490
03-04 11:27:03.077   847  9486 D resolv  : doQuery: rcode=0, ancount=0
03-04 11:27:03.083  2270  2296 D CompatibilityInfo: mCompatibilityFlags - 0
03-04 11:27:03.083  2270  2296 D CompatibilityInfo: applicationDensity - 300
03-04 11:27:03.083  2270  2296 D CompatibilityInfo: applicationScale - 1.0
03-04 11:27:03.093  2270  3003 D CompatibilityInfo: mCompatibilityFlags - 0
03-04 11:27:03.093  2270  3003 D CompatibilityInfo: applicationDensity - 300
03-04 11:27:03.093  2270  3003 D CompatibilityInfo: applicationScale - 1.0
03-04 11:27:03.094  9458  9458 E AtFwd AutoBoot: AtFwd Auto Boot Started Successfully
03-04 11:27:03.098  9458  9458 D AtFwdService: onCreate method
03-04 11:27:03.098  9458  9458 I AtCmdFwd: AtCmdFwd
03-04 11:27:03.104  9458  9489 D AtCkpdCmdHandler: De-queing command
03-04 11:27:03.107  9458  9458 D hw-ProcessState: Binder ioctl to enable oneway spam detection failed: Invalid argument
03-04 11:27:03.115     0     0 I binder  : 9458:9458 ioctl 40046210 7ff793f564 returned -22
03-04 11:27:03.107  3585  8555 E GCM     : Missing checkin config file
03-04 11:27:03.108  3585  8555 W GCM     : GCM FAILED TO INITIALIZE - missing checkin
03-04 11:27:03.111  3139  3139 D TransmitPower: AccSensorObserverMOTION_DETECTION:onMotionStateChanged() : isStable = false
03-04 11:27:03.111  3139  3139 D TransmitPower: AccSensorObserverBHH_DETECTION:onBHHDetected() : isDetected = false
03-04 11:27:03.111  3139  3139 D TransmitPower: AccSensorObserverBHH_DIRECTION:onBHHStateChanged() : isRightSide = false
03-04 11:27:03.111  2270  7450 D CompatibilityInfo: mCompatibilityFlags - 0
03-04 11:27:03.111  2270  7450 D CompatibilityInfo: applicationDensity - 300
03-04 11:27:03.111  2270  7450 D CompatibilityInfo: applicationScale - 1.0
03-04 11:27:03.111  9458  9458 I HidlServiceManagement: Registered vendor.qti.hardware.radio.atcmdfwd@1.0::IAtCmdFwd/AtCmdFwdService
03-04 11:27:03.112  9458  9458 I android_os_HwBinder: HwBinder: Starting thread pool for AtCmdFwdService
03-04 11:27:03.118  3677  4595 E FirebaseInstanceId: Topic sync or token retrieval failed on hard failure exceptions: AUTHENTICATION_FAILED. Won't retry the operation.
03-04 11:27:03.133  2270  3003 D CompatibilityInfo: mCompatibilityFlags - 0
03-04 11:27:03.133  2270  3003 D CompatibilityInfo: applicationDensity - 300
03-04 11:27:03.133  2270  3003 D CompatibilityInfo: applicationScale - 1.0
03-04 11:27:03.137  2850  2850 D QCNEJ/CneAppReceiver: ACTION_LOCKED_BOOT_COMPLETED or ACTION_BOOT_COMPLETED received
03-04 11:27:03.137  2850  2850 D QCNEJ/CneAppReceiver: CneApp already Started
03-04 11:27:03.140  2270  3003 I am_uid_running: 10185
03-04 11:27:03.142  2270  3003 D CompatibilityChangeReporter: Compat change id reported: 135634846; UID 10185; state: DISABLED
03-04 11:27:03.142  2270  3003 D CompatibilityChangeReporter: Compat change id reported: 177438394; UID 10185; state: DISABLED
03-04 11:27:03.143  2270  3003 D CompatibilityChangeReporter: Compat change id reported: 135772972; UID 10185; state: DISABLED
03-04 11:27:03.143  2270  3003 D CompatibilityChangeReporter: Compat change id reported: 135754954; UID 10185; state: ENABLED
03-04 11:27:03.144  2270  2327 D CompatibilityChangeReporter: Compat change id reported: 143937733; UID 10185; state: ENABLED
03-04 11:27:03.163   848   848 D Zygote  : Forked child process 9495
03-04 11:27:03.168  2270  2327 I am_proc_start: [0,9495,10185,com.qualcomm.qti.lpa,broadcast,{com.qualcomm.qti.lpa/com.qualcomm.qti.lpa.UimLpaBootReceiver}]
03-04 11:27:03.168  2270  2327 I ActivityManager: Start proc 9495:com.qualcomm.qti.lpa/u0a185 for broadcast {com.qualcomm.qti.lpa/com.qualcomm.qti.lpa.UimLpaBootReceiver}
03-04 11:27:03.198  1721  1807 I adbd    : jdwp connection from 9495
03-04 11:27:03.210     0     0 I binder  : 9495:9495 ioctl 40046210 7ff7940a44 returned -22
03-04 11:27:03.202  9495  9495 D ProcessState: Binder ioctl to enable oneway spam detection failed: Invalid argument
03-04 11:27:03.212  2270  3003 I am_proc_bound: [0,9495,com.qualcomm.qti.lpa]
03-04 11:27:03.214  2270  3003 D CompatibilityChangeReporter: Compat change id reported: 168419799; UID 10185; state: DISABLED
03-04 11:27:03.215  2270  3003 D CompatibilityInfo: mCompatibilityFlags - 0
03-04 11:27:03.215  2270  3003 D CompatibilityInfo: applicationDensity - 300
03-04 11:27:03.215  2270  3003 D CompatibilityInfo: applicationScale - 1.0
03-04 11:27:03.222  2270  3003 I am_uid_active: 10185
03-04 11:27:03.227  2270  3003 D CompatibilityInfo: mCompatibilityFlags - 0
03-04 11:27:03.227  2270  3003 D CompatibilityInfo: applicationDensity - 300
03-04 11:27:03.227  2270  3003 D CompatibilityInfo: applicationScale - 1.0
03-04 11:27:03.231  3139  3139 D TransmitPower: AccSensorObserverMOTION_DETECTION:onMotionStateChanged() : isStable = false
03-04 11:27:03.231  3139  3139 D TransmitPower: AccSensorObserverBHH_DETECTION:onBHHDetected() : isDetected = false
03-04 11:27:03.231  3139  3139 D TransmitPower: AccSensorObserverBHH_DIRECTION:onBHHStateChanged() : isRightSide = false
03-04 11:27:03.232  9495  9495 D CompatibilityChangeReporter: Compat change id reported: 171979766; UID 10185; state: ENABLED
03-04 11:27:03.260  9495  9495 D nativeloader: classloader namespace configured for unbundled product apk. library_path=/product/app/uimlpaservice/lib/arm64:/product/lib64:/system/product/lib64
03-04 11:27:03.269  9495  9495 D nativeloader: classloader namespace configured for unbundled product apk. library_path=/product/app/uimlpaservice/lib/arm64:/product/lib64:/system/product/lib64
03-04 11:27:03.284  9495  9495 D nativeloader: classloader namespace configured for unbundled product apk. library_path=/product/app/uimlpaservice/lib/arm64:/product/lib64:/system/product/lib64
03-04 11:27:03.298  9495  9495 I Perf    : Connecting to perf service.
03-04 11:27:03.308  3139  3139 D TransmitPower: AccSensorObserverMOTION_DETECTION:onMotionStateChanged() : isStable = false
03-04 11:27:03.309  3139  3139 D TransmitPower: AccSensorObserverBHH_DETECTION:onBHHDetected() : isDetected = false
03-04 11:27:03.309  3139  3139 D TransmitPower: AccSensorObserverBHH_DIRECTION:onBHHStateChanged() : isRightSide = false
03-04 11:27:03.315  9495  9495 V GraphicsEnvironment: ANGLE Developer option for 'com.qualcomm.qti.lpa' set to: 'default'
03-04 11:27:03.315  9495  9495 V GraphicsEnvironment: Neither updatable production driver nor prerelease driver is supported.
03-04 11:27:03.320  9495  9495 D NetworkSecurityConfig: Using Network Security Config from resource network_security_config debugBuild: false
03-04 11:27:03.323  9495  9495 D NetworkSecurityConfig: Using Network Security Config from resource network_security_config debugBuild: false
03-04 11:27:03.334  9495  9495 D UimLpaBootReceiver: onReceive
03-04 11:27:03.335  9495  9495 I UimLpaBootReceiver: RadioConfig service is not started on boot
03-04 11:27:03.340  2270  3003 D CompatibilityChangeReporter: Compat change id reported: 135634846; UID 1001; state: DISABLED
03-04 11:27:03.340  2270  3003 D CompatibilityChangeReporter: Compat change id reported: 177438394; UID 1001; state: DISABLED
03-04 11:27:03.341  2270  3003 D CompatibilityChangeReporter: Compat change id reported: 135772972; UID 1001; state: DISABLED
03-04 11:27:03.341  2270  3003 D CompatibilityChangeReporter: Compat change id reported: 135754954; UID 1001; state: ENABLED
03-04 11:27:03.364   848   848 D Zygote  : Forked child process 9522
03-04 11:27:03.369  2270  2327 I am_proc_start: [0,9522,1001,com.qualcomm.qti.modemtestmode,broadcast,{com.qualcomm.qti.modemtestmode/com.qualcomm.qti.modemtestmode.DefaultReceiver}]
03-04 11:27:03.369  2270  2327 I ActivityManager: Start proc 9522:com.qualcomm.qti.modemtestmode/1001 for broadcast {com.qualcomm.qti.modemtestmode/com.qualcomm.qti.modemtestmode.DefaultReceiver}
03-04 11:27:03.391  1721  1807 I adbd    : jdwp connection from 9522
03-04 11:27:03.392  9522  9522 D ProcessState: Binder ioctl to enable oneway spam detection failed: Invalid argument
03-04 11:27:03.400     0     0 I binder  : 9522:9522 ioctl 40046210 7ff7940a44 returned -22
03-04 11:27:03.400  2270  3003 I am_proc_bound: [0,9522,com.qualcomm.qti.modemtestmode]
03-04 11:27:03.405  2270  3003 D CompatibilityInfo: mCompatibilityFlags - 0
03-04 11:27:03.405  2270  3003 D CompatibilityInfo: applicationDensity - 300
03-04 11:27:03.405  2270  3003 D CompatibilityInfo: applicationScale - 1.0
03-04 11:27:03.415  2270  3003 D CompatibilityInfo: mCompatibilityFlags - 0
03-04 11:27:03.415  2270  3003 D CompatibilityInfo: applicationDensity - 300
03-04 11:27:03.416  2270  3003 D CompatibilityInfo: applicationScale - 1.0
03-04 11:27:03.425  9522  9522 D CompatibilityChangeReporter: Compat change id reported: 171979766; UID 1001; state: ENABLED
03-04 11:27:03.428  3139  3139 D TransmitPower: AccSensorObserverMOTION_DETECTION:onMotionStateChanged() : isStable = false
03-04 11:27:03.428  3139  3139 D TransmitPower: AccSensorObserverBHH_DETECTION:onBHHDetected() : isDetected = false
03-04 11:27:03.428  3139  3139 D TransmitPower: AccSensorObserverBHH_DIRECTION:onBHHStateChanged() : isRightSide = false
03-04 11:27:03.502  9522  9522 I Perf    : Connecting to perf service.
03-04 11:27:03.504  3139  3139 D TransmitPower: AccSensorObserverMOTION_DETECTION:onMotionStateChanged() : isStable = false
03-04 11:27:03.505  3139  3139 D TransmitPower: AccSensorObserverBHH_DETECTION:onBHHDetected() : isDetected = false
03-04 11:27:03.505  3139  3139 D TransmitPower: AccSensorObserverBHH_DIRECTION:onBHHStateChanged() : isRightSide = false
03-04 11:27:03.518  9522  9522 V GraphicsEnvironment: ANGLE Developer option for 'com.qualcomm.qti.modemtestmode' set to: 'default'
03-04 11:27:03.518  9522  9522 V GraphicsEnvironment: Neither updatable production driver nor prerelease driver is supported.
03-04 11:27:03.524  9522  9522 D NetworkSecurityConfig: No Network Security Config specified, using platform default
03-04 11:27:03.525  9522  9522 D NetworkSecurityConfig: No Network Security Config specified, using platform default
03-04 11:27:03.545  9522  9522 D QC_RIL_OEM_HOOK: The QcrilMsgTunnelService is already running!!
03-04 11:27:03.552  9522  9522 D QC_RIL_OEM_HOOK: Attempt to bind service returned with: true
03-04 11:27:03.555  9522  9522 D QC_RIL_OEM_HOOK: Registering for intent ACTION_UNSOL_RESPONSE_OEM_HOOK_RAW
03-04 11:27:03.560  9522  9522 D DefaultReceiver: MbnTest_ Received android.intent.action.BOOT_COMPLETED
03-04 11:27:03.560  9522  9522 D DefaultReceiver: MbnTest_ Mbn app version: 2.0
03-04 11:27:03.586  2270  3003 D CompatibilityInfo: mCompatibilityFlags - 0
03-04 11:27:03.586  2270  3003 D CompatibilityInfo: applicationDensity - 300
03-04 11:27:03.586  2270  3003 D CompatibilityInfo: applicationScale - 1.0
03-04 11:27:03.590  9522  9522 D QC_RIL_OEM_HOOK: QcrilMsgTunnelService Connected Successfully (onServiceConnected)
03-04 11:27:03.591  9522  9522 D QC_RIL_OEM_HOOK: Calling onQcRilHookReady callback
03-04 11:27:03.591  9522  9522 D MbnAppGlobals: MbnTest_ QcRilHook is ready
03-04 11:27:03.592  2270  3003 I am_uid_running: 10264
03-04 11:27:03.594  2270  3003 D CompatibilityChangeReporter: Compat change id reported: 135634846; UID 10264; state: DISABLED
03-04 11:27:03.594  2270  3003 D CompatibilityChangeReporter: Compat change id reported: 177438394; UID 10264; state: DISABLED
03-04 11:27:03.595  2270  3003 D CompatibilityChangeReporter: Compat change id reported: 135772972; UID 10264; state: DISABLED
03-04 11:27:03.595  2270  3003 D CompatibilityChangeReporter: Compat change id reported: 135754954; UID 10264; state: ENABLED
03-04 11:27:03.596  2270  2327 D CompatibilityChangeReporter: Compat change id reported: 143937733; UID 10264; state: ENABLED
03-04 11:27:03.602  2270  2296 D CompatibilityInfo: mCompatibilityFlags - 0
03-04 11:27:03.602  2270  2296 D CompatibilityInfo: applicationDensity - 300
03-04 11:27:03.602  2270  2296 D CompatibilityInfo: applicationScale - 1.0
03-04 11:27:03.607  9522  9522 D MbnSystemService: MbnTest_ Service is started
03-04 11:27:03.609  9522  9522 D MbnSystemService: MbnTest_ EVENT_QCRIL_HOOK_READY
03-04 11:27:03.610  9522  9522 D MbnAppGlobals: MbnTest_ getMbnConfig, mQcRilHookReady:true Sub:0 mbnType:0
03-04 11:27:03.613  2881  2881 D QcrilMsgTunnelIfaceManager: handleMessage what = 1
03-04 11:27:03.613  2881  2881 I QcrilOemhookMsgTunnel: [0]invokeOemRilRequestRaw: serial=1021 length=21
03-04 11:27:03.624  3139  3139 D TransmitPower: AccSensorObserverMOTION_DETECTION:onMotionStateChanged() : isStable = false
03-04 11:27:03.624  3139  3139 D TransmitPower: AccSensorObserverBHH_DETECTION:onBHHDetected() : isDetected = false
03-04 11:27:03.624  3139  3139 D TransmitPower: AccSensorObserverBHH_DIRECTION:onBHHStateChanged() : isRightSide = false
03-04 11:27:03.624   848   848 D Zygote  : Forked child process 9550
03-04 11:27:03.627  3194  3194 D NetworkSecurityConfig: No Network Security Config specified, using platform default
03-04 11:27:03.628  3194  3194 W nsconfig: com.qualcomm.qti.modemtestmode: New config does not match the previously set config.
03-04 11:27:03.628  2270  2327 I am_proc_start: [0,9550,10264,com.qualcomm.qti.performancemode,broadcast,{com.qualcomm.qti.performancemode/com.qualcomm.qti.performancemode.SystemEventReceiver}]
03-04 11:27:03.629  2270  2327 I ActivityManager: Start proc 9550:com.qualcomm.qti.performancemode/u0a264 for broadcast {com.qualcomm.qti.performancemode/com.qualcomm.qti.performancemode.SystemEventReceiver}
03-04 11:27:03.631  3194  3194 D QC_RIL_OEM_HOOK: The QcrilMsgTunnelService is already running!!
03-04 11:27:03.634  3194  3194 D QC_RIL_OEM_HOOK: Attempt to bind service returned with: true
03-04 11:27:03.635  3194  3194 D QC_RIL_OEM_HOOK: Registering for intent ACTION_UNSOL_RESPONSE_OEM_HOOK_RAW
03-04 11:27:03.638  3194  3194 D QC_RIL_OEM_HOOK: QcrilMsgTunnelService Connected Successfully (onServiceConnected)
03-04 11:27:03.638  3194  3194 D QC_RIL_OEM_HOOK: Calling onQcRilHookReady callback
03-04 11:27:03.638  3194  3194 D MbnAppGlobals: MbnTest_ QcRilHook is ready
03-04 11:27:03.644  2881  3368 I QcrilOemhookMsgTunnel: [0]processOemHookResponse serial no: 1021 error: 0length=20
03-04 11:27:03.644  2881  2881 D QcrilMsgTunnelIfaceManager: handleMessage what = 2
03-04 11:27:03.645  9522  9522 D QC_RIL_OEM_HOOK: sendOemRilRequestRaw returns value = 20
03-04 11:27:03.645  9522  9522 D MbnAppGlobals: MbnTest_ getMetaInfoForConfig, mQcRilHookReady:true config:;.2UHA
03-04 11:27:03.646  2881  2881 D QcrilMsgTunnelIfaceManager: handleMessage what = 1
03-04 11:27:03.646  2881  2881 I QcrilOemhookMsgTunnel: [0]invokeOemRilRequestRaw: serial=1022 length=40
03-04 11:27:03.656  1721  1807 I adbd    : jdwp connection from 9550
03-04 11:27:03.658  9550  9550 D ProcessState: Binder ioctl to enable oneway spam detection failed: Invalid argument
03-04 11:27:03.658  2881  3368 I QcrilOemhookMsgTunnel: [0]processOemHookResponse serial no: 1022 error: 0length=14
03-04 11:27:03.659  2881  2881 D QcrilMsgTunnelIfaceManager: handleMessage what = 2
03-04 11:27:03.666     0     0 I binder  : 9550:9550 ioctl 40046210 7ff7940a44 returned -22
03-04 11:27:03.661  9522  9522 D QC_RIL_OEM_HOOK: sendOemRilRequestRaw returns value = 14
03-04 11:27:03.661  9522  9522 D MbnSystemService: MbnTest_ Mbn ID:;.2UHA Meta Info:Commercial-DCM
03-04 11:27:03.663  9522  9522 D MbnSystemService: MbnTest_ EVENT_SERVICE_BINDED
03-04 11:27:03.663  9522  9522 D MbnSystemService: MbnTest_ Activated commercial:true Preference commercial:true Mbn type:commercial
03-04 11:27:03.663  9522  9522 D MbnSystemService: MbnTest_ Do nothing for apn
03-04 11:27:03.663  9522  9522 D MbnAppGlobals: MbnTest_ getMbnConfig, mQcRilHookReady:true Sub:0 mbnType:1
03-04 11:27:03.664  2881  2881 D QcrilMsgTunnelIfaceManager: handleMessage what = 1
03-04 11:27:03.664  2881  2881 I QcrilOemhookMsgTunnel: [0]invokeOemRilRequestRaw: serial=1023 length=21
03-04 11:27:03.665  2270  7450 I am_proc_bound: [0,9550,com.qualcomm.qti.performancemode]
03-04 11:27:03.667  2270  7450 D CompatibilityChangeReporter: Compat change id reported: 168419799; UID 10264; state: DISABLED
03-04 11:27:03.667  2270  7450 D CompatibilityInfo: mCompatibilityFlags - 0
03-04 11:27:03.667  2270  7450 D CompatibilityInfo: applicationDensity - 300
03-04 11:27:03.667  2270  7450 D CompatibilityInfo: applicationScale - 1.0
03-04 11:27:03.670  2881  3368 I QcrilOemhookMsgTunnel: [0]processOemHookResponse serial no: 1023 error: 0length=20
03-04 11:27:03.670  2881  2881 D QcrilMsgTunnelIfaceManager: handleMessage what = 2
03-04 11:27:03.671  9522  9522 D QC_RIL_OEM_HOOK: sendOemRilRequestRaw returns value = 20
03-04 11:27:03.671  9522  9522 D MbnSystemService: MbnTest_ telMode:ssss mbnId:TVKXr=
03-04 11:27:03.671  9522  9522 D MbnSystemService: MbnTest_ Fail to find MultiMode from Meta Info
03-04 11:27:03.674  2270  7450 I am_uid_active: 10264
03-04 11:27:03.674  2270  7450 D CompatibilityInfo: mCompatibilityFlags - 0
03-04 11:27:03.674  2270  7450 D CompatibilityInfo: applicationDensity - 300
03-04 11:27:03.674  2270  7450 D CompatibilityInfo: applicationScale - 1.0
03-04 11:27:03.680  9550  9550 D CompatibilityChangeReporter: Compat change id reported: 171979766; UID 10264; state: ENABLED
03-04 11:27:03.703  3139  3139 D TransmitPower: AccSensorObserverMOTION_DETECTION:onMotionStateChanged() : isStable = false
03-04 11:27:03.703  3139  3139 D TransmitPower: AccSensorObserverBHH_DETECTION:onBHHDetected() : isDetected = false
03-04 11:27:03.703  3139  3139 D TransmitPower: AccSensorObserverBHH_DIRECTION:onBHHStateChanged() : isRightSide = false
03-04 11:27:03.721  9550  9550 I Perf    : Connecting to perf service.
03-04 11:27:03.737  2270  7450 D CompatibilityInfo: mCompatibilityFlags - 0
03-04 11:27:03.737  2270  7450 D CompatibilityInfo: applicationDensity - 300
03-04 11:27:03.737  2270  7450 D CompatibilityInfo: applicationScale - 1.0
03-04 11:27:03.737  9550  9550 V GraphicsEnvironment: ANGLE Developer option for 'com.qualcomm.qti.performancemode' set to: 'default'
03-04 11:27:03.738  9550  9550 V GraphicsEnvironment: Neither updatable production driver nor prerelease driver is supported.
03-04 11:27:03.742  9550  9550 D NetworkSecurityConfig: No Network Security Config specified, using platform default
03-04 11:27:03.743  9550  9550 D NetworkSecurityConfig: No Network Security Config specified, using platform default
03-04 11:27:03.760  9550  9550 D hw-ProcessState: Binder ioctl to enable oneway spam detection failed: Invalid argument
03-04 11:27:03.768     0     0 I binder  : 9550:9550 ioctl 40046210 7ff793eaa4 returned -22
03-04 11:27:03.762  4958  5571 W SQLiteLog: (28) double-quoted string literal: "1646191623761"
03-04 11:27:03.762  4958  5571 W SQLiteLog: (28) double-quoted string literal: "1"
03-04 11:27:03.773  2270  7450 I am_uid_running: 10265
03-04 11:27:03.774  2270  7450 D CompatibilityChangeReporter: Compat change id reported: 135634846; UID 10265; state: DISABLED
03-04 11:27:03.775  2270  7450 D CompatibilityChangeReporter: Compat change id reported: 177438394; UID 10265; state: DISABLED
03-04 11:27:03.775  2270  7450 D CompatibilityChangeReporter: Compat change id reported: 135772972; UID 10265; state: DISABLED
03-04 11:27:03.776  2270  7450 D CompatibilityChangeReporter: Compat change id reported: 135754954; UID 10265; state: ENABLED
03-04 11:27:03.777  2270  2327 D CompatibilityChangeReporter: Compat change id reported: 143937733; UID 10265; state: ENABLED
03-04 11:27:03.778  2270  7450 I ActivityManager: Killing 7526:com.google.android.apps.turbo:ssb/u0a145 (adj 955): empty #31
03-04 11:27:03.778  2270  7450 I am_kill : [0,7526,com.google.android.apps.turbo:ssb,955,empty #31]
03-04 11:27:03.792  6067  6141 E PlayCommon: [430] aaxn.k(136): Failed to connect to server for server timestamp: java.net.SocketTimeoutException: failed to connect to play.googleapis.com/172.217.160.106 (port 443) from /10.1.122.219 (port 41156) after 40000ms: isConnected failed: ETIMEDOUT (Connection timed out)
03-04 11:27:03.792  6067  6141 W PlayCommon: [430] aaxn.m(1): No account for auth token provided
03-04 11:27:03.798  6067  6141 I PlayCommon: [430] aaxn.k(168): Connecting to server: https://play.googleapis.com/play/log?format=raw&proto_v2=true
03-04 11:27:03.800   847  9580 D resolv  : GetAddrInfoHandler::run: {100 262244 100 983140 10166 0}
03-04 11:27:03.800   847  9580 D resolv  : resolv_getaddrinfo: explore_fqdn(): ai_family=0 ai_socktype=1 ai_protocol=6
03-04 11:27:03.801   848   848 D Zygote  : Forked child process 9581
03-04 11:27:03.801   847  9582 D resolv  : doQuery: (1, 28)
03-04 11:27:03.801   847  9582 D resolv  : res_nmkquery: (QUERY, IN, AAAA)
03-04 11:27:03.801   847  9582 D resolv  : res_nsend
03-04 11:27:03.802   847  9582 I resolv  : resolv_cache_lookup: lookup
03-04 11:27:03.802   847  9582 I resolv  : resolv_cache_lookup: FOUND IN CACHE entry=0xb400006e01ad19b0
03-04 11:27:03.802   847  9582 D resolv  : doQuery: rcode=0, ancount=0
03-04 11:27:03.802   847  9583 D resolv  : doQuery: (1, 1)
03-04 11:27:03.802   847  9583 D resolv  : res_nmkquery: (QUERY, IN, A)
03-04 11:27:03.802   847  9583 D resolv  : res_nsend
03-04 11:27:03.802   847  9583 I resolv  : resolv_cache_lookup: lookup
03-04 11:27:03.802   847  9583 I resolv  : resolv_cache_lookup: FOUND IN CACHE entry=0xb400006e21ac4f50
03-04 11:27:03.802   847  9583 D resolv  : doQuery: rcode=0, ancount=1
03-04 11:27:03.805  2270  2296 I am_proc_died: [0,7526,com.google.android.apps.turbo:ssb,955,19]
03-04 11:27:03.805   848   848 I Zygote  : Process 7526 exited due to signal 9 (Killed)
03-04 11:27:03.808  2270  2296 I am_uid_stopped: 10145
03-04 11:27:03.812  2270  2296 I am_uid_active: 10265
03-04 11:27:03.813  2270  2327 I am_proc_start: [0,9581,10265,com.qualcomm.qti.qccauthmgr,broadcast,{com.qualcomm.qti.qccauthmgr/com.qualcomm.qti.qccauthmgr.receiver.BootReceiver}]
03-04 11:27:03.814  2270  2327 I ActivityManager: Start proc 9581:com.qualcomm.qti.qccauthmgr/u0a265 for broadcast {com.qualcomm.qti.qccauthmgr/com.qualcomm.qti.qccauthmgr.receiver.BootReceiver}
03-04 11:27:03.820  3139  3139 D TransmitPower: AccSensorObserverMOTION_DETECTION:onMotionStateChanged() : isStable = false
03-04 11:27:03.820  3139  3139 D TransmitPower: AccSensorObserverBHH_DETECTION:onBHHDetected() : isDetected = false
03-04 11:27:03.820  3139  3139 D TransmitPower: AccSensorObserverBHH_DIRECTION:onBHHStateChanged() : isRightSide = false
03-04 11:27:03.825  2270  2334 I libprocessgroup: Successfully killed process cgroup uid 10145 pid 7526 in 45ms
03-04 11:27:03.833  1721  1807 I adbd    : jdwp connection from 9581
03-04 11:27:03.837  9581  9581 D ProcessState: Binder ioctl to enable oneway spam detection failed: Invalid argument
03-04 11:27:03.845     0     0 I binder  : 9581:9581 ioctl 40046210 7ff7940a44 returned -22
03-04 11:27:03.847  2270  3003 I am_proc_bound: [0,9581,com.qualcomm.qti.qccauthmgr]
03-04 11:27:03.851  2270  3003 D CompatibilityChangeReporter: Compat change id reported: 168419799; UID 10265; state: DISABLED
03-04 11:27:03.851  2270  3003 D CompatibilityInfo: mCompatibilityFlags - 0
03-04 11:27:03.851  2270  3003 D CompatibilityInfo: applicationDensity - 300
03-04 11:27:03.852  2270  3003 D CompatibilityInfo: applicationScale - 1.0
03-04 11:27:03.859  2270  3003 D CompatibilityInfo: mCompatibilityFlags - 0
03-04 11:27:03.860  2270  3003 D CompatibilityInfo: applicationDensity - 300
03-04 11:27:03.860  2270  3003 D CompatibilityInfo: applicationScale - 1.0
03-04 11:27:03.863  9581  9581 D CompatibilityChangeReporter: Compat change id reported: 171979766; UID 10265; state: ENABLED
03-04 11:27:03.903  9581  9581 I Perf    : Connecting to perf service.
03-04 11:27:03.917     0     0 I IRQ 6   : no longer affine to CPU5
03-04 11:27:03.918  9581  9581 V GraphicsEnvironment: ANGLE Developer option for 'com.qualcomm.qti.qccauthmgr' set to: 'default'
03-04 11:27:03.919  9581  9581 V GraphicsEnvironment: Neither updatable production driver nor prerelease driver is supported.
03-04 11:27:03.923  9581  9581 D NetworkSecurityConfig: No Network Security Config specified, using platform default
03-04 11:27:03.924  9581  9581 D NetworkSecurityConfig: No Network Security Config specified, using platform default
03-04 11:27:03.926  9581  9581 D qcc:QccAuthApp: load libqccAuthMgr
03-04 11:27:03.939  3139  3139 D TransmitPower: AccSensorObserverMOTION_DETECTION:onMotionStateChanged() : isStable = false
03-04 11:27:03.939  3139  3139 D TransmitPower: AccSensorObserverBHH_DETECTION:onBHHDetected() : isDetected = false
03-04 11:27:03.940  3139  3139 D TransmitPower: AccSensorObserverBHH_DIRECTION:onBHHStateChanged() : isRightSide = false
03-04 11:27:03.940  9581  9581 D QCCAuthMgr: SMQContentProvider onCreate
03-04 11:27:03.944  9581  9581 I qcc:QccAuthApp: onCreate()
03-04 11:27:03.945  9581  9581 D qcc:QccAuthApp: detectUninstallIsv
03-04 11:27:03.951  9581  9581 I QCCAuthMgr: BootReceiver - onReceive
03-04 11:27:03.952  9581  9581 I QCCAuthMgr: android.intent.action.BOOT_COMPLETED intent received
03-04 11:27:03.955  9581  9581 D QCCAuthMgr: SMQContentProvider query uri: content://com.qti.smq.Feedback.provider/smq_settings, selection: key=?, uri_matcher: 1
03-04 11:27:03.975  9581  9581 D QCCAuthMgr: SMQContentProvider query tableName: smq_settings
03-04 11:27:03.975  9581  9581 D SQLiteQueryBuilder: SELECT * FROM smq_settings WHERE (key=?) with args [data_preference]
03-04 11:27:03.978  9581  9581 I QCCAuthMgr: BootReceiver - db is not initial
03-04 11:27:03.984  2270  2296 I ActivityManager: Killing 3876:com.google.android.apps.wellbeing/u0a162 (adj 999): empty #31
03-04 11:27:03.984  2270  2296 I am_kill : [0,3876,com.google.android.apps.wellbeing,999,empty #31]
03-04 11:27:03.990  2270  2296 D CompatibilityChangeReporter: Compat change id reported: 168419799; UID 10289; state: DISABLED
03-04 11:27:03.990  2270  2296 D CompatibilityInfo: mCompatibilityFlags - 0
03-04 11:27:03.990  2270  2296 D CompatibilityInfo: applicationDensity - 300
03-04 11:27:03.990  2270  2296 D CompatibilityInfo: applicationScale - 1.0
03-04 11:27:03.997  4714  4714 I QCC-Netstat:BootReceiver: android.intent.action.BOOT_COMPLETED received
03-04 11:27:04.001  2270  2296 I am_uid_running: 10124
03-04 11:27:04.002  2270  2296 D CompatibilityChangeReporter: Compat change id reported: 135634846; UID 10124; state: DISABLED
03-04 11:27:04.003  2270  2327 D CompatibilityChangeReporter: Compat change id reported: 143937733; UID 10124; state: DISABLED
03-04 11:27:04.017  3139  3139 D TransmitPower: AccSensorObserverMOTION_DETECTION:onMotionStateChanged() : isStable = false
03-04 11:27:04.017  3139  3139 D TransmitPower: AccSensorObserverBHH_DETECTION:onBHHDetected() : isDetected = false
03-04 11:27:04.017  3139  3139 D TransmitPower: AccSensorObserverBHH_DIRECTION:onBHHStateChanged() : isRightSide = false
03-04 11:27:04.021   848   848 I Zygote  : Process 3876 exited due to signal 9 (Killed)
03-04 11:27:04.024   849   849 D Zygote  : Forked child process 9610
03-04 11:27:04.026  2270  2296 I am_proc_died: [0,3876,com.google.android.apps.wellbeing,999,19]
03-04 11:27:04.029  2270  2334 I libprocessgroup: Successfully killed process cgroup uid 10162 pid 3876 in 43ms
03-04 11:27:04.031  2270  2296 I am_uid_stopped: 10162
03-04 11:27:04.037  2270  2296 I am_uid_active: 10124
03-04 11:27:04.038  2270  2327 I am_proc_start: [0,9610,10124,com.qualcomm.qti.qms.service.connectionsecurity,broadcast,{com.qualcomm.qti.qms.service.connectionsecurity/com.qualcomm.qti.qms.service.connectionsecurity.ConnSecBroadcastReceiver}]
03-04 11:27:04.039  2270  2327 I ActivityManager: Start proc 9610:com.qualcomm.qti.qms.service.connectionsecurity/u0a124 for broadcast {com.qualcomm.qti.qms.service.connectionsecurity/com.qualcomm.qti.qms.service.connectionsecurity.ConnSecBroadcastReceiver}
03-04 11:27:04.057  1721  1807 I adbd    : jdwp connection from 9610
03-04 11:27:04.071     0     0 I binder  : 9610:9610 ioctl 40046210 ff91d0b8 returned -22
03-04 11:27:04.063  9610  9610 D ProcessState: Binder ioctl to enable oneway spam detection failed: Invalid argument
03-04 11:27:04.073  2270  7450 I am_proc_bound: [0,9610,com.qualcomm.qti.qms.service.connectionsecurity]
03-04 11:27:04.076  2270  7450 D CompatibilityChangeReporter: Compat change id reported: 168419799; UID 10124; state: DISABLED
03-04 11:27:04.076  2270  7450 D CompatibilityInfo: mCompatibilityFlags - 0
03-04 11:27:04.076  2270  7450 D CompatibilityInfo: applicationDensity - 300
03-04 11:27:04.076  2270  7450 D CompatibilityInfo: applicationScale - 1.0
03-04 11:27:04.084  2270  7450 D CompatibilityInfo: mCompatibilityFlags - 0
03-04 11:27:04.084  2270  7450 D CompatibilityInfo: applicationDensity - 300
03-04 11:27:04.084  2270  7450 D CompatibilityInfo: applicationScale - 1.0
03-04 11:27:04.090  9610  9610 D CompatibilityChangeReporter: Compat change id reported: 171979766; UID 10124; state: DISABLED
03-04 11:27:04.110  9610  9610 D ApplicationLoaders: Returning zygote-cached class loader: /system/framework/android.test.base.jar
03-04 11:27:04.138  3139  3139 D TransmitPower: AccSensorObserverMOTION_DETECTION:onMotionStateChanged() : isStable = false
03-04 11:27:04.138  3139  3139 D TransmitPower: AccSensorObserverBHH_DETECTION:onBHHDetected() : isDetected = false
03-04 11:27:04.138  3139  3139 D TransmitPower: AccSensorObserverBHH_DIRECTION:onBHHStateChanged() : isRightSide = false
03-04 11:27:04.141  9610  9610 D nativeloader: classloader namespace configured for unbundled vendor apk. library_path=/vendor/app/ConnectionSecurityService/lib/arm:/vendor/app/ConnectionSecurityService/ConnectionSecurityService.apk!/lib/armeabi-v7a:/vendor/lib
03-04 11:27:04.149   847  9639 D resolv  : ResNSendHandler::run: 0 / {100 983140 100 983140 1073 1}
03-04 11:27:04.149   847  9638 D resolv  : ResNSendHandler::run: 0 / {100 983140 100 983140 1073 1}
03-04 11:27:04.149   847  9639 I resolv  : resolv_populate_res_for_net: netid=100
03-04 11:27:04.149   847  9638 I resolv  : resolv_populate_res_for_net: netid=100
03-04 11:27:04.149   847  9639 D resolv  : res_nsend
03-04 11:27:04.149   847  9638 D resolv  : res_nsend
03-04 11:27:04.149   847  9639 I resolv  : resolv_cache_lookup: lookup
03-04 11:27:04.149   847  9638 I resolv  : resolv_cache_lookup: lookup
03-04 11:27:04.149   847  9639 I resolv  : resolv_cache_lookup: FOUND IN CACHE entry=0xb400006e21ac6990
03-04 11:27:04.149   847  9638 I resolv  : resolv_cache_lookup: NOT IN CACHE (STALE ENTRY 0xb400006e01ad2970DISCARDED)
03-04 11:27:04.149   847  9638 I resolv  : _cache_remove_p: entry 6 removed (count=27)
03-04 11:27:04.149   847  9638 I resolv  : resolv_populate_res_for_net: netid=100
03-04 11:27:04.149   847  9638 I resolv  : res_stats_usable_server: NS stats: S 30 + E 0 + T 1 + I 0 = 31, rtt = 71, min_samples = 8
03-04 11:27:04.149   847  9638 I resolv  : res_stats_usable_server: success rate 96
03-04 11:27:04.149   847  9638 I resolv  : res_stats_usable_server: NS stats: S 0 + E 0 + T 1 + I 0 = 1, rtt = -1, min_samples = 8
03-04 11:27:04.149   847  9638 I resolv  : res_stats_usable_server: NS stats: S 1 + E 0 + T 0 + I 0 = 1, rtt = 70, min_samples = 8
03-04 11:27:04.149   847  9638 I resolv  : res_stats_usable_server: NS stats: S 0 + E 0 + T 0 + I 0 = 0, rtt = -1, min_samples = 8
03-04 11:27:04.149   847  9638 D resolv  : res_nsend: Querying server (# 1) address = 211.137.130.2:53
03-04 11:27:04.150   847  9638 D resolv  : send_dg: new DG socket
03-04 11:27:04.151   847  9638 I resolv  : get_timeout: using timeout of 5000 msec
03-04 11:27:04.151   847  9638 I resolv  : retrying_poll: 56 retrying_poll
03-04 11:27:04.152   847  9640 D resolv  : ResNSendHandler::run: 0 / {100 983140 100 983140 1073 1}
03-04 11:27:04.153   847  9640 I resolv  : resolv_populate_res_for_net: netid=100
03-04 11:27:04.153   847  9640 D resolv  : res_nsend
