03-04 11:27:04.927  1694  3340 D LOWI-9.0.0.87: [LOWI-Scan] do_listen_events: Rcvd valid Netlink Cmd 0 Err 0
03-04 11:27:04.952     0     0 I [schedu][0x75760fb8][11:27:04.944685] wlan: [2300:I:OSIF] scan start scan id 40965
03-04 11:27:04.967   847  9760 D resolv  : GetAddrInfoHandler::run: {100 262244 100 983140 10146 0}
03-04 11:27:04.967   847  9760 D resolv  : resolv_getaddrinfo: explore_fqdn(): ai_family=0 ai_socktype=1 ai_protocol=6
03-04 11:27:04.968   847  9761 D resolv  : doQuery: (1, 28)
03-04 11:27:04.968   847  9763 D resolv  : doQuery: (1, 1)
03-04 11:27:04.968   847  9763 D resolv  : res_nmkquery: (QUERY, IN, A)
03-04 11:27:04.968   847  9761 D resolv  : res_nmkquery: (QUERY, IN, AAAA)
03-04 11:27:04.968   847  9763 D resolv  : res_nsend
03-04 11:27:04.968   847  9763 I resolv  : resolv_cache_lookup: lookup
03-04 11:27:04.968   847  9763 I resolv  : resolv_cache_lookup: FOUND IN CACHE entry=0xb400006df1ac4010
03-04 11:27:04.968   847  9761 D resolv  : res_nsend
03-04 11:27:04.968   847  9763 D resolv  : doQuery: rcode=0, ancount=1
03-04 11:27:04.968   847  9761 I resolv  : resolv_cache_lookup: lookup
03-04 11:27:04.968   847  9761 I resolv  : resolv_cache_lookup: FOUND IN CACHE entry=0xb400006e01acf490
03-04 11:27:04.968   847  9761 D resolv  : doQuery: rcode=0, ancount=0
03-04 11:27:04.975  9733  9733 I Perf    : Connecting to perf service.
03-04 11:27:04.981  6067  6067 I Finsky  : [2] jmb.b(1): beginRecoverGmscoreIfApplicable
03-04 11:27:04.982  6067  6067 I Finsky  : [2] jmb.b(2): No target version, skip Gmscore recovery.
03-04 11:27:04.991  9733  9733 V GraphicsEnvironment: ANGLE Developer option for 'com.qualcomm.qtil.aptxui' set to: 'default'
03-04 11:27:04.991  9733  9733 V GraphicsEnvironment: Neither updatable production driver nor prerelease driver is supported.
03-04 11:27:04.996  9733  9733 D NetworkSecurityConfig: No Network Security Config specified, using platform default
03-04 11:27:04.997  9733  9733 D NetworkSecurityConfig: No Network Security Config specified, using platform default
03-04 11:27:05.001  9733  9733 I aptxuiApplication: mQssEnabled: false
03-04 11:27:05.001  9733  9733 I aptxuiApplication: aptxui (aptX UI app) Version Name: 4.0.6
03-04 11:27:05.001  9733  9733 I aptxuiApplication: aptxui (aptX UI app) Package Name: com.qualcomm.qtil.aptxui
03-04 11:27:05.001  9733  9733 D aptxuiApplication: creation complete
03-04 11:27:05.002  6067  6067 I Finsky  : [2] eod.f(2): getDfeApiOrNonauthenticated is returning unauth api
03-04 11:27:05.002  6067  6067 E Finsky  : [2] gat.a(51): Unexpected android-id = 0
03-04 11:27:05.003  6067  6067 E Finsky  : [2] hvb.aj(4): [DC] Android id should not be null
03-04 11:27:05.003  6067  6103 I Finsky  : [410] hlm.a(11): Start requesting FCM Reg Id
03-04 11:27:05.004  3139  3139 D TransmitPower: AccSensorObserverMOTION_DETECTION:onMotionStateChanged() : isStable = false
03-04 11:27:05.004  3139  3139 D TransmitPower: AccSensorObserverBHH_DETECTION:onBHHDetected() : isDetected = false
03-04 11:27:05.004  3139  3139 D TransmitPower: AccSensorObserverBHH_DIRECTION:onBHHStateChanged() : isRightSide = false
03-04 11:27:05.007  2270  2372 D CompatibilityInfo: mCompatibilityFlags - 0
03-04 11:27:05.007  2270  2372 D CompatibilityInfo: applicationDensity - 300
03-04 11:27:05.007  2270  2372 D CompatibilityInfo: applicationScale - 1.0
03-04 11:27:05.007  6067  6103 I Finsky  : [410] hlj.b(22): GameSdkDeviceInfo experiment not enabled.
03-04 11:27:05.014  5117  5240 D SQLiteQueryBuilder: SELECT value FROM partner WHERE ((name=?)) with args [playtx_client_id]
03-04 11:27:05.015  9733  9733 I aptxuiService: onBind: Intent { act=com.qualcomm.qtil.aptxui.aptxuiService cmp=com.qualcomm.qtil.aptxui/.aptxuiService }
03-04 11:27:05.015  2270  2296 I am_uid_running: 10148
03-04 11:27:05.017  2270  2296 D CompatibilityChangeReporter: Compat change id reported: 135634846; UID 10148; state: DISABLED
03-04 11:27:05.018  2270  2296 D CompatibilityChangeReporter: Compat change id reported: 177438394; UID 10148; state: DISABLED
03-04 11:27:05.018  2270  2296 D CompatibilityChangeReporter: Compat change id reported: 135772972; UID 10148; state: DISABLED
03-04 11:27:05.018  2270  2296 D CompatibilityChangeReporter: Compat change id reported: 135754954; UID 10148; state: ENABLED
03-04 11:27:05.019  2270  2327 D CompatibilityChangeReporter: Compat change id reported: 143937733; UID 10148; state: ENABLED
03-04 11:27:05.022  5117  8357 D SQLiteQueryBuilder: SELECT value FROM partner WHERE ((name=?)) with args [playax_client_id]
03-04 11:27:05.024  9733  9733 I aptxuiApplication: onServiceConnected: ComponentInfo{com.qualcomm.qtil.aptxui/com.qualcomm.qtil.aptxui.aptxuiService}
03-04 11:27:05.035   848   848 D Zygote  : Forked child process 9765
03-04 11:27:05.039  2270  2327 I am_proc_start: [0,9765,10148,com.sonyericsson.android.omacp,broadcast,{com.sonyericsson.android.omacp/com.sonyericsson.android.omacp.ProvisioningBootReceiver}]
03-04 11:27:05.039  2270  2327 I ActivityManager: Start proc 9765:com.sonyericsson.android.omacp/u0a148 for broadcast {com.sonyericsson.android.omacp/com.sonyericsson.android.omacp.ProvisioningBootReceiver}
03-04 11:27:05.042  6067  6143 E Finsky  : [432] gat.a(51): Unexpected android-id = 0
03-04 11:27:05.048  2270  2296 I ActivityManager: Killing 7567:com.google.android.calendar/u0a206 (adj 955): empty #31
03-04 11:27:05.049  2270  2296 I am_kill : [0,7567,com.google.android.calendar,955,empty #31]
03-04 11:27:05.051  2270  2296 D CompatibilityInfo: mCompatibilityFlags - 0
03-04 11:27:05.051  2270  2296 D CompatibilityInfo: applicationDensity - 300
03-04 11:27:05.051  2270  2296 D CompatibilityInfo: applicationScale - 1.0
03-04 11:27:05.063  6067  6143 E Finsky  : [432] jee.s(16): Unable to fetch checkin consistency token: empty token
03-04 11:27:05.064  6067  6143 E Finsky  : [432] gat.a(51): Unexpected android-id = 0
03-04 11:27:05.064  6067  6143 E Finsky  : [432] hvb.aj(4): [DC] Android id should not be null
03-04 11:27:05.065  1721  1807 I adbd    : jdwp connection from 9765
03-04 11:27:05.068   847  9784 D resolv  : GetAddrInfoHandler::run: {100 262244 100 983140 10166 0}
03-04 11:27:05.068   847  9784 D resolv  : resolv_getaddrinfo: explore_fqdn(): ai_family=0 ai_socktype=1 ai_protocol=6
03-04 11:27:05.070  9765  9765 D ProcessState: Binder ioctl to enable oneway spam detection failed: Invalid argument
03-04 11:27:05.071   847  9786 D resolv  : doQuery: (1, 28)
03-04 11:27:05.071   847  9786 D resolv  : res_nmkquery: (QUERY, IN, AAAA)
03-04 11:27:05.071   847  9786 D resolv  : res_nsend
03-04 11:27:05.071   847  9786 I resolv  : resolv_cache_lookup: lookup
03-04 11:27:05.071   847  9786 I resolv  : resolv_cache_lookup: FOUND IN CACHE entry=0xb400006e01ad0570
03-04 11:27:05.071   847  9786 D resolv  : doQuery: rcode=0, ancount=1
03-04 11:27:05.071   847  9787 D resolv  : doQuery: (1, 1)
03-04 11:27:05.071   847  9787 D resolv  : res_nmkquery: (QUERY, IN, A)
03-04 11:27:05.071   847  9787 D resolv  : res_nsend
03-04 11:27:05.071   847  9787 I resolv  : resolv_cache_lookup: lookup
03-04 11:27:05.071   847  9787 I resolv  : resolv_cache_lookup: FOUND IN CACHE entry=0xb400006e01ad46b0
03-04 11:27:05.071   847  9787 D resolv  : doQuery: rcode=0, ancount=6
03-04 11:27:05.078     0     0 I binder  : 9765:9765 ioctl 40046210 7ff7940a44 returned -22
03-04 11:27:05.075  2270  2372 I am_proc_bound: [0,9765,com.sonyericsson.android.omacp]
03-04 11:27:05.078  2270  2372 D CompatibilityChangeReporter: Compat change id reported: 168419799; UID 10148; state: DISABLED
03-04 11:27:05.078  2270  2372 D CompatibilityInfo: mCompatibilityFlags - 0
03-04 11:27:05.078  2270  2372 D CompatibilityInfo: applicationDensity - 300
03-04 11:27:05.078  2270  2372 D CompatibilityInfo: applicationScale - 1.0
03-04 11:27:05.079  2270  2334 I libprocessgroup: Successfully killed process cgroup uid 10206 pid 7567 in 29ms
03-04 11:27:05.084  2270  2372 I am_uid_active: 10148
03-04 11:27:05.085  2270  2372 D CompatibilityInfo: mCompatibilityFlags - 0
03-04 11:27:05.086  2270  2372 D CompatibilityInfo: applicationDensity - 300
03-04 11:27:05.086  2270  2372 D CompatibilityInfo: applicationScale - 1.0
03-04 11:27:05.086  2270  2918 D ConnectivityService: ConnectivityService NetworkRequestInfo binderDied(uid/pid:10206/7567, android.os.BinderProxy@ca8667)
03-04 11:27:05.086  2270  2437 D ConnectivityService: releasing NetworkRequest [ REQUEST id=103, [ Capabilities: INTERNET&NOT_RESTRICTED&TRUSTED&NOT_VCN_MANAGED Uid: 10206 RequestorUid: 10206 RequestorPkg: com.google.android.calendar] ] (release request)
03-04 11:27:05.087   848   848 I Zygote  : Process 7567 exited due to signal 9 (Killed)
03-04 11:27:05.087  2270  2296 I am_proc_died: [0,7567,com.google.android.calendar,955,19]
03-04 11:27:05.088  3194  3194 D TelephonyNetworkFactory[0]: onReleaseNetworkFor NetworkRequest [ REQUEST id=103, [ Capabilities: INTERNET&NOT_RESTRICTED&TRUSTED&NOT_VCN_MANAGED Uid: 10206 RequestorUid: 10206 RequestorPkg: com.google.android.calendar] ] applied true
03-04 11:27:05.089  3194  3194 D DC-C-1  : reevaluate data connection properties
03-04 11:27:05.089  9765  9765 D CompatibilityChangeReporter: Compat change id reported: 171979766; UID 10148; state: ENABLED
03-04 11:27:05.092  2270  2296 I am_uid_stopped: 10206
03-04 11:27:05.095  2270  2429 D CompatibilityChangeReporter: Compat change id reported: 171306433; UID 10206; state: ENABLED
03-04 11:27:05.120  9765  9765 D nativeloader: classloader namespace configured for unbundled product apk. library_path=/product/priv-app/OMAClientProvisioning/lib/arm64:/product/lib64:/system/product/lib64
03-04 11:27:05.123  3139  3139 D TransmitPower: AccSensorObserverMOTION_DETECTION:onMotionStateChanged() : isStable = false
03-04 11:27:05.124  3139  3139 D TransmitPower: AccSensorObserverBHH_DETECTION:onBHHDetected() : isDetected = false
03-04 11:27:05.124  3139  3139 D TransmitPower: AccSensorObserverBHH_DIRECTION:onBHHStateChanged() : isRightSide = false
03-04 11:27:05.134  9765  9765 I Perf    : Connecting to perf service.
03-04 11:27:05.146  9765  9765 V GraphicsEnvironment: ANGLE Developer option for 'com.sonyericsson.android.omacp' set to: 'default'
03-04 11:27:05.146  9765  9765 V GraphicsEnvironment: Neither updatable production driver nor prerelease driver is supported.
03-04 11:27:05.150  9765  9765 D NetworkSecurityConfig: No Network Security Config specified, using platform default
03-04 11:27:05.150  9765  9765 D NetworkSecurityConfig: No Network Security Config specified, using platform default
03-04 11:27:05.155  9765  9765 D OMA_CP  : [com.sonyericsson.android.omacp.ProvisioningBootReceiver] Boot completed event received - start Client Provisioning Service.
03-04 11:27:05.159  2270  9279 I ActivityManager: Background started FGS: Allowed [callingPackage: com.sonyericsson.android.omacp; callingUid: 10148; uidState: RCVR; intent: Intent { cmp=com.sonyericsson.android.omacp/.ProvisioningService (has extras) }; code:BOOT_COMPLETED; tempAllowListReason:<broadcast:1000:android.intent.action.BOOT_COMPLETED,reason:,reasonCode:BOOT_COMPLETED,duration:20000,callingUid:1000>; targetSdkVersion:31; callerTargetSdkVersion:31; startForegroundCount:0; bindFromPackage:null]
03-04 11:27:05.164  2270  9279 D CompatibilityInfo: mCompatibilityFlags - 0
03-04 11:27:05.165  2270  9279 D CompatibilityInfo: applicationDensity - 300
03-04 11:27:05.165  2270  9279 D CompatibilityInfo: applicationScale - 1.0
03-04 11:27:05.170  9765  9765 D OMA_CP  : [com.sonyericsson.android.omacp.settings.CpSettings] Instance is null, creating new ICpSettings.
03-04 11:27:05.177  2270  2918 D CompatibilityInfo: mCompatibilityFlags - 0
03-04 11:27:05.177  2270  2918 D CompatibilityInfo: applicationDensity - 300
03-04 11:27:05.177  2270  2918 D CompatibilityInfo: applicationScale - 1.0
03-04 11:27:05.189  9765  9765 D OMA_CP  : [com.sonyericsson.android.omacp.ProvisioningService] #######################################################
03-04 11:27:05.189  9765  9765 D OMA_CP  : [com.sonyericsson.android.omacp.ProvisioningService] Deserialized provisioning queue
03-04 11:27:05.189  9765  9765 D OMA_CP  : [com.sonyericsson.android.omacp.ProvisioningService] #######################################################
03-04 11:27:05.189  9765  9765 D OMA_CP  : [com.sonyericsson.android.omacp.ProvisioningService] No elements in queue.
03-04 11:27:05.189  9765  9765 D OMA_CP  : [com.sonyericsson.android.omacp.ProvisioningService] #######################################################
03-04 11:27:05.190  9765  9765 D OMA_CP  : [com.sonyericsson.android.omacp.ProvisioningService] onStart() startId 1
03-04 11:27:05.191  3074  3074 I CrashMonitor: CrashMonitorServiceBroadcastReceiver: Forwarding intent: android.intent.action.BOOT_COMPLETED
03-04 11:27:05.192  9765  9765 D CompatibilityChangeReporter: Compat change id reported: 160794467; UID 10148; state: ENABLED
03-04 11:27:05.200  2270  2296 W ActivityManager: Foreground service started from background can not have location/camera/microphone access: service com.sonyericsson.android.omacp/.ProvisioningService
03-04 11:27:05.202  3074  5969 I CrashMonitor: CrashMonitorService: action: android.intent.action.BOOT_COMPLETED
03-04 11:27:05.204  3139  3139 D TransmitPower: AccSensorObserverMOTION_DETECTION:onMotionStateChanged() : isStable = false
03-04 11:27:05.204  3139  3139 D TransmitPower: AccSensorObserverBHH_DETECTION:onBHHDetected() : isDetected = false
03-04 11:27:05.204  3139  3139 D TransmitPower: AccSensorObserverBHH_DIRECTION:onBHHStateChanged() : isRightSide = false
03-04 11:27:05.206  9765  9765 D OMA_CP  : [com.sonyericsson.android.omacp.ProvisioningService] mEventPoster.postEvent() event: EVENT_START
03-04 11:27:05.206  9765  9793 D OMA_CP  : [com.sonyericsson.android.omacp.ProvisioningService] handleEvent() event:[EVENT_START] in state:[STATE_IDLE]
03-04 11:27:05.206  9765  9793 D OMA_CP  : [com.sonyericsson.android.omacp.ProvisioningService] mEventPoster.postEvent() event: EVENT_STOP_SERVICE
03-04 11:27:05.206  9765  9793 D OMA_CP  : [com.sonyericsson.android.omacp.ProvisioningService] handleEvent() event:[EVENT_STOP_SERVICE] in state:[STATE_IDLE]
03-04 11:27:05.207  9765  9793 D OMA_CP  : [com.sonyericsson.android.omacp.ProvisioningService] StopService(), startId: 1
03-04 11:27:05.213  2270  9279 D CompatibilityInfo: mCompatibilityFlags - 0
03-04 11:27:05.213  2270  9279 D CompatibilityInfo: applicationDensity - 300
03-04 11:27:05.213  2270  9279 D CompatibilityInfo: applicationScale - 1.0
03-04 11:27:05.219  2270  2918 W ActivityManager: Receiver with filter android.content.IntentFilter@99cccae already registered for pid 3074, callerPackage is com.sonyericsson.crashmonitor
03-04 11:27:05.224  9765  9793 D OMA_CP  : [com.sonyericsson.android.omacp.ProvisioningService] Provisioning service is stopped: true
03-04 11:27:05.227  3074  5969 I CrashMonitor: DefaultLogHolder: RuntimeCounter :108
03-04 11:27:05.227  3074  5969 I CrashMonitor: DefaultLogHolder: Before runtimeSinceFlash :147542051
03-04 11:27:05.227  3074  5969 I CrashMonitor: DefaultLogHolder: Before runtimeSinceCrash :5808813
03-04 11:27:05.227  3074  5969 I CrashMonitor: DefaultLogHolder: RuntimeSincePower :91
03-04 11:27:05.227  3074  5969 I CrashMonitor: DefaultLogHolder: Before lastStatusUpdate :54066
03-04 11:27:05.227  3074  5969 I CrashMonitor: DefaultLogHolder: currentTime :91006
03-04 11:27:05.227  3074  5969 I CrashMonitor: DefaultLogHolder: Time difference since last update = 36
03-04 11:27:05.228  3074  5969 I CrashMonitor: DefaultLogHolder: timeDiffMs :36940
03-04 11:27:05.228  3074  5969 I CrashMonitor: DefaultLogHolder: After runtimeSinceFlash :147578991
03-04 11:27:05.228  3074  5969 I CrashMonitor: DefaultLogHolder: After runtimeUntilLastUpdate :91006
03-04 11:27:05.228  3074  5969 E idd-api : Idd: getConfiguration: pkg: com.sonyericsson.crashmonitor name: CrashMonitorConfig
03-04 11:27:05.228  2270  2270 I notification_enqueue: [10148,9765,com.sonyericsson.android.omacp,12506660,NULL,0,Notification(channel=oma_cp_01 shortcut=null contentView=null vibrate=null sound=null defaults=0x0 flags=0x40 color=0x00000000 vis=PRIVATE),0]
03-04 11:27:05.230  3074  5969 I android_os_HwBinder: HwBinder: Starting thread pool for getting: vendor.semc.system.idd@1.0::IIdd/default
03-04 11:27:05.231  2270  2270 I sysui_multi_action: [757,128,758,5,759,8,793,11,794,0,795,11,796,12506660,806,com.sonyericsson.android.omacp,857,oma_cp_01,858,3,947,0,1500,11]
03-04 11:27:05.232  2270  2270 I notification_canceled: [0|com.sonyericsson.android.omacp|12506660|null|10148,8,11,11,0,-1,-1,NULL]
03-04 11:27:05.233  3074  5969 E idd-api : Idd: getConfiguration: handle: null
03-04 11:27:05.234  3074  5969 E idd-api : Idd: Exception com.sonyericsson.crashmonitor.CrashMonitorConfig : java.lang.NullPointerException: Attempt to invoke virtual method 'java.io.FileDescriptor android.os.NativeHandle.getFileDescriptor()' on a null object reference
03-04 11:27:05.240  2270  9279 D CompatibilityChangeReporter: Compat change id reported: 168419799; UID 10219; state: DISABLED
03-04 11:27:05.240  2270  9279 D CompatibilityInfo: mCompatibilityFlags - 0
03-04 11:27:05.240  2270  9279 D CompatibilityInfo: applicationDensity - 300
03-04 11:27:05.241  2270  9279 D CompatibilityInfo: applicationScale - 1.0
03-04 11:27:05.251  4645  4816 I android_os_HwBinder: HwBinder: Starting thread pool for getting: vendor.semc.system.idd@1.0::IIdd/default
03-04 11:27:05.253   847  9796 D resolv  : GetAddrInfoHandler::run: {100 262244 100 983140 10166 0}
03-04 11:27:05.253   847  9796 D resolv  : resolv_getaddrinfo: explore_fqdn(): ai_family=0 ai_socktype=1 ai_protocol=6
03-04 11:27:05.255   847  9797 D resolv  : doQuery: (1, 28)
03-04 11:27:05.255   847  9797 D resolv  : res_nmkquery: (QUERY, IN, AAAA)
03-04 11:27:05.255   847  9798 D resolv  : doQuery: (1, 1)
03-04 11:27:05.255   847  9797 D resolv  : res_nsend
03-04 11:27:05.255   847  9798 D resolv  : res_nmkquery: (QUERY, IN, A)
03-04 11:27:05.255   847  9797 I resolv  : resolv_cache_lookup: lookup
03-04 11:27:05.255   847  9798 D resolv  : res_nsend
03-04 11:27:05.255   847  9797 I resolv  : resolv_cache_lookup: FOUND IN CACHE entry=0xb400006e01acf490
03-04 11:27:05.255   847  9798 I resolv  : resolv_cache_lookup: lookup
03-04 11:27:05.255   847  9798 I resolv  : resolv_cache_lookup: FOUND IN CACHE entry=0xb400006df1ac4010
03-04 11:27:05.255   847  9797 D resolv  : doQuery: rcode=0, ancount=0
03-04 11:27:05.255   847  9798 D resolv  : doQuery: rcode=0, ancount=1
03-04 11:27:05.288  4645  4816 I android_os_HwBinder: HwBinder: Starting thread pool for getting: vendor.semc.system.idd@1.0::IIdd/default
03-04 11:27:05.294  4645  4816 I android_os_HwBinder: HwBinder: Starting thread pool for getting: vendor.semc.system.idd@1.0::IIdd/default
03-04 11:27:05.297  4645  4816 I android_os_HwBinder: HwBinder: Starting thread pool for getting: vendor.semc.system.idd@1.0::IIdd/default
03-04 11:27:05.301  4645  4816 I android_os_HwBinder: HwBinder: Starting thread pool for getting: vendor.semc.system.idd@1.0::IIdd/default
03-04 11:27:05.301  2270  2918 D CompatibilityInfo: mCompatibilityFlags - 0
03-04 11:27:05.301  2270  2918 D CompatibilityInfo: applicationDensity - 300
03-04 11:27:05.301  2270  2918 D CompatibilityInfo: applicationScale - 1.0
03-04 11:27:05.304  4645  4816 I android_os_HwBinder: HwBinder: Starting thread pool for getting: vendor.semc.system.idd@1.0::IIdd/default
03-04 11:27:05.305  2270  2918 I am_uid_running: 10292
03-04 11:27:05.307  2270  2918 D CompatibilityChangeReporter: Compat change id reported: 135634846; UID 10292; state: DISABLED
03-04 11:27:05.307  4645  4816 I android_os_HwBinder: HwBinder: Starting thread pool for getting: vendor.semc.system.idd@1.0::IIdd/default
03-04 11:27:05.308  2270  2918 D CompatibilityChangeReporter: Compat change id reported: 177438394; UID 10292; state: DISABLED
03-04 11:27:05.308  2270  2918 D CompatibilityChangeReporter: Compat change id reported: 135772972; UID 10292; state: DISABLED
03-04 11:27:05.308  2270  2918 D CompatibilityChangeReporter: Compat change id reported: 135754954; UID 10292; state: ENABLED
03-04 11:27:05.310  2270  2327 D CompatibilityChangeReporter: Compat change id reported: 143937733; UID 10292; state: ENABLED
03-04 11:27:05.310  2270  2918 I ActivityManager: Killing 3532:com.google.android.cellbroadcastreceiver/u0a295 (adj 999): empty #31
03-04 11:27:05.310  4645  4816 I android_os_HwBinder: HwBinder: Starting thread pool for getting: vendor.semc.system.idd@1.0::IIdd/default
03-04 11:27:05.310  2270  2918 I am_kill : [0,3532,com.google.android.cellbroadcastreceiver,999,empty #31]
03-04 11:27:05.314  4645  4816 I android_os_HwBinder: HwBinder: Starting thread pool for getting: vendor.semc.system.idd@1.0::IIdd/default
03-04 11:27:05.317  4744  4744 E ActivityThread: Failed to find provider info for jp.co.nttdocomo.carriermail.externalapplinkprovider
03-04 11:27:05.317  4645  4816 I android_os_HwBinder: HwBinder: Starting thread pool for getting: vendor.semc.system.idd@1.0::IIdd/default
03-04 11:27:05.319  4645  4816 W DeviceMonitor: BuildProbe: No panel id path found
03-04 11:27:05.320  3139  3139 D TransmitPower: AccSensorObserverMOTION_DETECTION:onMotionStateChanged() : isStable = false
03-04 11:27:05.320  3139  3139 D TransmitPower: AccSensorObserverBHH_DETECTION:onBHHDetected() : isDetected = false
03-04 11:27:05.320  3139  3139 D TransmitPower: AccSensorObserverBHH_DIRECTION:onBHHStateChanged() : isRightSide = false
03-04 11:27:05.322  4645  4816 I android_os_HwBinder: HwBinder: Starting thread pool for getting: vendor.semc.system.idd@1.0::IIdd/default
03-04 11:27:05.324  2270  2334 I libprocessgroup: Successfully killed process cgroup uid 10295 pid 3532 in 12ms
03-04 11:27:05.326  4645  4816 I android_os_HwBinder: HwBinder: Starting thread pool for getting: vendor.semc.system.idd@1.0::IIdd/default
03-04 11:27:05.329  3257  3257 D CompatibilityChangeReporter: Compat change id reported: 150939131; UID 10253; state: ENABLED
03-04 11:27:05.331   848   848 D Zygote  : Forked child process 9801
03-04 11:27:05.333  2270  2327 I am_proc_start: [0,9801,10292,com.sonyericsson.idd.agent,broadcast,{com.sonyericsson.idd.agent/com.sonyericsson.idd.agent.IDDBroadcastReceiver}]
03-04 11:27:05.333  2270  2327 I ActivityManager: Start proc 9801:com.sonyericsson.idd.agent/u0a292 for broadcast {com.sonyericsson.idd.agent/com.sonyericsson.idd.agent.IDDBroadcastReceiver}
03-04 11:27:05.335   848   848 I Zygote  : Process 3532 exited due to signal 9 (Killed)
03-04 11:27:05.335  2270  9279 I am_proc_died: [0,3532,com.google.android.cellbroadcastreceiver,999,19]
03-04 11:27:05.336  4744  4744 W DocomoSettingsUtil: BadgeRegisterService #registerDcmMailObserver() Register Failure. e = java.lang.SecurityException: Failed to find provider jp.co.nttdocomo.carriermail.externalapplinkprovider for user 0; expected to find a valid ContentProvider for this authority
03-04 11:27:05.336  4645  4816 I android_os_HwBinder: HwBinder: Starting thread pool for getting: vendor.semc.system.idd@1.0::IIdd/default
03-04 11:27:05.338  2270  9279 I am_uid_stopped: 10295
03-04 11:27:05.339  4645  4816 W DeviceMonitor: SysfsReader.readString: IOException: /sys/bus/platform/devices/1d84000.ufshc/device_descriptor/manufacturer_id
03-04 11:27:05.340  4645  4816 W DeviceMonitor: SysfsReader.readStringsList: IOException: /sys/kernel/debug/1d84000.ufshc/dump_device_desc
03-04 11:27:05.340  4645  4816 W DeviceMonitor: UfsInfoProbe: No UFS Manufacturer/Vendor info
03-04 11:27:05.343  2270  9279 I am_uid_active: 10292
03-04 11:27:05.346  4645  4816 I android_os_HwBinder: HwBinder: Starting thread pool for getting: vendor.semc.system.idd@1.0::IIdd/default
03-04 11:27:05.354  1721  1807 I adbd    : jdwp connection from 9801
03-04 11:27:05.356  9801  9801 D ProcessState: Binder ioctl to enable oneway spam detection failed: Invalid argument
03-04 11:27:05.364     0     0 I binder  : 9801:9801 ioctl 40046210 7ff7940a44 returned -22
03-04 11:27:05.361  2270  9279 I am_proc_bound: [0,9801,com.sonyericsson.idd.agent]
03-04 11:27:05.363  2270  9279 D CompatibilityChangeReporter: Compat change id reported: 168419799; UID 10292; state: DISABLED
03-04 11:27:05.363  2270  9279 D CompatibilityInfo: mCompatibilityFlags - 0
03-04 11:27:05.363  2270  9279 D CompatibilityInfo: applicationDensity - 300
03-04 11:27:05.363  2270  9279 D CompatibilityInfo: applicationScale - 1.0
03-04 11:27:05.368  2270  9279 D CompatibilityInfo: mCompatibilityFlags - 0
03-04 11:27:05.369  2270  9279 D CompatibilityInfo: applicationDensity - 300
03-04 11:27:05.369  2270  9279 D CompatibilityInfo: applicationScale - 1.0
03-04 11:27:05.373  9801  9801 D CompatibilityChangeReporter: Compat change id reported: 171979766; UID 10292; state: ENABLED
03-04 11:27:05.403   663  8417 I keystore2: keystore2::watchdog: Watchdog thread idle -> terminating. Have a great day.
03-04 11:27:05.427  2270  2270 I notification_enqueue: [10225,8219,com.google.android.setupwizard,9,NULL,0,Notification(channel=suw_consolidate_foreground_notification shortcut=null contentView=null vibrate=null sound=null defaults=0x0 flags=0x860 color=0xff1a73e8 vis=PRIVATE),0]
03-04 11:27:05.430  2270  2270 I NotificationService: Cannot find enqueued record for key: 0|com.sonyericsson.android.omacp|12506660|null|10148
03-04 11:27:05.439  3139  3139 D TransmitPower: AccSensorObserverMOTION_DETECTION:onMotionStateChanged() : isStable = false
03-04 11:27:05.439  3139  3139 D TransmitPower: AccSensorObserverBHH_DETECTION:onBHHDetected() : isDetected = false
03-04 11:27:05.439  3139  3139 D TransmitPower: AccSensorObserverBHH_DIRECTION:onBHHStateChanged() : isRightSide = false
03-04 11:27:05.473  9801  9801 I Perf    : Connecting to perf service.
03-04 11:27:05.487  9801  9801 V GraphicsEnvironment: ANGLE Developer option for 'com.sonyericsson.idd.agent' set to: 'default'
03-04 11:27:05.488  9801  9801 V GraphicsEnvironment: Neither updatable production driver nor prerelease driver is supported.
03-04 11:27:05.492  9801  9801 D NetworkSecurityConfig: Using Network Security Config from resource network_security_config debugBuild: false
03-04 11:27:05.494  9801  9801 D NetworkSecurityConfig: Using Network Security Config from resource network_security_config debugBuild: false
03-04 11:27:05.512  9801  9801 D hw-ProcessState: Binder ioctl to enable oneway spam detection failed: Invalid argument
03-04 11:27:05.520     0     0 I binder  : 9801:9801 ioctl 40046210 7ff793f534 returned -22
03-04 11:27:05.516  9801  9801 I csson.idd.agen: MiscTaWrapper: miscta_get_unit_size:Link to death notification successful!
03-04 11:27:05.517  3139  3139 D TransmitPower: AccSensorObserverMOTION_DETECTION:onMotionStateChanged() : isStable = false
03-04 11:27:05.517  3139  3139 D TransmitPower: AccSensorObserverBHH_DETECTION:onBHHDetected() : isDetected = false
03-04 11:27:05.517  3139  3139 D TransmitPower: AccSensorObserverBHH_DIRECTION:onBHHStateChanged() : isRightSide = false
03-04 11:27:05.539  2270  9279 D CompatibilityInfo: mCompatibilityFlags - 0
03-04 11:27:05.540  2270  9279 D CompatibilityInfo: applicationDensity - 300
03-04 11:27:05.540  2270  9279 D CompatibilityInfo: applicationScale - 1.0
03-04 11:27:05.547  2270  9279 I am_uid_running: 10234
03-04 11:27:05.549  2270  9279 D CompatibilityChangeReporter: Compat change id reported: 135634846; UID 10234; state: DISABLED
03-04 11:27:05.550  2270  9279 D CompatibilityChangeReporter: Compat change id reported: 177438394; UID 10234; state: DISABLED
03-04 11:27:05.550  2270  9279 D CompatibilityChangeReporter: Compat change id reported: 135772972; UID 10234; state: DISABLED
03-04 11:27:05.550  2270  9279 D CompatibilityChangeReporter: Compat change id reported: 135754954; UID 10234; state: ENABLED
03-04 11:27:05.551  2270  2327 D CompatibilityChangeReporter: Compat change id reported: 143937733; UID 10234; state: ENABLED
03-04 11:27:05.578   848   848 D Zygote  : Forked child process 9834
03-04 11:27:05.581  2270  2327 I am_proc_start: [0,9834,10234,com.sonyericsson.lockscreen.uxpnxt,broadcast,{com.sonyericsson.lockscreen.uxpnxt/com.sonymobile.lockscreen.clock.KeyguardBootReceiver}]
03-04 11:27:05.581  2270  2327 I ActivityManager: Start proc 9834:com.sonyericsson.lockscreen.uxpnxt/u0a234 for broadcast {com.sonyericsson.lockscreen.uxpnxt/com.sonymobile.lockscreen.clock.KeyguardBootReceiver}
03-04 11:27:05.581  9801  9833 I android_os_HwBinder: HwBinder: Starting thread pool for getting: vendor.semc.system.idd@1.0::IIdd/default
03-04 11:27:05.594  9801  9833 I android_os_HwBinder: HwBinder: Starting thread pool for getting: vendor.semc.system.idd@1.0::IIdd/default
03-04 11:27:05.600  2270  9279 I am_uid_running: 10188
03-04 11:27:05.602  2270  9279 D CompatibilityChangeReporter: Compat change id reported: 135634846; UID 10188; state: DISABLED
03-04 11:27:05.602  2270  9279 D CompatibilityChangeReporter: Compat change id reported: 177438394; UID 10188; state: DISABLED
03-04 11:27:05.602  2270  9279 D CompatibilityChangeReporter: Compat change id reported: 135772972; UID 10188; state: DISABLED
03-04 11:27:05.603  2270  9279 D CompatibilityChangeReporter: Compat change id reported: 135754954; UID 10188; state: ENABLED
03-04 11:27:05.604  2270  2327 D CompatibilityChangeReporter: Compat change id reported: 143937733; UID 10188; state: ENABLED
03-04 11:27:05.609  8126  9411 D CompatibilityChangeReporter: Compat change id reported: 150939131; UID 10142; state: ENABLED
03-04 11:27:05.618  1721  1807 I adbd    : jdwp connection from 9834
03-04 11:27:05.620   848   848 D Zygote  : Forked child process 9854
03-04 11:27:05.622  9834  9834 D ProcessState: Binder ioctl to enable oneway spam detection failed: Invalid argument
03-04 11:27:05.624  2270  2327 I am_proc_start: [0,9854,10188,com.sonymobile.xperiaservices,content provider,{com.sonymobile.xperiaservices/com.sonymobile.xperiaservices.clientif.XperiaServicesProvider}]
03-04 11:27:05.624  2270  2327 I ActivityManager: Start proc 9854:com.sonymobile.xperiaservices/u0a188 for content provider {com.sonymobile.xperiaservices/com.sonymobile.xperiaservices.clientif.XperiaServicesProvider}
03-04 11:27:05.630     0     0 I binder  : 9834:9834 ioctl 40046210 7ff7940a44 returned -22
03-04 11:27:05.631  2270  9279 I am_proc_bound: [0,9834,com.sonyericsson.lockscreen.uxpnxt]
03-04 11:27:05.634  2270  2270 I sysui_multi_action: [757,1501,758,1,793,211,794,0,795,211,796,9,806,com.google.android.setupwizard,857,suw_consolidate_foreground_-e437bac7,858,3,947,0,1500,0,1688,1]
03-04 11:27:05.634  2270  2270 I sysui_multi_action: [757,804,799,note_interruptive,801,0,802,1]
03-04 11:27:05.636  2270  9279 D CompatibilityChangeReporter: Compat change id reported: 168419799; UID 10234; state: DISABLED
03-04 11:27:05.636  3139  3139 D TransmitPower: AccSensorObserverMOTION_DETECTION:onMotionStateChanged() : isStable = false
03-04 11:27:05.636  3139  3139 D TransmitPower: AccSensorObserverBHH_DETECTION:onBHHDetected() : isDetected = false
03-04 11:27:05.636  2270  9279 D CompatibilityInfo: mCompatibilityFlags - 0
03-04 11:27:05.636  3139  3139 D TransmitPower: AccSensorObserverBHH_DIRECTION:onBHHStateChanged() : isRightSide = false
03-04 11:27:05.636  2270  9279 D CompatibilityInfo: applicationDensity - 300
03-04 11:27:05.636  2270  9279 D CompatibilityInfo: applicationScale - 1.0
03-04 11:27:05.641  2270  9279 I am_uid_active: 10234
03-04 11:27:05.643  2270  9279 D CompatibilityInfo: mCompatibilityFlags - 0
03-04 11:27:05.643  2270  9279 D CompatibilityInfo: applicationDensity - 300
03-04 11:27:05.643  2270  9279 D CompatibilityInfo: applicationScale - 1.0
03-04 11:27:05.645  1721  1807 I adbd    : jdwp connection from 9854
03-04 11:27:05.649  9854  9854 D ProcessState: Binder ioctl to enable oneway spam detection failed: Invalid argument
03-04 11:27:05.650  2270  2270 W NotificationHistory: Attempted to add notif for locked/gone/disabled user 0
03-04 11:27:05.651  9834  9834 D CompatibilityChangeReporter: Compat change id reported: 171979766; UID 10234; state: ENABLED
03-04 11:27:05.657     0     0 I binder  : 9854:9854 ioctl 40046210 7ff7940a44 returned -22
03-04 11:27:05.655  2270  2918 I am_proc_bound: [0,9854,com.sonymobile.xperiaservices]
03-04 11:27:05.655  2881  3368 D QtiRadiohidlIndication: onSignalStrengthChange: slotId = 0
03-04 11:27:05.655  2881  3368 D QtiRadioProxy: onSignalStrength slotId = 0 signalStrength = SignalStrength: Rsrp: -32768 Snr: -32768
03-04 11:27:05.655  3194  3194 D SST     : [0] handleMessage: received event 12
03-04 11:27:05.656  2881  3490 D QtiRadioProxyHandler: : handleMessage msg.what = 11
03-04 11:27:05.656  2881  3490 D QtiRadioProxyHandler: : EVENT_ON_SIGNAL_STRENGTH
03-04 11:27:05.656  2881  3490 D QtiRadioProxy: onSignalStrength: Responding back for transaction = null
03-04 11:27:05.656  3194  3705 D ExtPhoneCallbackBase: UNIMPLEMENTED: onSignalStrength: slotId = 0 token = Token: -1 statusStatus: 1 signalStrength = SignalStrength: Rsrp: -32768 Snr: -32768
03-04 11:27:05.658  2881  3490 D QtiRadioProxy: onSignalStrength: Responding back for transaction = null
03-04 11:27:05.659  3194  3705 D ExtPhoneCallbackBase: UNIMPLEMENTED: onSignalStrength: slotId = 0 token = Token: -1 statusStatus: 1 signalStrength = SignalStrength: Rsrp: -32768 Snr: -32768
03-04 11:27:05.660  2881  3490 D QtiRadioProxy: onSignalStrength: Responding back for transaction = null
03-04 11:27:05.661  3194  3705 D ExtPhoneCallbackBase: UNIMPLEMENTED: onSignalStrength: slotId = 0 token = Token: -1 statusStatus: 1 signalStrength = SignalStrength: Rsrp: -32768 Snr: -32768
03-04 11:27:05.664  2881  3490 D QtiRadioProxy: onSignalStrength: Responding back for transaction = null
03-04 11:27:05.665  2543  2764 D ExtPhoneCallbackBase: UNIMPLEMENTED: onSignalStrength: slotId = 0 token = Token: -1 statusStatus: 1 signalStrength = SignalStrength: Rsrp: -32768 Snr: -32768
03-04 11:27:05.665  2270  2918 D CompatibilityChangeReporter: Compat change id reported: 168419799; UID 10188; state: DISABLED
03-04 11:27:05.666  2270  2918 D CompatibilityInfo: mCompatibilityFlags - 0
03-04 11:27:05.666  2270  2918 D CompatibilityInfo: applicationDensity - 300
03-04 11:27:05.666  2270  2918 D CompatibilityInfo: applicationScale - 1.0
03-04 11:27:05.667  9834  9834 D ApplicationLoaders: Returning zygote-cached class loader: /system/framework/android.test.base.jar
03-04 11:27:05.683  2543  2543 D InterruptionStateProvider: No bubble up: not allowed to bubble: 0|com.google.android.setupwizard|9|null|10225
03-04 11:27:05.684  9854  9854 D CompatibilityChangeReporter: Compat change id reported: 171979766; UID 10188; state: ENABLED
03-04 11:27:05.684  2543  2543 D InterruptionStateProvider: No heads up: unimportant notification: 0|com.google.android.setupwizard|9|null|10225
03-04 11:27:05.684  2543  2738 D PeopleSpaceWidgetMgr: Sbn doesn't contain valid PeopleTileKey: null/0/com.google.android.setupwizard
03-04 11:27:05.700  9834  9834 D ApplicationLoaders: Returning zygote-cached class loader: /system/framework/android.test.base.jar
03-04 11:27:05.716  3139  3139 D TransmitPower: AccSensorObserverMOTION_DETECTION:onMotionStateChanged() : isStable = false
03-04 11:27:05.716  3139  3139 D TransmitPower: AccSensorObserverBHH_DETECTION:onBHHDetected() : isDetected = false
03-04 11:27:05.716  4958  5227 I Icing   : Indexing com.google.android.gms-apps from com.google.android.gms
03-04 11:27:05.716  3139  3139 D TransmitPower: AccSensorObserverBHH_DIRECTION:onBHHStateChanged() : isRightSide = false
03-04 11:27:05.724  4958  5227 I Icing   : Indexing done com.google.android.gms-apps
03-04 11:27:05.733  1133  2401 W VsyncModulator: setTransactionSchedule: Unexpected EarlyEnd
03-04 11:27:05.734  9854  9854 D nativeloader: classloader namespace configured for unbundled product apk. library_path=/product/app/SomcXperiaServices/lib/arm64:/product/lib64:/system/product/lib64
03-04 11:27:05.738  3257  3292 I OpenGLRenderer: Davey! duration=9223371945410ms; Flags=0, FrameTimelineVsyncId=2144, IntendedVsync=91443907630, Vsync=91443907630, InputEventId=0, HandleInputStart=91444648401, AnimationStart=91444654964, PerformTraversalsStart=91444657255, DrawStart=91509928922, FrameDeadline=91460574296, FrameInterval=91444596422, FrameStartTime=16666666, SyncQueued=91510277099, SyncStart=91510384130, IssueDrawCommandsStart=91510457568, SwapBuffers=91511399078, FrameCompleted=9223372036854775807, DequeueBufferDuration=14427, QueueBufferDuration=1284270, GpuCompleted=9223372036854775807, SwapBuffersCompleted=91512958714, DisplayPresentTime=0, 
03-04 11:27:05.759  9834  9834 I Perf    : Connecting to perf service.
03-04 11:27:05.759  2270  2325 I am_pss  : [8219,10225,com.google.android.setupwizard,23683072,19443712,2441216,85684224,0,4,8]
03-04 11:27:05.813  9834  9834 V GraphicsEnvironment: ANGLE Developer option for 'com.sonyericsson.lockscreen.uxpnxt' set to: 'default'
03-04 11:27:05.813  9834  9834 V GraphicsEnvironment: Neither updatable production driver nor prerelease driver is supported.
03-04 11:27:05.816  9834  9834 D NetworkSecurityConfig: No Network Security Config specified, using platform default
03-04 11:27:05.817  9834  9834 D NetworkSecurityConfig: No Network Security Config specified, using platform default
03-04 11:27:05.819  3139  3139 D TransmitPower: ProperSensorInfoNotifier:getProperSensorInfo() E : isCallActive = false, isScreenOn = true, isDataActive = true
03-04 11:27:05.819  3139  3139 D TransmitPower: ProperSensorInfoNotifier:getProperSensorInfo() X : shouldPowerOn = true, properDetectedValue = -1
03-04 11:27:05.819  3139  3139 D TransmitPower: AccSensorManager:onProperSensorInfoChanged()
03-04 11:27:05.819  3139  3139 D TransmitPower: AccSensorObserverMOTION_DETECTION:update(): detectedValue = -1
03-04 11:27:05.819  3139  3139 D TransmitPower: AccSensorObserverBHH_DETECTION:update(): detectedValue = -1
03-04 11:27:05.819  3139  3139 D TransmitPower: AccSensorObserverBHH_DIRECTION:update(): detectedValue = -1
03-04 11:27:05.819  3139  3139 D TransmitPower: TelephonyManagerObserver:onDataActivity() : subId = 2, isDataActive = true
03-04 11:27:05.819  4645  4816 I android_os_HwBinder: HwBinder: Starting thread pool for getting: vendor.semc.system.idd@1.0::IIdd/default
03-04 11:27:05.823  9854  9854 D nativeloader: classloader namespace configured for unbundled product apk. library_path=/product/app/SomcXperiaServices/lib/arm64:/product/lib64:/system/product/lib64
03-04 11:27:05.832  3139  3139 D TransmitPower: AccSensorObserverMOTION_DETECTION:onMotionStateChanged() : isStable = false
03-04 11:27:05.833  3139  3139 D TransmitPower: AccSensorObserverBHH_DETECTION:onBHHDetected() : isDetected = false
03-04 11:27:05.833  3139  3139 D TransmitPower: AccSensorObserverBHH_DIRECTION:onBHHStateChanged() : isRightSide = false
03-04 11:27:05.839  9854  9854 I Perf    : Connecting to perf service.
03-04 11:27:05.844  1133  2401 W VsyncModulator: setTransactionSchedule: Unexpected EarlyEnd
03-04 11:27:05.845  9834  9834 D LockscreenSettings: onReceive: Already Clock is set
03-04 11:27:05.848  2270  2296 I am_uid_running: 10245
03-04 11:27:05.849  2270  2296 I ActivityManager: com.sonyericsson.updatecenter is exempt from freezer
03-04 11:27:05.850  2270  2296 D CompatibilityChangeReporter: Compat change id reported: 135634846; UID 10245; state: DISABLED
03-04 11:27:05.850  9854  9854 V GraphicsEnvironment: ANGLE Developer option for 'com.sonymobile.xperiaservices' set to: 'default'
03-04 11:27:05.850  9854  9854 V GraphicsEnvironment: Neither updatable production driver nor prerelease driver is supported.
03-04 11:27:05.850  2270  2296 D CompatibilityChangeReporter: Compat change id reported: 177438394; UID 10245; state: DISABLED
03-04 11:27:05.851  2270  2296 D CompatibilityChangeReporter: Compat change id reported: 135772972; UID 10245; state: DISABLED
03-04 11:27:05.851  2270  2296 D CompatibilityChangeReporter: Compat change id reported: 135754954; UID 10245; state: ENABLED
03-04 11:27:05.852  2270  2327 D CompatibilityChangeReporter: Compat change id reported: 143937733; UID 10245; state: ENABLED
03-04 11:27:05.857  2270  2296 I ActivityManager: Killing 7660:com.google.android.configupdater/u0a165 (adj 999): empty #31
03-04 11:27:05.857  9854  9854 D NetworkSecurityConfig: Using Network Security Config from resource network_security_config debugBuild: false
03-04 11:27:05.857  2270  2296 I am_kill : [0,7660,com.google.android.configupdater,999,empty #31]
03-04 11:27:05.859  9854  9854 D NetworkSecurityConfig: Using Network Security Config from resource network_security_config debugBuild: false
03-04 11:27:05.876   848   848 D Zygote  : Forked child process 9889
03-04 11:27:05.883  2270  2327 I am_proc_start: [0,9889,10245,com.sonyericsson.updatecenter,broadcast,{com.sonyericsson.updatecenter/com.sonyericsson.updatecenter.launcher.UpdateCenterLauncher}]
03-04 11:27:05.883  2270  2327 I ActivityManager: Start proc 9889:com.sonyericsson.updatecenter/u0a245 for broadcast {com.sonyericsson.updatecenter/com.sonyericsson.updatecenter.launcher.UpdateCenterLauncher}
03-04 11:27:05.884   848   848 I Zygote  : Process 7660 exited due to signal 9 (Killed)
03-04 11:27:05.886  2270  2918 I am_proc_died: [0,7660,com.google.android.configupdater,999,19]
03-04 11:27:05.889  2270  2918 I am_uid_stopped: 10165
03-04 11:27:05.894  9854  9854 W com.facebook.UserSettingsManager: The value for AdvertiserIDCollectionEnabled is currently set to FALSE so you're sending app events without collecting Advertiser ID. This can affect the quality of your advertising and analytics results.
03-04 11:27:05.897  2270  2918 I am_uid_active: 10245
03-04 11:27:05.916     0     0 I binder  : 9889:9889 ioctl 40046210 7ff7940a44 returned -22
03-04 11:27:05.904  1721  1807 I adbd    : jdwp connection from 9889
03-04 11:27:05.905  2270  2334 I libprocessgroup: Successfully killed process cgroup uid 10165 pid 7660 in 46ms
03-04 11:27:05.908  9889  9889 D ProcessState: Binder ioctl to enable oneway spam detection failed: Invalid argument
03-04 11:27:05.912  3139  3139 D TransmitPower: AccSensorObserverMOTION_DETECTION:onMotionStateChanged() : isStable = false
03-04 11:27:05.912  3139  3139 D TransmitPower: AccSensorObserverBHH_DETECTION:onBHHDetected() : isDetected = false
03-04 11:27:05.912  3139  3139 D TransmitPower: AccSensorObserverBHH_DIRECTION:onBHHStateChanged() : isRightSide = false
03-04 11:27:05.913  2270  2918 I am_proc_bound: [0,9889,com.sonyericsson.updatecenter]
03-04 11:27:05.915  2270  2918 D CompatibilityChangeReporter: Compat change id reported: 168419799; UID 10245; state: DISABLED
03-04 11:27:05.915  2270  2918 D CompatibilityInfo: mCompatibilityFlags - 0
03-04 11:27:05.915  2270  2918 D CompatibilityInfo: applicationDensity - 300
03-04 11:27:05.915  2270  2918 D CompatibilityInfo: applicationScale - 1.0
03-04 11:27:05.918  2270  2918 D CompatibilityInfo: mCompatibilityFlags - 0
03-04 11:27:05.918  2270  2918 D CompatibilityInfo: applicationDensity - 300
03-04 11:27:05.918  2270  2918 D CompatibilityInfo: applicationScale - 1.0
03-04 11:27:05.920  9854  9897 W GraphRequest: Starting with v13 of the SDK, a client token must be embedded in your client code before making Graph API calls. Visit https://developers.facebook.com/docs/android/getting-started#client-token to learn how to implement this change.
03-04 11:27:05.926  9889  9889 D CompatibilityChangeReporter: Compat change id reported: 171979766; UID 10245; state: ENABLED
03-04 11:27:05.927  9854  9897 E com.facebook.GraphResponse: GraphRequest can't be used when Facebook SDK isn't fully initialized
03-04 11:27:05.927  9854  9908 W GraphRequest: Starting with v13 of the SDK, a client token must be embedded in your client code before making Graph API calls. Visit https://developers.facebook.com/docs/android/getting-started#client-token to learn how to implement this change.
03-04 11:27:05.928  9854  9908 E com.facebook.GraphResponse: GraphRequest can't be used when Facebook SDK isn't fully initialized
03-04 11:27:05.932  9854  9897 W GraphRequest: Starting with v13 of the SDK, a client token must be embedded in your client code before making Graph API calls. Visit https://developers.facebook.com/docs/android/getting-started#client-token to learn how to implement this change.
03-04 11:27:05.933  9854  9897 E com.facebook.GraphResponse: GraphRequest can't be used when Facebook SDK isn't fully initialized
03-04 11:27:05.976  9854  9897 W GraphRequest: Starting with v13 of the SDK, a client token must be embedded in your client code before making Graph API calls. Visit https://developers.facebook.com/docs/android/getting-started#client-token to learn how to implement this change.
03-04 11:27:05.980  9854  9897 E com.facebook.GraphResponse: GraphRequest can't be used when Facebook SDK isn't fully initialized
03-04 11:27:05.984  9854  9897 W GraphRequest: Starting with v13 of the SDK, a client token must be embedded in your client code before making Graph API calls. Visit https://developers.facebook.com/docs/android/getting-started#client-token to learn how to implement this change.
03-04 11:27:05.984  9854  9897 E com.facebook.GraphResponse: GraphRequest can't be used when Facebook SDK isn't fully initialized
03-04 11:27:05.989  9854  9897 W GraphRequest: Starting with v13 of the SDK, a client token must be embedded in your client code before making Graph API calls. Visit https://developers.facebook.com/docs/android/getting-started#client-token to learn how to implement this change.
03-04 11:27:05.990  9854  9897 E com.facebook.GraphResponse: GraphRequest can't be used when Facebook SDK isn't fully initialized
03-04 11:27:05.994  9801  9833 I android_os_HwBinder: HwBinder: Starting thread pool for getting: vendor.semc.system.idd@1.0::IIdd/default
03-04 11:27:05.997  9801  9833 I android_os_HwBinder: HwBinder: Starting thread pool for getting: vendor.semc.system.idd@1.0::IIdd/default
03-04 11:27:06.003  9153  9220 W ConnectionTracker: Exception thrown while unbinding
03-04 11:27:06.003  9153  9220 W ConnectionTracker: java.lang.IllegalArgumentException: Service not registered: com.google.android.gms.measurement.internal.u8@92819e
03-04 11:27:06.003  9153  9220 W ConnectionTracker: 	at android.app.LoadedApk.forgetServiceDispatcher(LoadedApk.java:1880)
03-04 11:27:06.003  9153  9220 W ConnectionTracker: 	at android.app.ContextImpl.unbindService(ContextImpl.java:2020)
03-04 11:27:06.003  9153  9220 W ConnectionTracker: 	at android.content.ContextWrapper.unbindService(ContextWrapper.java:846)
03-04 11:27:06.003  9153  9220 W ConnectionTracker: 	at com.google.android.gms.common.h.a.d(com.google.android.gms:play-services-basement@@17.3.0:1)
03-04 11:27:06.003  9153  9220 W ConnectionTracker: 	at com.google.android.gms.common.h.a.c(com.google.android.gms:play-services-basement@@17.3.0:6)
03-04 11:27:06.003  9153  9220 W ConnectionTracker: 	at com.google.android.gms.measurement.internal.z7.c0(com.google.android.gms:play-services-measurement-impl@@17.4.4:5)
03-04 11:27:06.003  9153  9220 W ConnectionTracker: 	at com.google.android.gms.measurement.internal.z7.h0(com.google.android.gms:play-services-measurement-impl@@17.4.4:4)
03-04 11:27:06.003  9153  9220 W ConnectionTracker: 	at com.google.android.gms.measurement.internal.z7.k0(com.google.android.gms:play-services-measurement-impl@@17.4.4:1)
03-04 11:27:06.003  9153  9220 W ConnectionTracker: 	at com.google.android.gms.measurement.internal.c8.b(com.google.android.gms:play-services-measurement-impl@@17.4.4:1)
03-04 11:27:06.003  9153  9220 W ConnectionTracker: 	at com.google.android.gms.measurement.internal.k.run(com.google.android.gms:play-services-measurement-impl@@17.4.4:5)
03-04 11:27:06.003  9153  9220 W ConnectionTracker: 	at java.util.concurrent.Executors$RunnableAdapter.call(Executors.java:462)
03-04 11:27:06.003  9153  9220 W ConnectionTracker: 	at java.util.concurrent.FutureTask.run(FutureTask.java:266)
03-04 11:27:06.003  9153  9220 W ConnectionTracker: 	at com.google.android.gms.measurement.internal.g5.run(com.google.android.gms:play-services-measurement-impl@@17.4.4:7)
03-04 11:27:06.021  9801  9833 I android_os_HwBinder: HwBinder: Starting thread pool for getting: vendor.semc.system.idd@1.0::IIdd/default
03-04 11:27:06.033  3139  3139 D TransmitPower: AccSensorObserverMOTION_DETECTION:onMotionStateChanged() : isStable = false
03-04 11:27:06.033  3139  3139 D TransmitPower: AccSensorObserverBHH_DETECTION:onBHHDetected() : isDetected = false
03-04 11:27:06.033  3139  3139 D TransmitPower: AccSensorObserverBHH_DIRECTION:onBHHStateChanged() : isRightSide = false
03-04 11:27:06.034   847  9927 D resolv  : GetAddrInfoHandler::run: {100 100 100 983140 10251 0}
03-04 11:27:06.034   847  9927 D resolv  : resolv_getaddrinfo: explore_fqdn(): ai_family=0 ai_socktype=1 ai_protocol=6
03-04 11:27:06.036   847  9928 D resolv  : doQuery: (1, 28)
03-04 11:27:06.036   847  9929 D resolv  : doQuery: (1, 1)
03-04 11:27:06.036   847  9928 D resolv  : res_nmkquery: (QUERY, IN, AAAA)
03-04 11:27:06.036   847  9929 D resolv  : res_nmkquery: (QUERY, IN, A)
03-04 11:27:06.036   847  9929 D resolv  : res_nsend
03-04 11:27:06.036   847  9928 D resolv  : res_nsend
03-04 11:27:06.036   847  9929 I resolv  : resolv_cache_lookup: lookup
03-04 11:27:06.037   847  9928 I resolv  : resolv_cache_lookup: lookup
03-04 11:27:06.037   847  9929 I resolv  : resolv_cache_lookup: FOUND IN CACHE entry=0xb400006df1ac4010
03-04 11:27:06.037   847  9928 I resolv  : resolv_cache_lookup: FOUND IN CACHE entry=0xb400006e01acf490
03-04 11:27:06.037   847  9929 D resolv  : doQuery: rcode=0, ancount=1
03-04 11:27:06.037   847  9928 D resolv  : doQuery: rcode=0, ancount=0
03-04 11:27:06.053  9854  9879 D SQLiteQueryBuilder: SELECT * FROM promoted_apps with args null
