03-04 11:27:04.153   847  9640 I resolv  : resolv_cache_lookup: lookup
03-04 11:27:04.153   847  9640 I resolv  : resolv_cache_lookup: FOUND IN CACHE entry=0xb400006df1ac6bd0
03-04 11:27:04.153   847  9641 D resolv  : ResNSendHandler::run: 0 / {100 983140 100 983140 1073 1}
03-04 11:27:04.153   847  9641 I resolv  : resolv_populate_res_for_net: netid=100
03-04 11:27:04.153   847  9641 D resolv  : res_nsend
03-04 11:27:04.153   847  9641 I resolv  : resolv_cache_lookup: lookup
03-04 11:27:04.153   847  9641 I resolv  : resolv_cache_lookup: FOUND IN CACHE entry=0xb400006e21ac44d0
03-04 11:27:04.174  9610  9610 I Perf    : Connecting to perf service.
03-04 11:27:04.181     0     0 I         : smblib_usb_ov_and_uv_detect_work start..
03-04 11:27:04.176  2756  9636 D NetworkMonitor/100: PROBE_DNS www.google.com 37ms OK 45.77.186.255,2001::68f4:2bb6
03-04 11:27:04.180   847  9643 D resolv  : GetAddrInfoHandler::run: {100 983140 100 983140 1073 1}
03-04 11:27:04.180   847  9643 D resolv  : resolv_getaddrinfo: explore_fqdn(): ai_family=0 ai_socktype=1 ai_protocol=6
03-04 11:27:04.182   847  9644 D resolv  : doQuery: (1, 28)
03-04 11:27:04.182   847  9644 D resolv  : res_nmkquery: (QUERY, IN, AAAA)
03-04 11:27:04.182   847  9645 D resolv  : doQuery: (1, 1)
03-04 11:27:04.182   847  9644 D resolv  : res_nsend
03-04 11:27:04.182   847  9644 I resolv  : resolv_cache_lookup: lookup
03-04 11:27:04.182   847  9645 D resolv  : res_nmkquery: (QUERY, IN, A)
03-04 11:27:04.182   847  9645 D resolv  : res_nsend
03-04 11:27:04.182   847  9644 I resolv  : resolv_cache_lookup: FOUND IN CACHE entry=0xb400006e21ac6990
03-04 11:27:04.182   847  9645 I resolv  : resolv_cache_lookup: lookup
03-04 11:27:04.182   847  9645 I resolv  : resolv_cache_lookup: FOUND IN CACHE entry=0xb400006e21ac44d0
03-04 11:27:04.182   847  9644 D resolv  : doQuery: rcode=0, ancount=1
03-04 11:27:04.182   847  9645 D resolv  : doQuery: rcode=0, ancount=1
03-04 11:27:04.192  9610  9610 V GraphicsEnvironment: ANGLE Developer option for 'com.qualcomm.qti.qms.service.connectionsecurity' set to: 'default'
03-04 11:27:04.192  9610  9610 V GraphicsEnvironment: Neither updatable production driver nor prerelease driver is supported.
03-04 11:27:04.197  9610  9610 D NetworkSecurityConfig: No Network Security Config specified, using platform default
03-04 11:27:04.198  9610  9610 D NetworkSecurityConfig: No Network Security Config specified, using platform default
03-04 11:27:04.206  2270  7450 I am_uid_running: 10220
03-04 11:27:04.214     0     0 I QG-K    : qg_somc_jeita_step_charge_work: [Charging] condition=3, chip->target_idx=13
03-04 11:27:04.209  2270  7450 D CompatibilityChangeReporter: Compat change id reported: 135634846; UID 10220; state: DISABLED
03-04 11:27:04.210  2270  7450 D CompatibilityChangeReporter: Compat change id reported: 177438394; UID 10220; state: DISABLED
03-04 11:27:04.211   847  9638 I resolv  : retrying_poll: 56 retrying_poll returning 1
03-04 11:27:04.211   847  9638 I resolv  : res_nsend: used send_dg 104 terrno: 0
03-04 11:27:04.211   847  9638 I resolv  : res_stats_set_sample: rcode = 0, sec = 60
03-04 11:27:04.211   847  9638 I resolv  : res_cache_add_stats_sample_locked: adding sample to stats, next = 31, count = 31
03-04 11:27:04.211   847  9638 D resolv  : res_nsend: got answer:
03-04 11:27:04.211   847  9638 I resolv  : answer_getTTL: TTL = 30
03-04 11:27:04.211   847  9638 I resolv  : _cache_add_p: entry 32 added (count=28)
03-04 11:27:04.211   847  9638 I resolv  : cache_dump_mru_locked: MRU LIST (28):  32 19 4 5 13 12 20 21 16 15 31 30 29 28 27 26 25 24 14 9 23 22 18 17 11 10 3 2
03-04 11:27:04.212  2270  7450 D CompatibilityChangeReporter: Compat change id reported: 135772972; UID 10220; state: DISABLED
03-04 11:27:04.213  2270  7450 D CompatibilityChangeReporter: Compat change id reported: 135754954; UID 10220; state: DISABLED
03-04 11:27:04.215  2270  2327 D CompatibilityChangeReporter: Compat change id reported: 143937733; UID 10220; state: DISABLED
03-04 11:27:04.215  2270  7450 I ActivityManager: Killing 6931:com.android.providers.calendar/u0a87 (adj 999): empty #31
03-04 11:27:04.215  2270  7450 I am_kill : [0,6931,com.android.providers.calendar,999,empty #31]
03-04 11:27:04.219  3139  3139 D TransmitPower: AccSensorObserverMOTION_DETECTION:onMotionStateChanged() : isStable = false
03-04 11:27:04.219  3139  3139 D TransmitPower: AccSensorObserverBHH_DETECTION:onBHHDetected() : isDetected = false
03-04 11:27:04.219  3139  3139 D TransmitPower: AccSensorObserverBHH_DIRECTION:onBHHStateChanged() : isRightSide = false
03-04 11:27:04.230  2756  9637 D NetworkMonitor/100: PROBE_DNS connectivitycheck.gstatic.com 91ms OK 203.208.41.66
03-04 11:27:04.233   848   848 D Zygote  : Forked child process 9647
03-04 11:27:04.235   847  9651 D resolv  : GetAddrInfoHandler::run: {100 983140 100 983140 1073 1}
03-04 11:27:04.235   847  9651 D resolv  : resolv_getaddrinfo: explore_fqdn(): ai_family=0 ai_socktype=1 ai_protocol=6
03-04 11:27:04.237  2270  2327 I am_proc_start: [0,9647,10220,com.qualcomm.qti.server.qtiwifi,broadcast,{com.qualcomm.qti.server.qtiwifi/com.qualcomm.qti.server.qtiwifi.BootCompleteIntentReceiver}]
03-04 11:27:04.237   847  9654 D resolv  : doQuery: (1, 28)
03-04 11:27:04.237   847  9654 D resolv  : res_nmkquery: (QUERY, IN, AAAA)
03-04 11:27:04.237   847  9655 D resolv  : doQuery: (1, 1)
03-04 11:27:04.237   847  9655 D resolv  : res_nmkquery: (QUERY, IN, A)
03-04 11:27:04.237   847  9655 D resolv  : res_nsend
03-04 11:27:04.237   847  9655 I resolv  : resolv_cache_lookup: lookup
03-04 11:27:04.237  2270  2327 I ActivityManager: Start proc 9647:com.qualcomm.qti.server.qtiwifi/u0a220 for broadcast {com.qualcomm.qti.server.qtiwifi/com.qualcomm.qti.server.qtiwifi.BootCompleteIntentReceiver}
03-04 11:27:04.237   847  9655 I resolv  : resolv_cache_lookup: FOUND IN CACHE entry=0xb400006df1ac6bd0
03-04 11:27:04.237   847  9655 D resolv  : doQuery: rcode=0, ancount=1
03-04 11:27:04.237   847  9654 D resolv  : res_nsend
03-04 11:27:04.237   847  9654 I resolv  : resolv_cache_lookup: lookup
03-04 11:27:04.237   847  9654 I resolv  : resolv_cache_lookup: FOUND IN CACHE entry=0xb400006e01acf7f0
03-04 11:27:04.237   847  9654 D resolv  : doQuery: rcode=0, ancount=0
03-04 11:27:04.241  9647  9647 I libc    : SetHeapTaggingLevel: tag level set to 0
03-04 11:27:04.243   848   848 I Zygote  : Process 6931 exited due to signal 9 (Killed)
03-04 11:27:04.243  2270  7450 I am_proc_died: [0,6931,com.android.providers.calendar,999,19]
03-04 11:27:04.246  2270  7450 I am_uid_stopped: 10087
03-04 11:27:04.251  2270  7450 I am_uid_active: 10220
03-04 11:27:04.257  1721  1807 I adbd    : jdwp connection from 9647
03-04 11:27:04.259  2270  2334 I libprocessgroup: Successfully killed process cgroup uid 10087 pid 6931 in 41ms
03-04 11:27:04.268     0     0 I binder  : 9647:9647 ioctl 40046210 7ff7940a44 returned -22
03-04 11:27:04.260  9647  9647 D ProcessState: Binder ioctl to enable oneway spam detection failed: Invalid argument
03-04 11:27:04.272  2270  2296 I am_proc_bound: [0,9647,com.qualcomm.qti.server.qtiwifi]
03-04 11:27:04.277  2270  2296 D CompatibilityChangeReporter: Compat change id reported: 168419799; UID 10220; state: DISABLED
03-04 11:27:04.278  2270  2296 D CompatibilityInfo: mCompatibilityFlags - 0
03-04 11:27:04.278  2270  2296 D CompatibilityInfo: applicationDensity - 300
03-04 11:27:04.278  2270  2296 D CompatibilityInfo: applicationScale - 1.0
03-04 11:27:04.289  2270  2296 D CompatibilityInfo: mCompatibilityFlags - 0
03-04 11:27:04.289  2270  2296 D CompatibilityInfo: applicationDensity - 300
03-04 11:27:04.289  2270  2296 D CompatibilityInfo: applicationScale - 1.0
03-04 11:27:04.296  9647  9647 D CompatibilityChangeReporter: Compat change id reported: 171979766; UID 10220; state: DISABLED
03-04 11:27:04.314  9647  9647 D ApplicationLoaders: Returning zygote-cached class loader: /system/framework/android.test.base.jar
03-04 11:27:04.334  3139  3139 D TransmitPower: AccSensorObserverMOTION_DETECTION:onMotionStateChanged() : isStable = false
03-04 11:27:04.334  3139  3139 D TransmitPower: AccSensorObserverBHH_DETECTION:onBHHDetected() : isDetected = false
03-04 11:27:04.334  3139  3139 D TransmitPower: AccSensorObserverBHH_DIRECTION:onBHHStateChanged() : isRightSide = false
03-04 11:27:04.350   847  9674 D resolv  : GetAddrInfoHandler::run: {100 100 100 983140 10215 0}
03-04 11:27:04.350   847  9674 D resolv  : resolv_getaddrinfo: explore_fqdn(): ai_family=0 ai_socktype=1 ai_protocol=6
03-04 11:27:04.352   847  9675 D resolv  : doQuery: (1, 28)
03-04 11:27:04.352   847  9676 D resolv  : doQuery: (1, 1)
03-04 11:27:04.353   847  9675 D resolv  : res_nmkquery: (QUERY, IN, AAAA)
03-04 11:27:04.353   847  9676 D resolv  : res_nmkquery: (QUERY, IN, A)
03-04 11:27:04.353   847  9675 D resolv  : res_nsend
03-04 11:27:04.353   847  9676 D resolv  : res_nsend
03-04 11:27:04.353   847  9675 I resolv  : resolv_cache_lookup: lookup
03-04 11:27:04.353   847  9676 I resolv  : resolv_cache_lookup: lookup
03-04 11:27:04.353   847  9675 I resolv  : resolv_cache_lookup: FOUND IN CACHE entry=0xb400006e01acf490
03-04 11:27:04.353   847  9675 D resolv  : doQuery: rcode=0, ancount=0
03-04 11:27:04.353   847  9676 I resolv  : resolv_cache_lookup: FOUND IN CACHE entry=0xb400006df1ac4010
03-04 11:27:04.353   847  9676 D resolv  : doQuery: rcode=0, ancount=1
03-04 11:27:04.379  9647  9647 D ApplicationLoaders: Returning zygote-cached class loader: /system/framework/android.hidl.manager-V1.0-java.jar
03-04 11:27:04.379  9647  9647 D ApplicationLoaders: Returning zygote-cached class loader: /system/framework/android.hidl.manager-V1.0-java.jar
03-04 11:27:04.379  9647  9647 D ApplicationLoaders: Returning zygote-cached class loader: /system/framework/android.hidl.base-V1.0-java.jar
03-04 11:27:04.412  3139  3139 D TransmitPower: AccSensorObserverMOTION_DETECTION:onMotionStateChanged() : isStable = false
03-04 11:27:04.412  3139  3139 D TransmitPower: AccSensorObserverBHH_DETECTION:onBHHDetected() : isDetected = false
03-04 11:27:04.412  3139  3139 D TransmitPower: AccSensorObserverBHH_DIRECTION:onBHHStateChanged() : isRightSide = false
03-04 11:27:04.419  9647  9647 I Perf    : Connecting to perf service.
03-04 11:27:04.428  2756  9637 D NetworkMonitor/100: PROBE_HTTP http://connectivitycheck.gstatic.com/generate_204 time=194ms ret=204 request={Connection=[close], User-Agent=[Mozilla/5.0 (X11; Linux x86_64) AppleWebKit/537.36 (KHTML, like Gecko) Chrome/60.0.3112.32 Safari/537.36]} headers={null=[HTTP/1.1 204 No Content], Connection=[close], Content-Length=[0], Date=[Fri, 04 Mar 2022 03:27:04 GMT], X-Android-Received-Millis=[1646364424427], X-Android-Response-Source=[NETWORK 204], X-Android-Selected-Protocol=[http/1.1], X-Android-Sent-Millis=[1646364424308]}
03-04 11:27:04.434  9647  9647 V GraphicsEnvironment: ANGLE Developer option for 'com.qualcomm.qti.server.qtiwifi' set to: 'default'
03-04 11:27:04.435  9647  9647 V GraphicsEnvironment: Neither updatable production driver nor prerelease driver is supported.
03-04 11:27:04.439  9647  9647 D NetworkSecurityConfig: No Network Security Config specified, using platform default
03-04 11:27:04.439  9647  9647 D NetworkSecurityConfig: No Network Security Config specified, using platform default
03-04 11:27:04.444  9647  9647 D BootCompleteIntentReceiver: onReceive!
03-04 11:27:04.450  2270  2326 I am_wtf  : [0,2270,system_server,-1,ActivityManager,Background started FGS: Allowed [callingPackage: com.qualcomm.qti.server.qtiwifi; callingUid: 10220; uidState: RCVR; intent: Intent { cmp=com.qualcomm.qti.server.qtiwifi/.QtiWifiService }; code:BOOT_COMPLETED; tempAllowListReason:<broadcast:1000:android.intent.action.BOOT_COMPLETED,reason:,reasonCode:BOOT_COMPLETED,duration:20000,callingUid:1000>; targetSdkVersion:29; callerTargetSdkVersion:29; startForegroundCount:0; bindFromPackage:null]]
03-04 11:27:04.450  2270  7450 I ActivityManager: Background started FGS: Allowed [callingPackage: com.qualcomm.qti.server.qtiwifi; callingUid: 10220; uidState: RCVR; intent: Intent { cmp=com.qualcomm.qti.server.qtiwifi/.QtiWifiService }; code:BOOT_COMPLETED; tempAllowListReason:<broadcast:1000:android.intent.action.BOOT_COMPLETED,reason:,reasonCode:BOOT_COMPLETED,duration:20000,callingUid:1000>; targetSdkVersion:29; callerTargetSdkVersion:29; startForegroundCount:0; bindFromPackage:null]
03-04 11:27:04.457  2270  7450 D CompatibilityInfo: mCompatibilityFlags - 0
03-04 11:27:04.457  2270  7450 D CompatibilityInfo: applicationDensity - 300
03-04 11:27:04.457  2270  7450 D CompatibilityInfo: applicationScale - 1.0
03-04 11:27:04.459  2270  2326 D ActivityManager: New dropbox entry: system_server, system_server_wtf, 5c9149b7-8e41-4521-bd2a-0739f9ccfe70
03-04 11:27:04.459  9647  9647 D BootCompleteIntentReceiver: QtiWifiService has started
03-04 11:27:04.460  2270  2326 I DropBoxManagerService: add tag=system_server_wtf isTagEnabled=true flags=0x2
03-04 11:27:04.461  9647  9647 D QtiWifiService: onStartCommand()
03-04 11:27:04.462  9647  9647 D QtiWifiService: createNotificationChannel called
03-04 11:27:04.463  2270  7450 I am_uid_running: 10126
03-04 11:27:04.468  2270  7450 D CompatibilityChangeReporter: Compat change id reported: 135634846; UID 10126; state: DISABLED
03-04 11:27:04.468  2270  7450 D CompatibilityChangeReporter: Compat change id reported: 177438394; UID 10126; state: DISABLED
03-04 11:27:04.469  2270  7450 D CompatibilityChangeReporter: Compat change id reported: 135772972; UID 10126; state: DISABLED
03-04 11:27:04.469  2270  7450 D CompatibilityChangeReporter: Compat change id reported: 135754954; UID 10126; state: ENABLED
03-04 11:27:04.470  2270  2327 D CompatibilityChangeReporter: Compat change id reported: 143937733; UID 10126; state: ENABLED
03-04 11:27:04.482  2270  2296 W ActivityManager: Foreground service started from background can not have location/camera/microphone access: service com.qualcomm.qti.server.qtiwifi/.QtiWifiService
03-04 11:27:04.489   848   848 D Zygote  : Forked child process 9683
03-04 11:27:04.506  2270  2358 I commit_sys_config_file: [package-user-0,17]
03-04 11:27:04.508  2270  2327 I am_proc_start: [0,9683,10126,com.qualcomm.qti.smq,broadcast,{com.qualcomm.qti.smq/com.qualcomm.qti.smq.receiver.BootReceiver}]
03-04 11:27:04.508  2270  2327 I ActivityManager: Start proc 9683:com.qualcomm.qti.smq/u0a126 for broadcast {com.qualcomm.qti.smq/com.qualcomm.qti.smq.receiver.BootReceiver}
03-04 11:27:04.510  2270  2326 I ActivityManager: Deferring FGS notification in legacy app com.qualcomm.qti.server.qtiwifi/u0a220 : Notification(channel=QtiWifiService shortcut=null contentView=null vibrate=null sound=null defaults=0x0 flags=0x40 color=0x00000000 vis=PRIVATE)
03-04 11:27:04.515  2270  2303 D CompanionDeviceManagerService: onPackageModified(packageName = com.google.android.gms)
03-04 11:27:04.515  1721  1807 I adbd    : jdwp connection from 9683
03-04 11:27:04.517  9683  9683 D ProcessState: Binder ioctl to enable oneway spam detection failed: Invalid argument
03-04 11:27:04.519  3677  4602 E FirebaseRemoteConfig: Fetch failed!
03-04 11:27:04.519  3677  4602 E FirebaseRemoteConfig: com.nttdocomo.android.idmanager.q02: Fetch failed due to an unexpected error! Check logs for details.
03-04 11:27:04.519  3677  4602 E FirebaseRemoteConfig: 	at com.nttdocomo.android.idmanager.tq0.b(Unknown Source:100)
03-04 11:27:04.519  3677  4602 E FirebaseRemoteConfig: 	at com.nttdocomo.android.idmanager.tq0.a(Unknown Source:0)
03-04 11:27:04.519  3677  4602 E FirebaseRemoteConfig: 	at com.nttdocomo.android.idmanager.tq0.a(Unknown Source:132)
03-04 11:27:04.519  3677  4602 E FirebaseRemoteConfig: 	at com.nttdocomo.android.idmanager.sq0.a(Unknown Source:6)
03-04 11:27:04.519  3677  4602 E FirebaseRemoteConfig: 	at com.nttdocomo.android.idmanager.sg1.run(Unknown Source:8)
03-04 11:27:04.519  3677  4602 E FirebaseRemoteConfig: 	at java.util.concurrent.ThreadPoolExecutor.runWorker(ThreadPoolExecutor.java:1167)
03-04 11:27:04.519  3677  4602 E FirebaseRemoteConfig: 	at java.util.concurrent.ThreadPoolExecutor$Worker.run(ThreadPoolExecutor.java:641)
03-04 11:27:04.519  3677  4602 E FirebaseRemoteConfig: 	at java.lang.Thread.run(Thread.java:920)
03-04 11:27:04.519  3677  4602 E FirebaseRemoteConfig: Caused by: java.net.SocketTimeoutException: failed to connect to firebaseremoteconfig.googleapis.com/172.217.160.74 (port 443) from /10.1.122.219 (port 46738) after 5000ms
03-04 11:27:04.519  3677  4602 E FirebaseRemoteConfig: 	at libcore.io.IoBridge.connectErrno(IoBridge.java:236)
03-04 11:27:04.519  3677  4602 E FirebaseRemoteConfig: 	at libcore.io.IoBridge.connect(IoBridge.java:180)
03-04 11:27:04.519  3677  4602 E FirebaseRemoteConfig: 	at java.net.PlainSocketImpl.socketConnect(PlainSocketImpl.java:142)
03-04 11:27:04.519  3677  4602 E FirebaseRemoteConfig: 	at java.net.AbstractPlainSocketImpl.doConnect(AbstractPlainSocketImpl.java:390)
03-04 11:27:04.519  3677  4602 E FirebaseRemoteConfig: 	at java.net.AbstractPlainSocketImpl.connectToAddress(AbstractPlainSocketImpl.java:230)
03-04 11:27:04.519  3677  4602 E FirebaseRemoteConfig: 	at java.net.AbstractPlainSocketImpl.connect(AbstractPlainSocketImpl.java:212)
03-04 11:27:04.519  3677  4602 E FirebaseRemoteConfig: 	at java.net.SocksSocketImpl.connect(SocksSocketImpl.java:436)
03-04 11:27:04.519  3677  4602 E FirebaseRemoteConfig: 	at java.net.Socket.connect(Socket.java:621)
03-04 11:27:04.519  3677  4602 E FirebaseRemoteConfig: 	at com.android.okhttp.internal.Platform.connectSocket(Platform.java:182)
03-04 11:27:04.519  3677  4602 E FirebaseRemoteConfig: 	at com.android.okhttp.internal.io.RealConnection.connectSocket(RealConnection.java:145)
03-04 11:27:04.519  3677  4602 E FirebaseRemoteConfig: 	at com.android.okhttp.internal.io.RealConnection.connect(RealConnection.java:116)
03-04 11:27:04.519  3677  4602 E FirebaseRemoteConfig: 	at com.android.okhttp.internal.http.StreamAllocation.findConnection(StreamAllocation.java:186)
03-04 11:27:04.519  3677  4602 E FirebaseRemoteConfig: 	at com.android.okhttp.internal.http.StreamAllocation.findHealthyConnection(StreamAllocation.java:128)
03-04 11:27:04.519  3677  4602 E FirebaseRemoteConfig: 	at com.android.okhttp.internal.http.StreamAllocation.newStream(StreamAllocation.java:97)
03-04 11:27:04.519  3677  4602 E FirebaseRemoteConfig: 	at com.android.okhttp.internal.http.HttpEngine.connect(HttpEngine.java:289)
03-04 11:27:04.519  3677  4602 E FirebaseRemoteConfig: 	at com.android.okhttp.internal.http.HttpEngine.sendRequest(HttpEngine.java:232)
03-04 11:27:04.519  3677  4602 E FirebaseRemoteConfig: 	at com.android.okhttp.internal.huc.HttpURLConnectionImpl.execute(HttpURLConnectionImpl.java:465)
03-04 11:27:04.519  3677  4602 E FirebaseRemoteConfig: 	at com.android.okhttp.internal.huc.HttpURLConnectionImpl.connect(HttpURLConnectionImpl.java:131)
03-04 11:27:04.519  3677  4602 E FirebaseRemoteConfig: 	at com.android.okhttp.internal.huc.HttpURLConnectionImpl.getOutputStream(HttpURLConnectionImpl.java:262)
03-04 11:27:04.519  3677  4602 E FirebaseRemoteConfig: 	at com.android.okhttp.internal.huc.DelegatingHttpsURLConnection.getOutputStream(DelegatingHttpsURLConnection.java:219)
03-04 11:27:04.519  3677  4602 E FirebaseRemoteConfig: 	at com.android.okhttp.internal.huc.HttpsURLConnectionImpl.getOutputStream(HttpsURLConnectionImpl.java:30)
03-04 11:27:04.519  3677  4602 E FirebaseRemoteConfig: 	at com.nttdocomo.android.idmanager.pm0.e(Unknown Source:116)
03-04 11:27:04.519  3677  4602 E FirebaseRemoteConfig: 	at com.nttdocomo.android.idmanager.zl0.d(Unknown Source:527)
03-04 11:27:04.519  3677  4602 E FirebaseRemoteConfig: 	at com.nttdocomo.android.idmanager.ar0.l(Unknown Source:124)
03-04 11:27:04.519  3677  4602 E FirebaseRemoteConfig: 	at com.nttdocomo.android.idmanager.tq0.b(Unknown Source:68)
03-04 11:27:04.519  3677  4602 E FirebaseRemoteConfig: 	... 7 more
03-04 11:27:04.525     0     0 I binder  : 9683:9683 ioctl 40046210 7ff7940a44 returned -22
03-04 11:27:04.519  3677  3677 W FirebaseRemoteConfig: An entry in the defaults XML has an invalid key and/or value tag.
03-04 11:27:04.519  3677  3677 W FirebaseRemoteConfig: An entry in the defaults XML has an invalid key and/or value tag.
03-04 11:27:04.519  3677  3677 W FirebaseRemoteConfig: An entry in the defaults XML has an invalid key and/or value tag.
03-04 11:27:04.519  3677  3677 W FirebaseRemoteConfig: An entry in the defaults XML has an invalid key and/or value tag.
03-04 11:27:04.520  3677  3677 W FirebaseRemoteConfig: An entry in the defaults XML has an invalid key and/or value tag.
03-04 11:27:04.520  3677  3677 W FirebaseRemoteConfig: An entry in the defaults XML has an invalid key and/or value tag.
03-04 11:27:04.520  3677  3677 W FirebaseRemoteConfig: An entry in the defaults XML has an invalid key and/or value tag.
03-04 11:27:04.520  3677  3677 W FirebaseRemoteConfig: An entry in the defaults XML has an invalid key and/or value tag.
03-04 11:27:04.520  3677  3677 W FirebaseRemoteConfig: An entry in the defaults XML has an invalid key and/or value tag.
03-04 11:27:04.520  3677  3677 W FirebaseRemoteConfig: An entry in the defaults XML has an invalid key and/or value tag.
03-04 11:27:04.520  3677  3677 W FirebaseRemoteConfig: An entry in the defaults XML has an invalid key and/or value tag.
03-04 11:27:04.520  3677  3677 W FirebaseRemoteConfig: An entry in the defaults XML has an invalid key and/or value tag.
03-04 11:27:04.520  3677  3677 W FirebaseRemoteConfig: An entry in the defaults XML has an invalid key and/or value tag.
03-04 11:27:04.520  3677  3677 W FirebaseRemoteConfig: An entry in the defaults XML has an invalid key and/or value tag.
03-04 11:27:04.520  3677  3677 W FirebaseRemoteConfig: An entry in the defaults XML has an invalid key and/or value tag.
03-04 11:27:04.520  3677  3677 W FirebaseRemoteConfig: An entry in the defaults XML has an invalid key and/or value tag.
03-04 11:27:04.520  3677  3677 W FirebaseRemoteConfig: An entry in the defaults XML has an invalid key and/or value tag.
03-04 11:27:04.520  3677  3677 W FirebaseRemoteConfig: An entry in the defaults XML has an invalid key and/or value tag.
03-04 11:27:04.520  3677  3677 W FirebaseRemoteConfig: An entry in the defaults XML has an invalid key and/or value tag.
03-04 11:27:04.520  3677  3677 W FirebaseRemoteConfig: An entry in the defaults XML has an invalid key and/or value tag.
03-04 11:27:04.520  3677  3677 W FirebaseRemoteConfig: An entry in the defaults XML has an invalid key and/or value tag.
03-04 11:27:04.520  3677  3677 W FirebaseRemoteConfig: An entry in the defaults XML has an invalid key and/or value tag.
03-04 11:27:04.520  3677  3677 W FirebaseRemoteConfig: An entry in the defaults XML has an invalid key and/or value tag.
03-04 11:27:04.520  3677  3677 W FirebaseRemoteConfig: An entry in the defaults XML has an invalid key and/or value tag.
03-04 11:27:04.520  3677  3677 W FirebaseRemoteConfig: An entry in the defaults XML has an invalid key and/or value tag.
03-04 11:27:04.520  3677  3677 W FirebaseRemoteConfig: An entry in the defaults XML has an invalid key and/or value tag.
03-04 11:27:04.521  3677  3677 W FirebaseRemoteConfig: An entry in the defaults XML has an invalid key and/or value tag.
03-04 11:27:04.521  3677  3677 W FirebaseRemoteConfig: An entry in the defaults XML has an invalid key and/or value tag.
03-04 11:27:04.521  3677  3677 W FirebaseRemoteConfig: An entry in the defaults XML has an invalid key and/or value tag.
03-04 11:27:04.521  3677  3677 W FirebaseRemoteConfig: An entry in the defaults XML has an invalid key and/or value tag.
03-04 11:27:04.521  3677  3677 W FirebaseRemoteConfig: An entry in the defaults XML has an invalid key and/or value tag.
03-04 11:27:04.521  3677  3677 W FirebaseRemoteConfig: An entry in the defaults XML has an invalid key and/or value tag.
03-04 11:27:04.531  3677  3677 W FirebaseRemoteConfig: An entry in the defaults XML has an invalid key and/or value tag.
03-04 11:27:04.531  3677  3677 W FirebaseRemoteConfig: An entry in the defaults XML has an invalid key and/or value tag.
03-04 11:27:04.531  3677  3677 W FirebaseRemoteConfig: An entry in the defaults XML has an invalid key and/or value tag.
03-04 11:27:04.531  3677  3677 W FirebaseRemoteConfig: An entry in the defaults XML has an invalid key and/or value tag.
03-04 11:27:04.531  3677  3677 W FirebaseRemoteConfig: An entry in the defaults XML has an invalid key and/or value tag.
03-04 11:27:04.531  3677  3677 W FirebaseRemoteConfig: An entry in the defaults XML has an invalid key and/or value tag.
03-04 11:27:04.531  3677  3677 W FirebaseRemoteConfig: An entry in the defaults XML has an invalid key and/or value tag.
03-04 11:27:04.531  3677  3677 W FirebaseRemoteConfig: An entry in the defaults XML has an invalid key and/or value tag.
03-04 11:27:04.531  3677  3677 W FirebaseRemoteConfig: An entry in the defaults XML has an invalid key and/or value tag.
03-04 11:27:04.531  3677  3677 W FirebaseRemoteConfig: An entry in the defaults XML has an invalid key and/or value tag.
03-04 11:27:04.531  3677  3677 W FirebaseRemoteConfig: An entry in the defaults XML has an invalid key and/or value tag.
03-04 11:27:04.531  3677  3677 W FirebaseRemoteConfig: An entry in the defaults XML has an invalid key and/or value tag.
03-04 11:27:04.531  3677  3677 W FirebaseRemoteConfig: An entry in the defaults XML has an invalid key and/or value tag.
03-04 11:27:04.531  3677  3677 W FirebaseRemoteConfig: An entry in the defaults XML has an invalid key and/or value tag.
03-04 11:27:04.531  3677  3677 W FirebaseRemoteConfig: An entry in the defaults XML has an invalid key and/or value tag.
03-04 11:27:04.531  3677  3677 W FirebaseRemoteConfig: An entry in the defaults XML has an invalid key and/or value tag.
03-04 11:27:04.532  3677  3677 W FirebaseRemoteConfig: An entry in the defaults XML has an invalid key and/or value tag.
03-04 11:27:04.532  3677  3677 W FirebaseRemoteConfig: An entry in the defaults XML has an invalid key and/or value tag.
03-04 11:27:04.532  3677  3677 W FirebaseRemoteConfig: An entry in the defaults XML has an invalid key and/or value tag.
03-04 11:27:04.532  3677  3677 W FirebaseRemoteConfig: An entry in the defaults XML has an invalid key and/or value tag.
03-04 11:27:04.532  3677  3677 W FirebaseRemoteConfig: An entry in the defaults XML has an invalid key and/or value tag.
03-04 11:27:04.532  3677  3677 W FirebaseRemoteConfig: An entry in the defaults XML has an invalid key and/or value tag.
03-04 11:27:04.532  3677  3677 W FirebaseRemoteConfig: An entry in the defaults XML has an invalid key and/or value tag.
03-04 11:27:04.532  3677  3677 W FirebaseRemoteConfig: An entry in the defaults XML has an invalid key and/or value tag.
03-04 11:27:04.532  3677  3677 W FirebaseRemoteConfig: An entry in the defaults XML has an invalid key and/or value tag.
03-04 11:27:04.532  3677  3677 W FirebaseRemoteConfig: An entry in the defaults XML has an invalid key and/or value tag.
03-04 11:27:04.532  3677  3677 W FirebaseRemoteConfig: An entry in the defaults XML has an invalid key and/or value tag.
03-04 11:27:04.532  3677  3677 W FirebaseRemoteConfig: An entry in the defaults XML has an invalid key and/or value tag.
03-04 11:27:04.532  3677  3677 W FirebaseRemoteConfig: An entry in the defaults XML has an invalid key and/or value tag.
03-04 11:27:04.532  3677  3677 W FirebaseRemoteConfig: An entry in the defaults XML has an invalid key and/or value tag.
03-04 11:27:04.532  3677  3677 W FirebaseRemoteConfig: An entry in the defaults XML has an invalid key and/or value tag.
03-04 11:27:04.533  3139  3139 D TransmitPower: AccSensorObserverMOTION_DETECTION:onMotionStateChanged() : isStable = false
03-04 11:27:04.533  3139  3139 D TransmitPower: AccSensorObserverBHH_DETECTION:onBHHDetected() : isDetected = false
03-04 11:27:04.533  3139  3139 D TransmitPower: AccSensorObserverBHH_DIRECTION:onBHHStateChanged() : isRightSide = false
03-04 11:27:04.534  3677  3677 W ap0     : Application name is not set. Call Builder#setApplicationName.
03-04 11:27:04.535  3677  3677 W FirebaseRemoteConfig: No value of type 'String' exists for parameter key 'ID_SETTING_INDUCTION_NOTIFI_TIMER_HKA'.
03-04 11:27:04.535  3677  3677 W com.nttdocomo.android.idmanager: ff3.startInductionSettingCount: Remote Config Value Empty
03-04 11:27:04.535  2270  2296 I am_proc_bound: [0,9683,com.qualcomm.qti.smq]
03-04 11:27:04.539  2270  2270 I Telecom : DefaultDialerCache: Refreshing default dialer for user 0: now com.sonymobile.android.dialer: DDC.oR@AH4
03-04 11:27:04.539  2270  2296 I service_manager_stats: [100,117,20444]
03-04 11:27:04.539  2270  2296 D CompatibilityChangeReporter: Compat change id reported: 168419799; UID 10126; state: DISABLED
03-04 11:27:04.540  2270  2296 D CompatibilityInfo: mCompatibilityFlags - 0
03-04 11:27:04.540  2270  2296 D CompatibilityInfo: applicationDensity - 300
03-04 11:27:04.540  2270  2296 D CompatibilityInfo: applicationScale - 1.0
03-04 11:27:04.548  2270  2296 I am_uid_active: 10126
03-04 11:27:04.551  4479  4479 I libnfc_nci: [INFO:NativeNfcManager.cpp(2384)] nfcManager_getDefaultAidRoute: num 1
03-04 11:27:04.551  4479  4479 I libnfc_nci: [INFO:SecureElement.cpp(1525)] SecureElement::getEseHandleFromGenericId: enter; ESE-ID = 0x01
03-04 11:27:04.551  4479  4479 I libnfc_nci: [INFO:SecureElement.cpp(1560)] SecureElement::getEseHandleFromGenericId: enter; ESE-Handle = 0x4C0
03-04 11:27:04.551  4479  4479 I libnfc_nci: [INFO:RoutingManager.cpp(1884)] isNfceeActive: seHandle : 4c0
03-04 11:27:04.551  4479  4479 I libnfc_nci: [INFO:SecureElement.cpp(1449)] SecureElement::getEeInfo: enter; mbNewEE=0, mActualNumEe=2
03-04 11:27:04.551  4479  4479 I libnfc_nci: [INFO:nfa_ee_api.cc(119)] NFA_EeGetInfo em_state:1 cur_ee:3
03-04 11:27:04.551  4479  4479 I libnfc_nci: [INFO:nfa_ee_api.cc(137)] xx:0 max_ret:5, num_ret:0 ee_status:0x2
03-04 11:27:04.551  4479  4479 I libnfc_nci: [INFO:nfa_ee_api.cc(137)] xx:1 max_ret:5, num_ret:0 ee_status:0x0
03-04 11:27:04.551  4479  4479 I libnfc_nci: [INFO:nfa_ee_api.cc(137)] xx:2 max_ret:5, num_ret:1 ee_status:0x0
03-04 11:27:04.551  4479  4479 I libnfc_nci: [INFO:nfa_ee_api.cc(161)] num_ret:2
03-04 11:27:04.551  4479  4479 E libnfc_nci: [ERROR:SecureElement.cpp(1471)] SecureElement::getEeInfo: num EEs discovered: 2
03-04 11:27:04.551  4479  4479 I libnfc_nci: [INFO:SecureElement.cpp(1485)] SecureElement::getEeInfo: exit; mActualNumEe=2, mNumEePresent=2
03-04 11:27:04.551  4479  4479 I libnfc_nci: [INFO:RoutingManager.cpp(1889)] Default AID route handle active
03-04 11:27:04.551  4479  4479 I libnfc_nci: [INFO:NativeNfcManager.cpp(2387)] nfcManager_getDefaultAidRoute route = 1
03-04 11:27:04.551  4479  4479 D NfcService: defaultAidRoute : 315
03-04 11:27:04.551  2270  2296 D CompatibilityInfo: mCompatibilityFlags - 0
03-04 11:27:04.551  4479  4479 E AidRoutingManager: Size of routing table970
03-04 11:27:04.551  2270  2296 D CompatibilityInfo: applicationDensity - 300
03-04 11:27:04.551  2270  2296 D CompatibilityInfo: applicationScale - 1.0
03-04 11:27:04.551  4479  4479 I NfcService: Add T4T Nfcee AID
03-04 11:27:04.551  4479  4479 D NfcService: T4TNfceePowerState : 59
03-04 11:27:04.554  9683  9683 D CompatibilityChangeReporter: Compat change id reported: 171979766; UID 10126; state: DISABLED
03-04 11:27:04.555  4479  4479 D RegisteredNfcFServicesCache: Service unchanged, not updating
03-04 11:27:04.555  4479  4479 I libnfc_nci: [INFO:NativeT4tNfcee.cpp(853)] FW Version: 1.10.61
03-04 11:27:04.555  4479  4479 I libnfc_nci: [INFO:NativeT4tNfcee.cpp(864)] nfcManager_isFwSupportNonStdT4TAid Enter isFwSupport = 1
03-04 11:27:04.555  4479  4479 I libnfc_nci: [INFO:NativeT4tNfcee.cpp(821)] getT4TNfceeAid:enter
03-04 11:27:04.555  4479  4479 I libnfc_nci: [INFO:NativeT4tNfcee.cpp(829)] getT4TNfceeAid:Exit
03-04 11:27:04.555  4479  4479 I libnfc_nci: [INFO:RoutingManager.cpp(401)] RoutingManager::addAidRouting: enter
03-04 11:27:04.555  4479  4479 I libnfc_nci: [INFO:SecureElement.cpp(1525)] SecureElement::getEseHandleFromGenericId: enter; ESE-ID = 0x7F
03-04 11:27:04.555  4479  4479 I libnfc_nci: [INFO:SecureElement.cpp(1560)] SecureElement::getEseHandleFromGenericId: enter; ESE-Handle = 0x410
03-04 11:27:04.555  4479  4479 I libnfc_nci: [INFO:nfa_ee_api.cc(650)] handle:<0x410>
03-04 11:27:04.555  4479  4479 I libnfc_nci: [INFO:nfa_ee_main.cc(441)] nfa_ee_find_ecb
03-04 11:27:04.555  4479  4479 I libnfc_nci: [INFO:gki_buffer.cc(328)] GKI_getbuf 0xb400007604e99700 39:42
03-04 11:27:04.555  4479  4479 I libnfc_nci: [INFO:nfa_ee_api.cc(666)] aid:<d276>
03-04 11:27:04.556  4479  4479 I libnfc_nci: [INFO:nfa_ee_api.cc(678)] aid:<d276>
03-04 11:27:04.556  4479  4479 I libnfc_nci: [INFO:RoutingManager.cpp(451)] RoutingManager::addAidRouting: routed AID
03-04 11:27:04.556  4479  4791 I libnfc_nci: [INFO:nfa_sys_main.cc(96)] NFA got event 0x0208
03-04 11:27:04.556  4479  4791 I libnfc_nci: [INFO:nfa_ee_main.cc(683)] Event API_ADD_AID(0x208), State: INIT_DONE(1)
03-04 11:27:04.556  4479  4791 I libnfc_nci: [INFO:nfa_ee_act.cc(180)] nfa_ee_api_add_aid id:0x10 len=7 aid:d2 76 00 00 85 01 01 
03-04 11:27:04.556  4479  4791 I libnfc_nci: [INFO:nfa_ee_act.cc(1346)] nfa_ee_api_add_aid The AID entry is already in the database
03-04 11:27:04.557  4479  4791 E libnfc_nci: [ERROR:nfa_ee_act.cc(1363)] The AID entry is already in the database for different NFCEE ID:0x00
03-04 11:27:04.557  4479  4791 I libnfc_nci: [INFO:nfa_ee_act.cc(1441)] status:6 ee_cfged:0x22 
03-04 11:27:04.557  4479  4791 I libnfc_nci: [INFO:nfa_nfcee_main.cc(145)] nfa_t4tnfcee_info_cback event: 4
03-04 11:27:04.557  4479  4791 I libnfc_nci: [INFO:RoutingManager.cpp(1054)] RoutingManager::nfaEeCallback: NFA_EE_ADD_AID_EVT  status=6
03-04 11:27:04.559  2270  2405 I InputReader: Reconfiguring input devices, changes=KEYBOARD_LAYOUTS | 
03-04 11:27:04.570  3049  3090 I SecureElement-AccessControlEnforcer: getAccessRule() appCert = 176babb1f2fcb7150877887596599d5730b168c0
03-04 11:27:04.578     0     0 I ALG     : cap_learning_update: [SOMC CL][OFF] charge_status:1 bsoc_cp:9881
03-04 11:27:04.575  4958  8933 I PeopleGalProvider: Gal directories started.
03-04 11:27:04.575  4958  8933 I PeopleGalProvider: Method 1 completed.
03-04 11:27:04.576  4958  8933 I PeopleGalProvider: Method 1 finished successfully.
03-04 11:27:04.577  2270  2303 D CompatibilityChangeReporter: Compat change id reported: 168419799; UID 10296; state: DISABLED
03-04 11:27:04.577  2270  2303 D CompatibilityInfo: mCompatibilityFlags - 0
03-04 11:27:04.577  2270  2303 D CompatibilityInfo: applicationDensity - 300
03-04 11:27:04.577  2270  2303 D CompatibilityInfo: applicationScale - 1.0
03-04 11:27:04.580  3049  3090 I SecureElement-AccessControlEnforcer: getAccessRule() appCert = ff61eda8f583df412c5dff08d5575a9976f25ce63b9e06ce2bc48fc44968fbcf
03-04 11:27:04.587     0     0 W healthd : battery l=100 v=4387 t=28.8 h=2 st=2 c=-223999 fc=4529000 cc=0 chg=u
03-04 11:27:04.581  3049  3090 I SecureElement-AccessRuleCache: findAccessRule() not found
03-04 11:27:04.581  3049  3085 I SecureElement-Terminal-SIM1: isNfcEventAllowed: No access rules for checking.
03-04 11:27:04.584  3194  3194 D CarrierSvcBindHelper: No carrier app for: 0
03-04 11:27:04.584  3194  3194 D ImsResolver: maybeAddedImsService, packageName: com.google.android.gms
03-04 11:27:04.587  9683  9683 D nativeloader: classloader namespace configured for unbundled vendor apk. library_path=/vendor/app/QCC-TR-UI/lib/arm64:/vendor/lib64
03-04 11:27:04.590  2270  6816 D CompatibilityInfo: mCompatibilityFlags - 0
03-04 11:27:04.590  2270  6816 D CompatibilityInfo: applicationDensity - 300
03-04 11:27:04.590  2270  6816 D CompatibilityInfo: applicationScale - 1.0
03-04 11:27:04.601  2270  3936 I dvm_lock_sample: [system_server,1,Binder:2270_C,19,ActivityManagerService.java,14062,int com.android.server.am.ActivityManagerService.broadcastIntentWithFeature(android.app.IApplicationThread, java.lang.String, android.content.Intent, java.lang.String, android.content.IIntentReceiver, int, java.lang.String, android.os.Bundle, java.lang.String[], java.lang.String[], int, android.os.Bundle, boolean, boolean, int),,0,null,3]
03-04 11:27:04.609  3139  3139 D TransmitPower: AccSensorObserverMOTION_DETECTION:onMotionStateChanged() : isStable = false
03-04 11:27:04.610  3139  3139 D TransmitPower: AccSensorObserverBHH_DETECTION:onBHHDetected() : isDetected = false
03-04 11:27:04.610  3139  3139 D TransmitPower: AccSensorObserverBHH_DIRECTION:onBHHStateChanged() : isRightSide = false
03-04 11:27:04.617  2270  2918 D CompatibilityInfo: mCompatibilityFlags - 0
03-04 11:27:04.617  2270  2918 D CompatibilityInfo: applicationDensity - 300
03-04 11:27:04.617  2270  2918 D CompatibilityInfo: applicationScale - 1.0
03-04 11:27:04.624  9683  9683 I Perf    : Connecting to perf service.
03-04 11:27:04.630  8049  8253 I PermissionControllerServiceImpl: Updating user sensitive for uid 10163
03-04 11:27:04.632  2270  3138 D CompatibilityInfo: mCompatibilityFlags - 0
03-04 11:27:04.632  2270  3138 D CompatibilityInfo: applicationDensity - 300
03-04 11:27:04.632  2270  3138 D CompatibilityInfo: applicationScale - 1.0
03-04 11:27:04.637  9683  9683 V GraphicsEnvironment: ANGLE Developer option for 'com.qualcomm.qti.smq' set to: 'default'
03-04 11:27:04.638  9683  9683 V GraphicsEnvironment: Neither updatable production driver nor prerelease driver is supported.
03-04 11:27:04.639  2270  2270 I dvm_lock_sample: [system_server,1,main,12,ActivityManagerService.java,14062,int com.android.server.am.ActivityManagerService.broadcastIntentWithFeature(android.app.IApplicationThread, java.lang.String, android.content.Intent, java.lang.String, android.content.IIntentReceiver, int, java.lang.String, android.os.Bundle, java.lang.String[], java.lang.String[], int, android.os.Bundle, boolean, boolean, int),,0,null,2]
03-04 11:27:04.641  9683  9683 D NetworkSecurityConfig: No Network Security Config specified, using platform default
03-04 11:27:04.642  9683  9683 D NetworkSecurityConfig: No Network Security Config specified, using platform default
03-04 11:27:04.642  3139  3139 D TransmitPower: BatteryInfoNotifier:isCharging() : battery status = 2, plug status = 2, isBatteryChargedWithUsb = true
03-04 11:27:04.646  2270  2270 D WifiService: battery temperature changed.288
03-04 11:27:04.646  2270  2270 D WifiService: softap already disabled.
03-04 11:27:04.648  3139  3139 D TransmitPower: UsbInfoNotifier:isUsbConnected(): isUsbConnectedAsDeviceMode = true
03-04 11:27:04.650  8049  8112 I dvm_lock_sample: [com.google.android.permissioncon,0,pool-2-thread-3,5,MessageQueue.java,554,boolean android.os.MessageQueue.enqueueMessage(android.os.Message, long),-,600,boolean android.os.MessageQueue.enqueueMessage(android.os.Message, long),1]
03-04 11:27:04.652  3585  8079 I Fitness : OnPackageChangedOperation got intent: Intent { act=android.intent.action.PACKAGE_CHANGED dat=package:com.google.android.gms flg=0x45000010 pkg=com.google.android.gms cmp=com.google.android.gms/.chimera.PersistentIntentOperationService (has extras) } [CONTEXT service_id=17 ]
03-04 11:27:04.653  2270  6816 D CompatibilityInfo: mCompatibilityFlags - 0
03-04 11:27:04.654  2270  6816 D CompatibilityInfo: applicationDensity - 300
03-04 11:27:04.654  2270  6816 D CompatibilityInfo: applicationScale - 1.0
03-04 11:27:04.654  3098  3098 V DeviceStatisticsService: chargerType=2 batteryLevel=100 totalBatteryCapacity=4483700
03-04 11:27:04.655  2543  2543 D PowerUI : temperture:27522
03-04 11:27:04.655  3139  3139 D TransmitPower: BatteryInfoNotifier:isCharging() : battery status = 2, plug status = 2, isBatteryChargedWithUsb = true
03-04 11:27:04.655  4958  5669 I Icing   : IndexChimeraService.getServiceInterface callingPackage=com.google.android.gms componentName=AppsCorpus serviceId=36
03-04 11:27:04.655  3139  3139 D TransmitPower: UsbConnectionObserver:getUsbConnectionValue() : isUsbConnected = true, isChargingWithUsb = true
03-04 11:27:04.660  9683  9683 D QCC-TR-UI: BootReceiver
03-04 11:27:04.660  9683  9683 D QCC-TR-UI: android.intent.action.BOOT_COMPLETED intent received
03-04 11:27:04.667  2270  4447 D CompatibilityInfo: mCompatibilityFlags - 0
03-04 11:27:04.667  2270  4447 D CompatibilityInfo: applicationDensity - 300
03-04 11:27:04.667  2270  4447 D CompatibilityInfo: applicationScale - 1.0
03-04 11:27:04.668  4958  5228 I Icing   : updateResources: need to parse ahdn{com.google.android.gms}
03-04 11:27:04.674  2270  6816 D CompatibilityInfo: mCompatibilityFlags - 0
03-04 11:27:04.675  2270  6816 D CompatibilityInfo: applicationDensity - 300
03-04 11:27:04.675  2270  6816 D CompatibilityInfo: applicationScale - 1.0
03-04 11:27:04.678  3585  8079 I Fitness : FitCleanupIntentOperation received Intent android.intent.action.PACKAGE_CHANGED [CONTEXT service_id=17 ]
03-04 11:27:04.688  3585  8119 W ChimeraUtils: Module com.google.android.gms.nearby_en has empty metadata display_name_string_id
03-04 11:27:04.692  1133  2401 W VsyncModulator: setTransactionSchedule: Unexpected EarlyEnd
03-04 11:27:04.699  4958  5228 W Icing   : No valid account for uploading user actions
03-04 11:27:04.704  2270  2372 D CompatibilityInfo: mCompatibilityFlags - 0
03-04 11:27:04.704  2270  2372 D CompatibilityInfo: applicationDensity - 300
03-04 11:27:04.704  2270  2372 D CompatibilityInfo: applicationScale - 1.0
03-04 11:27:04.712  4958  5228 I Icing   : Usage reports ok 0, Failed Usage reports 0, indexed 0, rejected 0
03-04 11:27:04.713  2270  2296 D CompatibilityInfo: mCompatibilityFlags - 0
03-04 11:27:04.713  2270  2296 D CompatibilityInfo: applicationDensity - 300
03-04 11:27:04.713  2270  2296 D CompatibilityInfo: applicationScale - 1.0
03-04 11:27:04.717  2881  2881 D QtiTelephonyService BootReceiver: onReceive: Intent { act=android.intent.action.BOOT_COMPLETED flg=0x89000010 cmp=com.qualcomm.qti.telephonyservice/.BootReceiver (has extras) }
03-04 11:27:04.717  4958  5669 I Icing   : IndexChimeraService.getServiceInterface callingPackage=com.google.android.gms componentName=null serviceId=30
03-04 11:27:04.724  2881  2881 I QtiTelephonyService BootReceiver: com.qualcomm.qti.telephonyservice.QtiTelephonyService is already running. Intent { act=android.intent.action.BOOT_COMPLETED flg=0x89000010 cmp=com.qualcomm.qti.telephonyservice/.BootReceiver (has extras) } ignored.
03-04 11:27:04.728  4958  5227 W Icing   : No valid account for uploading user actions
03-04 11:27:04.728  3139  3139 D TransmitPower: AccSensorObserverMOTION_DETECTION:onMotionStateChanged() : isStable = false
03-04 11:27:04.729  3139  3139 D TransmitPower: AccSensorObserverBHH_DETECTION:onBHHDetected() : isDetected = false
03-04 11:27:04.729  3139  3139 D TransmitPower: AccSensorObserverBHH_DIRECTION:onBHHStateChanged() : isRightSide = false
03-04 11:27:04.737  2270  2305 I commit_sys_config_file: [notification-policy,58448]
03-04 11:27:04.738  2270  2305 I DropBoxManagerService: add tag=system_server_strictmode isTagEnabled=true flags=0x2
03-04 11:27:04.745  2270  2296 D CompatibilityChangeReporter: Compat change id reported: 168419799; UID 1001; state: DISABLED
03-04 11:27:04.746  2270  2296 D CompatibilityInfo: mCompatibilityFlags - 0
03-04 11:27:04.746  2270  2296 D CompatibilityInfo: applicationDensity - 300
03-04 11:27:04.746  2270  2296 D CompatibilityInfo: applicationScale - 1.0
03-04 11:27:04.748  2819  2819 D RCSService BC-Receiver: Boot Complete Event Received. Is IMS RCS Single Reg enabled0
03-04 11:27:04.748  2270  2325 I am_pss  : [3257,10253,com.sonymobile.launcher,96713728,55103488,27180032,178188288,0,2,11]
03-04 11:27:04.749  2819  2819 D RCSService BC-Receiver: START RCS SERVICE ON BOOTUP
03-04 11:27:04.749  4958  5227 I Icing   : Usage reports ok 0, Failed Usage reports 0, indexed 0, rejected 0
03-04 11:27:04.753  2819  2819 I QRCSService: onStartCommand- Call
03-04 11:27:04.753  2819  9728 I QRCSService: Already HIDL-IUceService is Started 
03-04 11:27:04.761  2270  2296 D CompatibilityChangeReporter: Compat change id reported: 168419799; UID 10275; state: DISABLED
03-04 11:27:04.761  2270  2296 D CompatibilityInfo: mCompatibilityFlags - 0
03-04 11:27:04.761  2270  2296 D CompatibilityInfo: applicationDensity - 300
03-04 11:27:04.761  2270  2296 D CompatibilityInfo: applicationScale - 1.0
03-04 11:27:04.768  4820  4820 D hw-ProcessState: Binder ioctl to enable oneway spam detection failed: Invalid argument
03-04 11:27:04.776     0     0 I binder  : 4820:4820 ioctl 40046210 7ff793fbf4 returned -22
03-04 11:27:04.778  2270  3936 D CompatibilityInfo: mCompatibilityFlags - 0
03-04 11:27:04.779  2270  3936 D CompatibilityInfo: applicationDensity - 300
03-04 11:27:04.779  2270  3936 D CompatibilityInfo: applicationScale - 1.0
03-04 11:27:04.784  2270  2296 D CompatibilityInfo: mCompatibilityFlags - 0
03-04 11:27:04.784  2270  2296 D CompatibilityInfo: applicationDensity - 300
03-04 11:27:04.784  2270  2296 D CompatibilityInfo: applicationScale - 1.0
03-04 11:27:04.798  2270  2391 I am_compact: [7038,com.facebook.appmanager,anon,76556,61616,12204,34632,-12204,0,-12204,13024,73,2,68878,1001,19,1394108,-3688]
03-04 11:27:04.807  3139  3139 D TransmitPower: AccSensorObserverMOTION_DETECTION:onMotionStateChanged() : isStable = false
03-04 11:27:04.807  3139  3139 D TransmitPower: AccSensorObserverBHH_DETECTION:onBHHDetected() : isDetected = false
03-04 11:27:04.807  3139  3139 D TransmitPower: AccSensorObserverBHH_DIRECTION:onBHHStateChanged() : isRightSide = false
03-04 11:27:04.809  3139  3139 D TransmitPower: ProperSensorInfoNotifier:getProperSensorInfo() E : isCallActive = false, isScreenOn = true, isDataActive = true
03-04 11:27:04.809  3139  3139 D TransmitPower: ProperSensorInfoNotifier:getProperSensorInfo() X : shouldPowerOn = true, properDetectedValue = -1
03-04 11:27:04.809  3139  3139 D TransmitPower: AccSensorManager:onProperSensorInfoChanged()
03-04 11:27:04.809  3139  3139 D TransmitPower: AccSensorObserverMOTION_DETECTION:update(): detectedValue = -1
03-04 11:27:04.809  3139  3139 D TransmitPower: AccSensorObserverBHH_DETECTION:update(): detectedValue = -1
03-04 11:27:04.809  3139  3139 D TransmitPower: AccSensorObserverBHH_DIRECTION:update(): detectedValue = -1
03-04 11:27:04.809  3139  3139 D TransmitPower: TelephonyManagerObserver:onDataActivity() : subId = 2, isDataActive = true
03-04 11:27:04.810  4645  4816 I android_os_HwBinder: HwBinder: Starting thread pool for getting: vendor.semc.system.idd@1.0::IIdd/default
03-04 11:27:04.824  1133  2401 W VsyncModulator: setTransactionSchedule: Unexpected EarlyEnd
03-04 11:27:04.835     0     0 I [charger info] usb: present=1 type=4 batt:present = 1 health = 1 charge_type = 3
03-04 11:27:04.835     0     0 I         : [charger info] batt_soc=100 batt_voltage=4379916 batt_current=-186157 batt_temp=288 usb_voltage=4779232 usb_current=478155
03-04 11:27:04.831  2270  2325 I am_pss  : [6067,10166,com.android.vending,36853760,25829376,326656,119939072,0,8,9]
03-04 11:27:04.835  2270  2372 I am_uid_running: 10279
03-04 11:27:04.836  2270  2372 D CompatibilityChangeReporter: Compat change id reported: 135634846; UID 10279; state: DISABLED
03-04 11:27:04.837  2270  2372 D CompatibilityChangeReporter: Compat change id reported: 177438394; UID 10279; state: DISABLED
03-04 11:27:04.838  2270  2372 D CompatibilityChangeReporter: Compat change id reported: 135772972; UID 10279; state: DISABLED
03-04 11:27:04.838  2270  2372 D CompatibilityChangeReporter: Compat change id reported: 135754954; UID 10279; state: ENABLED
03-04 11:27:04.839  2270  2327 D CompatibilityChangeReporter: Compat change id reported: 143937733; UID 10279; state: ENABLED
03-04 11:27:04.852   848   848 D Zygote  : Forked child process 9733
03-04 11:27:04.855  2270  2327 I am_proc_start: [0,9733,10279,com.qualcomm.qtil.aptxui,broadcast,{com.qualcomm.qtil.aptxui/com.qualcomm.qtil.aptxui.aptxuiBootReceiver}]
03-04 11:27:04.855  2270  2327 I ActivityManager: Start proc 9733:com.qualcomm.qtil.aptxui/u0a279 for broadcast {com.qualcomm.qtil.aptxui/com.qualcomm.qtil.aptxui.aptxuiBootReceiver}
03-04 11:27:04.873  4820  4820 I tflite  : Initialized TensorFlow Lite runtime.
03-04 11:27:04.885  1721  1807 I adbd    : jdwp connection from 9733
03-04 11:27:04.896     0     0 I binder  : 9733:9733 ioctl 40046210 7ff7940a44 returned -22
03-04 11:27:04.888  9733  9733 D ProcessState: Binder ioctl to enable oneway spam detection failed: Invalid argument
03-04 11:27:04.894  2270  2372 I am_proc_bound: [0,9733,com.qualcomm.qtil.aptxui]
03-04 11:27:04.896  2270  2372 D CompatibilityChangeReporter: Compat change id reported: 168419799; UID 10279; state: DISABLED
03-04 11:27:04.896  2270  2372 D CompatibilityInfo: mCompatibilityFlags - 0
03-04 11:27:04.896  2270  2372 D CompatibilityInfo: applicationDensity - 300
03-04 11:27:04.896  2270  2372 D CompatibilityInfo: applicationScale - 1.0
03-04 11:27:04.903  2270  2372 I am_uid_active: 10279
03-04 11:27:04.904  2270  2372 D CompatibilityInfo: mCompatibilityFlags - 0
03-04 11:27:04.904  2270  2372 D CompatibilityInfo: applicationDensity - 300
03-04 11:27:04.904  2270  2372 D CompatibilityInfo: applicationScale - 1.0
03-04 11:27:04.908  9733  9733 D CompatibilityChangeReporter: Compat change id reported: 171979766; UID 10279; state: ENABLED
03-04 11:27:04.915  2270  2372 I WifiService: startScan uid=10225
03-04 11:27:04.925  3139  3139 D TransmitPower: AccSensorObserverMOTION_DETECTION:onMotionStateChanged() : isStable = false
03-04 11:27:04.925  3139  3139 D TransmitPower: AccSensorObserverBHH_DETECTION:onBHHDetected() : isDetected = false
03-04 11:27:04.925  3139  3139 D TransmitPower: AccSensorObserverBHH_DIRECTION:onBHHStateChanged() : isRightSide = false
03-04 11:27:04.927  1694  3340 I liblog  : 35
03-04 11:27:04.927  1694  3340 D LOWI-9.0.0.87: [LOWI-Scan] wait_event:Wait done with Cmd 33
