03-04 11:27:09.165  2270  2270 I Telecom : InCallServiceBindingConnection: Attempting to bind to InCall [ComponentInfo{com.sonymobile.telephony.extension/com.sonymobile.telephony.extension.analytics.CallAnalyticsManagerService} supportsExternal? false supportsSelfMg?false], with Intent { act=android.telecom.InCallService cmp=com.sonymobile.telephony.extension/.analytics.CallAnalyticsManagerService (has extras) }: TSI.pC->CM.fOCP->CM.sOCPA->CM.dSMCP->CM.dSPA->CM.pASP@AM0
03-04 11:27:09.168  2270 10393 I AudioTrack: createTrack_l(107): AUDIO_OUTPUT_FLAG_FAST successful; frameCount 960 -> 960
03-04 11:27:09.174  3585  3585 D BoundBrokerSvc: onUnbind: Intent { act=com.google.android.gms.auth.proximity.START cmp=com.google.android.gms/.chimera.PersistentBoundBrokerService }
03-04 11:27:09.175  2270  2270 D CompatibilityInfo: mCompatibilityFlags - 0
03-04 11:27:09.175  2270  2270 D CompatibilityInfo: applicationDensity - 300
03-04 11:27:09.175  2270  2270 D CompatibilityInfo: applicationScale - 1.0
03-04 11:27:09.177  2270  2270 I Telecom : InCallServiceBindingConnection: mCall: [Call id=TC@1, state=CONNECTING, tpac=ComponentInfo{com.android.phone/com.android.services.telephony.TelephonyConnectionService}, ***, UserHandle{0}, cmgr=null, handle=tel:*********06, vidst=A, childs(0), has_parent(false), cap=[], prop=[]], mIsConnected: true: TSI.pC->CM.fOCP->CM.sOCPA->CM.dSMCP->CM.dSPA->CM.pASP@AM0
03-04 11:27:09.177  2270  2270 I Telecom : InCallServiceBindingConnection: Attempting to bind to InCall [ComponentInfo{com.sonymobile.transmitpower/com.sonymobile.transmitpower.util.InCallServiceObserver$InCallServiceImpl} supportsExternal? false supportsSelfMg?true], with Intent { act=android.telecom.InCallService cmp=com.sonymobile.transmitpower/.util.InCallServiceObserver$InCallServiceImpl (has extras) }: TSI.pC->CM.fOCP->CM.sOCPA->CM.dSMCP->CM.dSPA->CM.pASP@AM0
03-04 11:27:09.180  2270  2270 D CompatibilityInfo: mCompatibilityFlags - 0
03-04 11:27:09.180  2270  2270 D CompatibilityInfo: applicationDensity - 300
03-04 11:27:09.180  2270  2270 D CompatibilityInfo: applicationScale - 1.0
03-04 11:27:09.181  2270  2270 I Telecom : InCallServiceBindingConnection: mCall: [Call id=TC@1, state=CONNECTING, tpac=ComponentInfo{com.android.phone/com.android.services.telephony.TelephonyConnectionService}, ***, UserHandle{0}, cmgr=null, handle=tel:*********06, vidst=A, childs(0), has_parent(false), cap=[], prop=[]], mIsConnected: true: TSI.pC->CM.fOCP->CM.sOCPA->CM.dSMCP->CM.dSPA->CM.pASP@AM0
03-04 11:27:09.184  2270  2270 I Telecom : CallRedirectionProcessorHelper: formatNumberToE164, original number: ***: TSI.pC->CIP.sNOCI@AM0
03-04 11:27:09.185  2270  2270 I Telecom : CallRedirectionProcessorHelper: formatNumberToE164, formatted E164 number: null: TSI.pC->CIP.sNOCI@AM0
03-04 11:27:09.185  2270  2270 I Telecom : CallRedirectionProcessorHelper: removePostDialDigits, number after being extracted post dial digits: ***: TSI.pC->CIP.sNOCI@AM0
03-04 11:27:09.185  2270  2270 I Telecom : CallRedirectionProcessorHelper: PackageName is empty. Not performing user-defined call redirection.: TSI.pC->CIP.sNOCI@AM0
03-04 11:27:09.188  2270  2270 I Telecom : CallRedirectionProcessor: Can make call redirection with any available service: true: TSI.pC->CIP.sNOCI@AM0
03-04 11:27:09.189  2270  2270 I Telecom : CallRedirectionProcessorHelper: PackageName is empty. Not performing user-defined call redirection.: TSI.pC->CIP.sNOCI@AM0
03-04 11:27:09.189  2270  2270 I Telecom : CallRedirectionProcessor: There are no user-defined call redirection services installed on this device.: TSI.pC->CIP.sNOCI@AM0
03-04 11:27:09.199  2270  2270 D CompatibilityChangeReporter: Compat change id reported: 168419799; UID 10223; state: DISABLED
03-04 11:27:09.200  2270  2270 D CompatibilityInfo: mCompatibilityFlags - 0
03-04 11:27:09.200  2270  2270 D CompatibilityInfo: applicationDensity - 300
03-04 11:27:09.200  2270  2270 D CompatibilityInfo: applicationScale - 1.0
03-04 11:27:09.201  2270  2270 I Telecom : CallRedirectionProcessor: carrier call redirection ignore timed out setup.: TSI.pC->CIP.sNOCI@AM0
03-04 11:27:09.201  2270  2270 I Telecom : NewOutgoingCallIntentBroadcaster: Sending NewOutgoingCallBroadcast for [Call id=TC@1, state=CONNECTING, tpac=ComponentInfo{com.android.phone/com.android.services.telephony.TelephonyConnectionService}, ***, UserHandle{0}, cmgr=null, handle=tel:*********06, vidst=A, childs(0), has_parent(false), cap=[], prop=[]] to UserHandle{0}: TSI.pC->CIP.sNOCI@AM0
03-04 11:27:09.202  2270  2270 W Telecom : Logging: Log.endSession was called with no session active.
03-04 11:27:09.203  2270  3339 I Telecom : CallAudioRouteStateMachine: setSystemAudioState: changing from [AudioState isMuted: false, route: EARPIECE, supportedRouteMask: EARPIECE, SPEAKER, activeBluetoothDevice: [null], supportedBluetoothDevices: []] to [AudioState isMuted: false, route: EARPIECE, supportedRouteMask: EARPIECE, SPEAKER, activeBluetoothDevice: [null], supportedBluetoothDevices: []]: TSI.pC->CM.fOCP->CM.sOCPA->CM.dSMCP->CM.dSPA->CM.pASP->CARSM.pM_UPDATE_SYSTEM_AUDIO_ROUTE@AM0
03-04 11:27:09.203  2270  3339 I Telecom : CallAudioRouteStateMachine: Message received: SWITCH_FOCUS=4001, arg1=2: TSI.pC->CM.fOCP->CM.sOCPA->CM.dSMCP->CM.dSPA->CM.pASP->CAMSM.pM_2001->CARSM.pM_SWITCH_FOCUS@AM0
03-04 11:27:09.204  2270  3339 I Telecom : QuiescentEarpieceRoute: Processing message SWITCH_FOCUS: TSI.pC->CM.fOCP->CM.sOCPA->CM.dSMCP->CM.dSPA->CM.pASP->CAMSM.pM_2001->CARSM.pM_SWITCH_FOCUS@AM0
03-04 11:27:09.204  2270  3339 I Telecom : Event: RecordEntry TC@1: AUDIO_ROUTE, Leaving state QuiescentEarpieceRoute: TSI.pC->CM.fOCP->CM.sOCPA->CM.dSMCP->CM.dSPA->CM.pASP->CAMSM.pM_2001->CARSM.pM_SWITCH_FOCUS@AM0
03-04 11:27:09.204  2270  3339 I Telecom : Event: RecordEntry TC@1: AUDIO_ROUTE, Entering state ActiveEarpieceRoute: TSI.pC->CM.fOCP->CM.sOCPA->CM.dSMCP->CM.dSPA->CM.pASP->CAMSM.pM_2001->CARSM.pM_SWITCH_FOCUS@AM0
03-04 11:27:09.205  2270  3339 I Telecom : Event: RecordEntry TC@1: AUDIO_ROUTE_EARPIECE, null: TSI.pC->CM.fOCP->CM.sOCPA->CM.dSMCP->CM.dSPA->CM.pASP->CAMSM.pM_2001->CARSM.pM_SWITCH_FOCUS@AM0
03-04 11:27:09.205  2270  3339 I Telecom : CallAudioRouteStateMachine: turning speaker phone false: TSI.pC->CM.fOCP->CM.sOCPA->CM.dSMCP->CM.dSPA->CM.pASP->CAMSM.pM_2001->CARSM.pM_SWITCH_FOCUS@AM0
03-04 11:27:09.205  1072  4186 W APM_AudioPolicyManager: stopAudioSource unknown source for port ID 0
03-04 11:27:09.207  2270  3339 I AudioManager: In setSpeakerphoneOn(), on: false, calling application: com.android.server.telecom
03-04 11:27:09.208  2270  3339 I AS.AudioService: In setSpeakerphoneOn(), on: false, eventSource: setSpeakerphoneOn(false) from u/pid:1000/2270
03-04 11:27:09.208  2270  2270 D MediaSessionService: Global priority session is updated, active=true
03-04 11:27:09.213  2270  2270 I Telecom : InCallController: onConnected to ComponentInfo{com.nttdocomo.android.phonemotion/com.nttdocomo.android.phonemotion.MotionService}: ICSBC.oSC(cnap)@AM8
03-04 11:27:09.214  2270  2270 I Telecom : InCallController: Adding 1 calls to InCallService after onConnected: ComponentInfo{com.nttdocomo.android.phonemotion/com.nttdocomo.android.phonemotion.MotionService}, including external calls: ICSBC.oSC(cnap)@AM8
03-04 11:27:09.215  2270  2270 W Telecom : Call: maybeOnInCallServiceTrackingChanged() request on a call without a connection service.: ICSBC.oSC(cnap)@AM8
03-04 11:27:09.216  2270  2270 I Telecom : InCallController: 1 calls sent to InCallService.: ICSBC.oSC(cnap)@AM8
03-04 11:27:09.216  2270  2270 I Telecom : InCallController: onConnected to ComponentInfo{com.sonymobile.telephony.extension/com.sonymobile.telephony.extension.analytics.CallAnalyticsManagerService}: ICSBC.oSC(cste)@ANA
03-04 11:27:09.216  2270  2270 I Telecom : InCallController: Adding 1 calls to InCallService after onConnected: ComponentInfo{com.sonymobile.telephony.extension/com.sonymobile.telephony.extension.analytics.CallAnalyticsManagerService}, including external calls: ICSBC.oSC(cste)@ANA
03-04 11:27:09.217  2270  2270 W Telecom : Call: maybeOnInCallServiceTrackingChanged() request on a call without a connection service.: ICSBC.oSC(cste)@ANA
03-04 11:27:09.217  2270  2270 I Telecom : InCallController: 1 calls sent to InCallService.: ICSBC.oSC(cste)@ANA
03-04 11:27:09.217  2270  2270 I Telecom : InCallController: onConnected to ComponentInfo{com.sonymobile.transmitpower/com.sonymobile.transmitpower.util.InCallServiceObserver$InCallServiceImpl}: ICSBC.oSC(cst)@ANE
03-04 11:27:09.218  2270  2270 I Telecom : InCallController: Adding 1 calls to InCallService after onConnected: ComponentInfo{com.sonymobile.transmitpower/com.sonymobile.transmitpower.util.InCallServiceObserver$InCallServiceImpl}, including external calls: ICSBC.oSC(cst)@ANE
03-04 11:27:09.218  2270  2270 W Telecom : Call: maybeOnInCallServiceTrackingChanged() request on a call without a connection service.: ICSBC.oSC(cst)@ANE
03-04 11:27:09.218  2270  2270 I Telecom : InCallController: 1 calls sent to InCallService.: ICSBC.oSC(cst)@ANE
03-04 11:27:09.220  2270  2270 I Telecom : Event: RecordEntry TC@1: REDIRECTION_BOUND_CARRIER, ComponentInfo{com.sonymobile.supplementallyservice.dcm/com.sonymobile.supplementallyservice.dcm.DcmCallRedirectionService}: CRSC.oSC@ANI
03-04 11:27:09.221  2270  2270 I Telecom : Event: RecordEntry TC@1: REDIRECTION_SENT_CARRIER, ComponentInfo{com.sonymobile.supplementallyservice.dcm/com.sonymobile.supplementallyservice.dcm.DcmCallRedirectionService}: CRSC.oSC@ANI
03-04 11:27:09.222  2270  2270 I Telecom : InCallController: onConnected to ComponentInfo{com.android.server.telecom/com.android.server.telecom.AmInCallService$InCallServiceImpl}: ICSBC.oSC(cast)@ANM
03-04 11:27:09.222  3139  3139 D TransmitPower: InCallServiceObserver:onCallAudioStateChanged() E : CallAudioState = [AudioState isMuted: false, route: EARPIECE, supportedRouteMask: EARPIECE, SPEAKER, activeBluetoothDevice: [null], supportedBluetoothDevices: []]
03-04 11:27:09.222  3139  3139 D TransmitPower: InCallServiceObserver:onCallAudioStateChanged() X : Call state is not ACTIVE
03-04 11:27:09.223  2270  2270 I Telecom : InCallController: Adding 1 calls to InCallService after onConnected: ComponentInfo{com.android.server.telecom/com.android.server.telecom.AmInCallService$InCallServiceImpl}, including external calls: ICSBC.oSC(cast)@ANM
03-04 11:27:09.223  2270  2270 W Telecom : Call: maybeOnInCallServiceTrackingChanged() request on a call without a connection service.: ICSBC.oSC(cast)@ANM
03-04 11:27:09.223  2270  2270 I Telecom : InCallController: 1 calls sent to InCallService.: ICSBC.oSC(cast)@ANM
03-04 11:27:09.223 10223 10223 I DcmCallRedirectionService: onPlaceCall:
03-04 11:27:09.230  3139  3139 D TransmitPower: AccSensorObserverMOTION_DETECTION:onMotionStateChanged() : isStable = true
03-04 11:27:09.230  3139  3139 D TransmitPower: AccSensorObserverBHH_DETECTION:onBHHDetected() : isDetected = false
03-04 11:27:09.230  3139  3139 D TransmitPower: AccSensorObserverBHH_DIRECTION:onBHHStateChanged() : isRightSide = false
03-04 11:27:09.230  4876  4876 D OsAgent : onReceive: android.intent.action.NEW_OUTGOING_CALL
03-04 11:27:09.232  4876  5796 D LocSvc_NiH: onReceive: 2
03-04 11:27:09.233  4876  5796 D LocSvc_NiH: bundle != null
03-04 11:27:09.233  9027  9027 I phonemotion: MotionService.sendRequestOffHookMotionWatch: mUseHeadset:false mUseBluetooth:false
03-04 11:27:09.236  6362  6958 D SQLiteQueryBuilder: SELECT _id AS _id, uid, destination, _data FROM downloads WHERE ((uid IS NOT NULL)) with args null
03-04 11:27:09.236  1005  1005 I sensors-hal: activate:214, android.sensor.gyroscope/41 en=0
03-04 11:27:09.237  2270  4364 D CompatibilityInfo: mCompatibilityFlags - 0
03-04 11:27:09.237  2270  4364 D CompatibilityInfo: applicationDensity - 300
03-04 11:27:09.237  2270  4364 D CompatibilityInfo: applicationScale - 1.0
03-04 11:27:09.237 10223 10223 D DcmCallRedirectionService: shouldShowAutoConvertDialog: Can not convert this number.
03-04 11:27:09.242  1005  1005 E Diag_Lib: diag: Diag_LSM_DeInit: invoked for pid: 1005
03-04 11:27:09.242  1005  1005 I sensors-hal: activate:225, android.sensor.gyroscope/41 en=0 completed
03-04 11:27:09.243  2270  2270 I Telecom : Event: RecordEntry TC@1: REDIRECTION_COMPLETED_CARRIER, null: CRA.pCU->CRP.oCRC@ANQ
03-04 11:27:09.243  2270  2270 I Telecom : CallsManager: onCallRedirectionComplete for Call [Call id=TC@1, state=CONNECTING, tpac=ComponentInfo{com.android.phone/com.android.services.telephony.TelephonyConnectionService}, ***, UserHandle{0}, cmgr=null, handle=tel:*********06, vidst=A, childs(0), has_parent(false), cap=[], prop=[]] with handle tel:18609573806 and phoneAccountHandle ComponentInfo{com.android.phone/com.android.services.telephony.TelephonyConnectionService}, ***, UserHandle{0}: CRA.pCU->CRP.oCRC@ANQ
03-04 11:27:09.244  2270  2270 I Telecom : CallsManager: Creating a new outgoing call with handle: tel:*********06: CRA.pCU->CRP.oCRC@ANQ
03-04 11:27:09.244  1005  1005 I sensors-hal: activate:214, android.sensor.proximity/82 en=0
03-04 11:27:09.246 10223 10223 I DcmCallRedirectionService: onDestroy:
03-04 11:27:09.248  2270  2582 I am_uid_running: 10205
03-04 11:27:09.249  1005  1005 I sensors-hal: activate:225, android.sensor.proximity/82 en=0 completed
03-04 11:27:09.249 10187 10187 I Pip_firewall: Finish to apply ruler to table, table type = 0
03-04 11:27:09.249 10187 10187 I Pip_firewall: Start to apply ruler to table, table type = 1
03-04 11:27:09.250  2270  2582 D CompatibilityChangeReporter: Compat change id reported: 135634846; UID 10205; state: DISABLED
03-04 11:27:09.250  2270  2582 D CompatibilityChangeReporter: Compat change id reported: 177438394; UID 10205; state: DISABLED
03-04 11:27:09.250  2270  2582 D CompatibilityChangeReporter: Compat change id reported: 135772972; UID 10205; state: DISABLED
03-04 11:27:09.250  2270  2582 D CompatibilityChangeReporter: Compat change id reported: 135754954; UID 10205; state: ENABLED
03-04 11:27:09.250  1005  1005 I sensors-hal: activate:214, android.sensor.linear_acceleration/101 en=0
03-04 11:27:09.251  1005  1005 I sensors-hal: activate:225, android.sensor.linear_acceleration/101 en=0 completed
03-04 11:27:09.251  2270  2327 D CompatibilityChangeReporter: Compat change id reported: 143937733; UID 10205; state: ENABLED
03-04 11:27:09.256  2270  2270 I Telecom : PhoneAccountRegistrar: getSimCallManager: SimCallManager for subId 2 queried, returning: null: CRA.pCU->CRP.oCRC@ANQ
03-04 11:27:09.257  2270  2270 I Telecom : CreateConnectionProcessor: Trying attempt CallAttemptRecord(ComponentInfo{com.android.phone/com.android.services.telephony.TelephonyConnectionService}, ***, UserHandle{0},ComponentInfo{com.android.phone/com.android.services.telephony.TelephonyConnectionService}, ***, UserHandle{0}): CRA.pCU->CRP.oCRC@ANQ
03-04 11:27:09.259  2270  3352 I Telecom : ConnectionServiceFocusManager: handleRequestFocus req = com.android.server.telecom.ConnectionServiceFocusManager$FocusRequest@14c3c4a: CRA.pCU->CRP.oCRC->CSFM.rF@ANQ
03-04 11:27:09.260  2270  3352 I Telecom : Logging.Events: Non-call EVENT: BIND_CS, ComponentInfo{com.android.phone/com.android.services.telephony.TelephonyConnectionService}: CRA.pCU->CRP.oCRC->CSFM.rF@ANQ
03-04 11:27:09.267   848   848 D Zygote  : Forked child process 10408
03-04 11:27:09.274  2270  3352 D CompatibilityInfo: mCompatibilityFlags - 0
03-04 11:27:09.274  2270  3352 D CompatibilityInfo: applicationDensity - 300
03-04 11:27:09.274  2270  3352 D CompatibilityInfo: applicationScale - 1.0
03-04 11:27:09.278  2270  2270 I Telecom : CallerInfoLookupHelper: CI query for handle tel:*********06 has completed; notifying all listeners.: TSI.pC->CILH.sL->CILH.oQC@AM0
03-04 11:27:09.278  2270  2270 I Telecom : Call: CallerInfo received for tel:*********06: android.telecom.CallerInfo@ee1e6f0 { name null, phoneNumber non-null }: TSI.pC->CILH.sL->CILH.oQC@AM0
03-04 11:27:09.278  2270  2270 I Telecom : CallerInfoLookupHelper: There is no photo for this contact, skipping photo query: TSI.pC->CILH.sL->CILH.oQC@AM0
03-04 11:27:09.279  2270  2270 I Telecom : CallsManager: Outgoing caller ID complete: TSI.pC->CILH.sL->CILH.oQC->CM.pCSB@AM0
03-04 11:27:09.279   989  2059 D audio_hw_primary: out_set_parameters: enter: usecase(1: low-latency-playback) kvpairs: suspend_playback=true
03-04 11:27:09.282  2270  3352 I Telecom : ConnectionServiceWrapper: createConnection([Call id=TC@1, state=CONNECTING, tpac=ComponentInfo{com.android.phone/com.android.services.telephony.TelephonyConnectionService}, ***, UserHandle{0}, cmgr=ComponentInfo{com.android.phone/com.android.services.telephony.TelephonyConnectionService}, ***, UserHandle{0}, handle=tel:*********06, vidst=A, childs(0), has_parent(false), cap=[], prop=[]]) via ComponentInfo{com.android.phone/com.android.services.telephony.TelephonyConnectionService}.: CRA.pCU->CRP.oCRC->CSFM.rF@ANQ
03-04 11:27:09.284  2270  2327 I am_proc_start: [0,10408,10205,com.google.android.apps.photos,broadcast,{com.google.android.apps.photos/com.google.android.apps.photos.sdcard.envcache.ExternalStorageStateChangeBroadcastReceiver}]
03-04 11:27:09.285  2270  2327 I ActivityManager: Start proc 10408:com.google.android.apps.photos/u0a205 for broadcast {com.google.android.apps.photos/com.google.android.apps.photos.sdcard.envcache.ExternalStorageStateChangeBroadcastReceiver}
03-04 11:27:09.288  2270  2270 I Telecom : ServiceBinderConnection: Service bound ComponentInfo{com.android.phone/com.android.services.telephony.TelephonyConnectionService}: SBC.oSC(cap)@ANU
03-04 11:27:09.288  2270  2270 I Telecom : Logging.Events: Non-call EVENT: CS_BOUND, ComponentInfo{com.android.phone/com.android.services.telephony.TelephonyConnectionService}: SBC.oSC(cap)@ANU
03-04 11:27:09.289  2270  2270 I Telecom : Event: RecordEntry TC@1: START_CONNECTION, tel:*********06 via:com.android.phone: SBC.oSC(cap)@ANU
03-04 11:27:09.304     0     0 I binder  : 10408:10408 ioctl 40046210 7ff7940a44 returned -22
03-04 11:27:09.295  1721  1807 I adbd    : jdwp connection from 10408
03-04 11:27:09.296 10408 10408 D ProcessState: Binder ioctl to enable oneway spam detection failed: Invalid argument
03-04 11:27:09.298  2270  4364 D CompatibilityInfo: mCompatibilityFlags - 0
03-04 11:27:09.298  2270  4364 D CompatibilityInfo: applicationDensity - 300
03-04 11:27:09.298  2270  4364 D CompatibilityInfo: applicationScale - 1.0
03-04 11:27:09.301  2270  4364 I am_proc_bound: [0,10408,com.google.android.apps.photos]
03-04 11:27:09.302  2270  2582 I Telecom : PhoneAccountRegistrar: getSimCallManager: SimCallManager for subId 2 queried, returning: null: (...->CS.aCSA->H.CS.aCSA)->CSW.qRCS(cap)@E-E-ANU
03-04 11:27:09.303  2270  2582 W Telecom : ConnectionServiceWrapper: call provider also detected as SIM call manager: [ConnectionServiceWrapper componentName=ComponentInfo{com.android.phone/com.android.services.telephony.TelephonyConnectionService}]: (...->CS.aCSA->H.CS.aCSA)->CSW.qRCS(cap)@E-E-ANU
03-04 11:27:09.303  2270  4364 D CompatibilityChangeReporter: Compat change id reported: 168419799; UID 10205; state: DISABLED
03-04 11:27:09.303  2270  4364 D CompatibilityInfo: mCompatibilityFlags - 0
03-04 11:27:09.303  2270  4364 D CompatibilityInfo: applicationDensity - 300
03-04 11:27:09.303  2270  4364 D CompatibilityInfo: applicationScale - 1.0
03-04 11:27:09.304  3194  3194 I TelecomFramework: TelephonyConnectionService: createConnection, callManagerAccount: ComponentInfo{com.android.phone/com.android.services.telephony.TelephonyConnectionService}, ***, UserHandle{0}, callId: TC@1_1, request: ConnectionRequest xxxxxxxxxxxxxxx Bundle[org.codeaurora.extra.CALL_DOMAIN=0, android.telecom.extra.START_CALL_WITH_VIDEO_STATE=0, android.telecom.extra.CALL_TELECOM_ROUTING_END_TIME_MILLIS=94919, android.telecom.extra.CALL_CREATED_TIME_MILLIS=94857, android.telecom.extra.CALL_TELECOM_ROUTING_START_TIME_MILLIS=94919, com.android.dialer.callintent.CALL_SPECIFIC_APP_DATA=[B@bb23306, ] isAdhocConf: N, isIncoming: false, isUnknown: false, isLegacyHandover: false, isHandover: false,  addSelfManaged: true: (SBC.oSC)->CS.crCo->H.CS.crCo->H.CS.crCo.pICR(cap/cast)@E-ANU
03-04 11:27:09.305  3194  3194 I Telephony: onCreateOutgoingConnection, request: ConnectionRequest xxxxxxxxxxxxxxx Bundle[org.codeaurora.extra.CALL_DOMAIN=0, android.telecom.extra.START_CALL_WITH_VIDEO_STATE=0, android.telecom.extra.CALL_TELECOM_ROUTING_END_TIME_MILLIS=94919, android.telecom.extra.CALL_CREATED_TIME_MILLIS=94857, android.telecom.extra.CALL_TELECOM_ROUTING_START_TIME_MILLIS=94919, com.android.dialer.callintent.CALL_SPECIFIC_APP_DATA=[B@bb23306, ] isAdhocConf: N
03-04 11:27:09.309  2270  4364 D CompatibilityInfo: mCompatibilityFlags - 0
03-04 11:27:09.310  2270  4364 D CompatibilityInfo: applicationDensity - 300
03-04 11:27:09.310  2270  4364 D CompatibilityInfo: applicationScale - 1.0
03-04 11:27:09.314 10408 10408 D CompatibilityChangeReporter: Compat change id reported: 171979766; UID 10205; state: ENABLED
03-04 11:27:09.316  3194  3194 V Telephony: onStateChanged, state: INITIALIZING
03-04 11:27:09.316  3194  3194 D Telephony: buildConnectionCapabilities: isHoldable = false State = 0 capabilities = 0
03-04 11:27:09.317  3194  3194 I Telephony: updatePhoneAccount setPhoneAccountHandle, account = ComponentInfo{com.android.phone/com.android.services.telephony.TelephonyConnectionService}, ***, UserHandle{0}
03-04 11:27:09.323  2270  2582 D CompatibilityChangeReporter: Compat change id reported: 124107808; UID 1001; state: ENABLED
03-04 11:27:09.324  2270  2582 D CompatibilityChangeReporter: Compat change id reported: 124107808; UID 1001; state: DISABLED
03-04 11:27:09.324  3194  3194 D TelephonyProvider: Using old permission behavior for telephony provider compat
03-04 11:27:09.325  3194  3194 D SQLiteQueryBuilder: SELECT voims_opt_in_status FROM siminfo WHERE ((_id=?)) with args [2]
03-04 11:27:09.327  3194  3194 D SubscriptionController: getSubscriptionProperty Query value = 0
03-04 11:27:09.327  3194  3194 D ImsManagerIM [0]: getLocalImsConfigKeInt() for key:68, result: 0
03-04 11:27:09.328   989  1224 D audio_hw_primary: out_set_parameters: enter: usecase(1: low-latency-playback) kvpairs: suspend_playback=false
03-04 11:27:09.333  3194  3506 D CarrierTestOverride: reading imsi from CarrierTestConfig file: 440100123456789
03-04 11:27:09.333   989  1223 D audio_hw_primary: adev_create_audio_patch: enter: num sources 1, num_sinks 1, handle 1
03-04 11:27:09.334   989  1223 D audio_hw_primary: adev_create_audio_patch: Playback patch from mix handle 13 to device 1
03-04 11:27:09.334  3194  3506 D CarrierTestOverride: reading iccid from CarrierTestConfig file: 123456789012345678901
03-04 11:27:09.335   989  1223 D audio_hw_primary: route_output_stream: enter: usecase(1: low-latency-playback) devices 1
03-04 11:27:09.336   989  1223 D voice_extn: update_calls: enter:
03-04 11:27:09.336   989  1223 D voice_extn: update_calls: cur_state=1 new_state=1 vsid=10c01000
03-04 11:27:09.336   989  1223 D voice_extn: update_calls: cur_state=1 new_state=1 vsid=10dc1000
03-04 11:27:09.336  3194  3194 D TelephonyProvider: Using old permission behavior for telephony provider compat
03-04 11:27:09.336   989  1223 D voice_extn: update_calls: cur_state=1 new_state=1 vsid=10c02000
03-04 11:27:09.336   989  1223 D voice_extn: update_calls: cur_state=1 new_state=1 vsid=10803000
03-04 11:27:09.336   989  1223 D voice_extn: update_calls: cur_state=1 new_state=1 vsid=10002000
03-04 11:27:09.336   989  1223 D voice_extn: update_calls: cur_state=1 new_state=1 vsid=11c05000
03-04 11:27:09.336   989  1223 D voice_extn: update_calls: cur_state=1 new_state=1 vsid=11dc5000
03-04 11:27:09.336  3194  3194 D SQLiteQueryBuilder: SELECT volte_vt_enabled FROM siminfo WHERE ((_id=?)) with args [2]
03-04 11:27:09.337   989  1223 D audio_hw_primary: select_devices for use case (low-latency-playback)
03-04 11:27:09.337   989  1223 D msm8974_platform: is_operator_tmus: tmus mccmnc 44010
03-04 11:27:09.337   989  1223 D audio_hw_primary: select_devices: changing use case low-latency-playback output device from(2: speaker, acdb 14) to (20: voice-handset, acdb 7)
03-04 11:27:09.337   989  1223 D audio_hw_primary: disable_audio_route: reset and update mixer path: low-latency-playback
03-04 11:27:09.338  3194  3194 D SubscriptionController: getSubscriptionProperty Query value = -1
03-04 11:27:09.345  3194  3194 D TelephonyProvider: Using old permission behavior for telephony provider compat
03-04 11:27:09.346  3194  3194 D SQLiteQueryBuilder: SELECT voims_opt_in_status FROM siminfo WHERE ((_id=?)) with args [2]
03-04 11:27:09.348  3194  3194 D SubscriptionController: getSubscriptionProperty Query value = 0
03-04 11:27:09.349  3194  3194 D TelephonyProvider: Using old permission behavior for telephony provider compat
03-04 11:27:09.349  3194  3194 D SQLiteQueryBuilder: SELECT voims_opt_in_status FROM siminfo WHERE ((_id=?)) with args [2]
03-04 11:27:09.351  3194  3194 D SubscriptionController: getSubscriptionProperty Query value = 0
03-04 11:27:09.352  3194  3194 D ImsManagerIM [0]: getLocalImsConfigKeInt() for key:68, result: 0
03-04 11:27:09.355  3139  3139 D TransmitPower: AccSensorObserverMOTION_DETECTION:onMotionStateChanged() : isStable = true
03-04 11:27:09.356  3139  3139 D TransmitPower: AccSensorObserverBHH_DETECTION:onBHHDetected() : isDetected = false
03-04 11:27:09.356  3194  3194 D TelephonyProvider: Using old permission behavior for telephony provider compat
03-04 11:27:09.356  3139  3139 D TransmitPower: AccSensorObserverBHH_DIRECTION:onBHHStateChanged() : isRightSide = false
03-04 11:27:09.356  3194  3194 D SQLiteQueryBuilder: SELECT volte_vt_enabled FROM siminfo WHERE ((_id=?)) with args [2]
03-04 11:27:09.359  3194  3194 D SubscriptionController: getSubscriptionProperty Query value = -1
03-04 11:27:09.365  3194  3194 D TelephonyProvider: Using old permission behavior for telephony provider compat
03-04 11:27:09.365  3194  3194 D SQLiteQueryBuilder: SELECT voims_opt_in_status FROM siminfo WHERE ((_id=?)) with args [2]
03-04 11:27:09.365   989  1223 D soundtrigger: audio_extn_sound_trigger_update_stream_status: uc_info->id 1 of type 0 for Event 2, with Raise=0
03-04 11:27:09.366   989  1223 D hardware_info: hw_info_append_hw_type : device_name = speaker
03-04 11:27:09.366   989  1223 D audio_hw_primary: disable_snd_device: snd_device(2: speaker)
03-04 11:27:09.367  3194  3194 D SubscriptionController: getSubscriptionProperty Query value = 0
03-04 11:27:09.368  3194  3194 D GsmCdmaPhone: [0] useImsForCall=true, useImsForPsOnlyCall=false, isEmergency=false, useImsForEmergency=false, useImsForUt=false, isUt=false, isSuppServiceCode=false, isPotentialUssdCode=false, isWpsCall=false, allowWpsOverIms=true, imsPhone=Handler (com.android.internal.telephony.imsphone.ImsPhone) {70ab43d}, imsPhone.isVoiceOverCellularImsEnabled()=true, imsPhone.isVowifiEnabled()=false, imsPhone.isVideoEnabled()=false, imsPhone.getServiceState().getState()=0
03-04 11:27:09.375     0     0 I [aw87xxx_pa_1_58]aw87xxx_show_current_mode: aw87559_i2c1@0x58 current_mode: 1, pa_channel: 0
03-04 11:27:09.375     0     0 I aw87xxx_mode_get_0: get mode:1
03-04 11:27:09.375     0     0 I         : [aw87xxx_pa_1_58]aw87xxx_audio_scene_load enter, mode=0, pa_channel=0
03-04 11:27:09.376     0     0 I         : [aw87xxx_pa_1_58]aw87xxx_hw_off enter
03-04 11:27:09.370  3194  3194 D GsmCdmaPhone: [0] Trying IMS PS call
03-04 11:27:09.370  3194  3194 I Telephony: GsmConnection: registerForCallEvents; phone=Handler (com.android.internal.telephony.imsphone.ImsPhone) {70ab43d}
03-04 11:27:09.371  3194  3194 D GsmMmiCode: isTwoDigitShortCode
03-04 11:27:09.371  3194  3194 D ImsPhone: [0] dialInternal: dialing w/ mmi 'null'...
03-04 11:27:09.371  3194  3194 D ScbmHandler: isInScbm: false
03-04 11:27:09.372  3194  3194 I ImsPhoneCallTracker: shouldProcessCall: number: [n6KN5f4kwY_sm5VFQiUC5_LcFp0], result: 0
03-04 11:27:09.372  3194  3194 D ImsPhoneCallTracker: [0] dial clirMode=0
03-04 11:27:09.378     0     0 I         : [aw87xxx_pa_1_58]aw87xxx_monitor_stop enter, dev_i2c1@0x58
03-04 11:27:09.373   989  1223 I soundtrigger: audio_extn_sound_trigger_update_device_status: device 0x2 of type 0 for Event 0, with Raise=0
03-04 11:27:09.373   989  1223 I msm8974_platform: platform_check_and_set_codec_backend_cfg:becf: afe: bitwidth 16, samplerate 48000 channels 2, backend_idx 0 usecase = 1 device (voice-handset)
03-04 11:27:09.373   989  1223 I msm8974_platform: platform_check_and_set_codec_backend_cfg: new_snd_devices[0] is 20
03-04 11:27:09.373   989  1223 I msm8974_platform: platform_check_codec_backend_cfg:becf: afe: bitwidth 16, samplerate 48000 channels 2, backend_idx 0 usecase = 1 device (voice-handset)
03-04 11:27:09.374  3194  3194 D ImsPhoneCallTracker: [0] convertNumberIfNecessary convertMaps is null
03-04 11:27:09.374  3194  3194 D ImsPhoneCallTracker: [0] clearDisconnected
03-04 11:27:09.374   989  1223 D msm8974_platform: platform_check_codec_backend_cfg:becf: updated afe: bitwidth 16, samplerate 48000 channels 2,backend_idx 0 usecase = 1 device (voice-handset)
03-04 11:27:09.374   989  1223 I msm8974_platform: platform_check_codec_backend_cfg:becf: afe: Codec selected backend: 0 updated bit width: 16 and sample rate: 48000
03-04 11:27:09.374  3194  3194 D ImsPhoneCallTracker: [0] updatePhoneState pendingMo = null, fg= IDLE(0), bg= IDLE(0)
03-04 11:27:09.374   989  1223 D audio_hw_primary: check_usecases_codec_backend:becf: force routing 0
03-04 11:27:09.374   989  1223 D audio_hw_primary: check_usecases_codec_backend:becf: (85) check_usecases curr device: voice-handset, usecase device:speaker backends match 0
03-04 11:27:09.374  3194  3194 D ImsPhoneCallTracker: [0] updatePhoneState oldState=IDLE, newState=IDLE
03-04 11:27:09.374   989  1223 D audio_hw_primary: check_usecases_codec_backend:becf: check_usecases num.of Usecases to switch 0
03-04 11:27:09.374   989  1223 D hardware_info: hw_info_append_hw_type : device_name = voice-handset
03-04 11:27:09.374   989  1223 D audio_hw_primary: enable_snd_device: snd_device(20: voice-handset)
03-04 11:27:09.374   989  1223 D msm8974_platform: platform_get_island_cfg_on_device:island cfg status on snd_device = (voice-handset 0)
03-04 11:27:09.374   989  1223 I soundtrigger: audio_extn_sound_trigger_update_device_status: device 0x14 of type 0 for Event 1, with Raise=0
03-04 11:27:09.375   989  1223 D audio_route: Apply path: voice-handset
03-04 11:27:09.375  3194  3194 D ImsPhoneCallTracker: [0] dial: deferDial = INVALID
03-04 11:27:09.375  3194  3194 D ImsPhoneConnection: acquireWakeLock
03-04 11:27:09.378   989  1223 D soundtrigger: audio_extn_sound_trigger_update_stream_status: uc_info->id 1 of type 0 for Event 3, with Raise=0
03-04 11:27:09.378   989  1223 D audio_hw_utils: audio_extn_utils_send_app_type_cfg: usecase->out_snd_device voice-handset
03-04 11:27:09.379   989  1223 I audio_hw_utils: send_app_type_cfg_for_device PLAYBACK app_type 69937, acdb_dev_id 7, sample_rate 48000, snd_device_be_idx 187
03-04 11:27:09.379   989  1223 D ACDB-LOADER: ACDB -> send_audio_cal, acdb_id = 7, path = 0, app id = 0x11131, sample rate = 48000, use_case = 0,buffer_idx_w_path =0, afe_sample_rate = 48000, cal_mode = 1, offset_index = 0
03-04 11:27:09.379   989  1223 D ACDB-LOADER: ACDB -> send_asm_topology
03-04 11:27:09.379   989  1223 D ACDB-LOADER: ACDB -> ACDB_CMD_GET_AUDPROC_STREAM_TOPOLOGY_ID
03-04 11:27:09.379   989  1223 D ACDB-LOADER: ACDB -> send_adm_topology
03-04 11:27:09.379   989  1223 D ACDB-LOADER: ACDB -> ACDB_CMD_GET_AUDPROC_COMMON_TOPOLOGY_ID
03-04 11:27:09.380   989  1223 D ACDB-LOADER: ACDB -> send_audtable
03-04 11:27:09.380   989  1223 D ACDB-LOADER: ACDB -> ACDB_CMD_GET_AUDPROC_INSTANCE_COMMON_TABLE_SIZE
03-04 11:27:09.380   989  1223 D ACDB-LOADER: ACDB -> ACDB_CMD_GET_AUDPROC_INSTANCE_COMMON_TABLE
03-04 11:27:09.380   989  1223 D ACDB-LOADER: ACDB -> AUDIO_SET_AUDPROC_CAL cal_type[11] acdb_id[7] app_type[69937]
03-04 11:27:09.380   989  1223 D ACDB-LOADER: ACDB -> send_audvoltable
03-04 11:27:09.380   989  1223 D ACDB-LOADER: ACDB -> ACDB_CMD_GET_AUDPROC_INSTANCE_GAIN_DEP_STEP_TABLE_SIZE
03-04 11:27:09.380   989  1223 D ACDB-LOADER: ACDB -> ACDB_CMD_GET_AUDPROC_INSTANCE_GAIN_DEP_STEP_TABLE, vol index 0
03-04 11:27:09.380   989  1223 D ACDB-LOADER: ACDB -> AUDIO_SET_VOL_CAL cal type = 12
03-04 11:27:09.380   989  1223 D ACDB-LOADER: ACDB -> ACDB_CMD_GET_AUDPROC_INSTANCE_STREAM_TABLE_SIZE
03-04 11:27:09.380   989  1223 D ACDB-LOADER: ACDB -> send_audstrmtable
03-04 11:27:09.380   989  1223 D ACDB-LOADER: ACDB -> ACDB_CMD_GET_AUDPROC_INSTANCE_STREAM_TABLE
03-04 11:27:09.380   989  1223 D ACDB-LOADER: ACDB -> audstrm_cal->cal_type.cal_data.cal_size = 20
03-04 11:27:09.380   989  1223 D ACDB-LOADER: ACDB -> send_afe_topology
03-04 11:27:09.380   989  1223 D ACDB-LOADER: ACDB -> ACDB_CMD_GET_AFE_TOPOLOGY_ID
03-04 11:27:09.380   989  1223 D ACDB-LOADER: ACDB -> GET_AFE_TOPOLOGY_ID for adcd_id 7, Topology Id 112fc
03-04 11:27:09.380   989  1223 D ACDB-LOADER: ACDB -> send_afe_cal
03-04 11:27:09.380   989  1223 D ACDB-LOADER: ACDB -> ACDB_CMD_GET_AFE_INSTANCE_COMMON_TABLE_SIZE
03-04 11:27:09.380   989  1223 D android.hardware.audio.service: Failed to fetch the lookup information of the device 00000007 
03-04 11:27:09.380   989  1223 D ACDB-LOADER: Error: ACDB_CMD_GET_AFE_INSTANCE_COMMON_TABLE_SIZE Returned = -19
03-04 11:27:09.380   989  1223 D ACDB-LOADER: ACDB -> ACDB_CMD_GET_AFE_INSTANCE_COMMON_TABLE
03-04 11:27:09.380   989  1223 D android.hardware.audio.service: Failed to fetch the lookup information of the device 00000007 
03-04 11:27:09.380   989  1223 D ACDB-LOADER: Error: ACDB AFE returned = -19
03-04 11:27:09.380   989  1223 D ACDB-LOADER: ACDB -> AUDIO_SET_AFE_CAL cal_type[16] acdb_id[7]
03-04 11:27:09.380   989  1223 D ACDB-LOADER: ACDB -> send_hw_delay : acdb_id = 7 path = 0
03-04 11:27:09.380   989  1223 D ACDB-LOADER: ACDB -> ACDB_AVSYNC_INFO: ACDB_CMD_GET_DEVICE_PROPERTY
03-04 11:27:09.380   989  1223 D audio_hw_primary: enable_audio_route: apply mixer and update path: low-latency-playback handset
03-04 11:27:09.380   989  1223 D audio_route: Apply path: low-latency-playback handset
03-04 11:27:09.382  3194  3194 D ImsPhoneCallTracker: [0] dialInternal: conn.getDeferDialStatus INVALID
03-04 11:27:09.406  3194  3194 D SubscriptionController: [getActiveSubscriptionInfoForSimSlotIndex]+ slotIndex=0 subId={id=2 iccId=89860012262081786394 simSlotIndex=0 carrierId=850 displayName=CMCC carrierName=CMCC nameSource=1 iconTint=-16746133 number=19829368690 dataRoaming=0 iconBitmap=android.graphics.Bitmap@b40507d mcc=440 mnc=10 countryIso=jp isEmbedded=false nativeAccessRules=null cardString=89860012262081786394 cardId=1 isOpportunistic=false groupUUID=null isGroupDisabled=false profileClass=-1 ehplmns=[46000, 46007, 46002, 46008] hplmns=[46000, 46000, 46000] subscriptionType=0 groupOwner=null carrierConfigAccessRules=null areUiccApplicationsEnabled=true}
03-04 11:27:09.409  3194  3194 D ImsPhoneCallTracker: [0] dialInternal: isStartRttCall = true
03-04 11:27:09.411  3194  3194 D SubscriptionController: [getActiveSubscriptionInfoForSimSlotIndex]+ slotIndex=0 subId={id=2 iccId=89860012262081786394 simSlotIndex=0 carrierId=850 displayName=CMCC carrierName=CMCC nameSource=1 iconTint=-16746133 number=19829368690 dataRoaming=0 iconBitmap=android.graphics.Bitmap@b40507d mcc=440 mnc=10 countryIso=jp isEmbedded=false nativeAccessRules=null cardString=89860012262081786394 cardId=1 isOpportunistic=false groupUUID=null isGroupDisabled=false profileClass=-1 ehplmns=[46000, 46007, 46002, 46008] hplmns=[46000, 46000, 46000] subscriptionType=0 groupOwner=null carrierConfigAccessRules=null areUiccApplicationsEnabled=true}
03-04 11:27:09.416  3194  3194 D SubscriptionController: [getActiveSubscriptionInfoForSimSlotIndex]+ slotIndex=0 subId={id=2 iccId=89860012262081786394 simSlotIndex=0 carrierId=850 displayName=CMCC carrierName=CMCC nameSource=1 iconTint=-16746133 number=19829368690 dataRoaming=0 iconBitmap=android.graphics.Bitmap@b40507d mcc=440 mnc=10 countryIso=jp isEmbedded=false nativeAccessRules=null cardString=89860012262081786394 cardId=1 isOpportunistic=false groupUUID=null isGroupDisabled=false profileClass=-1 ehplmns=[46000, 46007, 46002, 46008] hplmns=[46000, 46000, 46000] subscriptionType=0 groupOwner=null carrierConfigAccessRules=null areUiccApplicationsEnabled=true}
03-04 11:27:09.378     0     0 I aw87xxx_mode_set_0: set mode:0 success
03-04 11:27:09.424     0     0 I afe_get_cal_topology_id: port_id = 0xb030 acdb_id = 7 topology_id = 0x112fc cal_type_index=8 ret=0
03-04 11:27:09.425     0     0 E send_afe_cal_type: No cal sent for cal_index 0, port_id = 0xb030! ret -22
03-04 11:27:09.421  3194  3194 D ImsPhoneConnection: getDisconnectCause: cause=0
03-04 11:27:09.422  3194  3194 D ImsManager [0]: makeCall :: profile={ serviceType=1, callType=2, restrictCause=0, mediaProfile={ audioQuality=0, audioDirection=3, audioCodecAttribute=null, videoQuality=0, videoDirection=-1, rttMode=0, hasRttAudioSpeech=false }, emergencyServiceCategories=0, emergencyUrns=[], emergencyCallRouting=0, emergencyCallTesting=false, hasKnownUserIntentEmergency=false, mRestrictCause=0, mCallerNumberVerstat= 0, mAcceptedRtpHeaderExtensions= [] }
03-04 11:27:09.433     0     0 I afe_send_hw_delay: port_id 0xb030 rate 48000 delay_usec 474 status 0
03-04 11:27:09.430   989  1223 D audio_hw_primary: select_devices: done
03-04 11:27:09.431  3139  3139 D TransmitPower: AccSensorObserverMOTION_DETECTION:onMotionStateChanged() : isStable = true
03-04 11:27:09.431  3139  3139 D TransmitPower: AccSensorObserverBHH_DETECTION:onBHHDetected() : isDetected = false
03-04 11:27:09.431  3139  3139 D TransmitPower: AccSensorObserverBHH_DIRECTION:onBHHStateChanged() : isRightSide = false
03-04 11:27:09.434   989  4198 W audio_hw_primary: out_write: underrun(8) frames_by_time(7622) > out->last_fifo_frames_remaining(384)
03-04 11:27:09.437  2960  3842 I QImsService: ImsCallSessionCallbackHandler : Constructor: start handler thread for callbacks.
03-04 11:27:09.441  2960  3842 I QImsService: ImsCallSessionImpl : updateFeatureCapabilities video false voice true
03-04 11:27:09.443  2960  3842 D VideoCall_MediaController: onSessionAdded callSession= callid= -1 mediaId=-1 mState= 0 mDc=null mCallProfile={ serviceType=1, callType=2, restrictCause=0, mediaProfile={ audioQuality=0, audioDirection=3, audioCodecAttribute=null, videoQuality=0, videoDirection=-1, rttMode=0, hasRttAudioSpeech=false }, emergencyServiceCategories=0, emergencyUrns=[], emergencyCallRouting=0, emergencyCallTesting=false, hasKnownUserIntentEmergency=false, mRestrictCause=0, mCallerNumberVerstat= 0, mAcceptedRtpHeaderExtensions= {} } mLocalCallProfile={ serviceType=1, callType=7, restrictCause=0, mediaProfile={ audioQuality=0, audioDirection=3, audioCodecAttribute=null, videoQuality=0, videoDirection=-1, rttMode=0, hasRttAudioSpeech=false }, emergencyServiceCategories=0, emergencyUrns=[], emergencyCallRouting=0, emergencyCallTesting=false, hasKnownUserIntentEmergency=false, mRestrictCause=0, mCallerNumberVerstat= 0, mAcceptedRtpHeaderExtensions= {} } mRemoteCallProfile={ serviceType=1, callType=7, restrictCause=0, mediaProfile={ audioQuality=0, audioDirection=3, audioCodecAttribute=null, videoQuality=0, videoDirection=-1, rttMode=0, hasRttAudioSpeech=false }, emergencyServiceCategories=0, emergencyUrns=[], emergencyCallRouting=0, emergencyCallTesting=false, hasKnownUserIntentEmergency=false, mRestrictCause=0, mCallerNumberVerstat= 0, mAcceptedRtpHeaderExtensions= {} } no:of call sessions = 0
03-04 11:27:09.443  2960  3842 D VideoCall_LowBattery: onSessionAdded callSession =  callid= -1 mediaId=-1 mState= 0 mDc=null mCallProfile={ serviceType=1, callType=2, restrictCause=0, mediaProfile={ audioQuality=0, audioDirection=3, audioCodecAttribute=null, videoQuality=0, videoDirection=-1, rttMode=0, hasRttAudioSpeech=false }, emergencyServiceCategories=0, emergencyUrns=[], emergencyCallRouting=0, emergencyCallTesting=false, hasKnownUserIntentEmergency=false, mRestrictCause=0, mCallerNumberVerstat= 0, mAcceptedRtpHeaderExtensions= {} } mLocalCallProfile={ serviceType=1, callType=7, restrictCause=0, mediaProfile={ audioQuality=0, audioDirection=3, audioCodecAttribute=null, videoQuality=0, videoDirection=-1, rttMode=0, hasRttAudioSpeech=false }, emergencyServiceCategories=0, emergencyUrns=[], emergencyCallRouting=0, emergencyCallTesting=false, hasKnownUserIntentEmergency=false, mRestrictCause=0, mCallerNumberVerstat= 0, mAcceptedRtpHeaderExtensions= {} } mRemoteCallProfile={ serviceType=1, callType=7, restrictCause=0, mediaProfile={ audioQuality=0, audioDirection=3, audioCodecAttribute=null, videoQuality=0, videoDirection=-1, rttMode=0, hasRttAudioSpeech=false }, emergencyServiceCategories=0, emergencyUrns=[], emergencyCallRouting=0, emergencyCallTesting=false, hasKnownUserIntentEmergency=false, mRestrictCause=0, mCallerNumberVerstat= 0, mAcceptedRtpHeaderExtensions= {} }
03-04 11:27:09.448  3194  3194 I ImsCall : start(1) :: session=[ImsCallSession objId:141598708 state:IDLE callId:-1] ImsCall=[ImsCall objId:57189149 onHold:N mute:N mCallProfile:{ serviceType=1, callType=2, restrictCause=0, mediaProfile={ audioQuality=0, audioDirection=3, audioCodecAttribute=null, videoQuality=0, videoDirection=-1, rttMode=0, hasRttAudioSpeech=false }, emergencyServiceCategories=0, emergencyUrns=[], emergencyCallRouting=0, emergencyCallTesting=false, hasKnownUserIntentEmergency=false, mRestrictCause=0, mCallerNumberVerstat= 0, mAcceptedRtpHeaderExtensions= [] } networkType:0 updateRequest:NONE merging:N merge action pending:N merged:N multiParty:N confHost:N buried term:N isVideo: N wasVideo: N isWifi: N session:null transientSession:null]
03-04 11:27:09.451  2960  3842 I QImsService: ImsCallSessionCallbackHandler : posting to handler
03-04 11:27:09.451  2960 10438 I QImsService: ImsCallSessionCallbackHandler : callSessionUpdated :: profile={ serviceType=1, callType=2, restrictCause=0, mediaProfile={ audioQuality=0, audioDirection=3, audioCodecAttribute=null, videoQuality=0, videoDirection=-1, rttMode=0, hasRttAudioSpeech=false }, emergencyServiceCategories=0, emergencyUrns=[], emergencyCallRouting=0, emergencyCallTesting=false, hasKnownUserIntentEmergency=false, mRestrictCause=0, mCallerNumberVerstat= 0, mAcceptedRtpHeaderExtensions= {} }
03-04 11:27:09.452  2960  3842 I QImsService: ImsSenderRxr : Dial Request - address= [9fa28de5fe24c18fec9b9545422502e7f2dc169d]clirMode= 0 callDetails=  0 3 callSubState 0 videoPauseState2 mediaId-1 Rtt mode 0 Local Ability  Peer Ability  Cause code 0 sipAlternateUri null, {MultiIdentity Line Info : msisdn =  , line type = 1 , line status = 0} isEncrypted= false redialInfo RedialInfo: retryCallFailCause = 0 retryCallFailRadioTech = 0[SUB0]
03-04 11:27:09.454  2960  3842 I QImsService: ImsSenderRxr : [0023]> DIAL [SUB0]
03-04 11:27:09.454  2960  3842 I QImsService: ImsRadioHidl : dial v1.4[SUB0]
03-04 11:27:09.457  2960  2990 I QImsService: ImsCallSessionImpl : getImsVideoCallProvider: Video call provider is null
03-04 11:27:09.457  3194  3506 I ImsCall : callSessionUpdated :: session=[ImsCallSession objId:141598708 state:INITIATED callId:-1] profile={ serviceType=1, callType=2, restrictCause=0, mediaProfile={ audioQuality=0, audioDirection=3, audioCodecAttribute=null, videoQuality=0, videoDirection=-1, rttMode=0, hasRttAudioSpeech=false }, emergencyServiceCategories=0, emergencyUrns=[], emergencyCallRouting=0, emergencyCallTesting=false, hasKnownUserIntentEmergency=false, mRestrictCause=0, mCallerNumberVerstat= 0, mAcceptedRtpHeaderExtensions= [] } ImsCall=[ImsCall objId:57189149 onHold:N mute:N mCallProfile:{ serviceType=1, callType=2, restrictCause=0, mediaProfile={ audioQuality=0, audioDirection=3, audioCodecAttribute=null, videoQuality=0, videoDirection=-1, rttMode=0, hasRttAudioSpeech=false }, emergencyServiceCategories=0, emergencyUrns=[], emergencyCallRouting=0, emergencyCallTesting=false, hasKnownUserIntentEmergency=false, mRestrictCause=0, mCallerNumberVerstat= 0, mAcceptedRtpHeaderExtensions= [] } networkType:0 updateRequest:NONE merging:N merge action pending:N merged:N multiParty:N confHost:N buried term:N isVideo: N wasVideo: N isWifi: N session:[ImsCallSession objId:141598708 state:INITIATED callId:-1] transientSession:null]
03-04 11:27:09.457  3194  3506 D ImsPhoneCallTracker: [0] onCallUpdated
03-04 11:27:09.458  3194  3194 D ImsPhoneCallTracker: [0] updatePhoneState pendingMo = DIALING, fg= DIALING(1), bg= IDLE(0)
03-04 11:27:09.458  3194  3194 D ImsPhoneCallTracker: [0] updatePhoneState oldState=IDLE, newState=OFFHOOK
03-04 11:27:09.462   989  1223 D audio_hw_primary: out_set_parameters: enter: usecase(1: low-latency-playback) kvpairs: suspend_playback=true
03-04 11:27:09.463  3194  3194 I ImsExternalCallTracker: onPhoneStateChanged : hasActiveCalls = true
03-04 11:27:09.463  3194  3194 D ImsExternalCallTracker: refreshCallPullState
03-04 11:27:09.464  3194  3506 D ImsPhoneCallTracker: [0] onCallUpdated: profile is { serviceType=1, callType=2, restrictCause=0, mediaProfile={ audioQuality=0, audioDirection=3, audioCodecAttribute=null, videoQuality=0, videoDirection=-1, rttMode=0, hasRttAudioSpeech=false }, emergencyServiceCategories=0, emergencyUrns=[], emergencyCallRouting=0, emergencyCallTesting=false, hasKnownUserIntentEmergency=false, mRestrictCause=0, mCallerNumberVerstat= 0, mAcceptedRtpHeaderExtensions= [] }
03-04 11:27:09.464  3194  3506 D ImsPhoneCallTracker: [0] processCallStateChange state=DIALING cause=0 ignoreState=true
03-04 11:27:09.465  3194  3194 I Telephony: setOriginalConnection: TelephonyConnection, originalConnection: [ImsPhoneConnection objId: 179206546 telecomCallID: null address: [n6KN5f4kwY_sm5VFQiUC5_LcFp0] isAdhocConf: N ImsCall: [ImsCall objId:57189149 onHold:N mute:N mCallProfile:{ serviceType=1, callType=2, restrictCause=0, mediaProfile={ audioQuality=0, audioDirection=3, audioCodecAttribute=null, videoQuality=0, videoDirection=-1, rttMode=0, hasRttAudioSpeech=false }, emergencyServiceCategories=0, emergencyUrns=[], emergencyCallRouting=0, emergencyCallTesting=false, hasKnownUserIntentEmergency=false, mRestrictCause=0, mCallerNumberVerstat= 0, mAcceptedRtpHeaderExtensions= [] } networkType:0 updateRequest:NONE merging:N merge action pending:N merged:N multiParty:N confHost:N buried term:N isVideo: N wasVideo: N isWifi: N session:[ImsCallSession objId:141598708 state:INITIATED callId:-1] transientSession:null]]
03-04 11:27:09.466  3194  3194 I Telephony: registerForCallEvents - same phone requested forregistration, ignoring.
03-04 11:27:09.467  3194  3194 D Telephony: buildConnectionCapabilities: isHoldable = false State = 0 capabilities = 2
03-04 11:27:09.474  3194  3506 V ImsPhoneConnection: update localCallProfile={ serviceType=1, callType=7, restrictCause=0, mediaProfile={ audioQuality=0, audioDirection=3, audioCodecAttribute=null, videoQuality=0, videoDirection=-1, rttMode=0, hasRttAudioSpeech=false }, emergencyServiceCategories=0, emergencyUrns=[], emergencyCallRouting=0, emergencyCallTesting=false, hasKnownUserIntentEmergency=false, mRestrictCause=0, mCallerNumberVerstat= 0, mAcceptedRtpHeaderExtensions= [] }
03-04 11:27:09.474  3194  3506 I ImsPhoneConnection: applyLocalCallCapabilities - localProfile = { serviceType=1, callType=7, restrictCause=0, mediaProfile={ audioQuality=0, audioDirection=3, audioCodecAttribute=null, videoQuality=0, videoDirection=-1, rttMode=0, hasRttAudioSpeech=false }, emergencyServiceCategories=0, emergencyUrns=[], emergencyCallRouting=0, emergencyCallTesting=false, hasKnownUserIntentEmergency=false, mRestrictCause=0, mCallerNumberVerstat= 0, mAcceptedRtpHeaderExtensions= [] }
03-04 11:27:09.475  3194  3506 V ImsPhoneConnection: update remoteCallProfile={ serviceType=1, callType=7, restrictCause=0, mediaProfile={ audioQuality=0, audioDirection=3, audioCodecAttribute=null, videoQuality=0, videoDirection=-1, rttMode=0, hasRttAudioSpeech=false }, emergencyServiceCategories=0, emergencyUrns=[], emergencyCallRouting=0, emergencyCallTesting=false, hasKnownUserIntentEmergency=false, mRestrictCause=0, mCallerNumberVerstat= 0, mAcceptedRtpHeaderExtensions= [] }
03-04 11:27:09.475  9966  9966 I Dialer  : AudioModeProvider.getApproximatedAudioRoute - Routing to earpiece
03-04 11:27:09.475  3194  3506 W ImsPhoneConnection: applyRemoteCallCapabilities - remoteProfile = { serviceType=1, callType=7, restrictCause=0, mediaProfile={ audioQuality=0, audioDirection=3, audioCodecAttribute=null, videoQuality=0, videoDirection=-1, rttMode=0, hasRttAudioSpeech=false }, emergencyServiceCategories=0, emergencyUrns=[], emergencyCallRouting=0, emergencyCallTesting=false, hasKnownUserIntentEmergency=false, mRestrictCause=0, mCallerNumberVerstat= 0, mAcceptedRtpHeaderExtensions= [] }
03-04 11:27:09.475  3194  3506 I ImsPhoneConnection: maybeChangeRingbackState
03-04 11:27:09.475  3194  3506 I ImsPhoneCall: maybeChangeRingbackState: state=DIALING
03-04 11:27:09.476  2960  2987 I QImsService: ImsCallSessionImpl : getImsVideoCallProvider: Video call provider is null
03-04 11:27:09.479  3194  3194 D Telephony: GsmConnection: setIsNetworkIdentifiedEmergencyCall; callId=TC@1_1, isNetworkIdentifiedEmergencyCall=false
03-04 11:27:09.479  3194  3194 I Telephony: maybeConfigureDeviceToDeviceCommunication: not using D2D.
03-04 11:27:09.480  3194  3194 D ImsPhoneConnection: getDisconnectCause: cause=0
03-04 11:27:09.480  3194  3194 V Telephony: GsmConnection: Update state from IDLE to DIALING for TC@1_1
03-04 11:27:09.480  3194  3194 V Telephony: onStateChanged, state: DIALING
03-04 11:27:09.482  2960  3817 I QImsService: ImsRadioIndicationHidl : onCallStateChanged_1_5()
03-04 11:27:09.482  2960  3817 I QImsService: ImsRadioIndicationHidl : onCallStateChanged_1_6()
03-04 11:27:09.483  3194  3194 D Telephony: buildConnectionCapabilities: isHoldable = false State = 3 capabilities = 2
