03-04 11:27:37.195  3139  3139 D TransmitPower: InCallServiceObserver:onCallAudioStateChanged() E : CallAudioState = [AudioState isMuted: false, route: EARPIECE, supportedRouteMask: EARPIECE, SPEAKER, activeBluetoothDevice: [null], supportedBluetoothDevices: []]
03-04 11:27:37.195  2270  3339 I Telecom : CallAudioRouteStateMachine: setSystemAudioState: changing from [AudioState isMuted: false, route: EARPIECE, supportedRouteMask: EARPIECE, SPEAKER, activeBluetoothDevice: [null], supportedBluetoothDevices: []] to [AudioState isMuted: false, route: EARPIECE, supportedRouteMask: EARPIECE, SPEAKER, activeBluetoothDevice: [null], supportedBluetoothDevices: []]: (...->CS.crCo->H.CS.crCo->H.CS.crCo.pICR)->CSW.hCCC->ICFG.sF->ICFG.sF->ICFG.sF->CILH.sL->CILH.oQC->BCF.gBS->BCF.gBS->ICFG.sF->ICFG.sF->ICFG.sF->ICFG.sF->ICFG.sF->ICFG.sF->ICFG.sF->CAMSM.pM_2002->CARSM.pM_SWITCH_FOCUS(cap/cast)@E-E-AtM
03-04 11:27:37.195  3139  3139 D TransmitPower: InCallServiceObserver:onCallAudioStateChanged() X : Call state is not ACTIVE
03-04 11:27:37.195  3194  3194 D LocaleTracker-0: updateLocale: countryIso = cn, countryIsoDebugInfo = OperatorNumeric(46000): MccTable.countryCodeForMcc("460")
03-04 11:27:37.196  3194  3194 D LocaleTracker-0: updateLocale: timeZoneCountryIso = cn, timeZoneCountryIsoDebugInfo = OperatorNumeric: MccTable.geoCountryCodeForMccMnc(MccMnc{mcc='460', mnc='00'})
03-04 11:27:37.196  2270  3339 I Telecom : InCallController: Calling onAudioStateChanged, audioState: [AudioState isMuted: false, route: EARPIECE, supportedRouteMask: EARPIECE, SPEAKER, activeBluetoothDevice: [null], supportedBluetoothDevices: []] -> [AudioState isMuted: false, route: EARPIECE, supportedRouteMask: EARPIECE, SPEAKER, activeBluetoothDevice: [null], supportedBluetoothDevices: []]: (...->CS.crCo->H.CS.crCo->H.CS.crCo.pICR)->CSW.hCCC->ICFG.sF->ICFG.sF->ICFG.sF->CILH.sL->CILH.oQC->BCF.gBS->BCF.gBS->ICFG.sF->ICFG.sF->ICFG.sF->ICFG.sF->ICFG.sF->ICFG.sF->ICFG.sF->CAMSM.pM_2002->CARSM.pM_SWITCH_FOCUS(cap/cast)@E-E-AtM
03-04 11:27:37.196  1072  1617 D AF::TrackHandle: OpPlayAudio: track:61 usage:3 not muted
03-04 11:27:37.196  3194  3194 D NewNitzStateMachineImpl: handleCountryDetected: countryIsoCode=cn, mLatestNitzSignal=TimestampedValue{mReferenceTimeMillis=40696, mValue=NitzData{mOriginalString=22/03/04,03:26:15+32,00, mZoneOffset=28800000, mDstOffset=0, mCurrentTimeMillis=1646364375000, mEmulatorHostTimeZone=null}}
03-04 11:27:37.196  3194  3194 I TelecomFramework: TelephonyConnectionService: onTrackedByNonUiService TC@2_1 true: (ICSBC.oSC)->CS.tBNUS->H.CS.tBNUS(csad/cast)@E-At4
03-04 11:27:37.196  1072  1617 D AF::TrackHandle: OpPlayAudio: track:61 usage:3 not muted
03-04 11:27:37.197  1072  1617 D AF::TrackHandle: OpPlayAudio: track:61 usage:3 not muted
03-04 11:27:37.197  3194  3194 I TelecomFramework: TelephonyConnectionService: onTrackedByNonUiService TC@2_1 true: (ICSBC.oSC)->CS.tBNUS->H.CS.tBNUS(cst/cast)@E-At8
03-04 11:27:37.197  9966  9966 I Dialer  : InCallPresenter.shouldAttemptBlocking - not attempting to block incoming call because framework blocking is in use
03-04 11:27:37.198  1072  1617 D AF::TrackHandle: OpPlayAudio: track:61 usage:3 not muted
03-04 11:27:37.198  1026  1026 D vendor.qti.vibrator: QTI Vibrator off
03-04 11:27:37.198  1072  1617 D AF::TrackHandle: OpPlayAudio: track:61 usage:3 not muted
03-04 11:27:37.198  2270  3339 I Telecom : BluetoothRouteManager: getBluetoothAudioConnectedDevice: no service available.: (...->CS.crCo->H.CS.crCo->H.CS.crCo.pICR)->CSW.hCCC->ICFG.sF->ICFG.sF->ICFG.sF->CILH.sL->CILH.oQC->BCF.gBS->BCF.gBS->ICFG.sF->ICFG.sF->ICFG.sF->ICFG.sF->ICFG.sF->ICFG.sF->ICFG.sF->CAMSM.pM_2002->CARSM.pM_SWITCH_FOCUS(cap/cast)@E-E-AtM
03-04 11:27:37.198  9966  9966 I Dialer  : ImsVideoCall.isAvailable - null video call
03-04 11:27:37.199  1072  1617 D AF::TrackHandle: OpPlayAudio: track:61 usage:3 not muted
03-04 11:27:37.200  3194  3194 I TelecomFramework: TelephonyConnectionService: onAudioStateChanged TC@2_1 [AudioState isMuted: false, route: EARPIECE, supportedRouteMask: EARPIECE, SPEAKER, activeBluetoothDevice: [null], supportedBluetoothDevices: []]: (...->CSW.hCCC->ICFG.sF->ICFG.sF->ICFG.sF->CILH.sL->CILH.oQC->BCF.gBS->BCF.gBS->ICFG.sF->ICFG.sF->ICFG.sF->ICFG.sF->ICFG.sF->ICFG.sF->ICFG.sF->CAMSM.pM_2002->CARSM.pM_SWITCH_FOCUS)->CS.cASC->H.CS.cASC(cap/cast/cast)@E-E-E-AtM
03-04 11:27:37.200  1072  1617 D AF::TrackHandle: OpPlayAudio: track:61 usage:3 not muted
03-04 11:27:37.201  1026 11392 D vendor.qti.vibrator: Notifying on complete
03-04 11:27:37.205  1504  2551 I MMParserExtractor: Created(0xb4000078fe65a4d0)
03-04 11:27:37.207  2270  2270 W Looper  : Drained
03-04 11:27:37.220  9966  9966 I Dialer  : ImsVideoCall.isAvailable - null video call
03-04 11:27:37.220  9966  9966 I Dialer  : CallList.onIncoming - [DialerCall_1, INCOMING, [Capabilities: CAPABILITY_SUPPORT_HOLD CAPABILITY_RESPOND_VIA_TEXT CAPABILITY_MUTE CAPABILITY_SUPPORTS_VT_REMOTE_RX CAPABILITY_SUPPORTS_VT_REMOTE_TX CAPABILITY_SUPPORTS_VT_REMOTE_BIDIRECTIONAL], [Properties: PROPERTY_HIGH_DEF_AUDIO], children:[], parent:null, conferenceable:[], videoState:Audio Only, mSessionModificationState:0, CameraDir:-1]
03-04 11:27:37.221  9966  9966 I Dialer  : DialerExecutorModule.newThread - creating low priority thread
03-04 11:27:37.222  9966  9966 I Dialer  : InCallPresenter.startOrFinishUi - Start Full Screen in call UI
03-04 11:27:37.222  1507 11381 I GenericSource: start
03-04 11:27:37.222  2270 11369 I Telecom : AsyncRingtonePlayer: Play ringtone, looping.: (...->CS.crCo->H.CS.crCo->H.CS.crCo.pICR)->CSW.hCCC->ICFG.sF->ICFG.sF->ICFG.sF->CILH.sL->CILH.oQC->BCF.gBS->BCF.gBS->ICFG.sF->ICFG.sF->ICFG.sF->ICFG.sF->ICFG.sF->ICFG.sF->ICFG.sF->CAMSM.pM_2002->ARP.hP(cap/cast)@E-E-AtM
03-04 11:27:37.223  2270  2270 D MediaRouter: onRestoreRoute() : route=RouteInfo{ name=, description=null, status=null, category=RouteCategory{ name= types=ROUTE_TYPE_LIVE_AUDIO ROUTE_TYPE_LIVE_VIDEO  groupable=false }, supportedTypes=ROUTE_TYPE_LIVE_AUDIO ROUTE_TYPE_LIVE_VIDEO , presentationDisplay=null }
03-04 11:27:37.223  2270  2270 V MediaRouter: Selecting route: RouteInfo{ name=, description=null, status=null, category=RouteCategory{ name= types=ROUTE_TYPE_LIVE_AUDIO ROUTE_TYPE_LIVE_VIDEO  groupable=false }, supportedTypes=ROUTE_TYPE_LIVE_AUDIO ROUTE_TYPE_LIVE_VIDEO , presentationDisplay=null }
03-04 11:27:37.223  1507 11381 W Utils   : track of type 'audio/vorbis' does not publish channel mask, channel count 2
03-04 11:27:37.226  1507 11381 W Utils   : track of type 'audio/vorbis' does not publish channel mask, channel count 2
03-04 11:27:37.228   989  2449 D audio_hw_primary: adev_get_parameters:is_hw_dec_session_available
03-04 11:27:37.228   989  2449 D soundtrigger: audio_extn_sound_trigger_get_parameters input string<is_hw_dec_session_available=>
03-04 11:27:37.228   989  2449 D soundtrigger: extract_sm_handle input string <is_hw_dec_session_available=> param string <is_hw_dec_session_available=>
03-04 11:27:37.228   989  2449 D audio_hw_extn: audio_extn_get_parameters: returns 
03-04 11:27:37.228  1072  5630 I hash_map_utils: system/bt/osi/src/hash_map_utils.cc:81 hash_map_utils_dump_string_keys_string_values: key: 'is_hw_dec_session_available' value: 'audio/vorbis'
03-04 11:27:37.231  1507 11396 D CCodec  : allocate(c2.android.vorbis.decoder)
03-04 11:27:37.234  1507 11396 I CCodec  : setting up 'default' as default (vendor) store
03-04 11:27:37.236  1507 11396 I CCodec  : Created component [c2.android.vorbis.decoder]
03-04 11:27:37.237  1507 11396 D CCodecConfig: read media type: audio/vorbis
03-04 11:27:37.238  9966  9966 I Dialer  : StatusBarNotifier.buildAndSendNotification - notificationType=2
03-04 11:27:37.239  9966  9966 I Dialer  : StatusBarNotifier.buildAndSendNotification - Canceling old notification so this one can be noisy
03-04 11:27:37.239  3707 10287 D VersionConfiguration: sIs201HRTLLater==>true
03-04 11:27:37.239  3707 10287 D CallLogProvider: Answering machine Call Log added to List
03-04 11:27:37.239  3707  3728 D SQLiteQueryBuilder: SELECT contacts_view._id AS contact_id, contacts_view.display_name AS display_name, contacts_view.lookup AS lookup, data1 AS number, data4 AS normalized_number, data3 AS label, data2 AS type, contacts_view.photo_uri AS photo_uri, contacts_view.custom_ringtone AS custom_ringtone, contacts_view.send_to_voicemail AS send_to_voicemail FROM raw_contacts JOIN view_contacts contacts_view ON (contacts_view._id = raw_contacts.contact_id), (SELECT data_id, normalized_number, length(normalized_number) as len  FROM phone_lookup  WHERE (phone_lookup.min_match = '6083759')) AS lookup, data WHERE (lookup.data_id=data._id AND data.raw_contact_id=raw_contacts._id AND (  lookup.normalized_number = '+8618609573806' OR  lookup.normalized_number = '18609573806')) ORDER BY  length(lookup.normalized_number) DESC with args null
03-04 11:27:37.239  3707 10287 D SQLiteQueryBuilder: SELECT _id FROM calls WHERE (((normalized_number = ?) AND ((phone_account_hidden = 0)) AND (type <> 4 OR source_package <> 'com.android.server.telecom'))) with args [+8618609573806]
03-04 11:27:37.241  9966  9966 I Dialer  : DialerCall.isVoipCallNotSupportedBySpeakeasy - callid was empty
03-04 11:27:37.241  1507 11396 D ReflectedParamUpdater: extent() != 1 for single value type: algo.buffers.max-count.values
03-04 11:27:37.242  9966  9966 I Dialer  : StatusBarNotifier.buildAndSendNotification - displaying notification for 2
03-04 11:27:37.242  1507 11396 D ReflectedParamUpdater: extent() != 1 for single value type: output.subscribed-indices.values
03-04 11:27:37.242  1507 11396 D ReflectedParamUpdater: extent() != 1 for single value type: input.buffers.allocator-ids.values
03-04 11:27:37.243  1507 11396 D ReflectedParamUpdater: extent() != 1 for single value type: output.buffers.allocator-ids.values
03-04 11:27:37.243  1507 11396 D ReflectedParamUpdater: extent() != 1 for single value type: algo.buffers.allocator-ids.values
03-04 11:27:37.243  1507 11396 D ReflectedParamUpdater: extent() != 1 for single value type: output.buffers.pool-ids.values
03-04 11:27:37.244  1507 11396 D ReflectedParamUpdater: extent() != 1 for single value type: algo.buffers.pool-ids.values
03-04 11:27:37.245  9966  9966 I Dialer  : InCallPresenter.onIncomingCall - Phone switching state: NO_CALLS -> INCOMING
03-04 11:27:37.246  9966  9966 I Dialer  : VideoPauseController.onIncomingCall - oldState: NO_CALLS, newState: INCOMING, call: [DialerCall_1, INCOMING, [Capabilities: CAPABILITY_SUPPORT_HOLD CAPABILITY_RESPOND_VIA_TEXT CAPABILITY_MUTE CAPABILITY_SUPPORTS_VT_REMOTE_RX CAPABILITY_SUPPORTS_VT_REMOTE_TX CAPABILITY_SUPPORTS_VT_REMOTE_BIDIRECTIONAL], [Properties: PROPERTY_HIGH_DEF_AUDIO], children:[], parent:null, conferenceable:[], videoState:Audio Only, mSessionModificationState:0, CameraDir:-1]
03-04 11:27:37.246  9966  9966 I Dialer  : VideoPauseController.onPrimaryCallChanged - new call: [DialerCall_1, INCOMING, [Capabilities: CAPABILITY_SUPPORT_HOLD CAPABILITY_RESPOND_VIA_TEXT CAPABILITY_MUTE CAPABILITY_SUPPORTS_VT_REMOTE_RX CAPABILITY_SUPPORTS_VT_REMOTE_TX CAPABILITY_SUPPORTS_VT_REMOTE_BIDIRECTIONAL], [Properties: PROPERTY_HIGH_DEF_AUDIO], children:[], parent:null, conferenceable:[], videoState:Audio Only, mSessionModificationState:0, CameraDir:-1], old call: null, mIsInBackground: false
03-04 11:27:37.246  9966  9966 I Dialer  : InCallPresenter.setBoundAndWaitingForOutgoingCall - setBoundAndWaitingForOutgoingCall: false
03-04 11:27:37.246  9966  9966 I Dialer  : ProximitySensor.updateProximitySensorMode - screenOnImmediately: false, dialPadVisible: false, offHook: false, horizontal: false, uiShowing: false, audioRoute: EARPIECE
03-04 11:27:37.246  9966  9966 I Dialer  : ProximitySensor.turnOffProximitySensor - wake lock already released
03-04 11:27:37.246  1507 11396 I CCodecConfig: query failed after returning 7 values (BAD_INDEX)
03-04 11:27:37.247  1507 11396 D CCodecConfig: c2 config diff is Dict {
03-04 11:27:37.247  1507 11396 D CCodecConfig:   c2::u32 coded.bitrate.value = 64000
03-04 11:27:37.247  1507 11396 D CCodecConfig:   c2::u32 input.buffers.max-size.value = 32768
03-04 11:27:37.247  1507 11396 D CCodecConfig:   c2::u32 input.delay.value = 0
03-04 11:27:37.247  1507 11396 D CCodecConfig:   string input.media-type.value = "audio/vorbis"
03-04 11:27:37.247  1507 11396 D CCodecConfig:   string output.media-type.value = "audio/raw"
03-04 11:27:37.247  1507 11396 D CCodecConfig:   c2::u32 raw.channel-count.value = 1
03-04 11:27:37.247  1507 11396 D CCodecConfig:   c2::u32 raw.sample-rate.value = 48000
03-04 11:27:37.247  1507 11396 D CCodecConfig: }
03-04 11:27:37.248  1507 11396 D CCodec  : [c2.android.vorbis.decoder] buffers are bound to CCodec for this session
03-04 11:27:37.248  1507 11396 D CCodecConfig: no c2 equivalents for durationUs
03-04 11:27:37.248  1507 11396 D CCodecConfig: no c2 equivalents for csd-1
03-04 11:27:37.248  1507 11396 D CCodecConfig: no c2 equivalents for language
03-04 11:27:37.248  1507 11396 D CCodecConfig: no c2 equivalents for file-format
03-04 11:27:37.248  1507 11396 D CCodecConfig: no c2 equivalents for flags
03-04 11:27:37.249  9966  9966 I Dialer  : StatusBarNotifier.buildAndSendNotification - notificationType=2
03-04 11:27:37.249  1507 11396 D CCodecConfig: config failed => CORRUPTED
03-04 11:27:37.249  1507 11396 D CCodecConfig: c2 config diff is   c2::u32 coded.bitrate.value = 256000
03-04 11:27:37.249  1507 11396 D CCodecConfig:   c2::u32 raw.channel-count.value = 2
03-04 11:27:37.250  2270  2270 I notification_enqueue: [1000,3740,com.android.server.telecom,1,AmNotificationManager,0,Notification(channel=TelecomAnsweringMachine shortcut=null contentView=null vibrate=null sound=null defaults=0x0 flags=0x2 color=0xff2a56c6 category=call vis=PRIVATE),0]
03-04 11:27:37.251  1507 11396 W Codec2Client: query -- param skipped: index = 1107298332.
03-04 11:27:37.251  1507 11396 D CCodec  : setup formats input: AMessage(what = 0x00000000) = {
03-04 11:27:37.251  1507 11396 D CCodec  :   int32_t bitrate = 256000
03-04 11:27:37.251  1507 11396 D CCodec  :   int32_t channel-count = 2
03-04 11:27:37.251  1507 11396 D CCodec  :   int32_t max-input-size = 65307
03-04 11:27:37.251  1507 11396 D CCodec  :   string mime = "audio/vorbis"
03-04 11:27:37.251  1507 11396 D CCodec  :   int32_t sample-rate = 48000
03-04 11:27:37.251  1507 11396 D CCodec  : }
03-04 11:27:37.251  1507 11396 D CCodec  : setup formats output: AMessage(what = 0x00000000) = {
03-04 11:27:37.251  1507 11396 D CCodec  :   int32_t channel-count = 2
03-04 11:27:37.251  1507 11396 D CCodec  :   string mime = "audio/raw"
03-04 11:27:37.251  1507 11396 D CCodec  :   int32_t sample-rate = 48000
03-04 11:27:37.251  1507 11396 D CCodec  :   int32_t android._config-pcm-encoding = 2
03-04 11:27:37.251  1507 11396 D CCodec  : }
03-04 11:27:37.251  1507 11396 I CCodecConfig: query failed after returning 7 values (BAD_INDEX)
03-04 11:27:37.251  9966  9966 I Dialer  : DialerCall.isVoipCallNotSupportedBySpeakeasy - callid was empty
03-04 11:27:37.251  9966  9966 I Dialer  : StatusBarNotifier.buildAndSendNotification - displaying notification for 2
03-04 11:27:37.252  1507 11396 I MediaCodec: MediaCodec will operate in async mode
03-04 11:27:37.252  1507 11395 D MediaCodec: keep callback message for reclaim
03-04 11:27:37.253  2270  2270 I notification_enqueue: [10159,9966,com.sonymobile.android.dialer,1,NULL,0,Notification(channel=phone_incoming_call shortcut=null contentView=null vibrate=null sound=null defaults=0x0 flags=0xca color=0xff2a56c6 category=call actions=2 vis=PRIVATE publicVersion=Notification(channel=null shortcut=null contentView=null vibrate=null sound=null defaults=0x0 flags=0x0 color=0xff2a56c6 vis=PRIVATE)),0]
03-04 11:27:37.253  9966  9966 I Dialer  : ReturnToCallController.hide - hide() called without calling show()
03-04 11:27:37.254  1507 11396 W Codec2Client: query -- param skipped: index = 1342179345.
03-04 11:27:37.254  1507 11396 W Codec2Client: query -- param skipped: index = 2415921170.
03-04 11:27:37.256  3707  3728 D SQLiteQueryBuilder: SELECT _id FROM directories with args null
03-04 11:27:37.256  1507 11396 D BufferPoolAccessor2.0: bufferpool2 0xecb40a48 : 4(261228 size) total buffers - 4(261228 size) used buffers - 12/20 (recycle/alloc) - 8/32 (fetch/transfer)
03-04 11:27:37.256  1628  2577 D BufferPoolAccessor2.0: bufferpool2 0xb400007c584279a8 : 0(0 size) total buffers - 0(0 size) used buffers - 38/41 (recycle/alloc) - 3/40 (fetch/transfer)
03-04 11:27:37.257  1628  4150 D BufferPoolAccessor2.0: bufferpool2 0xb400007c58427508 : 0(0 size) total buffers - 0(0 size) used buffers - 11/14 (recycle/alloc) - 3/13 (fetch/transfer)
03-04 11:27:37.257  1507 11396 D CCodecBufferChannel: [c2.android.vorbis.decoder#579] Created input block pool with allocatorID 16 => poolID 21 - OK (0)
03-04 11:27:37.257  1628  2577 D BufferPoolAccessor2.0: Destruction - bufferpool2 0xb400007c584279a8 cached: 0/0M, 0/0% in use; allocs: 41, 93% recycled; transfers: 40, 93% unfetched
03-04 11:27:37.257  1628  2128 D BufferPoolAccessor2.0: bufferpool2 0xb400007c5842dac8 : 0(0 size) total buffers - 0(0 size) used buffers - 82/85 (recycle/alloc) - 3/84 (fetch/transfer)
03-04 11:27:37.257  1628  2128 D BufferPoolAccessor2.0: Destruction - bufferpool2 0xb400007c5842dac8 cached: 0/0M, 0/0% in use; allocs: 85, 96% recycled; transfers: 84, 96% unfetched
03-04 11:27:37.258  1507  4154 D BufferPoolAccessor2.0: bufferpool2 0xecb40da8 : 0(0 size) total buffers - 0(0 size) used buffers - 39/47 (recycle/alloc) - 8/86 (fetch/transfer)
03-04 11:27:37.258  1507  4154 D BufferPoolAccessor2.0: Destruction - bufferpool2 0xecb40da8 cached: 0/0M, 0/0% in use; allocs: 47, 83% recycled; transfers: 86, 91% unfetched
03-04 11:27:37.259  1507  1990 D BufferPoolAccessor2.0: bufferpool2 0xecb42788 : 0(0 size) total buffers - 0(0 size) used buffers - 83/91 (recycle/alloc) - 8/174 (fetch/transfer)
03-04 11:27:37.259  1507  1990 D BufferPoolAccessor2.0: Destruction - bufferpool2 0xecb42788 cached: 0/0M, 0/0% in use; allocs: 91, 91% recycled; transfers: 174, 95% unfetched
03-04 11:27:37.259  1507 11396 I CCodecBufferChannel: [c2.android.vorbis.decoder#579] Created output block pool with allocatorID 16 => poolID 33 - OK
03-04 11:27:37.259  1507 11396 D CCodecBufferChannel: [c2.android.vorbis.decoder#579] Configured output block pool ids 33 => OK
03-04 11:27:37.260  1507 11396 D CCodecBufferChannel: [c2.android.vorbis.decoder#579] start: updating output delay 0
03-04 11:27:37.263  1507 11396 I CCodecBufferChannel: pipelineRoom(3) is <= numClientBuffers(3). Not signalling any more buffers to client
03-04 11:27:37.263  1628 11397 D SimpleC2Component: Using output block pool with poolID 33 => got 33 - 0
03-04 11:27:37.265  3139  3139 D TransmitPower: AccSensorObserverMOTION_DETECTION:onMotionStateChanged() : isStable = true
03-04 11:27:37.265  3139  3139 D TransmitPower: AccSensorObserverBHH_DETECTION:onBHHDetected() : isDetected = false
03-04 11:27:37.265  3139  3139 D TransmitPower: AccSensorObserverBHH_DIRECTION:onBHHStateChanged() : isRightSide = false
03-04 11:27:37.265  1507 11396 I CCodecBufferChannel: pipelineRoom(2) is <= numClientBuffers(2). Not signalling any more buffers to client
03-04 11:27:37.266  2270  2270 I notification_enqueue: [10159,9966,com.sonymobile.android.dialer,1,NULL,0,Notification(channel=phone_incoming_call shortcut=null contentView=null vibrate=null sound=null defaults=0x0 flags=0xca color=0xff2a56c6 category=call actions=2 vis=PRIVATE publicVersion=Notification(channel=null shortcut=null contentView=null vibrate=null sound=null defaults=0x0 flags=0x0 color=0xff2a56c6 vis=PRIVATE)),0]
03-04 11:27:37.266  1507 11396 I CCodecBufferChannel: pipelineRoom(1) is <= numClientBuffers(1). Not signalling any more buffers to client
03-04 11:27:37.271  1507 11395 I ExtendedNuUtils: Both src and dst missing for bit-width
03-04 11:27:37.271  1507 11395 I ExtendedNuUtils: Overriding durationUs: with 64 bit src value 30461000
03-04 11:27:37.271  1507 11395 I ExtendedNuUtils: Both src and dst missing for channel-mask
03-04 11:27:37.277   989  2449 D audio_hw_primary: adev_get_parameters:vr_audio_mode_on
03-04 11:27:37.277  1072  1614 I hash_map_utils: system/bt/osi/src/hash_map_utils.cc:81 hash_map_utils_dump_string_keys_string_values: key: 'vr_audio_mode_on' value: ''
03-04 11:27:37.278  1072  1614 W AudioFlinger: createTrack_l(): mismatch between requested flags (00000001) and output flags (00000006)
03-04 11:27:37.278  1072  1614 D AudioFlinger: Client defaulted notificationFrames to 12000 for frameCount 24000
03-04 11:27:37.281  1072  1614 D AF::TrackHandle: OpPlayAudio: track:66 usage:6 not muted
03-04 11:27:37.294   989  1223 I EffectsFactory: EffectCreate() create_effect
03-04 11:27:37.299   989  2059 E volume_listener: check_and_set_gain_dep_cal: Failed to set gain dep cal level
03-04 11:27:37.299   989  4198 D audio_hw_primary: start_output_stream: enter: stream(0xe6180010)usecase(1: low-latency-playback) devices(0x2) is_haptic_usecase(0)
03-04 11:27:37.300   989  4198 D audio_hw_primary: select_devices for use case (low-latency-playback)
03-04 11:27:37.300   989  4198 I msm8974_platform: platform_check_and_set_codec_backend_cfg:becf: afe: bitwidth 16, samplerate 48000 channels 2, backend_idx 0 usecase = 1 device (speaker)
03-04 11:27:37.300   989  4198 I msm8974_platform: platform_check_and_set_codec_backend_cfg: new_snd_devices[0] is 2
03-04 11:27:37.300   989  4198 I msm8974_platform: platform_check_codec_backend_cfg:becf: afe: bitwidth 16, samplerate 48000 channels 2, backend_idx 0 usecase = 1 device (speaker)
03-04 11:27:37.301   989  4198 D msm8974_platform: platform_check_codec_backend_cfg:becf: updated afe: bitwidth 16, samplerate 48000 channels 2,backend_idx 0 usecase = 1 device (speaker)
03-04 11:27:37.301   989  4198 I msm8974_platform: platform_check_codec_backend_cfg:becf: afe: Codec selected backend: 0 updated bit width: 16 and sample rate: 48000
03-04 11:27:37.301   989  4198 D audio_hw_primary: check_usecases_codec_backend:becf: force routing 0
03-04 11:27:37.301   989  4198 D audio_hw_primary: check_usecases_codec_backend:becf: (85) check_usecases curr device: speaker, usecase device: backends match 0
03-04 11:27:37.301   989  4198 D audio_hw_primary: check_usecases_codec_backend:becf: check_usecases num.of Usecases to switch 0
03-04 11:27:37.301   989  4198 W msm8974_platform: platform_get_backend_index:napb: Invalid device - 0 
03-04 11:27:37.301   989  4198 D hardware_info: hw_info_append_hw_type : device_name = speaker
03-04 11:27:37.301   989  4198 D audio_hw_primary: enable_snd_device: snd_device(2: speaker)
03-04 11:27:37.301   989  4198 D msm8974_platform: platform_get_island_cfg_on_device:island cfg status on snd_device = (speaker 0)
03-04 11:27:37.301   989  4198 I soundtrigger: audio_extn_sound_trigger_update_device_status: device 0x2 of type 0 for Event 1, with Raise=0
03-04 11:27:37.301   989  4198 D audio_route: Apply path: speaker
03-04 11:27:37.315     0     0 I [aw87xxx_pa_1_58]aw87xxx_show_current_mode: aw87559_i2c1@0x58 current_mode: 0, pa_channel: 0
03-04 11:27:37.315     0     0 I aw87xxx_mode_get_0: get mode:0
03-04 11:27:37.317     0     0 I         : [aw87xxx_pa_1_58]aw87xxx_audio_scene_load enter, mode=1, pa_channel=0
03-04 11:27:37.317     0     0 I         : [aw87xxx_pa_1_58]aw87xxx_scene_reg_update enter, mode: 1
03-04 11:27:37.317     0     0 I         : [aw87xxx_pa_1_58]aw87xxx_hw_on enter
03-04 11:27:37.321   989  4198 D soundtrigger: audio_extn_sound_trigger_update_stream_status: uc_info->id 1 of type 0 for Event 3, with Raise=0
03-04 11:27:37.322   989  4198 D audio_hw_utils: audio_extn_utils_send_app_type_cfg: usecase->out_snd_device speaker
03-04 11:27:37.322   989  4198 I audio_hw_utils: send_app_type_cfg_for_device PLAYBACK app_type 69937, acdb_dev_id 14, sample_rate 48000, snd_device_be_idx 189
03-04 11:27:37.323   989  4198 D ACDB-LOADER: ACDB -> send_audio_cal, acdb_id = 14, path = 0, app id = 0x11131, sample rate = 48000, use_case = 0,buffer_idx_w_path =0, afe_sample_rate = 48000, cal_mode = 1, offset_index = 0
03-04 11:27:37.323   989  4198 D ACDB-LOADER: ACDB -> send_asm_topology
03-04 11:27:37.323   989  4198 D ACDB-LOADER: ACDB -> ACDB_CMD_GET_AUDPROC_STREAM_TOPOLOGY_ID
03-04 11:27:37.323   989  4198 D ACDB-LOADER: ACDB -> send_adm_topology
03-04 11:27:37.323   989  4198 D ACDB-LOADER: ACDB -> ACDB_CMD_GET_AUDPROC_COMMON_TOPOLOGY_ID
03-04 11:27:37.323   989  4198 D ACDB-LOADER: ACDB -> send_audtable
03-04 11:27:37.323   989  4198 D ACDB-LOADER: ACDB -> ACDB_CMD_GET_AUDPROC_INSTANCE_COMMON_TABLE_SIZE
03-04 11:27:37.323   989  4198 D ACDB-LOADER: ACDB -> ACDB_CMD_GET_AUDPROC_INSTANCE_COMMON_TABLE
03-04 11:27:37.323   989  4198 D ACDB-LOADER: ACDB -> AUDIO_SET_AUDPROC_CAL cal_type[11] acdb_id[14] app_type[69937]
03-04 11:27:37.323   989  4198 D ACDB-LOADER: ACDB -> send_audvoltable
03-04 11:27:37.323   989  4198 D ACDB-LOADER: ACDB -> ACDB_CMD_GET_AUDPROC_INSTANCE_GAIN_DEP_STEP_TABLE_SIZE
03-04 11:27:37.323   989  4198 D android.hardware.audio.service: Failed to fetch the lookup information of the device 0000000E 
03-04 11:27:37.323   989  4198 D ACDB-LOADER: Error: ACDB_CMD_GET_AUDPROC_INSTANCE_GAIN_DEP_STEP_TABLE_SIZE Returned = -19
03-04 11:27:37.323   989  4198 D ACDB-LOADER: ACDB -> ACDB_CMD_GET_AUDPROC_INSTANCE_GAIN_DEP_STEP_TABLE, vol index 0
03-04 11:27:37.323   989  4198 D android.hardware.audio.service: Failed to fetch the lookup information of the device 0000000E 
03-04 11:27:37.323   989  4198 D ACDB-LOADER: Error: ACDB AudProc vol returned = -19
03-04 11:27:37.323   989  4198 D ACDB-LOADER: ACDB -> AUDIO_SET_VOL_CAL cal type = 12
03-04 11:27:37.323   989  4198 D ACDB-LOADER: ACDB -> ACDB_CMD_GET_AUDPROC_INSTANCE_STREAM_TABLE_SIZE
03-04 11:27:37.323   989  4198 D ACDB-LOADER: ACDB -> send_audstrmtable
03-04 11:27:37.323   989  4198 D ACDB-LOADER: ACDB -> ACDB_CMD_GET_AUDPROC_INSTANCE_STREAM_TABLE
03-04 11:27:37.323   989  4198 D ACDB-LOADER: ACDB -> audstrm_cal->cal_type.cal_data.cal_size = 20
03-04 11:27:37.323   989  4198 D ACDB-LOADER: ACDB -> send_afe_topology
03-04 11:27:37.323   989  4198 D ACDB-LOADER: ACDB -> ACDB_CMD_GET_AFE_TOPOLOGY_ID
03-04 11:27:37.323   989  4198 D ACDB-LOADER: ACDB -> GET_AFE_TOPOLOGY_ID for adcd_id 14, Topology Id 1000ff01
03-04 11:27:37.323   989  4198 D ACDB-LOADER: ACDB -> send_afe_cal
03-04 11:27:37.323   989  4198 D ACDB-LOADER: ACDB -> ACDB_CMD_GET_AFE_INSTANCE_COMMON_TABLE_SIZE
03-04 11:27:37.323   989  4198 D ACDB-LOADER: ACDB -> ACDB_CMD_GET_AFE_INSTANCE_COMMON_TABLE
03-04 11:27:37.323   989  4198 D ACDB-LOADER: ACDB -> AUDIO_SET_AFE_CAL cal_type[16] acdb_id[14]
03-04 11:27:37.323   989  4198 D ACDB-LOADER: ACDB -> send_hw_delay : acdb_id = 14 path = 0
03-04 11:27:37.323   989  4198 D ACDB-LOADER: ACDB -> ACDB_AVSYNC_INFO: ACDB_CMD_GET_DEVICE_PROPERTY
03-04 11:27:37.324   989  4198 D audio_hw_primary: enable_audio_route: apply mixer and update path: low-latency-playback
03-04 11:27:37.324   989  4198 D audio_route: Apply path: low-latency-playback
03-04 11:27:37.325   989  4198 D audio_hw_primary: select_devices: done
03-04 11:27:37.325   989  4198 D msm8974_platform: platform_set_channel_map mixer_ctl_name:Playback Channel Map9
03-04 11:27:37.325   989  4198 D msm8974_platform: platform_set_channel_map: set mapping(1 2 0 0 0 0 0 0) for channel:2
03-04 11:27:37.342  3139  3139 D TransmitPower: AccSensorObserverMOTION_DETECTION:onMotionStateChanged() : isStable = true
03-04 11:27:37.342  3139  3139 D TransmitPower: AccSensorObserverBHH_DETECTION:onBHHDetected() : isDetected = false
03-04 11:27:37.342  3139  3139 D TransmitPower: AccSensorObserverBHH_DIRECTION:onBHHStateChanged() : isRightSide = false
03-04 11:27:37.329     0     0 I aw87xxx_mode_set_0: set mode:1 success
03-04 11:27:37.352     0     0 I afe_get_cal_topology_id: port_id = 0xb032 acdb_id = 14 topology_id = 0x1000ff01 cal_type_index=8 ret=0
03-04 11:27:37.354     0     0 I afe_send_hw_delay: port_id 0xb032 rate 48000 delay_usec 0 status 0
03-04 11:27:37.362     0     0 E q6asm_find_cal_by_buf_number: Can't find ASM Cal for cal_index 0 app_type 0 buffer_number 4
03-04 11:27:37.373     0     0 E q6asm_find_cal_by_buf_number: Can't find ASM Cal for cal_index 2 app_type 69937 buffer_number 8
03-04 11:27:37.387   989  4198 D audio_hw_primary: start_output_stream: exit
03-04 11:27:37.387   989  4198 D audio_hw_primary: out_write: retry previous failed cal level set
03-04 11:27:37.387   989  4198 D ACDB-LOADER: ACDB -> send_audvoltable
03-04 11:27:37.387   989  4198 D ACDB-LOADER: ACDB -> ACDB_CMD_GET_AUDPROC_INSTANCE_GAIN_DEP_STEP_TABLE_SIZE
03-04 11:27:37.387   989  4198 D android.hardware.audio.service: Failed to fetch the lookup information of the device 0000000E 
03-04 11:27:37.387   989  4198 D ACDB-LOADER: Error: ACDB_CMD_GET_AUDPROC_INSTANCE_GAIN_DEP_STEP_TABLE_SIZE Returned = -19
03-04 11:27:37.387   989  4198 D ACDB-LOADER: ACDB -> ACDB_CMD_GET_AUDPROC_INSTANCE_GAIN_DEP_STEP_TABLE, vol index 5
03-04 11:27:37.387   989  4198 D android.hardware.audio.service: Failed to fetch the lookup information of the device 0000000E 
03-04 11:27:37.387   989  4198 D ACDB-LOADER: Error: ACDB AudProc vol returned = -19
03-04 11:27:37.387   989  4198 D ACDB-LOADER: ACDB -> AUDIO_SET_VOL_CAL cal type = 40
03-04 11:27:37.398   989  2059 D ACDB-LOADER: ACDB -> send_audvoltable
03-04 11:27:37.398   989  2059 D ACDB-LOADER: ACDB -> ACDB_CMD_GET_AUDPROC_INSTANCE_GAIN_DEP_STEP_TABLE_SIZE
03-04 11:27:37.398   989  2059 D android.hardware.audio.service: Failed to fetch the lookup information of the device 0000000E 
03-04 11:27:37.398   989  2059 D ACDB-LOADER: Error: ACDB_CMD_GET_AUDPROC_INSTANCE_GAIN_DEP_STEP_TABLE_SIZE Returned = -19
03-04 11:27:37.398   989  2059 D ACDB-LOADER: ACDB -> ACDB_CMD_GET_AUDPROC_INSTANCE_GAIN_DEP_STEP_TABLE, vol index 4
03-04 11:27:37.398   989  2059 D android.hardware.audio.service: Failed to fetch the lookup information of the device 0000000E 
03-04 11:27:37.398   989  2059 D ACDB-LOADER: Error: ACDB AudProc vol returned = -19
03-04 11:27:37.398   989  2059 D ACDB-LOADER: ACDB -> AUDIO_SET_VOL_CAL cal type = 40
03-04 11:27:37.423  3139  3139 D TransmitPower: AccSensorObserverMOTION_DETECTION:onMotionStateChanged() : isStable = true
03-04 11:27:37.423  3139  3139 D TransmitPower: AccSensorObserverBHH_DETECTION:onBHHDetected() : isDetected = false
03-04 11:27:37.423  3139  3139 D TransmitPower: AccSensorObserverBHH_DIRECTION:onBHHStateChanged() : isRightSide = false
03-04 11:27:37.449  1026  1026 D vendor.qti.vibrator: Vibrator on for timeoutMs: 12
03-04 11:27:37.450  1026 11399 D vendor.qti.vibrator: Starting on on another thread
03-04 11:27:37.454  2270  2270 I sysui_multi_action: [757,1501,758,1,793,208,794,0,795,208,796,1,797,AmNotificationManager,806,com.android.server.telecom,857,TelecomAnsweringMachine,858,3,947,0,1500,0,1641,call,1688,1]
03-04 11:27:37.456  2270  2270 I sysui_multi_action: [757,804,799,note_interruptive,801,0,802,1]
03-04 11:27:37.460  1026  1026 D vendor.qti.vibrator: QTI Vibrator off
03-04 11:27:37.462  1026 11399 D vendor.qti.vibrator: Notifying on complete
03-04 11:27:37.466  2270  2270 I sysui_multi_action: [757,1501,758,1,793,219,794,0,795,219,796,1,797,AmNotificationManager,806,com.android.server.telecom,857,TelecomAnsweringMachine,858,3,947,0,1500,0,1641,call,1688,1]
03-04 11:27:37.467  2270  2270 I sysui_multi_action: [757,804,799,note_interruptive,801,0,802,1]
03-04 11:27:37.468  2270  2270 I sysui_multi_action: [757,199,758,1,759,5,793,222,794,0,795,222,796,1,797,AmNotificationManager,806,com.android.server.telecom,857,TelecomAnsweringMachine,858,3,947,0,1500,3,1641,call,1688,1]
03-04 11:27:37.469  2270  2270 I notification_alert: [0|com.android.server.telecom|1|AmNotificationManager|1000,1,0,1]
03-04 11:27:37.478  2270  2270 W NotificationHistory: Attempted to add notif for locked/gone/disabled user 0
03-04 11:27:37.481  2270  2270 I sysui_multi_action: [757,1501,758,1,793,234,794,0,795,234,796,1,806,com.sonymobile.android.dialer,857,phone_incoming_call,858,5,947,0,1500,0,1641,call,1688,1,1744,1]
03-04 11:27:37.482  2270  2270 I sysui_multi_action: [757,804,799,note_interruptive,801,0,802,1]
03-04 11:27:37.487  2270  2270 I sysui_multi_action: [757,1501,758,1,793,240,794,0,795,240,796,1,806,com.sonymobile.android.dialer,857,phone_incoming_call,858,5,947,0,1500,0,1641,call,1688,1,1744,1]
03-04 11:27:37.488  2270  2270 I sysui_multi_action: [757,804,799,note_interruptive,801,0,802,1]
03-04 11:27:37.489  2270  2270 I sysui_multi_action: [757,199,758,1,759,4,793,241,794,0,795,241,796,1,806,com.sonymobile.android.dialer,857,phone_incoming_call,858,5,947,0,1500,1,1641,call,1688,1,1744,1]
03-04 11:27:37.489  2270  2270 I notification_alert: [0|com.sonymobile.android.dialer|1|null|10159,0,0,1]
03-04 11:27:37.496  2270  2270 W NotificationHistory: Attempted to add notif for locked/gone/disabled user 0
03-04 11:27:37.501  3139  3139 D TransmitPower: AccSensorObserverMOTION_DETECTION:onMotionStateChanged() : isStable = true
03-04 11:27:37.502  3139  3139 D TransmitPower: AccSensorObserverBHH_DETECTION:onBHHDetected() : isDetected = false
03-04 11:27:37.502  3139  3139 D TransmitPower: AccSensorObserverBHH_DIRECTION:onBHHStateChanged() : isRightSide = false
03-04 11:27:37.573  2543  2543 D InterruptionStateProvider: No bubble up: not allowed to bubble: 0|com.android.server.telecom|1|AmNotificationManager|1000
03-04 11:27:37.575  2543  2543 D InterruptionStateProvider: No heads up: unimportant notification: 0|com.android.server.telecom|1|AmNotificationManager|1000
03-04 11:27:37.575  2543  2738 D PeopleSpaceWidgetMgr: Sbn doesn't contain valid PeopleTileKey: null/0/com.android.server.telecom
03-04 11:27:37.593  2543  2543 D InterruptionStateProvider: No bubble up: not allowed to bubble: 0|com.sonymobile.android.dialer|1|null|10159
03-04 11:27:37.596  2543  2543 W NotifBindPipeline: Row is not set so pipeline will not run. notif = 0|com.sonymobile.android.dialer|1|null|10159
03-04 11:27:37.597  2543  2738 D PeopleSpaceWidgetMgr: Sbn doesn't contain valid PeopleTileKey: null/0/com.sonymobile.android.dialer
03-04 11:27:37.605  2543  2543 D InterruptionStateProvider: No bubble up: not allowed to bubble: 0|com.sonymobile.android.dialer|1|null|10159
03-04 11:27:37.607  2543  2543 W NotifBindPipeline: Row is not set so pipeline will not run. notif = 0|com.sonymobile.android.dialer|1|null|10159
03-04 11:27:37.607  2543  2738 D PeopleSpaceWidgetMgr: Sbn doesn't contain valid PeopleTileKey: null/0/com.sonymobile.android.dialer
03-04 11:27:37.662  3139  3139 D TransmitPower: AccSensorObserverMOTION_DETECTION:onMotionStateChanged() : isStable = true
03-04 11:27:37.663  3139  3139 D TransmitPower: AccSensorObserverBHH_DETECTION:onBHHDetected() : isDetected = false
03-04 11:27:37.663  3139  3139 D TransmitPower: AccSensorObserverBHH_DIRECTION:onBHHStateChanged() : isRightSide = false
03-04 11:27:37.738  1133  2400 W VsyncModulator: setTransactionSchedule: Unexpected EarlyEnd
03-04 11:27:37.739  2543  2543 I sysui_multi_action: [757,803,799,note_peek,802,1]
03-04 11:27:37.743  2543  2543 D StatusBar: disable<e i a s b h r c s > disable2<q i n >
03-04 11:27:37.744  2270 10071 I sysui_multi_action: [757,127,758,1]
03-04 11:27:37.744  2270 10071 I sysui_multi_action: [757,804,799,note_load,801,1,802,1]
03-04 11:27:37.745  2270 10071 I notification_panel_revealed: 1
03-04 11:27:37.746  2543  2543 W TouchableRegionManager: onHeadsUpPinnedModeChanged
03-04 11:27:37.747  3139  3139 D TransmitPower: AccSensorObserverMOTION_DETECTION:onMotionStateChanged() : isStable = true
03-04 11:27:37.747  3139  3139 D TransmitPower: AccSensorObserverBHH_DETECTION:onBHHDetected() : isDetected = false
03-04 11:27:37.747  3139  3139 D TransmitPower: AccSensorObserverBHH_DIRECTION:onBHHStateChanged() : isRightSide = false
03-04 11:27:37.748  2543  2543 I sysui_heads_up_status: [0|com.sonymobile.android.dialer|1|null|10159,1]
03-04 11:27:37.823  3139  3139 D TransmitPower: AccSensorObserverMOTION_DETECTION:onMotionStateChanged() : isStable = true
03-04 11:27:37.823  3139  3139 D TransmitPower: AccSensorObserverBHH_DETECTION:onBHHDetected() : isDetected = false
03-04 11:27:37.823  3139  3139 D TransmitPower: AccSensorObserverBHH_DIRECTION:onBHHStateChanged() : isRightSide = false
03-04 11:27:37.903  3139  3139 D TransmitPower: AccSensorObserverMOTION_DETECTION:onMotionStateChanged() : isStable = true
03-04 11:27:37.903  3139  3139 D TransmitPower: AccSensorObserverBHH_DETECTION:onBHHDetected() : isDetected = false
03-04 11:27:37.903  3139  3139 D TransmitPower: AccSensorObserverBHH_DIRECTION:onBHHStateChanged() : isRightSide = false
03-04 11:27:37.952  2543  3734 I OpenGLRenderer: Davey! duration=9223371913140ms; Flags=0, FrameTimelineVsyncId=3372, IntendedVsync=123710380887, Vsync=123710380887, InputEventId=0, HandleInputStart=123711018806, AnimationStart=123711020889, PerformTraversalsStart=123711995941, DrawStart=123712782712, FrameDeadline=123727047553, FrameInterval=123711002399, FrameStartTime=16666666, SyncQueued=123713896983, SyncStart=123717497660, IssueDrawCommandsStart=123717728701, SwapBuffers=123718772451, FrameCompleted=9223372036854775807, DequeueBufferDuration=20886, QueueBufferDuration=864687, GpuCompleted=9223372036854775807, SwapBuffersCompleted=123720258441, DisplayPresentTime=0, 
03-04 11:27:37.961  1026  1026 D vendor.qti.vibrator: Vibrator on for timeoutMs: 1000
03-04 11:27:37.962  1026 11403 D vendor.qti.vibrator: Starting on on another thread
03-04 11:27:37.969  2543  3734 I OpenGLRenderer: Davey! duration=9223371913123ms; Flags=0, FrameTimelineVsyncId=3374, IntendedVsync=123727110967, Vsync=123727110967, InputEventId=0, HandleInputStart=123727720056, AnimationStart=123727722503, PerformTraversalsStart=123728725368, DrawStart=123729496097, FrameDeadline=123760444299, FrameInterval=123727703910, FrameStartTime=16666666, SyncQueued=123730600524, SyncStart=123734391878, IssueDrawCommandsStart=123734622035, SwapBuffers=123735881618, FrameCompleted=9223372036854775807, DequeueBufferDuration=18854, QueueBufferDuration=915677, GpuCompleted=9223372036854775807, SwapBuffersCompleted=123737238701, DisplayPresentTime=0, 
03-04 11:27:38.002  2543  3095 I OpenGLRenderer: Davey! duration=9223371913089ms; Flags=0, FrameTimelineVsyncId=3378, IntendedVsync=123760541433, Vsync=123760541433, InputEventId=0, HandleInputStart=123761158128, AnimationStart=123761160837, PerformTraversalsStart=123762008076, DrawStart=123762689743, FrameDeadline=123793874765, FrameInterval=123761141097, FrameStartTime=16666666, SyncQueued=123763033597, SyncStart=123767490941, IssueDrawCommandsStart=123767722816, SwapBuffers=123769537139, FrameCompleted=9223372036854775807, DequeueBufferDuration=20208, QueueBufferDuration=835989, GpuCompleted=9223372036854775807, SwapBuffersCompleted=123770754899, DisplayPresentTime=0, 
03-04 11:27:38.063  3139  3139 D TransmitPower: AccSensorObserverMOTION_DETECTION:onMotionStateChanged() : isStable = true
03-04 11:27:38.063  3139  3139 D TransmitPower: AccSensorObserverBHH_DETECTION:onBHHDetected() : isDetected = false
03-04 11:27:38.063  3139  3139 D TransmitPower: AccSensorObserverBHH_DIRECTION:onBHHStateChanged() : isRightSide = false
03-04 11:27:38.101     0     0 I (virq   : irq_count)- 4:157244 20:83029 14:51071 295:46179 214:35468 304:13575 133:5456 319:4005 17:3386 42:3000
03-04 11:27:38.101     0     0 I (cpu    : irq_count)- 0:174621 1:128337 2:21603 3:22002 4:16942 5:16414 6:19056 7:19436
03-04 11:27:38.101     0     0 I (ipi    : irq_count)- 0:456923 1:221268 2:0 3:0 4:103 5:110429 6:0
03-04 11:27:38.106  4645  4816 I android_os_HwBinder: HwBinder: Starting thread pool for getting: vendor.semc.system.idd@1.0::IIdd/default
03-04 11:27:38.107  3139  3139 D TransmitPower: ProperSensorInfoNotifier:getProperSensorInfo() E : isCallActive = false, isScreenOn = true, isDataActive = true
03-04 11:27:38.107  3139  3139 D TransmitPower: ProperSensorInfoNotifier:getProperSensorInfo() X : shouldPowerOn = true, properDetectedValue = -1
03-04 11:27:38.107  3139  3139 D TransmitPower: AccSensorManager:onProperSensorInfoChanged()
03-04 11:27:38.107  3139  3139 D TransmitPower: AccSensorObserverMOTION_DETECTION:update(): detectedValue = -1
03-04 11:27:38.107  3139  3139 D TransmitPower: AccSensorObserverBHH_DETECTION:update(): detectedValue = -1
03-04 11:27:38.107  3139  3139 D TransmitPower: AccSensorObserverBHH_DIRECTION:update(): detectedValue = -1
03-04 11:27:38.107  3139  3139 D TransmitPower: TelephonyManagerObserver:onDataActivity() : subId = 2, isDataActive = true
03-04 11:27:38.143  3139  3139 D TransmitPower: AccSensorObserverMOTION_DETECTION:onMotionStateChanged() : isStable = false
03-04 11:27:38.145  3139  3139 D TransmitPower: TransmitPowerObserver:sendPowerBackOffFactor() : key = 8, value = 8, mCurrentValue = 8
03-04 11:27:38.145  3139  3139 D TransmitPower: AccSensorObserverBHH_DETECTION:onBHHDetected() : isDetected = false
03-04 11:27:38.145  3139  3139 D TransmitPower: AccSensorObserverBHH_DIRECTION:onBHHStateChanged() : isRightSide = false
03-04 11:27:38.146  3139  3941 D TransmitPower: TransmitPowerService:setPowerBackOffFactor() : key = 8, value = 8
03-04 11:27:38.146  3139  3941 D TransmitPower: TransmitPowerService:calculateMCC() : simCount = 1, mMccList = {0=460}, result = 0
03-04 11:27:38.146  3139  3941 D TransmitPower: TransmitPowerService:setBackOffDsi() : index = 4, mBackOffDsi = 0, newBackOffDsi = 4
03-04 11:27:38.147  2881  2881 D QcrilMsgTunnelIfaceManager: handleMessage what = 1
03-04 11:27:38.148  2881  2881 I QcrilOemhookMsgTunnel: [0]invokeOemRilRequestRaw: serial=1029 length=24
03-04 11:27:38.155  2881  3368 I QcrilOemhookMsgTunnel: [0]processOemHookResponse serial no: 1029 error: 40length=0
03-04 11:27:38.155  2881  3368 E QcRilRequest: [1029] < OEM_HOOK_RAW error: org.codeaurora.telephony.utils.CommandException: MODEM_ERR
03-04 11:27:38.156  2881  2881 D QcrilMsgTunnelIfaceManager: handleMessage what = 2
03-04 11:27:38.156  3139  3941 D QC_RIL_OEM_HOOK: sendOemRilRequestRaw returns value = -39
03-04 11:27:38.156  3139  3941 D TransmitPower: TransmitPowerService:setBackOffDsi failure.
03-04 11:27:38.168  2543  2712 W FrameTracker: Missed App frame:8
03-04 11:27:38.169  2543  4016 V PerfettoTrigger: Triggering /system/bin/trigger_perfetto com.android.telemetry.interaction-jank-monitor-12
03-04 11:27:38.225  3139  3139 D TransmitPower: AccSensorObserverMOTION_DETECTION:onMotionStateChanged() : isStable = false
03-04 11:27:38.225  3139  3139 D TransmitPower: AccSensorObserverBHH_DETECTION:onBHHDetected() : isDetected = false
03-04 11:27:38.225  3139  3139 D TransmitPower: AccSensorObserverBHH_DIRECTION:onBHHStateChanged() : isRightSide = false
03-04 11:27:38.269  2270 10071 I sysui_multi_action: [757,128,758,1,793,1005,794,0,795,1005,796,1,798,0,806,com.sonymobile.android.dialer,857,phone_incoming_call,858,5,947,0,1395,15,1500,1005,1641,call,1688,1,1744,1]
03-04 11:27:38.270  2270 10071 I sysui_multi_action: [757,804,799,note_freshness,801,1005,802,1]
03-04 11:27:38.272  2270 10071 I notification_visibility: [0|com.sonymobile.android.dialer|1|null|10159,1,1005,1005,0,0]
03-04 11:27:38.305  3139  3139 D TransmitPower: AccSensorObserverMOTION_DETECTION:onMotionStateChanged() : isStable = false
03-04 11:27:38.305  3139  3139 D TransmitPower: AccSensorObserverBHH_DETECTION:onBHHDetected() : isDetected = false
03-04 11:27:38.305  3139  3139 D TransmitPower: AccSensorObserverBHH_DIRECTION:onBHHStateChanged() : isRightSide = false
03-04 11:27:38.361  1133  2401 W VsyncModulator: setTransactionSchedule: Unexpected EarlyEnd
03-04 11:27:38.453     0     0 I         : smblib_usb_ov_and_uv_detect_work start..
03-04 11:27:38.465  3139  3139 D TransmitPower: AccSensorObserverMOTION_DETECTION:onMotionStateChanged() : isStable = false
03-04 11:27:38.466  3139  3139 D TransmitPower: AccSensorObserverBHH_DETECTION:onBHHDetected() : isDetected = false
03-04 11:27:38.466  3139  3139 D TransmitPower: AccSensorObserverBHH_DIRECTION:onBHHStateChanged() : isRightSide = false
03-04 11:27:38.486     0     0 I QG-K    : qg_somc_jeita_step_charge_work: [Charging] condition=3, chip->target_idx=13
03-04 11:27:38.545  3139  3139 D TransmitPower: AccSensorObserverMOTION_DETECTION:onMotionStateChanged() : isStable = false
03-04 11:27:38.545  3139  3139 D TransmitPower: AccSensorObserverBHH_DETECTION:onBHHDetected() : isDetected = false
03-04 11:27:38.545  3139  3139 D TransmitPower: AccSensorObserverBHH_DIRECTION:onBHHStateChanged() : isRightSide = false
03-04 11:27:38.561  1133  2401 W VsyncModulator: setTransactionSchedule: Unexpected EarlyEnd
03-04 11:27:38.575  3585  6194 W awvo    : Retrieving snapshot for com.google.android.platform.ota failed [CONTEXT service_id=204 ]
03-04 11:27:38.575  3585  6194 W awvo    : java.util.concurrent.TimeoutException: Timed out waiting for Task
03-04 11:27:38.575  3585  6194 W awvo    : 	at beoj.l(:com.google.android.gms@214815044@21.48.15 (190400-414534850):6)
03-04 11:27:38.575  3585  6194 W awvo    : 	at awvo.g(:com.google.android.gms@214815044@21.48.15 (190400-414534850):2)
03-04 11:27:38.575  3585  6194 W awvo    : 	at awvo.k(:com.google.android.gms@214815044@21.48.15 (190400-414534850):2)
03-04 11:27:38.575  3585  6194 W awvo    : 	at awvo.c(:com.google.android.gms@214815044@21.48.15 (190400-414534850):7)
03-04 11:27:38.575  3585  6194 W awvo    : 	at com.google.android.gms.platformconfigurator.PhenotypeConfigurationUpdateListener.e(:com.google.android.gms@214815044@21.48.15 (190400-414534850):5)
03-04 11:27:38.575  3585  6194 W awvo    : 	at com.google.android.gms.platformconfigurator.PhenotypeConfigurationUpdateListener.f(:com.google.android.gms@214815044@21.48.15 (190400-414534850):3)
03-04 11:27:38.575  3585  6194 W awvo    : 	at com.google.android.gms.platformconfigurator.PhenotypeConfigurationUpdateListener.onHandleIntent(:com.google.android.gms@214815044@21.48.15 (190400-414534850):3)
03-04 11:27:38.575  3585  6194 W awvo    : 	at com.google.android.chimera.IntentOperation.onHandleIntent(:com.google.android.gms@214815044@21.48.15 (190400-414534850):2)
03-04 11:27:38.575  3585  6194 W awvo    : 	at syr.onHandleIntent(:com.google.android.gms@214815044@21.48.15 (190400-414534850):4)
03-04 11:27:38.575  3585  6194 W awvo    : 	at eky.run(:com.google.android.gms@214815044@21.48.15 (190400-414534850):4)
03-04 11:27:38.575  3585  6194 W awvo    : 	at ekx.run(:com.google.android.gms@214815044@21.48.15 (190400-414534850):11)
03-04 11:27:38.575  3585  6194 W awvo    : 	at bywm.run(:com.google.android.gms@214815044@21.48.15 (190400-414534850):2)
03-04 11:27:38.575  3585  6194 W awvo    : 	at java.util.concurrent.ThreadPoolExecutor.runWorker(ThreadPoolExecutor.java:1167)
03-04 11:27:38.575  3585  6194 W awvo    : 	at java.util.concurrent.ThreadPoolExecutor$Worker.run(ThreadPoolExecutor.java:641)
03-04 11:27:38.575  3585  6194 W awvo    : 	at java.lang.Thread.run(Thread.java:920)
03-04 11:27:38.615     0     0 I [charger info] usb: present=1 type=4 batt:present = 1 health = 1 charge_type = 3
03-04 11:27:38.615     0     0 I         : [charger info] batt_soc=100 batt_voltage=4397433 batt_current=-50659 batt_temp=293 usb_voltage=4783376 usb_current=479455
03-04 11:27:38.626  3139  3139 D TransmitPower: AccSensorObserverMOTION_DETECTION:onMotionStateChanged() : isStable = false
03-04 11:27:38.626  3139  3139 D TransmitPower: AccSensorObserverBHH_DETECTION:onBHHDetected() : isDetected = false
03-04 11:27:38.626  3139  3139 D TransmitPower: AccSensorObserverBHH_DIRECTION:onBHHStateChanged() : isRightSide = false
03-04 11:27:38.706  3139  3139 D TransmitPower: AccSensorObserverMOTION_DETECTION:onMotionStateChanged() : isStable = false
03-04 11:27:38.707  3139  3139 D TransmitPower: AccSensorObserverBHH_DETECTION:onBHHDetected() : isDetected = false
03-04 11:27:38.707  3139  3139 D TransmitPower: AccSensorObserverBHH_DIRECTION:onBHHStateChanged() : isRightSide = false
03-04 11:27:38.762  1133  2401 W VsyncModulator: setTransactionSchedule: Unexpected EarlyEnd
03-04 11:27:38.816  2270  2404 I input_interaction: Interaction with: bf46605 NotificationShade (server), PointerEventDispatcher0 (server), 
03-04 11:27:38.822  1019  1222 W ANDR-PERF-LM: FeatureState: readState() 151: warning: appName is NULL, returning default State
03-04 11:27:38.823  1019  1222 W ANDR-PERF-LM: FeatureState: readState() 151: warning: appName is NULL, returning default State
03-04 11:27:38.823  1019  1222 W ANDR-PERF-LM: MetaMeter: handleSecondaryAsync() 151: PreKill MetaMeterThread start(). No MeterMgr Available to handle this Secondary/Data Async. !!!! 
03-04 11:27:38.865  3139  3139 D TransmitPower: AccSensorObserverMOTION_DETECTION:onMotionStateChanged() : isStable = false
03-04 11:27:38.865  3139  3139 D TransmitPower: AccSensorObserverBHH_DETECTION:onBHHDetected() : isDetected = false
03-04 11:27:38.865  3139  3139 D TransmitPower: AccSensorObserverBHH_DIRECTION:onBHHStateChanged() : isRightSide = false
03-04 11:27:38.937     0     0 I IRQ 6   : no longer affine to CPU5
03-04 11:27:38.946  3139  3139 D TransmitPower: AccSensorObserverMOTION_DETECTION:onMotionStateChanged() : isStable = false
03-04 11:27:38.946  3139  3139 D TransmitPower: AccSensorObserverBHH_DETECTION:onBHHDetected() : isDetected = false
03-04 11:27:38.946  3139  3139 D TransmitPower: AccSensorObserverBHH_DIRECTION:onBHHStateChanged() : isRightSide = false
03-04 11:27:38.957  2270  7450 I sysui_multi_action: [757,129,758,4,759,1,793,1694,794,689,795,1694,796,1,798,0,806,com.sonymobile.android.dialer,857,phone_incoming_call,858,5,947,0,1395,15,1500,1694,1600,0,1601,0,1629,1,1641,call,1688,1,1744,1]
03-04 11:27:38.958  2270  7450 I notification_action_clicked: [0|com.sonymobile.android.dialer|1|null|10159,1,1694,1694,689,0,15]
03-04 11:27:38.963  1026 11403 D vendor.qti.vibrator: Notifying on complete
