03-04 11:27:31.295   847 11303 I resolv  : res_nsend: used send_dg 94 terrno: 0
03-04 11:27:31.295   847 11303 I resolv  : res_stats_set_sample: rcode = 0, sec = 63
03-04 11:27:31.295   847 11303 I resolv  : res_cache_add_stats_sample_locked: adding sample to stats, next = 37, count = 37
03-04 11:27:31.295   847 11303 D resolv  : res_nsend: got answer:
03-04 11:27:31.295   847 11303 I resolv  : answer_getTTL: TTL = 48
03-04 11:27:31.295   847 11303 I resolv  : _cache_add_p: entry 38 added (count=32)
03-04 11:27:31.296   847 11303 I resolv  : cache_dump_mru_locked: MRU LIST (32):  38 13 11 10 37 19 5 32 20 21 36 35 34 33 16 15 31 30 29 28 27 26 25 24 14 9 23 22 18 17 3 2
03-04 11:27:31.296   847 11303 D resolv  : doQuery: rcode=0, ancount=0
03-04 11:27:31.305  3139  3139 D TransmitPower: AccSensorObserverMOTION_DETECTION:onMotionStateChanged() : isStable = true
03-04 11:27:31.305  3139  3139 D TransmitPower: AccSensorObserverBHH_DETECTION:onBHHDetected() : isDetected = false
03-04 11:27:31.305  3139  3139 D TransmitPower: AccSensorObserverBHH_DIRECTION:onBHHStateChanged() : isRightSide = false
03-04 11:27:31.424  3139  3139 D TransmitPower: AccSensorObserverMOTION_DETECTION:onMotionStateChanged() : isStable = true
03-04 11:27:31.424  3139  3139 D TransmitPower: AccSensorObserverBHH_DETECTION:onBHHDetected() : isDetected = false
03-04 11:27:31.424  3139  3139 D TransmitPower: AccSensorObserverBHH_DIRECTION:onBHHStateChanged() : isRightSide = false
03-04 11:27:31.432  6067  6098 I Finsky  : [405] fzl.run(10): Stats for Executor: bgExecutor ief@463c447[Running, pool size = 4, active threads = 4, queued tasks = 6, completed tasks = 122]
03-04 11:27:31.541  3139  3139 D TransmitPower: AccSensorObserverMOTION_DETECTION:onMotionStateChanged() : isStable = true
03-04 11:27:31.541  3139  3139 D TransmitPower: AccSensorObserverBHH_DETECTION:onBHHDetected() : isDetected = false
03-04 11:27:31.541  3139  3139 D TransmitPower: AccSensorObserverBHH_DIRECTION:onBHHStateChanged() : isRightSide = false
03-04 11:27:31.622  3139  3139 D TransmitPower: AccSensorObserverMOTION_DETECTION:onMotionStateChanged() : isStable = true
03-04 11:27:31.622  3139  3139 D TransmitPower: AccSensorObserverBHH_DETECTION:onBHHDetected() : isDetected = false
03-04 11:27:31.623  3139  3139 D TransmitPower: AccSensorObserverBHH_DIRECTION:onBHHStateChanged() : isRightSide = false
03-04 11:27:31.731  2270  2326 I ActivityManager: Killing 9610:com.qualcomm.qti.qms.service.connectionsecurity/u0a124 (adj 999): empty #31
03-04 11:27:31.731  2270  2326 I am_kill : [0,9610,com.qualcomm.qti.qms.service.connectionsecurity,999,empty #31]
03-04 11:27:31.738  3139  3139 D TransmitPower: AccSensorObserverMOTION_DETECTION:onMotionStateChanged() : isStable = true
03-04 11:27:31.738  3139  3139 D TransmitPower: AccSensorObserverBHH_DETECTION:onBHHDetected() : isDetected = false
03-04 11:27:31.739  3139  3139 D TransmitPower: AccSensorObserverBHH_DIRECTION:onBHHStateChanged() : isRightSide = false
03-04 11:27:31.755  2270  2325 I am_pss  : [9027,10217,com.nttdocomo.android.phonemotion,24407040,21868544,324608,99622912,0,4,12]
03-04 11:27:31.756  3585 11305 E GCM     : Missing checkin config file
03-04 11:27:31.757  3585 11305 W GCM     : GCM FAILED TO INITIALIZE - missing checkin
03-04 11:27:31.757  3585 11305 E WakeLock: GCM_HB_ALARM release without a matched acquire!
03-04 11:27:31.758  3585 11305 W WakeLock: GCM_HB_ALARM counter does not exist
03-04 11:27:31.766  2270  2831 I am_proc_died: [0,9610,com.qualcomm.qti.qms.service.connectionsecurity,999,19]
03-04 11:27:31.766   849   849 I Zygote  : Process 9610 exited due to signal 9 (Killed)
03-04 11:27:31.768  2270  2325 I am_pss  : [10029,10286,com.sonymobile.crashmonitor.ui,8262656,6746112,362496,71835648,0,4,9]
03-04 11:27:31.769  3585 11305 I gtalk_connection: 16778495
03-04 11:27:31.770  2270  2831 I am_uid_stopped: 10124
03-04 11:27:31.778  2270  2325 I am_pss  : [10614,10174,com.sonymobile.advancedwidget.clock,11341824,8765440,352256,80769024,0,19,9]
03-04 11:27:31.784  2270  2334 I libprocessgroup: Successfully killed process cgroup uid 10124 pid 9610 in 50ms
03-04 11:27:31.787  2270  2325 I am_pss  : [10353,10096,com.android.externalstorage,6149120,5021696,392192,62103552,0,19,7]
03-04 11:27:31.795  2270  2325 I am_pss  : [10223,10223,com.sonymobile.supplementallyservice.dcm,7278592,6066176,389120,64688128,0,19,7]
03-04 11:27:31.805  2270  2325 I am_pss  : [5117,10163,com.google.process.gapps,8294400,3682304,2900992,65523712,0,19,8]
03-04 11:27:31.814  2270  2325 I am_pss  : [4930,10246,com.sonymobile.pocketmode2,6198272,2252800,3259392,56598528,0,0,7]
03-04 11:27:31.816  3139  3139 D TransmitPower: AccSensorObserverMOTION_DETECTION:onMotionStateChanged() : isStable = true
03-04 11:27:31.816  3139  3139 D TransmitPower: AccSensorObserverBHH_DETECTION:onBHHDetected() : isDetected = false
03-04 11:27:31.816  3139  3139 D TransmitPower: AccSensorObserverBHH_DIRECTION:onBHHStateChanged() : isRightSide = false
03-04 11:27:31.822  2270  2325 I am_pss  : [4889,1000,com.qualcomm.qti.services.secureui:sui_service,6431744,2846720,2946048,39948288,0,0,6]
03-04 11:27:31.831  2270  2325 I am_pss  : [4876,10227,com.qualcomm.location,8739840,3366912,4183040,63332352,0,0,7]
03-04 11:27:31.839  2270  2325 I am_pss  : [4847,1000,com.sonymobile.pip,7050240,3170304,3408896,40042496,0,0,6]
03-04 11:27:31.847  2270  2325 I am_pss  : [4820,10275,com.qualcomm.qti.workloadclassifier,8944640,5316608,2909184,59928576,0,0,7]
03-04 11:27:31.856  2270  2325 I am_pss  : [4783,1000,com.sonymobile.nfc.clfstate,6400000,679936,5553152,17805312,0,0,6]
03-04 11:27:31.865  2270  2325 I am_pss  : [4744,10219,com.sonyericsson.docomo.settings,8081408,4276224,3030016,60665856,0,0,7]
03-04 11:27:31.874  2270  2325 I am_pss  : [4714,10289,com.qualcomm.qti.qccnetstat,6247424,1548288,4066304,53972992,0,0,7]
03-04 11:27:31.884  2270  2325 I am_pss  : [4679,10240,com.qualcomm.qti.services.systemhelper:systemhelper_service,6559744,2854912,2804736,59781120,0,0,7]
03-04 11:27:31.894  2270  2325 I am_pss  : [4645,10231,com.sonyericsson.devicemonitor,23147520,12816384,7310336,93458432,0,0,8]
03-04 11:27:31.902  2270  2325 I am_pss  : [4606,10127,.pasr,5840896,1921024,3279872,54763520,0,0,6]
03-04 11:27:31.911  2270  2325 I am_pss  : [4553,10232,com.sonymobile.superstamina,7857152,4235264,2724864,65179648,0,0,7]
03-04 11:27:31.920  2270  2325 I am_pss  : [4510,10237,com.sonymobile.smartcharger,8094720,3653632,3485696,66904064,0,0,7]
03-04 11:27:31.930  2270  2325 I am_pss  : [4479,1027,com.android.nfc,12652544,7294976,4560896,44650496,0,0,7]
03-04 11:27:31.934  3139  3139 D TransmitPower: AccSensorObserverMOTION_DETECTION:onMotionStateChanged() : isStable = true
03-04 11:27:31.934  3139  3139 D TransmitPower: AccSensorObserverBHH_DETECTION:onBHHDetected() : isDetected = false
03-04 11:27:31.934  3139  3139 D TransmitPower: AccSensorObserverBHH_DIRECTION:onBHHStateChanged() : isRightSide = false
03-04 11:27:31.938  2270  2325 I am_pss  : [4414,1000,com.sonyericsson.debugmenu,5994496,2191360,3403776,33787904,0,0,6]
03-04 11:27:31.946  2270  2325 I am_pss  : [4384,10228,com.sonymobile.wifi,6134784,2457600,2951168,57667584,0,0,6]
03-04 11:27:31.955  2270  2325 I am_pss  : [3402,10277,com.sonyericsson.settings,13683712,7151616,0,97206272,0,0,7]
03-04 11:27:31.967  2270  2325 I am_pss  : [3194,1001,com.android.phone,37966848,30507008,4097024,107646976,0,0,10]
03-04 11:27:31.977  2270  2325 I am_pss  : [3168,10254,com.sonymobile.dropbox.system,6194176,1757184,3742720,55955456,0,0,7]
03-04 11:27:31.985  2270  2325 I am_pss  : [3139,10291,com.sonymobile.transmitpower,9842688,4870144,3860480,65953792,0,0,6]
03-04 11:27:31.994  2270  2325 I am_pss  : [3098,10186,com.qualcomm.qti.devicestatisticsservice,6466560,1355776,4450304,54210560,0,0,7]
03-04 11:27:32.003  2270  2325 I am_pss  : [3074,10281,com.sonyericsson.crashmonitor,9393152,3772416,4488192,69554176,0,0,7]
03-04 11:27:32.011  2270  2325 I am_pss  : [3049,1068,com.android.se,8085504,2650112,4900864,36929536,0,0,7]
03-04 11:27:32.014  3139  3139 D TransmitPower: AccSensorObserverMOTION_DETECTION:onMotionStateChanged() : isStable = true
03-04 11:27:32.015  3139  3139 D TransmitPower: AccSensorObserverBHH_DETECTION:onBHHDetected() : isDetected = false
03-04 11:27:32.015  3139  3139 D TransmitPower: AccSensorObserverBHH_DIRECTION:onBHHStateChanged() : isRightSide = false
03-04 11:27:32.022  2270  2325 I am_pss  : [3024,10283,com.qti.qualcomm.mstatssystemservice,5862400,1216512,4023296,52891648,0,0,7]
03-04 11:27:32.025  3139  3139 D TransmitPower: ProperSensorInfoNotifier:getProperSensorInfo() E : isCallActive = false, isScreenOn = true, isDataActive = true
03-04 11:27:32.025  3139  3139 D TransmitPower: ProperSensorInfoNotifier:getProperSensorInfo() X : shouldPowerOn = true, properDetectedValue = -1
03-04 11:27:32.025  3139  3139 D TransmitPower: AccSensorManager:onProperSensorInfoChanged()
03-04 11:27:32.025  3139  3139 D TransmitPower: AccSensorObserverMOTION_DETECTION:update(): detectedValue = -1
03-04 11:27:32.025  3139  3139 D TransmitPower: AccSensorObserverBHH_DETECTION:update(): detectedValue = -1
03-04 11:27:32.025  3139  3139 D TransmitPower: AccSensorObserverBHH_DIRECTION:update(): detectedValue = -1
03-04 11:27:32.025  3139  3139 D TransmitPower: TelephonyManagerObserver:onDataActivity() : subId = 2, isDataActive = true
03-04 11:27:32.028  4645  4816 I android_os_HwBinder: HwBinder: Starting thread pool for getting: vendor.semc.system.idd@1.0::IIdd/default
03-04 11:27:32.031  2270  2325 I am_pss  : [2960,10248,org.codeaurora.ims,13658112,7254016,4317184,77123584,0,0,8]
03-04 11:27:32.038  1133  2400 W VsyncModulator: setTransactionSchedule: Unexpected EarlyEnd
03-04 11:27:32.038  2270  2325 I am_pss  : [2921,1000,vendor.qti.qesdk.sysservice,5659648,1085440,4371456,21831680,0,0,5]
03-04 11:27:32.045  2270  2325 I am_pss  : [2903,10269,com.qualcomm.qtil.aptxacu,6571008,1613824,4337664,53252096,0,0,5]
03-04 11:27:32.054  2270  2325 I am_pss  : [2850,10122,.qtidataservices,9990144,4005888,4947968,64712704,0,0,7]
03-04 11:27:32.062  2270  2325 I am_pss  : [2783,10224,com.sonymobile.xperiasystemserver,8404992,4517888,3019776,63340544,0,0,6]
03-04 11:27:32.072  2270  2325 I am_pss  : [10667,10145,com.google.android.apps.turbo,9114624,6782976,365568,71499776,0,19,8]
03-04 11:27:32.133  3139  3139 D TransmitPower: AccSensorObserverMOTION_DETECTION:onMotionStateChanged() : isStable = true
03-04 11:27:32.133  3139  3139 D TransmitPower: AccSensorObserverBHH_DETECTION:onBHHDetected() : isDetected = false
03-04 11:27:32.133  3139  3139 D TransmitPower: AccSensorObserverBHH_DIRECTION:onBHHStateChanged() : isRightSide = false
03-04 11:27:32.212  3139  3139 D TransmitPower: AccSensorObserverMOTION_DETECTION:onMotionStateChanged() : isStable = true
03-04 11:27:32.212  3139  3139 D TransmitPower: AccSensorObserverBHH_DETECTION:onBHHDetected() : isDetected = false
03-04 11:27:32.212  3139  3139 D TransmitPower: AccSensorObserverBHH_DIRECTION:onBHHStateChanged() : isRightSide = false
03-04 11:27:32.333  3139  3139 D TransmitPower: AccSensorObserverMOTION_DETECTION:onMotionStateChanged() : isStable = true
03-04 11:27:32.333  3139  3139 D TransmitPower: AccSensorObserverBHH_DETECTION:onBHHDetected() : isDetected = false
03-04 11:27:32.333  3139  3139 D TransmitPower: AccSensorObserverBHH_DIRECTION:onBHHStateChanged() : isRightSide = false
03-04 11:27:32.406     0     0 I         : smblib_usb_ov_and_uv_detect_work start..
03-04 11:27:32.409  3139  3139 D TransmitPower: AccSensorObserverMOTION_DETECTION:onMotionStateChanged() : isStable = true
03-04 11:27:32.409  3139  3139 D TransmitPower: AccSensorObserverBHH_DETECTION:onBHHDetected() : isDetected = false
03-04 11:27:32.410  3139  3139 D TransmitPower: AccSensorObserverBHH_DIRECTION:onBHHStateChanged() : isRightSide = false
03-04 11:27:32.440     0     0 I QG-K    : qg_somc_jeita_step_charge_work: [Charging] condition=3, chip->target_idx=13
03-04 11:27:32.476     0     0 I [charger info] usb: present=1 type=4 batt:present = 1 health = 1 charge_type = 3
03-04 11:27:32.476     0     0 I         : [charger info] batt_soc=100 batt_voltage=4423125 batt_current=266113 batt_temp=292 usb_voltage=4784416 usb_current=480100
03-04 11:27:32.528  3139  3139 D TransmitPower: AccSensorObserverMOTION_DETECTION:onMotionStateChanged() : isStable = true
03-04 11:27:32.528  3139  3139 D TransmitPower: AccSensorObserverBHH_DETECTION:onBHHDetected() : isDetected = false
03-04 11:27:32.528  3139  3139 D TransmitPower: AccSensorObserverBHH_DIRECTION:onBHHStateChanged() : isRightSide = false
03-04 11:27:32.573  3585  6194 W awvo    : Retrieving snapshot for com.google.android.platform.exo failed [CONTEXT service_id=204 ]
03-04 11:27:32.573  3585  6194 W awvo    : java.util.concurrent.TimeoutException: Timed out waiting for Task
03-04 11:27:32.573  3585  6194 W awvo    : 	at beoj.l(:com.google.android.gms@214815044@21.48.15 (190400-414534850):6)
03-04 11:27:32.573  3585  6194 W awvo    : 	at awvo.g(:com.google.android.gms@214815044@21.48.15 (190400-414534850):2)
03-04 11:27:32.573  3585  6194 W awvo    : 	at awvo.k(:com.google.android.gms@214815044@21.48.15 (190400-414534850):2)
03-04 11:27:32.573  3585  6194 W awvo    : 	at awvo.c(:com.google.android.gms@214815044@21.48.15 (190400-414534850):7)
03-04 11:27:32.573  3585  6194 W awvo    : 	at com.google.android.gms.platformconfigurator.PhenotypeConfigurationUpdateListener.e(:com.google.android.gms@214815044@21.48.15 (190400-414534850):5)
03-04 11:27:32.573  3585  6194 W awvo    : 	at com.google.android.gms.platformconfigurator.PhenotypeConfigurationUpdateListener.f(:com.google.android.gms@214815044@21.48.15 (190400-414534850):3)
03-04 11:27:32.573  3585  6194 W awvo    : 	at com.google.android.gms.platformconfigurator.PhenotypeConfigurationUpdateListener.onHandleIntent(:com.google.android.gms@214815044@21.48.15 (190400-414534850):3)
03-04 11:27:32.573  3585  6194 W awvo    : 	at com.google.android.chimera.IntentOperation.onHandleIntent(:com.google.android.gms@214815044@21.48.15 (190400-414534850):2)
03-04 11:27:32.573  3585  6194 W awvo    : 	at syr.onHandleIntent(:com.google.android.gms@214815044@21.48.15 (190400-414534850):4)
03-04 11:27:32.573  3585  6194 W awvo    : 	at eky.run(:com.google.android.gms@214815044@21.48.15 (190400-414534850):4)
03-04 11:27:32.573  3585  6194 W awvo    : 	at ekx.run(:com.google.android.gms@214815044@21.48.15 (190400-414534850):11)
03-04 11:27:32.573  3585  6194 W awvo    : 	at bywm.run(:com.google.android.gms@214815044@21.48.15 (190400-414534850):2)
03-04 11:27:32.573  3585  6194 W awvo    : 	at java.util.concurrent.ThreadPoolExecutor.runWorker(ThreadPoolExecutor.java:1167)
03-04 11:27:32.573  3585  6194 W awvo    : 	at java.util.concurrent.ThreadPoolExecutor$Worker.run(ThreadPoolExecutor.java:641)
03-04 11:27:32.573  3585  6194 W awvo    : 	at java.lang.Thread.run(Thread.java:920)
03-04 11:27:32.607  3139  3139 D TransmitPower: AccSensorObserverMOTION_DETECTION:onMotionStateChanged() : isStable = true
03-04 11:27:32.607  3139  3139 D TransmitPower: AccSensorObserverBHH_DETECTION:onBHHDetected() : isDetected = false
03-04 11:27:32.607  3139  3139 D TransmitPower: AccSensorObserverBHH_DIRECTION:onBHHStateChanged() : isRightSide = false
03-04 11:27:32.725  3139  3139 D TransmitPower: AccSensorObserverMOTION_DETECTION:onMotionStateChanged() : isStable = true
03-04 11:27:32.725  3139  3139 D TransmitPower: AccSensorObserverBHH_DETECTION:onBHHDetected() : isDetected = false
03-04 11:27:32.725  3139  3139 D TransmitPower: AccSensorObserverBHH_DIRECTION:onBHHStateChanged() : isRightSide = false
03-04 11:27:32.803  3139  3139 D TransmitPower: AccSensorObserverMOTION_DETECTION:onMotionStateChanged() : isStable = true
03-04 11:27:32.803  3139  3139 D TransmitPower: AccSensorObserverBHH_DETECTION:onBHHDetected() : isDetected = false
03-04 11:27:32.803  3139  3139 D TransmitPower: AccSensorObserverBHH_DIRECTION:onBHHStateChanged() : isRightSide = false
03-04 11:27:32.819  2881  3368 D QtiRadiohidlIndication: onSignalStrengthChange: slotId = 0
03-04 11:27:32.820  3194  3194 D SST     : [0] handleMessage: received event 12
03-04 11:27:32.820  2881  3368 D QtiRadioProxy: onSignalStrength slotId = 0 signalStrength = SignalStrength: Rsrp: -32768 Snr: -32768
03-04 11:27:32.820  2881  3490 D QtiRadioProxyHandler: : handleMessage msg.what = 11
03-04 11:27:32.820  2881  3490 D QtiRadioProxyHandler: : EVENT_ON_SIGNAL_STRENGTH
03-04 11:27:32.821  2881  3490 D QtiRadioProxy: onSignalStrength: Responding back for transaction = null
03-04 11:27:32.822  3194  3504 D ExtPhoneCallbackBase: UNIMPLEMENTED: onSignalStrength: slotId = 0 token = Token: -1 statusStatus: 1 signalStrength = SignalStrength: Rsrp: -32768 Snr: -32768
03-04 11:27:32.822  2881  3490 D QtiRadioProxy: onSignalStrength: Responding back for transaction = null
03-04 11:27:32.823  3194  3504 D ExtPhoneCallbackBase: UNIMPLEMENTED: onSignalStrength: slotId = 0 token = Token: -1 statusStatus: 1 signalStrength = SignalStrength: Rsrp: -32768 Snr: -32768
03-04 11:27:32.823  2881  3490 D QtiRadioProxy: onSignalStrength: Responding back for transaction = null
03-04 11:27:32.824  3194  3504 D ExtPhoneCallbackBase: UNIMPLEMENTED: onSignalStrength: slotId = 0 token = Token: -1 statusStatus: 1 signalStrength = SignalStrength: Rsrp: -32768 Snr: -32768
03-04 11:27:32.824  2881  3490 D QtiRadioProxy: onSignalStrength: Responding back for transaction = null
03-04 11:27:32.825  2543  3734 D ExtPhoneCallbackBase: UNIMPLEMENTED: onSignalStrength: slotId = 0 token = Token: -1 statusStatus: 1 signalStrength = SignalStrength: Rsrp: -32768 Snr: -32768
03-04 11:27:32.837  3194  3504 D Phone   : isImsCapabilityAvailable, capability=1, regTech=1, isAvailable=false
03-04 11:27:32.839  3194  3569 D Phone   : isImsCapabilityAvailable, capability=2, regTech=1, isAvailable=false
03-04 11:27:32.842  3194  3505 D Phone   : isImsCapabilityAvailable, capability=1, regTech=0, isAvailable=true
03-04 11:27:32.923  3139  3139 D TransmitPower: AccSensorObserverMOTION_DETECTION:onMotionStateChanged() : isStable = true
03-04 11:27:32.924  3139  3139 D TransmitPower: AccSensorObserverBHH_DETECTION:onBHHDetected() : isDetected = false
03-04 11:27:32.924  3139  3139 D TransmitPower: AccSensorObserverBHH_DIRECTION:onBHHStateChanged() : isRightSide = false
03-04 11:27:33.042  4645  4816 I android_os_HwBinder: HwBinder: Starting thread pool for getting: vendor.semc.system.idd@1.0::IIdd/default
03-04 11:27:33.042  3139  3139 D TransmitPower: ProperSensorInfoNotifier:getProperSensorInfo() E : isCallActive = false, isScreenOn = true, isDataActive = true
03-04 11:27:33.042  3139  3139 D TransmitPower: ProperSensorInfoNotifier:getProperSensorInfo() X : shouldPowerOn = true, properDetectedValue = -1
03-04 11:27:33.043  3139  3139 D TransmitPower: AccSensorManager:onProperSensorInfoChanged()
03-04 11:27:33.043  3139  3139 D TransmitPower: AccSensorObserverMOTION_DETECTION:update(): detectedValue = -1
03-04 11:27:33.043  3139  3139 D TransmitPower: AccSensorObserverBHH_DETECTION:update(): detectedValue = -1
03-04 11:27:33.043  3139  3139 D TransmitPower: AccSensorObserverBHH_DIRECTION:update(): detectedValue = -1
03-04 11:27:33.043  3139  3139 D TransmitPower: TelephonyManagerObserver:onDataActivity() : subId = 2, isDataActive = true
03-04 11:27:33.043  3139  3139 D TransmitPower: AccSensorObserverMOTION_DETECTION:onMotionStateChanged() : isStable = true
03-04 11:27:33.043  3139  3139 D TransmitPower: AccSensorObserverBHH_DETECTION:onBHHDetected() : isDetected = false
03-04 11:27:33.043  3139  3139 D TransmitPower: AccSensorObserverBHH_DIRECTION:onBHHStateChanged() : isRightSide = false
03-04 11:27:33.060  1133  2400 W VsyncModulator: setTransactionSchedule: Unexpected EarlyEnd
03-04 11:27:33.119  3139  3139 D TransmitPower: AccSensorObserverMOTION_DETECTION:onMotionStateChanged() : isStable = true
03-04 11:27:33.120  3139  3139 D TransmitPower: AccSensorObserverBHH_DETECTION:onBHHDetected() : isDetected = false
03-04 11:27:33.120  3139  3139 D TransmitPower: AccSensorObserverBHH_DIRECTION:onBHHStateChanged() : isRightSide = false
03-04 11:27:33.129   847 11309 D resolv  : GetAddrInfoHandler::run: {100 262244 100 983140 10212 0}
03-04 11:27:33.130   847 11309 D resolv  : resolv_getaddrinfo: explore_fqdn(): ai_family=0 ai_socktype=1 ai_protocol=6
03-04 11:27:33.133   847 11310 D resolv  : doQuery: (1, 28)
03-04 11:27:33.133   847 11311 D resolv  : doQuery: (1, 1)
03-04 11:27:33.133   847 11311 D resolv  : res_nmkquery: (QUERY, IN, A)
03-04 11:27:33.133   847 11310 D resolv  : res_nmkquery: (QUERY, IN, AAAA)
03-04 11:27:33.133   847 11311 D resolv  : res_nsend
03-04 11:27:33.133   847 11310 D resolv  : res_nsend
03-04 11:27:33.133   847 11311 I resolv  : resolv_cache_lookup: lookup
03-04 11:27:33.133   847 11310 I resolv  : resolv_cache_lookup: lookup
03-04 11:27:33.133   847 11311 I resolv  : resolv_cache_lookup: FOUND IN CACHE entry=0xb400006df1ac4010
03-04 11:27:33.133   847 11311 D resolv  : doQuery: rcode=0, ancount=1
03-04 11:27:33.133   847 11310 I resolv  : resolv_cache_lookup: NOT IN CACHE (STALE ENTRY 0xb400006e01acf490DISCARDED)
03-04 11:27:33.134   847 11310 I resolv  : _cache_remove_p: entry 20 removed (count=31)
03-04 11:27:33.134   847 11310 I resolv  : resolv_populate_res_for_net: netid=100
03-04 11:27:33.134   847 11310 I resolv  : res_stats_usable_server: NS stats: S 37 + E 0 + T 1 + I 0 = 38, rtt = 67, min_samples = 8
03-04 11:27:33.134   847 11310 I resolv  : res_stats_usable_server: success rate 97
03-04 11:27:33.134   847 11310 I resolv  : res_stats_usable_server: NS stats: S 0 + E 0 + T 1 + I 0 = 1, rtt = -1, min_samples = 8
03-04 11:27:33.134   847 11310 I resolv  : res_stats_usable_server: NS stats: S 1 + E 0 + T 0 + I 0 = 1, rtt = 70, min_samples = 8
03-04 11:27:33.134   847 11310 I resolv  : res_stats_usable_server: NS stats: S 0 + E 0 + T 0 + I 0 = 0, rtt = -1, min_samples = 8
03-04 11:27:33.134   847 11310 D resolv  : res_nsend: Querying server (# 1) address = 211.137.130.2:53
03-04 11:27:33.135   847 11310 D resolv  : send_dg: new DG socket
03-04 11:27:33.136   847 11310 I resolv  : get_timeout: using timeout of 5000 msec
03-04 11:27:33.136   847 11310 I resolv  : retrying_poll: 55 retrying_poll
03-04 11:27:33.188   847 11310 I resolv  : retrying_poll: 55 retrying_poll returning 1
03-04 11:27:33.188   847 11310 I resolv  : res_nsend: used send_dg 111 terrno: 0
03-04 11:27:33.188   847 11310 I resolv  : res_stats_set_sample: rcode = 0, sec = 52
03-04 11:27:33.188   847 11310 I resolv  : res_cache_add_stats_sample_locked: adding sample to stats, next = 38, count = 38
03-04 11:27:33.188   847 11310 D resolv  : res_nsend: got answer:
03-04 11:27:33.188   847 11310 I resolv  : answer_getTTL: TTL = 30
03-04 11:27:33.188   847 11310 I resolv  : _cache_add_p: entry 39 added (count=32)
03-04 11:27:33.188   847 11310 I resolv  : cache_dump_mru_locked: MRU LIST (32):  39 21 38 13 11 10 37 19 5 32 36 35 34 33 16 15 31 30 29 28 27 26 25 24 14 9 23 22 18 17 3 2
03-04 11:27:33.189   847 11310 D resolv  : doQuery: rcode=0, ancount=0
03-04 11:27:33.238  3139  3139 D TransmitPower: AccSensorObserverMOTION_DETECTION:onMotionStateChanged() : isStable = true
03-04 11:27:33.238  3139  3139 D TransmitPower: AccSensorObserverBHH_DETECTION:onBHHDetected() : isDetected = false
03-04 11:27:33.238  3139  3139 D TransmitPower: AccSensorObserverBHH_DIRECTION:onBHHStateChanged() : isRightSide = false
03-04 11:27:33.243 10798 10861 E FirebaseInstanceId: Failed to get FIS auth token
03-04 11:27:33.243 10798 10861 E FirebaseInstanceId: java.util.concurrent.ExecutionException: com.google.firebase.installations.FirebaseInstallationsException: Firebase Installations Service is unavailable. Please try again later.
03-04 11:27:33.243 10798 10861 E FirebaseInstanceId: 	at cal.rua.c(PG:3)
03-04 11:27:33.243 10798 10861 E FirebaseInstanceId: 	at cal.rua.a(PG:10)
03-04 11:27:33.243 10798 10861 E FirebaseInstanceId: 	at cal.adec.a(PG:17)
03-04 11:27:33.243 10798 10861 E FirebaseInstanceId: 	at cal.addo.a(PG:23)
03-04 11:27:33.243 10798 10861 E FirebaseInstanceId: 	at cal.rta.run(PG:1)
03-04 11:27:33.243 10798 10861 E FirebaseInstanceId: 	at java.util.concurrent.ThreadPoolExecutor.runWorker(ThreadPoolExecutor.java:1167)
03-04 11:27:33.243 10798 10861 E FirebaseInstanceId: 	at java.util.concurrent.ThreadPoolExecutor$Worker.run(ThreadPoolExecutor.java:641)
03-04 11:27:33.243 10798 10861 E FirebaseInstanceId: 	at cal.rdj.run(PG:2)
03-04 11:27:33.243 10798 10861 E FirebaseInstanceId: 	at java.lang.Thread.run(Thread.java:920)
03-04 11:27:33.243 10798 10861 E FirebaseInstanceId: Caused by: com.google.firebase.installations.FirebaseInstallationsException: Firebase Installations Service is unavailable. Please try again later.
03-04 11:27:33.243 10798 10861 E FirebaseInstanceId: 	at cal.adfh.b(PG:57)
03-04 11:27:33.243 10798 10861 E FirebaseInstanceId: 	at cal.adel.run(PG:21)
03-04 11:27:33.243 10798 10861 E FirebaseInstanceId: 	at java.util.concurrent.ThreadPoolExecutor.runWorker(ThreadPoolExecutor.java:1167)
03-04 11:27:33.243 10798 10861 E FirebaseInstanceId: 	at java.util.concurrent.ThreadPoolExecutor$Worker.run(ThreadPoolExecutor.java:641)
03-04 11:27:33.243 10798 10861 E FirebaseInstanceId: 	... 1 more
03-04 11:27:33.251   847 11312 D resolv  : GetAddrInfoHandler::run: {100 100 100 983140 10206 0}
03-04 11:27:33.251   847 11312 D resolv  : resolv_getaddrinfo: explore_fqdn(): ai_family=0 ai_socktype=1 ai_protocol=6
03-04 11:27:33.256   847 11313 D resolv  : doQuery: (1, 28)
03-04 11:27:33.256   847 11314 D resolv  : doQuery: (1, 1)
03-04 11:27:33.257   847 11313 D resolv  : res_nmkquery: (QUERY, IN, AAAA)
03-04 11:27:33.257   847 11314 D resolv  : res_nmkquery: (QUERY, IN, A)
03-04 11:27:33.257   847 11313 D resolv  : res_nsend
03-04 11:27:33.257   847 11314 D resolv  : res_nsend
03-04 11:27:33.257   847 11313 I resolv  : resolv_cache_lookup: lookup
03-04 11:27:33.257   847 11314 I resolv  : resolv_cache_lookup: lookup
03-04 11:27:33.257   847 11313 I resolv  : resolv_cache_lookup: FOUND IN CACHE entry=0xb400006e01ad07b0
03-04 11:27:33.257   847 11313 D resolv  : doQuery: rcode=0, ancount=0
03-04 11:27:33.257  2270  2831 D CompatibilityInfo: mCompatibilityFlags - 0
03-04 11:27:33.257  2270  2831 D CompatibilityInfo: applicationDensity - 300
03-04 11:27:33.257  2270  2831 D CompatibilityInfo: applicationScale - 1.0
03-04 11:27:33.258   847 11314 I resolv  : resolv_cache_lookup: FOUND IN CACHE entry=0xb400006df1ac4010
03-04 11:27:33.258   847 11314 D resolv  : doQuery: rcode=0, ancount=1
03-04 11:27:33.280  2270  2325 I am_pss  : [10798,10206,com.google.android.calendar,27986944,26304512,343040,96776192,0,19,12]
03-04 11:27:33.290  3585 10680 E GCM     : Missing checkin config file
03-04 11:27:33.290  3585 10680 W GCM     : GCM FAILED TO INITIALIZE - missing checkin
03-04 11:27:33.291  2270  2325 I am_pss  : [10766,10145,com.google.android.apps.turbo:ssb,9219072,6717440,373760,71294976,0,19,8]
03-04 11:27:33.299 10798 10854 W ndroid.calenda: Long monitor contention with owner BACKGROUND_1 (10848) at java.lang.String cal.tqf.b()(PG:28) waiters=0 in java.lang.String cal.tqf.b() for 20.178s
03-04 11:27:33.299 10798 10854 I dvm_lock_sample: [com.google.android.calendar,0,BACKGROUND_2,20178,PG,-1,java.lang.String cal.tqf.b(),-,28,java.lang.String cal.tqf.b(),100]
03-04 11:27:33.301  2270  2325 I am_pss  : [10736,10145,com.google.android.apps.turbo:aab,9300992,6791168,370688,71606272,0,19,7]
03-04 11:27:33.316  3139  3139 D TransmitPower: AccSensorObserverMOTION_DETECTION:onMotionStateChanged() : isStable = true
03-04 11:27:33.316  3139  3139 D TransmitPower: AccSensorObserverBHH_DETECTION:onBHHDetected() : isDetected = false
03-04 11:27:33.316  3139  3139 D TransmitPower: AccSensorObserverBHH_DIRECTION:onBHHStateChanged() : isRightSide = false
03-04 11:27:33.437  3139  3139 D TransmitPower: AccSensorObserverMOTION_DETECTION:onMotionStateChanged() : isStable = true
03-04 11:27:33.438  3139  3139 D TransmitPower: AccSensorObserverBHH_DETECTION:onBHHDetected() : isDetected = false
03-04 11:27:33.438  3139  3139 D TransmitPower: AccSensorObserverBHH_DIRECTION:onBHHStateChanged() : isRightSide = false
03-04 11:27:33.516  3139  3139 D TransmitPower: AccSensorObserverMOTION_DETECTION:onMotionStateChanged() : isStable = true
03-04 11:27:33.516  3139  3139 D TransmitPower: AccSensorObserverBHH_DETECTION:onBHHDetected() : isDetected = false
03-04 11:27:33.516  3139  3139 D TransmitPower: AccSensorObserverBHH_DIRECTION:onBHHStateChanged() : isRightSide = false
03-04 11:27:33.634  3139  3139 D TransmitPower: AccSensorObserverMOTION_DETECTION:onMotionStateChanged() : isStable = true
03-04 11:27:33.634  3139  3139 D TransmitPower: AccSensorObserverBHH_DETECTION:onBHHDetected() : isDetected = false
03-04 11:27:33.634  3139  3139 D TransmitPower: AccSensorObserverBHH_DIRECTION:onBHHStateChanged() : isRightSide = false
03-04 11:27:33.715  3139  3139 D TransmitPower: AccSensorObserverMOTION_DETECTION:onMotionStateChanged() : isStable = true
03-04 11:27:33.715  3139  3139 D TransmitPower: AccSensorObserverBHH_DETECTION:onBHHDetected() : isDetected = false
03-04 11:27:33.715  3139  3139 D TransmitPower: AccSensorObserverBHH_DIRECTION:onBHHStateChanged() : isRightSide = false
03-04 11:27:33.831  3139  3139 D TransmitPower: AccSensorObserverMOTION_DETECTION:onMotionStateChanged() : isStable = true
03-04 11:27:33.831  3139  3139 D TransmitPower: AccSensorObserverBHH_DETECTION:onBHHDetected() : isDetected = false
03-04 11:27:33.831  3139  3139 D TransmitPower: AccSensorObserverBHH_DIRECTION:onBHHStateChanged() : isRightSide = false
03-04 11:27:33.911  3139  3139 D TransmitPower: AccSensorObserverMOTION_DETECTION:onMotionStateChanged() : isStable = true
03-04 11:27:33.912  3139  3139 D TransmitPower: AccSensorObserverBHH_DETECTION:onBHHDetected() : isDetected = false
03-04 11:27:33.912  3139  3139 D TransmitPower: AccSensorObserverBHH_DIRECTION:onBHHStateChanged() : isRightSide = false
03-04 11:27:34.027  3139  3139 D TransmitPower: AccSensorObserverMOTION_DETECTION:onMotionStateChanged() : isStable = true
03-04 11:27:34.027  3139  3139 D TransmitPower: AccSensorObserverBHH_DETECTION:onBHHDetected() : isDetected = false
03-04 11:27:34.027  3139  3139 D TransmitPower: AccSensorObserverBHH_DIRECTION:onBHHStateChanged() : isRightSide = false
03-04 11:27:34.055  3139  3139 D TransmitPower: ProperSensorInfoNotifier:getProperSensorInfo() E : isCallActive = false, isScreenOn = true, isDataActive = true
03-04 11:27:34.055  3139  3139 D TransmitPower: ProperSensorInfoNotifier:getProperSensorInfo() X : shouldPowerOn = true, properDetectedValue = -1
03-04 11:27:34.056  3139  3139 D TransmitPower: AccSensorManager:onProperSensorInfoChanged()
03-04 11:27:34.056  3139  3139 D TransmitPower: AccSensorObserverMOTION_DETECTION:update(): detectedValue = -1
03-04 11:27:34.056  3139  3139 D TransmitPower: AccSensorObserverBHH_DETECTION:update(): detectedValue = -1
03-04 11:27:34.056  3139  3139 D TransmitPower: AccSensorObserverBHH_DIRECTION:update(): detectedValue = -1
03-04 11:27:34.056  3139  3139 D TransmitPower: TelephonyManagerObserver:onDataActivity() : subId = 2, isDataActive = true
03-04 11:27:34.056  4645  4816 I android_os_HwBinder: HwBinder: Starting thread pool for getting: vendor.semc.system.idd@1.0::IIdd/default
03-04 11:27:34.083  1133  2400 W VsyncModulator: setTransactionSchedule: Unexpected EarlyEnd
03-04 11:27:34.107  3139  3139 D TransmitPower: AccSensorObserverMOTION_DETECTION:onMotionStateChanged() : isStable = true
03-04 11:27:34.107  3139  3139 D TransmitPower: AccSensorObserverBHH_DETECTION:onBHHDetected() : isDetected = false
03-04 11:27:34.107  3139  3139 D TransmitPower: AccSensorObserverBHH_DIRECTION:onBHHStateChanged() : isRightSide = false
03-04 11:27:34.199  2270  2326 D CompatibilityInfo: mCompatibilityFlags - 0
03-04 11:27:34.199  2270  2326 D CompatibilityInfo: applicationDensity - 300
03-04 11:27:34.199  2270  2326 D CompatibilityInfo: applicationScale - 1.0
03-04 11:27:34.202 10255 10255 I PictController: onReceive() jp.co.nttdocomo.lcsapp.ACTION_UPDATE_STATUS_ICON_AND_WIDGET
03-04 11:27:34.224  3139  3139 D TransmitPower: AccSensorObserverMOTION_DETECTION:onMotionStateChanged() : isStable = true
03-04 11:27:34.225  3139  3139 D TransmitPower: AccSensorObserverBHH_DETECTION:onBHHDetected() : isDetected = false
03-04 11:27:34.225  3139  3139 D TransmitPower: AccSensorObserverBHH_DIRECTION:onBHHStateChanged() : isRightSide = false
03-04 11:27:34.342  3139  3139 D TransmitPower: AccSensorObserverMOTION_DETECTION:onMotionStateChanged() : isStable = true
03-04 11:27:34.342  3139  3139 D TransmitPower: AccSensorObserverBHH_DETECTION:onBHHDetected() : isDetected = false
03-04 11:27:34.342  3139  3139 D TransmitPower: AccSensorObserverBHH_DIRECTION:onBHHStateChanged() : isRightSide = false
03-04 11:27:34.407   847 11320 D resolv  : GetAddrInfoHandler::run: {100 100 100 983140 10215 0}
03-04 11:27:34.408   847 11320 D resolv  : resolv_getaddrinfo: explore_fqdn(): ai_family=0 ai_socktype=1 ai_protocol=6
03-04 11:27:34.411   847 11321 D resolv  : doQuery: (1, 28)
03-04 11:27:34.411   847 11321 D resolv  : res_nmkquery: (QUERY, IN, AAAA)
03-04 11:27:34.411   847 11321 D resolv  : res_nsend
03-04 11:27:34.411   847 11321 I resolv  : resolv_cache_lookup: lookup
03-04 11:27:34.411   847 11321 I resolv  : resolv_cache_lookup: FOUND IN CACHE entry=0xb400006e01ad07b0
03-04 11:27:34.411   847 11321 D resolv  : doQuery: rcode=0, ancount=0
03-04 11:27:34.412   847 11322 D resolv  : doQuery: (1, 1)
03-04 11:27:34.412   847 11322 D resolv  : res_nmkquery: (QUERY, IN, A)
03-04 11:27:34.412   847 11322 D resolv  : res_nsend
03-04 11:27:34.412   847 11322 I resolv  : resolv_cache_lookup: lookup
03-04 11:27:34.412   847 11322 I resolv  : resolv_cache_lookup: FOUND IN CACHE entry=0xb400006df1ac4010
03-04 11:27:34.412   847 11322 D resolv  : doQuery: rcode=0, ancount=1
03-04 11:27:34.421     0     0 I         : smblib_usb_ov_and_uv_detect_work start..
03-04 11:27:34.422  3139  3139 D TransmitPower: AccSensorObserverMOTION_DETECTION:onMotionStateChanged() : isStable = true
03-04 11:27:34.422  3139  3139 D TransmitPower: AccSensorObserverBHH_DETECTION:onBHHDetected() : isDetected = false
03-04 11:27:34.422  3139  3139 D TransmitPower: AccSensorObserverBHH_DIRECTION:onBHHStateChanged() : isRightSide = false
03-04 11:27:34.458     0     0 I QG-K    : qg_somc_jeita_step_charge_work: [Charging] condition=3, chip->target_idx=13
03-04 11:27:34.539  3139  3139 D TransmitPower: AccSensorObserverMOTION_DETECTION:onMotionStateChanged() : isStable = true
03-04 11:27:34.539  3139  3139 D TransmitPower: AccSensorObserverBHH_DETECTION:onBHHDetected() : isDetected = false
03-04 11:27:34.539  3139  3139 D TransmitPower: AccSensorObserverBHH_DIRECTION:onBHHStateChanged() : isRightSide = false
03-04 11:27:34.618  3139  3139 D TransmitPower: AccSensorObserverMOTION_DETECTION:onMotionStateChanged() : isStable = true
03-04 11:27:34.618  3139  3139 D TransmitPower: AccSensorObserverBHH_DETECTION:onBHHDetected() : isDetected = false
03-04 11:27:34.618  3139  3139 D TransmitPower: AccSensorObserverBHH_DIRECTION:onBHHStateChanged() : isRightSide = false
03-04 11:27:34.736  3139  3139 D TransmitPower: AccSensorObserverMOTION_DETECTION:onMotionStateChanged() : isStable = true
03-04 11:27:34.736  3139  3139 D TransmitPower: AccSensorObserverBHH_DETECTION:onBHHDetected() : isDetected = false
03-04 11:27:34.736  3139  3139 D TransmitPower: AccSensorObserverBHH_DIRECTION:onBHHStateChanged() : isRightSide = false
03-04 11:27:34.815  3139  3139 D TransmitPower: AccSensorObserverMOTION_DETECTION:onMotionStateChanged() : isStable = true
03-04 11:27:34.815  3139  3139 D TransmitPower: AccSensorObserverBHH_DETECTION:onBHHDetected() : isDetected = false
03-04 11:27:34.815  3139  3139 D TransmitPower: AccSensorObserverBHH_DIRECTION:onBHHStateChanged() : isRightSide = false
03-04 11:27:34.934  3139  3139 D TransmitPower: AccSensorObserverMOTION_DETECTION:onMotionStateChanged() : isStable = true
03-04 11:27:34.935  3139  3139 D TransmitPower: AccSensorObserverBHH_DETECTION:onBHHDetected() : isDetected = false
03-04 11:27:34.935  3139  3139 D TransmitPower: AccSensorObserverBHH_DIRECTION:onBHHStateChanged() : isRightSide = false
03-04 11:27:35.012  3139  3139 D TransmitPower: AccSensorObserverMOTION_DETECTION:onMotionStateChanged() : isStable = true
03-04 11:27:35.012  3139  3139 D TransmitPower: AccSensorObserverBHH_DETECTION:onBHHDetected() : isDetected = false
03-04 11:27:35.012  3139  3139 D TransmitPower: AccSensorObserverBHH_DIRECTION:onBHHStateChanged() : isRightSide = false
03-04 11:27:35.018   847 11327 D resolv  : GetAddrInfoHandler::run: {100 262244 100 983140 10146 0}
03-04 11:27:35.018   847 11327 D resolv  : resolv_getaddrinfo: explore_fqdn(): ai_family=0 ai_socktype=1 ai_protocol=6
03-04 11:27:35.020   847 11328 D resolv  : doQuery: (1, 28)
03-04 11:27:35.020   847 11328 D resolv  : res_nmkquery: (QUERY, IN, AAAA)
03-04 11:27:35.020   847 11328 D resolv  : res_nsend
03-04 11:27:35.020   847 11328 I resolv  : resolv_cache_lookup: lookup
03-04 11:27:35.020   847 11328 I resolv  : resolv_cache_lookup: FOUND IN CACHE entry=0xb400006e01ad07b0
03-04 11:27:35.020   847 11328 D resolv  : doQuery: rcode=0, ancount=0
03-04 11:27:35.020   847 11329 D resolv  : doQuery: (1, 1)
03-04 11:27:35.020   847 11329 D resolv  : res_nmkquery: (QUERY, IN, A)
03-04 11:27:35.020   847 11329 D resolv  : res_nsend
03-04 11:27:35.020   847 11329 I resolv  : resolv_cache_lookup: lookup
03-04 11:27:35.020   847 11329 I resolv  : resolv_cache_lookup: FOUND IN CACHE entry=0xb400006df1ac4010
03-04 11:27:35.020   847 11329 D resolv  : doQuery: rcode=0, ancount=1
03-04 11:27:35.035  1694  1734 D LOWI-9.0.0.87: [LOWINetlinkSocketReceiver] unpackRTMLinkMessage: RTM_NEWLINK - ifname rmnet_data1, flags 0x10041 ([UP][RUNNING])
03-04 11:27:35.037  2270  2303 I EthernetTracker: interfaceLinkStateChanged, iface: rmnet_data1, up: true
03-04 11:27:35.037  1533  1914 E Diag_Lib: [imsd] |ImsDsiNetCtrlWrapper.cpp | 209 | | 1914 |ImsDsiNetCtrlWrapper : dsiNetCtrlCB - received event[6] for dsi_hndl[12825260]
03-04 11:27:35.037  1533  1914 E Diag_Lib: [imsd] |ImsDsiNetCtrlClient.cpp | 204 | | 1914 |ImsDsiNetCtrlClient : imsEventHandler sending to b2822a58
03-04 11:27:35.038  1533  1656 E Diag_Lib: [imsd] |ImsMain.cpp | 664 | | 1656 |ImsMain: handleEvent Switched to Ims Main thread [ImsDsiEvent]
03-04 11:27:35.038  1533  1656 E Diag_Lib: [imsd] |ImsMain.cpp | 745 | | 1656 |ImsMain:Handle Event sName[ImsDsiEvent] eventType[4]
03-04 11:27:35.038  1533  1656 E Diag_Lib: [imsd] |ImsCommonDef.h | 452 | | 1656 |Current [0xe051a480], Appid[0]
03-04 11:27:35.038  1533  1656 E Diag_Lib: [imsd] |ImsCommonDef.h | 453 | | 1656 |Other [0x8281bab0], Appid[21]
03-04 11:27:35.038  1533  1656 E Diag_Lib: [imsd] |ImsPdnFactoryImpl.cpp | 287 | | 1656 |ImsPdnFactoryImpl: isPdnExisting 1
03-04 11:27:35.038  1533  1656 E Diag_Lib: [imsd] |PdnInfoImpl.cpp | 140 | | 1656 |PdnInfoImpl: getPdnType 1 
03-04 11:27:35.038  1533  1656 E Diag_Lib: [imsd] |ImsMain.cpp | 761 | | 1656 |ImsMain: handleEvent from DSI Module for IMS PDN
03-04 11:27:35.038  1533  1656 E Diag_Lib: [imsd] |PdnInfoImpl.cpp | 589 | | 1656 |PdnInfoImpl:handleEvent sName[ImsDsiEvent]
03-04 11:27:35.038  1533  1656 E Diag_Lib: [imsd] |PdnInfoImpl.cpp | 633 | | 1656 |PdnInfoImpl: handleDsiEvents event Id 6 
03-04 11:27:35.060  2881  3368 D QtiRadiohidlIndication: onSignalStrengthChange: slotId = 0
03-04 11:27:35.061  2881  3368 D QtiRadioProxy: onSignalStrength slotId = 0 signalStrength = SignalStrength: Rsrp: -32768 Snr: -32768
03-04 11:27:35.061  2881  3490 D QtiRadioProxyHandler: : handleMessage msg.what = 11
03-04 11:27:35.061  2881  3490 D QtiRadioProxyHandler: : EVENT_ON_SIGNAL_STRENGTH
03-04 11:27:35.061  2881  3490 D QtiRadioProxy: onSignalStrength: Responding back for transaction = null
03-04 11:27:35.062  3194  3505 D ExtPhoneCallbackBase: UNIMPLEMENTED: onSignalStrength: slotId = 0 token = Token: -1 statusStatus: 1 signalStrength = SignalStrength: Rsrp: -32768 Snr: -32768
03-04 11:27:35.063  2881  3490 D QtiRadioProxy: onSignalStrength: Responding back for transaction = null
03-04 11:27:35.063  3194  3505 D ExtPhoneCallbackBase: UNIMPLEMENTED: onSignalStrength: slotId = 0 token = Token: -1 statusStatus: 1 signalStrength = SignalStrength: Rsrp: -32768 Snr: -32768
03-04 11:27:35.063  2881  3490 D QtiRadioProxy: onSignalStrength: Responding back for transaction = null
03-04 11:27:35.064  3194  3505 D ExtPhoneCallbackBase: UNIMPLEMENTED: onSignalStrength: slotId = 0 token = Token: -1 statusStatus: 1 signalStrength = SignalStrength: Rsrp: -32768 Snr: -32768
03-04 11:27:35.064  2881  3490 D QtiRadioProxy: onSignalStrength: Responding back for transaction = null
03-04 11:27:35.065  2543  3095 D ExtPhoneCallbackBase: UNIMPLEMENTED: onSignalStrength: slotId = 0 token = Token: -1 statusStatus: 1 signalStrength = SignalStrength: Rsrp: -32768 Snr: -32768
03-04 11:27:35.072  3194  3194 D SST     : [0] handleMessage: received event 12
03-04 11:27:35.075  3139  3139 D TransmitPower: ProperSensorInfoNotifier:getProperSensorInfo() E : isCallActive = false, isScreenOn = true, isDataActive = true
03-04 11:27:35.075  3139  3139 D TransmitPower: ProperSensorInfoNotifier:getProperSensorInfo() X : shouldPowerOn = true, properDetectedValue = -1
03-04 11:27:35.075  3139  3139 D TransmitPower: AccSensorManager:onProperSensorInfoChanged()
03-04 11:27:35.075  3139  3139 D TransmitPower: AccSensorObserverMOTION_DETECTION:update(): detectedValue = -1
03-04 11:27:35.075  3139  3139 D TransmitPower: AccSensorObserverBHH_DETECTION:update(): detectedValue = -1
03-04 11:27:35.075  3139  3139 D TransmitPower: AccSensorObserverBHH_DIRECTION:update(): detectedValue = -1
03-04 11:27:35.075  3139  3139 D TransmitPower: TelephonyManagerObserver:onDataActivity() : subId = 2, isDataActive = true
03-04 11:27:35.075  4645  4816 I android_os_HwBinder: HwBinder: Starting thread pool for getting: vendor.semc.system.idd@1.0::IIdd/default
03-04 11:27:35.082  3194  3505 D Phone   : isImsCapabilityAvailable, capability=1, regTech=1, isAvailable=false
03-04 11:27:35.084  3194  3569 D Phone   : isImsCapabilityAvailable, capability=2, regTech=1, isAvailable=false
03-04 11:27:35.086  3194  3504 D Phone   : isImsCapabilityAvailable, capability=1, regTech=0, isAvailable=true
03-04 11:27:35.096  1133  2400 W VsyncModulator: setTransactionSchedule: Unexpected EarlyEnd
03-04 11:27:35.130  3139  3139 D TransmitPower: AccSensorObserverMOTION_DETECTION:onMotionStateChanged() : isStable = true
03-04 11:27:35.131  3139  3139 D TransmitPower: AccSensorObserverBHH_DETECTION:onBHHDetected() : isDetected = false
03-04 11:27:35.131  3139  3139 D TransmitPower: AccSensorObserverBHH_DIRECTION:onBHHStateChanged() : isRightSide = false
03-04 11:27:35.210  3139  3139 D TransmitPower: AccSensorObserverMOTION_DETECTION:onMotionStateChanged() : isStable = true
03-04 11:27:35.210  3139  3139 D TransmitPower: AccSensorObserverBHH_DETECTION:onBHHDetected() : isDetected = false
03-04 11:27:35.210  3139  3139 D TransmitPower: AccSensorObserverBHH_DIRECTION:onBHHStateChanged() : isRightSide = false
03-04 11:27:35.283  6067  6141 E PlayCommon: [430] aaxn.k(174): Failed to connect to server for log upload.
03-04 11:27:35.294     0     0 I ALG     : cap_learning_update: [SOMC CL][OFF] charge_status:1 bsoc_cp:9881
03-04 11:27:35.298     0     0 W healthd : battery l=100 v=4408 t=29.3 h=2 st=2 c=93383 fc=4529000 cc=0 chg=u
03-04 11:27:35.298  3139  3139 D TransmitPower: BatteryInfoNotifier:isCharging() : battery status = 2, plug status = 2, isBatteryChargedWithUsb = true
03-04 11:27:35.299  2270  2270 D WifiService: battery temperature changed.293
03-04 11:27:35.299  2270  2270 D WifiService: softap already disabled.
03-04 11:27:35.300  3139  3139 D TransmitPower: UsbInfoNotifier:isUsbConnected(): isUsbConnectedAsDeviceMode = true
03-04 11:27:35.300  3098  3098 V DeviceStatisticsService: chargerType=2 batteryLevel=100 totalBatteryCapacity=4483700
03-04 11:27:35.301  3139  3139 D TransmitPower: BatteryInfoNotifier:isCharging() : battery status = 2, plug status = 2, isBatteryChargedWithUsb = true
03-04 11:27:35.301  3139  3139 D TransmitPower: UsbConnectionObserver:getUsbConnectionValue() : isUsbConnected = true, isChargingWithUsb = true
03-04 11:27:35.305  2543  2543 D PowerUI : temperture:28027
03-04 11:27:35.327  1133  2400 W VsyncModulator: setTransactionSchedule: Unexpected EarlyEnd
03-04 11:27:35.328  3139  3139 D TransmitPower: AccSensorObserverMOTION_DETECTION:onMotionStateChanged() : isStable = true
03-04 11:27:35.328  3139  3139 D TransmitPower: AccSensorObserverBHH_DETECTION:onBHHDetected() : isDetected = false
03-04 11:27:35.328  3139  3139 D TransmitPower: AccSensorObserverBHH_DIRECTION:onBHHStateChanged() : isRightSide = false
03-04 11:27:35.364   847 11332 D resolv  : GetAddrInfoHandler::run: {100 262244 100 983140 10166 0}
03-04 11:27:35.365   847 11332 D resolv  : resolv_getaddrinfo: explore_fqdn(): ai_family=0 ai_socktype=1 ai_protocol=6
03-04 11:27:35.367   847 11333 D resolv  : doQuery: (1, 28)
03-04 11:27:35.367   847 11333 D resolv  : res_nmkquery: (QUERY, IN, AAAA)
03-04 11:27:35.367   847 11333 D resolv  : res_nsend
03-04 11:27:35.367   847 11333 I resolv  : resolv_cache_lookup: lookup
03-04 11:27:35.367   847 11333 I resolv  : resolv_cache_lookup: FOUND IN CACHE entry=0xb400006e01ad07b0
03-04 11:27:35.367   847 11333 D resolv  : doQuery: rcode=0, ancount=0
03-04 11:27:35.368   847 11334 D resolv  : doQuery: (1, 1)
03-04 11:27:35.368   847 11334 D resolv  : res_nmkquery: (QUERY, IN, A)
03-04 11:27:35.368   847 11334 D resolv  : res_nsend
03-04 11:27:35.368   847 11334 I resolv  : resolv_cache_lookup: lookup
03-04 11:27:35.368   847 11334 I resolv  : resolv_cache_lookup: FOUND IN CACHE entry=0xb400006df1ac4010
03-04 11:27:35.368   847 11334 D resolv  : doQuery: rcode=0, ancount=1
03-04 11:27:35.407  3139  3139 D TransmitPower: AccSensorObserverMOTION_DETECTION:onMotionStateChanged() : isStable = true
03-04 11:27:35.407  3139  3139 D TransmitPower: AccSensorObserverBHH_DETECTION:onBHHDetected() : isDetected = false
03-04 11:27:35.407  3139  3139 D TransmitPower: AccSensorObserverBHH_DIRECTION:onBHHStateChanged() : isRightSide = false
03-04 11:27:35.508  1731  1731 W livelock: sample 1.275s
03-04 11:27:35.526  3139  3139 D TransmitPower: AccSensorObserverMOTION_DETECTION:onMotionStateChanged() : isStable = true
03-04 11:27:35.526  3139  3139 D TransmitPower: AccSensorObserverBHH_DETECTION:onBHHDetected() : isDetected = false
03-04 11:27:35.526  3139  3139 D TransmitPower: AccSensorObserverBHH_DIRECTION:onBHHStateChanged() : isRightSide = false
03-04 11:27:35.559     0     0 I [charger info] usb: present=1 type=4 batt:present = 1 health = 1 charge_type = 3
03-04 11:27:35.559     0     0 I         : [charger info] batt_soc=100 batt_voltage=4408138 batt_current=103759 batt_temp=293 usb_voltage=4780272 usb_current=479775
03-04 11:27:35.607  3139  3139 D TransmitPower: AccSensorObserverMOTION_DETECTION:onMotionStateChanged() : isStable = true
03-04 11:27:35.608  3139  3139 D TransmitPower: AccSensorObserverBHH_DETECTION:onBHHDetected() : isDetected = false
03-04 11:27:35.608  3139  3139 D TransmitPower: AccSensorObserverBHH_DIRECTION:onBHHStateChanged() : isRightSide = false
03-04 11:27:35.725  3139  3139 D TransmitPower: AccSensorObserverMOTION_DETECTION:onMotionStateChanged() : isStable = true
03-04 11:27:35.725  3139  3139 D TransmitPower: AccSensorObserverBHH_DETECTION:onBHHDetected() : isDetected = false
03-04 11:27:35.725  3139  3139 D TransmitPower: AccSensorObserverBHH_DIRECTION:onBHHStateChanged() : isRightSide = false
03-04 11:27:35.844  3139  3139 D TransmitPower: AccSensorObserverMOTION_DETECTION:onMotionStateChanged() : isStable = true
03-04 11:27:35.844  3139  3139 D TransmitPower: AccSensorObserverBHH_DETECTION:onBHHDetected() : isDetected = false
03-04 11:27:35.844  3139  3139 D TransmitPower: AccSensorObserverBHH_DIRECTION:onBHHStateChanged() : isRightSide = false
03-04 11:27:35.920  3139  3139 D TransmitPower: AccSensorObserverMOTION_DETECTION:onMotionStateChanged() : isStable = true
03-04 11:27:35.921  3139  3139 D TransmitPower: AccSensorObserverBHH_DETECTION:onBHHDetected() : isDetected = false
03-04 11:27:35.921  3139  3139 D TransmitPower: AccSensorObserverBHH_DIRECTION:onBHHStateChanged() : isRightSide = false
03-04 11:27:35.930 10924 10990 E FirebaseInstanceId: Failed to get FIS auth token
03-04 11:27:35.930 10924 10990 E FirebaseInstanceId: java.util.concurrent.ExecutionException: akjz: Firebase Installations Service is unavailable. Please try again later.
03-04 11:27:35.930 10924 10990 E FirebaseInstanceId: 	at lsh.X(PG:2)
03-04 11:27:35.930 10924 10990 E FirebaseInstanceId: 	at lsh.S(PG:6)
03-04 11:27:35.930 10924 10990 E FirebaseInstanceId: 	at aihy.b(PG:7)
03-04 11:27:35.930 10924 10990 E FirebaseInstanceId: 	at akjh.a(PG:3)
03-04 11:27:35.930 10924 10990 E FirebaseInstanceId: 	at kew.run(PG:8)
03-04 11:27:35.930 10924 10990 E FirebaseInstanceId: 	at java.util.concurrent.ThreadPoolExecutor.runWorker(ThreadPoolExecutor.java:1167)
03-04 11:27:35.930 10924 10990 E FirebaseInstanceId: 	at java.util.concurrent.ThreadPoolExecutor$Worker.run(ThreadPoolExecutor.java:641)
03-04 11:27:35.930 10924 10990 E FirebaseInstanceId: 	at djx.run(PG:16)
03-04 11:27:35.930 10924 10990 E FirebaseInstanceId: 	at java.lang.Thread.run(Thread.java:920)
03-04 11:27:35.930 10924 10990 E FirebaseInstanceId: Caused by: akjz: Firebase Installations Service is unavailable. Please try again later.
03-04 11:27:35.930 10924 10990 E FirebaseInstanceId: 	at akkk.b(PG:23)
03-04 11:27:35.930 10924 10990 E FirebaseInstanceId: 	at akjw.run(PG:11)
