03-04 11:27:36.759  2270 11353 I Telecom : InCallServiceBindingConnection: mCall: [Call id=TC@2, state=RINGING, tpac=ComponentInfo{com.android.phone/com.android.services.telephony.TelephonyConnectionService}, ***, UserHandle{0}, cmgr=ComponentInfo{com.android.phone/com.android.services.telephony.TelephonyConnectionService}, ***, UserHandle{0}, handle=tel:*********06, vidst=A, childs(0), has_parent(false), cap=[ sup_hld mut VTrrx VTrtx VTrbi spd_aud], prop=[ HD]], mIsConnected: true: (...->CS.crCo->H.CS.crCo->H.CS.crCo.pICR)->CSW.hCCC->ICFG.sF->ICFG.sF->ICFG.sF->CILH.sL->CILH.oQC->BCF.gBS->BCF.gBS->ICFG.sF->ICFG.sF->ICFG.sF->ICFG.sF->ICFG.sF->ICFG.sF->ICFG.sF(cap/cast)@E-E-AtM
03-04 11:27:36.760  2270 11353 I Telecom : InCallServiceBindingConnection: Attempting to bind to InCall [ComponentInfo{com.sonymobile.telephony.extension/com.sonymobile.telephony.extension.analytics.CallAnalyticsManagerService} supportsExternal? false supportsSelfMg?false], with Intent { act=android.telecom.InCallService cmp=com.sonymobile.telephony.extension/.analytics.CallAnalyticsManagerService }: (...->CS.crCo->H.CS.crCo->H.CS.crCo.pICR)->CSW.hCCC->ICFG.sF->ICFG.sF->ICFG.sF->CILH.sL->CILH.oQC->BCF.gBS->BCF.gBS->ICFG.sF->ICFG.sF->ICFG.sF->ICFG.sF->ICFG.sF->ICFG.sF->ICFG.sF(cap/cast)@E-E-AtM
03-04 11:27:36.765  2270 11353 D CompatibilityInfo: mCompatibilityFlags - 0
03-04 11:27:36.765  2270 11353 D CompatibilityInfo: applicationDensity - 300
03-04 11:27:36.765  2270 11353 D CompatibilityInfo: applicationScale - 1.0
03-04 11:27:36.766  2270 11355 W ContextImpl: Failed to ensure /data/user_de/0/com.android.phone/shared_prefs: mkdir failed: EACCES (Permission denied)
03-04 11:27:36.768  2270 11353 I Telecom : InCallServiceBindingConnection: mCall: [Call id=TC@2, state=RINGING, tpac=ComponentInfo{com.android.phone/com.android.services.telephony.TelephonyConnectionService}, ***, UserHandle{0}, cmgr=ComponentInfo{com.android.phone/com.android.services.telephony.TelephonyConnectionService}, ***, UserHandle{0}, handle=tel:*********06, vidst=A, childs(0), has_parent(false), cap=[ sup_hld mut VTrrx VTrtx VTrbi spd_aud], prop=[ HD]], mIsConnected: true: (...->CS.crCo->H.CS.crCo->H.CS.crCo.pICR)->CSW.hCCC->ICFG.sF->ICFG.sF->ICFG.sF->CILH.sL->CILH.oQC->BCF.gBS->BCF.gBS->ICFG.sF->ICFG.sF->ICFG.sF->ICFG.sF->ICFG.sF->ICFG.sF->ICFG.sF(cap/cast)@E-E-AtM
03-04 11:27:36.769  2270 11353 I Telecom : InCallServiceBindingConnection: Attempting to bind to InCall [ComponentInfo{com.sonymobile.transmitpower/com.sonymobile.transmitpower.util.InCallServiceObserver$InCallServiceImpl} supportsExternal? false supportsSelfMg?true], with Intent { act=android.telecom.InCallService cmp=com.sonymobile.transmitpower/.util.InCallServiceObserver$InCallServiceImpl }: (...->CS.crCo->H.CS.crCo->H.CS.crCo.pICR)->CSW.hCCC->ICFG.sF->ICFG.sF->ICFG.sF->CILH.sL->CILH.oQC->BCF.gBS->BCF.gBS->ICFG.sF->ICFG.sF->ICFG.sF->ICFG.sF->ICFG.sF->ICFG.sF->ICFG.sF(cap/cast)@E-E-AtM
03-04 11:27:36.769  9966  9966 I Dialer  : ReturnToCallController.hide - hide() called without calling show()
03-04 11:27:36.769  9966  9966 I Dialer  : ReturnToCallController.hide - hide() called without calling show()
03-04 11:27:36.769  9966  9966 I Dialer  : StubFeedbackModule.provideCallFeedbackListener - returning stub
03-04 11:27:36.772  2270 11353 D CompatibilityInfo: mCompatibilityFlags - 0
03-04 11:27:36.772  2270 11353 D CompatibilityInfo: applicationDensity - 300
03-04 11:27:36.772  2270 11353 D CompatibilityInfo: applicationScale - 1.0
03-04 11:27:36.773  2270 11353 I Telecom : InCallServiceBindingConnection: mCall: [Call id=TC@2, state=RINGING, tpac=ComponentInfo{com.android.phone/com.android.services.telephony.TelephonyConnectionService}, ***, UserHandle{0}, cmgr=ComponentInfo{com.android.phone/com.android.services.telephony.TelephonyConnectionService}, ***, UserHandle{0}, handle=tel:*********06, vidst=A, childs(0), has_parent(false), cap=[ sup_hld mut VTrrx VTrtx VTrbi spd_aud], prop=[ HD]], mIsConnected: true: (...->CS.crCo->H.CS.crCo->H.CS.crCo.pICR)->CSW.hCCC->ICFG.sF->ICFG.sF->ICFG.sF->CILH.sL->CILH.oQC->BCF.gBS->BCF.gBS->ICFG.sF->ICFG.sF->ICFG.sF->ICFG.sF->ICFG.sF->ICFG.sF->ICFG.sF(cap/cast)@E-E-AtM
03-04 11:27:36.774  2270 11353 I Telecom : Event: RecordEntry TC@2: FILTERING_COMPLETED, [Allow, logged, notified]: (...->CS.crCo->H.CS.crCo->H.CS.crCo.pICR)->CSW.hCCC->ICFG.sF->ICFG.sF->ICFG.sF->CILH.sL->CILH.oQC->BCF.gBS->BCF.gBS->ICFG.sF->ICFG.sF->ICFG.sF->ICFG.sF->ICFG.sF->ICFG.sF->ICFG.sF(cap/cast)@E-E-AtM
03-04 11:27:36.775  2270  3339 I dvm_lock_sample: [system_server,0,com.android.server.telecom.CallAudioRouteStateMachine,57,CallAudioRouteStateMachine.java,1735,void com.android.server.telecom.CallAudioRouteStateMachine.setSystemAudioState(android.telecom.CallAudioState, boolean),IncomingCallFilterGraph.java,78,com.android.server.telecom.callfiltering.CallFilteringResult com.android.server.telecom.callfiltering.IncomingCallFilterGraph$PostFilterTask.whenDone(com.android.server.telecom.callfiltering.CallFilteringResult),11]
03-04 11:27:36.775  2270  3339 I Telecom : CallAudioRouteStateMachine: setSystemAudioState: changing from [AudioState isMuted: false, route: EARPIECE, supportedRouteMask: EARPIECE, SPEAKER, activeBluetoothDevice: [null], supportedBluetoothDevices: []] to [AudioState isMuted: false, route: EARPIECE, supportedRouteMask: EARPIECE, SPEAKER, activeBluetoothDevice: [null], supportedBluetoothDevices: []]: (...->CS.crCo->H.CS.crCo->H.CS.crCo.pICR)->CSW.hCCC->ICFG.sF->ICFG.sF->ICFG.sF->CILH.sL->CILH.oQC->BCF.gBS->BCF.gBS->ICFG.sF->ICFG.sF->ICFG.sF->ICFG.sF->ICFG.sF->ICFG.sF->ICFG.sF->CARSM.pM_UPDATE_SYSTEM_AUDIO_ROUTE(cap/cast)@E-E-AtM
03-04 11:27:36.778  3194  3194 I TelecomFramework: TelephonyConnectionService: onAudioStateChanged TC@2_1 [AudioState isMuted: false, route: EARPIECE, supportedRouteMask: EARPIECE, SPEAKER, activeBluetoothDevice: [null], supportedBluetoothDevices: []]: (...->CSW.hCCC->ICFG.sF->ICFG.sF->ICFG.sF->CILH.sL->CILH.oQC->BCF.gBS->BCF.gBS->ICFG.sF->ICFG.sF->ICFG.sF->ICFG.sF->ICFG.sF->ICFG.sF->ICFG.sF->CARSM.pM_UPDATE_SYSTEM_AUDIO_ROUTE)->CS.cASC->H.CS.cASC(cap/cast/cast)@E-E-E-AtM
03-04 11:27:36.795  2270 11360 D CompatibilityChangeReporter: Compat change id reported: 149924527; UID 1000; state: ENABLED
03-04 11:27:36.796  2270 11360 D CompatibilityChangeReporter: Compat change id reported: 132649864; UID 1000; state: DISABLED
03-04 11:27:36.799  2270 11360 D CompatibilityChangeReporter: Compat change id reported: 182734110; UID 1000; state: ENABLED
03-04 11:27:36.799  2270 11360 D CompatibilityChangeReporter: Compat change id reported: 182734110; UID 1000; state: DISABLED
03-04 11:27:36.801  4271  4300 D SQLiteQueryBuilder: SELECT title_key, instance_id, compilation, disc_number, duration, is_ringtone, album_artist, resolution, orientation, artist, author, height, is_drm, bucket_display_name, is_audiobook, owner_package_name, volume_name, title_resource_uri, date_modified, writer, date_expires, composer, _display_name, is_recording, datetaken, mime_type, is_notification, bitrate, cd_track_number, _id, xmp, year, _data, _size, album, genre, is_alarm, title, track, width, is_music, album_key, is_favorite, is_trashed, group_id, document_id, artist_id, generation_added, artist_key, genre_key, is_download, generation_modified, is_pending, date_added, is_podcast, capture_framerate, album_id, num_tracks, original_document_id, genre_id, bucket_id, bookmark, relative_path FROM audio WHERE ((_id='139') AND (volume_name IN ( 'internal' ))) with args null
03-04 11:27:36.813  4271  4300 D SQLiteQueryBuilder: SELECT _data, owner_package_name, is_pending FROM audio WHERE ((_id='139') AND (volume_name IN ( 'internal' ))) with args null
03-04 11:27:36.825  4271  4300 W MediaProvider: Didn't find any volume for getVolume(/product/media/audio/ringtones/Ringer.ogg)
03-04 11:27:36.827  4271  4300 I MediaProvider: Open with lower FS for /product/media/audio/ringtones/Ringer.ogg. Uid: 1000
03-04 11:27:36.828  3139  3139 D TransmitPower: AccSensorObserverMOTION_DETECTION:onMotionStateChanged() : isStable = true
03-04 11:27:36.828  3139  3139 D TransmitPower: AccSensorObserverBHH_DETECTION:onBHHDetected() : isDetected = false
03-04 11:27:36.828  3139  3139 D TransmitPower: AccSensorObserverBHH_DIRECTION:onBHHStateChanged() : isRightSide = false
03-04 11:27:36.829  4271  4428 W MediaProvider: Failed to fetch original file descriptor
03-04 11:27:36.829  4271  4428 W MediaProvider: java.io.FileNotFoundException: Input file descriptor is already original
03-04 11:27:36.829  4271  4428 W MediaProvider: 	at com.android.providers.media.MediaProvider.getOriginalMediaFormatFileDescriptor(MediaProvider.java:5794)
03-04 11:27:36.829  4271  4428 W MediaProvider: 	at com.android.providers.media.MediaProvider.openTypedAssetFileCommon(MediaProvider.java:7248)
03-04 11:27:36.829  4271  4428 W MediaProvider: 	at com.android.providers.media.MediaProvider.openTypedAssetFile(MediaProvider.java:7229)
03-04 11:27:36.829  4271  4428 W MediaProvider: 	at android.content.ContentProvider$Transport.openTypedAssetFile(ContentProvider.java:548)
03-04 11:27:36.829  4271  4428 W MediaProvider: 	at android.content.ContentProviderNative.onTransact(ContentProviderNative.java:327)
03-04 11:27:36.829  4271  4428 W MediaProvider: 	at android.os.Binder.execTransactInternal(Binder.java:1184)
03-04 11:27:36.829  4271  4428 W MediaProvider: 	at android.os.Binder.execTransact(Binder.java:1143)
03-04 11:27:36.831  1507  1507 D NuPlayerDriver: NuPlayerDriver(0xed1c0ab0) created, clientPid(2270)
03-04 11:27:36.841  1507  1507 I ExtendedNuUtils: printFileName fd(11) -> /product/media/audio/ringtones/Ringer.ogg
03-04 11:27:36.856  1507 11363 D GenericSource: FileSource remote
03-04 11:27:36.868  1504  1504 I MMParserExtractor: Created(0xb4000078fe658a90)
03-04 11:27:36.877     0     0 I IRQ 6   : no longer affine to CPU4
03-04 11:27:36.884  1504  1504 D MediaBufferGroup: creating MemoryDealer
03-04 11:27:36.889  2270 11360 D Ringtone: Successfully created local player
03-04 11:27:36.890  1507  1507 D NuPlayerDriver: reset(0xed1c0ab0) at state 4
03-04 11:27:36.891  1507 11362 D NuPlayerDriver: notifyResetComplete(0xed1c0ab0)
03-04 11:27:36.892  1507  1507 D NuPlayerDriver: reset(0xed1c0ab0) at state 0
03-04 11:27:36.893  2270 11360 V MediaPlayer: resetDrmState:  mDrmInfo=null mDrmProvisioningThread=null mPrepareDrmInProgress=false mActiveDrmScheme=false
03-04 11:27:36.894  2270 11360 V MediaPlayer: cleanDrmObj: mDrmObj=null mDrmSessionId=null
03-04 11:27:36.894  2270 11360 V MediaPlayer: resetDrmState:  mDrmInfo=null mDrmProvisioningThread=null mPrepareDrmInProgress=false mActiveDrmScheme=false
03-04 11:27:36.894  2270 11360 V MediaPlayer: cleanDrmObj: mDrmObj=null mDrmSessionId=null
03-04 11:27:36.901  4271  4300 D SQLiteQueryBuilder: SELECT title_key, instance_id, compilation, disc_number, duration, is_ringtone, album_artist, resolution, orientation, artist, author, height, is_drm, bucket_display_name, is_audiobook, owner_package_name, volume_name, title_resource_uri, date_modified, writer, date_expires, composer, _display_name, is_recording, datetaken, mime_type, is_notification, bitrate, cd_track_number, _id, xmp, year, _data, _size, album, genre, is_alarm, title, track, width, is_music, album_key, is_favorite, is_trashed, group_id, document_id, artist_id, generation_added, artist_key, genre_key, is_download, generation_modified, is_pending, date_added, is_podcast, capture_framerate, album_id, num_tracks, original_document_id, genre_id, bucket_id, bookmark, relative_path FROM audio WHERE ((_id='139') AND (volume_name IN ( 'internal' ))) with args null
03-04 11:27:36.902  4271  4300 D SQLiteQueryBuilder: SELECT _data, owner_package_name, is_pending FROM audio WHERE ((_id='139') AND (volume_name IN ( 'internal' ))) with args null
03-04 11:27:36.906  3139  3139 D TransmitPower: AccSensorObserverMOTION_DETECTION:onMotionStateChanged() : isStable = true
03-04 11:27:36.906  3139  3139 D TransmitPower: AccSensorObserverBHH_DETECTION:onBHHDetected() : isDetected = false
03-04 11:27:36.906  3139  3139 D TransmitPower: AccSensorObserverBHH_DIRECTION:onBHHStateChanged() : isRightSide = false
03-04 11:27:36.907  4271  4300 W MediaProvider: Didn't find any volume for getVolume(/product/media/audio/ringtones/Ringer.ogg)
03-04 11:27:36.909  4271  4300 I MediaProvider: Open with lower FS for /product/media/audio/ringtones/Ringer.ogg. Uid: 1000
03-04 11:27:36.912  4271  4300 W MediaProvider: Failed to fetch original file descriptor
03-04 11:27:36.912  4271  4300 W MediaProvider: java.io.FileNotFoundException: Input file descriptor is already original
03-04 11:27:36.912  4271  4300 W MediaProvider: 	at com.android.providers.media.MediaProvider.getOriginalMediaFormatFileDescriptor(MediaProvider.java:5794)
03-04 11:27:36.912  4271  4300 W MediaProvider: 	at com.android.providers.media.MediaProvider.openTypedAssetFileCommon(MediaProvider.java:7248)
03-04 11:27:36.912  4271  4300 W MediaProvider: 	at com.android.providers.media.MediaProvider.openTypedAssetFile(MediaProvider.java:7229)
03-04 11:27:36.912  4271  4300 W MediaProvider: 	at android.content.ContentProvider$Transport.openTypedAssetFile(ContentProvider.java:548)
03-04 11:27:36.912  4271  4300 W MediaProvider: 	at android.content.ContentProviderNative.onTransact(ContentProviderNative.java:327)
03-04 11:27:36.912  4271  4300 W MediaProvider: 	at android.os.Binder.execTransactInternal(Binder.java:1184)
03-04 11:27:36.912  4271  4300 W MediaProvider: 	at android.os.Binder.execTransact(Binder.java:1143)
03-04 11:27:36.915  1507  1507 D NuPlayerDriver: NuPlayerDriver(0xed1c0ab0) created, clientPid(2270)
03-04 11:27:36.921  1507  1507 I ExtendedNuUtils: printFileName fd(11) -> /product/media/audio/ringtones/Ringer.ogg
03-04 11:27:36.927  1507 11367 D GenericSource: FileSource remote
03-04 11:27:36.934  1504  2552 I MMParserExtractor: Created(0xb4000078fe658a90)
03-04 11:27:36.944  1504  2607 D MediaBufferGroup: creating MemoryDealer
03-04 11:27:36.948  2270 11360 D Ringtone: Successfully created local player
03-04 11:27:36.950  2270 11360 I Telecom : Ringer: startRinging timings: isRingerAudible: 0, letDialerHandleRinging: 1, isVolumeOverZero: 0, hasExternalRinger: 0, isSilentRingRequested: 0, isSelfManaged: 0, getRingtone: 168, isTheaterModeOn: 0, shouldRingForContact: 1, : (...->CS.crCo->H.CS.crCo->H.CS.crCo.pICR)->CSW.hCCC->ICFG.sF->ICFG.sF->ICFG.sF->CILH.sL->CILH.oQC->BCF.gBS->BCF.gBS->ICFG.sF->ICFG.sF->ICFG.sF->ICFG.sF->ICFG.sF->ICFG.sF->ICFG.sF->CAMSM.pM_2002->R.sR(cap/cast)@E-E-AtM
03-04 11:27:36.952  2270  3349 I Telecom : Event: RecordEntry TC@2: START_VIBRATOR, hasVibrator=true, userRequestsVibrate=true, ringerMode=2, isVibrating=false: (...->CS.crCo->H.CS.crCo->H.CS.crCo.pICR)->CSW.hCCC->ICFG.sF->ICFG.sF->ICFG.sF->CILH.sL->CILH.oQC->BCF.gBS->BCF.gBS->ICFG.sF->ICFG.sF->ICFG.sF->ICFG.sF->ICFG.sF->ICFG.sF->ICFG.sF->CAMSM.pM_2002(cap/cast)@E-E-AtM
03-04 11:27:36.952  2270  3349 I Telecom : Event: RecordEntry TC@2: START_RINGER, null: (...->CS.crCo->H.CS.crCo->H.CS.crCo.pICR)->CSW.hCCC->ICFG.sF->ICFG.sF->ICFG.sF->CILH.sL->CILH.oQC->BCF.gBS->BCF.gBS->ICFG.sF->ICFG.sF->ICFG.sF->ICFG.sF->ICFG.sF->ICFG.sF->ICFG.sF->CAMSM.pM_2002(cap/cast)@E-E-AtM
03-04 11:27:36.955  2270 11369 I Telecom : AsyncRingtonePlayer: handlePlay: Play ringtone.: (...->CS.crCo->H.CS.crCo->H.CS.crCo.pICR)->CSW.hCCC->ICFG.sF->ICFG.sF->ICFG.sF->CILH.sL->CILH.oQC->BCF.gBS->BCF.gBS->ICFG.sF->ICFG.sF->ICFG.sF->ICFG.sF->ICFG.sF->ICFG.sF->ICFG.sF->CAMSM.pM_2002->ARP.hP(cap/cast)@E-E-AtM
03-04 11:27:36.972  4271  4300 D SQLiteQueryBuilder: SELECT title_key, instance_id, compilation, disc_number, duration, is_ringtone, album_artist, resolution, orientation, artist, author, height, is_drm, bucket_display_name, is_audiobook, owner_package_name, volume_name, title_resource_uri, date_modified, writer, date_expires, composer, _display_name, is_recording, datetaken, mime_type, is_notification, bitrate, cd_track_number, _id, xmp, year, _data, _size, album, genre, is_alarm, title, track, width, is_music, album_key, is_favorite, is_trashed, group_id, document_id, artist_id, generation_added, artist_key, genre_key, is_download, generation_modified, is_pending, date_added, is_podcast, capture_framerate, album_id, num_tracks, original_document_id, genre_id, bucket_id, bookmark, relative_path FROM audio WHERE ((_id='139') AND (volume_name IN ( 'internal' ))) with args null
03-04 11:27:36.973  4271  4428 D SQLiteQueryBuilder: SELECT title_key, instance_id, compilation, disc_number, duration, is_ringtone, album_artist, resolution, orientation, artist, author, height, is_drm, bucket_display_name, is_audiobook, owner_package_name, volume_name, title_resource_uri, date_modified, writer, date_expires, composer, _display_name, is_recording, datetaken, mime_type, is_notification, bitrate, cd_track_number, _id, xmp, year, _data, _size, album, genre, is_alarm, title, track, width, is_music, album_key, is_favorite, is_trashed, group_id, document_id, artist_id, generation_added, artist_key, genre_key, is_download, generation_modified, is_pending, date_added, is_podcast, capture_framerate, album_id, num_tracks, original_document_id, genre_id, bucket_id, bookmark, relative_path FROM audio WHERE ((_id='139') AND (volume_name IN ( 'internal' ))) with args null
03-04 11:27:36.994  4271  4300 D SQLiteQueryBuilder: SELECT _data, owner_package_name, is_pending FROM audio WHERE ((_id='139') AND (volume_name IN ( 'internal' ))) with args null
03-04 11:27:36.997  4271  4428 D SQLiteQueryBuilder: SELECT _data, owner_package_name, is_pending FROM audio WHERE ((_id='139') AND (volume_name IN ( 'internal' ))) with args null
03-04 11:27:36.999  4271  4300 W MediaProvider: Didn't find any volume for getVolume(/product/media/audio/ringtones/Ringer.ogg)
03-04 11:27:37.001  4271  4428 W MediaProvider: Didn't find any volume for getVolume(/product/media/audio/ringtones/Ringer.ogg)
03-04 11:27:37.003  4271  4300 I MediaProvider: Open with lower FS for /product/media/audio/ringtones/Ringer.ogg. Uid: 1000
03-04 11:27:37.004  4271  4428 I MediaProvider: Open with lower FS for /product/media/audio/ringtones/Ringer.ogg. Uid: 1000
03-04 11:27:37.007  4271  4295 W MediaProvider: Failed to fetch original file descriptor
03-04 11:27:37.007  4271  4295 W MediaProvider: java.io.FileNotFoundException: Input file descriptor is already original
03-04 11:27:37.007  4271  4295 W MediaProvider: 	at com.android.providers.media.MediaProvider.getOriginalMediaFormatFileDescriptor(MediaProvider.java:5794)
03-04 11:27:37.007  4271  4295 W MediaProvider: 	at com.android.providers.media.MediaProvider.openTypedAssetFileCommon(MediaProvider.java:7248)
03-04 11:27:37.007  4271  4295 W MediaProvider: 	at com.android.providers.media.MediaProvider.openTypedAssetFile(MediaProvider.java:7229)
03-04 11:27:37.007  4271  4295 W MediaProvider: 	at android.content.ContentProvider$Transport.openTypedAssetFile(ContentProvider.java:548)
03-04 11:27:37.007  4271  4295 W MediaProvider: 	at android.content.ContentProviderNative.onTransact(ContentProviderNative.java:327)
03-04 11:27:37.007  4271  4295 W MediaProvider: 	at android.os.Binder.execTransactInternal(Binder.java:1184)
03-04 11:27:37.007  4271  4295 W MediaProvider: 	at android.os.Binder.execTransact(Binder.java:1143)
03-04 11:27:37.007  4271  4300 W MediaProvider: Failed to fetch original file descriptor
03-04 11:27:37.007  4271  4300 W MediaProvider: java.io.FileNotFoundException: Input file descriptor is already original
03-04 11:27:37.007  4271  4300 W MediaProvider: 	at com.android.providers.media.MediaProvider.getOriginalMediaFormatFileDescriptor(MediaProvider.java:5794)
03-04 11:27:37.007  4271  4300 W MediaProvider: 	at com.android.providers.media.MediaProvider.openTypedAssetFileCommon(MediaProvider.java:7248)
03-04 11:27:37.007  4271  4300 W MediaProvider: 	at com.android.providers.media.MediaProvider.openTypedAssetFile(MediaProvider.java:7229)
03-04 11:27:37.007  4271  4300 W MediaProvider: 	at android.content.ContentProvider$Transport.openTypedAssetFile(ContentProvider.java:548)
03-04 11:27:37.007  4271  4300 W MediaProvider: 	at android.content.ContentProviderNative.onTransact(ContentProviderNative.java:327)
03-04 11:27:37.007  4271  4300 W MediaProvider: 	at android.os.Binder.execTransactInternal(Binder.java:1184)
03-04 11:27:37.007  4271  4300 W MediaProvider: 	at android.os.Binder.execTransact(Binder.java:1143)
03-04 11:27:37.010  1507  1507 D NuPlayerDriver: NuPlayerDriver(0xed1c08d0) created, clientPid(2270)
03-04 11:27:37.011  1507  1711 D NuPlayerDriver: NuPlayerDriver(0xed1c1d70) created, clientPid(2270)
03-04 11:27:37.020  1507  1711 I ExtendedNuUtils: printFileName fd(13) -> /product/media/audio/ringtones/Ringer.ogg
03-04 11:27:37.021  1507  1507 I ExtendedNuUtils: printFileName fd(11) -> /product/media/audio/ringtones/Ringer.ogg
03-04 11:27:37.024  3139  3139 D TransmitPower: AccSensorObserverMOTION_DETECTION:onMotionStateChanged() : isStable = true
03-04 11:27:37.025  3139  3139 D TransmitPower: AccSensorObserverBHH_DETECTION:onBHHDetected() : isDetected = false
03-04 11:27:37.025  3139  3139 D TransmitPower: AccSensorObserverBHH_DIRECTION:onBHHStateChanged() : isRightSide = false
03-04 11:27:37.028  1507 11377 D GenericSource: FileSource remote
03-04 11:27:37.029  1507 11376 D GenericSource: FileSource remote
03-04 11:27:37.034  1504  2607 I MMParserExtractor: Created(0xb4000078fe65a850)
03-04 11:27:37.034  1504  2552 I MMParserExtractor: Created(0xb4000078fe6580f0)
03-04 11:27:37.046  1504  2552 D MediaBufferGroup: creating MemoryDealer
03-04 11:27:37.046  1504  2551 D MediaBufferGroup: creating MemoryDealer
03-04 11:27:37.050  2270  3349 D Ringtone: Successfully created local player
03-04 11:27:37.050  1507  1507 D NuPlayerDriver: reset(0xed1c08d0) at state 4
03-04 11:27:37.051  1507 11373 D NuPlayerDriver: notifyResetComplete(0xed1c08d0)
03-04 11:27:37.052  1507  4187 D NuPlayerDriver: reset(0xed1c08d0) at state 0
03-04 11:27:37.053  2270  3349 V MediaPlayer: resetDrmState:  mDrmInfo=null mDrmProvisioningThread=null mPrepareDrmInProgress=false mActiveDrmScheme=false
03-04 11:27:37.053  2270  3349 V MediaPlayer: cleanDrmObj: mDrmObj=null mDrmSessionId=null
03-04 11:27:37.053  2270 11369 D Ringtone: Successfully created local player
03-04 11:27:37.054  1507  1711 D NuPlayerDriver: reset(0xed1c1d70) at state 4
03-04 11:27:37.054  2270  3349 V MediaPlayer: resetDrmState:  mDrmInfo=null mDrmProvisioningThread=null mPrepareDrmInProgress=false mActiveDrmScheme=false
03-04 11:27:37.054  2270  3349 V MediaPlayer: cleanDrmObj: mDrmObj=null mDrmSessionId=null
03-04 11:27:37.055  1507 11375 D NuPlayerDriver: notifyResetComplete(0xed1c1d70)
03-04 11:27:37.056  1507  1711 D NuPlayerDriver: reset(0xed1c1d70) at state 0
03-04 11:27:37.058  2270 11369 V MediaPlayer: resetDrmState:  mDrmInfo=null mDrmProvisioningThread=null mPrepareDrmInProgress=false mActiveDrmScheme=false
03-04 11:27:37.058  2270 11369 V MediaPlayer: cleanDrmObj: mDrmObj=null mDrmSessionId=null
03-04 11:27:37.059  2270 11369 V MediaPlayer: resetDrmState:  mDrmInfo=null mDrmProvisioningThread=null mPrepareDrmInProgress=false mActiveDrmScheme=false
03-04 11:27:37.059  2270 11369 V MediaPlayer: cleanDrmObj: mDrmObj=null mDrmSessionId=null
03-04 11:27:37.062  4271  4300 D SQLiteQueryBuilder: SELECT title_key, instance_id, compilation, disc_number, duration, is_ringtone, album_artist, resolution, orientation, artist, author, height, is_drm, bucket_display_name, is_audiobook, owner_package_name, volume_name, title_resource_uri, date_modified, writer, date_expires, composer, _display_name, is_recording, datetaken, mime_type, is_notification, bitrate, cd_track_number, _id, xmp, year, _data, _size, album, genre, is_alarm, title, track, width, is_music, album_key, is_favorite, is_trashed, group_id, document_id, artist_id, generation_added, artist_key, genre_key, is_download, generation_modified, is_pending, date_added, is_podcast, capture_framerate, album_id, num_tracks, original_document_id, genre_id, bucket_id, bookmark, relative_path FROM audio WHERE ((_id='139') AND (volume_name IN ( 'internal' ))) with args null
03-04 11:27:37.063  4271  4428 D SQLiteQueryBuilder: SELECT title_key, instance_id, compilation, disc_number, duration, is_ringtone, album_artist, resolution, orientation, artist, author, height, is_drm, bucket_display_name, is_audiobook, owner_package_name, volume_name, title_resource_uri, date_modified, writer, date_expires, composer, _display_name, is_recording, datetaken, mime_type, is_notification, bitrate, cd_track_number, _id, xmp, year, _data, _size, album, genre, is_alarm, title, track, width, is_music, album_key, is_favorite, is_trashed, group_id, document_id, artist_id, generation_added, artist_key, genre_key, is_download, generation_modified, is_pending, date_added, is_podcast, capture_framerate, album_id, num_tracks, original_document_id, genre_id, bucket_id, bookmark, relative_path FROM audio WHERE ((_id='139') AND (volume_name IN ( 'internal' ))) with args null
03-04 11:27:37.064  4271  4300 D SQLiteQueryBuilder: SELECT _data, owner_package_name, is_pending FROM audio WHERE ((_id='139') AND (volume_name IN ( 'internal' ))) with args null
03-04 11:27:37.064  4271  4428 D SQLiteQueryBuilder: SELECT _data, owner_package_name, is_pending FROM audio WHERE ((_id='139') AND (volume_name IN ( 'internal' ))) with args null
03-04 11:27:37.067  4271  4428 W MediaProvider: Didn't find any volume for getVolume(/product/media/audio/ringtones/Ringer.ogg)
03-04 11:27:37.069  4271  4428 I MediaProvider: Open with lower FS for /product/media/audio/ringtones/Ringer.ogg. Uid: 1000
03-04 11:27:37.070  4271  4300 W MediaProvider: Didn't find any volume for getVolume(/product/media/audio/ringtones/Ringer.ogg)
03-04 11:27:37.072  4271  4428 W MediaProvider: Failed to fetch original file descriptor
03-04 11:27:37.072  4271  4428 W MediaProvider: java.io.FileNotFoundException: Input file descriptor is already original
03-04 11:27:37.072  4271  4428 W MediaProvider: 	at com.android.providers.media.MediaProvider.getOriginalMediaFormatFileDescriptor(MediaProvider.java:5794)
03-04 11:27:37.072  4271  4428 W MediaProvider: 	at com.android.providers.media.MediaProvider.openTypedAssetFileCommon(MediaProvider.java:7248)
03-04 11:27:37.072  4271  4428 W MediaProvider: 	at com.android.providers.media.MediaProvider.openTypedAssetFile(MediaProvider.java:7229)
03-04 11:27:37.072  4271  4428 W MediaProvider: 	at android.content.ContentProvider$Transport.openTypedAssetFile(ContentProvider.java:548)
03-04 11:27:37.072  4271  4428 W MediaProvider: 	at android.content.ContentProviderNative.onTransact(ContentProviderNative.java:327)
03-04 11:27:37.072  4271  4428 W MediaProvider: 	at android.os.Binder.execTransactInternal(Binder.java:1184)
03-04 11:27:37.072  4271  4428 W MediaProvider: 	at android.os.Binder.execTransact(Binder.java:1143)
03-04 11:27:37.073  4271  4300 I MediaProvider: Open with lower FS for /product/media/audio/ringtones/Ringer.ogg. Uid: 1000
03-04 11:27:37.074  1507  1711 D NuPlayerDriver: NuPlayerDriver(0xed1c1d70) created, clientPid(2270)
03-04 11:27:37.077  4271  4428 W MediaProvider: Failed to fetch original file descriptor
03-04 11:27:37.077  4271  4428 W MediaProvider: java.io.FileNotFoundException: Input file descriptor is already original
03-04 11:27:37.077  4271  4428 W MediaProvider: 	at com.android.providers.media.MediaProvider.getOriginalMediaFormatFileDescriptor(MediaProvider.java:5794)
03-04 11:27:37.077  4271  4428 W MediaProvider: 	at com.android.providers.media.MediaProvider.openTypedAssetFileCommon(MediaProvider.java:7248)
03-04 11:27:37.077  4271  4428 W MediaProvider: 	at com.android.providers.media.MediaProvider.openTypedAssetFile(MediaProvider.java:7229)
03-04 11:27:37.077  4271  4428 W MediaProvider: 	at android.content.ContentProvider$Transport.openTypedAssetFile(ContentProvider.java:548)
03-04 11:27:37.077  4271  4428 W MediaProvider: 	at android.content.ContentProviderNative.onTransact(ContentProviderNative.java:327)
03-04 11:27:37.077  4271  4428 W MediaProvider: 	at android.os.Binder.execTransactInternal(Binder.java:1184)
03-04 11:27:37.077  4271  4428 W MediaProvider: 	at android.os.Binder.execTransact(Binder.java:1143)
03-04 11:27:37.080  1507  4187 D NuPlayerDriver: NuPlayerDriver(0xed1c08d0) created, clientPid(2270)
03-04 11:27:37.086  1507  1711 I ExtendedNuUtils: printFileName fd(11) -> /product/media/audio/ringtones/Ringer.ogg
03-04 11:27:37.091  3139  3139 D TransmitPower: ProperSensorInfoNotifier:getProperSensorInfo() E : isCallActive = false, isScreenOn = true, isDataActive = true
03-04 11:27:37.091  3139  3139 D TransmitPower: ProperSensorInfoNotifier:getProperSensorInfo() X : shouldPowerOn = true, properDetectedValue = -1
03-04 11:27:37.091  3139  3139 D TransmitPower: AccSensorManager:onProperSensorInfoChanged()
03-04 11:27:37.091  3139  3139 D TransmitPower: AccSensorObserverMOTION_DETECTION:update(): detectedValue = -1
03-04 11:27:37.091  3139  3139 D TransmitPower: AccSensorObserverBHH_DETECTION:update(): detectedValue = -1
03-04 11:27:37.091  3139  3139 D TransmitPower: AccSensorObserverBHH_DIRECTION:update(): detectedValue = -1
03-04 11:27:37.091  3139  3139 D TransmitPower: TelephonyManagerObserver:onDataActivity() : subId = 2, isDataActive = true
03-04 11:27:37.091  1507  4187 I ExtendedNuUtils: printFileName fd(13) -> /product/media/audio/ringtones/Ringer.ogg
03-04 11:27:37.092  1507 11384 D GenericSource: FileSource remote
03-04 11:27:37.093  4645  4816 I android_os_HwBinder: HwBinder: Starting thread pool for getting: vendor.semc.system.idd@1.0::IIdd/default
03-04 11:27:37.097  1507 11385 D GenericSource: FileSource remote
03-04 11:27:37.098  1504  2551 I MMParserExtractor: Created(0xb4000078fe6580f0)
03-04 11:27:37.103  3139  3139 D TransmitPower: AccSensorObserverMOTION_DETECTION:onMotionStateChanged() : isStable = true
03-04 11:27:37.103  3139  3139 D TransmitPower: AccSensorObserverBHH_DETECTION:onBHHDetected() : isDetected = false
03-04 11:27:37.103  1504  1504 I MMParserExtractor: Created(0xb4000078fe65abd0)
03-04 11:27:37.103  3139  3139 D TransmitPower: AccSensorObserverBHH_DIRECTION:onBHHStateChanged() : isRightSide = false
03-04 11:27:37.109  1504  2552 D MediaBufferGroup: creating MemoryDealer
03-04 11:27:37.113  2270 11369 D Ringtone: Successfully created local player
03-04 11:27:37.114  1504  2607 D MediaBufferGroup: creating MemoryDealer
03-04 11:27:37.118  2270  3349 D Ringtone: Successfully created local player
03-04 11:27:37.119  2270  2582 I dvm_lock_sample: [system_server,1,Binder:2270_6,380,DefaultDialerCache.java,251,java.lang.String com.android.server.telecom.DefaultDialerCache.refreshCacheForUser(int),,0,null,76]
03-04 11:27:37.120  2270  2270 I Telecom : InCallController: onConnected to ComponentInfo{com.nttdocomo.android.phonemotion/com.nttdocomo.android.phonemotion.MotionService}: ICSBC.oSC(cnap)@Atg
03-04 11:27:37.120  4271  4428 D SQLiteQueryBuilder: SELECT title_key, instance_id, compilation, disc_number, duration, is_ringtone, album_artist, resolution, orientation, artist, author, height, is_drm, bucket_display_name, is_audiobook, owner_package_name, volume_name, title_resource_uri, date_modified, writer, date_expires, composer, _display_name, is_recording, datetaken, mime_type, is_notification, bitrate, cd_track_number, _id, xmp, year, _data, _size, album, genre, is_alarm, title, track, width, is_music, album_key, is_favorite, is_trashed, group_id, document_id, artist_id, generation_added, artist_key, genre_key, is_download, generation_modified, is_pending, date_added, is_podcast, capture_framerate, album_id, num_tracks, original_document_id, genre_id, bucket_id, bookmark, relative_path FROM audio WHERE ((_id='139') AND (volume_name IN ( 'internal' ))) with args null
03-04 11:27:37.120  2270  3349 I MediaFocusControl: requestAudioFocus() from uid/pid 1000/2270 AA=USAGE_NOTIFICATION_RINGTONE/CONTENT_TYPE_SONIFICATION clientId=AudioFocus_For_Phone_Ring_And_Calls callingPack=com.android.server.telecom req=2 flags=0x4 sdk=0
03-04 11:27:37.120  2270  2270 I Telecom : InCallController: Adding 1 calls to InCallService after onConnected: ComponentInfo{com.nttdocomo.android.phonemotion/com.nttdocomo.android.phonemotion.MotionService}, including external calls: ICSBC.oSC(cnap)@Atg
03-04 11:27:37.121  2270  3349 I AudioService.FadeOutManager: unfadeOutUid() uid:1000
03-04 11:27:37.123  4271  4428 D SQLiteQueryBuilder: SELECT _data, owner_package_name, is_pending FROM audio WHERE ((_id='139') AND (volume_name IN ( 'internal' ))) with args null
03-04 11:27:37.123  2270  3339 I Telecom : CallAudioRouteStateMachine: Message received: SWITCH_FOCUS=4001, arg1=3: (...->CS.crCo->H.CS.crCo->H.CS.crCo.pICR)->CSW.hCCC->ICFG.sF->ICFG.sF->ICFG.sF->CILH.sL->CILH.oQC->BCF.gBS->BCF.gBS->ICFG.sF->ICFG.sF->ICFG.sF->ICFG.sF->ICFG.sF->ICFG.sF->ICFG.sF->CAMSM.pM_2002->CARSM.pM_SWITCH_FOCUS(cap/cast)@E-E-AtM
03-04 11:27:37.124   989  2449 D audio_hw_primary: adev_set_mode: mode 1 , prev_mode 0 
03-04 11:27:37.124  2270  3339 I Telecom : QuiescentEarpieceRoute: Processing message SWITCH_FOCUS: (...->CS.crCo->H.CS.crCo->H.CS.crCo.pICR)->CSW.hCCC->ICFG.sF->ICFG.sF->ICFG.sF->CILH.sL->CILH.oQC->BCF.gBS->BCF.gBS->ICFG.sF->ICFG.sF->ICFG.sF->ICFG.sF->ICFG.sF->ICFG.sF->ICFG.sF->CAMSM.pM_2002->CARSM.pM_SWITCH_FOCUS(cap/cast)@E-E-AtM
03-04 11:27:37.124  2270  3339 I Telecom : Event: RecordEntry TC@2: AUDIO_ROUTE, Leaving state QuiescentEarpieceRoute: (...->CS.crCo->H.CS.crCo->H.CS.crCo.pICR)->CSW.hCCC->ICFG.sF->ICFG.sF->ICFG.sF->CILH.sL->CILH.oQC->BCF.gBS->BCF.gBS->ICFG.sF->ICFG.sF->ICFG.sF->ICFG.sF->ICFG.sF->ICFG.sF->ICFG.sF->CAMSM.pM_2002->CARSM.pM_SWITCH_FOCUS(cap/cast)@E-E-AtM
03-04 11:27:37.125  2270  3339 I Telecom : Event: RecordEntry TC@2: AUDIO_ROUTE, Entering state ActiveEarpieceRoute: (...->CS.crCo->H.CS.crCo->H.CS.crCo.pICR)->CSW.hCCC->ICFG.sF->ICFG.sF->ICFG.sF->CILH.sL->CILH.oQC->BCF.gBS->BCF.gBS->ICFG.sF->ICFG.sF->ICFG.sF->ICFG.sF->ICFG.sF->ICFG.sF->ICFG.sF->CAMSM.pM_2002->CARSM.pM_SWITCH_FOCUS(cap/cast)@E-E-AtM
03-04 11:27:37.125  2270  3339 I Telecom : Event: RecordEntry TC@2: AUDIO_ROUTE_EARPIECE, null: (...->CS.crCo->H.CS.crCo->H.CS.crCo.pICR)->CSW.hCCC->ICFG.sF->ICFG.sF->ICFG.sF->CILH.sL->CILH.oQC->BCF.gBS->BCF.gBS->ICFG.sF->ICFG.sF->ICFG.sF->ICFG.sF->ICFG.sF->ICFG.sF->ICFG.sF->CAMSM.pM_2002->CARSM.pM_SWITCH_FOCUS(cap/cast)@E-E-AtM
03-04 11:27:37.125  2270  3339 I Telecom : CallAudioRouteStateMachine: turning speaker phone false: (...->CS.crCo->H.CS.crCo->H.CS.crCo.pICR)->CSW.hCCC->ICFG.sF->ICFG.sF->ICFG.sF->CILH.sL->CILH.oQC->BCF.gBS->BCF.gBS->ICFG.sF->ICFG.sF->ICFG.sF->ICFG.sF->ICFG.sF->ICFG.sF->ICFG.sF->CAMSM.pM_2002->CARSM.pM_SWITCH_FOCUS(cap/cast)@E-E-AtM
03-04 11:27:37.125  2270  3339 I AudioManager: In setSpeakerphoneOn(), on: false, calling application: com.android.server.telecom
03-04 11:27:37.126  2270  3339 I AS.AudioService: In setSpeakerphoneOn(), on: false, eventSource: setSpeakerphoneOn(false) from u/pid:1000/2270
03-04 11:27:37.128  4271  4428 W MediaProvider: Didn't find any volume for getVolume(/product/media/audio/ringtones/Ringer.ogg)
03-04 11:27:37.132  4271  4428 I MediaProvider: Open with lower FS for /product/media/audio/ringtones/Ringer.ogg. Uid: 1000
03-04 11:27:37.133  2270 11369 W FileSource: offset/length adjusted from 0/576460752303423487 to 0/988044
03-04 11:27:37.134  1072  1614 D AF::TrackHandle: OpPlayAudio: track:61 usage:3 not muted
03-04 11:27:37.136  1072  1614 D AF::TrackHandle: OpPlayAudio: track:61 usage:3 not muted
03-04 11:27:37.138  1072  1614 D AF::TrackHandle: OpPlayAudio: track:61 usage:3 not muted
03-04 11:27:37.138  3194  3194 I TelecomFramework: TelephonyConnectionService: onTrackedByNonUiService TC@2_1 true: (ICSBC.oSC)->CS.tBNUS->H.CS.tBNUS(cnap/cast)@E-Atg
03-04 11:27:37.138  1072  1614 D AF::TrackHandle: OpPlayAudio: track:61 usage:3 not muted
03-04 11:27:37.139  2270  2270 I Telecom : InCallController: 1 calls sent to InCallService.: ICSBC.oSC(cnap)@Atg
03-04 11:27:37.139  2270  2270 W Looper  : Slow dispatch took 370ms main h=android.app.ActivityThread$H c=android.app.LoadedApk$ServiceDispatcher$RunConnection@3682c29 m=0
03-04 11:27:37.139  1072  1614 D AF::TrackHandle: OpPlayAudio: track:61 usage:3 not muted
03-04 11:27:37.139  2270  2270 W Looper  : Slow delivery took 380ms main h=com.android.server.job.controllers.QuotaController$QcHandler c=null m=3
03-04 11:27:37.139  2270  7450 I dvm_lock_sample: [system_server,1,Binder:2270_14,364,DefaultDialerCache.java,251,java.lang.String com.android.server.telecom.DefaultDialerCache.refreshCacheForUser(int),,0,null,72]
03-04 11:27:37.140  2270  6816 I dvm_lock_sample: [system_server,1,Binder:2270_13,362,TelecomServiceImpl.java,961,int com.android.server.telecom.TelecomServiceImpl$1.getCallStateUsingPackage(java.lang.String, java.lang.String),,0,null,72]
03-04 11:27:37.141  2270 11355 I Telecom : InCallController: Sending updateCall [Call id=TC@2, state=RINGING, tpac=ComponentInfo{com.android.phone/com.android.services.telephony.TelephonyConnectionService}, ***, UserHandle{0}, cmgr=ComponentInfo{com.android.phone/com.android.services.telephony.TelephonyConnectionService}, ***, UserHandle{0}, handle=tel:*********06, vidst=A, childs(0), has_parent(false), cap=[ sup_hld mut VTrrx VTrtx VTrbi spd_aud], prop=[ HD]]
03-04 11:27:37.151  1072  1614 D AF::TrackHandle: OpPlayAudio: track:61 usage:3 not muted
03-04 11:27:37.151  1072  1614 D AF::TrackHandle: OpPlayAudio: track:61 usage:3 not muted
03-04 11:27:37.153  1072  1614 D AF::TrackHandle: OpPlayAudio: track:61 usage:3 not muted
03-04 11:27:37.154  2270 11355 I Telecom : InCallController: Components updated: [ComponentInfo{com.nttdocomo.android.phonemotion/com.nttdocomo.android.phonemotion.MotionService}]
03-04 11:27:37.155  2270  2270 I Telecom : InCallController: onConnected to ComponentInfo{com.android.server.telecom/com.android.server.telecom.AmInCallService$InCallServiceImpl}: ICSBC.oSC(cast)@Ato
03-04 11:27:37.155  1005  1005 I sensors-hal: activate:214, android.sensor.gyroscope/41 en=0
03-04 11:27:37.156  2270  2270 I Telecom : InCallController: Adding 1 calls to InCallService after onConnected: ComponentInfo{com.android.server.telecom/com.android.server.telecom.AmInCallService$InCallServiceImpl}, including external calls: ICSBC.oSC(cast)@Ato
03-04 11:27:37.158  1005  1005 E Diag_Lib: diag: Diag_LSM_DeInit: invoked for pid: 1005
03-04 11:27:37.158  1005  1005 I sensors-hal: activate:225, android.sensor.gyroscope/41 en=0 completed
03-04 11:27:37.160  1005  1005 I sensors-hal: activate:214, android.sensor.proximity/82 en=0
03-04 11:27:37.160  1504  2551 I MMParserExtractor: Created(0xb4000078fe65a850)
03-04 11:27:37.161  1005  1005 I sensors-hal: activate:225, android.sensor.proximity/82 en=0 completed
03-04 11:27:37.163  1072  1614 D AF::TrackHandle: OpPlayAudio: track:61 usage:3 not muted
03-04 11:27:37.164  1005  1005 I sensors-hal: activate:214, android.sensor.linear_acceleration/101 en=0
03-04 11:27:37.165  1005  1005 I sensors-hal: activate:225, android.sensor.linear_acceleration/101 en=0 completed
03-04 11:27:37.169  1072  1614 D AF::TrackHandle: OpPlayAudio: track:61 usage:3 not muted
03-04 11:27:37.171  1072  1614 D AF::TrackHandle: OpPlayAudio: track:61 usage:3 not muted
03-04 11:27:37.171  1072  1614 D AF::TrackHandle: OpPlayAudio: track:61 usage:3 not muted
03-04 11:27:37.171  2270  2270 I Telecom : InCallController: 1 calls sent to InCallService.: ICSBC.oSC(cast)@Ato
03-04 11:27:37.172  1072  1614 D AF::TrackHandle: OpPlayAudio: track:61 usage:3 not muted
03-04 11:27:37.172  1072  1614 D AF::TrackHandle: OpPlayAudio: track:61 usage:3 not muted
03-04 11:27:37.172  3194  3194 D RILJ    : [0330]> GET_CELL_INFO_LIST [PHONE0]
03-04 11:27:37.172  2270  2270 I Telecom : InCallController: onConnected to ComponentInfo{com.sonymobile.telephony.extension/com.sonymobile.telephony.extension.analytics.CallAnalyticsManagerService}: ICSBC.oSC(cste)@Atw
03-04 11:27:37.173  2270  2270 I Telecom : InCallController: Adding 1 calls to InCallService after onConnected: ComponentInfo{com.sonymobile.telephony.extension/com.sonymobile.telephony.extension.analytics.CallAnalyticsManagerService}, including external calls: ICSBC.oSC(cste)@Atw
03-04 11:27:37.174  1072  1614 D AF::TrackHandle: OpPlayAudio: track:61 usage:3 not muted
03-04 11:27:37.174  3194  3194 I TelecomFramework: TelephonyConnectionService: onTrackedByNonUiService TC@2_1 true: (ICSBC.oSC)->CS.tBNUS->H.CS.tBNUS(cast/cast)@E-Ato
03-04 11:27:37.178  2270 11369 I Telecom : RingtoneFactory: hasHapticChannels content://media/internal/audio/media/139?title=Xperia&canonical=1 -> false: (...->CS.crCo->H.CS.crCo->H.CS.crCo.pICR)->CSW.hCCC->ICFG.sF->ICFG.sF->ICFG.sF->CILH.sL->CILH.oQC->BCF.gBS->BCF.gBS->ICFG.sF->ICFG.sF->ICFG.sF->ICFG.sF->ICFG.sF->ICFG.sF->ICFG.sF->CAMSM.pM_2002->ARP.hP(cap/cast)@E-E-AtM
03-04 11:27:37.178  2270 11369 I Telecom : AsyncRingtonePlayer: handlePlay: hasHaptics=false, isVibrationEnabled=true: (...->CS.crCo->H.CS.crCo->H.CS.crCo.pICR)->CSW.hCCC->ICFG.sF->ICFG.sF->ICFG.sF->CILH.sL->CILH.oQC->BCF.gBS->BCF.gBS->ICFG.sF->ICFG.sF->ICFG.sF->ICFG.sF->ICFG.sF->ICFG.sF->ICFG.sF->CAMSM.pM_2002->ARP.hP(cap/cast)@E-E-AtM
03-04 11:27:37.178  2270 11369 I Telecom : Ringer: startRinging: fileHasHaptics=false, hapticsSupported=true: (...->CS.crCo->H.CS.crCo->H.CS.crCo.pICR)->CSW.hCCC->ICFG.sF->ICFG.sF->ICFG.sF->CILH.sL->CILH.oQC->BCF.gBS->BCF.gBS->ICFG.sF->ICFG.sF->ICFG.sF->ICFG.sF->ICFG.sF->ICFG.sF->ICFG.sF->CAMSM.pM_2002->ARP.hP(cap/cast)@E-E-AtM
03-04 11:27:37.178  2270 11369 I Telecom : Ringer: start normal vibration.: (...->CS.crCo->H.CS.crCo->H.CS.crCo.pICR)->CSW.hCCC->ICFG.sF->ICFG.sF->ICFG.sF->CILH.sL->CILH.oQC->BCF.gBS->BCF.gBS->ICFG.sF->ICFG.sF->ICFG.sF->ICFG.sF->ICFG.sF->ICFG.sF->ICFG.sF->CAMSM.pM_2002->ARP.hP(cap/cast)@E-E-AtM
03-04 11:27:37.178  3194  3338 D RILJ    : [0330]< GET_CELL_INFO_LIST [CellInfoLte:{mRegistered=YES mTimeStamp=122957028493ns mCellConnectionStatus=0 CellIdentityLte:{ mCi=166047091 mPci=19 mTac=37107 mEarfcn=1300 mBands=[3] mBandwidth=20000 mMcc=460 mMnc=00 mAlphaLong=CMCC mAlphaShort=CMCC mAdditionalPlmns={} mCsgInfo=null} CellSignalStrengthLte: rssi=-69 rsrp=-99 rsrq=-9 rssnr=2147483647 cqiTableIndex=2147483647 cqi=2147483647 ta=1 level=2 parametersUseForLevel=1 android.telephony.CellConfigLte :{ isEndcAvailable = false }}, CellInfoLte:{mRegistered=NO mTimeStamp=122957028493ns mCellConnectionStatus=0 CellIdentityLte:{ mCi=2147483647 mPci=231 mTac=2147483647 mEarfcn=1300 mBands=[] mBandwidth=2147483647 mMcc=null mMnc=null mAlphaLong= mAlphaShort= mAdditionalPlmns={} mCsgInfo=null} CellSignalStrengthLte: rssi=-79 rsrp=-103 rsrq=-12 rssnr=2147483647 cqiTableIndex=2147483647 cqi=2147483647 ta=2147483647 level=2 parametersUseForLevel=1 android.telephony.CellConfigLte :{ isEndcAvailable = false }}, CellInfoLte:{mRegistered=NO mTimeStamp=122957028493ns mCellConnectionStatus=0 CellIdentityLte:{ mCi=2147483647 mPci=18 mTac=2147483647 mEarfcn=1300 mBands=[] mBandwidth=2147483647 mMcc=null mMnc=null mAlphaLong= mAlphaShort= mAdditionalPlmns={} mCsgInfo=null} CellSignalStrengthLte: rssi=-79 rsrp=-109 rsrq=-18 rssnr=2147483647 cqiTableIndex=2147483647 cqi=2147483647 ta=2147483647 level=1 parametersUseForLevel=1 android.telephony.CellConfigLte :{ isEndcAvailable = false }}, CellInfoLte:{mRegistered=NO mTimeStamp=122957028493ns mCellConnectionStatus=0 CellIdentityLte:{ mCi=2147483647 mPci=474 mTac=2147483647 mEarfcn=1300 mBands=[] mBandwidth=2147483647 mMcc=null mMnc=null mAlphaLong= mAlphaShort= mAdditionalPlmns={} mCsgInfo=null} CellSignalStrengthLte: rssi=-79 rsrp=-110 rsrq=-20 rssnr=2147483647 cqiTableIndex=2147483647 cqi=2147483647 ta=2147483647 level=1 parametersUseForLevel=1 android.telephony.CellConfigLte :{ isEndcAvailable = false }}] [PHONE0]
03-04 11:27:37.179  1072  1614 D AF::TrackHandle: OpPlayAudio: track:61 usage:3 not muted
03-04 11:27:37.180  1072  1614 D AF::TrackHandle: OpPlayAudio: track:61 usage:3 not muted
03-04 11:27:37.182  1072  1617 D AF::TrackHandle: OpPlayAudio: track:61 usage:3 not muted
03-04 11:27:37.182  3194  3194 D SST     : [0] handleMessage: received event 43
03-04 11:27:37.182  2270  2270 I Telecom : InCallController: 1 calls sent to InCallService.: ICSBC.oSC(cste)@Atw
03-04 11:27:37.182  1072  1617 D AF::TrackHandle: OpPlayAudio: track:61 usage:3 not muted
03-04 11:27:37.183  1133  2400 W VsyncModulator: setTransactionSchedule: Unexpected EarlyEnd
03-04 11:27:37.183  1072  1617 D AF::TrackHandle: OpPlayAudio: track:61 usage:3 not muted
03-04 11:27:37.183  2270  2270 I Telecom : InCallController: onConnected to ComponentInfo{com.sonymobile.android.dialer/com.android.incallui.InCallServiceImpl}: ICSBC.oSC(csad)@At4
03-04 11:27:37.183  2270  2270 I Telecom : InCallController: trackCallingUserInterfaceStarted: com.sonymobile.android.dialer is now calling UX.: ICSBC.oSC(csad)@At4
03-04 11:27:37.183  4271  4428 D SQLiteQueryBuilder: SELECT title_key, instance_id, compilation, disc_number, duration, is_ringtone, album_artist, resolution, orientation, artist, author, height, is_drm, bucket_display_name, is_audiobook, owner_package_name, volume_name, title_resource_uri, date_modified, writer, date_expires, composer, _display_name, is_recording, datetaken, mime_type, is_notification, bitrate, cd_track_number, _id, xmp, year, _data, _size, album, genre, is_alarm, title, track, width, is_music, album_key, is_favorite, is_trashed, group_id, document_id, artist_id, generation_added, artist_key, genre_key, is_download, generation_modified, is_pending, date_added, is_podcast, capture_framerate, album_id, num_tracks, original_document_id, genre_id, bucket_id, bookmark, relative_path FROM audio WHERE ((_id='139') AND (volume_name IN ( 'internal' ))) with args null
03-04 11:27:37.184  2270  2270 I Telecom : InCallController: Adding 1 calls to InCallService after onConnected: ComponentInfo{com.sonymobile.android.dialer/com.android.incallui.InCallServiceImpl}, including external calls: ICSBC.oSC(csad)@At4
03-04 11:27:37.184  4271  4428 D SQLiteQueryBuilder: SELECT _data, owner_package_name, is_pending FROM audio WHERE ((_id='139') AND (volume_name IN ( 'internal' ))) with args null
03-04 11:27:37.186  1026  1026 D vendor.qti.vibrator: Vibrator on for timeoutMs: 12
03-04 11:27:37.187  4271  4428 W MediaProvider: Didn't find any volume for getVolume(/product/media/audio/ringtones/Ringer.ogg)
03-04 11:27:37.188  4271  4428 I MediaProvider: Open with lower FS for /product/media/audio/ringtones/Ringer.ogg. Uid: 1000
03-04 11:27:37.189  2270 11369 W FileSource: offset/length adjusted from 0/576460752303423487 to 0/988044
03-04 11:27:37.189  1026 11392 D vendor.qti.vibrator: Starting on on another thread
03-04 11:27:37.191  2270  2270 I Telecom : InCallController: 1 calls sent to InCallService.: ICSBC.oSC(csad)@At4
03-04 11:27:37.191  2270  2270 I Telecom : InCallController: onConnected to ComponentInfo{com.sonymobile.transmitpower/com.sonymobile.transmitpower.util.InCallServiceObserver$InCallServiceImpl}: ICSBC.oSC(cst)@At8
03-04 11:27:37.192  2270  2270 I Telecom : InCallController: Adding 1 calls to InCallService after onConnected: ComponentInfo{com.sonymobile.transmitpower/com.sonymobile.transmitpower.util.InCallServiceObserver$InCallServiceImpl}, including external calls: ICSBC.oSC(cst)@At8
03-04 11:27:37.194  1072  1617 D AF::TrackHandle: OpPlayAudio: track:61 usage:3 not muted
03-04 11:27:37.194  2270  2270 I Telecom : InCallController: 1 calls sent to InCallService.: ICSBC.oSC(cst)@At8
03-04 11:27:37.195  1072  1617 D AF::TrackHandle: OpPlayAudio: track:61 usage:3 not muted
03-04 11:27:37.195  3194  3194 I TelecomFramework: TelephonyConnectionService: onTrackedByNonUiService TC@2_1 true: (ICSBC.oSC)->CS.tBNUS->H.CS.tBNUS(cste/cast)@E-Atw
03-04 11:27:37.195  1072  1617 D AF::TrackHandle: OpPlayAudio: track:61 usage:3 not muted
03-04 11:27:37.195  3194  3194 D LocaleTracker-0: processCellInfo: cell info=[CellInfoLte:{mRegistered=YES mTimeStamp=122957028493ns mCellConnectionStatus=0 CellIdentityLte:{ mCi=166047091 mPci=19 mTac=37107 mEarfcn=1300 mBands=[3] mBandwidth=20000 mMcc=460 mMnc=00 mAlphaLong=CMCC mAlphaShort=CMCC mAdditionalPlmns={} mCsgInfo=null} CellSignalStrengthLte: rssi=-69 rsrp=-99 rsrq=-9 rssnr=2147483647 cqiTableIndex=2147483647 cqi=2147483647 ta=1 level=2 parametersUseForLevel=1 android.telephony.CellConfigLte :{ isEndcAvailable = false }}, CellInfoLte:{mRegistered=NO mTimeStamp=122957028493ns mCellConnectionStatus=0 CellIdentityLte:{ mCi=2147483647 mPci=231 mTac=2147483647 mEarfcn=1300 mBands=[] mBandwidth=2147483647 mMcc=null mMnc=null mAlphaLong= mAlphaShort= mAdditionalPlmns={} mCsgInfo=null} CellSignalStrengthLte: rssi=-79 rsrp=-103 rsrq=-12 rssnr=2147483647 cqiTableIndex=2147483647 cqi=2147483647 ta=2147483647 level=2 parametersUseForLevel=1 android.telephony.CellConfigLte :{ isEndcAvailable = false }}, CellInfoLte:{mRegistered=NO mTimeStamp=122957028493ns mCellConnectionStatus=0 CellIdentityLte:{ mCi=2147483647 mPci=18 mTac=2147483647 mEarfcn=1300 mBands=[] mBandwidth=2147483647 mMcc=null mMnc=null mAlphaLong= mAlphaShort= mAdditionalPlmns={} mCsgInfo=null} CellSignalStrengthLte: rssi=-79 rsrp=-109 rsrq=-18 rssnr=2147483647 cqiTableIndex=2147483647 cqi=2147483647 ta=2147483647 level=1 parametersUseForLevel=1 android.telephony.CellConfigLte :{ isEndcAvailable = false }}, CellInfoLte:{mRegistered=NO mTimeStamp=122957028493ns mCellConnectionStatus=0 CellIdentityLte:{ mCi=2147483647 mPci=474 mTac=2147483647 mEarfcn=1300 mBands=[] mBandwidth=2147483647 mMcc=null mMnc=null mAlphaLong= mAlphaShort= mAdditionalPlmns={} mCsgInfo=null} CellSignalStrengthLte: rssi=-79 rsrp=-110 rsrq=-20 rssnr=2147483647 cqiTableIndex=2147483647 cqi=2147483647 ta=2147483647 level=1 parametersUseForLevel=1 android.telephony.CellConfigLte :{ isEndcAvailable = false }}]
