03-04 11:27:38.964  1026  1026 D vendor.qti.vibrator: QTI Vibrator off
03-04 11:27:38.973  2270  2326 D CompatibilityInfo: mCompatibilityFlags - 0
03-04 11:27:38.973  2270  2326 D CompatibilityInfo: applicationDensity - 300
03-04 11:27:38.973  1133  2401 W VsyncModulator: setTransactionSchedule: Unexpected EarlyEnd
03-04 11:27:38.973  2270  2326 D CompatibilityInfo: applicationScale - 1.0
03-04 11:27:38.975  9966  9966 I Dialer  : NotificationBroadcastReceiver.onReceive - Broadcast from Notification: com.android.incallui.ACTION_ANSWER_VOICE_INCOMING_CALL
03-04 11:27:38.975  9966  9966 I Dialer  : DialerCall.answer - videoState: 0
03-04 11:27:38.976  9966  9966 I Dialer  : InCallPresenter.showInCall - Showing InCallActivity
03-04 11:27:38.979  2270  2306 I EventSequenceValidator: Transition from INTENT_FAILED to INTENT_STARTED
03-04 11:27:38.980  2270  2582 I ActivityTaskManager: START u0 {act=android.intent.action.MAIN flg=0x10040000 cmp=com.sonymobile.android.dialer/com.android.incallui.InCallActivity (has extras)} from uid 10159
03-04 11:27:38.980  3740  3740 W ContextImpl: Calling a method in the system process without a qualified user: android.app.ContextImpl.sendBroadcast:1188 android.content.ContextWrapper.sendBroadcast:484 com.android.server.telecom.am.AmUtils.sendPermissionToUseMic:65 com.android.server.telecom.am.AmManager.stopAm:353 com.android.server.telecom.am.AmManager.stopAmBySelf:373 
03-04 11:27:38.982  2270  2325 I am_pss  : [5747,10251,com.nttdocomo.android.mascot:persistent,16381952,6959104,0,100409344,0,4,9]
03-04 11:27:38.986  1019  1019 E ANDR-PERF-REQUEST: Translate to physical failed
03-04 11:27:38.986  1019  1019 E ANDR-PERF-REQUEST: Translate to physical failed
03-04 11:27:38.988  1019  1221 E ANDR-PERF-RESOURCEQS: Failed to apply optimization [2, 0]
03-04 11:27:38.988  1019  1221 E ANDR-PERF-RESOURCEQS: Failed to apply optimization [2, 0]
03-04 11:27:38.988  1019  1221 E ANDR-PERF-RESOURCEQS: Failed to apply optimization [2, 0]
03-04 11:27:38.988  1019  1221 E ANDR-PERF-RESOURCEQS: Failed to apply optimization [2, 0]
03-04 11:27:38.988  1019  1221 E ANDR-PERF-RESOURCEQS: Failed to apply optimization [2, 0]
03-04 11:27:38.988  1019  1221 E ANDR-PERF-RESOURCEQS: Failed to apply optimization [2, 0]
03-04 11:27:38.991  2270  2412 I Telecom : CallsManager: holdActiveCallForNewCall, newCall: [Call id=TC@2, state=RINGING, tpac=ComponentInfo{com.android.phone/com.android.services.telephony.TelephonyConnectionService}, ***, UserHandle{0}, cmgr=ComponentInfo{com.android.phone/com.android.services.telephony.TelephonyConnectionService}, ***, UserHandle{0}, handle=tel:*********06, vidst=A, childs(0), has_parent(false), cap=[ sup_hld mut VTrrx VTrtx VTrbi spd_aud], prop=[ HD]], activeCall: null: ICA.aC(csad)@Au4
03-04 11:27:38.991  2270  3352 I Telecom : ConnectionServiceFocusManager: handleRequestFocus req = com.android.server.telecom.ConnectionServiceFocusManager$FocusRequest@d7a5940: ICA.aC->CSFM.rF(csad)@Au4
03-04 11:27:38.992  2270  3352 I Telecom : Event: RecordEntry TC@2: STOP_RINGER, null: ICA.aC->CSFM.rF(csad)@Au4
03-04 11:27:38.993  2270  3352 I Telecom : Logging.Events: Non-call EVENT: STOP_VIBRATOR, null: ICA.aC->CSFM.rF(csad)@Au4
03-04 11:27:38.993  2270  2582 I wm_task_created: [29,-1]
03-04 11:27:38.993  2270  3339 I Telecom : CallAudioRouteStateMachine: Message received: MUTE_OFF=3002, arg1=0: ICA.aC->CSFM.rF->CARSM.pM_MUTE_OFF(csad)@Au4
03-04 11:27:38.993  2270  3339 I Telecom : ActiveEarpieceRoute: Processing message MUTE_OFF: ICA.aC->CSFM.rF->CARSM.pM_MUTE_OFF(csad)@Au4
03-04 11:27:38.993  2270  2582 W ActivityTaskManager: Can't find TaskDisplayArea to determine support for multi window. Task id=29 attached=false
03-04 11:27:38.993  2270  3339 I Telecom : Event: RecordEntry TC@2: UNMUTE, null: ICA.aC->CSFM.rF->CARSM.pM_MUTE_OFF(csad)@Au4
03-04 11:27:38.994  2270  3352 I Telecom : Event: RecordEntry TC@2: REQUEST_ACCEPT, null: ICA.aC->CSFM.rF(csad)@Au4
03-04 11:27:38.994  2270  3352 I Telecom : CallsManager: setCallState RINGING -> ANSWERED, call: [Call id=TC@2, state=RINGING, tpac=ComponentInfo{com.android.phone/com.android.services.telephony.TelephonyConnectionService}, ***, UserHandle{0}, cmgr=ComponentInfo{com.android.phone/com.android.services.telephony.TelephonyConnectionService}, ***, UserHandle{0}, handle=tel:*********06, vidst=A, childs(0), has_parent(false), cap=[ sup_hld mut VTrrx VTrtx VTrbi spd_aud], prop=[ HD]]: ICA.aC->CSFM.rF(csad)@Au4
03-04 11:27:38.994  2270  2325 I am_pss  : [9801,10292,com.sonyericsson.idd.agent,11525120,1929216,8460288,61894656,0,19,7]
03-04 11:27:38.994  2270  3352 I Telecom : Event: RecordEntry TC@2: SET_ANSWERED, answered: ICA.aC->CSFM.rF(csad)@Au4
03-04 11:27:38.994  1026  1026 D vendor.qti.vibrator: QTI Vibrator off
03-04 11:27:38.995  2270  3352 I Telecom : IncomingCallNotifier: updateIncomingCall: foundIncomingcall = null: ICA.aC->CSFM.rF(csad)@Au4
03-04 11:27:38.997  2270  3349 I Telecom : CallAudioModeStateMachine: Message received: NO_MORE_RINGING_CALLS.: ICA.aC->CSFM.rF->CAMSM.pM_1002(csad)@Au4
03-04 11:27:38.998  2270 11369 I Telecom : AsyncRingtonePlayer: Stop ringtone.: (...->CS.crCo->H.CS.crCo->H.CS.crCo.pICR)->CSW.hCCC->ICFG.sF->ICFG.sF->ICFG.sF->CILH.sL->CILH.oQC->BCF.gBS->BCF.gBS->ICFG.sF->ICFG.sF->ICFG.sF->ICFG.sF->ICFG.sF->ICFG.sF->ICFG.sF->CAMSM.pM_2002->ARP.hP(cap/cast)@1
03-04 11:27:38.998  1507  4187 D NuPlayerDriver: reset(0xed1c1d70) at state 5
03-04 11:27:39.002  2270  2325 I am_pss  : [10705,10087,com.android.providers.calendar,7631872,4042752,2796544,62173184,0,19,6]
03-04 11:27:39.003  1507 11396 D CCodecBuffers: [c2.android.vorbis.decoder#579:1D-Output.Impl[N]] Client returned a buffer it does not own according to our record: 0
03-04 11:27:39.003  1507 11396 D CCodecBuffers: [c2.android.vorbis.decoder#579:1D-Output.Impl[N]] Client returned a buffer it does not own according to our record: 1
03-04 11:27:39.003  1507 11396 D CCodecBuffers: [c2.android.vorbis.decoder#579:1D-Output.Impl[N]] Client returned a buffer it does not own according to our record: 2
03-04 11:27:39.004  3194  3194 I Telephony: answerVideo: isAnswerAndReleaseConnection: false
03-04 11:27:39.004  3194  3194 I TelecomFramework: TelephonyConnectionService: answerVideo TC@2_1: (ICA.aC->CSFM.rF)->CS.an->H.CS.an(csad/cast)@E-Au4
03-04 11:27:39.004  3194  3194 V Telephony: performAnswer
03-04 11:27:39.004  3194  3194 V Telephony: isValidRingingCall, returning true
03-04 11:27:39.005  3194  3194 I Telephony: TelephonyConnectionService: maybeDisconnectCallsOnOtherSubs: check for calls not on ComponentInfo{com.android.phone/com.android.services.telephony.TelephonyConnectionService}, ***, UserHandle{0}
03-04 11:27:39.005  3194  3194 D ImsPhoneCallTracker: [0] acceptCall
03-04 11:27:39.005  3194  3194 D ImsPhoneCallTracker: [0] acceptCall: incoming...
03-04 11:27:39.006  3194  3194 D VoiceCallSessionStats: addCall: resetting setup info
03-04 11:27:39.006  3194  3194 D SubscriptionController: [getActiveSubscriptionInfoForSimSlotIndex]+ slotIndex=0 subId={id=2 iccId=89860012262081786394 simSlotIndex=0 carrierId=850 displayName=CMCC carrierName=CMCC nameSource=1 iconTint=-16746133 number=19829368690 dataRoaming=0 iconBitmap=android.graphics.Bitmap@b40507d mcc=440 mnc=10 countryIso=jp isEmbedded=false nativeAccessRules=null cardString=89860012262081786394 cardId=1 isOpportunistic=false groupUUID=null isGroupDisabled=false profileClass=-1 ehplmns=[46000, 46007, 46002, 46008] hplmns=[46000, 46000, 46000] subscriptionType=0 groupOwner=null carrierConfigAccessRules=null areUiccApplicationsEnabled=true}
03-04 11:27:39.009  1507 11396 I hw-BpHwBinder: onLastStrongRef automatically unlinking death recipients
03-04 11:27:39.010  2270  7450 D AS.AudioService: readCameraSoundForced  config_camera_sound_forced = true
03-04 11:27:39.010  2270  7450 D AS.AudioService: readCameraSoundForced  config_camera_sound_forced = true
03-04 11:27:39.010  2270  2582 I wm_task_moved: [29,1,7]
03-04 11:27:39.010  2270  2582 I wm_task_to_front: [0,29]
03-04 11:27:39.011  2270  3352 I Telecom : TelecomWakeLock: WakeLock already acquired for id: 26: ICA.aC->CSFM.rF(csad)@Au4
03-04 11:27:39.011  2270  2582 I wm_create_task: [0,29]
03-04 11:27:39.011  2270  2582 I wm_create_activity: [0,255537598,29,com.sonymobile.android.dialer/com.android.incallui.InCallActivity,android.intent.action.MAIN,NULL,NULL,277086208]
03-04 11:27:39.011  2270  3352 I Telecom : InCallWakeLockController: Acquiring full wake lock: ICA.aC->CSFM.rF(csad)@Au4
03-04 11:27:39.011  2270  2582 I wm_task_moved: [29,1,7]
03-04 11:27:39.012  2270  2325 I am_pss  : [9854,10188,com.sonymobile.xperiaservices,15035392,6987776,7171072,62906368,0,19,7]
03-04 11:27:39.012  2270  3352 I Telecom : InCallController: Sending updateCall [Call id=TC@2, state=ANSWERED, tpac=ComponentInfo{com.android.phone/com.android.services.telephony.TelephonyConnectionService}, ***, UserHandle{0}, cmgr=ComponentInfo{com.android.phone/com.android.services.telephony.TelephonyConnectionService}, ***, UserHandle{0}, handle=tel:*********06, vidst=A, childs(0), has_parent(false), cap=[ sup_hld mut VTrrx VTrtx VTrbi spd_aud], prop=[ HD]]: ICA.aC->CSFM.rF(csad)@Au4
03-04 11:27:39.013  2270  2582 D CompatibilityInfo: mCompatibilityFlags - 0
03-04 11:27:39.013  2270  2582 D CompatibilityInfo: applicationDensity - 300
03-04 11:27:39.013  2270  2582 D CompatibilityInfo: applicationScale - 1.0
03-04 11:27:39.013  2270  2582 V SplashScreenExceptionList: SplashScreen checking exception for package com.sonymobile.android.dialer (target sdk:30) -> false
03-04 11:27:39.014  3194  3194 D ImsPhoneCallTracker: [0] addRttAttributeIfRequired: RTT is not supported
03-04 11:27:39.014  2270  3352 I Telecom : InCallController: Components updated: [ComponentInfo{com.sonymobile.telephony.extension/com.sonymobile.telephony.extension.analytics.CallAnalyticsManagerService}, ComponentInfo{com.sonymobile.transmitpower/com.sonymobile.transmitpower.util.InCallServiceObserver$InCallServiceImpl}, ComponentInfo{com.sonymobile.android.dialer/com.android.incallui.InCallServiceImpl}, ComponentInfo{com.nttdocomo.android.phonemotion/com.nttdocomo.android.phonemotion.MotionService}, ComponentInfo{com.android.server.telecom/com.android.server.telecom.AmInCallService$InCallServiceImpl}]: ICA.aC->CSFM.rF(csad)@Au4
03-04 11:27:39.014  3194  3194 I ImsCall : accept :: callType=2, profile={ audioQuality=0, audioDirection=3, audioCodecAttribute=null, videoQuality=0, videoDirection=-1, rttMode=0, hasRttAudioSpeech=false } ImsCall=[ImsCall objId:221628560 onHold:N mute:N mCallProfile:{ serviceType=1, callType=2, restrictCause=0, mediaProfile={ audioQuality=0, audioDirection=3, audioCodecAttribute=null, videoQuality=0, videoDirection=-1, rttMode=0, hasRttAudioSpeech=false }, emergencyServiceCategories=0, emergencyUrns=[], emergencyCallRouting=0, emergencyCallTesting=false, hasKnownUserIntentEmergency=false, mRestrictCause=0, mCallerNumberVerstat= 0, mAcceptedRtpHeaderExtensions= [] } networkType:13 updateRequest:NONE merging:N merge action pending:N merged:N multiParty:N confHost:N buried term:N isVideo: N wasVideo: N isWifi: N session:[ImsCallSession objId:31192915 state:IDLE callId:1] transientSession:null]
03-04 11:27:39.015  2270  3339 I Telecom : CallAudioRouteStateMachine: setSystemAudioState: changing from [AudioState isMuted: false, route: EARPIECE, supportedRouteMask: EARPIECE, SPEAKER, activeBluetoothDevice: [null], supportedBluetoothDevices: []] to [AudioState isMuted: false, route: EARPIECE, supportedRouteMask: EARPIECE, SPEAKER, activeBluetoothDevice: [null], supportedBluetoothDevices: []]: ICA.aC->CSFM.rF->CARSM.pM_MUTE_OFF(csad)@Au4
03-04 11:27:39.015  1507 11381 D NuPlayerDriver: notifyResetComplete(0xed1c1d70)
03-04 11:27:39.015  2270  3339 I Telecom : BluetoothRouteManager: getBluetoothAudioConnectedDevice: no service available.: ICA.aC->CSFM.rF->CARSM.pM_MUTE_OFF(csad)@Au4
03-04 11:27:39.015  1507  4187 D NuPlayerDriver: reset(0xed1c1d70) at state 0
03-04 11:27:39.016  2270  3349 I Telecom : CallAudioModeStateMachine: Audio focus entering SIM CALL state: ICA.aC->CSFM.rF->CAMSM.pM_1002(csad)@Au4
03-04 11:27:39.016  2270  3349 I MediaFocusControl: requestAudioFocus() from uid/pid 1000/2270 AA=USAGE_VOICE_COMMUNICATION/CONTENT_TYPE_SPEECH clientId=AudioFocus_For_Phone_Ring_And_Calls callingPack=com.android.server.telecom req=2 flags=0x4 sdk=0
03-04 11:27:39.017  2270  3349 I Telecom : CallAudioModeStateMachine: Message received: NEW_ACTIVE_OR_DIALING_CALL.: ICA.aC->CSFM.rF->CAMSM.pM_2001(csad)@Au4
03-04 11:27:39.017  2270  3339 I Telecom : CallAudioRouteStateMachine: Message received: SWITCH_FOCUS=4001, arg1=2: ICA.aC->CSFM.rF->CAMSM.pM_1002->CARSM.pM_SWITCH_FOCUS(csad)@Au4
03-04 11:27:39.017  2270  3339 I Telecom : ActiveEarpieceRoute: Processing message SWITCH_FOCUS: ICA.aC->CSFM.rF->CAMSM.pM_1002->CARSM.pM_SWITCH_FOCUS(csad)@Au4
03-04 11:27:39.018  2270  2582 D ActivityTrigger: ActivityTrigger activityPauseTrigger 
03-04 11:27:39.020  2270  2582 I wm_pause_activity: [0,78184780,com.sonymobile.android.dialer/com.android.dialer.main.impl.MainActivity,userLeaving=false,pauseBackTasks]
03-04 11:27:39.021   989  1919 D audio_hw_primary: adev_set_mode: mode 2 , prev_mode 1 
03-04 11:27:39.022  2270 11369 V MediaPlayer: resetDrmState:  mDrmInfo=null mDrmProvisioningThread=null mPrepareDrmInProgress=false mActiveDrmScheme=false
03-04 11:27:39.022  2270 11369 V MediaPlayer: cleanDrmObj: mDrmObj=null mDrmSessionId=null
03-04 11:27:39.022  2543  2708 D PhoneStartingWindowTypeAlgorithm: preferredStartingWindowType newTask:true taskSwitch:true processRunning:true allowTaskSnapshot:true activityCreated:false useEmptySplashScreen:true legacySplashScreen:false topIsHome:false
03-04 11:27:39.022  2543  2708 D StartingSurfaceDrawer: addSplashScreen com.sonymobile.android.dialer theme=7f1201c6 task=29 suggestType=3
03-04 11:27:39.022  1507  4187 D AudioTrack: stop(44): called with 0 frames delivered
03-04 11:27:39.022  2270 11369 V MediaPlayer: resetDrmState:  mDrmInfo=null mDrmProvisioningThread=null mPrepareDrmInProgress=false mActiveDrmScheme=false
03-04 11:27:39.022  2270 11369 V MediaPlayer: cleanDrmObj: mDrmObj=null mDrmSessionId=null
03-04 11:27:39.023  2960  3842 I QImsService: ImsSenderRxr : [0024]> REQUEST_ANSWER [SUB0]
03-04 11:27:39.023  2960  3842 I QImsService: ImsSenderRxr : rtt mode : 0 and ipPresentation: 2 to HAL
03-04 11:27:39.025  2270  7450 D AS.AudioService: readCameraSoundForced  config_camera_sound_forced = true
03-04 11:27:39.027  2270  2325 I am_pss  : [8049,10296,com.google.android.permissioncontroller,14611456,10776576,2972672,65802240,0,19,7]
03-04 11:27:39.028  3139  3139 D TransmitPower: AccSensorObserverMOTION_DETECTION:onMotionStateChanged() : isStable = false
03-04 11:27:39.028  3139  3139 D TransmitPower: AccSensorObserverBHH_DETECTION:onBHHDetected() : isDetected = false
03-04 11:27:39.028  3139  3139 D TransmitPower: AccSensorObserverBHH_DIRECTION:onBHHStateChanged() : isRightSide = false
03-04 11:27:39.028  2543  2710 D StartingSurfaceDrawer: window attributes color: 0 icon null duration 0 brandImage null
03-04 11:27:39.028   989  1919 D audio_hw_primary: adev_set_mic_mute state 0
03-04 11:27:39.030  9966  9966 I wm_on_top_resumed_lost_called: [78184780,com.android.dialer.main.impl.MainActivity,topStateChangedWhenResumed]
03-04 11:27:39.030  2543  2710 D SplashScreenView: Build android.window.SplashScreenView{b10e492 V.E...... ......ID 0,0-0,0}
03-04 11:27:39.030  2543  2710 D SplashScreenView: Icon: view: null drawable: null size: 0
03-04 11:27:39.030  2543  2710 D SplashScreenView: Branding: view: android.view.View{6c1fe63 G.ED..... ......I. 0,0-0,0 #10204a6 android:id/splashscreen_branding_view} drawable: null size w: 0 h: 0
03-04 11:27:39.030  2543  2710 D StartingSurfaceDrawer: fillViewWithIcon surfaceWindowView android.window.SplashScreenView{b10e492 V.E...... ......ID 0,0-0,0}
03-04 11:27:39.031  3194  3194 V CallAnalyticsManagerService: onDetailsChanged call : Call [id: TC@2, state: RINGING, details: [id: TC@2, state: RINGING, pa: ComponentInfo{com.android.phone/com.android.services.telephony.TelephonyConnectionService}, ***, UserHandle{0}, hdl: tel:*********06, hdlPres: 1, videoState: Audio Only, caps: [Capabilities: CAPABILITY_SUPPORT_HOLD CAPABILITY_MUTE CAPABILITY_SUPPORTS_VT_REMOTE_RX CAPABILITY_SUPPORTS_VT_REMOTE_TX CAPABILITY_SUPPORTS_VT_REMOTE_BIDIRECTIONAL], props: [Properties: PROPERTY_HIGH_DEF_AUDIO]]], details: [id: TC@2, state: RINGING, pa: ComponentInfo{com.android.phone/com.android.services.telephony.TelephonyConnectionService}, ***, UserHandle{0}, hdl: tel:*********06, hdlPres: 1, videoState: Audio Only, caps: [Capabilities: CAPABILITY_SUPPORT_HOLD CAPABILITY_MUTE CAPABILITY_SUPPORTS_VT_REMOTE_RX CAPABILITY_SUPPORTS_VT_REMOTE_TX CAPABILITY_SUPPORTS_VT_REMOTE_BIDIRECTIONAL], props: [Properties: PROPERTY_HIGH_DEF_AUDIO]]
03-04 11:27:39.033  9966  9966 I Dialer  : CallLogFragment.onPause - enter
03-04 11:27:39.034  9966  9966 I Dialer  : CallLogFragment.onPageUnselected - enter
03-04 11:27:39.035  9966  9966 I Dialer  : MainSearchController.onActivityPause - enter
03-04 11:27:39.035  9966  9966 I wm_on_paused_called: [78184780,com.android.dialer.main.impl.MainActivity,performPause]
03-04 11:27:39.035  2270  2325 I am_pss  : [11082,10128,com.qualcomm.qti.qms.service.trustzoneaccess,6132736,4931584,396288,62468096,0,19,6]
03-04 11:27:39.039  2270  2270 I sysui_multi_action: [757,128,758,5,759,8,793,1793,794,0,795,1793,796,1,797,AmNotificationManager,806,com.android.server.telecom,857,TelecomAnsweringMachine,858,3,947,0,1500,1574,1641,call,1688,1]
03-04 11:27:39.039  2270  2270 I notification_canceled: [0|com.android.server.telecom|1|AmNotificationManager|1000,8,1793,1793,0,-1,-1,NULL]
03-04 11:27:39.042  2881  3368 D QcRilAudio: setParameters with: vsid=297816064;call_state=2;call_type=LTE[slot1]
03-04 11:27:39.042   989  1919 D audio_hw_primary: adev_set_parameters: enter: call_state=2;call_type=LTE;vsid=297816064
03-04 11:27:39.042   989  1919 D voice_extn: voice_extn_set_parameters: LTE call is active
03-04 11:27:39.042   989  1919 D voice_extn: update_call_states is_call_active:0 in_call:0, mode:2
03-04 11:27:39.042   989  1919 D voice_extn: voice_extn_set_parameters: call type is LTE
03-04 11:27:39.042  2270  2325 I am_pss  : [10874,1000,com.nttdocomo.android.felicaremotelock,6005760,4907008,404480,60809216,0,19,6]
03-04 11:27:39.045  2270 10071 I dvm_lock_sample: [system_server,1,Binder:2270_18,10,ActivityClientController.java,161,void com.android.server.wm.ActivityClientController.activityPaused(android.os.IBinder),,0,null,2]
03-04 11:27:39.048  1019  1222 W ANDR-PERF-LM: MetaMeter: handlePrimaryAsync() 118: AdaptLaunch MetaMeter. No MeterMgr Available to handle this Primary Async. !!!!
03-04 11:27:39.048  1019  1222 W ANDR-PERF-LM: MetaMeter: handlePrimaryAsync() 118: AdaptLaunch MetaMeter. No MeterMgr Available to handle this Primary Async. !!!!
03-04 11:27:39.048  2270 10071 I ActivityTaskManager: The Process com.sonymobile.android.dialer Already Exists in BG. So sending its PID: 9966
03-04 11:27:39.050  2270 10071 W ActivityTaskManager: Tried to set launchTime (0) < mLastActivityLaunchTime (95421)
03-04 11:27:39.051  2270 10071 I wm_add_to_stopping: [0,78184780,com.sonymobile.android.dialer/com.android.dialer.main.impl.MainActivity,makeInvisible]
03-04 11:27:39.052  2881  3368 I QcrilOemhookMsgTunnel: [0]processOemHookIndication length=63
03-04 11:27:39.053  1019  1222 E ANDR-PERF-LM: MetaMeter: handleAsync() 166: AdaptLaunch Invalid Async
03-04 11:27:39.055  2270 10071 I wm_restart_activity: [0,255537598,29,com.sonymobile.android.dialer/com.android.incallui.InCallActivity]
03-04 11:27:39.056  2270 10071 D CompatibilityInfo: mCompatibilityFlags - 0
03-04 11:27:39.056  2270 10071 D CompatibilityInfo: applicationDensity - 300
03-04 11:27:39.056  2270 10071 D CompatibilityInfo: applicationScale - 1.0
03-04 11:27:39.059  2270 10071 I wm_set_resumed_activity: [0,com.sonymobile.android.dialer/com.android.incallui.InCallActivity,minimalResumeActivityLocked]
03-04 11:27:39.059  1072  1617 W APM_AudioPolicyManager: stopAudioSource unknown source for port ID 0
03-04 11:27:39.063  2881  3368 D QcRilAudio: setParameters with: vsid=297816064;call_state=2;call_type=LTE[slot1]
03-04 11:27:39.063   989  1919 D audio_hw_primary: adev_set_parameters: enter: call_state=2;call_type=LTE;vsid=297816064
03-04 11:27:39.064   989  1919 D voice_extn: voice_extn_set_parameters: LTE call is active
03-04 11:27:39.064   989  1919 D voice_extn: update_call_states is_call_active:0 in_call:0, mode:2
03-04 11:27:39.064   989  1919 D voice_extn: voice_extn_set_parameters: call type is LTE
03-04 11:27:39.064  2960  3817 I QImsService: ImsRadioIndicationHidl : onCallStateChanged_1_5()
03-04 11:27:39.064  2960  3817 I QImsService: ImsRadioIndicationHidl : onCallStateChanged_1_6()
03-04 11:27:39.064  2960  3817 I QImsService: ImsRadioIndicationHidl : onCallStateChanged_1_7()
03-04 11:27:39.064  2960  3817 I QImsService: ImsRadioIndicationHidl : onCallStateChanged_1_8()
03-04 11:27:39.064  2960  3817 I QImsService: Class : Num of SrvUpdates = 1
03-04 11:27:39.064  2960  3817 I QImsService: Class :  networkMode = 14 status = 2 restrictCause = 0 registered = 0
03-04 11:27:39.064  2960  3817 I QImsService: Class : Partially Enabled Status due to Restrict Cause
03-04 11:27:39.064  2960  3817 I QImsService: Class : RTT: copySrvStatusList rtt mode = 2
03-04 11:27:39.064  2960  3817 I QImsService: Class : Num of SrvUpdates = 2
03-04 11:27:39.064  2960  3817 I QImsService: Class : RTT: copySrvStatusList rtt mode = 0
03-04 11:27:39.064  2960  3817 I QImsService: Class : RTT: copySrvStatusList rtt mode = 0
03-04 11:27:39.064  2960  3817 I QImsService: Class : Call Details =  0 2 callSubState 0 videoPauseState2 mediaId4 Rtt mode 0 Local Ability isValid = true type = 0 status = 1 rttMode = 0 accTechStatus  mode = 14 Status = 2 restrictCause = 0 registered = 0 Peer Ability isValid = true type = 0 status = 2 rttMode = 0 accTechStatus  mode = 14 Status = 2 restrictCause = 0 registered = 0isValid = true type = 3 status = 2 rttMode = 0 accTechStatus  mode = 14 Status = 2 restrictCause = 0 registered = 0 Cause code 0 sipAlternateUri null, null
03-04 11:27:39.064  2960  3817 I QImsService: ImsSenderRxr : [UNSL]< UNSOL_RESPONSE_CALL_STATE_CHANGED  [id=1,INCOMING,toa=129,norm,mt,0,voc,noevp,,cli=1,,1Call Details = 0 2 callSubState 0 videoPauseState2 mediaId4 Rtt mode 0 Local Ability isValid = true type = 0 status = 1 rttMode = 0 accTechStatus  mode = 14 Status = 2 restrictCause = 0 registered = 0 Peer Ability isValid = true type = 0 status = 2 rttMode = 0 accTechStatus  mode = 14 Status = 2 restrictCause = 0 registered = 0isValid = true type = 3 status = 2 rttMode = 0 accTechStatus  mode = 14 Status = 2 restrictCause = 0 registered = 0 Cause code 0 sipAlternateUri null, null,CallFailCause Code= 0,CallFailCause String= null, isEncrypted=false, historyInfo=, Conf. Support=0, {MultiIdentity Line Info : msisdn =  , line type = 0 , line status = 0}, isTirOverwriteAllowed=false, isPreparatory=false, CRS data=CrsData crsType: 0 originalCallType: 0, Call progress Info = CallProgressInfo Type: -1 Reason code: 0 Reason Text: null, diversionInfo =, additional call info =MsimAdditionalCallInfo additional code : -1, audio quality =AudioQuality codec : 0 computed audio quality : -1] [SUB0]
03-04 11:27:39.065  9966  9966 I Dialer  : ImsVideoCall.isAvailable - null video call
03-04 11:27:39.067  2960  3817 I QImsService: ImsSenderRxr : InCall VoicePrivacy is disabled[SUB0]
03-04 11:27:39.068  9966  9966 I Dialer  : ImsVideoCall.isAvailable - null video call
03-04 11:27:39.068  9966  9966 I Dialer  : CallList.onUpdateCall - [DialerCall_1, INCOMING, [Capabilities: CAPABILITY_SUPPORT_HOLD CAPABILITY_MUTE CAPABILITY_SUPPORTS_VT_REMOTE_RX CAPABILITY_SUPPORTS_VT_REMOTE_TX CAPABILITY_SUPPORTS_VT_REMOTE_BIDIRECTIONAL], [Properties: PROPERTY_HIGH_DEF_AUDIO], children:[], parent:null, conferenceable:[], videoState:Audio Only, mSessionModificationState:0, CameraDir:-1]
03-04 11:27:39.068  9966  9966 I Dialer  : ReturnToCallController.hide - hide() called without calling show()
03-04 11:27:39.068  9966  9966 I Dialer  : InCallPresenter.onCallListChange - Phone switching state: INCOMING -> INCOMING
03-04 11:27:39.070  9966  9966 I Dialer  : VideoPauseController.onStateChange - hasPrimaryCallChanged: false, videoCanPause: false, isInBackground: false
03-04 11:27:39.071  9966  9966 I Dialer  : InCallPresenter.onBringToForeground - Bringing UI to foreground.
03-04 11:27:39.072  9966  9966 I Dialer  : InCallPresenter.showInCall - Showing InCallActivity
03-04 11:27:39.074  2881  3368 I QcrilOemhookMsgTunnel: [0]processOemHookIndication length=63
03-04 11:27:39.075  2960  3817 I QImsService: ImsRadioResponseHidl : Got answer response from ImsRadio.
03-04 11:27:39.075  2960  3817 I QImsService: ImsSenderRxr : [0024]< REQUEST_ANSWER [SUB0]
03-04 11:27:39.075  2960  2960 I QImsService: ImsServiceSubHandler : Message received: what = 1
03-04 11:27:39.075  2960  2960 I QImsService: ImsServiceSub : [0] >handleCalls
03-04 11:27:39.075  2960  2960 I QImsService: ImsServiceSub : [0] handleCalls: dc = id=1,INCOMING,toa=129,norm,mt,0,voc,noevp,,cli=1,,1Call Details = 0 2 callSubState 0 videoPauseState2 mediaId4 Rtt mode 0 Local Ability isValid = true type = 0 status = 1 rttMode = 0 accTechStatus  mode = 14 Status = 2 restrictCause = 0 registered = 0 Peer Ability isValid = true type = 0 status = 2 rttMode = 0 accTechStatus  mode = 14 Status = 2 restrictCause = 0 registered = 0isValid = true type = 3 status = 2 rttMode = 0 accTechStatus  mode = 14 Status = 2 restrictCause = 0 registered = 0 Cause code 0 sipAlternateUri null, null,CallFailCause Code= 0,CallFailCause String= null, isEncrypted=false, historyInfo=, Conf. Support=0, {MultiIdentity Line Info : msisdn =  , line type = 0 , line status = 0}, isTirOverwriteAllowed=false, isPreparatory=false, CRS data=CrsData crsType: 0 originalCallType: 0, Call progress Info = CallProgressInfo Type: -1 Reason code: 0 Reason Text: null, diversionInfo =, additional call info =MsimAdditionalCallInfo additional code : -1, audio quality =AudioQuality codec : 0 computed audio quality : -1
03-04 11:27:39.075  2960  2960 I QImsService: ImsCallSessionImpl : updateCall for id=1,INCOMING,toa=129,norm,mt,0,voc,noevp,,cli=1,,1Call Details = 0 2 callSubState 0 videoPauseState2 mediaId4 Rtt mode 0 Local Ability isValid = true type = 0 status = 1 rttMode = 0 accTechStatus  mode = 14 Status = 2 restrictCause = 0 registered = 0 Peer Ability isValid = true type = 0 status = 2 rttMode = 0 accTechStatus  mode = 14 Status = 2 restrictCause = 0 registered = 0isValid = true type = 3 status = 2 rttMode = 0 accTechStatus  mode = 14 Status = 2 restrictCause = 0 registered = 0 Cause code 0 sipAlternateUri null, null,CallFailCause Code= 0,CallFailCause String= null, isEncrypted=false, historyInfo=, Conf. Support=0, {MultiIdentity Line Info : msisdn =  , line type = 0 , line status = 0}, isTirOverwriteAllowed=false, isPreparatory=false, CRS data=CrsData crsType: 0 originalCallType: 0, Call progress Info = CallProgressInfo Type: -1 Reason code: 0 Reason Text: null, diversionInfo =, additional call info =MsimAdditionalCallInfo additional code : -1, audio quality =AudioQuality codec : 0 computed audio quality : -1
03-04 11:27:39.075  2960  2960 I QImsService: ImsCallSessionImpl : updateImsCallProfile :: Packing encryption=false in mCallProfile's extras.
03-04 11:27:39.075  2960  2960 I QImsService: ImsCallSessionImpl : updateImsCallProfile :: VerstatInfo : canMarkUnwantedCall = false , verstatVerificationStatus = 0
03-04 11:27:39.076  2960  2960 I QImsService: ImsCallSessionImpl : AudioQuality is 2
03-04 11:27:39.076  2960  2960 I QImsService: ImsCallSessionImpl : updateImsCallProfile :: Packing encryption=false in mCallProfile's extras.
03-04 11:27:39.076  2960  2960 I QImsService: ImsCallSessionImpl : updateImsCallProfile :: VerstatInfo : canMarkUnwantedCall = false , verstatVerificationStatus = 0
03-04 11:27:39.076  2960  2960 I QImsService: ImsCallSessionImpl : updateLocalDc is true
03-04 11:27:39.076  2960  2960 I QImsService: ImsCallSessionCallbackHandler : posting to handler
03-04 11:27:39.076  2960  2960 I QImsService: ImsCallSessionImplHandler : Message received: what = 2
03-04 11:27:39.077  2960 11348 I QImsService: ImsCallSessionCallbackHandler : callSessionUpdated :: profile={ serviceType=1, callType=2, restrictCause=0, mediaProfile={ audioQuality=0, audioDirection=3, audioCodecAttribute=null, videoQuality=0, videoDirection=-1, rttMode=0, hasRttAudioSpeech=false }, emergencyServiceCategories=0, emergencyUrns=[], emergencyCallRouting=0, emergencyCallTesting=false, hasKnownUserIntentEmergency=false, mRestrictCause=0, mCallerNumberVerstat= 0, mAcceptedRtpHeaderExtensions= {} }
03-04 11:27:39.080  2960  3817 I QImsService: ImsRadioIndicationHidl : onCallStateChanged_1_5()
03-04 11:27:39.082  2960  3817 I QImsService: ImsRadioIndicationHidl : onCallStateChanged_1_6()
03-04 11:27:39.082  2960  3817 I QImsService: ImsRadioIndicationHidl : onCallStateChanged_1_7()
03-04 11:27:39.082  2960  3817 I QImsService: ImsRadioIndicationHidl : onCallStateChanged_1_8()
03-04 11:27:39.083  2960  3817 I QImsService: Class : Num of SrvUpdates = 2
03-04 11:27:39.083  2960  3817 I QImsService: Class :  networkMode = 14 status = 2 restrictCause = 0 registered = 0
03-04 11:27:39.083  2960  3817 I QImsService: Class : RTT: copySrvStatusList rtt mode = 0
03-04 11:27:39.083  2960  3817 I QImsService: Class : RTT: copySrvStatusList rtt mode = 0
03-04 11:27:39.083  2960  3817 I QImsService: Class : Num of SrvUpdates = 2
03-04 11:27:39.083  2960  3817 I QImsService: Class : RTT: copySrvStatusList rtt mode = 0
03-04 11:27:39.083  2960  3817 I QImsService: Class : RTT: copySrvStatusList rtt mode = 0
03-04 11:27:39.084  2960  3817 I QImsService: Class : Call Details =  0 2 callSubState 0 videoPauseState2 mediaId4 Rtt mode 0 Local Ability isValid = true type = 0 status = 2 rttMode = 0 accTechStatus  mode = 14 Status = 2 restrictCause = 0 registered = 0isValid = true type = 3 status = 0 rttMode = 0 accTechStatus  mode = 14 Status = 0 restrictCause = 1 registered = 0 Peer Ability isValid = true type = 0 status = 2 rttMode = 0 accTechStatus  mode = 14 Status = 2 restrictCause = 0 registered = 0isValid = true type = 3 status = 2 rttMode = 0 accTechStatus  mode = 14 Status = 2 restrictCause = 0 registered = 0 Cause code 0 sipAlternateUri null, null
03-04 11:27:39.084  2960  3817 I QImsService: ImsSenderRxr : [UNSL]< UNSOL_RESPONSE_CALL_STATE_CHANGED  [id=1,ACTIVE,toa=129,norm,mt,0,voc,noevp,,cli=1,,1Call Details = 0 2 callSubState 0 videoPauseState2 mediaId4 Rtt mode 0 Local Ability isValid = true type = 0 status = 2 rttMode = 0 accTechStatus  mode = 14 Status = 2 restrictCause = 0 registered = 0isValid = true type = 3 status = 0 rttMode = 0 accTechStatus  mode = 14 Status = 0 restrictCause = 1 registered = 0 Peer Ability isValid = true type = 0 status = 2 rttMode = 0 accTechStatus  mode = 14 Status = 2 restrictCause = 0 registered = 0isValid = true type = 3 status = 2 rttMode = 0 accTechStatus  mode = 14 Status = 2 restrictCause = 0 registered = 0 Cause code 0 sipAlternateUri null, null,CallFailCause Code= 0,CallFailCause String= null, isEncrypted=false, historyInfo=, Conf. Support=3, {MultiIdentity Line Info : msisdn =  , line type = 0 , line status = 0}, isTirOverwriteAllowed=false, isPreparatory=false, CRS data=CrsData crsType: 0 originalCallType: 0, Call progress Info = CallProgressInfo Type: -1 Reason code: 0 Reason Text: null, diversionInfo =, additional call info =MsimAdditionalCallInfo additional code : -1, audio quality =AudioQuality codec : 0 computed audio quality : -1] [SUB0]
03-04 11:27:39.084  2960  3817 I QImsService: ImsSenderRxr : InCall VoicePrivacy is disabled[SUB0]
03-04 11:27:39.086  2270  6816 I ActivityTaskManager: START u0 {act=android.intent.action.MAIN flg=0x10040000 cmp=com.sonymobile.android.dialer/com.android.incallui.InCallActivity (has extras)} from uid 10159
03-04 11:27:39.087  2270  2306 I EventSequenceValidator: Transition from INTENT_STARTED to INTENT_FAILED
03-04 11:27:39.087  2270  2404 I input_focus: [Focus leaving 3fa0047 com.sonymobile.android.dialer/com.android.dialer.main.impl.MainActivity (server),reason=NO_WINDOW]
03-04 11:27:39.088  1019  1019 E ANDR-PERF-REQUEST: Translate to physical failed
03-04 11:27:39.088  1019  1019 E ANDR-PERF-REQUEST: Translate to physical failed
03-04 11:27:39.089  1019  1221 E ANDR-PERF-RESOURCEQS: Failed to apply optimization [2, 0]
03-04 11:27:39.089  1019  1221 E ANDR-PERF-RESOURCEQS: Failed to apply optimization [2, 0]
03-04 11:27:39.089  1019  1221 E ANDR-PERF-RESOURCEQS: Failed to apply optimization [2, 0]
03-04 11:27:39.089  1019  1221 E ANDR-PERF-RESOURCEQS: Failed to apply optimization [2, 0]
03-04 11:27:39.089  1019  1221 E ANDR-PERF-RESOURCEQS: Failed to apply optimization [2, 0]
03-04 11:27:39.089  1019  1221 E ANDR-PERF-RESOURCEQS: Failed to apply optimization [2, 0]
03-04 11:27:39.090  2270  6816 I wm_new_intent: [0,255537598,29,com.sonymobile.android.dialer/com.android.incallui.InCallActivity,android.intent.action.MAIN,NULL,NULL,277086208]
03-04 11:27:39.091  2270  6816 I wm_task_moved: [29,1,7]
03-04 11:27:39.092  2270  6816 I wm_set_resumed_activity: [0,com.sonymobile.android.dialer/com.android.incallui.InCallActivity,positionChildAt]
03-04 11:27:39.092  3194  3504 I ImsCall : callSessionUpdated :: session=[ImsCallSession objId:31192915 state:IDLE callId:1] profile={ serviceType=1, callType=2, restrictCause=0, mediaProfile={ audioQuality=0, audioDirection=3, audioCodecAttribute=null, videoQuality=0, videoDirection=-1, rttMode=0, hasRttAudioSpeech=false }, emergencyServiceCategories=0, emergencyUrns=[], emergencyCallRouting=0, emergencyCallTesting=false, hasKnownUserIntentEmergency=false, mRestrictCause=0, mCallerNumberVerstat= 0, mAcceptedRtpHeaderExtensions= [] } ImsCall=[ImsCall objId:221628560 onHold:N mute:N mCallProfile:{ serviceType=1, callType=2, restrictCause=0, mediaProfile={ audioQuality=0, audioDirection=3, audioCodecAttribute=null, videoQuality=0, videoDirection=-1, rttMode=0, hasRttAudioSpeech=false }, emergencyServiceCategories=0, emergencyUrns=[], emergencyCallRouting=0, emergencyCallTesting=false, hasKnownUserIntentEmergency=false, mRestrictCause=0, mCallerNumberVerstat= 0, mAcceptedRtpHeaderExtensions= [] } networkType:13 updateRequest:NONE merging:N merge action pending:N merged:N multiParty:N confHost:N buried term:N isVideo: N wasVideo: N isWifi: N session:[ImsCallSession objId:31192915 state:IDLE callId:1] transientSession:null]
03-04 11:27:39.092  3194  3504 D ImsPhoneCallTracker: [0] onCallUpdated
03-04 11:27:39.092  3194  3504 D ImsPhoneCallTracker: [0] onCallUpdated: profile is { serviceType=1, callType=2, restrictCause=0, mediaProfile={ audioQuality=0, audioDirection=3, audioCodecAttribute=null, videoQuality=0, videoDirection=-1, rttMode=0, hasRttAudioSpeech=false }, emergencyServiceCategories=0, emergencyUrns=[], emergencyCallRouting=0, emergencyCallTesting=false, hasKnownUserIntentEmergency=false, mRestrictCause=0, mCallerNumberVerstat= 0, mAcceptedRtpHeaderExtensions= [] }
03-04 11:27:39.092  3194  3504 D ImsPhoneCallTracker: [0] processCallStateChange state=INCOMING cause=0 ignoreState=true
03-04 11:27:39.093  3194  3504 V ImsPhoneConnection: update localCallProfile={ serviceType=1, callType=2, restrictCause=0, mediaProfile={ audioQuality=2, audioDirection=3, audioCodecAttribute=null, videoQuality=0, videoDirection=-1, rttMode=0, hasRttAudioSpeech=false }, emergencyServiceCategories=0, emergencyUrns=[], emergencyCallRouting=0, emergencyCallTesting=false, hasKnownUserIntentEmergency=false, mRestrictCause=0, mCallerNumberVerstat= 0, mAcceptedRtpHeaderExtensions= [] }
03-04 11:27:39.093  3194  3504 I ImsPhoneConnection: applyLocalCallCapabilities - localProfile = { serviceType=1, callType=2, restrictCause=0, mediaProfile={ audioQuality=2, audioDirection=3, audioCodecAttribute=null, videoQuality=0, videoDirection=-1, rttMode=0, hasRttAudioSpeech=false }, emergencyServiceCategories=0, emergencyUrns=[], emergencyCallRouting=0, emergencyCallTesting=false, hasKnownUserIntentEmergency=false, mRestrictCause=0, mCallerNumberVerstat= 0, mAcceptedRtpHeaderExtensions= [] }
03-04 11:27:39.093  3194  3504 V ImsPhoneConnection: update remoteCallProfile={ serviceType=1, callType=3, restrictCause=0, mediaProfile={ audioQuality=0, audioDirection=3, audioCodecAttribute=null, videoQuality=0, videoDirection=-1, rttMode=0, hasRttAudioSpeech=false }, emergencyServiceCategories=0, emergencyUrns=[], emergencyCallRouting=0, emergencyCallTesting=false, hasKnownUserIntentEmergency=false, mRestrictCause=0, mCallerNumberVerstat= 0, mAcceptedRtpHeaderExtensions= [] }
03-04 11:27:39.093  3194  3504 W ImsPhoneConnection: applyRemoteCallCapabilities - remoteProfile = { serviceType=1, callType=3, restrictCause=0, mediaProfile={ audioQuality=0, audioDirection=3, audioCodecAttribute=null, videoQuality=0, videoDirection=-1, rttMode=0, hasRttAudioSpeech=false }, emergencyServiceCategories=0, emergencyUrns=[], emergencyCallRouting=0, emergencyCallTesting=false, hasKnownUserIntentEmergency=false, mRestrictCause=0, mCallerNumberVerstat= 0, mAcceptedRtpHeaderExtensions= [] }
03-04 11:27:39.093  3194  3504 D ImsPhoneConnection: updateAddressDisplay: callId = TC@2_1 address = [n6KN5f4kwY_sm5VFQiUC5_LcFp0] name = [ZJUQYMU2ZOdsx0__i4S5EDtTWaM] nump = 1 namep = 1
03-04 11:27:39.094  3194  3504 I ImsPhoneConnection: maybeChangeRingbackState
03-04 11:27:39.094  3194  3504 I ImsPhoneCall: maybeChangeRingbackState: state=INCOMING
03-04 11:27:39.094  2960  3842 I QImsService: ImsCallSessionImpl : getImsVideoCallProvider: Video call provider is null
03-04 11:27:39.096  2960  2960 I QImsService: ImsServiceSubHandler : Message received: what = 1
03-04 11:27:39.096  2960  2960 I QImsService: ImsServiceSub : [0] >handleCalls
03-04 11:27:39.096  2960  2960 I QImsService: ImsServiceSub : [0] handleCalls: dc = id=1,ACTIVE,toa=129,norm,mt,0,voc,noevp,,cli=1,,1Call Details = 0 2 callSubState 0 videoPauseState2 mediaId4 Rtt mode 0 Local Ability isValid = true type = 0 status = 2 rttMode = 0 accTechStatus  mode = 14 Status = 2 restrictCause = 0 registered = 0isValid = true type = 3 status = 0 rttMode = 0 accTechStatus  mode = 14 Status = 0 restrictCause = 1 registered = 0 Peer Ability isValid = true type = 0 status = 2 rttMode = 0 accTechStatus  mode = 14 Status = 2 restrictCause = 0 registered = 0isValid = true type = 3 status = 2 rttMode = 0 accTechStatus  mode = 14 Status = 2 restrictCause = 0 registered = 0 Cause code 0 sipAlternateUri null, null,CallFailCause Code= 0,CallFailCause String= null, isEncrypted=false, historyInfo=, Conf. Support=3, {MultiIdentity Line Info : msisdn =  , line type = 0 , line status = 0}, isTirOverwriteAllowed=false, isPreparatory=false, CRS data=CrsData crsType: 0 originalCallType: 0, Call progress Info = CallProgressInfo Type: -1 Reason code: 0 Reason Text: null, diversionInfo =, additional call info =MsimAdditionalCallInfo additional code : -1, audio quality =AudioQuality codec : 0 computed audio quality : -1
03-04 11:27:39.096  2960  2960 I QImsService: ImsCallSessionImpl : updateCall for id=1,ACTIVE,toa=129,norm,mt,0,voc,noevp,,cli=1,,1Call Details = 0 2 callSubState 0 videoPauseState2 mediaId4 Rtt mode 0 Local Ability isValid = true type = 0 status = 2 rttMode = 0 accTechStatus  mode = 14 Status = 2 restrictCause = 0 registered = 0isValid = true type = 3 status = 0 rttMode = 0 accTechStatus  mode = 14 Status = 0 restrictCause = 1 registered = 0 Peer Ability isValid = true type = 0 status = 2 rttMode = 0 accTechStatus  mode = 14 Status = 2 restrictCause = 0 registered = 0isValid = true type = 3 status = 2 rttMode = 0 accTechStatus  mode = 14 Status = 2 restrictCause = 0 registered = 0 Cause code 0 sipAlternateUri null, null,CallFailCause Code= 0,CallFailCause String= null, isEncrypted=false, historyInfo=, Conf. Support=3, {MultiIdentity Line Info : msisdn =  , line type = 0 , line status = 0}, isTirOverwriteAllowed=false, isPreparatory=false, CRS data=CrsData crsType: 0 originalCallType: 0, Call progress Info = CallProgressInfo Type: -1 Reason code: 0 Reason Text: null, diversionInfo =, additional call info =MsimAdditionalCallInfo additional code : -1, audio quality =AudioQuality codec : 0 computed audio quality : -1
03-04 11:27:39.096  2960  2960 I QImsService: ImsCallSessionImpl : updateImsCallProfile :: Packing encryption=false in mCallProfile's extras.
03-04 11:27:39.096  2960  2960 I QImsService: ImsCallSessionImpl : updateImsCallProfile :: VerstatInfo : canMarkUnwantedCall = false , verstatVerificationStatus = 0
03-04 11:27:39.097  2960  2960 I QImsService: ImsCallSessionImpl : AudioQuality is 2
03-04 11:27:39.097  2960  2960 I QImsService: ImsCallSessionImpl : updateImsCallProfile :: Packing encryption=false in mCallProfile's extras.
03-04 11:27:39.097  2960  2960 I QImsService: ImsCallSessionImpl : updateImsCallProfile :: VerstatInfo : canMarkUnwantedCall = false , verstatVerificationStatus = 0
03-04 11:27:39.097  2960  2960 I QImsService: ImsCallSessionCallbackHandler : posting to handler
03-04 11:27:39.097  2960  2960 I QImsService: ImsCallSessionImpl : updateLocalDc is true
03-04 11:27:39.098  2960  2960 I QImsService: ImsCallSessionCallbackHandler : posting to handler
03-04 11:27:39.099  2960 11348 I QImsService: ImsCallSessionCallbackHandler : callSessionInitiated :: profile={ serviceType=1, callType=2, restrictCause=0, mediaProfile={ audioQuality=0, audioDirection=3, audioCodecAttribute=null, videoQuality=0, videoDirection=-1, rttMode=0, hasRttAudioSpeech=false }, emergencyServiceCategories=0, emergencyUrns=[], emergencyCallRouting=0, emergencyCallTesting=false, hasKnownUserIntentEmergency=false, mRestrictCause=0, mCallerNumberVerstat= 0, mAcceptedRtpHeaderExtensions= {} }
03-04 11:27:39.099  2960 11348 I QImsService: ImsCallSessionCallbackHandler : callSessionUpdated :: profile={ serviceType=1, callType=2, restrictCause=0, mediaProfile={ audioQuality=0, audioDirection=3, audioCodecAttribute=null, videoQuality=0, videoDirection=-1, rttMode=0, hasRttAudioSpeech=false }, emergencyServiceCategories=0, emergencyUrns=[], emergencyCallRouting=0, emergencyCallTesting=false, hasKnownUserIntentEmergency=false, mRestrictCause=0, mCallerNumberVerstat= 0, mAcceptedRtpHeaderExtensions= {} }
03-04 11:27:39.103  3194  3194 D SST     : [0] handleMessage: received event 12
03-04 11:27:39.103  2881  3368 D QtiRadiohidlIndication: onSignalStrengthChange: slotId = 0
03-04 11:27:39.103  2881  3368 D QtiRadioProxy: onSignalStrength slotId = 0 signalStrength = SignalStrength: Rsrp: -32768 Snr: -32768
03-04 11:27:39.104  2881  3490 D QtiRadioProxyHandler: : handleMessage msg.what = 11
03-04 11:27:39.104  2881  3490 D QtiRadioProxyHandler: : EVENT_ON_SIGNAL_STRENGTH
03-04 11:27:39.104  2881  3490 D QtiRadioProxy: onSignalStrength: Responding back for transaction = null
03-04 11:27:39.108  3194  3505 D ExtPhoneCallbackBase: UNIMPLEMENTED: onSignalStrength: slotId = 0 token = Token: -1 statusStatus: 1 signalStrength = SignalStrength: Rsrp: -32768 Snr: -32768
03-04 11:27:39.109  2881  3490 D QtiRadioProxy: onSignalStrength: Responding back for transaction = null
03-04 11:27:39.109  3194  3505 D ExtPhoneCallbackBase: UNIMPLEMENTED: onSignalStrength: slotId = 0 token = Token: -1 statusStatus: 1 signalStrength = SignalStrength: Rsrp: -32768 Snr: -32768
03-04 11:27:39.109  2881  3490 D QtiRadioProxy: onSignalStrength: Responding back for transaction = null
03-04 11:27:39.110  3194  3505 D ExtPhoneCallbackBase: UNIMPLEMENTED: onSignalStrength: slotId = 0 token = Token: -1 statusStatus: 1 signalStrength = SignalStrength: Rsrp: -32768 Snr: -32768
03-04 11:27:39.110  2881  3490 D QtiRadioProxy: onSignalStrength: Responding back for transaction = null
03-04 11:27:39.110  3139  3139 D TransmitPower: AccSensorObserverMOTION_DETECTION:onMotionStateChanged() : isStable = false
03-04 11:27:39.110  3139  3139 D TransmitPower: AccSensorObserverBHH_DETECTION:onBHHDetected() : isDetected = false
03-04 11:27:39.110  3139  3139 D TransmitPower: AccSensorObserverBHH_DIRECTION:onBHHStateChanged() : isRightSide = false
03-04 11:27:39.110  2543  2816 D ExtPhoneCallbackBase: UNIMPLEMENTED: onSignalStrength: slotId = 0 token = Token: -1 statusStatus: 1 signalStrength = SignalStrength: Rsrp: -32768 Snr: -32768
03-04 11:27:39.112  3194  3505 D Phone   : isImsCapabilityAvailable, capability=1, regTech=1, isAvailable=false
03-04 11:27:39.113  3194  3504 I ImsCall : callSessionStarted :: session=[ImsCallSession objId:31192915 state:ESTABLISHED callId:1] profile={ serviceType=1, callType=2, restrictCause=0, mediaProfile={ audioQuality=0, audioDirection=3, audioCodecAttribute=null, videoQuality=0, videoDirection=-1, rttMode=0, hasRttAudioSpeech=false }, emergencyServiceCategories=0, emergencyUrns=[], emergencyCallRouting=0, emergencyCallTesting=false, hasKnownUserIntentEmergency=false, mRestrictCause=0, mCallerNumberVerstat= 0, mAcceptedRtpHeaderExtensions= [] } ImsCall=[ImsCall objId:221628560 onHold:N mute:N mCallProfile:{ serviceType=1, callType=2, restrictCause=0, mediaProfile={ audioQuality=0, audioDirection=3, audioCodecAttribute=null, videoQuality=0, videoDirection=-1, rttMode=0, hasRttAudioSpeech=false }, emergencyServiceCategories=0, emergencyUrns=[], emergencyCallRouting=0, emergencyCallTesting=false, hasKnownUserIntentEmergency=false, mRestrictCause=0, mCallerNumberVerstat= 0, mAcceptedRtpHeaderExtensions= [] } networkType:13 updateRequest:NONE merging:N merge action pending:N merged:N multiParty:N confHost:N buried term:N isVideo: N wasVideo: N isWifi: N session:[ImsCallSession objId:31192915 state:ESTABLISHED callId:1] transientSession:null]
03-04 11:27:39.113  3194  3504 D ImsPhoneCallTracker: [0] onCallStarted
03-04 11:27:39.114  3194  3504 D ImsPhoneCallTracker: [0] processCallStateChange [ImsCall objId:221628560 onHold:N mute:N mCallProfile:{ serviceType=1, callType=2, restrictCause=0, mediaProfile={ audioQuality=0, audioDirection=3, audioCodecAttribute=null, videoQuality=0, videoDirection=-1, rttMode=0, hasRttAudioSpeech=false }, emergencyServiceCategories=0, emergencyUrns=[], emergencyCallRouting=0, emergencyCallTesting=false, hasKnownUserIntentEmergency=false, mRestrictCause=0, mCallerNumberVerstat= 0, mAcceptedRtpHeaderExtensions= [] } networkType:13 updateRequest:NONE merging:N merge action pending:N merged:N multiParty:N confHost:N buried term:N isVideo: N wasVideo: N isWifi: N session:[ImsCallSession objId:31192915 state:ESTABLISHED callId:1] transientSession:null] state=ACTIVE cause=0
03-04 11:27:39.114  3194  3504 D ImsPhoneCallTracker: [0] processCallStateChange state=ACTIVE cause=0 ignoreState=false
03-04 11:27:39.115  3194  3569 D Phone   : isImsCapabilityAvailable, capability=2, regTech=1, isAvailable=false
03-04 11:27:39.115  3194  3504 V ImsPhoneConnection: update localCallProfile={ serviceType=1, callType=2, restrictCause=0, mediaProfile={ audioQuality=2, audioDirection=3, audioCodecAttribute=null, videoQuality=0, videoDirection=-1, rttMode=0, hasRttAudioSpeech=false }, emergencyServiceCategories=0, emergencyUrns=[], emergencyCallRouting=0, emergencyCallTesting=false, hasKnownUserIntentEmergency=false, mRestrictCause=0, mCallerNumberVerstat= 0, mAcceptedRtpHeaderExtensions= [] }
03-04 11:27:39.115  3194  3504 I ImsPhoneConnection: applyLocalCallCapabilities - localProfile = { serviceType=1, callType=2, restrictCause=0, mediaProfile={ audioQuality=2, audioDirection=3, audioCodecAttribute=null, videoQuality=0, videoDirection=-1, rttMode=0, hasRttAudioSpeech=false }, emergencyServiceCategories=0, emergencyUrns=[], emergencyCallRouting=0, emergencyCallTesting=false, hasKnownUserIntentEmergency=false, mRestrictCause=0, mCallerNumberVerstat= 0, mAcceptedRtpHeaderExtensions= [] }
03-04 11:27:39.115  3194  3504 V ImsPhoneConnection: update remoteCallProfile={ serviceType=1, callType=3, restrictCause=0, mediaProfile={ audioQuality=0, audioDirection=3, audioCodecAttribute=null, videoQuality=0, videoDirection=-1, rttMode=0, hasRttAudioSpeech=false }, emergencyServiceCategories=0, emergencyUrns=[], emergencyCallRouting=0, emergencyCallTesting=false, hasKnownUserIntentEmergency=false, mRestrictCause=0, mCallerNumberVerstat= 0, mAcceptedRtpHeaderExtensions= [] }
03-04 11:27:39.115  3194  3504 W ImsPhoneConnection: applyRemoteCallCapabilities - remoteProfile = { serviceType=1, callType=3, restrictCause=0, mediaProfile={ audioQuality=0, audioDirection=3, audioCodecAttribute=null, videoQuality=0, videoDirection=-1, rttMode=0, hasRttAudioSpeech=false }, emergencyServiceCategories=0, emergencyUrns=[], emergencyCallRouting=0, emergencyCallTesting=false, hasKnownUserIntentEmergency=false, mRestrictCause=0, mCallerNumberVerstat= 0, mAcceptedRtpHeaderExtensions= [] }
03-04 11:27:39.115  3194  3504 D ImsPhoneConnection: onConnectedInOrOut: connectTime=1646364459115
03-04 11:27:39.116  3194  3504 D ImsPhoneConnection: releaseWakeLock
03-04 11:27:39.117  3194  3504 I ImsPhoneCall: maybeChangeRingbackState: state=ACTIVE
03-04 11:27:39.117  3194  3504 D ImsPhoneConnection: updateAddressDisplay: callId = TC@2_1 address = [n6KN5f4kwY_sm5VFQiUC5_LcFp0] name = [ZJUQYMU2ZOdsx0__i4S5EDtTWaM] nump = 1 namep = 1
03-04 11:27:39.118  3194  3504 V ImsPhoneConnection: update localCallProfile={ serviceType=1, callType=2, restrictCause=0, mediaProfile={ audioQuality=2, audioDirection=3, audioCodecAttribute=null, videoQuality=0, videoDirection=-1, rttMode=0, hasRttAudioSpeech=false }, emergencyServiceCategories=0, emergencyUrns=[], emergencyCallRouting=0, emergencyCallTesting=false, hasKnownUserIntentEmergency=false, mRestrictCause=0, mCallerNumberVerstat= 0, mAcceptedRtpHeaderExtensions= [] }
