03-04 15:07:47.767 10726 10726 I TelecomFramework: TelephonyConnectionService: createConnection, callManagerAccount: ComponentInfo{com.android.phone/com.android.services.telephony.TelephonyConnectionService}, ***, UserHandle{0}, callId: TC@4_1, request: ConnectionRequest xxxxxxxxxxxxxxx Bundle[android.telecom.extra.INCOMING_CALL_ADDRESS=***, android.telecom.extra.CALL_CREATED_TIME_MILLIS=627199, android.telecom.extra.CALL_TELECOM_ROUTING_START_TIME_MILLIS=627229, ] isAdhocConf: N, isIncoming: true, isUnknown: false, isLegacyHandover: false, isHandover: false,  addSelfManaged: true: (SBC.oSC)->CS.crCo->H.CS.crCo->H.CS.crCo.pICR(cap/cast)@E-CEI
03-04 15:07:47.768 10726 10726 I Telephony: onCreateIncomingConnection, request: ConnectionRequest xxxxxxxxxxxxxxx Bundle[android.telecom.extra.INCOMING_CALL_ADDRESS=***, android.telecom.extra.CALL_CREATED_TIME_MILLIS=627199, android.telecom.extra.CALL_TELECOM_ROUTING_START_TIME_MILLIS=627229, ] isAdhocConf: N
03-04 15:07:47.769 10726 10726 I Telephony: setOriginalConnection: TelephonyConnection, originalConnection:  callId: null objId: 207452315 isExternal: N incoming: true state: INCOMING post dial state: NOT_STARTED
03-04 15:07:47.769 10726 10726 I Telephony: GsmConnection: registerForCallEvents; phone=Handler (com.qualcomm.qti.internal.telephony.QtiGsmCdmaPhone) {71951f3}
03-04 15:07:47.770 10726 10726 D Telephony: buildConnectionCapabilities: isHoldable = false State = 1 capabilities = 262144
03-04 15:07:47.773 10726 10726 D Telephony: GsmConnection: setIsNetworkIdentifiedEmergencyCall; callId=TC@4_1, isNetworkIdentifiedEmergencyCall=false
03-04 15:07:47.776 10726 10726 V Telephony: GsmConnection: Update state from IDLE to INCOMING for TC@4_1
03-04 15:07:47.776 10726 10726 V Telephony: onStateChanged, state: RINGING
03-04 15:07:47.776 10726 10726 D Telephony: buildConnectionCapabilities: isHoldable = false State = 2 capabilities = 262144
03-04 15:07:47.779 10726 10726 D Telephony: buildConnectionCapabilities: isHoldable = false State = 2 capabilities = 262144
03-04 15:07:47.782 10726 10726 V Telephony: updateAddress, address changed
03-04 15:07:47.785 10726 10726 V Telephony: updateAddress, caller display name changed
03-04 15:07:47.791 10726 10726 V Telephony: GsmConnection: refreshConferenceSupported : isConfSupp=true, isImsConfSupp=true, isVidConfSupp=false, isMergeOfWifiAllowed=true, isWifi=false, isVoWifiEnabled=false
03-04 15:07:47.791 10726 10726 D Telephony: refreshConferenceSupported = true.
03-04 15:07:47.793 10726 10726 D Telephony: Adding GSM connection to conference controller: [TelephonyConnection objId:54138957 telecomCallID:TC@4_1 type:gsm state:RINGING capabilities:[Capabilities: CAPABILITY_SUPPORT_HOLD CAPABILITY_MUTE CAPABILITY_CANNOT_DOWNGRADE_VIDEO_TO_AUDIO CAPABILITY_SPEED_UP_MT_AUDIO] properties:[Properties:] address:[TF3A1ha73W1ua5P7X95kCVM5Ob0] originalConnection: callId: TC@4_1 objId: 207452315 isExternal: N incoming: true state: INCOMING post dial state: NOT_STARTED partOfConf:N confSupported:Y isAdhocConf:N]
03-04 15:07:47.793 10726 10726 D Telephony: Adding GSM connection to conference controller: [TelephonyConnection objId:54138957 telecomCallID:TC@4_1 type:gsm state:RINGING capabilities:[Capabilities: CAPABILITY_SUPPORT_HOLD CAPABILITY_MUTE CAPABILITY_CANNOT_DOWNGRADE_VIDEO_TO_AUDIO CAPABILITY_SPEED_UP_MT_AUDIO] properties:[Properties:] address:[TF3A1ha73W1ua5P7X95kCVM5Ob0] originalConnection: callId: TC@4_1 objId: 207452315 isExternal: N incoming: true state: INCOMING post dial state: NOT_STARTED partOfConf:N confSupported:Y isAdhocConf:N]
03-04 15:07:47.793 10726 10726 W Telephony: TelephonyConferenceController: add - connection already tracked; connection=[TelephonyConnection objId:54138957 telecomCallID:TC@4_1 type:gsm state:RINGING capabilities:[Capabilities: CAPABILITY_SUPPORT_HOLD CAPABILITY_MUTE CAPABILITY_CANNOT_DOWNGRADE_VIDEO_TO_AUDIO CAPABILITY_SPEED_UP_MT_AUDIO] properties:[Properties:] address:[TF3A1ha73W1ua5P7X95kCVM5Ob0] originalConnection: callId: TC@4_1 objId: 207452315 isExternal: N incoming: true state: INCOMING post dial state: NOT_STARTED partOfConf:N confSupported:Y isAdhocConf:N]
03-04 15:07:47.794 10726 10726 D Telephony: Removing connection from IMS conference controller: [TelephonyConnection objId:54138957 telecomCallID:TC@4_1 type:gsm state:RINGING capabilities:[Capabilities: CAPABILITY_SUPPORT_HOLD CAPABILITY_MUTE CAPABILITY_CANNOT_DOWNGRADE_VIDEO_TO_AUDIO CAPABILITY_SPEED_UP_MT_AUDIO] properties:[Properties:] address:[TF3A1ha73W1ua5P7X95kCVM5Ob0] originalConnection: callId: TC@4_1 objId: 207452315 isExternal: N incoming: true state: INCOMING post dial state: NOT_STARTED partOfConf:N confSupported:Y isAdhocConf:N]
03-04 15:07:47.794 10726 10726 D Telephony: ImsConferenceController: remove - connection not tracked; connection=[TelephonyConnection objId:54138957 telecomCallID:TC@4_1 type:gsm state:RINGING capabilities:[Capabilities: CAPABILITY_SUPPORT_HOLD CAPABILITY_MUTE CAPABILITY_CANNOT_DOWNGRADE_VIDEO_TO_AUDIO CAPABILITY_SPEED_UP_MT_AUDIO] properties:[Properties:] address:[TF3A1ha73W1ua5P7X95kCVM5Ob0] originalConnection: callId: TC@4_1 objId: 207452315 isExternal: N incoming: true state: INCOMING post dial state: NOT_STARTED partOfConf:N confSupported:Y isAdhocConf:N]
03-04 15:07:47.795 10726 10726 D Telephony: TelephonyConferenceController: Recalculate conference calls null [].
03-04 15:07:47.795 10726 10726 D Telephony: Is there a match for all connections in connection service true
03-04 15:07:47.795 10726 10726 D Telephony: not enough connections to be a conference!
03-04 15:07:47.795 10726 10726 V Telephony: TelephonyConferenceController: recalculateConferenceable : 1
03-04 15:07:47.796 10726 10726 D Telephony: TelephonyConferenceController: recalc - 2 [TelephonyConnection objId:54138957 telecomCallID:TC@4_1 type:gsm state:RINGING capabilities:[Capabilities: CAPABILITY_SUPPORT_HOLD CAPABILITY_MUTE CAPABILITY_CANNOT_DOWNGRADE_VIDEO_TO_AUDIO CAPABILITY_SPEED_UP_MT_AUDIO] properties:[Properties:] address:[TF3A1ha73W1ua5P7X95kCVM5Ob0] originalConnection: callId: TC@4_1 objId: 207452315 isExternal: N incoming: true state: INCOMING post dial state: NOT_STARTED partOfConf:N confSupported:Y isAdhocConf:N] supportsConf? true
03-04 15:07:47.796 10726 10726 V Telephony: conferenceable: 0
03-04 15:07:47.796 10726 10726 D Telephony: Removing connection from IMS conference controller: [TelephonyConnection objId:54138957 telecomCallID:TC@4_1 type:gsm state:RINGING capabilities:[Capabilities: CAPABILITY_SUPPORT_HOLD CAPABILITY_MUTE CAPABILITY_CANNOT_DOWNGRADE_VIDEO_TO_AUDIO CAPABILITY_SPEED_UP_MT_AUDIO] properties:[Properties:] address:[TF3A1ha73W1ua5P7X95kCVM5Ob0] originalConnection: callId: TC@4_1 objId: 207452315 isExternal: N incoming: true state: INCOMING post dial state: NOT_STARTED partOfConf:N confSupported:Y isAdhocConf:N]
03-04 15:07:47.796 10726 10726 D Telephony: ImsConferenceController: remove - connection not tracked; connection=[TelephonyConnection objId:54138957 telecomCallID:TC@4_1 type:gsm state:RINGING capabilities:[Capabilities: CAPABILITY_SUPPORT_HOLD CAPABILITY_MUTE CAPABILITY_CANNOT_DOWNGRADE_VIDEO_TO_AUDIO CAPABILITY_SPEED_UP_MT_AUDIO] properties:[Properties:] address:[TF3A1ha73W1ua5P7X95kCVM5Ob0] originalConnection: callId: TC@4_1 objId: 207452315 isExternal: N incoming: true state: INCOMING post dial state: NOT_STARTED partOfConf:N confSupported:Y isAdhocConf:N]
03-04 15:07:47.797 10726 10726 D Telephony: buildConnectionCapabilities: isHoldable = false State = 2 capabilities = 262144
03-04 15:07:47.799 10726 10726 D Telephony: topHoldableCount = 1
03-04 15:07:47.800 10726 10726 D Telephony: buildConnectionCapabilities: isHoldable = true State = 2 capabilities = 262144
03-04 15:07:47.802 10726 10726 D Telephony: updateExtras extras: null
03-04 15:07:47.805  2160  6939 I Telecom : Event: RecordEntry TC@4: CAPABILITY_CHANGE, Current: [[ sup_hld mut !v2a spd_aud]], Removed [[]], Added [[ sup_hld mut !v2a spd_aud]]: (...->CS.crCo->H.CS.crCo->H.CS.crCo.pICR)->CSW.hCCC(cap/cast)@E-E-CEI
03-04 15:07:47.816  2160  6939 W Telecom : AppLabelProxy: Could not determine app label. Package name is null: (...->CS.crCo->H.CS.crCo->H.CS.crCo.pICR)->CSW.hCCC(cap/cast)@E-E-CEI
03-04 15:07:47.819  2160  6939 I Telecom : AppLabelProxy: package com.google.android.dialer: name is 电话: (...->CS.crCo->H.CS.crCo->H.CS.crCo.pICR)->CSW.hCCC(cap/cast)@E-E-CEI
03-04 15:07:47.819  2160  6939 I Telecom : Event: RecordEntry TC@4: FILTERING_INITIATED, null: (...->CS.crCo->H.CS.crCo->H.CS.crCo.pICR)->CSW.hCCC(cap/cast)@E-E-CEI
03-04 15:07:47.822  2160  6939 I Telecom : IncomingCallFilterGraph: Filter com.android.server.telecom.callfiltering.CallFilter@2ade432 scheduled.: (...->CS.crCo->H.CS.crCo->H.CS.crCo.pICR)->CSW.hCCC(cap/cast)@E-E-CEI
03-04 15:07:47.824  2160 21736 I Telecom : IncomingCallFilterGraph: Filter com.android.server.telecom.callfiltering.CallFilter@2ade432 done, result: [Allow, logged, notified].: (...->CS.crCo->H.CS.crCo->H.CS.crCo.pICR)->CSW.hCCC->ICFG.sF(cap/cast)@E-E-CEI
03-04 15:07:47.825  2160 21736 I Telecom : IncomingCallFilterGraph: Filter com.android.server.telecom.callfiltering.DirectToVoicemailFilter@3d9583 scheduled.: (...->CS.crCo->H.CS.crCo->H.CS.crCo.pICR)->CSW.hCCC->ICFG.sF(cap/cast)@E-E-CEI
03-04 15:07:47.825 10726 10726 I TelecomFramework: TelephonyConnectionService: notifyCreateConnectionComplete TC@4_1: (...->CSW.hCCC)->CS.crCoC->H.CS.crCoC(cap/cast)@E-E-E-CEI
03-04 15:07:47.825  2160 21736 I Telecom : IncomingCallFilterGraph: Filter com.android.server.telecom.callfiltering.BlockCheckerFilter@418c300 scheduled.: (...->CS.crCo->H.CS.crCo->H.CS.crCo.pICR)->CSW.hCCC->ICFG.sF(cap/cast)@E-E-CEI
03-04 15:07:47.826 10726 10726 I Telephony: updatePhoneAccount setPhoneAccountHandle, account = ComponentInfo{com.android.phone/com.android.services.telephony.TelephonyConnectionService}, ***, UserHandle{0}
03-04 15:07:47.826  2160 21736 I Telecom : IncomingCallFilterGraph: Filter com.android.server.telecom.callfiltering.SomcAmFilter@bf53739 scheduled.: (...->CS.crCo->H.CS.crCo->H.CS.crCo.pICR)->CSW.hCCC->ICFG.sF(cap/cast)@E-E-CEI
03-04 15:07:47.827  2160 21736 I Telecom : Event: RecordEntry TC@4: DIRECT_TO_VM_INITIATED, null: (...->CS.crCo->H.CS.crCo->H.CS.crCo.pICR)->CSW.hCCC->ICFG.sF->ICFG.sF(cap/cast)@E-E-CEI
03-04 15:07:47.828  2160  2160 I Telecom : TelecomSystem: CallerInfoAsyncQuery.startQuery number=*** cookie=(...->CS.crCo->H.CS.crCo->H.CS.crCo.pICR)->CSW.hCCC->ICFG.sF->ICFG.sF->CILH.sL->CILH.sL(cap/cast)@E-E-CEI: (...->CS.crCo->H.CS.crCo->H.CS.crCo.pICR)->CSW.hCCC->ICFG.sF->ICFG.sF->CILH.sL(cap/cast)@E-E-CEI
03-04 15:07:47.829  2160 21736 I Telecom : Event: RecordEntry TC@4: BLOCK_CHECK_INITIATED, null: (...->CS.crCo->H.CS.crCo->H.CS.crCo.pICR)->CSW.hCCC->ICFG.sF->ICFG.sF(cap/cast)@E-E-CEI
03-04 15:07:47.830 10726 11161 D GsmCdmaPhone: [0] getVoiceMailNumber: from IccRecords number=[hQGjAiI_A49KEp4PWGhsPrjL2Lg]
03-04 15:07:47.836  2160 21736 I Telecom : CallerInfoLookupHelper: There is a previously incomplete query for handle tel:*********06. Adding to listeners for this query.: (...->CS.crCo->H.CS.crCo->H.CS.crCo.pICR)->CSW.hCCC->ICFG.sF->ICFG.sF(cap/cast)@E-E-CEI
03-04 15:07:47.838  2160 21736 I Telecom : IncomingCallFilterGraph: Filter com.android.server.telecom.callfiltering.SomcAmFilter@bf53739 done, result: [Allow, logged, notified].: (...->CS.crCo->H.CS.crCo->H.CS.crCo.pICR)->CSW.hCCC->ICFG.sF->ICFG.sF->ICFG.sF(cap/cast)@E-E-CEI
03-04 15:07:47.856  2160  2160 I Telecom : CallerInfoLookupHelper: CI query for handle tel:*********06 has completed; notifying all listeners.: (...->CS.crCo->H.CS.crCo->H.CS.crCo.pICR)->CSW.hCCC->ICFG.sF->ICFG.sF->CILH.sL->CILH.oQC(cap/cast)@E-E-CEI
03-04 15:07:47.857  2160  2160 I Telecom : Event: RecordEntry TC@4: DIRECT_TO_VM_FINISHED, null: (...->CS.crCo->H.CS.crCo->H.CS.crCo.pICR)->CSW.hCCC->ICFG.sF->ICFG.sF->CILH.sL->CILH.oQC(cap/cast)@E-E-CEI
03-04 15:07:47.857  2160 21736 I Telecom : IncomingCallFilterGraph: Filter com.android.server.telecom.callfiltering.DirectToVoicemailFilter@3d9583 done, result: [Allow, logged, notified].: (...->CS.crCo->H.CS.crCo->H.CS.crCo.pICR)->CSW.hCCC->ICFG.sF->ICFG.sF->CILH.sL->CILH.oQC->ICFG.sF(cap/cast)@E-E-CEI
03-04 15:07:47.867  2160  2160 I Telecom : CallerInfoLookupHelper: There is no photo for this contact, skipping photo query: (...->CS.crCo->H.CS.crCo->H.CS.crCo.pICR)->CSW.hCCC->ICFG.sF->ICFG.sF->CILH.sL->CILH.oQC(cap/cast)@E-E-CEI
03-04 15:07:47.907  9580 16119 I BlockedNumbers: isBlocked: NOT BLOCKED; number=*********06, e164=************06
03-04 15:07:47.910  2160 21737 I Telecom : Event: RecordEntry TC@4: BLOCK_CHECK_FINISHED, not blocked [Allow, logged, notified]: (...->CS.crCo->H.CS.crCo->H.CS.crCo.pICR)->CSW.hCCC->ICFG.sF->ICFG.sF->CILH.sL->CILH.oQC->BCF.gBS->BCF.gBS(cap/cast)@E-E-CEI
03-04 15:07:47.910  2160 21736 I Telecom : IncomingCallFilterGraph: Filter com.android.server.telecom.callfiltering.BlockCheckerFilter@418c300 done, result: [Allow, logged, notified].: (...->CS.crCo->H.CS.crCo->H.CS.crCo.pICR)->CSW.hCCC->ICFG.sF->ICFG.sF->CILH.sL->CILH.oQC->BCF.gBS->BCF.gBS->ICFG.sF(cap/cast)@E-E-CEI
03-04 15:07:47.911  2160 21736 I Telecom : IncomingCallFilterGraph: Filter com.android.server.telecom.callfiltering.CallScreeningServiceFilter@6c70f2c: null scheduled.: (...->CS.crCo->H.CS.crCo->H.CS.crCo.pICR)->CSW.hCCC->ICFG.sF->ICFG.sF->CILH.sL->CILH.oQC->BCF.gBS->BCF.gBS->ICFG.sF(cap/cast)@E-E-CEI
03-04 15:07:47.912  2160 21736 I Telecom : IncomingCallFilterGraph: Filter com.android.server.telecom.callfiltering.CallScreeningServiceFilter@6c70f2c: null done, result: [Allow, logged, notified].: (...->CS.crCo->H.CS.crCo->H.CS.crCo.pICR)->CSW.hCCC->ICFG.sF->ICFG.sF->CILH.sL->CILH.oQC->BCF.gBS->BCF.gBS->ICFG.sF->ICFG.sF->ICFG.sF(cap/cast)@E-E-CEI
03-04 15:07:47.913  2160 21736 I Telecom : IncomingCallFilterGraph: Filter com.android.server.telecom.callfiltering.CallScreeningServiceFilter@1690df5: com.google.android.dialer scheduled.: (...->CS.crCo->H.CS.crCo->H.CS.crCo.pICR)->CSW.hCCC->ICFG.sF->ICFG.sF->CILH.sL->CILH.oQC->BCF.gBS->BCF.gBS->ICFG.sF->ICFG.sF->ICFG.sF(cap/cast)@E-E-CEI
03-04 15:07:47.916  2160 21736 D CompatibilityInfo: mCompatibilityFlags - 0
03-04 15:07:47.916  2160 21736 D CompatibilityInfo: applicationDensity - 300
03-04 15:07:47.916  2160 21736 D CompatibilityInfo: applicationScale - 1.0
03-04 15:07:47.925  2160  2160 I Telecom : Event: RecordEntry TC@4: SCREENING_BOUND, ComponentInfo{com.google.android.dialer/com.android.dialer.callscreeningservice.CallScreeningServiceImpl}
03-04 15:07:47.925  2160  2160 I Telecom : CallScreeningServiceConnection: Binding completed.
03-04 15:07:47.926 20799 20799 I DialerCallScreeningServiceImpl: com.android.dialer.callscreeningservice.CallScreeningServiceImpl.handleIncomingCall:160 enter
03-04 15:07:47.927 20799 20799 I DialerCallScreeningServiceImpl: com.android.dialer.callscreeningservice.CallScreeningServiceImpl.appendRevelioSettingsMetrics:299 revelio not available
03-04 15:07:47.930 20799 20799 I DialerLogcatLoggingBindings: com.android.dialer.logging.logcat.LogcatLoggingBindings.logImpression:41 Impression: CALL_SCREENING_SERVICE_MUSIC_IS_NOT_ACTIVE
03-04 15:07:47.930 20799 20799 I DialerCallScreeningServiceImpl: com.android.dialer.callscreeningservice.CallScreeningServiceImpl.handleIncomingCall:183 music is not active during CallScreeningService
03-04 15:07:47.933 20799 20799 I DialerCountryCodeProvider: com.android.dialer.businessvoice.verifiedcall.impl.i18n.CountryCodeProvider.getSimCountryCodeInternal:83 returning Redacted-2-chars
03-04 15:07:47.935 20799 20842 I DialerStreamingGatewayGrpcClient: com.android.dialer.gatewayclient.StreamingGatewayGrpcClient.lambda$start$2:115 streaming gateway request was never modified
03-04 15:07:47.939 20799 20856 I DialerCompositeSpam: com.android.dialer.spam.composite.CompositeSpam.checkSpamStatus:240 enter
03-04 15:07:47.939 20799 20856 I DialerCompositeSpam: com.android.dialer.spam.composite.CompositeSpam.checkSpamStatusInAppCatchingAll:286 querying inAppSpam
03-04 15:07:47.942 20799 20856 I DialerCompositeSpam: com.android.dialer.spam.composite.CompositeSpam.checkSpamStatusStirShakenCatchingAll:296 stirShakenSpam disabled
03-04 15:07:47.942 20799 20856 I DialerCompositeSpam: com.android.dialer.spam.composite.CompositeSpam.checkIsSpamExempt:361 checking feature exemptions
03-04 15:07:47.946 20799 20843 I DialerLegacyCountryDetector: com.android.dialer.location.LegacyCountryDetector.getCurrentCountryIso:123 returning Redacted-2-chars
03-04 15:07:47.952 20799 20856 I DialerCompositeSpam: com.android.dialer.spam.composite.CompositeSpam.lambda$checkSpamStatus$4:270 performing full compose
03-04 15:07:47.952 20799 20856 I DialerCompositeSpam: com.android.dialer.spam.composite.CompositeSpam.checkSpamStatusPatronusCatchingAll:324 patronusSpam disabled
03-04 15:07:47.957 10939 10939 D InterruptionStateProvider: No bubble up: not allowed to bubble: 0|com.google.android.setupwizard|9|null|10207
03-04 15:07:47.959 10939 10939 D InterruptionStateProvider: No heads up: unimportant notification: 0|com.google.android.setupwizard|9|null|10207
03-04 15:07:47.964 20799 20863 I DialerLogcatLoggingBindings: com.android.dialer.logging.logcat.LogcatLoggingBindings.logImpression:41 Impression: INCOMING_CALL_SCREENED
03-04 15:07:47.971 20799 20863 I DialerCallScreeningServiceImpl: com.android.dialer.callscreeningservice.CallScreeningServiceImpl.lambda$getAcceptSilenceOrRejectCallFromNonContactFuture$5:359 isRevelioEnabled: false, isTidepodsRevelioPresent: false, isSpamBlockingEnabled: false, is Revelio Spam setting on: false
03-04 15:07:47.973 20799 20863 I DialerCountryCodeProvider: com.android.dialer.businessvoice.verifiedcall.impl.i18n.CountryCodeProvider.getSimCountryCodeInternal:83 returning Redacted-2-chars
03-04 15:07:47.973 20799 20848 I DialerCallScreeningServiceImpl: com.android.dialer.callscreeningservice.CallScreeningServiceImpl.shouldSilenceCallForRevelio:464 tidepods and legacy revelio are not available
03-04 15:07:47.974 20799 20862 I DialerCallScreeningServiceImpl: com.android.dialer.callscreeningservice.CallScreeningServiceImpl.lambda$getAcceptCallAndSilenceIfRunningRevelioFuture$7:429 allowing call from number: ***********
03-04 15:07:47.974 10939 11004 D PeopleSpaceWidgetMgr: Sbn doesn't contain valid PeopleTileKey: null/0/com.google.android.setupwizard
03-04 15:07:47.976 20799 20863 I DialerCallScreeningServiceImpl: com.android.dialer.callscreeningservice.CallScreeningServiceImpl$2.onSuccess:253 evaluated acceptSilenceOrRejectCallFuture in 38 ms
03-04 15:07:47.978  2160  2441 I Telecom : Event: RecordEntry TC@4: SCREENING_COMPLETED, [Allow, logged, notified, mCallScreeningAppName = 电话, mCallScreeningComponentName = com.google.android.dialer/com.android.dialer.callscreeningservice.CallScreeningServiceImpl]: NCSSF.aC@CEQ
03-04 15:07:47.979  2160 21736 I Telecom : IncomingCallFilterGraph: Filter com.android.server.telecom.callfiltering.CallScreeningServiceFilter@1690df5: com.google.android.dialer done, result: [Allow, logged, notified, mCallScreeningAppName = 电话, mCallScreeningComponentName = com.google.android.dialer/com.android.dialer.callscreeningservice.CallScreeningServiceImpl].: NCSSF.aC->ICFG.sF@CEQ
03-04 15:07:47.980  2160 21736 I Telecom : IncomingCallFilterGraph: Filter com.android.server.telecom.callfiltering.CallFilter@65206ad scheduled.: NCSSF.aC->ICFG.sF@CEQ
03-04 15:07:47.981  2160 21736 I Telecom : IncomingCallFilterGraph: Filter com.android.server.telecom.callfiltering.CallFilter@65206ad done, result: [Allow, logged, notified, mCallScreeningAppName = 电话, mCallScreeningComponentName = com.google.android.dialer/com.android.dialer.callscreeningservice.CallScreeningServiceImpl].: NCSSF.aC->ICFG.sF->ICFG.sF->ICFG.sF@CEQ
03-04 15:07:47.981  2160 21736 I Telecom : CallsManager: onCallFilteringComplete: NCSSF.aC->ICFG.sF->ICFG.sF->ICFG.sF@CEQ
03-04 15:07:47.982  2160 21736 I Telecom : CallsManager: setCallState NEW -> RINGING, call: [Call id=TC@4, state=NEW, tpac=ComponentInfo{com.android.phone/com.android.services.telephony.TelephonyConnectionService}, ***, UserHandle{0}, cmgr=ComponentInfo{com.android.phone/com.android.services.telephony.TelephonyConnectionService}, ***, UserHandle{0}, handle=tel:*********06, vidst=A, childs(0), has_parent(false), cap=[ sup_hld mut !v2a spd_aud], prop=[]]: NCSSF.aC->ICFG.sF->ICFG.sF->ICFG.sF@CEQ
03-04 15:07:47.983  1106  2258 W VsyncModulator: setTransactionSchedule: Unexpected EarlyEnd
03-04 15:07:47.994  1093  3306 D AF::TrackHandle: OpPlayAudio: track:65 usage:3 not muted
03-04 15:07:47.995  1093  3306 D AF::TrackHandle: OpPlayAudio: track:65 usage:3 not muted
03-04 15:07:47.995  1093  3306 D AF::TrackHandle: OpPlayAudio: track:65 usage:3 not muted
03-04 15:07:47.997  1093  3306 D AF::TrackHandle: OpPlayAudio: track:65 usage:3 not muted
03-04 15:07:47.997  1093  3306 D AF::TrackHandle: OpPlayAudio: track:65 usage:3 not muted
03-04 15:07:47.997  2160 21736 I Telecom : Event: RecordEntry TC@4: SET_RINGING, successful incoming call: NCSSF.aC->ICFG.sF->ICFG.sF->ICFG.sF@CEQ
03-04 15:07:48.002  2160 21736 I Telecom : CallsManager: onCallFilteringComplete: allow call.: NCSSF.aC->ICFG.sF->ICFG.sF->ICFG.sF@CEQ
03-04 15:07:48.004  2160 21736 W Telecom : CallsManager: isIncomingVideoCallAllowed: null Extras or not an incoming video call or allow video calls in low battery: NCSSF.aC->ICFG.sF->ICFG.sF->ICFG.sF@CEQ
03-04 15:07:48.004  2160 21736 I Telecom : CallsManager: addCall([Call id=TC@4, state=RINGING, tpac=ComponentInfo{com.android.phone/com.android.services.telephony.TelephonyConnectionService}, ***, UserHandle{0}, cmgr=ComponentInfo{com.android.phone/com.android.services.telephony.TelephonyConnectionService}, ***, UserHandle{0}, handle=tel:*********06, vidst=A, childs(0), has_parent(false), cap=[ sup_hld mut !v2a spd_aud], prop=[]]): NCSSF.aC->ICFG.sF->ICFG.sF->ICFG.sF@CEQ
03-04 15:07:48.004 10726 10726 I TelecomFramework: TelephonyConnectionService: onCallFilteringCompleted(TC@4_1, CallFilteringCompletionInfo{mIsBlocked=false, mIsInContacts=false, mCallResponse=android.telecom.CallScreeningService$CallResponse@8994d0fe, mCallScreeningPackageName='ComponentInfo{com.google.android.dialer/com.android.dialer.callscreeningservice.CallScreeningServiceImpl}'}): (NCSSF.aC->ICFG.sF->ICFG.sF->ICFG.sF)->CS.oCFC->H.CS.oCFC(cast)@E-CEQ
03-04 15:07:48.006  2160  3383 I Telecom : CallAudioRouteStateMachine: Message received: UPDATE_SYSTEM_AUDIO_ROUTE=1201, arg1=0: NCSSF.aC->ICFG.sF->ICFG.sF->ICFG.sF->CARSM.pM_UPDATE_SYSTEM_AUDIO_ROUTE@CEQ
03-04 15:07:48.006  2160  3383 I Telecom : QuiescentEarpieceRoute: Processing message UPDATE_SYSTEM_AUDIO_ROUTE: NCSSF.aC->ICFG.sF->ICFG.sF->ICFG.sF->CARSM.pM_UPDATE_SYSTEM_AUDIO_ROUTE@CEQ
03-04 15:07:48.006  2160  3383 I Telecom : BluetoothRouteManager: getBluetoothAudioConnectedDevice: no service available.: NCSSF.aC->ICFG.sF->ICFG.sF->ICFG.sF->CARSM.pM_UPDATE_SYSTEM_AUDIO_ROUTE@CEQ
03-04 15:07:48.008  2160  3386 I Telecom : CallAudioModeStateMachine: Message received: NEW_RINGING_CALL.: NCSSF.aC->ICFG.sF->ICFG.sF->ICFG.sF->CAMSM.pM_2002@CEQ
03-04 15:07:48.009  2160  3386 I Telecom : CallAudioModeStateMachine: Audio focus entering RINGING state: NCSSF.aC->ICFG.sF->ICFG.sF->ICFG.sF->CAMSM.pM_2002@CEQ
03-04 15:07:48.010  2160  2160 D MediaSessionService: Global priority session is updated, active=true
03-04 15:07:48.011  2160 21736 I Telecom : InCallController: onCallAdded: [Call id=TC@4, state=RINGING, tpac=ComponentInfo{com.android.phone/com.android.services.telephony.TelephonyConnectionService}, ***, UserHandle{0}, cmgr=ComponentInfo{com.android.phone/com.android.services.telephony.TelephonyConnectionService}, ***, UserHandle{0}, handle=tel:*********06, vidst=A, childs(0), has_parent(false), cap=[ sup_hld mut !v2a spd_aud], prop=[]]; not bound or connected.: NCSSF.aC->ICFG.sF->ICFG.sF->ICFG.sF@CEQ
03-04 15:07:48.013  2160 21736 I Telecom : InCallController: defaultDialer: [ComponentInfo{com.google.android.dialer/com.android.incallui.InCallServiceImpl} supportsExternal? true supportsSelfMg?false]: NCSSF.aC->ICFG.sF->ICFG.sF->ICFG.sF@CEQ
03-04 15:07:48.013  2160 21736 I Telecom : InCallController: defaultDialer: null: NCSSF.aC->ICFG.sF->ICFG.sF->ICFG.sF@CEQ
03-04 15:07:48.013  1001  2513 D audio_hw_primary: adev_get_parameters:vr_audio_mode_on
03-04 15:07:48.014  1093  3306 I hash_map_utils: system/bt/osi/src/hash_map_utils.cc:81 hash_map_utils_dump_string_keys_string_values: key: 'vr_audio_mode_on' value: ''
03-04 15:07:48.015  1093  3306 D AudioFlinger: Client defaulted notificationFrames to 192 for frameCount 960
03-04 15:07:48.016  2160 21736 I Telecom : CarSwappingInCallServiceConnection: chooseInitialInCallService: false => false: NCSSF.aC->ICFG.sF->ICFG.sF->ICFG.sF@CEQ
03-04 15:07:48.017  2160 21736 I Telecom : EmergencyCallHelper: ShouldGrantTemporaryLocationPermission, not emergency: NCSSF.aC->ICFG.sF->ICFG.sF->ICFG.sF@CEQ
03-04 15:07:48.017  2160 21736 I Telecom : EmergencyInCallServiceConnection: Attempting to bind to InCall [ComponentInfo{com.google.android.dialer/com.android.incallui.InCallServiceImpl} supportsExternal? true supportsSelfMg?false], with Intent { act=android.telecom.InCallService cmp=com.google.android.dialer/com.android.incallui.InCallServiceImpl }: NCSSF.aC->ICFG.sF->ICFG.sF->ICFG.sF@CEQ
03-04 15:07:48.018  2160 21736 D CompatibilityInfo: mCompatibilityFlags - 0
03-04 15:07:48.018  2160 21736 D CompatibilityInfo: applicationDensity - 300
03-04 15:07:48.019  2160 21736 D CompatibilityInfo: applicationScale - 1.0
03-04 15:07:48.019  1093  3306 D AF::TrackHandle: OpPlayAudio: track:75 usage:3 not muted
03-04 15:07:48.021  2160 21736 I Telecom : EmergencyInCallServiceConnection: mCall: [Call id=TC@4, state=RINGING, tpac=ComponentInfo{com.android.phone/com.android.services.telephony.TelephonyConnectionService}, ***, UserHandle{0}, cmgr=ComponentInfo{com.android.phone/com.android.services.telephony.TelephonyConnectionService}, ***, UserHandle{0}, handle=tel:*********06, vidst=A, childs(0), has_parent(false), cap=[ sup_hld mut !v2a spd_aud], prop=[]], mIsConnected: true: NCSSF.aC->ICFG.sF->ICFG.sF->ICFG.sF@CEQ
03-04 15:07:48.022 20799 20799 I DialerPrivate: com.android.dialer.callqualityrating.impl.legacy.LegacyCallQualityRatingImplModule.provideCallQualityRatingListener:30 returning impl
03-04 15:07:48.022 20799 20799 I DialerWhisperCallScreenModule: com.android.incallui.callscreen.module.impl.WhisperCallScreenModule.provideCallScreenManager:75 returning CallScreenManagerStub
03-04 15:07:48.022 20799 20799 I DialerDialerGlobalContentObservers: com.android.dialer.globalcontentobserver.DialerGlobalContentObservers.registerAll:49 registering DialerBlockedNumberGlobalContentObserver
03-04 15:07:48.023 20799 20799 I DialerDialerGlobalContentObservers: com.android.dialer.globalcontentobserver.DialerGlobalContentObservers.lambda$registerAll$1:55 DialerBlockedNumberGlobalContentObserver already registered
03-04 15:07:48.023 20799 20799 I DialerDialerGlobalContentObservers: com.android.dialer.globalcontentobserver.DialerGlobalContentObservers.registerAll:49 registering SuggestContactsGlobalContentObserver
03-04 15:07:48.023 20799 20799 I DialerDialerGlobalContentObservers: com.android.dialer.globalcontentobserver.DialerGlobalContentObservers.lambda$registerAll$1:55 SuggestContactsGlobalContentObserver already registered
03-04 15:07:48.023 20799 20799 I DialerDialerGlobalContentObservers: com.android.dialer.globalcontentobserver.DialerGlobalContentObservers.registerAll:49 registering SystemBlockedNumberGlobalContentObserver
03-04 15:07:48.023 20799 20799 I DialerDialerGlobalContentObservers: com.android.dialer.globalcontentobserver.DialerGlobalContentObservers.lambda$registerAll$1:55 SystemBlockedNumberGlobalContentObserver already registered
03-04 15:07:48.023 20799 20799 I DialerDialerGlobalContentObservers: com.android.dialer.globalcontentobserver.DialerGlobalContentObservers.registerAll:49 registering SystemCallLogGlobalContentObserver
03-04 15:07:48.023 20799 20799 I DialerDialerGlobalContentObservers: com.android.dialer.globalcontentobserver.DialerGlobalContentObservers.lambda$registerAll$1:55 SystemCallLogGlobalContentObserver already registered
03-04 15:07:48.023 20799 20799 I DialerDialerGlobalContentObservers: com.android.dialer.globalcontentobserver.DialerGlobalContentObservers.registerAll:49 registering DialerBlockedNumberGlobalContentObserver
03-04 15:07:48.023 20799 20799 I DialerDialerGlobalContentObservers: com.android.dialer.globalcontentobserver.DialerGlobalContentObservers.lambda$registerAll$1:55 DialerBlockedNumberGlobalContentObserver already registered
03-04 15:07:48.024 20799 20799 I DialerDialerGlobalContentObservers: com.android.dialer.globalcontentobserver.DialerGlobalContentObservers.registerAll:49 registering SuggestContactsGlobalContentObserver
03-04 15:07:48.024 20799 20799 I DialerDialerGlobalContentObservers: com.android.dialer.globalcontentobserver.DialerGlobalContentObservers.lambda$registerAll$1:55 SuggestContactsGlobalContentObserver already registered
03-04 15:07:48.024  2160 16476 I AudioTrack: createTrack_l(7667822): AUDIO_OUTPUT_FLAG_FAST successful; frameCount 960 -> 960
03-04 15:07:48.024 20799 20799 I DialerDialerGlobalContentObservers: com.android.dialer.globalcontentobserver.DialerGlobalContentObservers.registerAll:49 registering SystemBlockedNumberGlobalContentObserver
03-04 15:07:48.024 20799 20799 I DialerDialerGlobalContentObservers: com.android.dialer.globalcontentobserver.DialerGlobalContentObservers.lambda$registerAll$1:55 SystemBlockedNumberGlobalContentObserver already registered
03-04 15:07:48.024 20799 20799 I DialerDialerGlobalContentObservers: com.android.dialer.globalcontentobserver.DialerGlobalContentObservers.registerAll:49 registering SystemCallLogGlobalContentObserver
03-04 15:07:48.024  2160 21736 I Telecom : InCallServiceBindingConnection: Attempting to bind to InCall [ComponentInfo{com.android.server.telecom/com.android.server.telecom.AmInCallService$InCallServiceImpl} supportsExternal? false supportsSelfMg?false], with Intent { act=android.telecom.InCallService cmp=com.android.server.telecom/.AmInCallService$InCallServiceImpl }: NCSSF.aC->ICFG.sF->ICFG.sF->ICFG.sF@CEQ
03-04 15:07:48.024 20799 20799 I DialerDialerGlobalContentObservers: com.android.dialer.globalcontentobserver.DialerGlobalContentObservers.lambda$registerAll$1:55 SystemCallLogGlobalContentObserver already registered
03-04 15:07:48.025 20799 20799 I DialerAudioModeProvider: com.android.dialer.incall.core.audiomode.AudioModeProvider.getApproximatedAudioRoute:235 Routing to earpiece
03-04 15:07:48.025 20799 20799 I DialerAudioModeProvider: com.android.dialer.incall.core.audiomode.AudioModeProvider.onAudioStateChanged:79 audioState: [AudioState isMuted: false, route: EARPIECE, supportedRouteMask: EARPIECE, BLUETOOTH, WIRED_HEADSET, SPEAKER, activeBluetoothDevice: [null], supportedBluetoothDevices: []]
03-04 15:07:48.026 20799 20799 I DialerLegacyInCallServicePeer: com.android.incallui.LegacyInCallServicePeer.onBind:168 onBind
03-04 15:07:48.026 20799 20799 I DialerAudioModeProvider: com.android.incallui.audiomode.AudioModeProvider.getApproximatedAudioRoute:160 Routing to earpiece
03-04 15:07:48.026  2160 21736 D CompatibilityInfo: mCompatibilityFlags - 0
03-04 15:07:48.026  2160 21736 D CompatibilityInfo: applicationDensity - 300
03-04 15:07:48.026  2160 21736 D CompatibilityInfo: applicationScale - 1.0
03-04 15:07:48.027 20799 20799 I DialerCountryCodeProvider: com.android.dialer.businessvoice.verifiedcall.impl.i18n.CountryCodeProvider.getSimCountryCodeInternal:83 returning Redacted-2-chars
03-04 15:07:48.027  2160 21736 I Telecom : InCallServiceBindingConnection: mCall: [Call id=TC@4, state=RINGING, tpac=ComponentInfo{com.android.phone/com.android.services.telephony.TelephonyConnectionService}, ***, UserHandle{0}, cmgr=ComponentInfo{com.android.phone/com.android.services.telephony.TelephonyConnectionService}, ***, UserHandle{0}, handle=tel:*********06, vidst=A, childs(0), has_parent(false), cap=[ sup_hld mut !v2a spd_aud], prop=[]], mIsConnected: true: NCSSF.aC->ICFG.sF->ICFG.sF->ICFG.sF@CEQ
03-04 15:07:48.028  2160 21736 I Telecom : InCallServiceBindingConnection: Attempting to bind to InCall [ComponentInfo{com.sonymobile.telephony.extension/com.sonymobile.telephony.extension.analytics.CallAnalyticsManagerService} supportsExternal? false supportsSelfMg?false], with Intent { act=android.telecom.InCallService cmp=com.sonymobile.telephony.extension/.analytics.CallAnalyticsManagerService }: NCSSF.aC->ICFG.sF->ICFG.sF->ICFG.sF@CEQ
03-04 15:07:48.028 20799 20799 I DialerLegacyProximitySensor: com.android.incallui.LegacyProximitySensor.updateProximitySensorMode:315 screenOnImmediately: false, dialPadVisible: false, offHook: false, horizontal: false, uiShowing: false, audioRoute: EARPIECE, videoCall: false
03-04 15:07:48.029 20799 20799 I DialerLegacyProximitySensor: com.android.incallui.LegacyProximitySensor.turnOffProximitySensor:270 wake lock already released
03-04 15:07:48.029 20799 20799 I DialerInCallPresenter: com.android.incallui.InCallPresenter.dontAddToThisMethodOrYoullBeSorry:1055 Phone switching state: NO_CALLS -> NO_CALLS
03-04 15:07:48.029 20799 20799 I DialerLegacyStatusBarNotifier: com.android.incallui.LegacyStatusBarNotifier.updateInCallNotification:266 canceling notification
03-04 15:07:48.030 20799 20799 I DialerInCallPresenter: com.android.incallui.InCallPresenter.isActivityStarted:1459 inCallActivity == null
03-04 15:07:48.030 20799 20799 I DialerLegacyActiveCallSource: com.android.dialer.audio.impl.LegacyActiveCallSource.update:94 no active call
03-04 15:07:48.030 20799 20799 I DialerLegacyActiveCallSource: com.android.dialer.audio.impl.LegacyActiveCallSource.update:94 no active call
03-04 15:07:48.030  2160 21736 D CompatibilityInfo: mCompatibilityFlags - 0
03-04 15:07:48.030 20799 20799 I DialerLegacyActiveCallSource: com.android.dialer.audio.impl.LegacyActiveCallSource.update:94 no active call
03-04 15:07:48.030  2160 21736 D CompatibilityInfo: applicationDensity - 300
03-04 15:07:48.030  2160 21736 D CompatibilityInfo: applicationScale - 1.0
03-04 15:07:48.030 20799 20799 I DialerLegacyActiveCallSource: com.android.dialer.audio.impl.LegacyActiveCallSource.update:94 no active call
03-04 15:07:48.031 20799 20799 I DialerVideoPauseController: com.android.incallui.VideoPauseController.setUp:100 setUp
03-04 15:07:48.032  2160 21736 I Telecom : InCallServiceBindingConnection: mCall: [Call id=TC@4, state=RINGING, tpac=ComponentInfo{com.android.phone/com.android.services.telephony.TelephonyConnectionService}, ***, UserHandle{0}, cmgr=ComponentInfo{com.android.phone/com.android.services.telephony.TelephonyConnectionService}, ***, UserHandle{0}, handle=tel:*********06, vidst=A, childs(0), has_parent(false), cap=[ sup_hld mut !v2a spd_aud], prop=[]], mIsConnected: true: NCSSF.aC->ICFG.sF->ICFG.sF->ICFG.sF@CEQ
03-04 15:07:48.032  2160 21736 I Telecom : InCallServiceBindingConnection: Attempting to bind to InCall [ComponentInfo{com.sonymobile.transmitpower/com.sonymobile.transmitpower.util.InCallServiceObserver$InCallServiceImpl} supportsExternal? false supportsSelfMg?true], with Intent { act=android.telecom.InCallService cmp=com.sonymobile.transmitpower/.util.InCallServiceObserver$InCallServiceImpl }: NCSSF.aC->ICFG.sF->ICFG.sF->ICFG.sF@CEQ
03-04 15:07:48.034  2160 21736 D CompatibilityInfo: mCompatibilityFlags - 0
03-04 15:07:48.034  2160 21736 D CompatibilityInfo: applicationDensity - 300
03-04 15:07:48.034  2160 21736 D CompatibilityInfo: applicationScale - 1.0
03-04 15:07:48.038  2160 21736 I Telecom : InCallServiceBindingConnection: mCall: [Call id=TC@4, state=RINGING, tpac=ComponentInfo{com.android.phone/com.android.services.telephony.TelephonyConnectionService}, ***, UserHandle{0}, cmgr=ComponentInfo{com.android.phone/com.android.services.telephony.TelephonyConnectionService}, ***, UserHandle{0}, handle=tel:*********06, vidst=A, childs(0), has_parent(false), cap=[ sup_hld mut !v2a spd_aud], prop=[]], mIsConnected: true: NCSSF.aC->ICFG.sF->ICFG.sF->ICFG.sF@CEQ
03-04 15:07:48.039 20799 20799 I DialerLegacyStatusBarNotifier: com.android.incallui.LegacyStatusBarNotifier.updateInCallNotification:266 canceling notification
03-04 15:07:48.039 20799 20799 I DialerInCallPresenter: com.android.incallui.InCallPresenter$AtlasUiStateBroadcastReceiver.register:2478 register
03-04 15:07:48.040 20799 20799 I DialerTelecomEventUiThreadBlockedTimer: com.android.incallui.TelecomEventUiThreadBlockedTimer.lambda$onEvent$0:58 InCallService.uiThreadBlockedByTelecomEvent blocked UI thread for 17.83 ms
03-04 15:07:48.040 20799 20799 I DialerTelecomEventUiThreadBlockedTimer: com.android.incallui.TelecomEventUiThreadBlockedTimer.lambda$onEvent$0:58 InCallService.uiThreadBlockedByTelecomEvent.onCreate blocked UI thread for 18.14 ms
03-04 15:07:48.041 20799 20799 I DialerTelecomEventUiThreadBlockedTimer: com.android.incallui.TelecomEventUiThreadBlockedTimer.lambda$onEvent$0:58 InCallService.uiThreadBlockedByTelecomEvent.onBind blocked UI thread for 16.01 ms
03-04 15:07:48.041 20799 20799 I DialerInCallUpdatePropagatorImpl: com.android.dialer.incall.core.dataservice.impl.InCallUpdatePropagatorImpl$1.onSuccess:63 IN_CALL_UPDATE_MONITORING: fire update in the ui thread
03-04 15:07:48.041 20799 20799 I DialerInCallProductionComponentAuthorityImpl: com.android.dialer.incall.core.dataservice.impl.InCallProductionComponentAuthorityImpl.postNewPrimaryCallGraph:60 IN_CALL_UPDATE_MONITORING: start building new call graph
03-04 15:07:48.042 20799 20799 I DialerTiktokDataServiceInCallUpdateListener: com.android.dialer.incall.core.dataservice.impl.TiktokDataServiceInCallUpdateListener.onCallGraphUpdated:30 IN_CALL_UPDATE_MONITORING: enter
03-04 15:07:48.043 20799 20856 I DialerLegacyCountryDetector: com.android.dialer.location.LegacyCountryDetector.getCurrentCountryIso:123 returning Redacted-2-chars
03-04 15:07:48.043 20799 20856 I DialerFilteredNumberAsyncQueryHandler: com.android.dialer.blocking.FilteredNumberAsyncQueryHandler.getBlockedNumberDatabaseId:139 checking blocked number
03-04 15:07:48.044  2160 21736 I Telecom : CallDiagnosticServiceController: bindCallDiagnosticService: no package; skip binding.: NCSSF.aC->ICFG.sF->ICFG.sF->ICFG.sF@CEQ
03-04 15:07:48.044  2160 21736 I Telecom : TelecomWakeLock: Acquiring WakeLock with id: 26: NCSSF.aC->ICFG.sF->ICFG.sF->ICFG.sF@CEQ
03-04 15:07:48.044  2160 21736 I Telecom : InCallWakeLockController: Acquiring full wake lock: NCSSF.aC->ICFG.sF->ICFG.sF->ICFG.sF@CEQ
03-04 15:07:48.045  2160 21736 I Telecom : IncomingCallNotifier: updateIncomingCall: foundIncomingcall = null: NCSSF.aC->ICFG.sF->ICFG.sF->ICFG.sF@CEQ
03-04 15:07:48.050  2160  2362 W BroadcastQueue: Permission Denial: receiving Intent { act=android.intent.action.PHONE_STATE flg=0x1000010 (has extras) } to ProcessRecord{34619e5 4776:com.qualcomm.qti.services.systemhelper:systemhelper_service/u0a223} (pid=4776, uid=10223) requires android.permission.READ_PRIVILEGED_PHONE_STATE due to sender android (uid 1000)
03-04 15:07:48.052  4978  4978 D SecUISvc.CallReceiver: Ringing
03-04 15:07:48.052  2160  2362 W BroadcastQueue: Permission Denial: receiving Intent { act=android.intent.action.PHONE_STATE flg=0x1000010 (has extras) } to ProcessRecord{23fd22d 4751:com.sonyericsson.devicemonitor/u0a216} (pid=4751, uid=10216) requires android.permission.READ_PHONE_STATE due to sender android (uid 1000)
03-04 15:07:48.053  4978  4978 E SUI_svcsock: svc_sock_send_message(suisvc): invalid remote socket suitch
03-04 15:07:48.053  4978  4978 E SUI_svcsock: svc_sock_send_message(suisvc): invalid remote socket suilst
03-04 15:07:48.053 20799 20842 I DialerLegacyCountryDetector: com.android.dialer.location.LegacyCountryDetector.getCurrentCountryIso:123 returning Redacted-2-chars
03-04 15:07:48.053  4978  4978 D SecUISvc.CallReceiver: Ringing
03-04 15:07:48.053 20799 20842 I DialerFilteredNumberAsyncQueryHandler: com.android.dialer.blocking.FilteredNumberAsyncQueryHandler.getBlockedNumberDatabaseId:139 checking blocked number
03-04 15:07:48.053  2160  2362 W BroadcastQueue: Permission Denial: receiving Intent { act=android.intent.action.PHONE_STATE flg=0x1000010 (has extras) } to ProcessRecord{cfa537b 10939:com.android.systemui/u0a234} (pid=10939, uid=10234) requires android.permission.READ_PHONE_STATE due to sender android (uid 1000)
03-04 15:07:48.053  2160  2362 W BroadcastQueue: Permission Denial: receiving Intent { act=android.intent.action.PHONE_STATE flg=0x1000010 (has extras) } to ProcessRecord{cfa537b 10939:com.android.systemui/u0a234} (pid=10939, uid=10234) requires android.permission.READ_PHONE_STATE due to sender android (uid 1000)
03-04 15:07:48.053  4978  4978 E SUI_svcsock: svc_sock_send_message(suisvc): invalid remote socket suitch
03-04 15:07:48.053  2160  2362 W BroadcastQueue: Permission Denial: receiving Intent { act=android.intent.action.PHONE_STATE flg=0x1000010 (has extras) } to ProcessRecord{933a0c4 18847:jp.softbank.mb.parentalcontrols/u0a214} (pid=18847, uid=10214) requires android.permission.READ_PHONE_STATE due to sender android (uid 1000)
03-04 15:07:48.054  4751  4924 I android_os_HwBinder: HwBinder: Starting thread pool for getting: vendor.semc.system.idd@1.0::IIdd/default
03-04 15:07:48.054  4776  4776 D SysHelperService.CallReceiver: Ringing
03-04 15:07:48.054  4776  4776 D SYS_EVENT: send event 1 notification to client
03-04 15:07:48.054  4978  4978 E SUI_svcsock: svc_sock_send_message(suisvc): invalid remote socket suilst
03-04 15:07:48.056  2160  2362 D CompatibilityInfo: mCompatibilityFlags - 0
03-04 15:07:48.056  2160  2362 D CompatibilityInfo: applicationDensity - 300
03-04 15:07:48.056  2160  2362 D CompatibilityInfo: applicationScale - 1.0
03-04 15:07:48.058  2160 21736 I Telecom : PhoneStateBroadcaster: Broadcasted state change: 1: NCSSF.aC->ICFG.sF->ICFG.sF->ICFG.sF@CEQ
03-04 15:07:48.058  2160 21736 I Telecom : Event: RecordEntry TC@4: FILTERING_COMPLETED, [Allow, logged, notified, mCallScreeningAppName = 电话, mCallScreeningComponentName = com.google.android.dialer/com.android.dialer.callscreeningservice.CallScreeningServiceImpl]: NCSSF.aC->ICFG.sF->ICFG.sF->ICFG.sF@CEQ
03-04 15:07:48.058  2160  2362 W BroadcastQueue: Permission Denial: receiving Intent { act=android.intent.action.PHONE_STATE flg=0x1000010 (has extras) } to ProcessRecord{23fd22d 4751:com.sonyericsson.devicemonitor/u0a216} (pid=4751, uid=10216) requires android.permission.READ_PHONE_STATE due to sender android (uid 1000)
03-04 15:07:48.059  2160  3383 I Telecom : CallAudioRouteStateMachine: setSystemAudioState: changing from [AudioState isMuted: false, route: EARPIECE, supportedRouteMask: EARPIECE, SPEAKER, activeBluetoothDevice: [null], supportedBluetoothDevices: []] to [AudioState isMuted: false, route: EARPIECE, supportedRouteMask: EARPIECE, SPEAKER, activeBluetoothDevice: [null], supportedBluetoothDevices: []]: NCSSF.aC->ICFG.sF->ICFG.sF->ICFG.sF->CARSM.pM_UPDATE_SYSTEM_AUDIO_ROUTE@CEQ
03-04 15:07:48.060  2160  2362 W BroadcastQueue: Permission Denial: receiving Intent { act=android.intent.action.PHONE_STATE flg=0x1000010 (has extras) } to ProcessRecord{34619e5 4776:com.qualcomm.qti.services.systemhelper:systemhelper_service/u0a223} (pid=4776, uid=10223) requires android.permission.READ_CALL_LOG due to sender android (uid 1000)
03-04 15:07:48.060  4978  4978 D SecUISvc.CallReceiver: Ringing
03-04 15:07:48.060  2160  2362 W BroadcastQueue: Permission Denial: receiving Intent { act=android.intent.action.PHONE_STATE flg=0x1000010 (has extras) } to ProcessRecord{cfa537b 10939:com.android.systemui/u0a234} (pid=10939, uid=10234) requires android.permission.READ_PHONE_STATE due to sender android (uid 1000)
03-04 15:07:48.060  2160  2362 W BroadcastQueue: Permission Denial: receiving Intent { act=android.intent.action.PHONE_STATE flg=0x1000010 (has extras) } to ProcessRecord{cfa537b 10939:com.android.systemui/u0a234} (pid=10939, uid=10234) requires android.permission.READ_PHONE_STATE due to sender android (uid 1000)
03-04 15:07:48.060  2160  2362 W BroadcastQueue: Permission Denial: receiving Intent { act=android.intent.action.PHONE_STATE flg=0x1000010 (has extras) } to ProcessRecord{933a0c4 18847:jp.softbank.mb.parentalcontrols/u0a214} (pid=18847, uid=10214) requires android.permission.READ_PHONE_STATE due to sender android (uid 1000)
03-04 15:07:48.060  4978  4978 E SUI_svcsock: svc_sock_send_message(suisvc): invalid remote socket suitch
03-04 15:07:48.060  2160  2637 W BroadcastQueue: Permission Denial: receiving Intent { act=android.intent.action.PHONE_STATE flg=0x1000010 (has extras) } to jp.co.yahoo.android.ymsetupman/.NotificationBootBroadcastReceiver requires android.permission.READ_PRIVILEGED_PHONE_STATE due to sender android (uid 1000)
03-04 15:07:48.061  4978  4978 E SUI_svcsock: svc_sock_send_message(suisvc): invalid remote socket suilst
03-04 15:07:48.063 10726 10726 I TelecomFramework: TelephonyConnectionService: onAudioStateChanged TC@4_1 [AudioState isMuted: false, route: EARPIECE, supportedRouteMask: EARPIECE, SPEAKER, activeBluetoothDevice: [null], supportedBluetoothDevices: []]: (NCSSF.aC->ICFG.sF->ICFG.sF->ICFG.sF->CARSM.pM_UPDATE_SYSTEM_AUDIO_ROUTE)->CS.cASC->H.CS.cASC(cast)@E-CEQ
03-04 15:07:48.065  2160 21739 W ContextImpl: Failed to ensure /data/user_de/0/com.android.phone/shared_prefs: mkdir failed: EACCES (Permission denied)
03-04 15:07:48.067  2160  2362 W BroadcastQueue: Permission Denial: receiving Intent { act=android.intent.action.PHONE_STATE flg=0x1000010 (has extras) } to jp.softbank.mb.parentalcontrols/jp.co.daj.consumer.ifilter.blocker.CallReceiver requires android.permission.READ_PHONE_STATE due to sender android (uid 1000)
03-04 15:07:48.067  2160  2362 W BroadcastQueue: Permission Denial: receiving Intent { act=android.intent.action.PHONE_STATE flg=0x1000010 (has extras) } to jp.co.yahoo.android.ymsetupman/.NotificationBootBroadcastReceiver requires android.permission.READ_PHONE_STATE due to sender android (uid 1000)
03-04 15:07:48.067  2160  2362 W BroadcastQueue: Permission Denial: receiving Intent { act=android.intent.action.PHONE_STATE flg=0x1000010 (has extras) } to jp.softbank.mb.parentalcontrols/jp.co.daj.consumer.ifilter.blocker.CallReceiver requires android.permission.READ_PHONE_STATE due to sender android (uid 1000)
03-04 15:07:48.068  2160  2362 W BroadcastQueue: Permission Denial: receiving Intent { act=android.intent.action.PHONE_STATE flg=0x1000010 (has extras) } to jp.co.yahoo.android.ymsetupman/.NotificationBootBroadcastReceiver requires android.permission.READ_PHONE_STATE due to sender android (uid 1000)
03-04 15:07:48.081  2160 21742 D CompatibilityChangeReporter: Compat change id reported: 149924527; UID 1000; state: ENABLED
03-04 15:07:48.083  2160 21742 D CompatibilityChangeReporter: Compat change id reported: 132649864; UID 1000; state: DISABLED
03-04 15:07:48.085  2160 21742 D CompatibilityChangeReporter: Compat change id reported: 182734110; UID 1000; state: ENABLED
03-04 15:07:48.086  2160 21742 D CompatibilityChangeReporter: Compat change id reported: 182734110; UID 1000; state: DISABLED
03-04 15:07:48.116     0     0 I QG-K    : qg_somc_jeita_step_charge_work: [Charging] condition=3, chip->target_idx=17
03-04 15:07:48.114  4492  4524 W MediaProvider: Didn't find any volume for getVolume(/product/media/audio/ringtones/Ringer.ogg)
03-04 15:07:48.118  4492  4524 I MediaProvider: Open with lower FS for /product/media/audio/ringtones/Ringer.ogg. Uid: 1000
03-04 15:07:48.122  4492  4524 W MediaProvider: Failed to fetch original file descriptor
03-04 15:07:48.122  4492  4524 W MediaProvider: java.io.FileNotFoundException: Input file descriptor is already original
03-04 15:07:48.122  4492  4524 W MediaProvider: 	at com.android.providers.media.MediaProvider.getOriginalMediaFormatFileDescriptor(MediaProvider.java:5794)
03-04 15:07:48.122  4492  4524 W MediaProvider: 	at com.android.providers.media.MediaProvider.openTypedAssetFileCommon(MediaProvider.java:7248)
03-04 15:07:48.122  4492  4524 W MediaProvider: 	at com.android.providers.media.MediaProvider.openTypedAssetFile(MediaProvider.java:7229)
03-04 15:07:48.122  4492  4524 W MediaProvider: 	at android.content.ContentProvider$Transport.openTypedAssetFile(ContentProvider.java:548)
03-04 15:07:48.122  4492  4524 W MediaProvider: 	at android.content.ContentProviderNative.onTransact(ContentProviderNative.java:327)
03-04 15:07:48.122  4492  4524 W MediaProvider: 	at android.os.Binder.execTransactInternal(Binder.java:1184)
03-04 15:07:48.122  4492  4524 W MediaProvider: 	at android.os.Binder.execTransact(Binder.java:1143)
03-04 15:07:48.125  1520  5850 D NuPlayerDriver: NuPlayerDriver(0xe7240f10) created, clientPid(2160)
03-04 15:07:48.138  1520  5850 I ExtendedNuUtils: printFileName fd(10) -> /product/media/audio/ringtones/Ringer.ogg
03-04 15:07:48.153  1520 21747 D GenericSource: FileSource remote
03-04 15:07:48.165  1516 11450 I MMParserExtractor: Created(0xb40000754f0fe070)
03-04 15:07:48.165  1516 11450 E MM_OSAL : FileSource::FileSource
03-04 15:07:48.165  1516 11450 E MM_OSAL : FileSource::FileSource m_bEveryThingOK 1
03-04 15:07:48.180  1516  2620 D MediaBufferGroup: creating MemoryDealer
03-04 15:07:48.184  2160 21742 D Ringtone: Successfully created local player
03-04 15:07:48.184  1520  5850 D NuPlayerDriver: reset(0xe7240f10) at state 4
03-04 15:07:48.187  1520 21746 D NuPlayerDriver: notifyResetComplete(0xe7240f10)
03-04 15:07:48.188  1520  5850 D NuPlayerDriver: reset(0xe7240f10) at state 0
03-04 15:07:48.189  2160 21742 V MediaPlayer: resetDrmState:  mDrmInfo=null mDrmProvisioningThread=null mPrepareDrmInProgress=false mActiveDrmScheme=false
03-04 15:07:48.189  2160 21742 V MediaPlayer: cleanDrmObj: mDrmObj=null mDrmSessionId=null
