03-04 15:07:48.548 12364 13334 D StrictMode: 	at android.os.Binder.execTransactInternal(Binder.java:1179)
03-04 15:07:48.548 12364 13334 D StrictMode: 	at android.os.Binder.execTransact(Binder.java:1143)
03-04 15:07:48.548 12364 13334 D StrictMode: # via Binder call with stack:
03-04 15:07:48.548 12364 13334 D StrictMode: 	at android.os.StrictMode.readAndHandleBinderCallViolations(StrictMode.java:2497)
03-04 15:07:48.548 12364 13334 D StrictMode: 	at android.os.Parcel.readExceptionCode(Parcel.java:2370)
03-04 15:07:48.548 12364 13334 D StrictMode: 	at android.database.DatabaseUtils.readExceptionFromParcel(DatabaseUtils.java:139)
03-04 15:07:48.548 12364 13334 D StrictMode: 	at android.content.ContentProviderProxy.query(ContentProviderNative.java:481)
03-04 15:07:48.548 12364 13334 D StrictMode: 	at android.content.ContentResolver.query(ContentResolver.java:1221)
03-04 15:07:48.548 12364 13334 D StrictMode: 	at android.content.ContentResolver.query(ContentResolver.java:1152)
03-04 15:07:48.548 12364 13334 D StrictMode: 	at android.content.ContentResolver.query(ContentResolver.java:1108)
03-04 15:07:48.548 12364 13334 D StrictMode: 	at hyv.e(PG:10)
03-04 15:07:48.548 12364 13334 D StrictMode: 	at hyv.b(PG:10)
03-04 15:07:48.548 12364 13334 D StrictMode: 	at hyn.b(PG:1)
03-04 15:07:48.548 12364 13334 D StrictMode: 	at hyo.a(PG:3)
03-04 15:07:48.548 12364 13334 D StrictMode: 	at hyv.c(PG:5)
03-04 15:07:48.548 12364 13334 D StrictMode: 	at hph.e(PG:4)
03-04 15:07:48.548 12364 13334 D StrictMode: 	at hph.b(PG:2)
03-04 15:07:48.548 12364 13334 D StrictMode: 	at hpp.b(PG:2)
03-04 15:07:48.548 12364 13334 D StrictMode: 	at bpa.a(PG:11)
03-04 15:07:48.548 12364 13334 D StrictMode: 	at lrx.a(PG:2)
03-04 15:07:48.548 12364 13334 D StrictMode: 	at mjn.f(PG:2)
03-04 15:07:48.548 12364 13334 D StrictMode: 	at mjo.run(PG:9)
03-04 15:07:48.548 12364 13334 D StrictMode: 	at irz.run(PG:5)
03-04 15:07:48.548 12364 13334 D StrictMode: 	at java.util.concurrent.ThreadPoolExecutor.runWorker(ThreadPoolExecutor.java:1167)
03-04 15:07:48.548 12364 13334 D StrictMode: 	at java.util.concurrent.ThreadPoolExecutor$Worker.run(ThreadPoolExecutor.java:641)
03-04 15:07:48.548 12364 13334 D StrictMode: 	at irb.run(PG:2)
03-04 15:07:48.548 12364 13334 D StrictMode: 	at irk.run(PG:4)
03-04 15:07:48.548 12364 13334 D StrictMode: 	at java.lang.Thread.run(Thread.java:920)
03-04 15:07:48.548 20799 20799 I DialerLegacyStatusBarNotifier: com.android.incallui.LegacyStatusBarNotifier.getCallToShow:1016 state of call to show: INCOMING
03-04 15:07:48.550  1520 21777 D CCodec  : [c2.android.vorbis.decoder] buffers are bound to CCodec for this session
03-04 15:07:48.551  1520 21777 D CCodecConfig: no c2 equivalents for durationUs
03-04 15:07:48.551  1520 21777 D CCodecConfig: no c2 equivalents for csd-1
03-04 15:07:48.551  1520 21777 D CCodecConfig: no c2 equivalents for language
03-04 15:07:48.551  1520 21777 D CCodecConfig: no c2 equivalents for file-format
03-04 15:07:48.551  1520 21777 D CCodecConfig: no c2 equivalents for flags
03-04 15:07:48.552 20799 20843 I DialerInCallLoggingImpl: com.android.dialer.incall.logging.impl.InCallLoggingImpl.logImpression:57 InCall-Impression: DIALER_GATEWAY_CALL_INFO_LOOKUP_SERVICE_REQUEST_GENERATED, CallId: DialerCall_2
03-04 15:07:48.554  1520 21777 D CCodecConfig: config failed => CORRUPTED
03-04 15:07:48.555  1520 21777 D CCodecConfig: c2 config diff is   c2::u32 coded.bitrate.value = 256000
03-04 15:07:48.555  1520 21777 D CCodecConfig:   c2::u32 raw.channel-count.value = 2
03-04 15:07:48.556  1520 21777 W Codec2Client: query -- param skipped: index = 1107298332.
03-04 15:07:48.556  1520 21777 D CCodec  : setup formats input: AMessage(what = 0x00000000) = {
03-04 15:07:48.556  1520 21777 D CCodec  :   int32_t bitrate = 256000
03-04 15:07:48.556  1520 21777 D CCodec  :   int32_t channel-count = 2
03-04 15:07:48.556  1520 21777 D CCodec  :   int32_t max-input-size = 65307
03-04 15:07:48.556  1520 21777 D CCodec  :   string mime = "audio/vorbis"
03-04 15:07:48.556  1520 21777 D CCodec  :   int32_t sample-rate = 48000
03-04 15:07:48.556  1520 21777 D CCodec  : }
03-04 15:07:48.556  1520 21777 D CCodec  : setup formats output: AMessage(what = 0x00000000) = {
03-04 15:07:48.556  1520 21777 D CCodec  :   int32_t channel-count = 2
03-04 15:07:48.556  1520 21777 D CCodec  :   string mime = "audio/raw"
03-04 15:07:48.556  1520 21777 D CCodec  :   int32_t sample-rate = 48000
03-04 15:07:48.556  1520 21777 D CCodec  :   int32_t android._config-pcm-encoding = 2
03-04 15:07:48.556  1520 21777 D CCodec  : }
03-04 15:07:48.556  1520 21777 I CCodecConfig: query failed after returning 7 values (BAD_INDEX)
03-04 15:07:48.557 20799 20799 I DialerInCallPresenter: com.android.incallui.InCallPresenter.isActivityStarted:1459 inCallActivity == null
03-04 15:07:48.557  1520 21777 I MediaCodec: MediaCodec will operate in async mode
03-04 15:07:48.557  1520 21776 D MediaCodec: keep callback message for reclaim
03-04 15:07:48.557 20799 20799 I DialerLegacyStatusBarNotifier: com.android.incallui.LegacyStatusBarNotifier.buildAndSendNotification:347 notificationType=INCOMING_CALL
03-04 15:07:48.558  1520 21777 W Codec2Client: query -- param skipped: index = 1342179345.
03-04 15:07:48.558  1520 21777 W Codec2Client: query -- param skipped: index = 2415921170.
03-04 15:07:48.558 20799 20840 I DialerFilteredNumberAsyncQueryHandler: com.android.dialer.blocking.FilteredNumberAsyncQueryHandler.lambda$getBlockedNumberDatabaseId$1:215 checking blocked number - completed
03-04 15:07:48.560  1520 21777 D CCodecBufferChannel: [c2.android.vorbis.decoder#22] Created input block pool with allocatorID 16 => poolID 25 - OK (0)
03-04 15:07:48.561  1584 21779 D BufferPoolAccessor2.0: bufferpool2 0xb400006ef87ced58 : 0(0 size) total buffers - 0(0 size) used buffers - 37/41 (recycle/alloc) - 4/40 (fetch/transfer)
03-04 15:07:48.561  1584 21779 D BufferPoolAccessor2.0: Destruction - bufferpool2 0xb400006ef87ced58 cached: 0/0M, 0/0% in use; allocs: 41, 90% recycled; transfers: 40, 90% unfetched
03-04 15:07:48.562  1520 17946 D BufferPoolAccessor2.0: bufferpool2 0xe6ac0928 : 0(0 size) total buffers - 0(0 size) used buffers - 40/48 (recycle/alloc) - 8/86 (fetch/transfer)
03-04 15:07:48.563  1520 17946 D BufferPoolAccessor2.0: Destruction - bufferpool2 0xe6ac0928 cached: 0/0M, 0/0% in use; allocs: 48, 83% recycled; transfers: 86, 91% unfetched
03-04 15:07:48.563  1520 21777 I CCodecBufferChannel: [c2.android.vorbis.decoder#22] Created output block pool with allocatorID 16 => poolID 41 - OK
03-04 15:07:48.563 20799 20843 I DialerLegacyCountryDetector: com.android.dialer.location.LegacyCountryDetector.getCurrentCountryIso:123 returning Redacted-2-chars
03-04 15:07:48.563  1520 21777 D CCodecBufferChannel: [c2.android.vorbis.decoder#22] Configured output block pool ids 41 => OK
03-04 15:07:48.564  1520 21777 D CCodecBufferChannel: [c2.android.vorbis.decoder#22] start: updating output delay 0
03-04 15:07:48.565 12364 13334 I DynamiteModule: Considering local module com.google.android.gms.googlecertificates:0 and remote module com.google.android.gms.googlecertificates:6
03-04 15:07:48.565 12364 13334 I DynamiteModule: Selected remote version of com.google.android.gms.googlecertificates, version >= 6
03-04 15:07:48.566 20799 20863 I DialerCompositeSpam: com.android.dialer.spam.composite.CompositeSpam.lambda$checkSpamStatus$4:270 performing full compose
03-04 15:07:48.566  1520 21777 I CCodecBufferChannel: pipelineRoom(3) is <= numClientBuffers(3). Not signalling any more buffers to client
03-04 15:07:48.566  1584 21778 D SimpleC2Component: Using output block pool with poolID 41 => got 41 - 0
03-04 15:07:48.566 20799 20863 I DialerCompositeSpam: com.android.dialer.spam.composite.CompositeSpam.checkSpamStatusPatronusCatchingAll:324 patronusSpam disabled
03-04 15:07:48.566  9580  9644 D CallLogProvider: Answering machine Call Log added to List
03-04 15:07:48.567 20799 20843 I DialerRttConfigurationLoaderImpl: com.android.dialer.rtt.settings.impl.configuration.RttConfigurationLoaderImpl.lambda$isRttVisibilitySupported$1:105 retrieving call capable phone accounts
03-04 15:07:48.568 20799 20844 I DialerContactInfoCache: com.android.incallui.ContactInfoCache.updateCallerInfoInCacheOnAnyThread:408 updateCallerInfoInCacheOnAnyThread
03-04 15:07:48.569  1520 21777 I CCodecBufferChannel: pipelineRoom(2) is <= numClientBuffers(2). Not signalling any more buffers to client
03-04 15:07:48.570  1520 21777 I CCodecBufferChannel: pipelineRoom(1) is <= numClientBuffers(1). Not signalling any more buffers to client
03-04 15:07:48.573 20799 20843 I DialerRttConfigurationLoaderImpl: com.android.dialer.rtt.settings.impl.configuration.RttConfigurationLoaderImpl.lambda$isRttVisibilitySupported$1:112 subscription id for the device: 2
03-04 15:07:48.574 20799 20799 I DialerLegacyStatusBarNotifier: com.android.incallui.LegacyStatusBarNotifier.addPersonReference:682 Contact info user type: 0
03-04 15:07:48.575 20799 20799 I DialerLegacyStatusBarNotifier: com.android.incallui.LegacyStatusBarNotifier.addPersonReference:687 Added person reference from number
03-04 15:07:48.577  1520 21776 I ExtendedNuUtils: Both src and dst missing for bit-width
03-04 15:07:48.577  1520 21776 I ExtendedNuUtils: Overriding durationUs: with 64 bit src value 30461000
03-04 15:07:48.577  1520 21776 I ExtendedNuUtils: Both src and dst missing for channel-mask
03-04 15:07:48.577 20799 20799 I DialerLegacyStatusBarNotifier: com.android.incallui.LegacyStatusBarNotifier.sendNotification:488 displaying notification for INCOMING_CALL while NotificationManager is configured as [interruptionFilter: 1, priorityCategories: 1101000, priorityCallSenders: 1]
03-04 15:07:48.578 20799 20799 I DialerLogcatLoggingBindings: com.android.dialer.logging.logcat.LogcatLoggingBindings.logImpression:46 Impression: CALL_NOTIFICATION_SHOWN_OR_UPDATED
03-04 15:07:48.581 20799 20799 I DialerLegacyStatusBarNotifier: com.android.incallui.LegacyStatusBarNotifier.sendNotification:498 Notification Channel INCOMING_CALL: NotificationChannel{mId='phone_incoming_call', mName=来电, mDescription=, mImportance=4, mBypassDnd=false, mLockscreenVisibility=-1000, mSound=null, mLights=true, mLightColor=0, mVibration=null, mUserLockedFields=0, mFgServiceShown=false, mVibrationEnabled=false, mShowBadge=false, mDeleted=false, mDeletedTimeMs=-1, mGroup='null', mAudioAttributes=AudioAttributes: usage=USAGE_NOTIFICATION content=CONTENT_TYPE_UNKNOWN flags=0x800 tags= bundle=null, mBlockableSystem=false, mAllowBubbles=-1, mImportanceLockedByOEM=true, mImportanceLockedDefaultApp=false, mOriginalImp=4, mParent=null, mConversationId=null, mDemoted=false, mImportantConvo=false}
03-04 15:07:48.581 20799 20799 I DialerLegacyStatusBarNotifier: com.android.incallui.LegacyStatusBarNotifier.sendNotification:504 canceling old notification so this one can be noisy
03-04 15:07:48.581 20799 20843 I DialerRttConfigurationLoaderImpl: com.android.dialer.rtt.settings.impl.configuration.RttConfigurationLoaderImpl.lambda$isRttVisibilitySupported$1:115 rtt calling supported by telecom:: false
03-04 15:07:48.583  1001  2513 D audio_hw_primary: adev_get_parameters:vr_audio_mode_on
03-04 15:07:48.583  1093  2435 I hash_map_utils: system/bt/osi/src/hash_map_utils.cc:81 hash_map_utils_dump_string_keys_string_values: key: 'vr_audio_mode_on' value: ''
03-04 15:07:48.585  1093  2435 W AudioFlinger: createTrack_l(): mismatch between requested flags (00000001) and output flags (00000006)
03-04 15:07:48.585  1093  2435 D AudioFlinger: Client defaulted notificationFrames to 12000 for frameCount 24000
03-04 15:07:48.589  1093  2435 D AF::TrackHandle: OpPlayAudio: track:76 usage:6 not muted
03-04 15:07:48.589 20799 20799 I DialerTelecomEventUiThreadBlockedTimer: com.android.incallui.TelecomEventUiThreadBlockedTimer.lambda$onEvent$0:58 InCallService.uiThreadBlockedByTelecomEvent blocked UI thread for 102.83 ms
03-04 15:07:48.589 20799 20799 I DialerTelecomEventUiThreadBlockedTimer: com.android.incallui.TelecomEventUiThreadBlockedTimer.lambda$onEvent$0:58 InCallService.uiThreadBlockedByTelecomEvent.onCallAdded blocked UI thread for 103.10 ms
03-04 15:07:48.590 20799 20799 I DialerInCallUpdatePropagatorImpl: com.android.dialer.incall.core.dataservice.impl.InCallUpdatePropagatorImpl$1.onSuccess:63 IN_CALL_UPDATE_MONITORING: fire update in the ui thread
03-04 15:07:48.590 20799 20799 I DialerTelecomEventUiThreadBlockedTimer: com.android.incallui.TelecomEventUiThreadBlockedTimer.lambda$onEvent$0:58 InCallService.uiThreadBlockedByTelecomEvent.onCallAudioStateChanged blocked UI thread for 49.88 ms
03-04 15:07:48.590 20799 20799 I DialerCompositeSpamStatus: com.android.dialer.spam.composite.CompositeSpamStatus.getSpamStatusSourceOfTruth:49 enter
03-04 15:07:48.590 20799 20799 I DialerCompositeSpamStatus: com.android.dialer.spam.composite.CompositeSpamStatus.getSpamStatusSourceOfTruth:68 patronus is source of truth
03-04 15:07:48.590 20799 20799 I DialerCompositeSpamStatus: com.android.dialer.spam.composite.CompositeSpamStatus.mergeStirShakenWith:86 merging stirShaken status with other metadata
03-04 15:07:48.590 20799 20799 I DialerCompositeSpamStatus: com.android.dialer.spam.composite.CompositeSpamStatus.mergeStirShakenWith:91 failed to merge stirShaken status
03-04 15:07:48.591 20799 20799 I DialerLogcatLoggingBindings: com.android.dialer.logging.logcat.LogcatLoggingBindings.logCallImpression:52 Impression: INCOMING_NON_SPAM_CALL, CallId: 7ba353be-1c36-4c0c-adb9-18b72c7a1fc2
03-04 15:07:48.591 20799 20799 I DialerCallList: com.android.incallui.call.CallList.onUpdateCall:811 [DialerCall_2, INCOMING, [Capabilities: CAPABILITY_SUPPORT_HOLD CAPABILITY_RESPOND_VIA_TEXT CAPABILITY_MUTE CAPABILITY_CANNOT_DOWNGRADE_VIDEO_TO_AUDIO], [Properties:], children:[], parent:null, conferenceable:[], videoState:Audio Only, SessionModificationState:0, CameraDir:-1]
03-04 15:07:48.591 20799 20799 I DialerLegacyActiveCallSource: com.android.dialer.audio.impl.LegacyActiveCallSource.update:94 no active call
03-04 15:07:48.591 20799 20799 I DialerInCallPresenter: com.android.incallui.InCallPresenter.dontAddToThisMethodOrYoullBeSorry:1055 Phone switching state: INCOMING -> INCOMING
03-04 15:07:48.591 20799 20799 I DialerContactInfoCache: com.android.incallui.ContactInfoCache.findInfo:328 findInfo
03-04 15:07:48.592 20799 20799 I DialerVideoPauseController: com.android.incallui.VideoPauseController.onStateChange:162 hasPrimaryCallChanged: false, videoCanPause: false, isInBackground: false
03-04 15:07:48.593 20799 20799 I DialerMotorolaInCallUiNotifier: com.android.incallui.MotorolaInCallUiNotifier.onStateChange:67 INCOMING to INCOMING
03-04 15:07:48.593 20799 20799 I DialerLegacyStatusBarNotifier: com.android.incallui.LegacyStatusBarNotifier.getCallToShow:1016 state of call to show: INCOMING
03-04 15:07:48.593 20799 20799 I DialerLegacyStatusBarNotifier: com.android.incallui.LegacyStatusBarNotifier.showNotification:283 showNotification
03-04 15:07:48.593 20799 20799 I DialerContactInfoCache: com.android.incallui.ContactInfoCache.findInfo:328 findInfo
03-04 15:07:48.593 20799 20799 I DialerLegacyStatusBarNotifier: com.android.incallui.LegacyStatusBarNotifier$ContactInfoCacheCallbackImpl.onContactInfoComplete:1412 onContactInfoComplete
03-04 15:07:48.593 20799 20799 I DialerLegacyStatusBarNotifier: com.android.incallui.LegacyStatusBarNotifier.buildAndSendNotification:320 buildAndSendNotification
03-04 15:07:48.593 20799 20799 I DialerLegacyStatusBarNotifier: com.android.incallui.LegacyStatusBarNotifier.getCallToShow:1016 state of call to show: INCOMING
03-04 15:07:48.593 20799 20799 I DialerInCallPresenter: com.android.incallui.InCallPresenter.isActivityStarted:1459 inCallActivity == null
03-04 15:07:48.593 20799 20799 I DialerLegacyStatusBarNotifier: com.android.incallui.LegacyStatusBarNotifier.buildAndSendNotification:347 notificationType=INCOMING_CALL
03-04 15:07:48.595 20799 20799 I DialerInCallPresenter: com.android.incallui.InCallPresenter.isActivityStarted:1459 inCallActivity == null
03-04 15:07:48.596 20799 20799 I DialerCallerInfoAsyncQuery: com.android.incallui.CallerInfoAsyncQuery.startOtherDirectoriesQuery:196 startOtherDirectoriesQuery
03-04 15:07:48.596  2160  2160 I notification_enqueue: [10149,20799,com.google.android.dialer,1,NULL,0,Notification(channel=phone_incoming_call shortcut=null contentView=null vibrate=null sound=null defaults=0x0 flags=0xca color=0xff00796b category=call actions=2 vis=PRIVATE publicVersion=Notification(channel=null shortcut=null contentView=null vibrate=null sound=null defaults=0x0 flags=0x0 color=0xffb5cad7 vis=PRIVATE)),0]
03-04 15:07:48.603 20799 20799 I DialerContactInfoCache: com.android.incallui.ContactInfoCache$FindInfoCallback.onQueryComplete:782 onQueryComplete
03-04 15:07:48.603 20799 20799 I DialerContactInfoCache: com.android.incallui.ContactInfoCache.sendInfoNotifications:618 sendInfoNotifications
03-04 15:07:48.606 20799 20799 I DialerLegacyStatusBarNotifier: com.android.incallui.LegacyStatusBarNotifier$ContactInfoCacheCallbackImpl.onContactInfoComplete:1412 onContactInfoComplete
03-04 15:07:48.606 20799 20799 I DialerLegacyStatusBarNotifier: com.android.incallui.LegacyStatusBarNotifier.buildAndSendNotification:320 buildAndSendNotification
03-04 15:07:48.606 20799 20799 I DialerLegacyStatusBarNotifier: com.android.incallui.LegacyStatusBarNotifier.getCallToShow:1016 state of call to show: INCOMING
03-04 15:07:48.606 20799 20799 I DialerInCallPresenter: com.android.incallui.InCallPresenter.isActivityStarted:1459 inCallActivity == null
03-04 15:07:48.606  1001  2513 I EffectsFactory: EffectCreate() create_effect
03-04 15:07:48.606 20799 20799 I DialerLegacyStatusBarNotifier: com.android.incallui.LegacyStatusBarNotifier.buildAndSendNotification:347 notificationType=INCOMING_CALL
03-04 15:07:48.608 20799 20799 I DialerCallList: com.android.incallui.call.CallList$2.onSuccess:311 successfully fetched rtt configuration: UNSUPPORTED
03-04 15:07:48.609 20799 20799 I DialerLegacyActiveCallSource: com.android.dialer.audio.impl.LegacyActiveCallSource.update:94 no active call
03-04 15:07:48.609 20799 20799 I DialerInCallPresenter: com.android.incallui.InCallPresenter.dontAddToThisMethodOrYoullBeSorry:1055 Phone switching state: INCOMING -> INCOMING
03-04 15:07:48.609 20799 20799 I DialerContactInfoCache: com.android.incallui.ContactInfoCache.findInfo:328 findInfo
03-04 15:07:48.611 20799 20799 I DialerVideoPauseController: com.android.incallui.VideoPauseController.onStateChange:162 hasPrimaryCallChanged: false, videoCanPause: false, isInBackground: false
03-04 15:07:48.611 20799 20799 I DialerMotorolaInCallUiNotifier: com.android.incallui.MotorolaInCallUiNotifier.onStateChange:67 INCOMING to INCOMING
03-04 15:07:48.611 20799 20799 I DialerLegacyStatusBarNotifier: com.android.incallui.LegacyStatusBarNotifier.getCallToShow:1016 state of call to show: INCOMING
03-04 15:07:48.611 20799 20799 I DialerLegacyStatusBarNotifier: com.android.incallui.LegacyStatusBarNotifier.showNotification:283 showNotification
03-04 15:07:48.611 20799 20799 I DialerContactInfoCache: com.android.incallui.ContactInfoCache.findInfo:328 findInfo
03-04 15:07:48.611 20799 20799 I DialerLegacyStatusBarNotifier: com.android.incallui.LegacyStatusBarNotifier$ContactInfoCacheCallbackImpl.onContactInfoComplete:1412 onContactInfoComplete
03-04 15:07:48.611 20799 20799 I DialerLegacyStatusBarNotifier: com.android.incallui.LegacyStatusBarNotifier.buildAndSendNotification:320 buildAndSendNotification
03-04 15:07:48.612 20799 20799 I DialerLegacyStatusBarNotifier: com.android.incallui.LegacyStatusBarNotifier.getCallToShow:1016 state of call to show: INCOMING
03-04 15:07:48.612 20799 20799 I DialerInCallPresenter: com.android.incallui.InCallPresenter.isActivityStarted:1459 inCallActivity == null
03-04 15:07:48.612 20799 20799 I DialerLegacyStatusBarNotifier: com.android.incallui.LegacyStatusBarNotifier.buildAndSendNotification:347 notificationType=INCOMING_CALL
03-04 15:07:48.612 20799 20841 I DialerLegacyCountryDetector: com.android.dialer.location.LegacyCountryDetector.getCurrentCountryIso:123 returning Redacted-2-chars
03-04 15:07:48.613  2160  2637 D CompatibilityInfo: mCompatibilityFlags - 0
03-04 15:07:48.613  2160  2637 D CompatibilityInfo: applicationDensity - 300
03-04 15:07:48.613  2160  2637 D CompatibilityInfo: applicationScale - 1.0
03-04 15:07:48.614 20799 20799 I DialerInCallPresenter: com.android.incallui.InCallPresenter.isActivityStarted:1459 inCallActivity == null
03-04 15:07:48.614 20799 20799 I DialerInCallProductionComponentAuthorityImpl: com.android.dialer.incall.core.dataservice.impl.InCallProductionComponentAuthorityImpl.postNewPrimaryCallGraph:60 IN_CALL_UPDATE_MONITORING: start building new call graph
03-04 15:07:48.617 20799 20838 W DialerCallInfoLookupServicePhoneLookupContributor: com.android.dialer.phonelookup.dialergatewayserver.CallInfoLookupServicePhoneLookupContributor.logInCallImpression:444 call is null
03-04 15:07:48.617 20799 20799 I DialerTiktokDataServiceInCallUpdateListener: com.android.dialer.incall.core.dataservice.impl.TiktokDataServiceInCallUpdateListener.onCallGraphUpdated:30 IN_CALL_UPDATE_MONITORING: enter
03-04 15:07:48.625 20799 21623 E SpatulaClientInterceptor: Error getting spatula header
03-04 15:07:48.625 20799 21623 E SpatulaClientInterceptor: java.util.concurrent.ExecutionException: jyn: 3006: 
03-04 15:07:48.625 20799 21623 E SpatulaClientInterceptor: 	at kko.b(PG:2)
03-04 15:07:48.625 20799 21623 E SpatulaClientInterceptor: 	at kko.q(PG:8)
03-04 15:07:48.625 20799 21623 E SpatulaClientInterceptor: 	at ksl.b(PG:8)
03-04 15:07:48.625 20799 21623 E SpatulaClientInterceptor: 	at ksk.c(PG:2)
03-04 15:07:48.625 20799 21623 E SpatulaClientInterceptor: 	at rhj.e(PG:2)
03-04 15:07:48.625 20799 21623 E SpatulaClientInterceptor: 	at rhj.a(Unknown Source:10)
03-04 15:07:48.625 20799 21623 E SpatulaClientInterceptor: 	at esn.a(PG:97)
03-04 15:07:48.625 20799 21623 E SpatulaClientInterceptor: 	at nvx.a(PG:26)
03-04 15:07:48.625 20799 21623 E SpatulaClientInterceptor: 	at owo.a(PG:2)
03-04 15:07:48.625 20799 21623 E SpatulaClientInterceptor: 	at ovu.run(PG:3)
03-04 15:07:48.625 20799 21623 E SpatulaClientInterceptor: 	at owq.run(Unknown Source:4)
03-04 15:07:48.625 20799 21623 E SpatulaClientInterceptor: 	at kpi.run(PG:4)
03-04 15:07:48.625 20799 21623 E SpatulaClientInterceptor: 	at java.util.concurrent.ThreadPoolExecutor.runWorker(ThreadPoolExecutor.java:1167)
03-04 15:07:48.625 20799 21623 E SpatulaClientInterceptor: 	at java.util.concurrent.ThreadPoolExecutor$Worker.run(ThreadPoolExecutor.java:641)
03-04 15:07:48.625 20799 21623 E SpatulaClientInterceptor: 	at koq.run(PG:37)
03-04 15:07:48.625 20799 21623 E SpatulaClientInterceptor: 	at kov.run(PG:5)
03-04 15:07:48.625 20799 21623 E SpatulaClientInterceptor: 	at java.lang.Thread.run(Thread.java:920)
03-04 15:07:48.625 20799 21623 E SpatulaClientInterceptor: Caused by: jyn: 3006: 
03-04 15:07:48.625 20799 21623 E SpatulaClientInterceptor: 	at kcz.au(PG:2)
03-04 15:07:48.625 20799 21623 E SpatulaClientInterceptor: 	at juu.a(Unknown Source:14)
03-04 15:07:48.625 20799 21623 E SpatulaClientInterceptor: 	at jur.dY(PG:1)
03-04 15:07:48.625 20799 21623 E SpatulaClientInterceptor: 	at jrt.onTransact(PG:4)
03-04 15:07:48.625 20799 21623 E SpatulaClientInterceptor: 	at android.os.Binder.execTransactInternal(Binder.java:1179)
03-04 15:07:48.625 20799 21623 E SpatulaClientInterceptor: 	at android.os.Binder.execTransact(Binder.java:1143)
03-04 15:07:48.626 20799 20842 E DialerCallInfoLookupServicePhoneLookupContributor: com.android.dialer.phonelookup.dialergatewayserver.CallInfoLookupServicePhoneLookupContributor.handleRuntimeException:397 SpatulaAuthException
03-04 15:07:48.626 20799 20842 E DialerCallInfoLookupServicePhoneLookupContributor: java.lang.IllegalStateException: ksj
03-04 15:07:48.626 20799 20842 E DialerCallInfoLookupServicePhoneLookupContributor: 	at fzz.a(PG:12)
03-04 15:07:48.626 20799 20842 E DialerCallInfoLookupServicePhoneLookupContributor: 	at oui.a(PG:3)
03-04 15:07:48.626 20799 20842 E DialerCallInfoLookupServicePhoneLookupContributor: 	at oui.a(PG:3)
03-04 15:07:48.626 20799 20842 E DialerCallInfoLookupServicePhoneLookupContributor: 	at osz.b(PG:2)
03-04 15:07:48.626 20799 20842 E DialerCallInfoLookupServicePhoneLookupContributor: 	at otb.run(PG:10)
03-04 15:07:48.626 20799 20842 E DialerCallInfoLookupServicePhoneLookupContributor: 	at kpi.run(PG:4)
03-04 15:07:48.626 20799 20842 E DialerCallInfoLookupServicePhoneLookupContributor: 	at java.util.concurrent.ThreadPoolExecutor.runWorker(ThreadPoolExecutor.java:1167)
03-04 15:07:48.626 20799 20842 E DialerCallInfoLookupServicePhoneLookupContributor: 	at java.util.concurrent.ThreadPoolExecutor$Worker.run(ThreadPoolExecutor.java:641)
03-04 15:07:48.626 20799 20842 E DialerCallInfoLookupServicePhoneLookupContributor: 	at knc.run(PG:16)
03-04 15:07:48.626 20799 20842 E DialerCallInfoLookupServicePhoneLookupContributor: 	at kov.run(PG:5)
03-04 15:07:48.626 20799 20842 E DialerCallInfoLookupServicePhoneLookupContributor: 	at java.lang.Thread.run(Thread.java:920)
03-04 15:07:48.626 20799 20842 E DialerCallInfoLookupServicePhoneLookupContributor: Caused by: ksj
03-04 15:07:48.626 20799 20842 E DialerCallInfoLookupServicePhoneLookupContributor: 	at ksk.c(PG:5)
03-04 15:07:48.626 20799 20842 E DialerCallInfoLookupServicePhoneLookupContributor: 	at rhj.e(PG:2)
03-04 15:07:48.626 20799 20842 E DialerCallInfoLookupServicePhoneLookupContributor: 	at rhj.a(Unknown Source:10)
03-04 15:07:48.626 20799 20842 E DialerCallInfoLookupServicePhoneLookupContributor: 	at esn.a(PG:97)
03-04 15:07:48.626 20799 20842 E DialerCallInfoLookupServicePhoneLookupContributor: 	at nvx.a(PG:26)
03-04 15:07:48.626 20799 20842 E DialerCallInfoLookupServicePhoneLookupContributor: 	at owo.a(PG:2)
03-04 15:07:48.626 20799 20842 E DialerCallInfoLookupServicePhoneLookupContributor: 	at ovu.run(PG:3)
03-04 15:07:48.626 20799 20842 E DialerCallInfoLookupServicePhoneLookupContributor: 	at owq.run(Unknown Source:4)
03-04 15:07:48.626 20799 20842 E DialerCallInfoLookupServicePhoneLookupContributor: 	at kpi.run(PG:4)
03-04 15:07:48.626 20799 20842 E DialerCallInfoLookupServicePhoneLookupContributor: 	at java.util.concurrent.ThreadPoolExecutor.runWorker(ThreadPoolExecutor.java:1167)
03-04 15:07:48.626 20799 20842 E DialerCallInfoLookupServicePhoneLookupContributor: 	at java.util.concurrent.ThreadPoolExecutor$Worker.run(ThreadPoolExecutor.java:641)
03-04 15:07:48.626 20799 20842 E DialerCallInfoLookupServicePhoneLookupContributor: 	at koq.run(PG:37)
03-04 15:07:48.626 20799 20842 E DialerCallInfoLookupServicePhoneLookupContributor: 	... 2 more
03-04 15:07:48.627 20799 20842 I DialerLogcatLoggingBindings: com.android.dialer.logging.logcat.LogcatLoggingBindings.logImpression:41 Impression: DIALER_GATEWAY_CALL_INFO_LOOKUP_SERVICE_PHONE_LOOKUP_FAILED
03-04 15:07:48.629 20799 20843 I DialerLegacyCountryDetector: com.android.dialer.location.LegacyCountryDetector.getCurrentCountryIso:123 returning Redacted-2-chars
03-04 15:07:48.634 20799 20845 E SpatulaClientInterceptor: Error getting spatula header
03-04 15:07:48.634 20799 20845 E SpatulaClientInterceptor: java.util.concurrent.ExecutionException: jyn: 3006: 
03-04 15:07:48.634 20799 20845 E SpatulaClientInterceptor: 	at kko.b(PG:2)
03-04 15:07:48.634 20799 20845 E SpatulaClientInterceptor: 	at kko.q(PG:8)
03-04 15:07:48.634 20799 20845 E SpatulaClientInterceptor: 	at ksl.b(PG:8)
03-04 15:07:48.634 20799 20845 E SpatulaClientInterceptor: 	at ksk.c(PG:2)
03-04 15:07:48.634 20799 20845 E SpatulaClientInterceptor: 	at rhj.e(PG:2)
03-04 15:07:48.634 20799 20845 E SpatulaClientInterceptor: 	at rhj.a(Unknown Source:10)
03-04 15:07:48.634 20799 20845 E SpatulaClientInterceptor: 	at esn.a(PG:97)
03-04 15:07:48.634 20799 20845 E SpatulaClientInterceptor: 	at nvx.a(PG:26)
03-04 15:07:48.634 20799 20845 E SpatulaClientInterceptor: 	at owo.a(PG:2)
03-04 15:07:48.634 20799 20845 E SpatulaClientInterceptor: 	at ovu.run(PG:3)
03-04 15:07:48.634 20799 20845 E SpatulaClientInterceptor: 	at owq.run(Unknown Source:4)
03-04 15:07:48.634 20799 20845 E SpatulaClientInterceptor: 	at kpi.run(PG:4)
03-04 15:07:48.634 20799 20845 E SpatulaClientInterceptor: 	at java.util.concurrent.ThreadPoolExecutor.runWorker(ThreadPoolExecutor.java:1167)
03-04 15:07:48.634 20799 20845 E SpatulaClientInterceptor: 	at java.util.concurrent.ThreadPoolExecutor$Worker.run(ThreadPoolExecutor.java:641)
03-04 15:07:48.634 20799 20845 E SpatulaClientInterceptor: 	at koq.run(PG:37)
03-04 15:07:48.634 20799 20845 E SpatulaClientInterceptor: 	at kov.run(PG:5)
03-04 15:07:48.634 20799 20845 E SpatulaClientInterceptor: 	at java.lang.Thread.run(Thread.java:920)
03-04 15:07:48.634 20799 20845 E SpatulaClientInterceptor: Caused by: jyn: 3006: 
03-04 15:07:48.634 20799 20845 E SpatulaClientInterceptor: 	at kcz.au(PG:2)
03-04 15:07:48.634 20799 20845 E SpatulaClientInterceptor: 	at juu.a(Unknown Source:14)
03-04 15:07:48.634 20799 20845 E SpatulaClientInterceptor: 	at jur.dY(PG:1)
03-04 15:07:48.634 20799 20845 E SpatulaClientInterceptor: 	at jrt.onTransact(PG:4)
03-04 15:07:48.634 20799 20845 E SpatulaClientInterceptor: 	at android.os.Binder.execTransactInternal(Binder.java:1179)
03-04 15:07:48.634 20799 20845 E SpatulaClientInterceptor: 	at android.os.Binder.execTransact(Binder.java:1143)
03-04 15:07:48.634  1001  2513 E volume_listener: check_and_set_gain_dep_cal: Failed to set gain dep cal level
03-04 15:07:48.634  1001  2514 D audio_hw_primary: adev_create_audio_patch: enter: num sources 1, num_sinks 1, handle 1
03-04 15:07:48.634  1001  2514 D audio_hw_primary: adev_create_audio_patch: Playback patch from mix handle 13 to device 2
03-04 15:07:48.634  1001  2514 D audio_hw_primary: route_output_stream: enter: usecase(1: low-latency-playback) devices 2
03-04 15:07:48.635 20799 20863 E DialerCallInfoLookupServicePhoneLookupContributor: com.android.dialer.phonelookup.dialergatewayserver.CallInfoLookupServicePhoneLookupContributor.handleRuntimeException:397 SpatulaAuthException
03-04 15:07:48.635 20799 20863 E DialerCallInfoLookupServicePhoneLookupContributor: java.lang.IllegalStateException: ksj
03-04 15:07:48.635 20799 20863 E DialerCallInfoLookupServicePhoneLookupContributor: 	at fzz.a(PG:12)
03-04 15:07:48.635 20799 20863 E DialerCallInfoLookupServicePhoneLookupContributor: 	at oui.a(PG:3)
03-04 15:07:48.635 20799 20863 E DialerCallInfoLookupServicePhoneLookupContributor: 	at oui.a(PG:3)
03-04 15:07:48.635 20799 20863 E DialerCallInfoLookupServicePhoneLookupContributor: 	at osz.b(PG:2)
03-04 15:07:48.635 20799 20863 E DialerCallInfoLookupServicePhoneLookupContributor: 	at otb.run(PG:10)
03-04 15:07:48.635 20799 20863 E DialerCallInfoLookupServicePhoneLookupContributor: 	at kpi.run(PG:4)
03-04 15:07:48.635 20799 20863 E DialerCallInfoLookupServicePhoneLookupContributor: 	at java.util.concurrent.ThreadPoolExecutor.runWorker(ThreadPoolExecutor.java:1167)
03-04 15:07:48.635 20799 20863 E DialerCallInfoLookupServicePhoneLookupContributor: 	at java.util.concurrent.ThreadPoolExecutor$Worker.run(ThreadPoolExecutor.java:641)
03-04 15:07:48.635 20799 20863 E DialerCallInfoLookupServicePhoneLookupContributor: 	at knc.run(PG:16)
03-04 15:07:48.635 20799 20863 E DialerCallInfoLookupServicePhoneLookupContributor: 	at kov.run(PG:5)
03-04 15:07:48.635 20799 20863 E DialerCallInfoLookupServicePhoneLookupContributor: 	at java.lang.Thread.run(Thread.java:920)
03-04 15:07:48.635 20799 20863 E DialerCallInfoLookupServicePhoneLookupContributor: Caused by: ksj
03-04 15:07:48.635 20799 20863 E DialerCallInfoLookupServicePhoneLookupContributor: 	at ksk.c(PG:5)
03-04 15:07:48.635 20799 20863 E DialerCallInfoLookupServicePhoneLookupContributor: 	at rhj.e(PG:2)
03-04 15:07:48.635 20799 20863 E DialerCallInfoLookupServicePhoneLookupContributor: 	at rhj.a(Unknown Source:10)
03-04 15:07:48.635 20799 20863 E DialerCallInfoLookupServicePhoneLookupContributor: 	at esn.a(PG:97)
03-04 15:07:48.635 20799 20863 E DialerCallInfoLookupServicePhoneLookupContributor: 	at nvx.a(PG:26)
03-04 15:07:48.635 20799 20863 E DialerCallInfoLookupServicePhoneLookupContributor: 	at owo.a(PG:2)
03-04 15:07:48.635 20799 20863 E DialerCallInfoLookupServicePhoneLookupContributor: 	at ovu.run(PG:3)
03-04 15:07:48.635 20799 20863 E DialerCallInfoLookupServicePhoneLookupContributor: 	at owq.run(Unknown Source:4)
03-04 15:07:48.635 20799 20863 E DialerCallInfoLookupServicePhoneLookupContributor: 	at kpi.run(PG:4)
03-04 15:07:48.635 20799 20863 E DialerCallInfoLookupServicePhoneLookupContributor: 	at java.util.concurrent.ThreadPoolExecutor.runWorker(ThreadPoolExecutor.java:1167)
03-04 15:07:48.635 20799 20863 E DialerCallInfoLookupServicePhoneLookupContributor: 	at java.util.concurrent.ThreadPoolExecutor$Worker.run(ThreadPoolExecutor.java:641)
03-04 15:07:48.635 20799 20863 E DialerCallInfoLookupServicePhoneLookupContributor: 	at koq.run(PG:37)
03-04 15:07:48.635 20799 20863 E DialerCallInfoLookupServicePhoneLookupContributor: 	... 2 more
03-04 15:07:48.636 20799 20863 I DialerLogcatLoggingBindings: com.android.dialer.logging.logcat.LogcatLoggingBindings.logImpression:41 Impression: DIALER_GATEWAY_CALL_INFO_LOOKUP_SERVICE_PHONE_LOOKUP_FAILED
03-04 15:07:48.643  1001  4343 D audio_hw_primary: start_output_stream: enter: stream(0xea484330)usecase(1: low-latency-playback) devices(0x2) is_haptic_usecase(0)
03-04 15:07:48.644  1001  4343 D audio_hw_primary: select_devices for use case (low-latency-playback)
03-04 15:07:48.644  1001  4343 D audio_hw_primary: select_devices: changing use case low-latency-playback output device from(1: handset, acdb 7) to (2: speaker, acdb 14)
03-04 15:07:48.644  1001  4343 I msm8974_platform: platform_check_and_set_codec_backend_cfg:becf: afe: bitwidth 16, samplerate 48000 channels 2, backend_idx 0 usecase = 1 device (speaker)
03-04 15:07:48.644  1001  4343 I msm8974_platform: platform_check_and_set_codec_backend_cfg: new_snd_devices[0] is 2
03-04 15:07:48.644  1001  4343 I msm8974_platform: platform_check_codec_backend_cfg:becf: afe: bitwidth 16, samplerate 48000 channels 2, backend_idx 0 usecase = 1 device (speaker)
03-04 15:07:48.644  1001  4343 D msm8974_platform: platform_check_codec_backend_cfg:becf: updated afe: bitwidth 16, samplerate 48000 channels 2,backend_idx 0 usecase = 1 device (speaker)
03-04 15:07:48.645  1001  4343 I msm8974_platform: platform_check_codec_backend_cfg:becf: afe: Codec selected backend: 0 updated bit width: 16 and sample rate: 48000
03-04 15:07:48.645  1001  4343 D audio_hw_primary: check_usecases_codec_backend:becf: force routing 0
03-04 15:07:48.645  1001  4343 D audio_hw_primary: check_usecases_codec_backend:becf: (85) check_usecases curr device: speaker, usecase device: backends match 0
03-04 15:07:48.645  1001  4343 D audio_hw_primary: check_usecases_codec_backend:becf: check_usecases num.of Usecases to switch 0
03-04 15:07:48.645  1001  4343 W msm8974_platform: platform_get_backend_index:napb: Invalid device - 0 
03-04 15:07:48.645  1001  4343 D hardware_info: hw_info_append_hw_type : device_name = speaker
03-04 15:07:48.645  1001  4343 D audio_hw_primary: enable_snd_device: snd_device(2: speaker)
03-04 15:07:48.645  1001  4343 D msm8974_platform: platform_get_island_cfg_on_device:island cfg status on snd_device = (speaker 0)
03-04 15:07:48.645  1001  4343 I soundtrigger: audio_extn_sound_trigger_update_device_status: device 0x2 of type 0 for Event 1, with Raise=0
03-04 15:07:48.645  1001  4343 D audio_route: Apply path: speaker
03-04 15:07:48.659     0     0 I [aw87xxx_pa_1_58]aw87xxx_show_current_mode: aw87559_i2c1@0x58 current_mode: 0, pa_channel: 0
03-04 15:07:48.659     0     0 I aw87xxx_mode_get_0: get mode:0
03-04 15:07:48.660     0     0 I         : [aw87xxx_pa_1_58]aw87xxx_audio_scene_load enter, mode=1, pa_channel=0
03-04 15:07:48.660     0     0 I         : [aw87xxx_pa_1_58]aw87xxx_scene_reg_update enter, mode: 1
03-04 15:07:48.660     0     0 I         : [aw87xxx_pa_1_58]aw87xxx_hw_on enter
03-04 15:07:48.662 20799 20856 I DialerFlipToShushSettings: com.android.dialer.fliptosilence.FlipToShushSettings.isFlipToShushEnabled:92 autoDndConfiguration: 1
03-04 15:07:48.664  1001  4343 D soundtrigger: audio_extn_sound_trigger_update_stream_status: uc_info->id 1 of type 0 for Event 3, with Raise=0
03-04 15:07:48.664  1001  4343 D audio_hw_utils: audio_extn_utils_send_app_type_cfg: usecase->out_snd_device speaker
03-04 15:07:48.664  1001  4343 I audio_hw_utils: send_app_type_cfg_for_device PLAYBACK app_type 69937, acdb_dev_id 14, sample_rate 48000, snd_device_be_idx 189
03-04 15:07:48.665  1001  4343 D ACDB-LOADER: ACDB -> send_audio_cal, acdb_id = 14, path = 0, app id = 0x11131, sample rate = 48000, use_case = 0,buffer_idx_w_path =0, afe_sample_rate = 48000, cal_mode = 1, offset_index = 0
03-04 15:07:48.665  1001  4343 D ACDB-LOADER: ACDB -> send_asm_topology
03-04 15:07:48.665  1001  4343 D ACDB-LOADER: ACDB -> ACDB_CMD_GET_AUDPROC_STREAM_TOPOLOGY_ID
03-04 15:07:48.665  1001  4343 D ACDB-LOADER: ACDB -> send_adm_topology
03-04 15:07:48.665  1001  4343 D ACDB-LOADER: ACDB -> ACDB_CMD_GET_AUDPROC_COMMON_TOPOLOGY_ID
03-04 15:07:48.665  1001  4343 D ACDB-LOADER: ACDB -> send_audtable
03-04 15:07:48.665  1001  4343 D ACDB-LOADER: ACDB -> ACDB_CMD_GET_AUDPROC_INSTANCE_COMMON_TABLE_SIZE
03-04 15:07:48.665  1001  4343 D ACDB-LOADER: ACDB -> ACDB_CMD_GET_AUDPROC_INSTANCE_COMMON_TABLE
03-04 15:07:48.665  1001  4343 D ACDB-LOADER: ACDB -> AUDIO_SET_AUDPROC_CAL cal_type[11] acdb_id[14] app_type[69937]
03-04 15:07:48.665  1001  4343 D ACDB-LOADER: ACDB -> send_audvoltable
03-04 15:07:48.665  1001  4343 D ACDB-LOADER: ACDB -> ACDB_CMD_GET_AUDPROC_INSTANCE_GAIN_DEP_STEP_TABLE_SIZE
03-04 15:07:48.665  1001  4343 D android.hardware.audio.service: Failed to fetch the lookup information of the device 0000000E 
03-04 15:07:48.665  1001  4343 D ACDB-LOADER: Error: ACDB_CMD_GET_AUDPROC_INSTANCE_GAIN_DEP_STEP_TABLE_SIZE Returned = -19
03-04 15:07:48.665  1001  4343 D ACDB-LOADER: ACDB -> ACDB_CMD_GET_AUDPROC_INSTANCE_GAIN_DEP_STEP_TABLE, vol index 0
03-04 15:07:48.665  1001  4343 D android.hardware.audio.service: Failed to fetch the lookup information of the device 0000000E 
03-04 15:07:48.665  1001  4343 D ACDB-LOADER: Error: ACDB AudProc vol returned = -19
03-04 15:07:48.665  1001  4343 D ACDB-LOADER: ACDB -> AUDIO_SET_VOL_CAL cal type = 12
03-04 15:07:48.665  1001  4343 D ACDB-LOADER: ACDB -> ACDB_CMD_GET_AUDPROC_INSTANCE_STREAM_TABLE_SIZE
03-04 15:07:48.665  1001  4343 D ACDB-LOADER: ACDB -> send_audstrmtable
03-04 15:07:48.665  1001  4343 D ACDB-LOADER: ACDB -> ACDB_CMD_GET_AUDPROC_INSTANCE_STREAM_TABLE
03-04 15:07:48.665  1001  4343 D ACDB-LOADER: ACDB -> audstrm_cal->cal_type.cal_data.cal_size = 20
03-04 15:07:48.665  1001  4343 D ACDB-LOADER: ACDB -> send_afe_topology
03-04 15:07:48.665  1001  4343 D ACDB-LOADER: ACDB -> ACDB_CMD_GET_AFE_TOPOLOGY_ID
03-04 15:07:48.665  1001  4343 D ACDB-LOADER: ACDB -> GET_AFE_TOPOLOGY_ID for adcd_id 14, Topology Id 1000ff01
03-04 15:07:48.665  1001  4343 D ACDB-LOADER: ACDB -> send_afe_cal
03-04 15:07:48.665  1001  4343 D ACDB-LOADER: ACDB -> ACDB_CMD_GET_AFE_INSTANCE_COMMON_TABLE_SIZE
03-04 15:07:48.665  1001  4343 D ACDB-LOADER: ACDB -> ACDB_CMD_GET_AFE_INSTANCE_COMMON_TABLE
03-04 15:07:48.666  1001  4343 D ACDB-LOADER: ACDB -> AUDIO_SET_AFE_CAL cal_type[16] acdb_id[14]
03-04 15:07:48.666  1001  4343 D ACDB-LOADER: ACDB -> send_hw_delay : acdb_id = 14 path = 0
03-04 15:07:48.666  1001  4343 D ACDB-LOADER: ACDB -> ACDB_AVSYNC_INFO: ACDB_CMD_GET_DEVICE_PROPERTY
03-04 15:07:48.666  1001  4343 D audio_hw_primary: enable_audio_route: apply mixer and update path: low-latency-playback
03-04 15:07:48.666  1001  4343 D audio_route: Apply path: low-latency-playback
03-04 15:07:48.666  1001  4343 D audio_hw_primary: select_devices: done
03-04 15:07:48.666  1001  4343 D msm8974_platform: platform_set_channel_map mixer_ctl_name:Playback Channel Map9
03-04 15:07:48.666  1001  4343 D msm8974_platform: platform_set_channel_map: set mapping(1 2 0 0 0 0 0 0) for channel:2
03-04 15:07:48.672     0     0 I aw87xxx_mode_set_0: set mode:1 success
03-04 15:07:48.692     0     0 I afe_get_cal_topology_id: port_id = 0xb032 acdb_id = 14 topology_id = 0x1000ff01 cal_type_index=8 ret=0
03-04 15:07:48.694     0     0 I afe_send_hw_delay: port_id 0xb032 rate 48000 delay_usec 0 status 0
03-04 15:07:48.702     0     0 E q6asm_find_cal_by_buf_number: Can't find ASM Cal for cal_index 0 app_type 0 buffer_number 4
03-04 15:07:48.713     0     0 E q6asm_find_cal_by_buf_number: Can't find ASM Cal for cal_index 2 app_type 69937 buffer_number 8
03-04 15:07:48.728  1001  4343 D audio_hw_primary: start_output_stream: exit
03-04 15:07:48.728  1001  4343 D audio_hw_primary: out_write: retry previous failed cal level set
03-04 15:07:48.739  2160  2160 I sysui_multi_action: [757,1501,758,1,793,212,794,0,795,212,796,1,797,AmNotificationManager,806,com.android.server.telecom,857,TelecomAnsweringMachine,858,3,947,0,1500,0,1641,call,1688,1]
03-04 15:07:48.739  1001 15292 D ACDB-LOADER: ACDB -> send_audvoltable
03-04 15:07:48.739  1001 15292 D ACDB-LOADER: ACDB -> ACDB_CMD_GET_AUDPROC_INSTANCE_GAIN_DEP_STEP_TABLE_SIZE
03-04 15:07:48.739  1001 15292 D android.hardware.audio.service: Failed to fetch the lookup information of the device 0000000E 
03-04 15:07:48.739  1001 15292 D ACDB-LOADER: Error: ACDB_CMD_GET_AUDPROC_INSTANCE_GAIN_DEP_STEP_TABLE_SIZE Returned = -19
03-04 15:07:48.739  1001 15292 D ACDB-LOADER: ACDB -> ACDB_CMD_GET_AUDPROC_INSTANCE_GAIN_DEP_STEP_TABLE, vol index 4
03-04 15:07:48.739  1001 15292 D android.hardware.audio.service: Failed to fetch the lookup information of the device 0000000E 
03-04 15:07:48.739  1001 15292 D ACDB-LOADER: Error: ACDB AudProc vol returned = -19
03-04 15:07:48.739  1001 15292 D ACDB-LOADER: ACDB -> AUDIO_SET_VOL_CAL cal type = 40
03-04 15:07:48.739  2160  2160 I sysui_multi_action: [757,804,799,note_interruptive,801,0,802,1]
03-04 15:07:48.741  1048  1048 D vendor.qti.vibrator: Vibrator on for timeoutMs: 12
03-04 15:07:48.743  1048 21782 D vendor.qti.vibrator: Starting on on another thread
03-04 15:07:48.746  2160  2160 I sysui_multi_action: [757,1501,758,1,793,220,794,0,795,220,796,1,797,AmNotificationManager,806,com.android.server.telecom,857,TelecomAnsweringMachine,858,3,947,0,1500,0,1641,call,1688,1]
03-04 15:07:48.747  2160  2160 I sysui_multi_action: [757,804,799,note_interruptive,801,0,802,1]
03-04 15:07:48.749  2160  2160 I sysui_multi_action: [757,199,758,1,759,5,793,222,794,0,795,222,796,1,797,AmNotificationManager,806,com.android.server.telecom,857,TelecomAnsweringMachine,858,3,947,0,1500,2,1641,call,1688,1]
03-04 15:07:48.750  2160  2160 I notification_alert: [0|com.android.server.telecom|1|AmNotificationManager|1000,1,0,1]
03-04 15:07:48.753  1048  1048 D vendor.qti.vibrator: QTI Vibrator off
03-04 15:07:48.756  1048 21782 D vendor.qti.vibrator: Notifying on complete
03-04 15:07:48.761  2160  2160 W NotificationHistory: Attempted to add notif for locked/gone/disabled user 0
03-04 15:07:48.779     0     0 I IRQ 6   : no longer affine to CPU5
03-04 15:07:48.799  2160  2160 I sysui_multi_action: [757,1501,758,1,793,207,794,0,795,207,796,1,806,com.google.android.dialer,857,phone_incoming_call,858,4,947,0,1500,0,1641,call,1688,1,1744,1]
03-04 15:07:48.799  2160  2160 I sysui_multi_action: [757,804,799,note_interruptive,801,0,802,1]
03-04 15:07:48.802  2160  2160 I sysui_multi_action: [757,1501,758,1,793,211,794,0,795,211,796,1,806,com.google.android.dialer,857,phone_incoming_call,858,4,947,0,1500,0,1641,call,1688,1,1744,1]
03-04 15:07:48.803  2160  2160 I sysui_multi_action: [757,804,799,note_interruptive,801,0,802,1]
03-04 15:07:48.803  2160  2160 I sysui_multi_action: [757,199,758,1,759,4,793,212,794,0,795,212,796,1,806,com.google.android.dialer,857,phone_incoming_call,858,4,947,0,1500,1,1641,call,1688,1,1744,1]
03-04 15:07:48.803  2160  2160 I notification_alert: [0|com.google.android.dialer|1|null|10149,0,0,1]
03-04 15:07:48.808  2160  2160 W NotificationHistory: Attempted to add notif for locked/gone/disabled user 0
03-04 15:07:48.817 10939 10939 D InterruptionStateProvider: No bubble up: not allowed to bubble: 0|com.android.server.telecom|1|AmNotificationManager|1000
03-04 15:07:48.820 10939 10939 D InterruptionStateProvider: No heads up: unimportant notification: 0|com.android.server.telecom|1|AmNotificationManager|1000
03-04 15:07:48.821 10939 11004 D PeopleSpaceWidgetMgr: Sbn doesn't contain valid PeopleTileKey: null/0/com.android.server.telecom
03-04 15:07:48.839 10939 10939 D InterruptionStateProvider: No bubble up: not allowed to bubble: 0|com.google.android.dialer|1|null|10149
03-04 15:07:48.843 10939 10939 W NotifBindPipeline: Row is not set so pipeline will not run. notif = 0|com.google.android.dialer|1|null|10149
03-04 15:07:48.843 10939 11004 D PeopleSpaceWidgetMgr: Sbn doesn't contain valid PeopleTileKey: null/0/com.google.android.dialer
03-04 15:07:48.949     0     0 I [charger info] usb: present=1 type=4 batt:present = 1 health = 1 charge_type = 3
03-04 15:07:48.949     0     0 I         : [charger info] batt_soc=100 batt_voltage=4441421 batt_current=9460 batt_temp=356 usb_voltage=4736672 usb_current=488860
03-04 15:07:49.009   852 21692 I resolv  : retrying_poll: 61 retrying_poll timeout
03-04 15:07:49.009   852 21692 D resolv  : send_dg: 1
03-04 15:07:49.009   852 21692 I resolv  : res_nsend: used send_dg 0 terrno: 110
03-04 15:07:49.009   852 21692 I resolv  : res_stats_set_sample: rcode = 255, sec = 0
03-04 15:07:49.009   852 21692 I resolv  : res_cache_add_stats_sample_locked: adding sample to stats, next = 0, count = 0
03-04 15:07:49.009   852 21692 D resolv  : res_nsend: Querying server (# 2) address = 211.137.130.2:53
03-04 15:07:49.010   852 21692 D resolv  : send_dg: new DG socket
03-04 15:07:49.010   852 21692 I resolv  : get_timeout: using timeout of 5000 msec
03-04 15:07:49.010   852 21692 I resolv  : retrying_poll: 71 retrying_poll
03-04 15:07:49.036  1106  2258 W VsyncModulator: setTransactionSchedule: Unexpected EarlyEnd
03-04 15:07:49.056 10939 10939 I sysui_multi_action: [757,803,799,note_peek,802,1]
03-04 15:07:49.061 10939 10939 D StatusBar: disable<e i a s b h r c s > disable2<q i n >
03-04 15:07:49.061  2160 10926 I sysui_multi_action: [757,127,758,1]
03-04 15:07:49.061  2160 10926 I sysui_multi_action: [757,804,799,note_load,801,1,802,1]
03-04 15:07:49.062  2160 10926 I notification_panel_revealed: 1
03-04 15:07:49.073 10939 10939 W TouchableRegionManager: onHeadsUpPinnedModeChanged
03-04 15:07:49.076 10939 10939 I sysui_heads_up_status: [0|com.google.android.dialer|1|null|10149,1]
03-04 15:07:49.205   852 21710 I resolv  : retrying_poll: 64 retrying_poll timeout
03-04 15:07:49.205   852 21710 D resolv  : send_dg: 1
03-04 15:07:49.205   852 21710 I resolv  : res_nsend: used send_dg 0 terrno: 110
03-04 15:07:49.206   852 21710 I resolv  : res_stats_set_sample: rcode = 255, sec = 0
03-04 15:07:49.206   852 21710 I resolv  : res_cache_add_stats_sample_locked: adding sample to stats, next = 1, count = 1
03-04 15:07:49.206   852 21710 D resolv  : res_nsend: Querying server (# 2) address = 211.137.130.2:53
03-04 15:07:49.206   852 21710 D resolv  : send_dg: new DG socket
03-04 15:07:49.207   852 21710 I resolv  : get_timeout: using timeout of 5000 msec
03-04 15:07:49.207   852 21710 I resolv  : retrying_poll: 72 retrying_poll
03-04 15:07:49.253  1048  1048 D vendor.qti.vibrator: Vibrator on for timeoutMs: 1000
03-04 15:07:49.254  1048 21787 D vendor.qti.vibrator: Starting on on another thread
03-04 15:07:49.427     0     0 I         : <I>CTS-Core ESD protection work
03-04 15:07:49.586  2160  6939 I sysui_multi_action: [757,128,758,1,793,995,794,0,795,995,796,1,798,0,806,com.google.android.dialer,857,phone_incoming_call,858,4,947,0,1395,11,1500,784,1641,call,1688,1,1744,1]
03-04 15:07:49.589  2160  6939 I sysui_multi_action: [757,804,799,note_freshness,801,995,802,1]
03-04 15:07:49.590  2160  6939 I notification_visibility: [0|com.google.android.dialer|1|null|10149,1,995,995,0,0]
03-04 15:07:49.737 10726 10726 D QtiGsmCdmaPhone: handleMessage: Event: 15
03-04 15:07:49.737 10726 10726 D VendorGsmCdmaPhone: handleMessage: Event: 15
03-04 15:07:49.738 10726 10726 D Phone   : Event EVENT_CALL_RING_CONTINUE Received state=RINGING
03-04 15:07:49.738 10726 10726 D Phone   : Sending notifyIncomingRing
03-04 15:07:50.076  2160  2470 I input_interaction: Interaction with: d82047 NotificationShade (server), PointerEventDispatcher0 (server), 
03-04 15:07:50.134     0     0 I QG-K    : qg_somc_jeita_step_charge_work: [Charging] condition=3, chip->target_idx=17
03-04 15:07:50.152  1106  2258 W VsyncModulator: setTransactionSchedule: Unexpected EarlyEnd
03-04 15:07:50.165 10939 11230 W FrameTracker: Missed App frame:72
03-04 15:07:50.168  2160 10926 I sysui_multi_action: [757,129,758,4,759,1,793,1577,794,582,795,1577,796,1,798,0,806,com.google.android.dialer,857,phone_incoming_call,858,4,947,0,1395,11,1500,1366,1600,0,1601,0,1629,1,1641,call,1688,1,1744,1]
03-04 15:07:50.169  2160 10926 I notification_action_clicked: [0|com.google.android.dialer|1|null|10149,1,1577,1577,582,0,11]
03-04 15:07:50.189  2160  2362 D CompatibilityInfo: mCompatibilityFlags - 0
03-04 15:07:50.189  2160  2362 D CompatibilityInfo: applicationDensity - 300
03-04 15:07:50.189  2160  2362 D CompatibilityInfo: applicationScale - 1.0
03-04 15:07:50.195 20799 20799 I DialerLegacyNotificationBroadcastReceiver: com.android.incallui.LegacyNotificationBroadcastReceiver.onReceive:120 received broadcast from notification: com.android.incallui.ACTION_ANSWER_VOICE_INCOMING_CALL
03-04 15:07:50.197 20799 20799 I DialerLogcatLoggingBindings: com.android.dialer.logging.logcat.LogcatLoggingBindings.logImpression:46 Impression: ANSWER_INCOMING_CALL_FROM_NOTIFICATION
