03-04 15:07:48.190  2160 21742 V MediaPlayer: resetDrmState:  mDrmInfo=null mDrmProvisioningThread=null mPrepareDrmInProgress=false mActiveDrmScheme=false
03-04 15:07:48.190  2160 21742 V MediaPlayer: cleanDrmObj: mDrmObj=null mDrmSessionId=null
03-04 15:07:48.211     0     0 I         : smblib_usb_ov_and_uv_detect_work start..
03-04 15:07:48.204  4492  4524 W MediaProvider: Didn't find any volume for getVolume(/product/media/audio/ringtones/Ringer.ogg)
03-04 15:07:48.207  4492  4524 I MediaProvider: Open with lower FS for /product/media/audio/ringtones/Ringer.ogg. Uid: 1000
03-04 15:07:48.210  4492  4524 W MediaProvider: Failed to fetch original file descriptor
03-04 15:07:48.210  4492  4524 W MediaProvider: java.io.FileNotFoundException: Input file descriptor is already original
03-04 15:07:48.210  4492  4524 W MediaProvider: 	at com.android.providers.media.MediaProvider.getOriginalMediaFormatFileDescriptor(MediaProvider.java:5794)
03-04 15:07:48.210  4492  4524 W MediaProvider: 	at com.android.providers.media.MediaProvider.openTypedAssetFileCommon(MediaProvider.java:7248)
03-04 15:07:48.210  4492  4524 W MediaProvider: 	at com.android.providers.media.MediaProvider.openTypedAssetFile(MediaProvider.java:7229)
03-04 15:07:48.210  4492  4524 W MediaProvider: 	at android.content.ContentProvider$Transport.openTypedAssetFile(ContentProvider.java:548)
03-04 15:07:48.210  4492  4524 W MediaProvider: 	at android.content.ContentProviderNative.onTransact(ContentProviderNative.java:327)
03-04 15:07:48.210  4492  4524 W MediaProvider: 	at android.os.Binder.execTransactInternal(Binder.java:1184)
03-04 15:07:48.210  4492  4524 W MediaProvider: 	at android.os.Binder.execTransact(Binder.java:1143)
03-04 15:07:48.212  1520  5850 D NuPlayerDriver: NuPlayerDriver(0xe7240f10) created, clientPid(2160)
03-04 15:07:48.220  1520  5850 I ExtendedNuUtils: printFileName fd(10) -> /product/media/audio/ringtones/Ringer.ogg
03-04 15:07:48.225  1520 21751 D GenericSource: FileSource remote
03-04 15:07:48.232  1516  2620 I MMParserExtractor: Created(0xb40000754f0fe070)
03-04 15:07:48.232  1516  2620 E MM_OSAL : FileSource::FileSource
03-04 15:07:48.232  1516  2620 E MM_OSAL : FileSource::FileSource m_bEveryThingOK 1
03-04 15:07:48.245  1516 11450 D MediaBufferGroup: creating MemoryDealer
03-04 15:07:48.249  2160 21742 D Ringtone: Successfully created local player
03-04 15:07:48.251  2160 21742 I Telecom : Ringer: startRinging timings: isRingerAudible: 0, letDialerHandleRinging: 1, isVolumeOverZero: 1, hasExternalRinger: 0, isSilentRingRequested: 0, isSelfManaged: 0, getRingtone: 182, isTheaterModeOn: 0, shouldRingForContact: 1, : NCSSF.aC->ICFG.sF->ICFG.sF->ICFG.sF->CAMSM.pM_2002->R.sR@CEQ
03-04 15:07:48.253  2160  3386 I Telecom : Event: RecordEntry TC@4: START_VIBRATOR, hasVibrator=true, userRequestsVibrate=true, ringerMode=2, isVibrating=false: NCSSF.aC->ICFG.sF->ICFG.sF->ICFG.sF->CAMSM.pM_2002@CEQ
03-04 15:07:48.254  2160  3386 I Telecom : Event: RecordEntry TC@4: START_RINGER, null: NCSSF.aC->ICFG.sF->ICFG.sF->ICFG.sF->CAMSM.pM_2002@CEQ
03-04 15:07:48.256  2160 21753 I Telecom : AsyncRingtonePlayer: handlePlay: Play ringtone.: NCSSF.aC->ICFG.sF->ICFG.sF->ICFG.sF->CAMSM.pM_2002->ARP.hP@CEQ
03-04 15:07:48.288  4492  4524 I dvm_lock_sample: [com.google.android.providers.med,1,Binder:4492_1,16,SQLiteConnectionPool.java,402,void android.database.sqlite.SQLiteConnectionPool.releaseConnection(android.database.sqlite.SQLiteConnection),-,702,android.database.sqlite.SQLiteConnection android.database.sqlite.SQLiteConnectionPool.waitForConnection(java.lang.String, int, android.os.CancellationSignal),3]
03-04 15:07:48.292  4492  4524 W MediaProvider: Didn't find any volume for getVolume(/product/media/audio/ringtones/Ringer.ogg)
03-04 15:07:48.292  4492 19553 W MediaProvider: Didn't find any volume for getVolume(/product/media/audio/ringtones/Ringer.ogg)
03-04 15:07:48.295  4492 19553 I MediaProvider: Open with lower FS for /product/media/audio/ringtones/Ringer.ogg. Uid: 1000
03-04 15:07:48.296  4492  4524 I MediaProvider: Open with lower FS for /product/media/audio/ringtones/Ringer.ogg. Uid: 1000
03-04 15:07:48.298  4492 19553 W MediaProvider: Failed to fetch original file descriptor
03-04 15:07:48.298  4492 19553 W MediaProvider: java.io.FileNotFoundException: Input file descriptor is already original
03-04 15:07:48.298  4492 19553 W MediaProvider: 	at com.android.providers.media.MediaProvider.getOriginalMediaFormatFileDescriptor(MediaProvider.java:5794)
03-04 15:07:48.298  4492 19553 W MediaProvider: 	at com.android.providers.media.MediaProvider.openTypedAssetFileCommon(MediaProvider.java:7248)
03-04 15:07:48.298  4492 19553 W MediaProvider: 	at com.android.providers.media.MediaProvider.openTypedAssetFile(MediaProvider.java:7229)
03-04 15:07:48.298  4492 19553 W MediaProvider: 	at android.content.ContentProvider$Transport.openTypedAssetFile(ContentProvider.java:548)
03-04 15:07:48.298  4492 19553 W MediaProvider: 	at android.content.ContentProviderNative.onTransact(ContentProviderNative.java:327)
03-04 15:07:48.298  4492 19553 W MediaProvider: 	at android.os.Binder.execTransactInternal(Binder.java:1184)
03-04 15:07:48.298  4492 19553 W MediaProvider: 	at android.os.Binder.execTransact(Binder.java:1143)
03-04 15:07:48.298  4492  4524 W MediaProvider: Failed to fetch original file descriptor
03-04 15:07:48.298  4492  4524 W MediaProvider: java.io.FileNotFoundException: Input file descriptor is already original
03-04 15:07:48.298  4492  4524 W MediaProvider: 	at com.android.providers.media.MediaProvider.getOriginalMediaFormatFileDescriptor(MediaProvider.java:5794)
03-04 15:07:48.298  4492  4524 W MediaProvider: 	at com.android.providers.media.MediaProvider.openTypedAssetFileCommon(MediaProvider.java:7248)
03-04 15:07:48.298  4492  4524 W MediaProvider: 	at com.android.providers.media.MediaProvider.openTypedAssetFile(MediaProvider.java:7229)
03-04 15:07:48.298  4492  4524 W MediaProvider: 	at android.content.ContentProvider$Transport.openTypedAssetFile(ContentProvider.java:548)
03-04 15:07:48.298  4492  4524 W MediaProvider: 	at android.content.ContentProviderNative.onTransact(ContentProviderNative.java:327)
03-04 15:07:48.298  4492  4524 W MediaProvider: 	at android.os.Binder.execTransactInternal(Binder.java:1184)
03-04 15:07:48.298  4492  4524 W MediaProvider: 	at android.os.Binder.execTransact(Binder.java:1143)
03-04 15:07:48.300  1520  5850 D NuPlayerDriver: NuPlayerDriver(0xe7240510) created, clientPid(2160)
03-04 15:07:48.301  1520  1801 D NuPlayerDriver: NuPlayerDriver(0xe7241190) created, clientPid(2160)
03-04 15:07:48.312  1520  1801 I ExtendedNuUtils: printFileName fd(12) -> /product/media/audio/ringtones/Ringer.ogg
03-04 15:07:48.314  1520  5850 I ExtendedNuUtils: printFileName fd(10) -> /product/media/audio/ringtones/Ringer.ogg
03-04 15:07:48.318  1520 21758 D GenericSource: FileSource remote
03-04 15:07:48.320  1520 21759 D GenericSource: FileSource remote
03-04 15:07:48.326  1516  1516 I MMParserExtractor: Created(0xb40000754f0fdc10)
03-04 15:07:48.326  1516 11450 I MMParserExtractor: Created(0xb40000754f0fd890)
03-04 15:07:48.338  1516  2619 D MediaBufferGroup: creating MemoryDealer
03-04 15:07:48.339  1516  2620 D MediaBufferGroup: creating MemoryDealer
03-04 15:07:48.341  2160  3386 D Ringtone: Successfully created local player
03-04 15:07:48.342  1520  1801 D NuPlayerDriver: reset(0xe7241190) at state 4
03-04 15:07:48.344  1520 21757 D NuPlayerDriver: notifyResetComplete(0xe7241190)
03-04 15:07:48.346  2160 21753 D Ringtone: Successfully created local player
03-04 15:07:48.346  1520  1801 D NuPlayerDriver: reset(0xe7241190) at state 0
03-04 15:07:48.346  1520  1520 D NuPlayerDriver: reset(0xe7240510) at state 4
03-04 15:07:48.347  2160  3386 V MediaPlayer: resetDrmState:  mDrmInfo=null mDrmProvisioningThread=null mPrepareDrmInProgress=false mActiveDrmScheme=false
03-04 15:07:48.347  2160  3386 V MediaPlayer: cleanDrmObj: mDrmObj=null mDrmSessionId=null
03-04 15:07:48.348  2160  3386 V MediaPlayer: resetDrmState:  mDrmInfo=null mDrmProvisioningThread=null mPrepareDrmInProgress=false mActiveDrmScheme=false
03-04 15:07:48.348  2160  3386 V MediaPlayer: cleanDrmObj: mDrmObj=null mDrmSessionId=null
03-04 15:07:48.348  1520 21755 D NuPlayerDriver: notifyResetComplete(0xe7240510)
03-04 15:07:48.349  1520  1520 D NuPlayerDriver: reset(0xe7240510) at state 0
03-04 15:07:48.350  2160 21753 V MediaPlayer: resetDrmState:  mDrmInfo=null mDrmProvisioningThread=null mPrepareDrmInProgress=false mActiveDrmScheme=false
03-04 15:07:48.350  2160 21753 V MediaPlayer: cleanDrmObj: mDrmObj=null mDrmSessionId=null
03-04 15:07:48.350  2160 21753 V MediaPlayer: resetDrmState:  mDrmInfo=null mDrmProvisioningThread=null mPrepareDrmInProgress=false mActiveDrmScheme=false
03-04 15:07:48.350  2160 21753 V MediaPlayer: cleanDrmObj: mDrmObj=null mDrmSessionId=null
03-04 15:07:48.361  4492  4524 W MediaProvider: Didn't find any volume for getVolume(/product/media/audio/ringtones/Ringer.ogg)
03-04 15:07:48.361  4492 19553 W MediaProvider: Didn't find any volume for getVolume(/product/media/audio/ringtones/Ringer.ogg)
03-04 15:07:48.363  4492  4524 I MediaProvider: Open with lower FS for /product/media/audio/ringtones/Ringer.ogg. Uid: 1000
03-04 15:07:48.364  4492 19553 I MediaProvider: Open with lower FS for /product/media/audio/ringtones/Ringer.ogg. Uid: 1000
03-04 15:07:48.366  4492 19553 W MediaProvider: Failed to fetch original file descriptor
03-04 15:07:48.366  4492 19553 W MediaProvider: java.io.FileNotFoundException: Input file descriptor is already original
03-04 15:07:48.366  4492 19553 W MediaProvider: 	at com.android.providers.media.MediaProvider.getOriginalMediaFormatFileDescriptor(MediaProvider.java:5794)
03-04 15:07:48.366  4492 19553 W MediaProvider: 	at com.android.providers.media.MediaProvider.openTypedAssetFileCommon(MediaProvider.java:7248)
03-04 15:07:48.366  4492 19553 W MediaProvider: 	at com.android.providers.media.MediaProvider.openTypedAssetFile(MediaProvider.java:7229)
03-04 15:07:48.366  4492 19553 W MediaProvider: 	at android.content.ContentProvider$Transport.openTypedAssetFile(ContentProvider.java:548)
03-04 15:07:48.366  4492 19553 W MediaProvider: 	at android.content.ContentProviderNative.onTransact(ContentProviderNative.java:327)
03-04 15:07:48.366  4492 19553 W MediaProvider: 	at android.os.Binder.execTransactInternal(Binder.java:1184)
03-04 15:07:48.366  4492 19553 W MediaProvider: 	at android.os.Binder.execTransact(Binder.java:1143)
03-04 15:07:48.366  4492  4524 W MediaProvider: Failed to fetch original file descriptor
03-04 15:07:48.366  4492  4524 W MediaProvider: java.io.FileNotFoundException: Input file descriptor is already original
03-04 15:07:48.366  4492  4524 W MediaProvider: 	at com.android.providers.media.MediaProvider.getOriginalMediaFormatFileDescriptor(MediaProvider.java:5794)
03-04 15:07:48.366  4492  4524 W MediaProvider: 	at com.android.providers.media.MediaProvider.openTypedAssetFileCommon(MediaProvider.java:7248)
03-04 15:07:48.366  4492  4524 W MediaProvider: 	at com.android.providers.media.MediaProvider.openTypedAssetFile(MediaProvider.java:7229)
03-04 15:07:48.366  4492  4524 W MediaProvider: 	at android.content.ContentProvider$Transport.openTypedAssetFile(ContentProvider.java:548)
03-04 15:07:48.366  4492  4524 W MediaProvider: 	at android.content.ContentProviderNative.onTransact(ContentProviderNative.java:327)
03-04 15:07:48.366  4492  4524 W MediaProvider: 	at android.os.Binder.execTransactInternal(Binder.java:1184)
03-04 15:07:48.366  4492  4524 W MediaProvider: 	at android.os.Binder.execTransact(Binder.java:1143)
03-04 15:07:48.368  1520  1520 D NuPlayerDriver: NuPlayerDriver(0xe7240510) created, clientPid(2160)
03-04 15:07:48.369  1520  1801 D NuPlayerDriver: NuPlayerDriver(0xe7241190) created, clientPid(2160)
03-04 15:07:48.377  1520  1801 I ExtendedNuUtils: printFileName fd(12) -> /product/media/audio/ringtones/Ringer.ogg
03-04 15:07:48.378  1520  1520 I ExtendedNuUtils: printFileName fd(10) -> /product/media/audio/ringtones/Ringer.ogg
03-04 15:07:48.379   852 21766 D resolv  : GetAddrInfoHandler::run: {106 786538 106 983146 10148 0}
03-04 15:07:48.379   852 21766 D resolv  : resolv_getaddrinfo: explore_fqdn(): ai_family=0 ai_socktype=1 ai_protocol=6
03-04 15:07:48.382   852 21767 D resolv  : doQuery: (1, 1)
03-04 15:07:48.382   852 21767 D resolv  : res_nmkquery: (QUERY, IN, A)
03-04 15:07:48.382   852 21767 D resolv  : res_nsend
03-04 15:07:48.382   852 21767 I resolv  : resolv_cache_lookup: lookup
03-04 15:07:48.382   852 21767 I resolv  : resolv_cache_lookup: NOT IN CACHE
03-04 15:07:48.382   852 21767 I resolv  : resolv_populate_res_for_net: netid=106
03-04 15:07:48.382   852 21767 I resolv  : res_stats_usable_server: NS stats: S 0 + E 0 + T 0 + I 0 = 0, rtt = -1, min_samples = 8
03-04 15:07:48.382   852 21767 I resolv  : res_stats_usable_server: NS stats: S 0 + E 0 + T 0 + I 0 = 0, rtt = -1, min_samples = 8
03-04 15:07:48.382   852 21767 D resolv  : res_nsend: Querying server (# 1) address = 211.137.130.18:53
03-04 15:07:48.382   852 21767 D resolv  : send_dg: new DG socket
03-04 15:07:48.384   852 21767 I resolv  : get_timeout: using timeout of 5000 msec
03-04 15:07:48.384   852 21767 I resolv  : retrying_poll: 70 retrying_poll
03-04 15:07:48.386  1520 21769 D GenericSource: FileSource remote
03-04 15:07:48.386  1520 21768 D GenericSource: FileSource remote
03-04 15:07:48.392  1516  2620 I MMParserExtractor: Created(0xb40000754f0fdc10)
03-04 15:07:48.396  1516 11450 I MMParserExtractor: Created(0xb40000754f0fd890)
03-04 15:07:48.403  1516  2619 D MediaBufferGroup: creating MemoryDealer
03-04 15:07:48.408  1516  1516 D MediaBufferGroup: creating MemoryDealer
03-04 15:07:48.409  2160 21753 D Ringtone: Successfully created local player
03-04 15:07:48.413  2160  3386 D Ringtone: Successfully created local player
03-04 15:07:48.430  2160  2160 I Telecom : InCallController: onConnected to ComponentInfo{com.sonymobile.telephony.extension/com.sonymobile.telephony.extension.analytics.CallAnalyticsManagerService}: ICSBC.oSC(cste)@CEY
03-04 15:07:48.430  4492  4524 W MediaProvider: Didn't find any volume for getVolume(/product/media/audio/ringtones/Ringer.ogg)
03-04 15:07:48.431  2160  2160 I Telecom : InCallController: Adding 1 calls to InCallService after onConnected: ComponentInfo{com.sonymobile.telephony.extension/com.sonymobile.telephony.extension.analytics.CallAnalyticsManagerService}, including external calls: ICSBC.oSC(cste)@CEY
03-04 15:07:48.431  2160  3386 I MediaFocusControl: requestAudioFocus() from uid/pid 1000/2160 AA=USAGE_NOTIFICATION_RINGTONE/CONTENT_TYPE_SONIFICATION clientId=AudioFocus_For_Phone_Ring_And_Calls callingPack=com.android.server.telecom req=2 flags=0x4 sdk=0
03-04 15:07:48.432  2160  3386 I AudioService.FadeOutManager: unfadeOutUid() uid:1000
03-04 15:07:48.433  4492  4524 I MediaProvider: Open with lower FS for /product/media/audio/ringtones/Ringer.ogg. Uid: 1000
03-04 15:07:48.433  2160  3383 I Telecom : CallAudioRouteStateMachine: Message received: SWITCH_FOCUS=4001, arg1=3: NCSSF.aC->ICFG.sF->ICFG.sF->ICFG.sF->CAMSM.pM_2002->CARSM.pM_SWITCH_FOCUS@CEQ
03-04 15:07:48.434  1001  2513 D audio_hw_primary: adev_set_mode: mode 1 , prev_mode 0 
03-04 15:07:48.434  2160  3383 I Telecom : QuiescentEarpieceRoute: Processing message SWITCH_FOCUS: NCSSF.aC->ICFG.sF->ICFG.sF->ICFG.sF->CAMSM.pM_2002->CARSM.pM_SWITCH_FOCUS@CEQ
03-04 15:07:48.434  2160  3383 I Telecom : Event: RecordEntry TC@4: AUDIO_ROUTE, Leaving state QuiescentEarpieceRoute: NCSSF.aC->ICFG.sF->ICFG.sF->ICFG.sF->CAMSM.pM_2002->CARSM.pM_SWITCH_FOCUS@CEQ
03-04 15:07:48.435  2160  3383 I Telecom : Event: RecordEntry TC@4: AUDIO_ROUTE, Entering state ActiveEarpieceRoute: NCSSF.aC->ICFG.sF->ICFG.sF->ICFG.sF->CAMSM.pM_2002->CARSM.pM_SWITCH_FOCUS@CEQ
03-04 15:07:48.435  2160  3383 I Telecom : Event: RecordEntry TC@4: AUDIO_ROUTE_EARPIECE, null: NCSSF.aC->ICFG.sF->ICFG.sF->ICFG.sF->CAMSM.pM_2002->CARSM.pM_SWITCH_FOCUS@CEQ
03-04 15:07:48.435  2160  3383 I Telecom : CallAudioRouteStateMachine: turning speaker phone false: NCSSF.aC->ICFG.sF->ICFG.sF->ICFG.sF->CAMSM.pM_2002->CARSM.pM_SWITCH_FOCUS@CEQ
03-04 15:07:48.435  2160  3383 I AudioManager: In setSpeakerphoneOn(), on: false, calling application: com.android.server.telecom
03-04 15:07:48.436  2160  3383 I AS.AudioService: In setSpeakerphoneOn(), on: false, eventSource: setSpeakerphoneOn(false) from u/pid:1000/2160
03-04 15:07:48.438  1093  3306 D AF::TrackHandle: OpPlayAudio: track:65 usage:3 not muted
03-04 15:07:48.439  1093  3306 D AF::TrackHandle: OpPlayAudio: track:65 usage:3 not muted
03-04 15:07:48.439  1093  3306 D AF::TrackHandle: OpPlayAudio: track:65 usage:3 not muted
03-04 15:07:48.440  2160  2160 I Telecom : InCallController: 1 calls sent to InCallService.: ICSBC.oSC(cste)@CEY
03-04 15:07:48.440  1093  3306 D AF::TrackHandle: OpPlayAudio: track:65 usage:3 not muted
03-04 15:07:48.441  1093  2435 D AF::TrackHandle: OpPlayAudio: track:65 usage:3 not muted
03-04 15:07:48.441  2160 21753 W FileSource: offset/length adjusted from 0/576460752303423487 to 0/988044
03-04 15:07:48.441 10726 10726 I TelecomFramework: TelephonyConnectionService: onTrackedByNonUiService TC@4_1 true: (ICSBC.oSC)->CS.tBNUS->H.CS.tBNUS(cste/cast)@E-CEY
03-04 15:07:48.442  2160  6939 I dvm_lock_sample: [system_server,1,Binder:2160_12,374,DefaultDialerCache.java,251,java.lang.String com.android.server.telecom.DefaultDialerCache.refreshCacheForUser(int),,0,null,74]
03-04 15:07:48.442  2160  2160 W Looper  : Slow dispatch took 404ms main h=android.app.ActivityThread$H c=android.app.LoadedApk$ServiceDispatcher$RunConnection@789d3a8 m=0
03-04 15:07:48.442  2160  2637 I dvm_lock_sample: [system_server,1,Binder:2160_6,373,DefaultDialerCache.java,251,java.lang.String com.android.server.telecom.DefaultDialerCache.refreshCacheForUser(int),,0,null,74]
03-04 15:07:48.443  2160 21739 I Telecom : InCallController: Sending updateCall [Call id=TC@4, state=RINGING, tpac=ComponentInfo{com.android.phone/com.android.services.telephony.TelephonyConnectionService}, ***, UserHandle{0}, cmgr=ComponentInfo{com.android.phone/com.android.services.telephony.TelephonyConnectionService}, ***, UserHandle{0}, handle=tel:*********06, vidst=A, childs(0), has_parent(false), cap=[ sup_hld mut !v2a spd_aud], prop=[]]
03-04 15:07:48.446 20799 20838 I DialerFilteredNumberAsyncQueryHandler: com.android.dialer.blocking.FilteredNumberAsyncQueryHandler.lambda$getBlockedNumberDatabaseId$1:215 checking blocked number - completed
03-04 15:07:48.448 20799 20841 I DialerFilteredNumberAsyncQueryHandler: com.android.dialer.blocking.FilteredNumberAsyncQueryHandler.lambda$getBlockedNumberDatabaseId$1:215 checking blocked number - completed
03-04 15:07:48.451  1093  2435 D AF::TrackHandle: OpPlayAudio: track:65 usage:3 not muted
03-04 15:07:48.452  1093  2435 D AF::TrackHandle: OpPlayAudio: track:65 usage:3 not muted
03-04 15:07:48.453  1093  2435 D AF::TrackHandle: OpPlayAudio: track:65 usage:3 not muted
03-04 15:07:48.454  2160 21739 I Telecom : InCallController: Components updated: [ComponentInfo{com.sonymobile.telephony.extension/com.sonymobile.telephony.extension.analytics.CallAnalyticsManagerService}]
03-04 15:07:48.454  1093  2435 D AF::TrackHandle: OpPlayAudio: track:65 usage:3 not muted
03-04 15:07:48.455  2160  2160 I Telecom : InCallController: onConnected to ComponentInfo{com.android.server.telecom/com.android.server.telecom.AmInCallService$InCallServiceImpl}: ICSBC.oSC(cast)@CEs
03-04 15:07:48.456 10726 10747 D SubscriptionController: [getSubId]- numSubIds == 0, return null slotIndex=1
03-04 15:07:48.456  2160  2160 I Telecom : InCallController: Adding 1 calls to InCallService after onConnected: ComponentInfo{com.android.server.telecom/com.android.server.telecom.AmInCallService$InCallServiceImpl}, including external calls: ICSBC.oSC(cast)@CEs
03-04 15:07:48.456  1093  2435 D AF::TrackHandle: OpPlayAudio: track:65 usage:3 not muted
03-04 15:07:48.462  1516 11450 I MMParserExtractor: Created(0xb40000754f0fe850)
03-04 15:07:48.463  1093  2435 D AF::TrackHandle: OpPlayAudio: track:65 usage:3 not muted
03-04 15:07:48.464  1093  2435 D AF::TrackHandle: OpPlayAudio: track:65 usage:3 not muted
03-04 15:07:48.465  1093  2435 D AF::TrackHandle: OpPlayAudio: track:65 usage:3 not muted
03-04 15:07:48.466  1093  2435 D AF::TrackHandle: OpPlayAudio: track:65 usage:3 not muted
03-04 15:07:48.466  2160  2160 I Telecom : InCallController: 1 calls sent to InCallService.: ICSBC.oSC(cast)@CEs
03-04 15:07:48.466  2160  2160 W Looper  : Slow delivery took 405ms main h=android.app.ActivityThread$H c=android.app.LoadedApk$ServiceDispatcher$RunConnection@1c7ec1 m=0
03-04 15:07:48.466  1093  2435 D AF::TrackHandle: OpPlayAudio: track:65 usage:3 not muted
03-04 15:07:48.467 10726 10726 D RILJ    : [1391]> GET_CELL_INFO_LIST [PHONE0]
03-04 15:07:48.467  2160  2160 I Telecom : InCallController: onConnected to ComponentInfo{com.sonymobile.transmitpower/com.sonymobile.transmitpower.util.InCallServiceObserver$InCallServiceImpl}: ICSBC.oSC(cst)@CE0
03-04 15:07:48.468 10726 10726 I TelecomFramework: TelephonyConnectionService: onTrackedByNonUiService TC@4_1 true: (ICSBC.oSC)->CS.tBNUS->H.CS.tBNUS(cast/cast)@E-CEs
03-04 15:07:48.468  2160  2160 I Telecom : InCallController: Adding 1 calls to InCallService after onConnected: ComponentInfo{com.sonymobile.transmitpower/com.sonymobile.transmitpower.util.InCallServiceObserver$InCallServiceImpl}, including external calls: ICSBC.oSC(cst)@CE0
03-04 15:07:48.473  2160 21753 I Telecom : RingtoneFactory: hasHapticChannels content://media/internal/audio/media/139?title=Xperia&canonical=1 -> false: NCSSF.aC->ICFG.sF->ICFG.sF->ICFG.sF->CAMSM.pM_2002->ARP.hP@CEQ
03-04 15:07:48.473  2160 21753 I Telecom : AsyncRingtonePlayer: handlePlay: hasHaptics=false, isVibrationEnabled=true: NCSSF.aC->ICFG.sF->ICFG.sF->ICFG.sF->CAMSM.pM_2002->ARP.hP@CEQ
03-04 15:07:48.473  2160 21753 I Telecom : Ringer: startRinging: fileHasHaptics=false, hapticsSupported=true: NCSSF.aC->ICFG.sF->ICFG.sF->ICFG.sF->CAMSM.pM_2002->ARP.hP@CEQ
03-04 15:07:48.473  2160 21753 I Telecom : Ringer: start normal vibration.: NCSSF.aC->ICFG.sF->ICFG.sF->ICFG.sF->CAMSM.pM_2002->ARP.hP@CEQ
03-04 15:07:48.474 10726 10726 D SST     : [0] handleMessage: received event 43
03-04 15:07:48.474 10726 10857 D RILJ    : [1391]< GET_CELL_INFO_LIST [CellInfoGsm:{mRegistered=YES mTimeStamp=627983043144ns mCellConnectionStatus=0 CellIdentityGsm:{ mLac=37282 mCid=16542 mArfcn=46 mBsic=0x27 mMcc=460 mMnc=00 mAlphaLong=CMCC mAlphaShort=CMCC mAdditionalPlmns={}} CellSignalStrengthGsm: rssi=-85 ber=2147483647 mTa=0 mLevel=4}, CellInfoGsm:{mRegistered=NO mTimeStamp=627983043144ns mCellConnectionStatus=0 CellIdentityGsm:{ mLac=2147483647 mCid=2147483647 mArfcn=57 mBsic=0x3a mMcc=null mMnc=null mAlphaLong=000 000 mAlphaShort=000 000 mAdditionalPlmns={}} CellSignalStrengthGsm: rssi=-95 ber=2147483647 mTa=2147483647 mLevel=3}, CellInfoGsm:{mRegistered=NO mTimeStamp=627983043144ns mCellConnectionStatus=0 CellIdentityGsm:{ mLac=2147483647 mCid=2147483647 mArfcn=59 mBsic=0x1e mMcc=null mMnc=null mAlphaLong=000 000 mAlphaShort=000 000 mAdditionalPlmns={}} CellSignalStrengthGsm: rssi=-105 ber=2147483647 mTa=2147483647 mLevel=1}, CellInfoGsm:{mRegistered=NO mTimeStamp=627983043144ns mCellConnectionStatus=0 CellIdentityGsm:{ mLac=2147483647 mCid=2147483647 mArfcn=63 mBsic=0x26 mMcc=null mMnc=null mAlphaLong=000 000 mAlphaShort=000 000 mAdditionalPlmns={}} CellSignalStrengthGsm: rssi=-105 ber=2147483647 mTa=2147483647 mLevel=1}] [PHONE0]
03-04 15:07:48.476  1093 10924 D AF::TrackHandle: OpPlayAudio: track:65 usage:3 not muted
03-04 15:07:48.477  1093 10924 D AF::TrackHandle: OpPlayAudio: track:65 usage:3 not muted
03-04 15:07:48.477  1093 10924 D AF::TrackHandle: OpPlayAudio: track:65 usage:3 not muted
03-04 15:07:48.478  1093 10924 D AF::TrackHandle: OpPlayAudio: track:65 usage:3 not muted
03-04 15:07:48.478  2160  2160 I Telecom : InCallController: 1 calls sent to InCallService.: ICSBC.oSC(cst)@CE0
03-04 15:07:48.478  1093 10924 D AF::TrackHandle: OpPlayAudio: track:65 usage:3 not muted
03-04 15:07:48.479  3176  3176 D TransmitPower: InCallServiceObserver:onCallAudioStateChanged() E : CallAudioState = [AudioState isMuted: false, route: EARPIECE, supportedRouteMask: EARPIECE, SPEAKER, activeBluetoothDevice: [null], supportedBluetoothDevices: []]
03-04 15:07:48.479  3176  3176 D TransmitPower: InCallServiceObserver:onCallAudioStateChanged() X : Call state is not ACTIVE
03-04 15:07:48.479  2160  2160 I Telecom : InCallController: onConnected to ComponentInfo{com.google.android.dialer/com.android.incallui.InCallServiceImpl}: ICSBC.oSC(cgad)@CE8
03-04 15:07:48.479  2160  2160 I Telecom : InCallController: trackCallingUserInterfaceStarted: com.google.android.dialer is now calling UX.: ICSBC.oSC(cgad)@CE8
03-04 15:07:48.480 10726 10726 D LocaleTracker-0: processCellInfo: cell info=[CellInfoGsm:{mRegistered=YES mTimeStamp=627983043144ns mCellConnectionStatus=0 CellIdentityGsm:{ mLac=37282 mCid=16542 mArfcn=46 mBsic=0x27 mMcc=460 mMnc=00 mAlphaLong=CMCC mAlphaShort=CMCC mAdditionalPlmns={}} CellSignalStrengthGsm: rssi=-85 ber=2147483647 mTa=0 mLevel=4}, CellInfoGsm:{mRegistered=NO mTimeStamp=627983043144ns mCellConnectionStatus=0 CellIdentityGsm:{ mLac=2147483647 mCid=2147483647 mArfcn=57 mBsic=0x3a mMcc=null mMnc=null mAlphaLong=000 000 mAlphaShort=000 000 mAdditionalPlmns={}} CellSignalStrengthGsm: rssi=-95 ber=2147483647 mTa=2147483647 mLevel=3}, CellInfoGsm:{mRegistered=NO mTimeStamp=627983043144ns mCellConnectionStatus=0 CellIdentityGsm:{ mLac=2147483647 mCid=2147483647 mArfcn=59 mBsic=0x1e mMcc=null mMnc=null mAlphaLong=000 000 mAlphaShort=000 000 mAdditionalPlmns={}} CellSignalStrengthGsm: rssi=-105 ber=2147483647 mTa=2147483647 mLevel=1}, CellInfoGsm:{mRegistered=NO mTimeStamp=627983043144ns mCellConnectionStatus=0 CellIdentityGsm:{ mLac=2147483647 mCid=2147483647 mArfcn=63 mBsic=0x26 mMcc=null mMnc=null mAlphaLong=000 000 mAlphaShort=000 000 mAdditionalPlmns={}} CellSignalStrengthGsm: rssi=-105 ber=2147483647 mTa=2147483647 mLevel=1}]
03-04 15:07:48.480  1048  1048 D vendor.qti.vibrator: Vibrator on for timeoutMs: 12
03-04 15:07:48.480  2160  2160 I Telecom : InCallController: Adding 1 calls to InCallService after onConnected: ComponentInfo{com.google.android.dialer/com.android.incallui.InCallServiceImpl}, including external calls: ICSBC.oSC(cgad)@CE8
03-04 15:07:48.480 10726 10726 D LocaleTracker-0: updateLocale: countryIso = cn, countryIsoDebugInfo = OperatorNumeric(46000): MccTable.countryCodeForMcc("460")
03-04 15:07:48.480 10726 10726 D LocaleTracker-0: updateLocale: timeZoneCountryIso = cn, timeZoneCountryIsoDebugInfo = OperatorNumeric: MccTable.geoCountryCodeForMccMnc(MccMnc{mcc='460', mnc='00'})
03-04 15:07:48.480  4492  4524 W MediaProvider: Didn't find any volume for getVolume(/product/media/audio/ringtones/Ringer.ogg)
03-04 15:07:48.480 10726 10726 D NewNitzStateMachineImpl: handleCountryDetected: countryIsoCode=cn, mLatestNitzSignal=TimestampedValue{mReferenceTimeMillis=470504, mValue=NitzData{mOriginalString=22/03/04,07:05:11+32,00, mZoneOffset=28800000, mDstOffset=0, mCurrentTimeMillis=1646377511000, mEmulatorHostTimeZone=null}}
03-04 15:07:48.481 10726 10726 I TelecomFramework: TelephonyConnectionService: onTrackedByNonUiService TC@4_1 true: (ICSBC.oSC)->CS.tBNUS->H.CS.tBNUS(cst/cast)@E-CE0
03-04 15:07:48.481  1048 21774 D vendor.qti.vibrator: Starting on on another thread
03-04 15:07:48.481  4492  4524 I MediaProvider: Open with lower FS for /product/media/audio/ringtones/Ringer.ogg. Uid: 1000
03-04 15:07:48.482  2160 21753 W FileSource: offset/length adjusted from 0/576460752303423487 to 0/988044
03-04 15:07:48.485  1093 10924 D AF::TrackHandle: OpPlayAudio: track:65 usage:3 not muted
03-04 15:07:48.486  1093 10924 D AF::TrackHandle: OpPlayAudio: track:65 usage:3 not muted
03-04 15:07:48.486 10726 10726 I TelecomFramework: TelephonyConnectionService: onTrackedByNonUiService TC@4_1 true: (ICSBC.oSC)->CS.tBNUS->H.CS.tBNUS(cgad/cast)@E-CE8
03-04 15:07:48.486  2160  2160 I Telecom : InCallController: 1 calls sent to InCallService.: ICSBC.oSC(cgad)@CE8
03-04 15:07:48.486  1093 10924 D AF::TrackHandle: OpPlayAudio: track:65 usage:3 not muted
03-04 15:07:48.487 20799 20799 I DialerCallScopesImpl: com.android.dialer.incall.core.callscope.callscopes.impl.CallScopesImpl.add:181 enter
03-04 15:07:48.487  1093 10924 D AF::TrackHandle: OpPlayAudio: track:65 usage:3 not muted
03-04 15:07:48.487  1093 10924 D AF::TrackHandle: OpPlayAudio: track:65 usage:3 not muted
03-04 15:07:48.490 10726 11399 D SubscriptionController: [getSubId]- numSubIds == 0, return null slotIndex=1
03-04 15:07:48.491  1516 11450 I MMParserExtractor: Created(0xb40000754f0fcef0)
03-04 15:07:48.491  1048  1048 D vendor.qti.vibrator: QTI Vibrator off
03-04 15:07:48.492 20799 20799 I DialerCountryCodeProvider: com.android.dialer.businessvoice.verifiedcall.impl.i18n.CountryCodeProvider.getSimCountryCodeInternal:83 returning Redacted-2-chars
03-04 15:07:48.493 20799 20799 I DialerCountryCodeProvider: com.android.dialer.businessvoice.verifiedcall.impl.i18n.CountryCodeProvider.getSimCountryCodeInternal:83 returning Redacted-2-chars
03-04 15:07:48.493  1048 21774 D vendor.qti.vibrator: Notifying on complete
03-04 15:07:48.494  2160  3383 I Telecom : CallAudioRouteStateMachine: setSystemAudioState: changing from [AudioState isMuted: false, route: EARPIECE, supportedRouteMask: EARPIECE, SPEAKER, activeBluetoothDevice: [null], supportedBluetoothDevices: []] to [AudioState isMuted: false, route: EARPIECE, supportedRouteMask: EARPIECE, SPEAKER, activeBluetoothDevice: [null], supportedBluetoothDevices: []]: NCSSF.aC->ICFG.sF->ICFG.sF->ICFG.sF->CAMSM.pM_2002->CARSM.pM_SWITCH_FOCUS@CEQ
03-04 15:07:48.495  2160  2160 W Looper  : Drained
03-04 15:07:48.495  2160  3383 I Telecom : InCallController: Calling onAudioStateChanged, audioState: [AudioState isMuted: false, route: EARPIECE, supportedRouteMask: EARPIECE, SPEAKER, activeBluetoothDevice: [null], supportedBluetoothDevices: []] -> [AudioState isMuted: false, route: EARPIECE, supportedRouteMask: EARPIECE, SPEAKER, activeBluetoothDevice: [null], supportedBluetoothDevices: []]: NCSSF.aC->ICFG.sF->ICFG.sF->ICFG.sF->CAMSM.pM_2002->CARSM.pM_SWITCH_FOCUS@CEQ
03-04 15:07:48.496 20799 20799 I DialerCallEventDriver: com.android.dialer.incall.core.call.events.impl.CallEventDriver$AddedListener.onCallScopeAdded:140 state UNKNOWN -> ADDED
03-04 15:07:48.496  2160  3383 I Telecom : BluetoothRouteManager: getBluetoothAudioConnectedDevice: no service available.: NCSSF.aC->ICFG.sF->ICFG.sF->ICFG.sF->CAMSM.pM_2002->CARSM.pM_SWITCH_FOCUS@CEQ
03-04 15:07:48.497 20799 20856 I DialerCallEventDriver: com.android.dialer.incall.core.call.events.impl.CallEventDriver.lambda$updateState$0:86 state ADDED -> ANSWERING_STARTED
03-04 15:07:48.500 20799 20856 I DialerCallAnnouncerEnabledFn: com.android.dialer.callannouncer.impl.CallAnnouncerEnabledFn.isEnabled:55 Feature disabled, device system language zh-Hans-CN is not supported. [CONTEXT ratelimit_period="1 MINUTES" ]
03-04 15:07:48.500 10726 10726 I TelecomFramework: TelephonyConnectionService: onAudioStateChanged TC@4_1 [AudioState isMuted: false, route: EARPIECE, supportedRouteMask: EARPIECE, SPEAKER, activeBluetoothDevice: [null], supportedBluetoothDevices: []]: (NCSSF.aC->ICFG.sF->ICFG.sF->ICFG.sF->CAMSM.pM_2002->CARSM.pM_SWITCH_FOCUS)->CS.cASC->H.CS.cASC(cast)@E-CEQ
03-04 15:07:48.501 20799 20856 I DialerFlipToSilenceCallEventListeners: com.android.dialer.fliptosilence.impl.FlipToSilenceCallEventListeners.onCallRingingStarted:51 call started - registering flip to silence observer
03-04 15:07:48.505  1520 21763 I GenericSource: start
03-04 15:07:48.505  2160 21753 I Telecom : AsyncRingtonePlayer: Play ringtone, looping.: NCSSF.aC->ICFG.sF->ICFG.sF->ICFG.sF->CAMSM.pM_2002->ARP.hP@CEQ
03-04 15:07:48.505  2160  2160 D MediaRouter: onRestoreRoute() : route=RouteInfo{ name=手机, description=null, status=null, category=RouteCategory{ name=系统 types=ROUTE_TYPE_LIVE_AUDIO ROUTE_TYPE_LIVE_VIDEO  groupable=false }, supportedTypes=ROUTE_TYPE_LIVE_AUDIO ROUTE_TYPE_LIVE_VIDEO , presentationDisplay=null }
03-04 15:07:48.505  2160  2160 V MediaRouter: Selecting route: RouteInfo{ name=手机, description=null, status=null, category=RouteCategory{ name=系统 types=ROUTE_TYPE_LIVE_AUDIO ROUTE_TYPE_LIVE_VIDEO  groupable=false }, supportedTypes=ROUTE_TYPE_LIVE_AUDIO ROUTE_TYPE_LIVE_VIDEO , presentationDisplay=null }
03-04 15:07:48.506  1520 21763 W Utils   : track of type 'audio/vorbis' does not publish channel mask, channel count 2
03-04 15:07:48.507 20799 20799 I DialerLegacyInCallServicePeer: com.android.incallui.LegacyInCallServicePeer.onCallAdded:103 onCallAdded
03-04 15:07:48.507 20799 20847 I DialerGatewayClient: com.android.dialer.gatewayclient.GatewayClient.lambda$start$0:71 Streaming gRPC client already exists for call
03-04 15:07:48.507 20799 20799 I DialerInCallPresenter: com.android.incallui.InCallPresenter.onCallAdded:708 onCallAdded
03-04 15:07:48.510 20799 20799 I DialerInCallPresenter: com.android.incallui.InCallPresenter.shouldAttemptBlocking:824 not attempting to block incoming call because framework blocking is in use
03-04 15:07:48.510 20799 20799 I DialerRttConfigurationLoaderImpl: com.android.dialer.rtt.settings.impl.configuration.RttConfigurationLoaderImpl.isRttVisibilitySupported:82 checking if RTT visibility is supported, use google device configuration: false
03-04 15:07:48.511 20799 20799 I DialerCallList: com.android.incallui.call.CallList.onCallAdded:147 onCallAdded
03-04 15:07:48.512  1520 21763 W Utils   : track of type 'audio/vorbis' does not publish channel mask, channel count 2
03-04 15:07:48.513 20799 20843 I DialerRttConfigurationLoaderImpl: com.android.dialer.rtt.settings.impl.configuration.RttConfigurationLoaderImpl.lambda$isRttVisibilitySupported$1:105 retrieving call capable phone accounts
03-04 15:07:48.514 20799 20799 I DialerCompositeSpam: com.android.dialer.spam.composite.CompositeSpam.checkSpamStatus:240 enter
03-04 15:07:48.514 20799 20799 I DialerCompositeSpam: com.android.dialer.spam.composite.CompositeSpam.checkSpamStatusInAppCatchingAll:286 querying inAppSpam
03-04 15:07:48.516 20799 20799 I DialerCompositeSpam: com.android.dialer.spam.composite.CompositeSpam.checkSpamStatusStirShakenCatchingAll:296 stirShakenSpam disabled
03-04 15:07:48.517 20799 20799 I DialerCompositeSpam: com.android.dialer.spam.composite.CompositeSpam.checkIsSpamExempt:361 checking feature exemptions
03-04 15:07:48.518 20799 20840 I DialerLegacyCountryDetector: com.android.dialer.location.LegacyCountryDetector.getCurrentCountryIso:123 returning Redacted-2-chars
03-04 15:07:48.518  3817  3817 D CompatibilityChangeReporter: Compat change id reported: 160794467; UID 1000; state: ENABLED
03-04 15:07:48.518 20799 20799 I DialerLegacyCountryDetector: com.android.dialer.location.LegacyCountryDetector.getCurrentCountryIso:123 returning Redacted-2-chars
03-04 15:07:48.518 20799 20838 I DialerLegacyCountryDetector: com.android.dialer.location.LegacyCountryDetector.getCurrentCountryIso:123 returning Redacted-2-chars
03-04 15:07:48.520 20799 20841 I DialerLegacyCountryDetector: com.android.dialer.location.LegacyCountryDetector.getCurrentCountryIso:123 returning Redacted-2-chars
03-04 15:07:48.520  1001  2513 D audio_hw_primary: adev_get_parameters:is_hw_dec_session_available
03-04 15:07:48.521  1001  2513 D soundtrigger: audio_extn_sound_trigger_get_parameters input string<is_hw_dec_session_available=>
03-04 15:07:48.521  1001  2513 D soundtrigger: extract_sm_handle input string <is_hw_dec_session_available=> param string <is_hw_dec_session_available=>
03-04 15:07:48.521  1001  2513 D audio_hw_extn: audio_extn_get_parameters: returns 
03-04 15:07:48.521 20799 20799 I DialerLegacyCountryDetector: com.android.dialer.location.LegacyCountryDetector.getCurrentCountryIso:123 returning Redacted-2-chars
03-04 15:07:48.521  1093  3306 I hash_map_utils: system/bt/osi/src/hash_map_utils.cc:81 hash_map_utils_dump_string_keys_string_values: key: 'is_hw_dec_session_available' value: 'audio/vorbis'
03-04 15:07:48.521 20799 20799 I DialerDialerCall: com.android.incallui.call.DialerCall.updateFromTelecomCall:889 updateFromTelecomCall
03-04 15:07:48.521 20799 20799 I DialerImsVideoTech: com.android.incallui.videotech.ims.ImsVideoTech.isAvailable:74 null video call
03-04 15:07:48.522 20799 20840 I DialerLegacyCountryDetector: com.android.dialer.location.LegacyCountryDetector.getCurrentCountryIso:123 returning Redacted-2-chars
03-04 15:07:48.524 20799 20843 I DialerRttConfigurationLoaderImpl: com.android.dialer.rtt.settings.impl.configuration.RttConfigurationLoaderImpl.lambda$isRttVisibilitySupported$1:112 subscription id for the device: 2
03-04 15:07:48.525  1520 21777 D CCodec  : allocate(c2.android.vorbis.decoder)
03-04 15:07:48.526 20799 20840 I DialerLegacyCountryDetector: com.android.dialer.location.LegacyCountryDetector.getCurrentCountryIso:123 returning Redacted-2-chars
03-04 15:07:48.529  1520 21777 I CCodec  : setting up 'default' as default (vendor) store
03-04 15:07:48.530  1584 11311 V C2Store : in init
03-04 15:07:48.530  1584 11311 V C2Store : loading dll
03-04 15:07:48.532 20799 20840 I DialerLegacyCountryDetector: com.android.dialer.location.LegacyCountryDetector.getCurrentCountryIso:123 returning Redacted-2-chars
03-04 15:07:48.534 20799 20843 I DialerRttConfigurationLoaderImpl: com.android.dialer.rtt.settings.impl.configuration.RttConfigurationLoaderImpl.lambda$isRttVisibilitySupported$1:115 rtt calling supported by telecom:: false
03-04 15:07:48.534 20799 20799 I DialerCompositeSpam: com.android.dialer.spam.composite.CompositeSpam.checkSpamStatus:240 enter
03-04 15:07:48.534 20799 20799 I DialerCompositeSpam: com.android.dialer.spam.composite.CompositeSpam.checkSpamStatusInAppCatchingAll:286 querying inAppSpam
03-04 15:07:48.534  1520 21777 I CCodec  : Created component [c2.android.vorbis.decoder]
03-04 15:07:48.535 20799 20799 I DialerCompositeSpam: com.android.dialer.spam.composite.CompositeSpam.checkSpamStatusStirShakenCatchingAll:296 stirShakenSpam disabled
03-04 15:07:48.535  1520 21777 D CCodecConfig: read media type: audio/vorbis
03-04 15:07:48.535 20799 20840 I DialerLegacyCountryDetector: com.android.dialer.location.LegacyCountryDetector.getCurrentCountryIso:123 returning Redacted-2-chars
03-04 15:07:48.535 20799 20799 I DialerCompositeSpam: com.android.dialer.spam.composite.CompositeSpam.checkIsSpamExempt:361 checking feature exemptions
03-04 15:07:48.535 20799 20838 I DialerLegacyCountryDetector: com.android.dialer.location.LegacyCountryDetector.getCurrentCountryIso:123 returning Redacted-2-chars
03-04 15:07:48.536 20799 20799 I DialerFilteredNumberAsyncQueryHandler: com.android.dialer.blocking.FilteredNumberAsyncQueryHandler.getBlockedNumberDatabaseId:139 checking blocked number
03-04 15:07:48.536 20799 20799 I DialerImsVideoTech: com.android.incallui.videotech.ims.ImsVideoTech.isAvailable:74 null video call
03-04 15:07:48.536  2160  2160 I notification_enqueue: [1000,3817,com.android.server.telecom,1,AmNotificationManager,0,Notification(channel=TelecomAnsweringMachine shortcut=null contentView=null vibrate=null sound=null defaults=0x0 flags=0x2 color=0xff2a56c6 category=call vis=PRIVATE),0]
03-04 15:07:48.536 20799 20799 I DialerDuoVideoTech: com.android.incallui.videotech.duo.DuoVideoTech.isAvailable:88 call state not active
03-04 15:07:48.536 20799 20799 I DialerCallList: com.android.incallui.call.CallList.onIncoming:554 [DialerCall_2, INCOMING, [Capabilities: CAPABILITY_SUPPORT_HOLD CAPABILITY_RESPOND_VIA_TEXT CAPABILITY_MUTE CAPABILITY_CANNOT_DOWNGRADE_VIDEO_TO_AUDIO], [Properties:], children:[], parent:null, conferenceable:[], videoState:Audio Only, SessionModificationState:0, CameraDir:-1]
03-04 15:07:48.537 20799 20799 I DialerInCallPresenter: com.android.incallui.InCallPresenter.isActivityStarted:1459 inCallActivity == null
03-04 15:07:48.537 20799 20799 I DialerInCallPresenter: com.android.incallui.InCallPresenter.isActivityStarted:1459 inCallActivity == null
03-04 15:07:48.537 20799 20799 I DialerInCallPresenter: com.android.incallui.InCallPresenter.onIncomingCall:1200 Phone switching state: NO_CALLS -> INCOMING
03-04 15:07:48.537 20799 20799 I DialerVideoPauseController: com.android.incallui.VideoPauseController.onIncomingCall:224 oldState: NO_CALLS, newState: INCOMING, call: [DialerCall_2, INCOMING, [Capabilities: CAPABILITY_SUPPORT_HOLD CAPABILITY_RESPOND_VIA_TEXT CAPABILITY_MUTE CAPABILITY_CANNOT_DOWNGRADE_VIDEO_TO_AUDIO], [Properties:], children:[], parent:null, conferenceable:[], videoState:Audio Only, SessionModificationState:0, CameraDir:-1]
03-04 15:07:48.537 20799 20799 I DialerVideoPauseController: com.android.incallui.VideoPauseController.onPrimaryCallChanged:194 new call: [DialerCall_2, INCOMING, [Capabilities: CAPABILITY_SUPPORT_HOLD CAPABILITY_RESPOND_VIA_TEXT CAPABILITY_MUTE CAPABILITY_CANNOT_DOWNGRADE_VIDEO_TO_AUDIO], [Properties:], children:[], parent:null, conferenceable:[], videoState:Audio Only, SessionModificationState:0, CameraDir:-1], old call: null, isInBackground: false
03-04 15:07:48.538 20799 20799 I DialerMotorolaInCallUiNotifier: com.android.incallui.MotorolaInCallUiNotifier.onIncomingCall:77 NO_CALLS to INCOMING
03-04 15:07:48.538 20799 20799 I DialerMotorolaInCallUiNotifier: com.android.incallui.MotorolaInCallUiNotifier.sendInCallUiBroadcast:82 visiblility: true
03-04 15:07:48.539 20799 20841 I DialerLegacyCountryDetector: com.android.dialer.location.LegacyCountryDetector.getCurrentCountryIso:123 returning Redacted-2-chars
03-04 15:07:48.539 12364 13334 W DynamiteModule: Local module descriptor class for com.google.android.gms.googlecertificates not found.
03-04 15:07:48.539 20799 20799 I DialerRttConfigurationLoaderImpl: com.android.dialer.rtt.settings.impl.configuration.RttConfigurationLoaderImpl.isRttVisibilitySupported:82 checking if RTT visibility is supported, use google device configuration: false
03-04 15:07:48.539 20799 20799 I DialerLocaleProvider: com.android.dialer.callrecording.impl.localeprovider.LocaleProvider.getSupportedLocaleFromCountryCode:163 builtInAudio - unsupported country: CN
03-04 15:07:48.539 20799 20799 I DialerLocaleProvider: com.android.dialer.callrecording.impl.localeprovider.LocaleProvider.getSupportedLocaleFromCountryCode:163 supported - unsupported country: CN
03-04 15:07:48.539 20799 20799 I DialerCanRecord: com.android.dialer.callrecording.impl.canrecord.CanRecord.canRecordCall:70 Call recording is disabled in the current country
03-04 15:07:48.540 20799 20799 I DialerInCallPresenter: com.android.incallui.InCallPresenter.setBoundAndWaitingForOutgoingCall:1353 setBoundAndWaitingForOutgoingCall: false
03-04 15:07:48.540 20799 20799 I DialerAudioModeProvider: com.android.dialer.incall.core.audiomode.AudioModeProvider.onAudioStateChanged:79 audioState: [AudioState isMuted: false, route: EARPIECE, supportedRouteMask: EARPIECE, SPEAKER, activeBluetoothDevice: [null], supportedBluetoothDevices: []]
03-04 15:07:48.541  1520 21777 D ReflectedParamUpdater: extent() != 1 for single value type: algo.buffers.max-count.values
03-04 15:07:48.541 20799 20799 I DialerLegacyInCallServicePeer: com.android.incallui.LegacyInCallServicePeer.onCallAudioStateChanged:83 onCallAudioStateChanged
03-04 15:07:48.541 20799 20799 I DialerLegacyProximitySensor: com.android.incallui.LegacyProximitySensor.updateProximitySensorMode:315 screenOnImmediately: false, dialPadVisible: false, offHook: false, horizontal: false, uiShowing: false, audioRoute: EARPIECE, videoCall: false
03-04 15:07:48.541 20799 20799 I DialerLegacyProximitySensor: com.android.incallui.LegacyProximitySensor.turnOffProximitySensor:270 wake lock already released
03-04 15:07:48.541 20799 20799 I DialerLegacyActiveCallSource: com.android.dialer.audio.impl.LegacyActiveCallSource.update:94 no active call
03-04 15:07:48.541 20799 20799 I DialerLegacyStatusBarNotifier: com.android.incallui.LegacyStatusBarNotifier.getCallToShow:1016 state of call to show: INCOMING
03-04 15:07:48.541 20799 20799 I DialerLegacyStatusBarNotifier: com.android.incallui.LegacyStatusBarNotifier.showNotification:283 showNotification
03-04 15:07:48.541 20799 20799 I DialerContactInfoCache: com.android.incallui.ContactInfoCache.findInfo:328 findInfo
03-04 15:07:48.542  1520 21777 D ReflectedParamUpdater: extent() != 1 for single value type: output.subscribed-indices.values
03-04 15:07:48.543  1520 21777 D ReflectedParamUpdater: extent() != 1 for single value type: input.buffers.allocator-ids.values
03-04 15:07:48.543 20799 20799 I DialerLegacyCountryDetector: com.android.dialer.location.LegacyCountryDetector.getCurrentCountryIso:123 returning Redacted-2-chars
03-04 15:07:48.543 20799 20847 I DialerCompositeSpam: com.android.dialer.spam.composite.CompositeSpam.lambda$checkSpamStatus$4:270 performing full compose
03-04 15:07:48.543 20799 20847 I DialerCompositeSpam: com.android.dialer.spam.composite.CompositeSpam.checkSpamStatusPatronusCatchingAll:324 patronusSpam disabled
03-04 15:07:48.544  1520 21777 D ReflectedParamUpdater: extent() != 1 for single value type: output.buffers.allocator-ids.values
03-04 15:07:48.544 20799 20847 I DialerCompositeSpamStatus: com.android.dialer.spam.composite.CompositeSpamStatus.getSpamStatusSourceOfTruth:49 enter
03-04 15:07:48.544 20799 20847 I DialerCompositeSpamStatus: com.android.dialer.spam.composite.CompositeSpamStatus.getSpamStatusSourceOfTruth:68 patronus is source of truth
03-04 15:07:48.544  1520 21777 D ReflectedParamUpdater: extent() != 1 for single value type: algo.buffers.allocator-ids.values
03-04 15:07:48.545 20799 20847 I DialerCompositeSpamStatus: com.android.dialer.spam.composite.CompositeSpamStatus.mergeStirShakenWith:86 merging stirShaken status with other metadata
03-04 15:07:48.545  1520 21777 D ReflectedParamUpdater: extent() != 1 for single value type: output.buffers.pool-ids.values
03-04 15:07:48.545 20799 20847 I DialerCompositeSpamStatus: com.android.dialer.spam.composite.CompositeSpamStatus.mergeStirShakenWith:91 failed to merge stirShaken status
03-04 15:07:48.545  1520 21777 D ReflectedParamUpdater: extent() != 1 for single value type: algo.buffers.pool-ids.values
03-04 15:07:48.547 20799 20799 I DialerContactInfoCache: com.android.incallui.ContactInfoCache.updateCallerInfoInCacheOnAnyThread:408 updateCallerInfoInCacheOnAnyThread
03-04 15:07:48.547  1520 21777 I CCodecConfig: query failed after returning 7 values (BAD_INDEX)
03-04 15:07:48.548  1520 21777 D CCodecConfig: c2 config diff is Dict {
03-04 15:07:48.548  1520 21777 D CCodecConfig:   c2::u32 coded.bitrate.value = 64000
03-04 15:07:48.548  1520 21777 D CCodecConfig:   c2::u32 input.buffers.max-size.value = 32768
03-04 15:07:48.548  1520 21777 D CCodecConfig:   c2::u32 input.delay.value = 0
03-04 15:07:48.548  1520 21777 D CCodecConfig:   string input.media-type.value = "audio/vorbis"
03-04 15:07:48.548  1520 21777 D CCodecConfig:   string output.media-type.value = "audio/raw"
03-04 15:07:48.548  1520 21777 D CCodecConfig:   c2::u32 raw.channel-count.value = 1
03-04 15:07:48.548  1520 21777 D CCodecConfig:   c2::u32 raw.sample-rate.value = 48000
03-04 15:07:48.548  1520 21777 D CCodecConfig: }
03-04 15:07:48.548 20799 20799 I DialerContactInfoCache: com.android.incallui.ContactInfoCache.sendInfoNotifications:618 sendInfoNotifications
03-04 15:07:48.548 20799 20799 I DialerLegacyStatusBarNotifier: com.android.incallui.LegacyStatusBarNotifier$ContactInfoCacheCallbackImpl.onContactInfoComplete:1412 onContactInfoComplete
03-04 15:07:48.548 20799 20799 I DialerLegacyStatusBarNotifier: com.android.incallui.LegacyStatusBarNotifier.buildAndSendNotification:320 buildAndSendNotification
03-04 15:07:48.548 12364 13334 D StrictMode: StrictMode policy violation: android.os.strictmode.CustomViolation: gcore.dynamite
03-04 15:07:48.548 12364 13334 D StrictMode: 	at android.os.StrictMode$AndroidBlockGuardPolicy.onCustomSlowCall(StrictMode.java:1626)
03-04 15:07:48.548 12364 13334 D StrictMode: 	at android.os.StrictMode.noteSlowCall(StrictMode.java:2694)
03-04 15:07:48.548 12364 13334 D StrictMode: 	at vtu.a(:com.google.android.gms@214815044@21.48.15 (190400-414534850):0)
03-04 15:07:48.548 12364 13334 D StrictMode: 	at com.google.android.gms.chimera.container.GmsModuleChimeraProvider.query(:com.google.android.gms@214815044@21.48.15 (190400-414534850):10)
03-04 15:07:48.548 12364 13334 D StrictMode: 	at syp.query(:com.google.android.gms@214815044@21.48.15 (190400-414534850):3)
03-04 15:07:48.548 12364 13334 D StrictMode: 	at android.content.ContentProvider.query(ContentProvider.java:1408)
03-04 15:07:48.548 12364 13334 D StrictMode: 	at eju.superQuery(:com.google.android.gms@214815044@21.48.15 (190400-414534850):2)
03-04 15:07:48.548 12364 13334 D StrictMode: 	at com.google.android.chimera.ContentProvider.query(:com.google.android.gms@214815044@21.48.15 (190400-414534850):2)
03-04 15:07:48.548 12364 13334 D StrictMode: 	at syp.query(:com.google.android.gms@214815044@21.48.15 (190400-414534850):8)
03-04 15:07:48.548 12364 13334 D StrictMode: 	at android.content.ContentProvider.query(ContentProvider.java:1504)
03-04 15:07:48.548 12364 13334 D StrictMode: 	at eju.superQuery(:com.google.android.gms@214815044@21.48.15 (190400-414534850):1)
03-04 15:07:48.548 12364 13334 D StrictMode: 	at com.google.android.chimera.ContentProvider.query(:com.google.android.gms@214815044@21.48.15 (190400-414534850):1)
03-04 15:07:48.548 12364 13334 D StrictMode: 	at eju.query(:com.google.android.gms@214815044@21.48.15 (190400-414534850):2)
03-04 15:07:48.548 12364 13334 D StrictMode: 	at android.content.ContentProvider$Transport.query(ContentProvider.java:272)
03-04 15:07:48.548 12364 13334 D StrictMode: 	at android.content.ContentProviderNative.onTransact(ContentProviderNative.java:107)
