03-04 15:07:45.606  1663  3391 D LOWI-9.0.0.87: [LOWI-Scan] is_qcom_ie, bss_age: 0
03-04 15:07:45.606  1663  3391 D LOWI-9.0.0.87: [LOWI-Scan] BSS 54:a7:03:4a:21:12 LOWI_PHY_MODE_11NG_HT40(7), Beacon Interval: 100, LOWI_ENCRYPTION_TYPE_WPA_PSK 11mcRanging: No, ANQP: No, LCI: No, Civic: No, capability(0x0431): ESS Privacy ShortPreamble ShortSlotTime
03-04 15:07:45.606  1663  3391 D LOWI-9.0.0.87: [LOWI-Scan] BSS 54:a7:03:4a:21:12 FREQ: 2442, cFreq1[40:80:160] = [2432:0:0] cFreq2 = 0 Country Code =    
03-04 15:07:45.606  1663  3391 D LOWI-9.0.0.87: [LOWI-Scan] BSS 54:a7:03:4a:21:12 (wlan0) ASSO: NO AddInfo: 0x1, TSF 0, 00:10:24.171, RSSI: -152, CPL: 127, AGE: 928,  SSID silu, TSFDelta: 0xdf738abd, TXRate: 0
03-04 15:07:45.607  1663  3391 D LOWI-9.0.0.87: [LOWI-Scan] 
03-04 15:07:45.607  1663  3391 D LOWI-9.0.0.87: [LOWI-Scan] print_bss_handler: Report beacon TSF 624211942 as it greater than probe TSF 624211942
03-04 15:07:45.607  1663  3391 D LOWI-9.0.0.87: [LOWI-Scan] decode_rsn_wpa_ie: LOWI_ENCRYPTION_TYPE_WPA_PSK
03-04 15:07:45.607  1663  3391 D LOWI-9.0.0.87: [LOWI-Scan] is_qcom_ie, bss_age: 0
03-04 15:07:45.607  1663  3391 D LOWI-9.0.0.87: [LOWI-Scan] BSS cc:08:fb:a1:c9:47 LOWI_PHY_MODE_11NG_HT40(7), Beacon Interval: 100, LOWI_ENCRYPTION_TYPE_WPA_PSK 11mcRanging: No, ANQP: No, LCI: No, Civic: No, capability(0x0431): ESS Privacy ShortPreamble ShortSlotTime
03-04 15:07:45.607  1663  3391 D LOWI-9.0.0.87: [LOWI-Scan] BSS cc:08:fb:a1:c9:47 FREQ: 2442, cFreq1[40:80:160] = [2432:0:0] cFreq2 = 0 Country Code =    
03-04 15:07:45.607  1663  3391 D LOWI-9.0.0.87: [LOWI-Scan] BSS cc:08:fb:a1:c9:47 (wlan0) ASSO: NO AddInfo: 0x1, TSF 0, 00:10:24.211, RSSI: -174, CPL: 127, AGE: 888,  SSID zhiliandun, TSFDelta: 0x647fcae9, TXRate: 0
03-04 15:07:45.608  1663  3391 D LOWI-9.0.0.87: [LOWI-Scan] 
03-04 15:07:45.608  1663  3391 D LOWI-9.0.0.87: [LOWI-Scan] print_bss_handler: Report beacon TSF 624669221 as it greater than probe TSF 624669221
03-04 15:07:45.608  1663  3391 D LOWI-9.0.0.87: [LOWI-Scan] decode_rsn_wpa_ie: LOWI_ENCRYPTION_TYPE_WPA_PSK
03-04 15:07:45.608  1663  3391 D LOWI-9.0.0.87: [LOWI-Scan] is_qcom_ie, bss_age: 0
03-04 15:07:45.608  1663  3391 D LOWI-9.0.0.87: [LOWI-Scan] BSS 7c:d6:61:e1:d1:0f LOWI_PHY_MODE_11AC_VHT20_2G(11), Beacon Interval: 100, LOWI_ENCRYPTION_TYPE_WPA_PSK 11mcRanging: No, ANQP: No, LCI: No, Civic: No, capability(0x1431): ESS Privacy ShortPreamble ShortSlotTime
03-04 15:07:45.608  1663  3391 D LOWI-9.0.0.87: [LOWI-Scan] BSS 7c:d6:61:e1:d1:0f FREQ: 2472, cFreq1[40:80:160] = [0:0:0] cFreq2 = 0 Country Code =    
03-04 15:07:45.608  1663  3391 D LOWI-9.0.0.87: [LOWI-Scan] BSS 7c:d6:61:e1:d1:0f (wlan0) ASSO: NO AddInfo: 0x1, TSF 0, 00:10:24.669, RSSI: -184, CPL: 127, AGE: 428,  SSID Red, TSFDelta: 0xd78d07b5, TXRate: 0
03-04 15:07:45.608  1663  3391 D LOWI-9.0.0.87: [LOWI-Scan] 
03-04 15:07:45.608  1663  3391 D LOWI-9.0.0.87: [LOWI-Scan] print_bss_handler: Report beacon TSF 625082321 as it greater than probe TSF 625082321
03-04 15:07:45.608 10726 10726 D SST     : [0] handleMessage: received event 12
03-04 15:07:45.608  1663  3391 D LOWI-9.0.0.87: [LOWI-Scan] decode_rsn_wpa_ie: LOWI_ENCRYPTION_TYPE_WPA_PSK
03-04 15:07:45.608  1663  3391 D LOWI-9.0.0.87: [LOWI-Scan] is_qcom_ie, bss_age: 0
03-04 15:07:45.608  1663  3391 D LOWI-9.0.0.87: [LOWI-Scan] BSS 44:67:47:6a:a9:d1 LOWI_PHY_MODE_11AC_VHT20(8), Beacon Interval: 100, LOWI_ENCRYPTION_TYPE_WPA_PSK 11mcRanging: No, ANQP: No, LCI: No, Civic: No, capability(0x1511): ESS Privacy SpectrumMgmt ShortSlotTime
03-04 15:07:45.608  1663  3391 D LOWI-9.0.0.87: [LOWI-Scan] BSS 44:67:47:6a:a9:d1 FREQ: 5825, cFreq1[40:80:160] = [0:0:0] cFreq2 = 0 Country Code = CN 
03-04 15:07:45.609  1663  3391 D LOWI-9.0.0.87: [LOWI-Scan] BSS 44:67:47:6a:a9:d1 (wlan0) ASSO: NO AddInfo: 0x1, TSF 0, 00:10:25.082, RSSI: -180, CPL: 127, AGE: 16,  SSID tsguest, TSFDelta: 0x1d987b8c, TXRate: 0
03-04 15:07:45.609  1663  3391 D LOWI-9.0.0.87: [LOWI-Scan] 
03-04 15:07:45.609  1663  3391 D LOWI-9.0.0.87: [LOWI-Scan] print_bss_handler: Report beacon TSF 623677113 as it greater than probe TSF 623677113
03-04 15:07:45.609  1663  3391 D LOWI-9.0.0.87: [LOWI-Scan] decode_rsn_wpa_ie: LOWI_ENCRYPTION_TYPE_WPA_PSK
03-04 15:07:45.609  1663  3391 D LOWI-9.0.0.87: [LOWI-Scan] is_qcom_ie, bss_age: 0
03-04 15:07:45.609  1663  3391 D LOWI-9.0.0.87: [LOWI-Scan] BSS 44:67:47:6a:a9:a0 LOWI_PHY_MODE_11AC_VHT20_2G(11), Beacon Interval: 100, LOWI_ENCRYPTION_TYPE_WPA_PSK 11mcRanging: No, ANQP: No, LCI: No, Civic: No, capability(0x1431): ESS Privacy ShortPreamble ShortSlotTime
03-04 15:07:45.609  1663  3391 D LOWI-9.0.0.87: [LOWI-Scan] BSS 44:67:47:6a:a9:a0 FREQ: 2412, cFreq1[40:80:160] = [0:0:0] cFreq2 = 0 Country Code = CN 
03-04 15:07:45.609  1663  3391 D LOWI-9.0.0.87: [LOWI-Scan] BSS 44:67:47:6a:a9:a0 (wlan0) ASSO: NO AddInfo: 0x1, TSF 0, 00:10:23.677, RSSI: -158, CPL: 127, AGE: 1420,  SSID ThunderSoft, TSFDelta: 0x1dd2b212, TXRate: 0
03-04 15:07:45.610  1663  3391 D LOWI-9.0.0.87: [LOWI-Scan] 
03-04 15:07:45.610  1663  3391 D LOWI-9.0.0.87: [LOWI-Scan] print_bss_handler: Report beacon TSF 623697792 as it greater than probe TSF 623697792
03-04 15:07:45.610  1663  3391 D LOWI-9.0.0.87: [LOWI-Scan] decode_rsn_wpa_ie: LOWI_ENCRYPTION_TYPE_WPA_PSK
03-04 15:07:45.610  1663  3391 D LOWI-9.0.0.87: [LOWI-Scan] is_qcom_ie, bss_age: 0
03-04 15:07:45.610  1663  3391 D LOWI-9.0.0.87: [LOWI-Scan] BSS 9a:00:74:e6:26:7c LOWI_PHY_MODE_11NG_HT20(5), Beacon Interval: 100, LOWI_ENCRYPTION_TYPE_WPA_PSK 11mcRanging: No, ANQP: No, LCI: No, Civic: No, capability(0x0411): ESS Privacy ShortSlotTime
03-04 15:07:45.610  1663  3391 D LOWI-9.0.0.87: [LOWI-Scan] BSS 9a:00:74:e6:26:7c FREQ: 2412, cFreq1[40:80:160] = [0:0:0] cFreq2 = 0 Country Code =    
03-04 15:07:45.610  1663  3391 D LOWI-9.0.0.87: [LOWI-Scan] BSS 9a:00:74:e6:26:7c (wlan0) ASSO: NO AddInfo: 0x1, TSF 0, 00:10:23.697, RSSI: -174, CPL: 127, AGE: 1400,  SSID ChinaNet-mnaq, TSFDelta: 0x276f9ff9, TXRate: 0
03-04 15:07:45.611  1663  3391 D LOWI-9.0.0.87: [LOWI-Scan] 
03-04 15:07:45.611  1663  3391 D LOWI-9.0.0.87: [LOWI-Scan] print_bss_handler: Report beacon TSF 623661499 as it greater than probe TSF 623661499
03-04 15:07:45.612  1663  3391 D LOWI-9.0.0.87: [LOWI-Scan] decode_rsn_wpa_ie: LOWI_ENCRYPTION_TYPE_WPA_PSK
03-04 15:07:45.612  1663  3391 D LOWI-9.0.0.87: [LOWI-Scan] is_qcom_ie, bss_age: 0
03-04 15:07:45.612  1663  3391 D LOWI-9.0.0.87: [LOWI-Scan] BSS 9a:2c:bc:4e:f6:88 LOWI_PHY_MODE_11NG_HT20(5), Beacon Interval: 100, LOWI_ENCRYPTION_TYPE_WPA_PSK 11mcRanging: No, ANQP: No, LCI: No, Civic: No, capability(0x8731): ESS Privacy ShortPreamble SpectrumMgmt QoS ShortSlotTime
03-04 15:07:45.612  1663  3391 D LOWI-9.0.0.87: [LOWI-Scan] BSS 9a:2c:bc:4e:f6:88 FREQ: 2412, cFreq1[40:80:160] = [0:0:0] cFreq2 = 0 Country Code =    
03-04 15:07:45.612  1663  3391 D LOWI-9.0.0.87: [LOWI-Scan] BSS 9a:2c:bc:4e:f6:88 (wlan0) ASSO: NO AddInfo: 0x1, TSF 0, 00:10:23.661, RSSI: -144, CPL: 127, AGE: 1436,  SSID LC-WJR 5694, TSFDelta: 0x2a9b374, TXRate: 0
03-04 15:07:45.613  1663  3391 D LOWI-9.0.0.87: [LOWI-Scan] 
03-04 15:07:45.613  1663  3391 D LOWI-9.0.0.87: [LOWI-Scan] print_bss_handler: Report beacon TSF 623682112 as it greater than probe TSF 623682112
03-04 15:07:45.613  1663  3391 D LOWI-9.0.0.87: [LOWI-Scan] decode_rsn_wpa_ie: LOWI_ENCRYPTION_TYPE_WPA_PSK
03-04 15:07:45.613  1663  3391 D LOWI-9.0.0.87: [LOWI-Scan] is_qcom_ie, bss_age: 0
03-04 15:07:45.613  1663  3391 D LOWI-9.0.0.87: [LOWI-Scan] BSS 4c:e9:e4:c3:2d:38 LOWI_PHY_MODE_11NG_HT40(7), Beacon Interval: 100, LOWI_ENCRYPTION_TYPE_WPA_PSK 11mcRanging: No, ANQP: No, LCI: No, Civic: No, capability(0x0411): ESS Privacy ShortSlotTime
03-04 15:07:45.613  1663  3391 D LOWI-9.0.0.87: [LOWI-Scan] BSS 4c:e9:e4:c3:2d:38 FREQ: 2412, cFreq1[40:80:160] = [2422:0:0] cFreq2 = 0 Country Code =    
03-04 15:07:45.613  1663  3391 D LOWI-9.0.0.87: [LOWI-Scan] BSS 4c:e9:e4:c3:2d:38 (wlan0) ASSO: NO AddInfo: 0x1, TSF 0, 00:10:23.682, RSSI: -182, CPL: 127, AGE: 1416,  SSID H3C_C32D36, TSFDelta: 0x456ab88e, TXRate: 0
03-04 15:07:45.614  1663  3391 D LOWI-9.0.0.87: [LOWI-Scan] 
03-04 15:07:45.614  1663  3391 D LOWI-9.0.0.87: [LOWI-Scan] print_bss_handler: Report beacon TSF 623700679 as it greater than probe TSF 623700679
03-04 15:07:45.614  1663  3391 D LOWI-9.0.0.87: [LOWI-Scan] decode_rsn_wpa_ie: LOWI_ENCRYPTION_TYPE_WPA_PSK
03-04 15:07:45.614  1663  3391 D LOWI-9.0.0.87: [LOWI-Scan] is_qcom_ie, bss_age: 0
03-04 15:07:45.614  1663  3391 D LOWI-9.0.0.87: [LOWI-Scan] BSS 44:67:47:6a:a9:c0 LOWI_PHY_MODE_11AC_VHT20_2G(11), Beacon Interval: 100, LOWI_ENCRYPTION_TYPE_WPA_PSK 11mcRanging: No, ANQP: No, LCI: No, Civic: No, capability(0x1431): ESS Privacy ShortPreamble ShortSlotTime
03-04 15:07:45.614  1663  3391 D LOWI-9.0.0.87: [LOWI-Scan] BSS 44:67:47:6a:a9:c0 FREQ: 2412, cFreq1[40:80:160] = [0:0:0] cFreq2 = 0 Country Code = CN 
03-04 15:07:45.614  1663  3391 D LOWI-9.0.0.87: [LOWI-Scan] BSS 44:67:47:6a:a9:c0 (wlan0) ASSO: NO AddInfo: 0x1, TSF 0, 00:10:23.700, RSSI: -178, CPL: 127, AGE: 1400,  SSID ThunderSoft, TSFDelta: 0x1e069701, TXRate: 0
03-04 15:07:45.614  1663  3391 D LOWI-9.0.0.87: [LOWI-Scan] 
03-04 15:07:45.614  1663  3391 D LOWI-9.0.0.87: [LOWI-Scan] print_bss_handler: Report beacon TSF 623710972 as it greater than probe TSF 623710972
03-04 15:07:45.614  1663  3391 D LOWI-9.0.0.87: [LOWI-Scan] decode_rsn_wpa_ie: LOWI_ENCRYPTION_TYPE_WPA_PSK
03-04 15:07:45.614  1663  3391 D LOWI-9.0.0.87: [LOWI-Scan] is_qcom_ie, bss_age: 0
03-04 15:07:45.614  1663  3391 D LOWI-9.0.0.87: [LOWI-Scan] BSS 44:67:47:6a:aa:21 LOWI_PHY_MODE_11AC_VHT20_2G(11), Beacon Interval: 100, LOWI_ENCRYPTION_TYPE_WPA_PSK 11mcRanging: No, ANQP: No, LCI: No, Civic: No, capability(0x1431): ESS Privacy ShortPreamble ShortSlotTime
03-04 15:07:45.614  1663  3391 D LOWI-9.0.0.87: [LOWI-Scan] BSS 44:67:47:6a:aa:21 FREQ: 2412, cFreq1[40:80:160] = [0:0:0] cFreq2 = 0 Country Code = CN 
03-04 15:07:45.614  1663  3391 D LOWI-9.0.0.87: [LOWI-Scan] BSS 44:67:47:6a:aa:21 (wlan0) ASSO: NO AddInfo: 0x1, TSF 0, 00:10:23.710, RSSI: -152, CPL: 127, AGE: 1392,  SSID tsguest, TSFDelta: 0x1db8a6c7, TXRate: 0
03-04 15:07:45.614  1663  3391 D LOWI-9.0.0.87: [LOWIDiagLog] Log: lowiMeasResult->request: invalid null argument
03-04 15:07:45.614  1663  3391 I LOWI-9.0.0.87: [LOWI-Scan] lowi_close_record:Scan done in 592609ms, 25 APs in scan results
03-04 15:07:45.615  1663  3391 D LOWI-9.0.0.87: [LOWI-Scan] WipsScanUsingNL: passive scan cached 0, took 36742 ms, err 0
03-04 15:07:45.615  1663  3391 D LOWI-9.0.0.87: [LOWI-Scan] lowi_proc_req_passive_scan_with_live_meas - No WLAN Frames to be parsed
03-04 15:07:45.616  1663  3391 D LOWI-9.0.0.87: [LOWIScanResultReceiver] Send scan meas to listener
03-04 15:07:45.616  1663  3391 D LOWI-9.0.0.87: [LOWIScanResultReceiver] Enter passive listening mode
03-04 15:07:45.616  1663  3391 D LOWI-9.0.0.87: [LOWIWifiDriverInterface] getMeasurements - Passive listening mode
03-04 15:07:45.616  1663  3391 D LOWI-9.0.0.87: [LOWI-Scan] WipsScanUsingNL:wait -1 sec for netlink message
03-04 15:07:45.616  1663  1773 D LOWI-9.0.0.87: [LOWIEventReceiver] handleEvent:FROM:NA, TO:NA, REQ:NA, IREQ:NA, REQ_ID:0, RESP:NA, INFO:NA
03-04 15:07:45.626     0     0 W healthd : battery l=100 v=4441 t=35.6 h=2 st=2 c=-16479 fc=4529000 cc=0 chg=u
03-04 15:07:45.616  1663  1773 D LOWI-9.0.0.87: [LOWIBackgroundScanMgr] isRspForBgScanMgr: evt(LOWI_NO_EVT) - not handled
03-04 15:07:45.616  1663  1773 D LOWI-9.0.0.87: [LOWIScheduler] manageMsg: NULL results or NULL request in results
03-04 15:07:45.616  1663  1773 D LOWI-9.0.0.87: [LOWIController] Measurements received
03-04 15:07:45.616  1663  1773 D LOWI-9.0.0.87: [LOWICacheManager] putInCache:Num of Meas to add: 25
03-04 15:07:45.617  1663  1773 D LOWI-9.0.0.87: [LOWIController] processMeasurementResults: No current Request. Cache measurements
03-04 15:07:45.617  1663  1773 D LOWI-9.0.0.87: [LOWIControllerExtn] sendLOWILpDiscoveryScanResponse: Not a discovery scan response
03-04 15:07:45.627 10726 10726 D SST     : [0] handleMessage: received event 12
03-04 15:07:45.634     0     0 I ALG     : cap_learning_update: [SOMC CL][OFF] charge_status:1 bsoc_cp:9914
03-04 15:07:45.628  2160  2160 D WifiService: battery temperature changed.356
03-04 15:07:45.628  2160  2160 D WifiService: softap already disabled.
03-04 15:07:45.629  3013  3013 D QtiCarrierConfigHelper: WARNING, no carrier configs on phone Id: 1
03-04 15:07:45.629  3176  3176 D TransmitPower: BatteryInfoNotifier:isCharging() : battery status = 2, plug status = 2, isBatteryChargedWithUsb = true
03-04 15:07:45.630  4641  4641 I BatteryCare: SmartChargeConnectStateReceiver: bmStat(2), plg(true), chg(true), lvl(100)
03-04 15:07:45.630  4641  4641 I BatteryCare: BatteryChangedReceiver: bmStatus.bmChargingLevel = 100
03-04 15:07:45.630 10726 11399 D Phone   : isImsCapabilityAvailable, capability=1, regTech=1, isAvailable=false
03-04 15:07:45.630  4641  4641 D PrefUtil: : read long begin_full_time(384367)
03-04 15:07:45.630  4641  4641 I BatteryCare: BatteryChangedReceiver: BEGIN_FULL_TIME = 384367
03-04 15:07:45.631  3176  3176 D TransmitPower: UsbInfoNotifier:isUsbConnected(): isUsbConnectedAsDeviceMode = true
03-04 15:07:45.633  3176  3176 D TransmitPower: BatteryInfoNotifier:isCharging() : battery status = 2, plug status = 2, isBatteryChargedWithUsb = true
03-04 15:07:45.633  3176  3176 D TransmitPower: UsbConnectionObserver:getUsbConnectionValue() : isUsbConnected = true, isChargingWithUsb = true
03-04 15:07:45.634  3163  3163 V DeviceStatisticsService: chargerType=2 batteryLevel=100 totalBatteryCapacity=4438400
03-04 15:07:45.646 10726 11399 D Phone   : isImsCapabilityAvailable, capability=2, regTech=1, isAvailable=false
03-04 15:07:45.685   852 21722 D resolv  : GetAddrInfoHandler::run: {106 786538 106 983146 10148 0}
03-04 15:07:45.685   852 21722 D resolv  : resolv_getaddrinfo: explore_fqdn(): ai_family=0 ai_socktype=1 ai_protocol=6
03-04 15:07:45.686  1106  2258 W VsyncModulator: setTransactionSchedule: Unexpected EarlyEnd
03-04 15:07:45.688   852 21724 D resolv  : doQuery: (1, 1)
03-04 15:07:45.688   852 21724 D resolv  : res_nmkquery: (QUERY, IN, A)
03-04 15:07:45.688   852 21724 D resolv  : res_nsend
03-04 15:07:45.688   852 21724 I resolv  : resolv_cache_lookup: lookup
03-04 15:07:45.688   852 21724 I resolv  : resolv_cache_lookup: NOT IN CACHE
03-04 15:07:45.688   852 21724 I resolv  : resolv_populate_res_for_net: netid=106
03-04 15:07:45.688   852 21724 I resolv  : res_stats_usable_server: NS stats: S 0 + E 0 + T 0 + I 0 = 0, rtt = -1, min_samples = 8
03-04 15:07:45.688   852 21724 I resolv  : res_stats_usable_server: NS stats: S 0 + E 0 + T 0 + I 0 = 0, rtt = -1, min_samples = 8
03-04 15:07:45.688   852 21724 D resolv  : res_nsend: Querying server (# 1) address = 211.137.130.18:53
03-04 15:07:45.689   852 21724 D resolv  : send_dg: new DG socket
03-04 15:07:45.689   852 21724 I resolv  : get_timeout: using timeout of 5000 msec
03-04 15:07:45.689   852 21724 I resolv  : retrying_poll: 66 retrying_poll
03-04 15:07:45.760     0     0 I IRQ 6   : no longer affine to CPU5
03-04 15:07:45.884     0     0 I [charger info] usb: present=1 type=4 batt:present = 1 health = 1 charge_type = 3
03-04 15:07:45.884     0     0 I         : [charger info] batt_soc=100 batt_voltage=4452126 batt_current=269470 batt_temp=355 usb_voltage=4738752 usb_current=489835
03-04 15:07:45.919  3176  3176 D TransmitPower: ProperSensorInfoNotifier:getProperSensorInfo() E : isCallActive = false, isScreenOn = true, isDataActive = true
03-04 15:07:45.919  3176  3176 D TransmitPower: ProperSensorInfoNotifier:getProperSensorInfo() X : shouldPowerOn = true, properDetectedValue = -1
03-04 15:07:45.919  3176  3176 D TransmitPower: AccSensorManager:onProperSensorInfoChanged()
03-04 15:07:45.921  4751  4924 I android_os_HwBinder: HwBinder: Starting thread pool for getting: vendor.semc.system.idd@1.0::IIdd/default
03-04 15:07:45.921  2160 10927 W ServiceManager: Permission failure: android.permission.HIGH_SAMPLING_RATE_SENSORS from uid=10273 pid=3176
03-04 15:07:45.926  1026  1026 I sensors-hal: batch:247, com.sonymoble.sensor.accelerometer/2012, period=100000000, max_latency=0
03-04 15:07:45.926  1026  1026 I sensors-hal: set_config:63, sample_period_ns is adjusted to 100000000 based on min/max delay_ns
03-04 15:07:45.926  1026  1026 I sensors-hal: batch:256, com.sonymoble.sensor.accelerometer/2012, period=100000000, max_latency=0 request completed
03-04 15:07:45.927  1026  1026 I sensors-hal: activate:214, com.sonymoble.sensor.accelerometer/2012 en=1
03-04 15:07:45.939  1026  1026 I sensors-hal: send_sync_sensor_request:358, send sync request
03-04 15:07:45.939  1026  1026 I sensors-hal: send_sync_sensor_request:384, wait for notification of response
03-04 15:07:45.945  1106  2258 W VsyncModulator: setTransactionSchedule: Unexpected EarlyEnd
03-04 15:07:45.947  1026 21725 I sensors-hal: ssc_conn_resp_cb:663, resp_value = 0
03-04 15:07:45.948  1026  1026 I sensors-hal: send_sync_sensor_request:390, takes 8 ms to receive the response with 0
03-04 15:07:45.948  1026  1026 I sensors-hal: activate:225, com.sonymoble.sensor.accelerometer/2012 en=1 completed
03-04 15:07:45.949  3176  3176 D TransmitPower: AccSensor(14476380):setAccSensorPower() : Power ON
03-04 15:07:45.949  3176  3176 D TransmitPower: AccSensorObserverMOTION_DETECTION:update(): detectedValue = -1
03-04 15:07:45.949  3176  3176 D TransmitPower: AccSensorObserverBHH_DETECTION:update(): detectedValue = -1
03-04 15:07:45.949  3176  3176 D TransmitPower: AccSensorObserverBHH_DIRECTION:update(): detectedValue = -1
03-04 15:07:45.949  3176  3176 D TransmitPower: TelephonyManagerObserver:onDataActivity() : subId = 2, isDataActive = true
03-04 15:07:46.004  3176  3176 D TransmitPower: AccSensorObserverBHH_DETECTION:onBHHDetected() : isDetected = true
03-04 15:07:46.006  3176  3176 D TransmitPower: TransmitPowerObserver:sendPowerBackOffFactor() : key = 2048, value = 2048, mCurrentValue = 2048
03-04 15:07:46.006  3176  3176 D TransmitPower: AccSensorObserverBHH_DIRECTION:onBHHStateChanged() : isRightSide = true
03-04 15:07:46.007  3176  4130 D TransmitPower: TransmitPowerService:setPowerBackOffFactor() : key = 2048, value = 2048
03-04 15:07:46.008  3176  4130 D TransmitPower: TransmitPowerService:calculateMCC() : simCount = 2, mMccList = {0=460}, result = 0
03-04 15:07:46.008  3176  4130 D TransmitPower: TransmitPowerService:ASDIV_VALUE_TABLE is null.
03-04 15:07:46.008  3176  3176 D TransmitPower: TransmitPowerObserver:sendPowerBackOffFactor() : key = 4096, value = 4096, mCurrentValue = 4096
03-04 15:07:46.008  3176  3176 D TransmitPower: AccSensorObserverMOTION_DETECTION:onMotionStateChanged() : isStable = false
03-04 15:07:46.009  3176  4130 D TransmitPower: TransmitPowerService:setPowerBackOffFactor() : key = 4096, value = 4096
03-04 15:07:46.009  3176  4130 D TransmitPower: TransmitPowerService:calculateMCC() : simCount = 2, mMccList = {0=460}, result = 0
03-04 15:07:46.009  3176  4130 D TransmitPower: TransmitPowerService:ASDIV_VALUE_TABLE is null.
03-04 15:07:46.010  3176  3176 D TransmitPower: TransmitPowerObserver:sendPowerBackOffFactor() : key = 8, value = 8, mCurrentValue = 8
03-04 15:07:46.010  3176  4130 D TransmitPower: TransmitPowerService:setPowerBackOffFactor() : key = 8, value = 8
03-04 15:07:46.011  3176  4130 D TransmitPower: TransmitPowerService:calculateMCC() : simCount = 2, mMccList = {0=460}, result = 0
03-04 15:07:46.011  3176  4130 D TransmitPower: TransmitPowerService:setBackOffDsi() : index = 4, mBackOffDsi = 0, newBackOffDsi = 4
03-04 15:07:46.012  2932  2932 D QcrilMsgTunnelIfaceManager: handleMessage what = 1
03-04 15:07:46.013  2932  2932 I QcrilOemhookMsgTunnel: [0]invokeOemRilRequestRaw: serial=1164 length=24
03-04 15:07:46.018  2932  3432 I QcrilOemhookMsgTunnel: [0]processOemHookResponse serial no: 1164 error: 40length=0
03-04 15:07:46.018  2932  3432 E QcRilRequest: [1164] < OEM_HOOK_RAW error: org.codeaurora.telephony.utils.CommandException: MODEM_ERR
03-04 15:07:46.018  2932  2932 D QcrilMsgTunnelIfaceManager: handleMessage what = 2
03-04 15:07:46.019  3176  4130 D QC_RIL_OEM_HOOK: sendOemRilRequestRaw returns value = -39
03-04 15:07:46.019  3176  4130 D TransmitPower: TransmitPowerService:setBackOffDsi failure.
03-04 15:07:46.102     0     0 I QG-K    : qg_somc_jeita_step_charge_work: [Charging] condition=3, chip->target_idx=17
03-04 15:07:46.117 10726 10726 D SST     : [0] handleMessage: received event 43
03-04 15:07:46.195     0     0 I         : smblib_usb_ov_and_uv_detect_work start..
03-04 15:07:46.325  3176  3176 D TransmitPower: AccSensorObserverBHH_DETECTION:onBHHDetected() : isDetected = false
03-04 15:07:46.330  3176  4130 D TransmitPower: TransmitPowerService:setPowerBackOffFactor() : key = 2048, value = 0
03-04 15:07:46.330  3176  4130 D TransmitPower: TransmitPowerService:calculateMCC() : simCount = 2, mMccList = {0=460}, result = 0
03-04 15:07:46.330  3176  4130 D TransmitPower: TransmitPowerService:ASDIV_VALUE_TABLE is null.
03-04 15:07:46.330  3176  3176 D TransmitPower: TransmitPowerObserver:sendPowerBackOffFactor() : key = 2048, value = 0, mCurrentValue = 0
03-04 15:07:46.330  3176  3176 D TransmitPower: AccSensorObserverBHH_DIRECTION:onBHHStateChanged() : isRightSide = false
03-04 15:07:46.333  3176  3176 D TransmitPower: TransmitPowerObserver:sendPowerBackOffFactor() : key = 4096, value = 0, mCurrentValue = 0
03-04 15:07:46.334  3176  3176 D TransmitPower: AccSensorObserverMOTION_DETECTION:onMotionStateChanged() : isStable = false
03-04 15:07:46.334  3176  4130 D TransmitPower: TransmitPowerService:setPowerBackOffFactor() : key = 4096, value = 0
03-04 15:07:46.335  3176  4130 D TransmitPower: TransmitPowerService:calculateMCC() : simCount = 2, mMccList = {0=460}, result = 0
03-04 15:07:46.335  3176  4130 D TransmitPower: TransmitPowerService:ASDIV_VALUE_TABLE is null.
03-04 15:07:46.388     0     0 I (virq   : irq_count)- 4:825062 20:341428 14:336981 295:304699 214:190096 318:149640 304:45682 42:43403 180:17464 17:17076
03-04 15:07:46.388     0     0 I (cpu    : irq_count)- 0:799687 1:936386 2:117408 3:121352 4:86330 5:85965 6:97072 7:99062
03-04 15:07:46.388     0     0 I (ipi    : irq_count)- 0:2489440 1:1392315 2:0 3:0 4:792 5:689347 6:0
03-04 15:07:46.403  3176  3176 D TransmitPower: AccSensorObserverBHH_DETECTION:onBHHDetected() : isDetected = false
03-04 15:07:46.403  3176  3176 D TransmitPower: AccSensorObserverBHH_DIRECTION:onBHHStateChanged() : isRightSide = false
03-04 15:07:46.403  3176  3176 D TransmitPower: AccSensorObserverMOTION_DETECTION:onMotionStateChanged() : isStable = false
03-04 15:07:46.485  3176  3176 D TransmitPower: AccSensorObserverBHH_DETECTION:onBHHDetected() : isDetected = false
03-04 15:07:46.485  3176  3176 D TransmitPower: AccSensorObserverBHH_DIRECTION:onBHHStateChanged() : isRightSide = false
03-04 15:07:46.485  3176  3176 D TransmitPower: AccSensorObserverMOTION_DETECTION:onMotionStateChanged() : isStable = false
03-04 15:07:46.645  3176  3176 D TransmitPower: AccSensorObserverBHH_DETECTION:onBHHDetected() : isDetected = false
03-04 15:07:46.646  3176  3176 D TransmitPower: AccSensorObserverBHH_DIRECTION:onBHHStateChanged() : isRightSide = false
03-04 15:07:46.646  3176  3176 D TransmitPower: AccSensorObserverMOTION_DETECTION:onMotionStateChanged() : isStable = false
03-04 15:07:46.727  2932  3432 D QcRilAudio: setParameters with: vsid=297816064;call_state=1;call_type=UNKNOWN[slot1]
03-04 15:07:46.728  3176  3176 D TransmitPower: AccSensorObserverBHH_DETECTION:onBHHDetected() : isDetected = false
03-04 15:07:46.728  3176  3176 D TransmitPower: AccSensorObserverBHH_DIRECTION:onBHHStateChanged() : isRightSide = false
03-04 15:07:46.728  3176  3176 D TransmitPower: AccSensorObserverMOTION_DETECTION:onMotionStateChanged() : isStable = false
03-04 15:07:46.729  1001  2513 D audio_hw_primary: adev_set_parameters: enter: call_state=1;call_type=UNKNOWN;vsid=297816064
03-04 15:07:46.729  1001  2513 D voice_extn: update_call_states is_call_active:0 in_call:0, mode:0
03-04 15:07:46.729  1001  2513 D voice_extn: voice_extn_set_parameters: call type is UNKNOWN
03-04 15:07:46.735 10726 10857 D RILJ    : Unsol response received; Sending ack to ril.cpp [PHONE0]
03-04 15:07:46.735 10726 10857 D RILJ    : [UNSL]< UNSOL_CALL_RING  [PHONE0]
03-04 15:07:46.736 10726 10726 D QtiGsmCdmaPhone: handleMessage: Event: 14
03-04 15:07:46.736 10726 10726 D VendorGsmCdmaPhone: handleMessage: Event: 14
03-04 15:07:46.736 10726 10726 D Phone   : Event EVENT_CALL_RING Received state=IDLE
03-04 15:07:46.737 10726 10726 D Phone   : Sending notifyIncomingRing
03-04 15:07:46.738  2932  3432 D QcRilAudio: setParameters with: vsid=297816064;call_state=1;call_type=UNKNOWN[slot1]
03-04 15:07:46.740  1001  2513 D audio_hw_primary: adev_set_parameters: enter: call_state=1;call_type=UNKNOWN;vsid=297816064
03-04 15:07:46.740  1001  2513 D voice_extn: update_call_states is_call_active:0 in_call:0, mode:0
03-04 15:07:46.740  1001  2513 D voice_extn: voice_extn_set_parameters: call type is UNKNOWN
03-04 15:07:46.747  2932  3432 D QcRilAudio: setParameters with: vsid=297816064;call_state=1;call_type=UNKNOWN[slot1]
03-04 15:07:46.748  1001  2513 D audio_hw_primary: adev_set_parameters: enter: call_state=1;call_type=UNKNOWN;vsid=297816064
03-04 15:07:46.749  1001  2513 D voice_extn: update_call_states is_call_active:0 in_call:0, mode:0
03-04 15:07:46.749  1001  2513 D voice_extn: voice_extn_set_parameters: call type is UNKNOWN
03-04 15:07:46.757  2932  3432 I QcrilOemhookMsgTunnel: [0]processOemHookIndication length=67
03-04 15:07:46.760  2932  3432 I QcrilOemhookMsgTunnel: [0]processOemHookIndication length=67
03-04 15:07:46.762  2932  3432 I QcrilOemhookMsgTunnel: [0]processOemHookIndication length=67
03-04 15:07:46.806  3176  3176 D TransmitPower: AccSensorObserverBHH_DETECTION:onBHHDetected() : isDetected = false
03-04 15:07:46.806  3176  3176 D TransmitPower: AccSensorObserverBHH_DIRECTION:onBHHStateChanged() : isRightSide = false
03-04 15:07:46.806  3176  3176 D TransmitPower: AccSensorObserverMOTION_DETECTION:onMotionStateChanged() : isStable = false
03-04 15:07:46.847  2160  4047 D WifiService: thread start to send msg to get the temperature
03-04 15:07:46.852  2160  2160 D WifiService: /sys/class/thermal/thermal_zone88/temp content is 37968
03-04 15:07:46.852  2160  2160 D WifiService:  get thermal zone88 temper=37968
03-04 15:07:46.887  3176  3176 D TransmitPower: AccSensorObserverBHH_DETECTION:onBHHDetected() : isDetected = false
03-04 15:07:46.887  3176  3176 D TransmitPower: AccSensorObserverBHH_DIRECTION:onBHHStateChanged() : isRightSide = false
03-04 15:07:46.887  3176  3176 D TransmitPower: AccSensorObserverMOTION_DETECTION:onMotionStateChanged() : isStable = false
03-04 15:07:46.930  3176  3176 D TransmitPower: ProperSensorInfoNotifier:getProperSensorInfo() E : isCallActive = false, isScreenOn = true, isDataActive = false
03-04 15:07:46.930  3176  3176 D TransmitPower: ProperSensorInfoNotifier:getProperSensorInfo() X : shouldPowerOn = false, properDetectedValue = 0
03-04 15:07:46.930  3176  3176 D TransmitPower: AccSensorManager:onProperSensorInfoChanged()
03-04 15:07:46.932  4751  4924 I android_os_HwBinder: HwBinder: Starting thread pool for getting: vendor.semc.system.idd@1.0::IIdd/default
03-04 15:07:46.934  1026  1026 I sensors-hal: activate:214, com.sonymoble.sensor.accelerometer/2012 en=0
03-04 15:07:46.936  1026  1026 I sensors-hal: activate:225, com.sonymoble.sensor.accelerometer/2012 en=0 completed
03-04 15:07:46.940  3176  3176 D TransmitPower: AccSensor(14476380):setAccSensorPower() : Power OFF
03-04 15:07:46.941  3176  3176 D TransmitPower: AccSensorObserverMOTION_DETECTION:update(): detectedValue = 0
03-04 15:07:46.942  3176  3176 D TransmitPower: TransmitPowerObserver:sendPowerBackOffFactor() : key = 8, value = 0, mCurrentValue = 0
03-04 15:07:46.943  3176  3176 D TransmitPower: AccSensorObserverBHH_DETECTION:update(): detectedValue = 0
03-04 15:07:46.943  3176  3176 D TransmitPower: AccSensorObserverBHH_DIRECTION:update(): detectedValue = 0
03-04 15:07:46.943  3176  3176 D TransmitPower: TelephonyManagerObserver:onDataActivity() : subId = 2, isDataActive = false
03-04 15:07:46.943  3176  4130 D TransmitPower: TransmitPowerService:setPowerBackOffFactor() : key = 8, value = 0
03-04 15:07:46.944  3176  4130 D TransmitPower: TransmitPowerService:calculateMCC() : simCount = 2, mMccList = {0=460}, result = 0
03-04 15:07:46.944  3176  4130 D TransmitPower: TransmitPowerService:setBackOffDsi() : index = 0, mBackOffDsi = 0, newBackOffDsi = 2
03-04 15:07:46.945  2932  2932 D QcrilMsgTunnelIfaceManager: handleMessage what = 1
03-04 15:07:46.946  2932  2932 I QcrilOemhookMsgTunnel: [0]invokeOemRilRequestRaw: serial=1165 length=24
03-04 15:07:46.948  1106  2258 W VsyncModulator: setTransactionSchedule: Unexpected EarlyEnd
03-04 15:07:46.953  2932  3432 I QcrilOemhookMsgTunnel: [0]processOemHookResponse serial no: 1165 error: 40length=0
03-04 15:07:46.954  2932  3432 E QcRilRequest: [1165] < OEM_HOOK_RAW error: org.codeaurora.telephony.utils.CommandException: MODEM_ERR
03-04 15:07:46.954  2932  2932 D QcrilMsgTunnelIfaceManager: handleMessage what = 2
03-04 15:07:46.956  3176  4130 D QC_RIL_OEM_HOOK: sendOemRilRequestRaw returns value = -39
03-04 15:07:46.957  3176  4130 D TransmitPower: TransmitPowerService:setBackOffDsi failure.
03-04 15:07:46.982   852 21731 D resolv  : GetAddrInfoHandler::run: {106 983146 106 983146 1073 1}
03-04 15:07:46.982   852 21731 D resolv  : resolv_getaddrinfo: explore_fqdn(): ai_family=0 ai_socktype=1 ai_protocol=6
03-04 15:07:46.985   852 21732 D resolv  : doQuery: (1, 1)
03-04 15:07:46.985   852 21732 D resolv  : res_nmkquery: (QUERY, IN, A)
03-04 15:07:46.985   852 21732 D resolv  : res_nsend
03-04 15:07:46.985   852 21732 I resolv  : resolv_cache_lookup: lookup
03-04 15:07:46.985   852 21732 I resolv  : resolv_cache_lookup: NOT IN CACHE
03-04 15:07:46.985   852 21732 I resolv  : resolv_populate_res_for_net: netid=106
03-04 15:07:46.985   852 21732 I resolv  : res_stats_usable_server: NS stats: S 0 + E 0 + T 0 + I 0 = 0, rtt = -1, min_samples = 8
03-04 15:07:46.985   852 21732 I resolv  : res_stats_usable_server: NS stats: S 0 + E 0 + T 0 + I 0 = 0, rtt = -1, min_samples = 8
03-04 15:07:46.985   852 21732 D resolv  : res_nsend: Querying server (# 1) address = 211.137.130.18:53
03-04 15:07:46.986   852 21732 D resolv  : send_dg: new DG socket
03-04 15:07:46.987   852 21732 I resolv  : get_timeout: using timeout of 5000 msec
03-04 15:07:46.987   852 21732 I resolv  : retrying_poll: 68 retrying_poll
03-04 15:07:47.412     0     0 I         : <I>CTS-Core ESD protection work
03-04 15:07:47.436 10726 10857 D RILJ    : Unsol response received; Sending ack to ril.cpp [PHONE0]
03-04 15:07:47.436 10726 10857 D RILJ    : [UNSL]< UNSOL_RESPONSE_CALL_STATE_CHANGED [PHONE0]
03-04 15:07:47.441 10726 10726 D RILJ    : [1388]> GET_CURRENT_CALLS [PHONE0]
03-04 15:07:47.444 10726 10857 D RILJ    : [1388]< GET_CURRENT_CALLS {} [PHONE0]
03-04 15:07:47.444 10726 10726 D GsmCdmaCallTracker: Event EVENT_POLL_CALLS_RESULT Received
03-04 15:07:47.444 10726 10726 D GsmCdmaCallTracker: [0] update phone state, old=IDLE new=IDLE
03-04 15:07:47.630  2932  3432 D QcRilAudio: setParameters with: vsid=297816064;call_state=1;call_type=UNKNOWN[slot1]
03-04 15:07:47.631 10726 10857 D RILJ    : Unsol response received; Sending ack to ril.cpp [PHONE0]
03-04 15:07:47.632 10726 10857 D RILJ    : [UNSL]< UNSOL_RESPONSE_CALL_STATE_CHANGED [PHONE0]
03-04 15:07:47.632  1001  2513 D audio_hw_primary: adev_set_parameters: enter: call_state=1;call_type=UNKNOWN;vsid=297816064
03-04 15:07:47.632  1001  2513 D voice_extn: update_call_states is_call_active:0 in_call:0, mode:0
03-04 15:07:47.632  1001  2513 D voice_extn: voice_extn_set_parameters: call type is UNKNOWN
03-04 15:07:47.636 10726 10726 D RILJ    : [1390]> GET_CURRENT_CALLS [PHONE0]
03-04 15:07:47.642  2932  3432 D QcRilAudio: setParameters with: vsid=297816064;call_state=1;call_type=UNKNOWN[slot1]
03-04 15:07:47.644  1001  2513 D audio_hw_primary: adev_set_parameters: enter: call_state=1;call_type=UNKNOWN;vsid=297816064
03-04 15:07:47.644  1001  2513 D voice_extn: update_call_states is_call_active:0 in_call:0, mode:0
03-04 15:07:47.644  1001  2513 D voice_extn: voice_extn_set_parameters: call type is UNKNOWN
03-04 15:07:47.651  2932  3432 D QcRilAudio: setParameters with: vsid=297816064;call_state=1;call_type=UNKNOWN[slot1]
03-04 15:07:47.652  1001  2513 D audio_hw_primary: adev_set_parameters: enter: call_state=1;call_type=UNKNOWN;vsid=297816064
03-04 15:07:47.653  1001  2513 D voice_extn: update_call_states is_call_active:0 in_call:0, mode:0
03-04 15:07:47.653  1001  2513 D voice_extn: voice_extn_set_parameters: call type is UNKNOWN
03-04 15:07:47.659  2932  3432 I QcrilOemhookMsgTunnel: [0]processOemHookIndication length=67
03-04 15:07:47.659 10726 10857 V RILJ    : Incoming UUS : NOT present! [PHONE0]
03-04 15:07:47.660 10726 10857 D RILJ    : InCall VoicePrivacy is disabled [PHONE0]
03-04 15:07:47.660 10726 10726 D GsmCdmaCallTracker: Event EVENT_POLL_CALLS_RESULT Received
03-04 15:07:47.660 10726 10857 D RILJ    : [1390]< GET_CURRENT_CALLS {[id=1,INCOMING,toa=129,norm,mt,0,voc,noevp,,cli=1,,3,audioQuality=3] } [PHONE0]
03-04 15:07:47.660 10726 10726 D GsmCdmaCallTracker: [0] pendingMo=null, dc=id=1,INCOMING,toa=129,norm,mt,0,voc,noevp,,cli=1,,3,audioQuality=3
03-04 15:07:47.660 10726 10726 D GsmCdmaConnection: [GsmCdmaConn] acquireWakeLock
03-04 15:07:47.661  2932  3432 I QcrilOemhookMsgTunnel: [0]processOemHookIndication length=67
03-04 15:07:47.663  2932  3432 I QcrilOemhookMsgTunnel: [0]processOemHookIndication length=67
03-04 15:07:47.664 10726 10726 E Connection: setEmergencyCallInfo: emergency number is null
03-04 15:07:47.669 10726 10726 D GsmCdmaPhone: [0] getCsCallRadioTech, current vrs=0, vrat=16
03-04 15:07:47.669 10726 10726 D GsmCdmaPhone: [0] getCsCallRadioTech, result calcVrat=16
03-04 15:07:47.669 10726 10726 D GsmCdmaCallTracker: [0] New connection is not mPendingMO. Creating new GsmCdmaConnection, objId=207452315
03-04 15:07:47.669 10726 10726 D GsmCdmaCallTracker: [0] New connection is not mPendingMO nor a pending handover.
03-04 15:07:47.669 10726 10726 D GsmCdmaCallTracker: [0] Notify new ring id=1,INCOMING,toa=129,norm,mt,0,voc,noevp,,cli=1,,3,audioQuality=3
03-04 15:07:47.670 10726 10726 D SubscriptionController: [getSubId]- numSubIds == 0, return null slotIndex=1
03-04 15:07:47.670 10726 10726 D GsmCdmaCallTracker: [0] update phone state, old=IDLE new=RINGING
03-04 15:07:47.676  2160  2441 D TelephonyRegistry: onDataConnectionStateChanged(SUSPENDED, EDGE) subId=2, phoneId=0
03-04 15:07:47.676  2160  2160 E MboOceController: onDataConnectionStateChanged unexpected State: 3
03-04 15:07:47.677  2160  2494 E WifiDataStall: onDataConnectionStateChanged unexpected State: 3
03-04 15:07:47.678 10726 10726 E TelephonyMetrics: writePhoneState: Call session is missing
03-04 15:07:47.679  2160  2441 W ContextImpl: Calling a method in the system process without a qualified user: android.app.ContextImpl.sendBroadcastMultiplePermissions:1256 com.android.server.TelephonyRegistry.broadcastDataConnectionStateChanged:3024 com.android.server.TelephonyRegistry.notifyDataConnectionForSubscriber:2051 com.android.internal.telephony.ITelephonyRegistry$Stub.onTransact:544 android.os.Binder.execTransactInternal:1184 
03-04 15:07:47.680  2873  2873 W DPMJ    : |SERVICE| DPM received unexpected action: android.intent.action.ANY_DATA_STATE
03-04 15:07:47.680  4751  4924 I android_os_HwBinder: HwBinder: Starting thread pool for getting: vendor.semc.system.idd@1.0::IIdd/default
03-04 15:07:47.681 10726 11399 D Phone   : isImsCapabilityAvailable, capability=1, regTech=1, isAvailable=false
03-04 15:07:47.681  2160  2441 D TelephonyRegistry: notifyDataConnectionForSubscriber: phoneId=0 subId=2  state: SUSPENDED, transport: WWAN, id: 0, network type: EDGE, APN Setting: [ApnSettingV7] 中国移动 (China Mobile) NET, 2732, 46002, cmnet, , null, , null, null, -1, supl | hipri | default, IPV4V6, IPV4V6, true, 0, false, 0, 0, 0, 0, null, null, false, 0, 0, 1435, -1, link properties: {InterfaceName: rmnet_data2 LinkAddresses: [ 10.100.227.187/29 ] DnsAddresses: [ /211.137.130.18,/211.137.130.2 ] Domains: null MTU: 1358 TcpBufferSizes: 4093,26280,35040,4096,16384,35040 Routes: [ 0.0.0.0/0 -> 10.100.227.188 rmnet_data2 mtu 1358 ]}, fail cause: NONE
03-04 15:07:47.681  2873  2873 W DPMJ    : |SERVICE| DPM received unexpected action: android.intent.action.ANY_DATA_STATE
03-04 15:07:47.682 10726 10747 D Phone   : isImsCapabilityAvailable, capability=2, regTech=1, isAvailable=false
03-04 15:07:47.683 10726 10909 I service_manager_stats: [100,113,27693]
03-04 15:07:47.686 10726 10726 D SubscriptionController: [getSubId]- numSubIds == 0, return null slotIndex=1
03-04 15:07:47.686 10726 10726 D SubscriptionController: [getSubId]- numSubIds == 0, return null slotIndex=1
03-04 15:07:47.687 10726 10726 D Telephony: handleNewRingingConnection
03-04 15:07:47.690 10726 10909 D DcNetworkAgent-106: Changed from [ Transports: CELLULAR Capabilities: SUPL&INTERNET&NOT_RESTRICTED&TRUSTED&NOT_VPN&NOT_ROAMING&NOT_CONGESTED&NOT_SUSPENDED&NOT_VCN_MANAGED LinkUpBandwidth>=18Kbps LinkDnBandwidth>=70Kbps Specifier: <TelephonyNetworkSpecifier [mSubId = 2]> SubscriptionIds: {2}] to [ Transports: CELLULAR Capabilities: SUPL&INTERNET&NOT_RESTRICTED&TRUSTED&NOT_VPN&NOT_ROAMING&NOT_CONGESTED&NOT_VCN_MANAGED LinkUpBandwidth>=18Kbps LinkDnBandwidth>=70Kbps Specifier: <TelephonyNetworkSpecifier [mSubId = 2]> SubscriptionIds: {2}], Data RAT=2, dc=DC-C-1
03-04 15:07:47.692  2160  2441 I Telecom : : Adding new incoming call with phoneAccountHandle ComponentInfo{com.android.phone/com.android.services.telephony.TelephonyConnectionService}, ***, UserHandle{0}: TSI.aNIC@CEE
03-04 15:07:47.696  2902  5500 D QCNEJ/WwanInfoRelay: onCapabilitiesChanged: 106 [ Transports: CELLULAR Capabilities: SUPL&INTERNET&NOT_RESTRICTED&TRUSTED&NOT_VPN&NOT_ROAMING&FOREGROUND&NOT_CONGESTED&NOT_VCN_MANAGED LinkUpBandwidth>=18Kbps LinkDnBandwidth>=70Kbps Specifier: <TelephonyNetworkSpecifier [mSubId = 2]>]
03-04 15:07:47.698  2902  5500 I QCNEJ/WwanInfoRelay: cacheWwanInfo subId = 2 phoneId = 0 slotId = 0
03-04 15:07:47.702  3985  5510 I CarrierServices: [198] cew.d: (PEv2-SM-244575010): DisabledState: event Connectivity event [null]
03-04 15:07:47.703  3985  5568 I CarrierServices: [201] bwc.c: Connected state: [1], networkType: [MOBILE]
03-04 15:07:47.705  2160  2501 D ConnectivityService: [106 CELLULAR] EVENT_NETWORK_INFO_CHANGED, going from CONNECTED to SUSPENDED
03-04 15:07:47.705  2160  2501 D ConnectivityService: Sending SUSPENDED broadcast for type 0 [106 CELLULAR] isDefaultNetwork=true
03-04 15:07:47.705  3985  5567 I CarrierServices: [200] cln.e: RCS Configuration storage in Bugle is disabled by p/h flag, using ProvisioningEngineStateCacheUtil.getProvisioningConfigurationForGivenSimIfExist()
03-04 15:07:47.706  4751  5399 I android_os_HwBinder: HwBinder: Starting thread pool for getting: vendor.semc.system.idd@1.0::IIdd/default
03-04 15:07:47.706  2160  2501 W ContextImpl: Calling a method in the system process without a qualified user: android.app.ContextImpl.sendStickyBroadcast:1559 com.android.server.ConnectivityService.sendStickyBroadcast:2787 com.android.server.ConnectivityService.sendGeneralBroadcast:2762 com.android.server.ConnectivityService.sendConnectedBroadcast:2735 com.android.server.ConnectivityService.sendLegacyNetworkBroadcast:8796 
03-04 15:07:47.707  1106  2258 W VsyncModulator: setTransactionSchedule: Unexpected EarlyEnd
03-04 15:07:47.709  2160  2441 I Telecom : PhoneAccountRegistrar: getSimCallManager: SimCallManager for subId 2 queried, returning: null: TSI.aNIC@CEE
03-04 15:07:47.710  2160  2362 W BroadcastQueue: Target SDK mismatch: receiver ActivityInfo{12d9dcd com.google.android.apps.photos.actionqueue.impl.SystemReceiver} targets 31 but delivery restricted to [0, 23] broadcasting Intent { act=android.net.conn.CONNECTIVITY_CHANGE flg=0x4200010 (has extras) } from android (pid=2160, uid=1000) to com.google.android.apps.photos/.actionqueue.impl.SystemReceiver
03-04 15:07:47.710  6058  6058 I DeviceStatusMonitor: DeviceStatusMonitor$1.onReceive():58 onReceive() : Action = android.net.conn.CONNECTIVITY_CHANGE
03-04 15:07:47.710  2160  2362 W BroadcastQueue: Target SDK mismatch: receiver ActivityInfo{ed682 com.google.android.apps.photos.jobqueue.JobServiceBroadcastReceiver} targets 31 but delivery restricted to [0, 23] broadcasting Intent { act=android.net.conn.CONNECTIVITY_CHANGE flg=0x4200010 (has extras) } from android (pid=2160, uid=1000) to com.google.android.apps.photos/.jobqueue.JobServiceBroadcastReceiver
03-04 15:07:47.710  2160  2362 W BroadcastQueue: Target SDK mismatch: receiver ActivityInfo{6392193 com.google.android.gms.gcm.ServiceAutoStarter} targets 31 but delivery restricted to [0, 23] broadcasting Intent { act=android.net.conn.CONNECTIVITY_CHANGE flg=0x4200010 (has extras) } from android (pid=2160, uid=1000) to com.google.android.gms/.gcm.ServiceAutoStarter
03-04 15:07:47.710  2160  2362 W BroadcastQueue: Target SDK mismatch: receiver ActivityInfo{94045d0 jp.co.yahoo.android.ymsetupman.NotificationBootBroadcastReceiver} targets 31 but delivery restricted to [0, 23] broadcasting Intent { act=android.net.conn.CONNECTIVITY_CHANGE flg=0x4200010 (has extras) } from android (pid=2160, uid=1000) to jp.co.yahoo.android.ymsetupman/.NotificationBootBroadcastReceiver
03-04 15:07:47.710 20799 20799 D lyb     : Running 1 requests pending connectivity
03-04 15:07:47.710  2160  2362 W BroadcastQueue: Target SDK mismatch: receiver ActivityInfo{48349c9 jp.co.daj.consumer.ifilter.service.AutoStarter} targets 31 but delivery restricted to [0, 23] broadcasting Intent { act=android.net.conn.CONNECTIVITY_CHANGE flg=0x4200010 (has extras) } from android (pid=2160, uid=1000) to jp.softbank.mb.parentalcontrols/jp.co.daj.consumer.ifilter.service.AutoStarter
03-04 15:07:47.711  3635  3635 W GCM     : ACTIVE NETWORK NOT CONNECTED
03-04 15:07:47.712 10726 10726 D SubscriptionController: [getSubId]- numSubIds == 0, return null slotIndex=1
03-04 15:07:47.713  2160  2441 I Telecom : LogUtils: EventRecord added as Call: [Call id=TC@4, state=NEW, tpac=ComponentInfo{com.android.phone/com.android.services.telephony.TelephonyConnectionService}, ***, UserHandle{0}, cmgr=null, handle=tel:*********06, vidst=A, childs(0), has_parent(false), cap=[], prop=[]]: TSI.aNIC@CEE
03-04 15:07:47.713  8265  8265 I SetupWizard: [SetupNotificationService] createNotification startedForegroundService=true
03-04 15:07:47.713  2160  2441 I Telecom : Event: RecordEntry TC@4: CONNECTION_EVENT, org.codeaurora.telecom.event.EVENT_PHONE_ACCOUNT_CHANGED: TSI.aNIC@CEE
03-04 15:07:47.715  2160  2160 I Telecom : TelecomSystem: CallerInfoAsyncQuery.startQuery number=*** cookie=TSI.aNIC->CILH.sL->CILH.sL@CEE: TSI.aNIC->CILH.sL@CEE
03-04 15:07:47.717 20799 20799 D lyb     : Network disconnected, connectivity cannot be satisfied.
03-04 15:07:47.717  6058  6058 I DeviceStatusMonitor: DeviceStatusMonitor.notifyIfNetworkChanged():162 notifyIfNetworkChanged: newState = METERED, airplaneModeOn = false, notifyAnyway = false
03-04 15:07:47.718 10726 11161 D GsmCdmaPhone: [0] getVoiceMailNumber: from IccRecords number=[hQGjAiI_A49KEp4PWGhsPrjL2Lg]
03-04 15:07:47.720  2160  2441 I Telecom : TelecomAnalytics: Starting analytics for call TC@4: TSI.aNIC@CEE
03-04 15:07:47.720  2160  2441 I Telecom : Event: RecordEntry TC@4: CREATED, null: TSI.aNIC@CEE
03-04 15:07:47.723  3635 21734 E GCM     : Missing checkin config file
03-04 15:07:47.724  3635 21734 W GCM     : GCM FAILED TO INITIALIZE - missing checkin
03-04 15:07:47.724  3635 21734 E WakeLock: GCM_HB_ALARM release without a matched acquire!
03-04 15:07:47.724  3635 21734 W WakeLock: GCM_HB_ALARM counter does not exist
03-04 15:07:47.725   852   852 I netd    : bandwidthRemoveInterfaceQuota(rmnet_data2) <1.85ms>
03-04 15:07:47.727   852   852 I netd    : bandwidthSetInterfaceQuota(rmnet_data2, 9223372036854775807) <1.95ms>
03-04 15:07:47.729  2160  2441 I Telecom : PhoneAccountRegistrar: getSimCallManager: SimCallManager for subId 2 queried, returning: null: TSI.aNIC@CEE
03-04 15:07:47.729  2160  2160 I notification_enqueue: [10207,8265,com.google.android.setupwizard,9,NULL,0,Notification(channel=suw_consolidate_foreground_notification shortcut=null contentView=null vibrate=null sound=null defaults=0x0 flags=0x860 color=0xff1a73e8 vis=PRIVATE),1]
03-04 15:07:47.729  2160  2441 I Telecom : CreateConnectionProcessor: Trying attempt CallAttemptRecord(ComponentInfo{com.android.phone/com.android.services.telephony.TelephonyConnectionService}, ***, UserHandle{0},ComponentInfo{com.android.phone/com.android.services.telephony.TelephonyConnectionService}, ***, UserHandle{0}): TSI.aNIC@CEE
03-04 15:07:47.730  2160  2441 I Telecom : ConnectionServiceWrapper: createConnection([Call id=TC@4, state=NEW, tpac=ComponentInfo{com.android.phone/com.android.services.telephony.TelephonyConnectionService}, ***, UserHandle{0}, cmgr=ComponentInfo{com.android.phone/com.android.services.telephony.TelephonyConnectionService}, ***, UserHandle{0}, handle=tel:*********06, vidst=A, childs(0), has_parent(false), cap=[], prop=[]]) via ComponentInfo{com.android.phone/com.android.services.telephony.TelephonyConnectionService}.: TSI.aNIC@CEE
03-04 15:07:47.730  2160  2441 I Telecom : Event: RecordEntry TC@4: BIND_CS, ComponentInfo{com.android.phone/com.android.services.telephony.TelephonyConnectionService}: TSI.aNIC@CEE
03-04 15:07:47.731  3635 21734 I gtalk_connection: 16778495
03-04 15:07:47.738  2160  2441 D CompatibilityInfo: mCompatibilityFlags - 0
03-04 15:07:47.738  2160  2441 D CompatibilityInfo: applicationDensity - 300
03-04 15:07:47.738  2160  2441 D CompatibilityInfo: applicationScale - 1.0
03-04 15:07:47.740 10726 10726 D QtiDCT-C: [0]onVoiceCallStarted
03-04 15:07:47.740 10726 10726 D QtiDCT-C: [0]onVoiceCallStarted stop polling
03-04 15:07:47.740 10726 10726 D QtiDCT-C: [0]stopNetStatPoll
03-04 15:07:47.744 10726 10726 D QtiDCT-I: [0]onVoiceCallStarted
03-04 15:07:47.745  3176  3176 D TransmitPower: ProperSensorInfoNotifier:getProperSensorInfo() E : isCallActive = false, isScreenOn = true, isDataActive = false
03-04 15:07:47.745  3176  3176 D TransmitPower: ProperSensorInfoNotifier:getProperSensorInfo() X : shouldPowerOn = false, properDetectedValue = 0
03-04 15:07:47.745  3176  3176 D TransmitPower: AccSensorManager:onProperSensorInfoChanged()
03-04 15:07:47.745  3176  3176 D TransmitPower: AccSensorObserverMOTION_DETECTION:update(): detectedValue = 0
03-04 15:07:47.745  3176  3176 D TransmitPower: AccSensorObserverBHH_DETECTION:update(): detectedValue = 0
03-04 15:07:47.745  3176  3176 D TransmitPower: AccSensorObserverBHH_DIRECTION:update(): detectedValue = 0
03-04 15:07:47.745  3176  3176 D TransmitPower: TelephonyManagerObserver:onDataActivity() : subId = 2, isDataActive = false
03-04 15:07:47.746  4751  4924 I android_os_HwBinder: HwBinder: Starting thread pool for getting: vendor.semc.system.idd@1.0::IIdd/default
03-04 15:07:47.746 10726 10726 D QcDataStatusNotification Service: onCallStateChange: state=1
03-04 15:07:47.746 10726 10726 D QcDataStatusNotification Service: updateDataStatus: phoneId=0, subId=2, ddsSubId=2
03-04 15:07:47.746 10726 10726 D QcDataStatusNotification Service: updateDataStatus: skip processing
03-04 15:07:47.747 10726 10726 D PhoneSwitcher: handle event - 109
03-04 15:07:47.748 10726 10726 D PhoneSwitcher: isPhoneInVoiceCall: phoneid=0, tmpSwitchProperty=false, dataDuringCallsEnabled=false
03-04 15:07:47.749 10726 10726 D PhoneSwitcher: isPhoneInVoiceCall: phoneid=0, tmpSwitchProperty=false, dataDuringCallsEnabled=false
03-04 15:07:47.750 10726 10726 D PhoneSwitcher: isPhoneInVoiceCall: phoneid=1, tmpSwitchProperty=false, dataDuringCallsEnabled=false
03-04 15:07:47.751 10726 10726 D PhoneSwitcher: isPhoneInVoiceCall: phoneid=1, tmpSwitchProperty=false, dataDuringCallsEnabled=false
03-04 15:07:47.752  2160  2160 I Telecom : CallerInfoLookupHelper: CI query for handle tel:*********06 has completed; notifying all listeners.: TSI.aNIC->CILH.sL->CILH.oQC@CEE
03-04 15:07:47.752  2160  2160 I Telecom : Call: CallerInfo received for tel:*********06: android.telecom.CallerInfo@a233a6 { name null, phoneNumber non-null }: TSI.aNIC->CILH.sL->CILH.oQC@CEE
03-04 15:07:47.752  2160  2160 I Telecom : CallerInfoLookupHelper: There is no photo for this contact, skipping photo query: TSI.aNIC->CILH.sL->CILH.oQC@CEE
03-04 15:07:47.756  2160  2160 I Telecom : ServiceBinderConnection: Service bound ComponentInfo{com.android.phone/com.android.services.telephony.TelephonyConnectionService}: SBC.oSC(cap)@CEI
03-04 15:07:47.757  2160  2160 I Telecom : Event: RecordEntry TC@4: CS_BOUND, ComponentInfo{com.android.phone/com.android.services.telephony.TelephonyConnectionService}: SBC.oSC(cap)@CEI
03-04 15:07:47.758  2160  2160 I Telecom : Event: RecordEntry TC@4: START_CONNECTION, tel:*********06 via:com.android.phone: SBC.oSC(cap)@CEI
03-04 15:07:47.765  2160  2441 I Telecom : PhoneAccountRegistrar: getSimCallManager: SimCallManager for subId 2 queried, returning: null: (...->CS.aCSA->H.CS.aCSA)->CSW.qRCS(cap)@E-E-CEI
03-04 15:07:47.766  2160  2441 W Telecom : ConnectionServiceWrapper: call provider also detected as SIM call manager: [ConnectionServiceWrapper componentName=ComponentInfo{com.android.phone/com.android.services.telephony.TelephonyConnectionService}]: (...->CS.aCSA->H.CS.aCSA)->CSW.qRCS(cap)@E-E-CEI
