06-13 02:54:49.684   578   609 I hwservicemanager: Tried to start vendor.qti.hardware.perf@2.2::IPerf/default as a lazy service, but was unable to. Usually this happens when a service is not installed, but if the service is intended to be used as a lazy service, then it may be configured incorrectly.
06-13 02:54:49.684   576   576 E ANDR-PERF-CLIENT-SYS: IPerf:: Perf HAL Service 2.2 is not available.
06-13 02:54:49.684   578   578 I hwservicemanager: Since vendor.qti.hardware.perf@2.2::IPerf/default is not registered, trying to start it as a lazy HAL.
06-13 02:54:49.684   576   576 E ANDR-PERF-CLIENT-SYS: IPerf:: Perf HAL Service 2.2 is not available.
06-13 02:54:49.685   578   610 W libc    : Unable to set property "ctl.interface_start" to "vendor.qti.hardware.perf@2.2::IPerf/default": error code: 0x20
06-13 02:54:49.685   578   578 I hwservicemanager: Since vendor.qti.hardware.perf@2.2::IPerf/default is not registered, trying to start it as a lazy HAL.
06-13 02:54:49.685   578   610 I hwservicemanager: Tried to start vendor.qti.hardware.perf@2.2::IPerf/default as a lazy service, but was unable to. Usually this happens when a service is not installed, but if the service is intended to be used as a lazy service, then it may be configured incorrectly.
06-13 02:54:49.685   576   576 E ANDR-PERF-CLIENT-SYS: IPerf:: Perf HAL Service 2.2 is not available.
06-13 02:54:49.685   578   611 W libc    : Unable to set property "ctl.interface_start" to "vendor.qti.hardware.perf@2.2::IPerf/default": error code: 0x20
06-13 02:54:49.685   578   578 I hwservicemanager: Since vendor.qti.hardware.perf@2.2::IPerf/default is not registered, trying to start it as a lazy HAL.
06-13 02:54:49.685   578   611 I hwservicemanager: Tried to start vendor.qti.hardware.perf@2.2::IPerf/default as a lazy service, but was unable to. Usually this happens when a service is not installed, but if the service is intended to be used as a lazy service, then it may be configured incorrectly.
06-13 02:54:49.685   576   576 E ANDR-PERF-CLIENT-SYS: IPerf:: Perf HAL Service 2.2 is not available.
06-13 02:54:49.685   578   578 I hwservicemanager: Since vendor.qti.hardware.perf@2.2::IPerf/default is not registered, trying to start it as a lazy HAL.
06-13 02:54:49.685   578   612 W libc    : Unable to set property "ctl.interface_start" to "vendor.qti.hardware.perf@2.2::IPerf/default": error code: 0x20
06-13 02:54:49.685   578   612 I hwservicemanager: Tried to start vendor.qti.hardware.perf@2.2::IPerf/default as a lazy service, but was unable to. Usually this happens when a service is not installed, but if the service is intended to be used as a lazy service, then it may be configured incorrectly.
06-13 02:54:49.685   576   576 E ANDR-PERF-CLIENT-SYS: IPerf:: Perf HAL Service 2.2 is not available.
06-13 02:54:49.686   578   613 W libc    : Unable to set property "ctl.interface_start" to "vendor.qti.hardware.perf@2.2::IPerf/default": error code: 0x20
06-13 02:54:49.686   578   613 I hwservicemanager: Tried to start vendor.qti.hardware.perf@2.2::IPerf/default as a lazy service, but was unable to. Usually this happens when a service is not installed, but if the service is intended to be used as a lazy service, then it may be configured incorrectly.
06-13 02:54:49.686   578   578 I hwservicemanager: Since vendor.qti.hardware.perf@2.2::IPerf/default is not registered, trying to start it as a lazy HAL.
06-13 02:54:49.686   576   576 E ANDR-PERF-CLIENT-SYS: IPerf:: Perf HAL Service 2.2 is not available.
06-13 02:54:49.686   578   614 W libc    : Unable to set property "ctl.interface_start" to "vendor.qti.hardware.perf@2.2::IPerf/default": error code: 0x20
06-13 02:54:49.686   578   578 I hwservicemanager: Since vendor.qti.hardware.perf@2.2::IPerf/default is not registered, trying to start it as a lazy HAL.
06-13 02:54:49.686   578   614 I hwservicemanager: Tried to start vendor.qti.hardware.perf@2.2::IPerf/default as a lazy service, but was unable to. Usually this happens when a service is not installed, but if the service is intended to be used as a lazy service, then it may be configured incorrectly.
06-13 02:54:49.686   576   576 E ANDR-PERF-CLIENT-SYS: IPerf:: Perf HAL Service 2.2 is not available.
06-13 02:54:49.686   578   615 W libc    : Unable to set property "ctl.interface_start" to "vendor.qti.hardware.perf@2.2::IPerf/default": error code: 0x20
06-13 02:54:49.686   578   615 I hwservicemanager: Tried to start vendor.qti.hardware.perf@2.2::IPerf/default as a lazy service, but was unable to. Usually this happens when a service is not installed, but if the service is intended to be used as a lazy service, then it may be configured incorrectly.
06-13 02:54:49.687   576   576 I lowmemorykiller: Using psi monitors for memory pressure detection
06-13 02:54:49.687   578   616 W libc    : Unable to set property "ctl.interface_start" to "vendor.qti.hardware.perf@2.2::IPerf/default": error code: 0x20
06-13 02:54:49.687   576   576 I lowmemorykiller: Process polling is supported
06-13 02:54:49.688   578   616 I hwservicemanager: Tried to start vendor.qti.hardware.perf@2.2::IPerf/default as a lazy service, but was unable to. Usually this happens when a service is not installed, but if the service is intended to be used as a lazy service, then it may be configured incorrectly.
06-13 02:54:49.704     0     0 I init    : wait for '/dev/block/platform/soc/4804000.ufshc' took 0ms
06-13 02:54:49.777     0     0 W texfat  : module license 'Commercial. For support email exfat-support@tuxera.com' taints kernel.
06-13 02:54:49.786     0     0 W         : Disabling lock debugging due to kernel taint
06-13 02:54:49.794     0     0 I         : Tuxera exFAT driver version 3019.8.21.32 [Flags: R/W MODULE].
06-13 02:54:49.800     0     0 I         : Built against headers 5.4.134-qgki-g82bf5fba42d4 #1 SMP PREEMPT Mon Dec 13 16:32:53 CST 2021 aarch64
06-13 02:54:49.811     0     0 I         : Running on kernel 5.4.147-qgki-00193-g5db2de70f3e0 #1 SMP PREEMPT Sun Jan 30 00:16:57 JST 2022 aarch64
06-13 02:54:49.822     0     0 I init    : wait for '/dev/qseecom' took 0ms
06-13 02:54:49.835   622   622 E cutils-trace: Error opening trace file: Permission denied (13)
06-13 02:54:49.831     0     0 I init    : wait for '/dev/block/platform/soc/4804000.ufshc' took 0ms
06-13 02:54:49.838     0     0 I init    : wait for '/dev/block/sda1' took 0ms
06-13 02:54:49.847   621   621 D QSEECOMD: : qseecom listener services process entry PPID = 1
06-13 02:54:49.847   621   621 E QSEECOMD: : Listener: index = 0, hierarchy = 0
06-13 02:54:49.849   621   621 D QSEECOMD: : Init dlopen(librpmb.so, RTLD_NOW) succeeds
06-13 02:54:49.849   621   621 D QSEECOMD: : Init::Init dlsym(g_FSHandle rpmb_init_service) succeeds
--------- beginning of system
06-13 02:54:49.852   624   624 I tad     : Trim Area daemon starting.
06-13 02:54:49.852   624   624 I tad     : Using trim area info (0,16) from arguments.
06-13 02:54:49.852   624   624 I tad     : Trim Area using TA version 3.
06-13 02:54:49.852   624   624 I tad     : TA library configured on /dev/block/bootdevice/by-name/TA (virtual block size 512kB, 16 blocks, start block 0)
06-13 02:54:49.853   622   622 I HidlServiceManagement: Registered vendor.qti.hardware.qseecom@1.0::IQSEECom/default (start delay of 33ms)
06-13 02:54:49.853   622   622 I HidlServiceManagement: Removing namespace from process name vendor.qti.hardware.qseecom@1.0-service to qseecom@1.0-service.
06-13 02:54:49.853   622   622 I QSEECOM_SERVICE: IQSEECom registerAsService is successful
06-13 02:54:49.853   621   621 E DrmLibRpmb: rpmb_init succeeded! with ret = 0
06-13 02:54:49.853   621   621 D QSEECOMD: : Init rpmb_init_service ret = 0
06-13 02:54:49.853   621   621 D QSEECOMD: : RPMB system services: init (Listener ID = 8192)
06-13 02:54:49.853   621   621 E QSEECOMD: : Listener: index = 1, hierarchy = 0
06-13 02:54:49.856   625   625 E tadif   : Failed to connect to tad.
06-13 02:54:49.857   621   621 D QSEECOMD: : Init dlopen(libssd.so, RTLD_NOW) succeeds
06-13 02:54:49.857   621   621 D QSEECOMD: : Init::Init dlsym(g_FSHandle ssd_init_service) succeeds
06-13 02:54:49.857   621   621 E SSD     : Error opening ssd part: /dev/block/platform/msm_sdcc.1/by-name/ssd (errno 2)
06-13 02:54:49.857   621   621 E SSD     : ssd_init_service succeeded!
06-13 02:54:49.857   621   621 D QSEECOMD: : Init ssd_init_service ret = 0
06-13 02:54:49.857   621   621 D QSEECOMD: : SSD system services: init (Listener ID = 12288)
06-13 02:54:49.857   621   621 D QSEECOMD: : qseecom listener service threads starting!!! 
06-13 02:54:49.857   621   621 D QSEECOMD: : Total listener services to start = 10
06-13 02:54:49.857   621   621 E QSEECOMD: : Listener: index = 0, hierarchy = 1
06-13 02:54:49.857   621   621 D QSEECOMD: : Init dlopen(librpmb.so, RTLD_NOW) succeeds
06-13 02:54:49.857   621   621 D QSEECOMD: : Init::Init dlsym(g_FSHandle rpmb_start) succeeds
06-13 02:54:49.857   621   621 D QSEECOMAPI: QSEECom_register_listener 8192 sb_length = 0x6400
06-13 02:54:49.857   621   621 E ion     : ioctl c0044901 failed with code -1: Inappropriate ioctl for device
06-13 02:54:49.859   621   621 D QSEECOMD: : Init rpmb_start ret = 0
06-13 02:54:49.859   621   621 D QSEECOMD: : RPMB system services: Started (Listener ID = 8192)
06-13 02:54:49.859   621   621 E QSEECOMD: : Listener: index = 1, hierarchy = 1
06-13 02:54:49.859   621   621 D QSEECOMD: : Init dlopen(libssd.so, RTLD_NOW) succeeds
06-13 02:54:49.859   621   621 D QSEECOMD: : Init::Init dlsym(g_FSHandle ssd_start) succeeds
06-13 02:54:49.859   621   621 D QSEECOMAPI: QSEECom_register_listener 12288 sb_length = 0x5000
06-13 02:54:49.860   621   621 D QSEECOMD: : Init ssd_start ret = 0
06-13 02:54:49.860   621   621 D QSEECOMD: : SSD system services: Started (Listener ID = 12288)
06-13 02:54:49.860   621   621 E QSEECOMD: : Listener: index = 2, hierarchy = 1
06-13 02:54:49.861   623   623 E cutils-trace: Error opening trace file: Permission denied (13)
06-13 02:54:49.862   623   623 I HidlServiceManagement: Registered vendor.somc.hardware.miscta@1.0::IMisctaGlobal/default (start delay of 32ms)
06-13 02:54:49.862   623   623 I HidlServiceManagement: Removing namespace from process name vendor.somc.hardware.miscta@1.0-service to miscta@1.0-service.
06-13 02:54:49.866   624   624 I tad     : Accepting connections.
06-13 02:54:49.879   621   621 D QSEECOMD: : Init dlopen(libsecureui.so, RTLD_NOW) succeeds
06-13 02:54:49.879   621   621 D QSEECOMD: : Init::Init dlsym(g_FSHandle secure_ui_start) succeeds
06-13 02:54:49.879   621   621 D QSEECOMAPI: QSEECom_register_listener 16384 sb_length = 0x10a8
06-13 02:54:49.880   621   621 D QSEECOMD: : Init secure_ui_start ret = 0
06-13 02:54:49.881   621   621 D QSEECOMD: : secure UI services: Started (Listener ID = 16384)
06-13 02:54:49.881   621   621 E QSEECOMD: : Listener: index = 3, hierarchy = 1
06-13 02:54:49.886   621   621 D QSEECOMD: : Init dlopen(libdrmtime.so, RTLD_NOW) succeeds
06-13 02:54:49.887   621   621 D QSEECOMD: : Init::Init dlsym(g_FSHandle atime_start) succeeds
06-13 02:54:49.887   621   621 D DrmLibTime: QSEE Time Listener: atime_start
06-13 02:54:49.887   621   621 D QSEECOMAPI: QSEECom_register_listener 11 sb_length = 0x5000
06-13 02:54:49.892     0     0 I EXT4-fs (sda2): mounted filesystem with ordered data mode. Opts: barrier=1
06-13 02:54:49.893   621   621 D DrmLibTime: registering fs service to QSEECom is done!
06-13 02:54:49.893   621   621 D DrmLibTime: begin to create a thread!
06-13 02:54:49.893   621   621 D DrmLibTime: Creating a pthread in atime_start is done! return 0
06-13 02:54:49.893   621   621 D QSEECOMD: : Init atime_start ret = 0
06-13 02:54:49.893   621   621 D QSEECOMD: : time services: Started (Listener ID = 11)
06-13 02:54:49.893   621   621 E QSEECOMD: : Listener: index = 4, hierarchy = 1
06-13 02:54:49.894   621   621 D QSEECOMD: : Init dlopen(libdrmfs.so, RTLD_NOW) succeeds
06-13 02:54:49.894   621   621 D QSEECOMD: : Init::Init dlsym(g_FSHandle fs_start) succeeds
06-13 02:54:49.894   621   621 D QSEECOMAPI: QSEECom_register_listener 10 sb_length = 0x5000
06-13 02:54:49.894   621   634 D DrmLibTime: QSEE Time Listener: dispatch
06-13 02:54:49.894   621   634 D DrmLibTime: before calling ioctl to read the next time_cmd
06-13 02:54:49.895   621   621 D QSEECOMD: : Init fs_start ret = 0
06-13 02:54:49.895   621   621 D QSEECOMD: : file system services: Started (Listener ID = 10)
06-13 02:54:49.895   621   621 E QSEECOMD: : Listener: index = 5, hierarchy = 1
06-13 02:54:49.895   621   621 D QSEECOMD: : Init dlopen(libdrmfs.so, RTLD_NOW) succeeds
06-13 02:54:49.895   621   621 D QSEECOMD: : Init::Init dlsym(g_FSHandle gpfs_start) succeeds
06-13 02:54:49.909   621   621 D QSEECOMAPI: QSEECom_register_listener 28672 sb_length = 0x7e000
06-13 02:54:49.909     0     0 I EXT4-fs (sda39): mounted filesystem with ordered data mode. Opts: barrier=1
06-13 02:54:49.911   621   621 D QSEECOMD: : Init gpfs_start ret = 0
06-13 02:54:49.911   621   621 D QSEECOMD: : gpfile system services: Started (Listener ID = 28672)
06-13 02:54:49.911   621   621 E QSEECOMD: : Listener: index = 6, hierarchy = 1
06-13 02:54:49.913   621   621 D QSEECOMD: : Init dlopen(libqisl.so, RTLD_NOW) succeeds
06-13 02:54:49.913   621   621 D QSEECOMD: : Init::Init dlsym(g_FSHandle qisl_start) succeeds
06-13 02:54:49.913   621   639 I QISL    : QSEE Interrupt Service Listener Thread is started
06-13 02:54:49.913   621   639 D QSEECOMAPI: QSEECom_register_listener 36864 sb_length = 0x1f4
06-13 02:54:49.916   621   639 I QISL    : QSEE Interrupt Service Listener was activated successfully
06-13 02:54:49.916   621   621 D QSEECOMD: : Init qisl_start ret = 0
06-13 02:54:49.916   621   621 D QSEECOMD: : interrupt services: Started (Listener ID = 36864)
06-13 02:54:49.916   621   621 E QSEECOMD: : Listener: index = 7, hierarchy = 1
06-13 02:54:49.916   621   621 E QSEECOMD: : Init dlopen(libspl.so, RLTD_NOW) is failed.... dlopen failed: library "libspl.so" not found
06-13 02:54:49.916   621   621 E QSEECOMD: : Listener: index = 8, hierarchy = 1
06-13 02:54:49.920   621   621 D QSEECOMD: : Init dlopen(libGPreqcancel.so, RTLD_NOW) succeeds
06-13 02:54:49.920   621   621 D QSEECOMD: : Init::Init dlsym(g_FSHandle gp_reqcancel_start) succeeds
06-13 02:54:49.920   621   621 D QSEECOMAPI: QSEECom_register_listener 4352 sb_length = 0x5000
06-13 02:54:49.922   621   621 D QSEECOMD: : Init gp_reqcancel_start ret = 0
06-13 02:54:49.922   621   621 D QSEECOMD: : gp request cancellation services: Started (Listener ID = 4352)
06-13 02:54:49.922   621   621 E QSEECOMD: : Listener: index = 9, hierarchy = 1
06-13 02:54:49.929   621   621 D QSEECOMD: : Init dlopen(libops.so, RTLD_NOW) succeeds
06-13 02:54:49.929   621   621 D QSEECOMD: : Init::Init dlsym(g_FSHandle ops_start) succeeds
06-13 02:54:49.930   621   621 D OPS_SERVICE: Entering ops_start!
06-13 02:54:49.930   621   621 D QSEECOMAPI: QSEECom_register_listener 49152 sb_length = 0x6400
06-13 02:54:49.930   621   621 D OPS_SERVICE: registering ops service to QSEECom is done!
06-13 02:54:49.930   621   621 D OPS_SERVICE: begin to create a thread!
06-13 02:54:49.931   621   621 D OPS_SERVICE: Creating a pthread in ops_start is done! return 0
06-13 02:54:49.931   621   621 D QSEECOMD: : Init ops_start ret = 0
06-13 02:54:49.931   621   621 D QSEECOMD: : output protection service listener: Started (Listener ID = 49152)
06-13 02:54:49.931   621   642 D OPS_SERVICE: OPS_SERVICE Dispatch starts! 
06-13 02:54:49.931   621   642 D OPS_SERVICE: before calling ioctl to read the next ops_cmd
06-13 02:54:49.931   621   621 D QSEECOMD: : QSEECOM DAEMON RUNNING 
06-13 02:54:49.931   630   630 I vold    : Vold 3.0 (the awakening) firing up
06-13 02:54:49.931   630   630 D vold    : Detected support for: ext4 f2fs texfat vfat
06-13 02:54:49.934   630   630 D vold    : Tearing down stale mount /mnt/tmp
06-13 02:54:49.938   630   630 D vold    : Tearing down stale mount /mnt/oem
06-13 02:54:49.940     0     0 I fsck.f2fs: Info: Fix the reported corruption.
06-13 02:54:49.946     0     0 I fsck.f2fs: Info: Mounted device!
06-13 02:54:49.950     0     0 I fsck.f2fs: Error: Not available on mounted device!
06-13 02:54:49.935   640   640 I auditd  : type=1400 audit(0.0:8): avc: denied { kill } for comm="fsck.f2fs" capability=5 scontext=u:r:fsck:s0 tcontext=u:r:fsck:s0 tclass=capability permissive=0
06-13 02:54:49.935   640   640 W fsck.f2fs: type=1400 audit(0.0:8): avc: denied { kill } for capability=5 scontext=u:r:fsck:s0 tcontext=u:r:fsck:s0 tclass=capability permissive=0
06-13 02:54:49.958   630   630 D vold    : Found unmanaged dm device named system_ext_a
06-13 02:54:49.958   618   618 D QSEECOMAPI: QSEECom_get_handle sb_length = 0xa000
06-13 02:54:49.958   630   630 D vold    : Found unmanaged dm device named odm_a
06-13 02:54:49.958   630   630 D vold    : Found unmanaged dm device named system_a
06-13 02:54:49.958   630   630 D vold    : Found unmanaged dm device named vendor_a
06-13 02:54:49.958   630   630 D vold    : Found unmanaged dm device named scratch
06-13 02:54:49.958   630   630 D vold    : Found unmanaged dm device named product_a
06-13 02:54:49.958   618   618 D QSEECOMAPI: App is already loaded QSEE and app id = 1
06-13 02:54:49.959   618   618 E ion     : ioctl c0044901 failed with code -1: Inappropriate ioctl for device
06-13 02:54:49.959   630   630 D vold    : Found unmanaged loop device at /dev/block/loop0 named apex:
06-13 02:54:49.959   630   630 D vold    : Found unmanaged loop device at /dev/block/loop2 named apex:
06-13 02:54:49.959   630   630 D vold    : Found unmanaged loop device at /dev/block/loop1 named apex:
06-13 02:54:49.959   630   630 D vold    : Found unmanaged loop device at /dev/block/loop3 named apex:
06-13 02:54:49.972     0     0 I fsck.f2fs: fsck.f2fs terminated by exit(8)
06-13 02:54:49.967   618   618 E KeymasterUtils: TA API Major Version: 4
06-13 02:54:49.967   618   618 E KeymasterUtils: TA API Minor Version: 1
06-13 02:54:49.967   618   618 E KeymasterUtils: TA Major Version: 4
06-13 02:54:49.967   618   618 E KeymasterUtils: TA Minor Version: 555
06-13 02:54:49.971   630   630 I vold    : [libfs_mgr]dt_fstab: Skip disabled entry for partition vendor
06-13 02:54:49.980   630   630 D hw-ProcessState: Binder ioctl to enable oneway spam detection failed: Invalid argument
06-13 02:54:49.984   618   618 E cutils-trace: Error opening trace file: Permission denied (13)
06-13 02:54:49.982     0     0 I binder  : 630:630 ioctl 40046210 7fcf5471f4 returned -22
06-13 02:54:49.983     0     0 W overlayfs: upperdir is in-use as upperdir/workdir of another mount, accessing files from both mounts will result in undefined behavior.
06-13 02:54:49.988     0     0 I binder  : 630:630 ioctl 40046210 7fcf547194 returned -22
06-13 02:54:50.001     0     0 W overlayfs: workdir is in-use as upperdir/workdir of another mount, accessing files from both mounts will result in undefined behavior.
06-13 02:54:49.994   618   618 I HidlServiceManagement: Registered android.hardware.keymaster@4.1::IKeymasterDevice/default (start delay of 284ms)
06-13 02:54:49.995   618   618 I HidlServiceManagement: Removing namespace from process name android.hardware.keymaster@4.1-service-qti to keymaster@4.1-service-qti.
06-13 02:54:50.000   630   630 D ProcessState: Binder ioctl to enable oneway spam detection failed: Invalid argument
06-13 02:54:50.000   630   630 D vold    : VoldNativeService::start() completed OK
06-13 02:54:50.035     0     0 W EXT4-fs (sda49): Ignoring removed nomblk_io_submit option
06-13 02:54:50.047     0     0 I EXT4-fs (sda49): mounted filesystem with ordered data mode. Opts: errors=remount-ro,nomblk_io_submit
06-13 02:54:50.035   651   651 I auditd  : type=1400 audit(0.0:9): avc: denied { execute_no_trans } for comm="init.hq.fsg.sh" path="/vendor/bin/awk" dev="overlay" ino=22431 scontext=u:r:init-hq-fsg-sh:s0 tcontext=u:object_r:vendor_file:s0 tclass=file permissive=0
06-13 02:54:50.035   651   651 W init.hq.fsg.sh: type=1400 audit(0.0:9): avc: denied { execute_no_trans } for path="/vendor/bin/awk" dev="overlay" ino=22431 scontext=u:r:init-hq-fsg-sh:s0 tcontext=u:object_r:vendor_file:s0 tclass=file permissive=0
06-13 02:54:50.100     0     0 I e2fsck  : e2fsck 1.45.4 (23-Sep-2019)
06-13 02:54:50.109     0     0 I e2fsck  : /dev/block/bootdevice/by-name/appslog: clean, 336/4096 files, 2472/4096 blocks
06-13 02:54:50.107   653   653 I auditd  : type=1400 audit(0.0:10): avc: denied { kill } for comm="e2fsck" capability=5 scontext=u:r:fsck:s0 tcontext=u:r:fsck:s0 tclass=capability permissive=0
06-13 02:54:50.107   653   653 W e2fsck  : type=1400 audit(0.0:10): avc: denied { kill } for capability=5 scontext=u:r:fsck:s0 tcontext=u:r:fsck:s0 tclass=capability permissive=0
06-13 02:54:50.140     0     0 I EXT4-fs (sda49): mounted filesystem with ordered data mode. Opts: barrier=1,discard
06-13 02:54:50.151     0     0 W EXT4-fs (sda50): Ignoring removed nomblk_io_submit option
06-13 02:54:50.160     0     0 I EXT4-fs (sda50): mounted filesystem with ordered data mode. Opts: errors=remount-ro,nomblk_io_submit
06-13 02:54:50.182     0     0 I e2fsck  : e2fsck 1.45.4 (23-Sep-2019)
06-13 02:54:50.193     0     0 I e2fsck  : /dev/block/bootdevice/by-name/diag: clean, 396/8192 files, 7571/8192 blocks
06-13 02:54:50.183   658   658 I auditd  : type=1400 audit(0.0:11): avc: denied { kill } for comm="e2fsck" capability=5 scontext=u:r:fsck:s0 tcontext=u:r:fsck:s0 tclass=capability permissive=0
06-13 02:54:50.183   658   658 W e2fsck  : type=1400 audit(0.0:11): avc: denied { kill } for capability=5 scontext=u:r:fsck:s0 tcontext=u:r:fsck:s0 tclass=capability permissive=0
06-13 02:54:50.223     0     0 I EXT4-fs (sda50): mounted filesystem with ordered data mode. Opts: barrier=1,discard
06-13 02:54:50.226     1     1 W libc    : Unable to set property "ro.boottime.init.mount_all.early" to "200": error code: 0xb
06-13 02:54:50.234     0     0 I QG-K    : qg_somc_jeita_step_charge_work: [NotCharging] condition=3, chip->target_idx=10
06-13 02:54:50.253     0     0 I init    : processing action (post-fs) from (/system/etc/init/hw/init.rc:525)
06-13 02:54:50.261     0     0 I init    : starting service 'exec 10 (/system/bin/vdc checkpoint markBootAttempt)'...
06-13 02:54:50.265     0     0 I         : smblib_usb_ov_and_uv_detect_work start..
06-13 02:54:50.271     0     0 I init    : SVC_EXEC service 'exec 10 (/system/bin/vdc checkpoint markBootAttempt)' pid 661 (uid 1000 gid 1000+0 context default) started; waiting...
06-13 02:54:50.296     0     0 I binder  : 661:661 ioctl 40046210 7ff9618924 returned -22
06-13 02:54:50.302     0     0 D ProcessState: Binder ioctl to enable oneway spam detection failed: Invalid argument
06-13 02:54:50.303     0     0 D vdc     : Waited 0ms for vold
06-13 02:54:50.308     0     0 I init    : Service 'exec 10 (/system/bin/vdc checkpoint markBootAttempt)' (pid 661) exited with status 0 waiting took 0.036000 seconds
06-13 02:54:50.321     0     0 I init    : Sending signal 9 to service 'exec 10 (/system/bin/vdc checkpoint markBootAttempt)' (pid 661) process group...
06-13 02:54:50.332     0     0 I libprocessgroup: Successfully killed process cgroup uid 1000 pid 661 in 0ms
06-13 02:54:50.401     0     0 I init    : Command 'restorecon --recursive --cross-filesystems /sys/kernel/debug' action=post-fs (/system/etc/init/hw/init.rc:538) took 59ms and succeeded
06-13 02:54:50.416     0     0 I init    : Command 'chown system cache /cache' action=post-fs (/system/etc/init/hw/init.rc:541) took 0ms and failed: lchown() failed: Read-only file system
06-13 02:54:50.431     0     0 I init    : Command 'chmod 0770 /cache' action=post-fs (/system/etc/init/hw/init.rc:542) took 0ms and failed: fchmodat() failed: Read-only file system
06-13 02:54:50.446     0     0 I selinux : SELinux: Skipping restorecon on directory(/metadata)
06-13 02:54:50.493   669   669 E sscrpcd : vendor/qcom/proprietary/sensors-see/sscrpcd/src/sscrpcd.cpp:88:sscrpcd daemon starting
06-13 02:54:50.494   665   665 I HidlServiceManagement: Registered android.hardware.atrace@1.0::IAtraceDevice/default (start delay of 34ms)
06-13 02:54:50.494   665   665 I HidlServiceManagement: Removing namespace from process name android.hardware.atrace@1.0-service to atrace@1.0-service.
06-13 02:54:50.491     0     0 I binder  : 663:663 ioctl 40046210 7fda8a58f4 returned -22
06-13 02:54:50.496   663   663 D hw-ProcessState: Binder ioctl to enable oneway spam detection failed: Invalid argument
06-13 02:54:50.505     0     0 I binder  : 663:663 ioctl 40046210 7fda8a5834 returned -22
06-13 02:54:50.503   663   663 D ProcessState: Binder ioctl to enable oneway spam detection failed: Invalid argument
06-13 02:54:50.504   670   670 I fsverity_init: LoadKeyFromFile path=/system/etc/security/fsverity/fsverity-release.x509.der keyname=fsv_system_0
06-13 02:54:50.506   670   670 I fsverity_init: LoadKeyFromFile path=/product/etc/security/fsverity/play_store_fsi_cert.der keyname=fsv_product_0
06-13 02:54:50.508   663   663 I HidlServiceManagement: Registered android.system.suspend@1.0::ISystemSuspend/default
06-13 02:54:50.508   663   663 I HidlServiceManagement: Removing namespace from process name android.system.suspend@1.0-service to suspend@1.0-service.
06-13 02:54:50.509   670   670 I fsverity_init: LoadKeyFromFile path=/product/etc/security/fsverity/gms_fsverity_cert.der keyname=fsv_product_1
06-13 02:54:50.512   669   669 I sscrpcd : vendor/qcom/proprietary/adsprpc/src/rpcmem_android.c:159: rpcmem_init_internal: opened ION device fd 5, configured heap IDs: system (0x2000000), contig (0x10), secure (0x400), secure flags (0x80080000)
06-13 02:54:50.512   669   669 I sscrpcd : vendor/qcom/proprietary/adsprpc/src/fastrpc_apps_user.c:3078: fastrpc_apps_user_init done with default domain:0 and &fastrpc_trace:0x72c9f62fa0
06-13 02:54:50.512   669   669 E sscrpcd : vendor/qcom/proprietary/sensors-see/sscrpcd/src/sscrpcd.cpp:94:adsp_default_listener_start called for [sensorspd]
06-13 02:54:50.512   669   669 I sscrpcd : vendor/qcom/proprietary/adsprpc/src/fastrpc_pm.c:85: fastrpc_wake_lock_init done for sscrpcd:669
06-13 02:54:50.512   669   669 I sscrpcd : vendor/qcom/proprietary/adsprpc/src/fastrpc_apps_user.c:1724: wakelock_control: enabled wakelock control for domain 0
06-13 02:54:50.512   669   669 E sscrpcd : vendor/qcom/proprietary/sensors-see/sscrpcd/src/sscrpcd.cpp:65:fastrpc wakelock control is enabled
06-13 02:54:50.512   669   669 I sscrpcd : vendor/qcom/proprietary/adsprpc/src/fastrpc_apps_user.c:1340: remote_handle_open: Successfully opened handle 0x0 for '":;./\createstaticpd:sensorspd on domain 0
06-13 02:54:50.512   669   669 E sscrpcd : vendor/qcom/proprietary/adsprpc/src/fastrpc_apps_user.c:2861: Error 0x200: apps_dev_init failed for domain 0, errno No such device
06-13 02:54:50.512   669   669 E sscrpcd : vendor/qcom/proprietary/adsprpc/src/fastrpc_apps_user.c:2959: Error 0x200: open_dev (-1) failed for domain 0 (errno No such device)
06-13 02:54:50.512   669   669 E sscrpcd : vendor/qcom/proprietary/adsprpc/src/fastrpc_apps_user.c:1343: Error 0x200: remote_handle_open failed for adsp_default_listener (errno Success)
06-13 02:54:50.512   669   669 E sscrpcd : vendor/qcom/proprietary/sensors-see/sscrpcd/src/sscrpcd.cpp:98:listener exits
06-13 02:54:50.513   669   669 I sscrpcd : vendor/qcom/proprietary/adsprpc/src/rpcmem_android.c:192: rpcmem_deinit_internal: closed ION fd 5
06-13 02:54:50.513   669   669 I sscrpcd : vendor/qcom/proprietary/adsprpc/src/fastrpc_pm.c:116: fastrpc_wake_lock_deinit done
06-13 02:54:50.513   669   669 I sscrpcd : vendor/qcom/proprietary/adsprpc/src/fastrpc_apps_user.c:3010: fastrpc_apps_user_deinit done
06-13 02:54:50.513   669   669 E sscrpcd : vendor/qcom/proprietary/sensors-see/sscrpcd/src/sscrpcd.cpp:109:sscrpcd daemon will restart after 25ms...
06-13 02:54:50.519   667   667 D QSEECOMAPI: QSEECom_get_handle sb_length = 0xa000
06-13 02:54:50.519   667   667 D QSEECOMAPI: App is already loaded QSEE and app id = 1
06-13 02:54:50.519   667   667 E ion     : ioctl c0044901 failed with code -1: Inappropriate ioctl for device
06-13 02:54:50.528   667   667 E KeymasterUtils: TA API Major Version: 4
06-13 02:54:50.528   667   667 E KeymasterUtils: TA API Minor Version: 1
06-13 02:54:50.528   667   667 E KeymasterUtils: TA Major Version: 4
06-13 02:54:50.528   667   667 E KeymasterUtils: TA Minor Version: 555
06-13 02:54:50.534   667   667 I HidlServiceManagement: Registered android.hardware.gatekeeper@1.0::IGatekeeper/default (start delay of 74ms)
06-13 02:54:50.534   667   667 I HidlServiceManagement: Removing namespace from process name android.hardware.gatekeeper@1.0-service-qti to gatekeeper@1.0-service-qti.
06-13 02:54:50.534   667   667 I LegacySupport: Registration complete for android.hardware.gatekeeper@1.0::IGatekeeper/default.
06-13 02:54:50.539   669   669 I sscrpcd : vendor/qcom/proprietary/adsprpc/src/rpcmem_android.c:159: rpcmem_init_internal: opened ION device fd 5, configured heap IDs: system (0x2000000), contig (0x10), secure (0x400), secure flags (0x80080000)
06-13 02:54:50.539   669   669 I sscrpcd : vendor/qcom/proprietary/adsprpc/src/fastrpc_apps_user.c:3078: fastrpc_apps_user_init done with default domain:0 and &fastrpc_trace:0x72ca16ffa0
06-13 02:54:50.539   669   669 E sscrpcd : vendor/qcom/proprietary/sensors-see/sscrpcd/src/sscrpcd.cpp:94:adsp_default_listener_start called for [sensorspd]
06-13 02:54:50.539   669   669 I sscrpcd : vendor/qcom/proprietary/adsprpc/src/fastrpc_pm.c:85: fastrpc_wake_lock_init done for sscrpcd:669
06-13 02:54:50.539   669   669 I sscrpcd : vendor/qcom/proprietary/adsprpc/src/fastrpc_apps_user.c:1724: wakelock_control: enabled wakelock control for domain 0
06-13 02:54:50.539   669   669 E sscrpcd : vendor/qcom/proprietary/sensors-see/sscrpcd/src/sscrpcd.cpp:65:fastrpc wakelock control is enabled
06-13 02:54:50.539   669   669 I sscrpcd : vendor/qcom/proprietary/adsprpc/src/fastrpc_apps_user.c:1340: remote_handle_open: Successfully opened handle 0x0 for '":;./\createstaticpd:sensorspd on domain 0
06-13 02:54:50.539   669   669 E sscrpcd : vendor/qcom/proprietary/adsprpc/src/fastrpc_apps_user.c:2861: Error 0x200: apps_dev_init failed for domain 0, errno No such device
06-13 02:54:50.539   669   669 E sscrpcd : vendor/qcom/proprietary/adsprpc/src/fastrpc_apps_user.c:2959: Error 0x200: open_dev (-1) failed for domain 0 (errno No such device)
06-13 02:54:50.539   669   669 E sscrpcd : vendor/qcom/proprietary/adsprpc/src/fastrpc_apps_user.c:1343: Error 0x200: remote_handle_open failed for adsp_default_listener (errno Success)
06-13 02:54:50.539   669   669 E sscrpcd : vendor/qcom/proprietary/sensors-see/sscrpcd/src/sscrpcd.cpp:98:listener exits
06-13 02:54:50.539   669   669 I sscrpcd : vendor/qcom/proprietary/adsprpc/src/rpcmem_android.c:192: rpcmem_deinit_internal: closed ION fd 5
06-13 02:54:50.539   669   669 I sscrpcd : vendor/qcom/proprietary/adsprpc/src/fastrpc_pm.c:116: fastrpc_wake_lock_deinit done
06-13 02:54:50.539   669   669 I sscrpcd : vendor/qcom/proprietary/adsprpc/src/fastrpc_apps_user.c:3010: fastrpc_apps_user_deinit done
06-13 02:54:50.540   669   669 E sscrpcd : vendor/qcom/proprietary/sensors-see/sscrpcd/src/sscrpcd.cpp:109:sscrpcd daemon will restart after 25ms...
06-13 02:54:50.558   666   666 I android.hardware.boot@1.1-service: [libfs_mgr]dt_fstab: Skip disabled entry for partition vendor
06-13 02:54:50.566   669   669 I sscrpcd : vendor/qcom/proprietary/adsprpc/src/rpcmem_android.c:159: rpcmem_init_internal: opened ION device fd 5, configured heap IDs: system (0x2000000), contig (0x10), secure (0x400), secure flags (0x80080000)
06-13 02:54:50.566   669   669 I sscrpcd : vendor/qcom/proprietary/adsprpc/src/fastrpc_apps_user.c:3078: fastrpc_apps_user_init done with default domain:0 and &fastrpc_trace:0x72cbac5fa0
06-13 02:54:50.566   669   669 E sscrpcd : vendor/qcom/proprietary/sensors-see/sscrpcd/src/sscrpcd.cpp:94:adsp_default_listener_start called for [sensorspd]
06-13 02:54:50.566   669   669 I sscrpcd : vendor/qcom/proprietary/adsprpc/src/fastrpc_pm.c:85: fastrpc_wake_lock_init done for sscrpcd:669
06-13 02:54:50.566   669   669 I sscrpcd : vendor/qcom/proprietary/adsprpc/src/fastrpc_apps_user.c:1724: wakelock_control: enabled wakelock control for domain 0
06-13 02:54:50.566   669   669 E sscrpcd : vendor/qcom/proprietary/sensors-see/sscrpcd/src/sscrpcd.cpp:65:fastrpc wakelock control is enabled
06-13 02:54:50.566   669   669 I sscrpcd : vendor/qcom/proprietary/adsprpc/src/fastrpc_apps_user.c:1340: remote_handle_open: Successfully opened handle 0x0 for '":;./\createstaticpd:sensorspd on domain 0
06-13 02:54:50.566   669   669 E sscrpcd : vendor/qcom/proprietary/adsprpc/src/fastrpc_apps_user.c:2861: Error 0x200: apps_dev_init failed for domain 0, errno No such device
06-13 02:54:50.566   669   669 E sscrpcd : vendor/qcom/proprietary/adsprpc/src/fastrpc_apps_user.c:2959: Error 0x200: open_dev (-1) failed for domain 0 (errno No such device)
06-13 02:54:50.566   669   669 E sscrpcd : vendor/qcom/proprietary/adsprpc/src/fastrpc_apps_user.c:1343: Error 0x200: remote_handle_open failed for adsp_default_listener (errno Success)
06-13 02:54:50.566   669   669 E sscrpcd : vendor/qcom/proprietary/sensors-see/sscrpcd/src/sscrpcd.cpp:98:listener exits
06-13 02:54:50.566   669   669 I sscrpcd : vendor/qcom/proprietary/adsprpc/src/rpcmem_android.c:192: rpcmem_deinit_internal: closed ION fd 5
06-13 02:54:50.566   669   669 I sscrpcd : vendor/qcom/proprietary/adsprpc/src/fastrpc_pm.c:116: fastrpc_wake_lock_deinit done
06-13 02:54:50.566   669   669 I sscrpcd : vendor/qcom/proprietary/adsprpc/src/fastrpc_apps_user.c:3010: fastrpc_apps_user_deinit done
06-13 02:54:50.567   669   669 E sscrpcd : vendor/qcom/proprietary/sensors-see/sscrpcd/src/sscrpcd.cpp:109:sscrpcd daemon will restart after 25ms...
06-13 02:54:50.568   666   666 I HidlServiceManagement: Registered android.hardware.boot@1.1::IBootControl/default (start delay of 108ms)
06-13 02:54:50.568   666   666 I HidlServiceManagement: Removing namespace from process name android.hardware.boot@1.1-service to boot@1.1-service.
06-13 02:54:50.568   666   666 I LegacySupport: Registration complete for android.hardware.boot@1.0::IBootControl/default.
06-13 02:54:50.567     0     0 I binder  : 673:673 ioctl 40046210 7fd16b7084 returned -22
06-13 02:54:50.575     0     0 D ProcessState: Binder ioctl to enable oneway spam detection failed: Invalid argument
06-13 02:54:50.575     0     0 D vdc     : Waited 0ms for vold
06-13 02:54:50.567   673   673 I auditd  : type=1400 audit(0.0:12): avc: denied { kill } for comm="vdc" capability=5 scontext=u:r:vdc:s0 tcontext=u:r:vdc:s0 tclass=capability permissive=0
06-13 02:54:50.567   673   673 W vdc     : type=1400 audit(0.0:12): avc: denied { kill } for capability=5 scontext=u:r:vdc:s0 tcontext=u:r:vdc:s0 tclass=capability permissive=0
06-13 02:54:50.590   668   668 D nxpnfc@2.0-service: NFC HAL Service 1.2 is starting.
06-13 02:54:50.591   668   668 D NxpHal  : phNxpNciHal_RecoverFWTearDown(): enter 
06-13 02:54:50.592   668   668 D android.hardware.nfc@1.2-service: readConfig; filename is /vendor/etc/libnfc-nxp.conf
06-13 02:54:50.592   668   668 D android.hardware.nfc@1.2-service: readNxpRFConfig-Enter..Reading /system/vendor/libnfc-nxp_RF.conf
06-13 02:54:50.593   669   669 I sscrpcd : vendor/qcom/proprietary/adsprpc/src/rpcmem_android.c:159: rpcmem_init_internal: opened ION device fd 5, configured heap IDs: system (0x2000000), contig (0x10), secure (0x400), secure flags (0x80080000)
06-13 02:54:50.593   669   669 I sscrpcd : vendor/qcom/proprietary/adsprpc/src/fastrpc_apps_user.c:3078: fastrpc_apps_user_init done with default domain:0 and &fastrpc_trace:0x72cbab3fa0
06-13 02:54:50.593   669   669 E sscrpcd : vendor/qcom/proprietary/sensors-see/sscrpcd/src/sscrpcd.cpp:94:adsp_default_listener_start called for [sensorspd]
06-13 02:54:50.593   669   669 I sscrpcd : vendor/qcom/proprietary/adsprpc/src/fastrpc_pm.c:85: fastrpc_wake_lock_init done for sscrpcd:669
06-13 02:54:50.593   669   669 I sscrpcd : vendor/qcom/proprietary/adsprpc/src/fastrpc_apps_user.c:1724: wakelock_control: enabled wakelock control for domain 0
06-13 02:54:50.593   669   669 E sscrpcd : vendor/qcom/proprietary/sensors-see/sscrpcd/src/sscrpcd.cpp:65:fastrpc wakelock control is enabled
06-13 02:54:50.593   669   669 I sscrpcd : vendor/qcom/proprietary/adsprpc/src/fastrpc_apps_user.c:1340: remote_handle_open: Successfully opened handle 0x0 for '":;./\createstaticpd:sensorspd on domain 0
06-13 02:54:50.593   669   669 E sscrpcd : vendor/qcom/proprietary/adsprpc/src/fastrpc_apps_user.c:2861: Error 0x200: apps_dev_init failed for domain 0, errno No such device
06-13 02:54:50.593   668   668 D android.hardware.nfc@1.2-service: readConfig; filename is /system/vendor/libnfc-nxp_RF.conf
06-13 02:54:50.593   669   669 E sscrpcd : vendor/qcom/proprietary/adsprpc/src/fastrpc_apps_user.c:2959: Error 0x200: open_dev (-1) failed for domain 0 (errno No such device)
06-13 02:54:50.593   669   669 E sscrpcd : vendor/qcom/proprietary/adsprpc/src/fastrpc_apps_user.c:1343: Error 0x200: remote_handle_open failed for adsp_default_listener (errno Success)
06-13 02:54:50.593   669   669 E sscrpcd : vendor/qcom/proprietary/sensors-see/sscrpcd/src/sscrpcd.cpp:98:listener exits
06-13 02:54:50.593   669   669 I sscrpcd : vendor/qcom/proprietary/adsprpc/src/rpcmem_android.c:192: rpcmem_deinit_internal: closed ION fd 5
06-13 02:54:50.593   669   669 I sscrpcd : vendor/qcom/proprietary/adsprpc/src/fastrpc_pm.c:116: fastrpc_wake_lock_deinit done
06-13 02:54:50.593   669   669 I sscrpcd : vendor/qcom/proprietary/adsprpc/src/fastrpc_apps_user.c:3010: fastrpc_apps_user_deinit done
06-13 02:54:50.593   668   668 D android.hardware.nfc@1.2-service: readNxpTransitConfig-Enter..Reading /data/vendor/nfc/libnfc-nxpTransit.conf
06-13 02:54:50.593   668   668 E android.hardware.nfc@1.2-service: readConfig Cannot open config file /data/vendor/nfc/libnfc-nxpTransit.conf
06-13 02:54:50.593   668   668 D NxpExtns: find found NXP_NFCC_RECOVERY_SUPPORT=(0x1)
06-13 02:54:50.593   669   669 E sscrpcd : vendor/qcom/proprietary/sensors-see/sscrpcd/src/sscrpcd.cpp:109:sscrpcd daemon will restart after 25ms...
06-13 02:54:50.593   668   668 D NxpHal  : Enter : getHalInitStatus
06-13 02:54:50.593   668   668 D NxpHal  : boot time, check minimal FW download required
06-13 02:54:50.593   668   668 D NxpHal  : phnxpNciHal_partialOpen(): enter
06-13 02:54:50.593   668   668 D NxpExtns: find found NXPLOG_NCIHAL_LOGLEVEL=(0x3)
06-13 02:54:50.593   668   668 D NxpExtns: find found NXPLOG_EXTNS_LOGLEVEL=(0x3)
06-13 02:54:50.593   668   668 D NxpExtns: find found NXPLOG_TML_LOGLEVEL=(0x3)
06-13 02:54:50.593   668   668 D NxpExtns: find found NXPLOG_FWDNLD_LOGLEVEL=(0x3)
06-13 02:54:50.593   668   668 D NxpExtns: find found NXPLOG_NCIX_LOGLEVEL=(0x3)
06-13 02:54:50.593   668   668 D NxpExtns: find found NXPLOG_NCIR_LOGLEVEL=(0x3)
06-13 02:54:50.593   668   668 D NxpNfcHal: phNxpLog_InitializeLogLevel: global =1, Fwdnld =3, extns =3,                 hal =3, tml =3, ncir =3,                 ncix =3
06-13 02:54:50.593   668   668 D NxpHal  : Entering phNxpNciHal_init_monitor
06-13 02:54:50.593   668   668 D NxpHal  : Returning with SUCCESS
06-13 02:54:50.593   668   668 D NxpExtns: find found NXP_NFC_DEV_NODE=/dev/pn553
06-13 02:54:50.593   668   668 D NxpTml  : getTransport Requested transportType: 1
06-13 02:54:50.593   668   668 D NxpTml  : OpenAndConfigure Opening port=/dev/pn553
06-13 02:54:50.600   664   664 I keystore2: keystore2_main: Keystore2 is starting.
06-13 02:54:50.609     0     0 I binder  : 674:674 ioctl 40046210 7fe3808374 returned -22
06-13 02:54:50.616     0     0 I binder  : 664:664 ioctl 40046210 7fd0b43974 returned -22
06-13 02:54:50.621     0     0 D ProcessState: Binder ioctl to enable oneway spam detection failed: Invalid argument
06-13 02:54:50.607   664   664 I keystore2: keystore2_main: Starting thread pool now.
06-13 02:54:50.607   668   675 D NxpTml  : PN54X - Tml Reader Thread Started................
06-13 02:54:50.607   668   676 D NxpTml  : PN54X - Tml Writer Thread Started................
06-13 02:54:50.607   668   676 D NxpTml  : PN54X - Tml Writer Thread Running................
06-13 02:54:50.608   668   668 D NxpExtns: find found NXP_SYS_CLK_SRC_SEL=(0x1)
06-13 02:54:50.608   668   668 D NxpExtns: find found NXP_SYS_CLK_FREQ_SEL=(0x2)
06-13 02:54:50.608   668   668 D NxpTml  : NfccReset, VEN eType 1
06-13 02:54:50.608   668   679 D NxpHal  : thread started
06-13 02:54:50.608   664   678 I keystore2: getDeviceHalManifest: Reading VINTF information.
06-13 02:54:50.613   664   678 I keystore2: getDeviceHalManifest: Successfully processed VINTF information
06-13 02:54:50.614   664   664 D ProcessState: Binder ioctl to enable oneway spam detection failed: Invalid argument
06-13 02:54:50.615   630   630 D vold    : fscrypt_mount_metadata_encrypted: /data encrypt: 0 format: 0 with null
06-13 02:54:50.615   630   630 D vold    : metadata_key_dir/key: /metadata/vold/metadata_encryption/key
06-13 02:54:50.623     0     0 D vdc     : Waited 0ms for vold
06-13 02:54:50.623     0     0 I binder  : 664:678 ioctl 40046210 7695059154 returned -22
06-13 02:54:50.617   630   630 D vold    : Key exists, using: /metadata/vold/metadata_encryption/key
06-13 02:54:50.621   577   577 I servicemanager: Since 'android.system.keystore2.IKeystoreService/default' could not be found, trying to start it as a lazy AIDL service
06-13 02:54:50.622   664   678 D hw-ProcessState: Binder ioctl to enable oneway spam detection failed: Invalid argument
06-13 02:54:50.622   669   669 I sscrpcd : vendor/qcom/proprietary/adsprpc/src/rpcmem_android.c:159: rpcmem_init_internal: opened ION device fd 5, configured heap IDs: system (0x2000000), contig (0x10), secure (0x400), secure flags (0x80080000)
06-13 02:54:50.622   669   669 I sscrpcd : vendor/qcom/proprietary/adsprpc/src/fastrpc_apps_user.c:3078: fastrpc_apps_user_init done with default domain:0 and &fastrpc_trace:0x72cbb18fa0
06-13 02:54:50.622   669   669 E sscrpcd : vendor/qcom/proprietary/sensors-see/sscrpcd/src/sscrpcd.cpp:94:adsp_default_listener_start called for [sensorspd]
06-13 02:54:50.622   669   669 I sscrpcd : vendor/qcom/proprietary/adsprpc/src/fastrpc_pm.c:85: fastrpc_wake_lock_init done for sscrpcd:669
06-13 02:54:50.622   669   669 I sscrpcd : vendor/qcom/proprietary/adsprpc/src/fastrpc_apps_user.c:1724: wakelock_control: enabled wakelock control for domain 0
06-13 02:54:50.622   669   669 E sscrpcd : vendor/qcom/proprietary/sensors-see/sscrpcd/src/sscrpcd.cpp:65:fastrpc wakelock control is enabled
06-13 02:54:50.622   669   669 I sscrpcd : vendor/qcom/proprietary/adsprpc/src/fastrpc_apps_user.c:1340: remote_handle_open: Successfully opened handle 0x0 for '":;./\createstaticpd:sensorspd on domain 0
06-13 02:54:50.622   669   669 E sscrpcd : vendor/qcom/proprietary/adsprpc/src/fastrpc_apps_user.c:2861: Error 0x200: apps_dev_init failed for domain 0, errno No such device
06-13 02:54:50.622   669   669 E sscrpcd : vendor/qcom/proprietary/adsprpc/src/fastrpc_apps_user.c:2959: Error 0x200: open_dev (-1) failed for domain 0 (errno No such device)
06-13 02:54:50.622   669   669 E sscrpcd : vendor/qcom/proprietary/adsprpc/src/fastrpc_apps_user.c:1343: Error 0x200: remote_handle_open failed for adsp_default_listener (errno Success)
06-13 02:54:50.622   669   669 E sscrpcd : vendor/qcom/proprietary/sensors-see/sscrpcd/src/sscrpcd.cpp:98:listener exits
06-13 02:54:50.623   669   669 I sscrpcd : vendor/qcom/proprietary/adsprpc/src/rpcmem_android.c:192: rpcmem_deinit_internal: closed ION fd 5
06-13 02:54:50.623   669   669 I sscrpcd : vendor/qcom/proprietary/adsprpc/src/fastrpc_pm.c:116: fastrpc_wake_lock_deinit done
06-13 02:54:50.623   669   669 I sscrpcd : vendor/qcom/proprietary/adsprpc/src/fastrpc_apps_user.c:3010: fastrpc_apps_user_deinit done
06-13 02:54:50.623   669   669 E sscrpcd : vendor/qcom/proprietary/sensors-see/sscrpcd/src/sscrpcd.cpp:109:sscrpcd daemon will restart after 25ms...
06-13 02:54:50.623   664   678 I keystore2: found android.hardware.keymaster@4.0::IKeymasterDevice with interface name default and seclevel TRUSTED_ENVIRONMENT
06-13 02:54:50.627   577   577 I servicemanager: getDeviceHalManifest: Reading VINTF information.
06-13 02:54:50.633   577   577 I servicemanager: getDeviceHalManifest: Successfully processed VINTF information
06-13 02:54:50.633   577   577 I servicemanager: getFrameworkHalManifest: Reading VINTF information.
06-13 02:54:50.634   577   577 I servicemanager: getFrameworkHalManifest: Successfully processed VINTF information
06-13 02:54:50.634   577   577 I servicemanager: Found android.system.keystore2.IKeystoreService/default in framework VINTF manifest.
06-13 02:54:50.634   577   577 I BpBinder: onLastStrongRef automatically unlinking death recipients: <uncached descriptor>
06-13 02:54:50.635   664   664 I keystore2: keystore2_main: Successfully registered Keystore 2.0 service.
06-13 02:54:50.635   664   664 I keystore2: keystore2_main: Joining thread pool now.
06-13 02:54:50.636   664   681 I SELinux : SELinux: Loaded keystore2_key_contexts from:
06-13 02:54:50.636   664   681 I auditd  : SELinux: Loaded keystore2_key_contexts from:
06-13 02:54:50.636   664   681 I SELinux :     /system/etc/selinux/plat_keystore2_key_contexts
06-13 02:54:50.636   664   681 I auditd  :     /system/etc/selinux/plat_keystore2_key_contexts
06-13 02:54:50.638   664   678 I keystore2: keystore2::shared_secret_negotiation: Shared secret negotiation concluded successfully.
06-13 02:54:50.649   669   669 I sscrpcd : vendor/qcom/proprietary/adsprpc/src/rpcmem_android.c:159: rpcmem_init_internal: opened ION device fd 5, configured heap IDs: system (0x2000000), contig (0x10), secure (0x400), secure flags (0x80080000)
06-13 02:54:50.649   669   669 I sscrpcd : vendor/qcom/proprietary/adsprpc/src/fastrpc_apps_user.c:3078: fastrpc_apps_user_init done with default domain:0 and &fastrpc_trace:0x72c81bafa0
06-13 02:54:50.649   669   669 E sscrpcd : vendor/qcom/proprietary/sensors-see/sscrpcd/src/sscrpcd.cpp:94:adsp_default_listener_start called for [sensorspd]
06-13 02:54:50.649   669   669 I sscrpcd : vendor/qcom/proprietary/adsprpc/src/fastrpc_pm.c:85: fastrpc_wake_lock_init done for sscrpcd:669
06-13 02:54:50.649   669   669 I sscrpcd : vendor/qcom/proprietary/adsprpc/src/fastrpc_apps_user.c:1724: wakelock_control: enabled wakelock control for domain 0
06-13 02:54:50.649   669   669 E sscrpcd : vendor/qcom/proprietary/sensors-see/sscrpcd/src/sscrpcd.cpp:65:fastrpc wakelock control is enabled
06-13 02:54:50.649   669   669 I sscrpcd : vendor/qcom/proprietary/adsprpc/src/fastrpc_apps_user.c:1340: remote_handle_open: Successfully opened handle 0x0 for '":;./\createstaticpd:sensorspd on domain 0
06-13 02:54:50.649   669   669 E sscrpcd : vendor/qcom/proprietary/adsprpc/src/fastrpc_apps_user.c:2861: Error 0x200: apps_dev_init failed for domain 0, errno No such device
06-13 02:54:50.649   669   669 E sscrpcd : vendor/qcom/proprietary/adsprpc/src/fastrpc_apps_user.c:2959: Error 0x200: open_dev (-1) failed for domain 0 (errno No such device)
06-13 02:54:50.649   669   669 E sscrpcd : vendor/qcom/proprietary/adsprpc/src/fastrpc_apps_user.c:1343: Error 0x200: remote_handle_open failed for adsp_default_listener (errno Success)
06-13 02:54:50.649   669   669 E sscrpcd : vendor/qcom/proprietary/sensors-see/sscrpcd/src/sscrpcd.cpp:98:listener exits
06-13 02:54:50.649   669   669 I sscrpcd : vendor/qcom/proprietary/adsprpc/src/rpcmem_android.c:192: rpcmem_deinit_internal: closed ION fd 5
06-13 02:54:50.649   669   669 I sscrpcd : vendor/qcom/proprietary/adsprpc/src/fastrpc_pm.c:116: fastrpc_wake_lock_deinit done
06-13 02:54:50.649   669   669 I sscrpcd : vendor/qcom/proprietary/adsprpc/src/fastrpc_apps_user.c:3010: fastrpc_apps_user_deinit done
06-13 02:54:50.650   669   669 E sscrpcd : vendor/qcom/proprietary/sensors-see/sscrpcd/src/sscrpcd.cpp:109:sscrpcd daemon will restart after 25ms...
06-13 02:54:50.670   630   630 D vold    : Mounting metadata-encrypted filesystem:/data
06-13 02:54:50.674   630   630 I vold    : [libfs_mgr]Running /system/bin/fsck.f2fs -a -c 10000 --debug-cache /dev/block/dm-6
06-13 02:54:50.675   669   669 I sscrpcd : vendor/qcom/proprietary/adsprpc/src/rpcmem_android.c:159: rpcmem_init_internal: opened ION device fd 5, configured heap IDs: system (0x2000000), contig (0x10), secure (0x400), secure flags (0x80080000)
06-13 02:54:50.675   669   669 I sscrpcd : vendor/qcom/proprietary/adsprpc/src/fastrpc_apps_user.c:3078: fastrpc_apps_user_init done with default domain:0 and &fastrpc_trace:0x72cbae8fa0
06-13 02:54:50.676   669   669 E sscrpcd : vendor/qcom/proprietary/sensors-see/sscrpcd/src/sscrpcd.cpp:94:adsp_default_listener_start called for [sensorspd]
06-13 02:54:50.676   669   669 I sscrpcd : vendor/qcom/proprietary/adsprpc/src/fastrpc_pm.c:85: fastrpc_wake_lock_init done for sscrpcd:669
06-13 02:54:50.676   669   669 I sscrpcd : vendor/qcom/proprietary/adsprpc/src/fastrpc_apps_user.c:1724: wakelock_control: enabled wakelock control for domain 0
06-13 02:54:50.676   669   669 E sscrpcd : vendor/qcom/proprietary/sensors-see/sscrpcd/src/sscrpcd.cpp:65:fastrpc wakelock control is enabled
06-13 02:54:50.676   669   669 I sscrpcd : vendor/qcom/proprietary/adsprpc/src/fastrpc_apps_user.c:1340: remote_handle_open: Successfully opened handle 0x0 for '":;./\createstaticpd:sensorspd on domain 0
06-13 02:54:50.676   669   669 E sscrpcd : vendor/qcom/proprietary/adsprpc/src/fastrpc_apps_user.c:2861: Error 0x200: apps_dev_init failed for domain 0, errno No such device
06-13 02:54:50.676   669   669 E sscrpcd : vendor/qcom/proprietary/adsprpc/src/fastrpc_apps_user.c:2959: Error 0x200: open_dev (-1) failed for domain 0 (errno No such device)
