06-13 02:54:51.924   669   669 I sscrpcd : vendor/qcom/proprietary/adsprpc/src/fastrpc_apps_user.c:1724: wakelock_control: enabled wakelock control for domain 0
06-13 02:54:51.924   669   669 E sscrpcd : vendor/qcom/proprietary/sensors-see/sscrpcd/src/sscrpcd.cpp:65:fastrpc wakelock control is enabled
06-13 02:54:51.924   669   669 I sscrpcd : vendor/qcom/proprietary/adsprpc/src/fastrpc_apps_user.c:1340: remote_handle_open: Successfully opened handle 0x0 for '":;./\createstaticpd:sensorspd on domain 0
06-13 02:54:51.924   669   669 E sscrpcd : vendor/qcom/proprietary/adsprpc/src/fastrpc_apps_user.c:2861: Error 0x200: apps_dev_init failed for domain 0, errno No such device
06-13 02:54:51.924   669   669 E sscrpcd : vendor/qcom/proprietary/adsprpc/src/fastrpc_apps_user.c:2959: Error 0x200: open_dev (-1) failed for domain 0 (errno No such device)
06-13 02:54:51.924   669   669 E sscrpcd : vendor/qcom/proprietary/adsprpc/src/fastrpc_apps_user.c:1343: Error 0x200: remote_handle_open failed for adsp_default_listener (errno Success)
06-13 02:54:51.924   669   669 E sscrpcd : vendor/qcom/proprietary/sensors-see/sscrpcd/src/sscrpcd.cpp:98:listener exits
06-13 02:54:51.924   669   669 I sscrpcd : vendor/qcom/proprietary/adsprpc/src/rpcmem_android.c:192: rpcmem_deinit_internal: closed ION fd 5
06-13 02:54:51.924   669   669 I sscrpcd : vendor/qcom/proprietary/adsprpc/src/fastrpc_pm.c:116: fastrpc_wake_lock_deinit done
06-13 02:54:51.924   669   669 I sscrpcd : vendor/qcom/proprietary/adsprpc/src/fastrpc_apps_user.c:3010: fastrpc_apps_user_deinit done
06-13 02:54:51.924   669   669 E sscrpcd : vendor/qcom/proprietary/sensors-see/sscrpcd/src/sscrpcd.cpp:109:sscrpcd daemon will restart after 25ms...
06-13 02:54:51.933   802   802 I odrefresh: Factory APEX mounted.
06-13 02:54:51.934   802   802 E odrefresh: statvfs '/data/misc/apexdata/com.android.art/dalvik-cache': No such file or directory
06-13 02:54:51.931   802   802 I auditd  : type=1400 audit(0.0:17): avc: denied { kill } for comm="odrefresh" capability=5 scontext=u:r:odrefresh:s0 tcontext=u:r:odrefresh:s0 tclass=capability permissive=0
06-13 02:54:51.931   802   802 W odrefresh: type=1400 audit(0.0:17): avc: denied { kill } for capability=5 scontext=u:r:odrefresh:s0 tcontext=u:r:odrefresh:s0 tclass=capability permissive=0
06-13 02:54:51.936   800   800 I odsign  : odrefresh said artifacts are VALID
06-13 02:54:51.936   800   800 I odsign  : On-device signing done.
06-13 02:54:51.944   664   702 I keystore2: keystore2::super_key: keystore.boot_level 1000000000 hits maximum 1000000000, finishing.
06-13 02:54:51.950   669   669 I sscrpcd : vendor/qcom/proprietary/adsprpc/src/rpcmem_android.c:159: rpcmem_init_internal: opened ION device fd 5, configured heap IDs: system (0x2000000), contig (0x10), secure (0x400), secure flags (0x80080000)
06-13 02:54:51.950   669   669 I sscrpcd : vendor/qcom/proprietary/adsprpc/src/fastrpc_apps_user.c:3078: fastrpc_apps_user_init done with default domain:0 and &fastrpc_trace:0x72cbab0fa0
06-13 02:54:51.950   669   669 E sscrpcd : vendor/qcom/proprietary/sensors-see/sscrpcd/src/sscrpcd.cpp:94:adsp_default_listener_start called for [sensorspd]
06-13 02:54:51.950   669   669 I sscrpcd : vendor/qcom/proprietary/adsprpc/src/fastrpc_pm.c:85: fastrpc_wake_lock_init done for sscrpcd:669
06-13 02:54:51.950   669   669 I sscrpcd : vendor/qcom/proprietary/adsprpc/src/fastrpc_apps_user.c:1724: wakelock_control: enabled wakelock control for domain 0
06-13 02:54:51.950   669   669 E sscrpcd : vendor/qcom/proprietary/sensors-see/sscrpcd/src/sscrpcd.cpp:65:fastrpc wakelock control is enabled
06-13 02:54:51.950   669   669 I sscrpcd : vendor/qcom/proprietary/adsprpc/src/fastrpc_apps_user.c:1340: remote_handle_open: Successfully opened handle 0x0 for '":;./\createstaticpd:sensorspd on domain 0
06-13 02:54:51.950   669   669 E sscrpcd : vendor/qcom/proprietary/adsprpc/src/fastrpc_apps_user.c:2861: Error 0x200: apps_dev_init failed for domain 0, errno No such device
06-13 02:54:51.950   669   669 E sscrpcd : vendor/qcom/proprietary/adsprpc/src/fastrpc_apps_user.c:2959: Error 0x200: open_dev (-1) failed for domain 0 (errno No such device)
06-13 02:54:51.950   669   669 E sscrpcd : vendor/qcom/proprietary/adsprpc/src/fastrpc_apps_user.c:1343: Error 0x200: remote_handle_open failed for adsp_default_listener (errno Success)
06-13 02:54:51.950   669   669 E sscrpcd : vendor/qcom/proprietary/sensors-see/sscrpcd/src/sscrpcd.cpp:98:listener exits
06-13 02:54:51.951   669   669 I sscrpcd : vendor/qcom/proprietary/adsprpc/src/rpcmem_android.c:192: rpcmem_deinit_internal: closed ION fd 5
06-13 02:54:51.951   669   669 I sscrpcd : vendor/qcom/proprietary/adsprpc/src/fastrpc_pm.c:116: fastrpc_wake_lock_deinit done
06-13 02:54:51.951   669   669 I sscrpcd : vendor/qcom/proprietary/adsprpc/src/fastrpc_apps_user.c:3010: fastrpc_apps_user_deinit done
06-13 02:54:51.951   669   669 E sscrpcd : vendor/qcom/proprietary/sensors-see/sscrpcd/src/sscrpcd.cpp:109:sscrpcd daemon will restart after 25ms...
06-13 02:54:51.963     0     0 I apexd   : Snapshot DE subcommand detected
06-13 02:54:51.968     0     0 I binder  : 804:804 ioctl 40046210 7fe7c25364 returned -22
06-13 02:54:51.974     0     0 I apexd   : Marking APEXd as ready
06-13 02:54:51.977   669   669 I sscrpcd : vendor/qcom/proprietary/adsprpc/src/rpcmem_android.c:159: rpcmem_init_internal: opened ION device fd 5, configured heap IDs: system (0x2000000), contig (0x10), secure (0x400), secure flags (0x80080000)
06-13 02:54:51.977   669   669 I sscrpcd : vendor/qcom/proprietary/adsprpc/src/fastrpc_apps_user.c:3078: fastrpc_apps_user_init done with default domain:0 and &fastrpc_trace:0x72cba3efa0
06-13 02:54:51.977   669   669 E sscrpcd : vendor/qcom/proprietary/sensors-see/sscrpcd/src/sscrpcd.cpp:94:adsp_default_listener_start called for [sensorspd]
06-13 02:54:51.977   669   669 I sscrpcd : vendor/qcom/proprietary/adsprpc/src/fastrpc_pm.c:85: fastrpc_wake_lock_init done for sscrpcd:669
06-13 02:54:51.977   669   669 I sscrpcd : vendor/qcom/proprietary/adsprpc/src/fastrpc_apps_user.c:1724: wakelock_control: enabled wakelock control for domain 0
06-13 02:54:51.977   669   669 E sscrpcd : vendor/qcom/proprietary/sensors-see/sscrpcd/src/sscrpcd.cpp:65:fastrpc wakelock control is enabled
06-13 02:54:51.977   669   669 I sscrpcd : vendor/qcom/proprietary/adsprpc/src/fastrpc_apps_user.c:1340: remote_handle_open: Successfully opened handle 0x0 for '":;./\createstaticpd:sensorspd on domain 0
06-13 02:54:51.977   669   669 E sscrpcd : vendor/qcom/proprietary/adsprpc/src/fastrpc_apps_user.c:2861: Error 0x200: apps_dev_init failed for domain 0, errno No such device
06-13 02:54:51.977   669   669 E sscrpcd : vendor/qcom/proprietary/adsprpc/src/fastrpc_apps_user.c:2959: Error 0x200: open_dev (-1) failed for domain 0 (errno No such device)
06-13 02:54:51.977   669   669 E sscrpcd : vendor/qcom/proprietary/adsprpc/src/fastrpc_apps_user.c:1343: Error 0x200: remote_handle_open failed for adsp_default_listener (errno Success)
06-13 02:54:51.977   669   669 E sscrpcd : vendor/qcom/proprietary/sensors-see/sscrpcd/src/sscrpcd.cpp:98:listener exits
06-13 02:54:51.977   669   669 I sscrpcd : vendor/qcom/proprietary/adsprpc/src/rpcmem_android.c:192: rpcmem_deinit_internal: closed ION fd 5
06-13 02:54:51.977   669   669 I sscrpcd : vendor/qcom/proprietary/adsprpc/src/fastrpc_pm.c:116: fastrpc_wake_lock_deinit done
06-13 02:54:51.977   669   669 I sscrpcd : vendor/qcom/proprietary/adsprpc/src/fastrpc_apps_user.c:3010: fastrpc_apps_user_deinit done
06-13 02:54:51.977   669   669 E sscrpcd : vendor/qcom/proprietary/sensors-see/sscrpcd/src/sscrpcd.cpp:109:sscrpcd daemon will restart after 25ms...
06-13 02:54:51.980   805   805 I tzdatacheck: timezone distro dir /data/misc/zoneinfo/current does not exist. No action required.
06-13 02:54:52.003   669   669 I sscrpcd : vendor/qcom/proprietary/adsprpc/src/rpcmem_android.c:159: rpcmem_init_internal: opened ION device fd 5, configured heap IDs: system (0x2000000), contig (0x10), secure (0x400), secure flags (0x80080000)
06-13 02:54:52.003   669   669 I sscrpcd : vendor/qcom/proprietary/adsprpc/src/fastrpc_apps_user.c:3078: fastrpc_apps_user_init done with default domain:0 and &fastrpc_trace:0x72cba59fa0
06-13 02:54:52.003   669   669 E sscrpcd : vendor/qcom/proprietary/sensors-see/sscrpcd/src/sscrpcd.cpp:94:adsp_default_listener_start called for [sensorspd]
06-13 02:54:52.003   669   669 I sscrpcd : vendor/qcom/proprietary/adsprpc/src/fastrpc_pm.c:85: fastrpc_wake_lock_init done for sscrpcd:669
06-13 02:54:52.003   669   669 I sscrpcd : vendor/qcom/proprietary/adsprpc/src/fastrpc_apps_user.c:1724: wakelock_control: enabled wakelock control for domain 0
06-13 02:54:52.003   669   669 E sscrpcd : vendor/qcom/proprietary/sensors-see/sscrpcd/src/sscrpcd.cpp:65:fastrpc wakelock control is enabled
06-13 02:54:52.003   669   669 I sscrpcd : vendor/qcom/proprietary/adsprpc/src/fastrpc_apps_user.c:1340: remote_handle_open: Successfully opened handle 0x0 for '":;./\createstaticpd:sensorspd on domain 0
06-13 02:54:52.003   669   669 E sscrpcd : vendor/qcom/proprietary/adsprpc/src/fastrpc_apps_user.c:2861: Error 0x200: apps_dev_init failed for domain 0, errno No such device
06-13 02:54:52.003   669   669 E sscrpcd : vendor/qcom/proprietary/adsprpc/src/fastrpc_apps_user.c:2959: Error 0x200: open_dev (-1) failed for domain 0 (errno No such device)
06-13 02:54:52.003   669   669 E sscrpcd : vendor/qcom/proprietary/adsprpc/src/fastrpc_apps_user.c:1343: Error 0x200: remote_handle_open failed for adsp_default_listener (errno Success)
06-13 02:54:52.004   669   669 E sscrpcd : vendor/qcom/proprietary/sensors-see/sscrpcd/src/sscrpcd.cpp:98:listener exits
06-13 02:54:52.004   669   669 I sscrpcd : vendor/qcom/proprietary/adsprpc/src/rpcmem_android.c:192: rpcmem_deinit_internal: closed ION fd 5
06-13 02:54:52.004   669   669 I sscrpcd : vendor/qcom/proprietary/adsprpc/src/fastrpc_pm.c:116: fastrpc_wake_lock_deinit done
06-13 02:54:52.004   669   669 I sscrpcd : vendor/qcom/proprietary/adsprpc/src/fastrpc_apps_user.c:3010: fastrpc_apps_user_deinit done
06-13 02:54:52.004   669   669 E sscrpcd : vendor/qcom/proprietary/sensors-see/sscrpcd/src/sscrpcd.cpp:109:sscrpcd daemon will restart after 25ms...
06-13 02:54:52.030   669   669 I sscrpcd : vendor/qcom/proprietary/adsprpc/src/rpcmem_android.c:159: rpcmem_init_internal: opened ION device fd 5, configured heap IDs: system (0x2000000), contig (0x10), secure (0x400), secure flags (0x80080000)
06-13 02:54:52.030   669   669 I sscrpcd : vendor/qcom/proprietary/adsprpc/src/fastrpc_apps_user.c:3078: fastrpc_apps_user_init done with default domain:0 and &fastrpc_trace:0x72cba68fa0
06-13 02:54:52.030   669   669 E sscrpcd : vendor/qcom/proprietary/sensors-see/sscrpcd/src/sscrpcd.cpp:94:adsp_default_listener_start called for [sensorspd]
06-13 02:54:52.030   669   669 I sscrpcd : vendor/qcom/proprietary/adsprpc/src/fastrpc_pm.c:85: fastrpc_wake_lock_init done for sscrpcd:669
06-13 02:54:52.030   669   669 I sscrpcd : vendor/qcom/proprietary/adsprpc/src/fastrpc_apps_user.c:1724: wakelock_control: enabled wakelock control for domain 0
06-13 02:54:52.030   669   669 E sscrpcd : vendor/qcom/proprietary/sensors-see/sscrpcd/src/sscrpcd.cpp:65:fastrpc wakelock control is enabled
06-13 02:54:52.030   669   669 I sscrpcd : vendor/qcom/proprietary/adsprpc/src/fastrpc_apps_user.c:1340: remote_handle_open: Successfully opened handle 0x0 for '":;./\createstaticpd:sensorspd on domain 0
06-13 02:54:52.030   669   669 E sscrpcd : vendor/qcom/proprietary/adsprpc/src/fastrpc_apps_user.c:2861: Error 0x200: apps_dev_init failed for domain 0, errno No such device
06-13 02:54:52.030   669   669 E sscrpcd : vendor/qcom/proprietary/adsprpc/src/fastrpc_apps_user.c:2959: Error 0x200: open_dev (-1) failed for domain 0 (errno No such device)
06-13 02:54:52.030   669   669 E sscrpcd : vendor/qcom/proprietary/adsprpc/src/fastrpc_apps_user.c:1343: Error 0x200: remote_handle_open failed for adsp_default_listener (errno Success)
06-13 02:54:52.030   669   669 E sscrpcd : vendor/qcom/proprietary/sensors-see/sscrpcd/src/sscrpcd.cpp:98:listener exits
06-13 02:54:52.030   669   669 I sscrpcd : vendor/qcom/proprietary/adsprpc/src/rpcmem_android.c:192: rpcmem_deinit_internal: closed ION fd 5
06-13 02:54:52.030   669   669 I sscrpcd : vendor/qcom/proprietary/adsprpc/src/fastrpc_pm.c:116: fastrpc_wake_lock_deinit done
06-13 02:54:52.030   669   669 I sscrpcd : vendor/qcom/proprietary/adsprpc/src/fastrpc_apps_user.c:3010: fastrpc_apps_user_deinit done
06-13 02:54:52.030   669   669 E sscrpcd : vendor/qcom/proprietary/sensors-see/sscrpcd/src/sscrpcd.cpp:109:sscrpcd daemon will restart after 25ms...
06-13 02:54:52.037     0     0 I EXT4-fs (sda83): mounted filesystem with ordered data mode. Opts: discard
06-13 02:54:52.056   669   669 I sscrpcd : vendor/qcom/proprietary/adsprpc/src/rpcmem_android.c:159: rpcmem_init_internal: opened ION device fd 5, configured heap IDs: system (0x2000000), contig (0x10), secure (0x400), secure flags (0x80080000)
06-13 02:54:52.056   669   669 I sscrpcd : vendor/qcom/proprietary/adsprpc/src/fastrpc_apps_user.c:3078: fastrpc_apps_user_init done with default domain:0 and &fastrpc_trace:0x72cbb22fa0
06-13 02:54:52.056   669   669 E sscrpcd : vendor/qcom/proprietary/sensors-see/sscrpcd/src/sscrpcd.cpp:94:adsp_default_listener_start called for [sensorspd]
06-13 02:54:52.056   669   669 I sscrpcd : vendor/qcom/proprietary/adsprpc/src/fastrpc_pm.c:85: fastrpc_wake_lock_init done for sscrpcd:669
06-13 02:54:52.056   669   669 I sscrpcd : vendor/qcom/proprietary/adsprpc/src/fastrpc_apps_user.c:1724: wakelock_control: enabled wakelock control for domain 0
06-13 02:54:52.056   669   669 E sscrpcd : vendor/qcom/proprietary/sensors-see/sscrpcd/src/sscrpcd.cpp:65:fastrpc wakelock control is enabled
06-13 02:54:52.056   669   669 I sscrpcd : vendor/qcom/proprietary/adsprpc/src/fastrpc_apps_user.c:1340: remote_handle_open: Successfully opened handle 0x0 for '":;./\createstaticpd:sensorspd on domain 0
06-13 02:54:52.057   669   669 E sscrpcd : vendor/qcom/proprietary/adsprpc/src/fastrpc_apps_user.c:2861: Error 0x200: apps_dev_init failed for domain 0, errno No such device
06-13 02:54:52.057   669   669 E sscrpcd : vendor/qcom/proprietary/adsprpc/src/fastrpc_apps_user.c:2959: Error 0x200: open_dev (-1) failed for domain 0 (errno No such device)
06-13 02:54:52.057   669   669 E sscrpcd : vendor/qcom/proprietary/adsprpc/src/fastrpc_apps_user.c:1343: Error 0x200: remote_handle_open failed for adsp_default_listener (errno Success)
06-13 02:54:52.057   669   669 E sscrpcd : vendor/qcom/proprietary/sensors-see/sscrpcd/src/sscrpcd.cpp:98:listener exits
06-13 02:54:52.057   669   669 I sscrpcd : vendor/qcom/proprietary/adsprpc/src/rpcmem_android.c:192: rpcmem_deinit_internal: closed ION fd 5
06-13 02:54:52.057   669   669 I sscrpcd : vendor/qcom/proprietary/adsprpc/src/fastrpc_pm.c:116: fastrpc_wake_lock_deinit done
06-13 02:54:52.057   669   669 I sscrpcd : vendor/qcom/proprietary/adsprpc/src/fastrpc_apps_user.c:3010: fastrpc_apps_user_deinit done
06-13 02:54:52.057   669   669 E sscrpcd : vendor/qcom/proprietary/sensors-see/sscrpcd/src/sscrpcd.cpp:109:sscrpcd daemon will restart after 25ms...
06-13 02:54:52.073     0     0 E EXT4-fs (sda3): VFS: Can't find ext4 filesystem
06-13 02:54:52.083   669   669 I sscrpcd : vendor/qcom/proprietary/adsprpc/src/rpcmem_android.c:159: rpcmem_init_internal: opened ION device fd 5, configured heap IDs: system (0x2000000), contig (0x10), secure (0x400), secure flags (0x80080000)
06-13 02:54:52.083   669   669 I sscrpcd : vendor/qcom/proprietary/adsprpc/src/fastrpc_apps_user.c:3078: fastrpc_apps_user_init done with default domain:0 and &fastrpc_trace:0x72cbaaafa0
06-13 02:54:52.083   669   669 E sscrpcd : vendor/qcom/proprietary/sensors-see/sscrpcd/src/sscrpcd.cpp:94:adsp_default_listener_start called for [sensorspd]
06-13 02:54:52.083   669   669 I sscrpcd : vendor/qcom/proprietary/adsprpc/src/fastrpc_pm.c:85: fastrpc_wake_lock_init done for sscrpcd:669
06-13 02:54:52.083   669   669 I sscrpcd : vendor/qcom/proprietary/adsprpc/src/fastrpc_apps_user.c:1724: wakelock_control: enabled wakelock control for domain 0
06-13 02:54:52.083   669   669 E sscrpcd : vendor/qcom/proprietary/sensors-see/sscrpcd/src/sscrpcd.cpp:65:fastrpc wakelock control is enabled
06-13 02:54:52.083   669   669 I sscrpcd : vendor/qcom/proprietary/adsprpc/src/fastrpc_apps_user.c:1340: remote_handle_open: Successfully opened handle 0x0 for '":;./\createstaticpd:sensorspd on domain 0
06-13 02:54:52.083   669   669 E sscrpcd : vendor/qcom/proprietary/adsprpc/src/fastrpc_apps_user.c:2861: Error 0x200: apps_dev_init failed for domain 0, errno No such device
06-13 02:54:52.083   669   669 E sscrpcd : vendor/qcom/proprietary/adsprpc/src/fastrpc_apps_user.c:2959: Error 0x200: open_dev (-1) failed for domain 0 (errno No such device)
06-13 02:54:52.083   669   669 E sscrpcd : vendor/qcom/proprietary/adsprpc/src/fastrpc_apps_user.c:1343: Error 0x200: remote_handle_open failed for adsp_default_listener (errno Success)
06-13 02:54:52.083   669   669 E sscrpcd : vendor/qcom/proprietary/sensors-see/sscrpcd/src/sscrpcd.cpp:98:listener exits
06-13 02:54:52.083   669   669 I sscrpcd : vendor/qcom/proprietary/adsprpc/src/rpcmem_android.c:192: rpcmem_deinit_internal: closed ION fd 5
06-13 02:54:52.083   669   669 I sscrpcd : vendor/qcom/proprietary/adsprpc/src/fastrpc_pm.c:116: fastrpc_wake_lock_deinit done
06-13 02:54:52.083   669   669 I sscrpcd : vendor/qcom/proprietary/adsprpc/src/fastrpc_apps_user.c:3010: fastrpc_apps_user_deinit done
06-13 02:54:52.083   669   669 E sscrpcd : vendor/qcom/proprietary/sensors-see/sscrpcd/src/sscrpcd.cpp:109:sscrpcd daemon will restart after 25ms...
06-13 02:54:52.091   812   812 E bs_taimport_system: taimport qssi12 enter
06-13 02:54:52.099   812   812 D hw-ProcessState: Binder ioctl to enable oneway spam detection failed: Invalid argument
06-13 02:54:52.101   812   812 I taimport: MiscTaWrapper: miscta_get_unit_size:Link to death notification successful!
06-13 02:54:52.099     0     0 I binder  : 812:812 ioctl 40046210 7fdef8e544 returned -22
06-13 02:54:52.102   578   578 I hwservicemanager: Since android.hidl.allocator@1.0::IAllocator/ashmem is not registered, trying to start it as a lazy HAL.
06-13 02:54:52.104   578   578 I hwservicemanager: Since android.hidl.allocator@1.0::IAllocator/ashmem is not registered, trying to start it as a lazy HAL.
06-13 02:54:52.104   812   812 I HidlServiceManagement: getService: Trying again for android.hidl.allocator@1.0::IAllocator/ashmem...
06-13 02:54:52.104   578   817 W libc    : Unable to set property "ctl.interface_start" to "android.hidl.allocator@1.0::IAllocator/ashmem": error code: 0x20
06-13 02:54:52.104   578   817 I hwservicemanager: Tried to start android.hidl.allocator@1.0::IAllocator/ashmem as a lazy service, but was unable to. Usually this happens when a service is not installed, but if the service is intended to be used as a lazy service, then it may be configured incorrectly.
06-13 02:54:52.108   578   818 W libc    : Unable to set property "ctl.interface_start" to "android.hidl.allocator@1.0::IAllocator/ashmem": error code: 0x20
06-13 02:54:52.108   578   818 I hwservicemanager: Tried to start android.hidl.allocator@1.0::IAllocator/ashmem as a lazy service, but was unable to. Usually this happens when a service is not installed, but if the service is intended to be used as a lazy service, then it may be configured incorrectly.
06-13 02:54:52.109   669   669 I sscrpcd : vendor/qcom/proprietary/adsprpc/src/rpcmem_android.c:159: rpcmem_init_internal: opened ION device fd 5, configured heap IDs: system (0x2000000), contig (0x10), secure (0x400), secure flags (0x80080000)
06-13 02:54:52.109   669   669 I sscrpcd : vendor/qcom/proprietary/adsprpc/src/fastrpc_apps_user.c:3078: fastrpc_apps_user_init done with default domain:0 and &fastrpc_trace:0x72cb295fa0
06-13 02:54:52.110   669   669 E sscrpcd : vendor/qcom/proprietary/sensors-see/sscrpcd/src/sscrpcd.cpp:94:adsp_default_listener_start called for [sensorspd]
06-13 02:54:52.110   669   669 I sscrpcd : vendor/qcom/proprietary/adsprpc/src/fastrpc_pm.c:85: fastrpc_wake_lock_init done for sscrpcd:669
06-13 02:54:52.110   669   669 I sscrpcd : vendor/qcom/proprietary/adsprpc/src/fastrpc_apps_user.c:1724: wakelock_control: enabled wakelock control for domain 0
06-13 02:54:52.110   669   669 E sscrpcd : vendor/qcom/proprietary/sensors-see/sscrpcd/src/sscrpcd.cpp:65:fastrpc wakelock control is enabled
06-13 02:54:52.110   669   669 I sscrpcd : vendor/qcom/proprietary/adsprpc/src/fastrpc_apps_user.c:1340: remote_handle_open: Successfully opened handle 0x0 for '":;./\createstaticpd:sensorspd on domain 0
06-13 02:54:52.110   669   669 E sscrpcd : vendor/qcom/proprietary/adsprpc/src/fastrpc_apps_user.c:2861: Error 0x200: apps_dev_init failed for domain 0, errno No such device
06-13 02:54:52.110   669   669 E sscrpcd : vendor/qcom/proprietary/adsprpc/src/fastrpc_apps_user.c:2959: Error 0x200: open_dev (-1) failed for domain 0 (errno No such device)
06-13 02:54:52.110   669   669 E sscrpcd : vendor/qcom/proprietary/adsprpc/src/fastrpc_apps_user.c:1343: Error 0x200: remote_handle_open failed for adsp_default_listener (errno Success)
06-13 02:54:52.110   669   669 E sscrpcd : vendor/qcom/proprietary/sensors-see/sscrpcd/src/sscrpcd.cpp:98:listener exits
06-13 02:54:52.110   669   669 I sscrpcd : vendor/qcom/proprietary/adsprpc/src/rpcmem_android.c:192: rpcmem_deinit_internal: closed ION fd 5
06-13 02:54:52.110   669   669 I sscrpcd : vendor/qcom/proprietary/adsprpc/src/fastrpc_pm.c:116: fastrpc_wake_lock_deinit done
06-13 02:54:52.110   669   669 I sscrpcd : vendor/qcom/proprietary/adsprpc/src/fastrpc_apps_user.c:3010: fastrpc_apps_user_deinit done
06-13 02:54:52.110   669   669 E sscrpcd : vendor/qcom/proprietary/sensors-see/sscrpcd/src/sscrpcd.cpp:109:sscrpcd daemon will restart after 25ms...
06-13 02:54:52.136   669   669 I sscrpcd : vendor/qcom/proprietary/adsprpc/src/rpcmem_android.c:159: rpcmem_init_internal: opened ION device fd 5, configured heap IDs: system (0x2000000), contig (0x10), secure (0x400), secure flags (0x80080000)
06-13 02:54:52.136   669   669 I sscrpcd : vendor/qcom/proprietary/adsprpc/src/fastrpc_apps_user.c:3078: fastrpc_apps_user_init done with default domain:0 and &fastrpc_trace:0x72cbb23fa0
06-13 02:54:52.136   669   669 E sscrpcd : vendor/qcom/proprietary/sensors-see/sscrpcd/src/sscrpcd.cpp:94:adsp_default_listener_start called for [sensorspd]
06-13 02:54:52.136   669   669 I sscrpcd : vendor/qcom/proprietary/adsprpc/src/fastrpc_pm.c:85: fastrpc_wake_lock_init done for sscrpcd:669
06-13 02:54:52.136   669   669 I sscrpcd : vendor/qcom/proprietary/adsprpc/src/fastrpc_apps_user.c:1724: wakelock_control: enabled wakelock control for domain 0
06-13 02:54:52.136   669   669 E sscrpcd : vendor/qcom/proprietary/sensors-see/sscrpcd/src/sscrpcd.cpp:65:fastrpc wakelock control is enabled
06-13 02:54:52.136   669   669 I sscrpcd : vendor/qcom/proprietary/adsprpc/src/fastrpc_apps_user.c:1340: remote_handle_open: Successfully opened handle 0x0 for '":;./\createstaticpd:sensorspd on domain 0
06-13 02:54:52.136   669   669 E sscrpcd : vendor/qcom/proprietary/adsprpc/src/fastrpc_apps_user.c:2861: Error 0x200: apps_dev_init failed for domain 0, errno No such device
06-13 02:54:52.136   669   669 E sscrpcd : vendor/qcom/proprietary/adsprpc/src/fastrpc_apps_user.c:2959: Error 0x200: open_dev (-1) failed for domain 0 (errno No such device)
06-13 02:54:52.136   669   669 E sscrpcd : vendor/qcom/proprietary/adsprpc/src/fastrpc_apps_user.c:1343: Error 0x200: remote_handle_open failed for adsp_default_listener (errno Success)
06-13 02:54:52.136   669   669 E sscrpcd : vendor/qcom/proprietary/sensors-see/sscrpcd/src/sscrpcd.cpp:98:listener exits
06-13 02:54:52.136   669   669 I sscrpcd : vendor/qcom/proprietary/adsprpc/src/rpcmem_android.c:192: rpcmem_deinit_internal: closed ION fd 5
06-13 02:54:52.136   669   669 I sscrpcd : vendor/qcom/proprietary/adsprpc/src/fastrpc_pm.c:116: fastrpc_wake_lock_deinit done
06-13 02:54:52.137   669   669 I sscrpcd : vendor/qcom/proprietary/adsprpc/src/fastrpc_apps_user.c:3010: fastrpc_apps_user_deinit done
06-13 02:54:52.137   669   669 E sscrpcd : vendor/qcom/proprietary/sensors-see/sscrpcd/src/sscrpcd.cpp:109:sscrpcd daemon will restart after 25ms...
06-13 02:54:52.139   815   815 D QC-time-services: Daemon:genoff_pre_init::Base = 0
06-13 02:54:52.139   815   815 D QC-time-services: Daemon:ats_rtc_init: Time read from RTC -- year = 70, month = 5,day = 12
06-13 02:54:52.144   815   815 D QC-time-services: Daemon ats_rtc_init: seconds = 14064891
06-13 02:54:52.144   815   815 D QC-time-services: Daemon:Value read from RTC seconds = 14064891000
06-13 02:54:52.144   815   815 D QC-time-services: Daemon:genoff_init_config: ATS_RTC initialized with rc: 0
06-13 02:54:52.144   815   815 D QC-time-services: Daemon:genoff_pre_init::Base = 1
06-13 02:54:52.144   815   815 D QC-time-services: Daemon: Storage Name: ats_1 
06-13 02:54:52.145   815   815 D QC-time-services: Daemon:Opening File: /mnt/vendor/persist/time/ats_1 /data/vendor/time/ats_1
06-13 02:54:52.145   815   815 D QC-time-services: Daemon:time_persistent_memory_opr:Genoff Read operation 
06-13 02:54:52.146   815   815 D QC-time-services: Daemon:Open File: /data/vendor/time/ats_1
06-13 02:54:52.147   815   815 D QC-time-services: Daemon:genoff_pre_init::Base = 2
06-13 02:54:52.147   815   815 D QC-time-services: Daemon: Storage Name: ats_2 
06-13 02:54:52.147   815   815 D QC-time-services: Daemon:Opening File: /mnt/vendor/persist/time/ats_2 /data/vendor/time/ats_2
06-13 02:54:52.147   815   815 D QC-time-services: Daemon:time_persistent_memory_opr:Genoff Read operation 
06-13 02:54:52.147   815   815 D QC-time-services: Daemon:Open File: /data/vendor/time/ats_2
06-13 02:54:52.148   815   815 D QC-time-services: Daemon:genoff_pre_init::Base = 3
06-13 02:54:52.148   815   815 D QC-time-services: Daemon: Storage Name: ats_3 
06-13 02:54:52.148   815   815 D QC-time-services: Daemon:Opening File: /mnt/vendor/persist/time/ats_3 /data/vendor/time/ats_3
06-13 02:54:52.148   815   815 D QC-time-services: Daemon:time_persistent_memory_opr:Genoff Read operation 
06-13 02:54:52.148   815   815 D QC-time-services: Daemon:Open File: /data/vendor/time/ats_3
06-13 02:54:52.148   815   815 D QC-time-services: Daemon:Unable to open filefor read
06-13 02:54:52.148   815   815 D QC-time-services: Daemon:genoff_post_init:Error in accessing storage
06-13 02:54:52.148   815   815 D QC-time-services: Daemon:genoff_pre_init::Base = 4
06-13 02:54:52.148   815   815 D QC-time-services: Daemon: Storage Name: ats_4 
06-13 02:54:52.148   815   815 D QC-time-services: Daemon:Opening File: /mnt/vendor/persist/time/ats_4 /data/vendor/time/ats_4
06-13 02:54:52.148   815   815 D QC-time-services: Daemon:time_persistent_memory_opr:Genoff Read operation 
06-13 02:54:52.148   815   815 D QC-time-services: Daemon:Open File: /data/vendor/time/ats_4
06-13 02:54:52.148   815   815 D QC-time-services: Daemon:Unable to open filefor read
06-13 02:54:52.148   815   815 D QC-time-services: Daemon:genoff_post_init:Error in accessing storage
06-13 02:54:52.148   815   815 D QC-time-services: Daemon:genoff_pre_init::Base = 5
06-13 02:54:52.148   815   815 D QC-time-services: Daemon: Storage Name: ats_5 
06-13 02:54:52.148   815   815 D QC-time-services: Daemon:Opening File: /mnt/vendor/persist/time/ats_5 /data/vendor/time/ats_5
06-13 02:54:52.148   815   815 D QC-time-services: Daemon:time_persistent_memory_opr:Genoff Read operation 
06-13 02:54:52.148   815   815 D QC-time-services: Daemon:Open File: /data/vendor/time/ats_5
06-13 02:54:52.148   815   815 D QC-time-services: Daemon:Unable to open filefor read
06-13 02:54:52.148   815   815 D QC-time-services: Daemon:genoff_post_init:Error in accessing storage
06-13 02:54:52.148   815   815 D QC-time-services: Daemon:genoff_pre_init::Base = 6
06-13 02:54:52.148   815   815 D QC-time-services: Daemon: Storage Name: ats_6 
06-13 02:54:52.148   815   815 D QC-time-services: Daemon:Opening File: /mnt/vendor/persist/time/ats_6 /data/vendor/time/ats_6
06-13 02:54:52.148   815   815 D QC-time-services: Daemon:time_persistent_memory_opr:Genoff Read operation 
06-13 02:54:52.148   815   815 D QC-time-services: Daemon:Open File: /data/vendor/time/ats_6
06-13 02:54:52.148   815   815 D QC-time-services: Daemon:Unable to open filefor read
06-13 02:54:52.148   815   815 D QC-time-services: Daemon:genoff_post_init:Error in accessing storage
06-13 02:54:52.148   815   815 D QC-time-services: Daemon:genoff_pre_init::Base = 7
06-13 02:54:52.148   815   815 D QC-time-services: Daemon: Storage Name: ats_7 
06-13 02:54:52.148   815   815 D QC-time-services: Daemon:Opening File: /mnt/vendor/persist/time/ats_7 /data/vendor/time/ats_7
06-13 02:54:52.148   815   815 D QC-time-services: Daemon:time_persistent_memory_opr:Genoff Read operation 
06-13 02:54:52.148   815   815 D QC-time-services: Daemon:Open File: /data/vendor/time/ats_7
06-13 02:54:52.148   815   815 D QC-time-services: Daemon:Unable to open filefor read
06-13 02:54:52.148   815   815 D QC-time-services: Daemon:genoff_post_init:Error in accessing storage
06-13 02:54:52.148   815   815 D QC-time-services: Daemon:genoff_pre_init::Base = 8
06-13 02:54:52.148   815   815 D QC-time-services: Daemon: Storage Name: ats_8 
06-13 02:54:52.148   815   815 D QC-time-services: Daemon:Opening File: /mnt/vendor/persist/time/ats_8 /data/vendor/time/ats_8
06-13 02:54:52.148   815   815 D QC-time-services: Daemon:time_persistent_memory_opr:Genoff Read operation 
06-13 02:54:52.148   815   815 D QC-time-services: Daemon:Open File: /data/vendor/time/ats_8
06-13 02:54:52.149   815   815 D QC-time-services: Daemon:Unable to open filefor read
06-13 02:54:52.149   815   815 D QC-time-services: Daemon:genoff_post_init:Error in accessing storage
06-13 02:54:52.149   815   815 D QC-time-services: Daemon:genoff_pre_init::Base = 9
06-13 02:54:52.149   815   815 D QC-time-services: Daemon: Storage Name: ats_9 
06-13 02:54:52.149   815   815 D QC-time-services: Daemon:Opening File: /mnt/vendor/persist/time/ats_9 /data/vendor/time/ats_9
06-13 02:54:52.149   815   815 D QC-time-services: Daemon:time_persistent_memory_opr:Genoff Read operation 
06-13 02:54:52.149   815   815 D QC-time-services: Daemon:Open File: /data/vendor/time/ats_9
06-13 02:54:52.149   815   815 D QC-time-services: Daemon:Unable to open filefor read
06-13 02:54:52.149   815   815 D QC-time-services: Daemon:genoff_post_init:Error in accessing storage
06-13 02:54:52.149   815   815 D QC-time-services: Daemon:genoff_pre_init::Base = 10
06-13 02:54:52.149   815   815 D QC-time-services: Daemon: Storage Name: ats_10 
06-13 02:54:52.149   815   815 D QC-time-services: Daemon:Opening File: /mnt/vendor/persist/time/ats_10 /data/vendor/time/ats_10
06-13 02:54:52.149   815   815 D QC-time-services: Daemon:time_persistent_memory_opr:Genoff Read operation 
06-13 02:54:52.149   815   815 D QC-time-services: Daemon:Open File: /data/vendor/time/ats_10
06-13 02:54:52.149   815   815 D QC-time-services: Daemon:Unable to open filefor read
06-13 02:54:52.149   815   815 D QC-time-services: Daemon:genoff_post_init:Error in accessing storage
06-13 02:54:52.149   815   815 D QC-time-services: Daemon:genoff_pre_init::Base = 11
06-13 02:54:52.149   815   815 D QC-time-services: Daemon: Storage Name: ats_11 
06-13 02:54:52.149   815   815 D QC-time-services: Daemon:Opening File: /mnt/vendor/persist/time/ats_11 /data/vendor/time/ats_11
06-13 02:54:52.149   815   815 D QC-time-services: Daemon:time_persistent_memory_opr:Genoff Read operation 
06-13 02:54:52.149   815   815 D QC-time-services: Daemon:Open File: /data/vendor/time/ats_11
06-13 02:54:52.149   815   815 D QC-time-services: Daemon:Unable to open filefor read
06-13 02:54:52.149   815   815 D QC-time-services: Daemon:genoff_post_init:Error in accessing storage
06-13 02:54:52.149   815   815 D QC-time-services: Daemon:genoff_pre_init::Base = 12
06-13 02:54:52.149   815   815 D QC-time-services: Daemon: Storage Name: ats_12 
06-13 02:54:52.149   815   815 D QC-time-services: Daemon:Opening File: /mnt/vendor/persist/time/ats_12 /data/vendor/time/ats_12
06-13 02:54:52.149   815   815 D QC-time-services: Daemon:time_persistent_memory_opr:Genoff Read operation 
06-13 02:54:52.151   815   815 D QC-time-services: Daemon:Open File: /data/vendor/time/ats_12
06-13 02:54:52.151   815   815 D QC-time-services: Daemon:genoff_pre_init::Base = 13
06-13 02:54:52.151   815   815 D QC-time-services: Daemon: Storage Name: ats_13 
06-13 02:54:52.152   815   815 D QC-time-services: Daemon:Opening File: /mnt/vendor/persist/time/ats_13 /data/vendor/time/ats_13
06-13 02:54:52.152   815   815 D QC-time-services: Daemon:time_persistent_memory_opr:Genoff Read operation 
06-13 02:54:52.152   822   822 W bs_taimport: Failed to read unit 2564: Unit not found
06-13 02:54:52.152   822   822 W bs_taimport: Failed to read unit 2565: Unit not found
06-13 02:54:52.152   822   822 W bs_taimport: Failed to read unit 2566: Unit not found
06-13 02:54:52.152   815   815 D QC-time-services: Daemon:Open File: /data/vendor/time/ats_13
06-13 02:54:52.152   822   822 W bs_taimport: Failed to read unit 2567: Unit not found
06-13 02:54:52.153   822   822 W bs_taimport: Failed to read unit 2760: Unit not found
06-13 02:54:52.153   822   822 W bs_taimport: Failed to read unit 2761: Unit not found
06-13 02:54:52.153   822   822 W bs_taimport: Failed to read unit 2762: Unit not found
06-13 02:54:52.153   815   815 D QC-time-services: Daemon:genoff_pre_init::Base = 14
06-13 02:54:52.153   822   822 W bs_taimport: Failed to read unit 2763: Unit not found
06-13 02:54:52.153   815   815 D QC-time-services: Daemon: Storage Name: ats_14 
06-13 02:54:52.153   815   815 D QC-time-services: Daemon:Opening File: /mnt/vendor/persist/time/ats_14 /data/vendor/time/ats_14
06-13 02:54:52.153   815   815 D QC-time-services: Daemon:time_persistent_memory_opr:Genoff Read operation 
06-13 02:54:52.153   815   815 D QC-time-services: Daemon:Open File: /data/vendor/time/ats_14
06-13 02:54:52.153   815   815 D QC-time-services: Daemon:Unable to open filefor read
06-13 02:54:52.153   815   815 D QC-time-services: Daemon:genoff_post_init:Error in accessing storage
06-13 02:54:52.153   815   815 D QC-time-services: Daemon:genoff_pre_init::Base = 15
06-13 02:54:52.153   815   815 D QC-time-services: Daemon: Storage Name: ats_15 
06-13 02:54:52.153   815   815 D QC-time-services: Daemon:Opening File: /mnt/vendor/persist/time/ats_15 /data/vendor/time/ats_15
06-13 02:54:52.153   815   815 D QC-time-services: Daemon:time_persistent_memory_opr:Genoff Read operation 
06-13 02:54:52.153   815   815 D QC-time-services: Daemon:Open File: /data/vendor/time/ats_15
06-13 02:54:52.154   822   822 W bs_taimport: Failed to read unit 2750: Unit not found
06-13 02:54:52.154   822   822 W bs_taimport: Failed to read unit 2752: Unit not found
06-13 02:54:52.154   815   815 D QC-time-services: Daemon:genoff_pre_init::Base = 16
06-13 02:54:52.154   815   815 D QC-time-services: Daemon: Storage Name: ats_16 
06-13 02:54:52.154   815   815 D QC-time-services: Daemon:Opening File: /mnt/vendor/persist/time/ats_16 /data/vendor/time/ats_16
06-13 02:54:52.154   815   815 D QC-time-services: Daemon:time_persistent_memory_opr:Genoff Read operation 
06-13 02:54:52.154   822   822 W bs_taimport: Failed to read unit 2753: Unit not found
06-13 02:54:52.154   822   822 W bs_taimport: Failed to read unit 2756: Unit not found
06-13 02:54:52.154   822   822 W bs_taimport: Failed to read unit 2758: Unit not found
06-13 02:54:52.154   822   822 W bs_taimport: Failed to read unit 2764: Unit not found
06-13 02:54:52.155   822   822 W bs_taimport: Failed to read unit 2765: Unit not found
06-13 02:54:52.155   822   822 W bs_taimport: Failed to read unit 2766: Unit not found
06-13 02:54:52.155   822   822 W bs_taimport: Failed to read unit 2767: Unit not found
06-13 02:54:52.155   822   822 W bs_taimport: Failed to read unit 2768: Unit not found
06-13 02:54:52.155   815   815 D QC-time-services: Daemon:Open File: /data/vendor/time/ats_16
06-13 02:54:52.155   822   822 W bs_taimport: Failed to read unit 2170: Unit not found
06-13 02:54:52.155   815   815 D QC-time-services: Daemon:genoff_pre_init::Base = 17
06-13 02:54:52.155   815   815 D QC-time-services: Daemon: Storage Name: ats_17 
06-13 02:54:52.155   815   815 D QC-time-services: Daemon:Opening File: /mnt/vendor/persist/time/ats_17 /data/vendor/time/ats_17
06-13 02:54:52.155   815   815 D QC-time-services: Daemon:time_persistent_memory_opr:Genoff Read operation 
06-13 02:54:52.155   815   815 D QC-time-services: Daemon:Open File: /data/vendor/time/ats_17
06-13 02:54:52.155   815   815 D QC-time-services: Daemon:Unable to open filefor read
06-13 02:54:52.155   815   815 D QC-time-services: Daemon:genoff_post_init:Error in accessing storage
06-13 02:54:52.155   815   815 D QC-time-services: Daemon:genoff_pre_init::Base = 18
06-13 02:54:52.155   815   815 D QC-time-services: Daemon: Storage Name: ats_18 
06-13 02:54:52.156   815   815 D QC-time-services: Daemon:Opening File: /mnt/vendor/persist/time/ats_18 /data/vendor/time/ats_18
06-13 02:54:52.156   815   815 D QC-time-services: Daemon:time_persistent_memory_opr:Genoff Read operation 
06-13 02:54:52.156   815   815 D QC-time-services: Daemon:Open File: /data/vendor/time/ats_18
06-13 02:54:52.156   815   815 D QC-time-services: Daemon:Unable to open filefor read
06-13 02:54:52.156   815   815 D QC-time-services: Daemon:genoff_post_init:Error in accessing storage
06-13 02:54:52.156   815   815 D QC-time-services: Daemon:genoff_init_config: Other bases initilized, exiting genoff_init
06-13 02:54:52.156   815   815 D QC-time-services: Daemon:rtc_get: Time read from RTC -- MM/DD/YY HH:MM:SS5/12/70 18:54:51
06-13 02:54:52.156   815   815 D QC-time-services: Daemon rtc_get: seconds = 14064891
06-13 02:54:52.156   815   815 D QC-time-services: Daemon:Value read from RTC mseconds = 14064891000
06-13 02:54:52.156   815   815 D QC-time-services: Daemon:Value read from QTimer mseconds = 29646
06-13 02:54:52.156   815   815 D QC-time-services: Daemon:genoff_opr: Base = 1, val = 0, operation = 1
06-13 02:54:52.156   815   815 D QC-time-services: Daemon: genoff get for 1
06-13 02:54:52.156   815   815 D QC-time-services: Daemon:Value read from QTimer mseconds = 29646
06-13 02:54:52.156   815   815 D QC-time-services: Daemon:Value read from RTC mseconds on boot = 14064891000
06-13 02:54:52.156   815   815 D QC-time-services: Daemon:Value read from QTimer mseconds = 29646
06-13 02:54:52.156   815   815 D QC-time-services: Daemon:Value read from generic offset = 1630484134617
06-13 02:54:52.156   815   815 D QC-time-services: Daemon:Delta read on boot mseconds = 14064861354
06-13 02:54:52.156   815   815 D QC-time-services: Daemon:Final Time = 1644549025617
06-13 02:54:52.156   815   815 D QC-time-services: Daemon:genoff_boot_tod_init: Updating system time to sec=1644549025, usec=617000
02-11 11:10:25.617   815   815 D QC-time-services: Daemon:genoff_modem_qmi_init: Initializing QMI 
02-11 11:10:25.618   815   829 D QC-time-services: Daemon: Time-services: All initializations done
02-11 11:10:25.618   815   829 E QC-time-services: Daemon: Time-services: Waiting to acceptconnection
02-11 11:10:25.624   669   669 I sscrpcd : vendor/qcom/proprietary/adsprpc/src/rpcmem_android.c:159: rpcmem_init_internal: opened ION device fd 5, configured heap IDs: system (0x2000000), contig (0x10), secure (0x400), secure flags (0x80080000)
02-11 11:10:25.624   669   669 I sscrpcd : vendor/qcom/proprietary/adsprpc/src/fastrpc_apps_user.c:3078: fastrpc_apps_user_init done with default domain:0 and &fastrpc_trace:0x72c7d6cfa0
02-11 11:10:25.624   669   669 E sscrpcd : vendor/qcom/proprietary/sensors-see/sscrpcd/src/sscrpcd.cpp:94:adsp_default_listener_start called for [sensorspd]
02-11 11:10:25.624   669   669 I sscrpcd : vendor/qcom/proprietary/adsprpc/src/fastrpc_pm.c:85: fastrpc_wake_lock_init done for sscrpcd:669
02-11 11:10:25.624   669   669 I sscrpcd : vendor/qcom/proprietary/adsprpc/src/fastrpc_apps_user.c:1724: wakelock_control: enabled wakelock control for domain 0
02-11 11:10:25.624   669   669 E sscrpcd : vendor/qcom/proprietary/sensors-see/sscrpcd/src/sscrpcd.cpp:65:fastrpc wakelock control is enabled
02-11 11:10:25.624   669   669 I sscrpcd : vendor/qcom/proprietary/adsprpc/src/fastrpc_apps_user.c:1340: remote_handle_open: Successfully opened handle 0x0 for '":;./\createstaticpd:sensorspd on domain 0
02-11 11:10:25.624   669   669 E sscrpcd : vendor/qcom/proprietary/adsprpc/src/fastrpc_apps_user.c:2861: Error 0x200: apps_dev_init failed for domain 0, errno No such device
02-11 11:10:25.624   669   669 E sscrpcd : vendor/qcom/proprietary/adsprpc/src/fastrpc_apps_user.c:2959: Error 0x200: open_dev (-1) failed for domain 0 (errno No such device)
02-11 11:10:25.624   669   669 E sscrpcd : vendor/qcom/proprietary/adsprpc/src/fastrpc_apps_user.c:1343: Error 0x200: remote_handle_open failed for adsp_default_listener (errno Success)
02-11 11:10:25.624   669   669 E sscrpcd : vendor/qcom/proprietary/sensors-see/sscrpcd/src/sscrpcd.cpp:98:listener exits
02-11 11:10:25.624   669   669 I sscrpcd : vendor/qcom/proprietary/adsprpc/src/rpcmem_android.c:192: rpcmem_deinit_internal: closed ION fd 5
02-11 11:10:25.624   669   669 I sscrpcd : vendor/qcom/proprietary/adsprpc/src/fastrpc_pm.c:116: fastrpc_wake_lock_deinit done
02-11 11:10:25.624   669   669 I sscrpcd : vendor/qcom/proprietary/adsprpc/src/fastrpc_apps_user.c:3010: fastrpc_apps_user_deinit done
02-11 11:10:25.624   669   669 E sscrpcd : vendor/qcom/proprietary/sensors-see/sscrpcd/src/sscrpcd.cpp:109:sscrpcd daemon will restart after 25ms...
02-11 11:10:25.642   833   833 I flags_health_check: ServerConfigurableFlagsReset reset_mode value: 0
02-11 11:10:25.642   833   833 I flags_health_check: ServerConfigurableFlagsReset attempted boot count is under threshold, skipping reset.
02-11 11:10:25.651   669   669 I sscrpcd : vendor/qcom/proprietary/adsprpc/src/rpcmem_android.c:159: rpcmem_init_internal: opened ION device fd 5, configured heap IDs: system (0x2000000), contig (0x10), secure (0x400), secure flags (0x80080000)
02-11 11:10:25.651   669   669 I sscrpcd : vendor/qcom/proprietary/adsprpc/src/fastrpc_apps_user.c:3078: fastrpc_apps_user_init done with default domain:0 and &fastrpc_trace:0x72cbb19fa0
02-11 11:10:25.651   669   669 E sscrpcd : vendor/qcom/proprietary/sensors-see/sscrpcd/src/sscrpcd.cpp:94:adsp_default_listener_start called for [sensorspd]
02-11 11:10:25.651   669   669 I sscrpcd : vendor/qcom/proprietary/adsprpc/src/fastrpc_pm.c:85: fastrpc_wake_lock_init done for sscrpcd:669
02-11 11:10:25.651   669   669 I sscrpcd : vendor/qcom/proprietary/adsprpc/src/fastrpc_apps_user.c:1724: wakelock_control: enabled wakelock control for domain 0
02-11 11:10:25.651   669   669 E sscrpcd : vendor/qcom/proprietary/sensors-see/sscrpcd/src/sscrpcd.cpp:65:fastrpc wakelock control is enabled
02-11 11:10:25.651   669   669 I sscrpcd : vendor/qcom/proprietary/adsprpc/src/fastrpc_apps_user.c:1340: remote_handle_open: Successfully opened handle 0x0 for '":;./\createstaticpd:sensorspd on domain 0
02-11 11:10:25.651   669   669 E sscrpcd : vendor/qcom/proprietary/adsprpc/src/fastrpc_apps_user.c:2861: Error 0x200: apps_dev_init failed for domain 0, errno No such device
02-11 11:10:25.651   669   669 E sscrpcd : vendor/qcom/proprietary/adsprpc/src/fastrpc_apps_user.c:2959: Error 0x200: open_dev (-1) failed for domain 0 (errno No such device)
02-11 11:10:25.651   669   669 E sscrpcd : vendor/qcom/proprietary/adsprpc/src/fastrpc_apps_user.c:1343: Error 0x200: remote_handle_open failed for adsp_default_listener (errno Success)
02-11 11:10:25.651   669   669 E sscrpcd : vendor/qcom/proprietary/sensors-see/sscrpcd/src/sscrpcd.cpp:98:listener exits
02-11 11:10:25.651   669   669 I sscrpcd : vendor/qcom/proprietary/adsprpc/src/rpcmem_android.c:192: rpcmem_deinit_internal: closed ION fd 5
02-11 11:10:25.651   669   669 I sscrpcd : vendor/qcom/proprietary/adsprpc/src/fastrpc_pm.c:116: fastrpc_wake_lock_deinit done
02-11 11:10:25.651   669   669 I sscrpcd : vendor/qcom/proprietary/adsprpc/src/fastrpc_apps_user.c:3010: fastrpc_apps_user_deinit done
02-11 11:10:25.651   669   669 E sscrpcd : vendor/qcom/proprietary/sensors-see/sscrpcd/src/sscrpcd.cpp:109:sscrpcd daemon will restart after 25ms...
02-11 11:10:25.665   819   819 I IPAHALService: makeIPAHAL(1, provided)
02-11 11:10:25.667   837   837 D LibBpfLoader: Loading optional ELF object /apex/com.android.tethering/etc/bpf/test.o with license Apache 2.0
02-11 11:10:25.667   837   837 I LibBpfLoader: Section bpfloader_min_ver value is 0 [0x0]
02-11 11:10:25.667   837   837 I LibBpfLoader: Section bpfloader_max_ver value is 65536 [0x10000]
02-11 11:10:25.667   837   837 I LibBpfLoader: Section size_of_bpf_map_def value is 48 [0x30]
02-11 11:10:25.667   837   837 I LibBpfLoader: Section size_of_bpf_prog_def value is 28 [0x1c]
02-11 11:10:25.667   837   837 I LibBpfLoader: BpfLoader version 0x00002 processing ELF object /apex/com.android.tethering/etc/bpf/test.o with ver [0x00000,0x10000)
02-11 11:10:25.667   819   819 I HidlServiceManagement: Registered android.hardware.tetheroffload.control@1.0::IOffloadControl/default (start delay of 106ms)
02-11 11:10:25.667   819   819 I IPAHALService: Successfully registered IOffloadControl
02-11 11:10:25.667   837   837 D LibBpfLoader: Loaded code section 3 (xdp_drop_ipv4_udp_ether)
02-11 11:10:25.667   837   837 D LibBpfLoader: Adding section 3 to cs list
02-11 11:10:25.667   837   837 D LibBpfLoader: bpf_create_map name tether_downstream6_map, ret: 7
02-11 11:10:25.668   837   837 D LibBpfLoader: map_fd found at 0 is 7 in /apex/com.android.tethering/etc/bpf/test.o
02-11 11:10:25.668   837   837 D LibBpfLoader: cs[0].name:xdp_drop_ipv4_udp_ether min_kver:5090000 .max_kver:ffffffff (kvers:5040093)
02-11 11:10:25.668   837   837 I bpfloader: Loaded object: /apex/com.android.tethering/etc/bpf/test.o
02-11 11:10:25.668   819   819 I HidlServiceManagement: Registered android.hardware.tetheroffload.config@1.0::IOffloadConfig/default (start delay of 108ms)
02-11 11:10:25.668   819   819 I IPAHALService: Successfully registered IOffloadConfig
02-11 11:10:25.669   837   837 D LibBpfLoader: Loading critical for tethering ELF object /apex/com.android.tethering/etc/bpf/offload.o with license Apache 2.0
02-11 11:10:25.669   837   837 I LibBpfLoader: Section bpfloader_min_ver value is 0 [0x0]
02-11 11:10:25.669   837   837 I LibBpfLoader: Section bpfloader_max_ver value is 65536 [0x10000]
02-11 11:10:25.669   837   837 I LibBpfLoader: Section size_of_bpf_map_def value is 48 [0x30]
02-11 11:10:25.669   837   837 I LibBpfLoader: Section size_of_bpf_prog_def value is 28 [0x1c]
02-11 11:10:25.669   837   837 I LibBpfLoader: BpfLoader version 0x00002 processing ELF object /apex/com.android.tethering/etc/bpf/offload.o with ver [0x00000,0x10000)
02-11 11:10:25.671   837   837 D LibBpfLoader: Loaded code section 3 (schedcls_tether_downstream6_ether)
02-11 11:10:25.671   837   837 D LibBpfLoader: Loaded relo section 3 (.relschedcls/tether_downstream6_ether)
02-11 11:10:25.671   837   837 D LibBpfLoader: Adding section 3 to cs list
02-11 11:10:25.671   837   837 D LibBpfLoader: Loaded code section 5 (schedcls_tether_upstream6_ether)
02-11 11:10:25.671   837   837 D LibBpfLoader: Loaded relo section 5 (.relschedcls/tether_upstream6_ether)
02-11 11:10:25.671   837   837 D LibBpfLoader: Adding section 5 to cs list
02-11 11:10:25.671   837   837 D LibBpfLoader: Loaded code section 7 (schedcls_tether_downstream6_rawip$5_4)
02-11 11:10:25.672   837   837 D LibBpfLoader: Loaded relo section 7 (.relschedcls/tether_downstream6_rawip$5_4)
02-11 11:10:25.672   837   837 D LibBpfLoader: Adding section 7 to cs list
02-11 11:10:25.672   837   837 D LibBpfLoader: Loaded code section 9 (schedcls_tether_upstream6_rawip$5_4)
02-11 11:10:25.672   837   837 D LibBpfLoader: Loaded relo section 9 (.relschedcls/tether_upstream6_rawip$5_4)
02-11 11:10:25.672   837   837 D LibBpfLoader: Adding section 9 to cs list
02-11 11:10:25.672   837   837 D LibBpfLoader: Loaded code section 11 (schedcls_tether_downstream6_rawip$4_14)
02-11 11:10:25.672   837   837 D LibBpfLoader: Loaded relo section 11 (.relschedcls/tether_downstream6_rawip$4_14)
02-11 11:10:25.672   837   837 D LibBpfLoader: Adding section 11 to cs list
02-11 11:10:25.672   837   837 D LibBpfLoader: Loaded code section 13 (schedcls_tether_upstream6_rawip$4_14)
02-11 11:10:25.673   837   837 D LibBpfLoader: Loaded relo section 13 (.relschedcls/tether_upstream6_rawip$4_14)
02-11 11:10:25.673   837   837 D LibBpfLoader: Adding section 13 to cs list
02-11 11:10:25.673   837   837 D LibBpfLoader: Loaded code section 15 (schedcls_tether_downstream6_rawip$stub)
02-11 11:10:25.673   837   837 D LibBpfLoader: Adding section 15 to cs list
02-11 11:10:25.673   837   837 D LibBpfLoader: Loaded code section 16 (schedcls_tether_upstream6_rawip$stub)
02-11 11:10:25.673   837   837 D LibBpfLoader: Adding section 16 to cs list
02-11 11:10:25.673   837   837 D LibBpfLoader: Loaded code section 17 (schedcls_tether_downstream4_rawip$5_8)
02-11 11:10:25.674   837   837 D LibBpfLoader: Loaded relo section 17 (.relschedcls/tether_downstream4_rawip$5_8)
02-11 11:10:25.674   837   837 D LibBpfLoader: Adding section 17 to cs list
02-11 11:10:25.674   837   837 D LibBpfLoader: Loaded code section 19 (schedcls_tether_upstream4_rawip$5_8)
02-11 11:10:25.674   837   837 D LibBpfLoader: Loaded relo section 19 (.relschedcls/tether_upstream4_rawip$5_8)
02-11 11:10:25.674   837   837 D LibBpfLoader: Adding section 19 to cs list
