02-11 11:10:25.696   837   837 D LibBpfLoader: applying relo to instruction at byte offset: 1256, 	       insn offset 157 , insn 118
02-11 11:10:25.696   837   837 D LibBpfLoader: applying relo to instruction at byte offset: 1352, 	       insn offset 169 , insn 118
02-11 11:10:25.696   837   837 D LibBpfLoader: applying relo to instruction at byte offset: 1528, 	       insn offset 191 , insn 118
02-11 11:10:25.696   837   837 D LibBpfLoader: applying relo to instruction at byte offset: 1608, 	       insn offset 201 , insn 118
02-11 11:10:25.696   837   837 D LibBpfLoader: applying relo to instruction at byte offset: 1680, 	       insn offset 210 , insn 118
02-11 11:10:25.696   837   837 D LibBpfLoader: applying relo to instruction at byte offset: 1760, 	       insn offset 220 , insn 118
02-11 11:10:25.696   837   837 D LibBpfLoader: applying relo to instruction at byte offset: 1824, 	       insn offset 228 , insn 118
02-11 11:10:25.696   837   837 D LibBpfLoader: applying relo to instruction at byte offset: 1912, 	       insn offset 239 , insn 118
02-11 11:10:25.697   837   837 D LibBpfLoader: applying relo to instruction at byte offset: 2184, 	       insn offset 273 , insn 118
02-11 11:10:25.697   837   837 D LibBpfLoader: applying relo to instruction at byte offset: 2336, 	       insn offset 292 , insn 118
02-11 11:10:25.697   837   837 D LibBpfLoader: applying relo to instruction at byte offset: 2480, 	       insn offset 310 , insn 118
02-11 11:10:25.697   837   837 D LibBpfLoader: applying relo to instruction at byte offset: 304, 	       insn offset 38 , insn 118
02-11 11:10:25.697   837   837 D LibBpfLoader: applying relo to instruction at byte offset: 696, 	       insn offset 87 , insn 118
02-11 11:10:25.697   837   837 D LibBpfLoader: applying relo to instruction at byte offset: 768, 	       insn offset 96 , insn 118
02-11 11:10:25.697   837   837 D LibBpfLoader: applying relo to instruction at byte offset: 840, 	       insn offset 105 , insn 118
02-11 11:10:25.697   837   837 D LibBpfLoader: applying relo to instruction at byte offset: 928, 	       insn offset 116 , insn 118
02-11 11:10:25.697   837   837 D LibBpfLoader: applying relo to instruction at byte offset: 1016, 	       insn offset 127 , insn 118
02-11 11:10:25.697   837   837 D LibBpfLoader: applying relo to instruction at byte offset: 1112, 	       insn offset 139 , insn 118
02-11 11:10:25.697   837   837 D LibBpfLoader: applying relo to instruction at byte offset: 1240, 	       insn offset 155 , insn 118
02-11 11:10:25.697   837   837 D LibBpfLoader: applying relo to instruction at byte offset: 1312, 	       insn offset 164 , insn 118
02-11 11:10:25.697   837   837 D LibBpfLoader: applying relo to instruction at byte offset: 1408, 	       insn offset 176 , insn 118
02-11 11:10:25.697   837   837 D LibBpfLoader: applying relo to instruction at byte offset: 1696, 	       insn offset 212 , insn 118
02-11 11:10:25.697   837   837 D LibBpfLoader: applying relo to instruction at byte offset: 1776, 	       insn offset 222 , insn 118
02-11 11:10:25.697   837   837 D LibBpfLoader: applying relo to instruction at byte offset: 1848, 	       insn offset 231 , insn 118
02-11 11:10:25.697   837   837 D LibBpfLoader: applying relo to instruction at byte offset: 1928, 	       insn offset 241 , insn 118
02-11 11:10:25.697   837   837 D LibBpfLoader: applying relo to instruction at byte offset: 1992, 	       insn offset 249 , insn 118
02-11 11:10:25.697   837   837 D LibBpfLoader: applying relo to instruction at byte offset: 2080, 	       insn offset 260 , insn 118
02-11 11:10:25.697   837   837 D LibBpfLoader: applying relo to instruction at byte offset: 2376, 	       insn offset 297 , insn 118
02-11 11:10:25.697   837   837 D LibBpfLoader: applying relo to instruction at byte offset: 304, 	       insn offset 38 , insn 118
02-11 11:10:25.697   837   837 D LibBpfLoader: applying relo to instruction at byte offset: 696, 	       insn offset 87 , insn 118
02-11 11:10:25.697   837   837 D LibBpfLoader: applying relo to instruction at byte offset: 768, 	       insn offset 96 , insn 118
02-11 11:10:25.697   837   837 D LibBpfLoader: applying relo to instruction at byte offset: 840, 	       insn offset 105 , insn 118
02-11 11:10:25.697   837   837 D LibBpfLoader: applying relo to instruction at byte offset: 928, 	       insn offset 116 , insn 118
02-11 11:10:25.697   837   837 D LibBpfLoader: applying relo to instruction at byte offset: 1016, 	       insn offset 127 , insn 118
02-11 11:10:25.697   837   837 D LibBpfLoader: applying relo to instruction at byte offset: 1112, 	       insn offset 139 , insn 118
02-11 11:10:25.697   837   837 D LibBpfLoader: applying relo to instruction at byte offset: 1240, 	       insn offset 155 , insn 118
02-11 11:10:25.697   837   837 D LibBpfLoader: applying relo to instruction at byte offset: 1312, 	       insn offset 164 , insn 118
02-11 11:10:25.697   837   837 D LibBpfLoader: applying relo to instruction at byte offset: 1408, 	       insn offset 176 , insn 118
02-11 11:10:25.697   837   837 D LibBpfLoader: applying relo to instruction at byte offset: 1696, 	       insn offset 212 , insn 118
02-11 11:10:25.697   837   837 D LibBpfLoader: applying relo to instruction at byte offset: 1776, 	       insn offset 222 , insn 118
02-11 11:10:25.697   837   837 D LibBpfLoader: applying relo to instruction at byte offset: 1848, 	       insn offset 231 , insn 118
02-11 11:10:25.697   837   837 D LibBpfLoader: applying relo to instruction at byte offset: 1928, 	       insn offset 241 , insn 118
02-11 11:10:25.697   837   837 D LibBpfLoader: applying relo to instruction at byte offset: 1992, 	       insn offset 249 , insn 118
02-11 11:10:25.697   837   837 D LibBpfLoader: applying relo to instruction at byte offset: 2080, 	       insn offset 260 , insn 118
02-11 11:10:25.697   837   837 D LibBpfLoader: applying relo to instruction at byte offset: 2376, 	       insn offset 297 , insn 118
02-11 11:10:25.697   837   837 D LibBpfLoader: cs[0].name:schedcls_tether_downstream6_ether min_kver:0 .max_kver:ffffffff (kvers:5040093)
02-11 11:10:25.697   837   837 D LibBpfLoader: cs[0].name:schedcls_tether_downstream6_ether requires bpfloader version [0x00000,0x10000)
02-11 11:10:25.698   837   837 D LibBpfLoader: bpf_prog_load lib call for /apex/com.android.tethering/etc/bpf/offload.o (schedcls_tether_downstream6_ether) returned fd: 16 (no error)
02-11 11:10:25.698   837   837 D LibBpfLoader: cs[1].name:schedcls_tether_upstream6_ether min_kver:0 .max_kver:ffffffff (kvers:5040093)
02-11 11:10:25.698   837   837 D LibBpfLoader: cs[1].name:schedcls_tether_upstream6_ether requires bpfloader version [0x00000,0x10000)
02-11 11:10:25.699   837   837 D LibBpfLoader: bpf_prog_load lib call for /apex/com.android.tethering/etc/bpf/offload.o (schedcls_tether_upstream6_ether) returned fd: 17 (no error)
02-11 11:10:25.699   837   837 D LibBpfLoader: cs[2].name:schedcls_tether_downstream6_rawip$5_4 min_kver:5040000 .max_kver:ffffffff (kvers:5040093)
02-11 11:10:25.699   837   837 D LibBpfLoader: cs[2].name:schedcls_tether_downstream6_rawip$5_4 requires bpfloader version [0x00000,0x10000)
02-11 11:10:25.699   837   837 D LibBpfLoader: bpf_prog_load lib call for /apex/com.android.tethering/etc/bpf/offload.o (schedcls_tether_downstream6_rawip$5_4) returned fd: 18 (no error)
02-11 11:10:25.699   837   837 D LibBpfLoader: cs[3].name:schedcls_tether_upstream6_rawip$5_4 min_kver:5040000 .max_kver:ffffffff (kvers:5040093)
02-11 11:10:25.699   837   837 D LibBpfLoader: cs[3].name:schedcls_tether_upstream6_rawip$5_4 requires bpfloader version [0x00000,0x10000)
02-11 11:10:25.700   837   837 D LibBpfLoader: bpf_prog_load lib call for /apex/com.android.tethering/etc/bpf/offload.o (schedcls_tether_upstream6_rawip$5_4) returned fd: 19 (no error)
02-11 11:10:25.700   837   837 D LibBpfLoader: cs[4].name:schedcls_tether_downstream6_rawip$4_14 min_kver:40e0000 .max_kver:5040000 (kvers:5040093)
02-11 11:10:25.700   837   837 D LibBpfLoader: cs[5].name:schedcls_tether_upstream6_rawip$4_14 min_kver:40e0000 .max_kver:5040000 (kvers:5040093)
02-11 11:10:25.700   837   837 D LibBpfLoader: cs[6].name:schedcls_tether_downstream6_rawip$stub min_kver:0 .max_kver:5040000 (kvers:5040093)
02-11 11:10:25.700   837   837 D LibBpfLoader: cs[7].name:schedcls_tether_upstream6_rawip$stub min_kver:0 .max_kver:5040000 (kvers:5040093)
02-11 11:10:25.700   837   837 D LibBpfLoader: cs[8].name:schedcls_tether_downstream4_rawip$5_8 min_kver:5080000 .max_kver:ffffffff (kvers:5040093)
02-11 11:10:25.700   837   837 D LibBpfLoader: cs[9].name:schedcls_tether_upstream4_rawip$5_8 min_kver:5080000 .max_kver:ffffffff (kvers:5040093)
02-11 11:10:25.700   837   837 D LibBpfLoader: cs[10].name:schedcls_tether_downstream4_ether$5_8 min_kver:5080000 .max_kver:ffffffff (kvers:5040093)
02-11 11:10:25.700   837   837 D LibBpfLoader: cs[11].name:schedcls_tether_upstream4_ether$5_8 min_kver:5080000 .max_kver:ffffffff (kvers:5040093)
02-11 11:10:25.700   837   837 D LibBpfLoader: cs[12].name:schedcls_tether_downstream4_rawip$opt min_kver:40e0000 .max_kver:5080000 (kvers:5040093)
02-11 11:10:25.700   837   837 D LibBpfLoader: cs[12].name:schedcls_tether_downstream4_rawip$opt requires bpfloader version [0x00000,0x10000)
02-11 11:10:25.700   837   837 D LibBpfLoader: bpf_prog_load lib call for /apex/com.android.tethering/etc/bpf/offload.o (schedcls_tether_downstream4_rawip$opt) returned fd: 20 (no error)
02-11 11:10:25.701   837   837 D LibBpfLoader: cs[13].name:schedcls_tether_upstream4_rawip$opt min_kver:40e0000 .max_kver:5080000 (kvers:5040093)
02-11 11:10:25.701   837   837 D LibBpfLoader: cs[13].name:schedcls_tether_upstream4_rawip$opt requires bpfloader version [0x00000,0x10000)
02-11 11:10:25.701   837   837 D LibBpfLoader: bpf_prog_load lib call for /apex/com.android.tethering/etc/bpf/offload.o (schedcls_tether_upstream4_rawip$opt) returned fd: 21 (no error)
02-11 11:10:25.701   837   837 D LibBpfLoader: cs[14].name:schedcls_tether_downstream4_ether$opt min_kver:40e0000 .max_kver:5080000 (kvers:5040093)
02-11 11:10:25.701   837   837 D LibBpfLoader: cs[14].name:schedcls_tether_downstream4_ether$opt requires bpfloader version [0x00000,0x10000)
02-11 11:10:25.702   837   837 D LibBpfLoader: bpf_prog_load lib call for /apex/com.android.tethering/etc/bpf/offload.o (schedcls_tether_downstream4_ether$opt) returned fd: 22 (no error)
02-11 11:10:25.702   837   837 D LibBpfLoader: cs[15].name:schedcls_tether_upstream4_ether$opt min_kver:40e0000 .max_kver:5080000 (kvers:5040093)
02-11 11:10:25.702   837   837 D LibBpfLoader: cs[15].name:schedcls_tether_upstream4_ether$opt requires bpfloader version [0x00000,0x10000)
02-11 11:10:25.703   837   837 D LibBpfLoader: bpf_prog_load lib call for /apex/com.android.tethering/etc/bpf/offload.o (schedcls_tether_upstream4_ether$opt) returned fd: 23 (no error)
02-11 11:10:25.703   837   837 D LibBpfLoader: cs[16].name:schedcls_tether_downstream4_rawip$5_4 min_kver:5040000 .max_kver:5080000 (kvers:5040093)
02-11 11:10:25.703   837   837 D LibBpfLoader: cs[16].name:schedcls_tether_downstream4_rawip$5_4 requires bpfloader version [0x00000,0x10000)
02-11 11:10:25.703   837   837 D LibBpfLoader: New bpf prog load reusing prog /sys/fs/bpf/tethering/prog_offload_schedcls_tether_downstream4_rawip, ret: 24 (no error)
02-11 11:10:25.703   837   837 D LibBpfLoader: cs[17].name:schedcls_tether_upstream4_rawip$5_4 min_kver:5040000 .max_kver:5080000 (kvers:5040093)
02-11 11:10:25.703   837   837 D LibBpfLoader: cs[17].name:schedcls_tether_upstream4_rawip$5_4 requires bpfloader version [0x00000,0x10000)
02-11 11:10:25.703   837   837 D LibBpfLoader: New bpf prog load reusing prog /sys/fs/bpf/tethering/prog_offload_schedcls_tether_upstream4_rawip, ret: 25 (no error)
02-11 11:10:25.703   837   837 D LibBpfLoader: cs[18].name:schedcls_tether_downstream4_rawip$4_14 min_kver:40e0000 .max_kver:5040000 (kvers:5040093)
02-11 11:10:25.703   837   837 D LibBpfLoader: cs[19].name:schedcls_tether_upstream4_rawip$4_14 min_kver:40e0000 .max_kver:5040000 (kvers:5040093)
02-11 11:10:25.703   837   837 D LibBpfLoader: cs[20].name:schedcls_tether_downstream4_ether$4_14 min_kver:40e0000 .max_kver:5080000 (kvers:5040093)
02-11 11:10:25.703   837   837 D LibBpfLoader: cs[20].name:schedcls_tether_downstream4_ether$4_14 requires bpfloader version [0x00000,0x10000)
02-11 11:10:25.703   837   837 D LibBpfLoader: New bpf prog load reusing prog /sys/fs/bpf/tethering/prog_offload_schedcls_tether_downstream4_ether, ret: 26 (no error)
02-11 11:10:25.703   837   837 D LibBpfLoader: cs[21].name:schedcls_tether_upstream4_ether$4_14 min_kver:40e0000 .max_kver:5080000 (kvers:5040093)
02-11 11:10:25.703   837   837 D LibBpfLoader: cs[21].name:schedcls_tether_upstream4_ether$4_14 requires bpfloader version [0x00000,0x10000)
02-11 11:10:25.703   837   837 D LibBpfLoader: New bpf prog load reusing prog /sys/fs/bpf/tethering/prog_offload_schedcls_tether_upstream4_ether, ret: 27 (no error)
02-11 11:10:25.703   837   837 D LibBpfLoader: cs[22].name:schedcls_tether_downstream4_rawip$stub min_kver:0 .max_kver:5040000 (kvers:5040093)
02-11 11:10:25.703   837   837 D LibBpfLoader: cs[23].name:schedcls_tether_upstream4_rawip$stub min_kver:0 .max_kver:5040000 (kvers:5040093)
02-11 11:10:25.703   837   837 D LibBpfLoader: cs[24].name:schedcls_tether_downstream4_ether$stub min_kver:0 .max_kver:40e0000 (kvers:5040093)
02-11 11:10:25.703   837   837 D LibBpfLoader: cs[25].name:schedcls_tether_upstream4_ether$stub min_kver:0 .max_kver:40e0000 (kvers:5040093)
02-11 11:10:25.703   837   837 D LibBpfLoader: cs[26].name:xdp_tether_downstream_ether min_kver:5090000 .max_kver:ffffffff (kvers:5040093)
02-11 11:10:25.703   837   837 D LibBpfLoader: cs[27].name:xdp_tether_downstream_rawip min_kver:5090000 .max_kver:ffffffff (kvers:5040093)
02-11 11:10:25.703   837   837 D LibBpfLoader: cs[28].name:xdp_tether_upstream_ether min_kver:5090000 .max_kver:ffffffff (kvers:5040093)
02-11 11:10:25.703   837   837 D LibBpfLoader: cs[29].name:xdp_tether_upstream_rawip min_kver:5090000 .max_kver:ffffffff (kvers:5040093)
02-11 11:10:25.703   837   837 I bpfloader: Loaded object: /apex/com.android.tethering/etc/bpf/offload.o
02-11 11:10:25.704   669   669 I sscrpcd : vendor/qcom/proprietary/adsprpc/src/rpcmem_android.c:159: rpcmem_init_internal: opened ION device fd 5, configured heap IDs: system (0x2000000), contig (0x10), secure (0x400), secure flags (0x80080000)
02-11 11:10:25.704   669   669 I sscrpcd : vendor/qcom/proprietary/adsprpc/src/fastrpc_apps_user.c:3078: fastrpc_apps_user_init done with default domain:0 and &fastrpc_trace:0x72c8dd1fa0
02-11 11:10:25.704   669   669 E sscrpcd : vendor/qcom/proprietary/sensors-see/sscrpcd/src/sscrpcd.cpp:94:adsp_default_listener_start called for [sensorspd]
02-11 11:10:25.704   669   669 I sscrpcd : vendor/qcom/proprietary/adsprpc/src/fastrpc_pm.c:85: fastrpc_wake_lock_init done for sscrpcd:669
02-11 11:10:25.704   669   669 I sscrpcd : vendor/qcom/proprietary/adsprpc/src/fastrpc_apps_user.c:1724: wakelock_control: enabled wakelock control for domain 0
02-11 11:10:25.704   669   669 E sscrpcd : vendor/qcom/proprietary/sensors-see/sscrpcd/src/sscrpcd.cpp:65:fastrpc wakelock control is enabled
02-11 11:10:25.704   669   669 I sscrpcd : vendor/qcom/proprietary/adsprpc/src/fastrpc_apps_user.c:1340: remote_handle_open: Successfully opened handle 0x0 for '":;./\createstaticpd:sensorspd on domain 0
02-11 11:10:25.704   669   669 E sscrpcd : vendor/qcom/proprietary/adsprpc/src/fastrpc_apps_user.c:2861: Error 0x200: apps_dev_init failed for domain 0, errno No such device
02-11 11:10:25.704   669   669 E sscrpcd : vendor/qcom/proprietary/adsprpc/src/fastrpc_apps_user.c:2959: Error 0x200: open_dev (-1) failed for domain 0 (errno No such device)
02-11 11:10:25.704   669   669 E sscrpcd : vendor/qcom/proprietary/adsprpc/src/fastrpc_apps_user.c:1343: Error 0x200: remote_handle_open failed for adsp_default_listener (errno Success)
02-11 11:10:25.704   669   669 E sscrpcd : vendor/qcom/proprietary/sensors-see/sscrpcd/src/sscrpcd.cpp:98:listener exits
02-11 11:10:25.704   669   669 I sscrpcd : vendor/qcom/proprietary/adsprpc/src/rpcmem_android.c:192: rpcmem_deinit_internal: closed ION fd 5
02-11 11:10:25.704   669   669 I sscrpcd : vendor/qcom/proprietary/adsprpc/src/fastrpc_pm.c:116: fastrpc_wake_lock_deinit done
02-11 11:10:25.704   669   669 I sscrpcd : vendor/qcom/proprietary/adsprpc/src/fastrpc_apps_user.c:3010: fastrpc_apps_user_deinit done
02-11 11:10:25.704   669   669 E sscrpcd : vendor/qcom/proprietary/sensors-see/sscrpcd/src/sscrpcd.cpp:109:sscrpcd daemon will restart after 25ms...
06-13 02:54:52.250     0     0 I QG-K    : qg_somc_jeita_step_charge_work: [NotCharging] condition=3, chip->target_idx=10
02-11 11:10:25.715   837   837 D LibBpfLoader: Loading optional ELF object /system/etc/bpf/gpu_mem.o with license Apache 2.0
02-11 11:10:25.715   837   837 I LibBpfLoader: Section bpfloader_min_ver value is 0 [0x0]
02-11 11:10:25.715   837   837 I LibBpfLoader: Section bpfloader_max_ver value is 65536 [0x10000]
02-11 11:10:25.715   837   837 I LibBpfLoader: Section size_of_bpf_map_def value is 48 [0x30]
02-11 11:10:25.715   837   837 I LibBpfLoader: Section size_of_bpf_prog_def value is 28 [0x1c]
02-11 11:10:25.715   837   837 I LibBpfLoader: BpfLoader version 0x00002 processing ELF object /system/etc/bpf/gpu_mem.o with ver [0x00000,0x10000)
02-11 11:10:25.715   837   837 D LibBpfLoader: Loaded code section 3 (tracepoint_gpu_mem_gpu_mem_total)
02-11 11:10:25.716   837   837 D LibBpfLoader: Loaded relo section 3 (.reltracepoint/gpu_mem/gpu_mem_total)
02-11 11:10:25.716   837   837 D LibBpfLoader: Adding section 3 to cs list
02-11 11:10:25.716   837   837 D LibBpfLoader: bpf_create_map name gpu_mem_total_map, ret: 7
02-11 11:10:25.716   837   837 D LibBpfLoader: map_fd found at 0 is 7 in /system/etc/bpf/gpu_mem.o
02-11 11:10:25.716   837   837 D LibBpfLoader: applying relo to instruction at byte offset: 80, 	       insn offset 10 , insn 118
02-11 11:10:25.716   837   837 D LibBpfLoader: applying relo to instruction at byte offset: 128, 	       insn offset 16 , insn 118
02-11 11:10:25.716   837   837 D LibBpfLoader: applying relo to instruction at byte offset: 208, 	       insn offset 26 , insn 118
02-11 11:10:25.716   837   837 D LibBpfLoader: cs[0].name:tracepoint_gpu_mem_gpu_mem_total min_kver:0 .max_kver:ffffffff (kvers:5040093)
02-11 11:10:25.716   837   837 D LibBpfLoader: cs[0].name:tracepoint_gpu_mem_gpu_mem_total requires bpfloader version [0x00000,0x10000)
02-11 11:10:25.716   837   837 D LibBpfLoader: bpf_prog_load lib call for /system/etc/bpf/gpu_mem.o (tracepoint_gpu_mem_gpu_mem_total) returned fd: 8 (no error)
02-11 11:10:25.716   837   837 I bpfloader: Loaded object: /system/etc/bpf/gpu_mem.o
02-11 11:10:25.717   837   837 D LibBpfLoader: Loading critical for netd ELF object /system/etc/bpf/netd.o with license Apache 2.0
02-11 11:10:25.717   837   837 I LibBpfLoader: Section bpfloader_min_ver value is 0 [0x0]
02-11 11:10:25.717   837   837 I LibBpfLoader: Section bpfloader_max_ver value is 65536 [0x10000]
02-11 11:10:25.717   837   837 I LibBpfLoader: Section size_of_bpf_map_def value is 48 [0x30]
02-11 11:10:25.717   837   837 I LibBpfLoader: Section size_of_bpf_prog_def value is 28 [0x1c]
02-11 11:10:25.717   837   837 I LibBpfLoader: BpfLoader version 0x00002 processing ELF object /system/etc/bpf/netd.o with ver [0x00000,0x10000)
02-11 11:10:25.717   837   837 D LibBpfLoader: Loaded code section 3 (cgroupskb_ingress_stats)
02-11 11:10:25.718   837   837 D LibBpfLoader: Loaded relo section 3 (.relcgroupskb/ingress/stats)
02-11 11:10:25.718   837   837 D LibBpfLoader: Adding section 3 to cs list
02-11 11:10:25.718   837   837 D LibBpfLoader: Loaded code section 5 (cgroupskb_egress_stats)
02-11 11:10:25.718   837   837 D LibBpfLoader: Loaded relo section 5 (.relcgroupskb/egress/stats)
02-11 11:10:25.718   837   837 D LibBpfLoader: Adding section 5 to cs list
02-11 11:10:25.718   837   837 D LibBpfLoader: Loaded code section 7 (skfilter_egress_xtbpf)
02-11 11:10:25.718   837   837 D LibBpfLoader: Loaded relo section 7 (.relskfilter/egress/xtbpf)
02-11 11:10:25.718   837   837 D LibBpfLoader: Adding section 7 to cs list
02-11 11:10:25.718   837   837 D LibBpfLoader: Loaded code section 9 (skfilter_ingress_xtbpf)
02-11 11:10:25.718   837   837 D LibBpfLoader: Loaded relo section 9 (.relskfilter/ingress/xtbpf)
02-11 11:10:25.718   837   837 D LibBpfLoader: Adding section 9 to cs list
02-11 11:10:25.718   837   837 D LibBpfLoader: Loaded code section 11 (skfilter_allowlist_xtbpf)
02-11 11:10:25.719   837   837 D LibBpfLoader: Loaded relo section 11 (.relskfilter/allowlist/xtbpf)
02-11 11:10:25.719   837   837 D LibBpfLoader: Adding section 11 to cs list
02-11 11:10:25.719   837   837 D LibBpfLoader: Loaded code section 13 (skfilter_denylist_xtbpf)
02-11 11:10:25.719   837   837 D LibBpfLoader: Loaded relo section 13 (.relskfilter/denylist/xtbpf)
02-11 11:10:25.719   837   837 D LibBpfLoader: Adding section 13 to cs list
02-11 11:10:25.719   837   837 D LibBpfLoader: Loaded code section 15 (cgroupsock_inet_create)
02-11 11:10:25.719   837   837 D LibBpfLoader: Loaded relo section 15 (.relcgroupsock/inet/create)
02-11 11:10:25.719   837   837 D LibBpfLoader: Adding section 15 to cs list
02-11 11:10:25.720   837   837 D LibBpfLoader: bpf_create_map name cookie_tag_map, ret: 7
02-11 11:10:25.720   837   837 D LibBpfLoader: bpf_create_map name uid_counterset_map, ret: 8
02-11 11:10:25.721   837   837 D LibBpfLoader: bpf_create_map name app_uid_stats_map, ret: 9
02-11 11:10:25.721   837   837 D LibBpfLoader: bpf_create_map name stats_map_A, ret: 10
02-11 11:10:25.722   837   837 D LibBpfLoader: bpf_create_map name stats_map_B, ret: 11
02-11 11:10:25.722   837   837 D LibBpfLoader: bpf_create_map name iface_stats_map, ret: 12
02-11 11:10:25.722   837   837 D LibBpfLoader: bpf_create_map name configuration_map, ret: 13
02-11 11:10:25.722   837   837 D LibBpfLoader: bpf_create_map name uid_owner_map, ret: 14
02-11 11:10:25.722   837   837 D LibBpfLoader: bpf_create_map name iface_index_name_map, ret: 15
02-11 11:10:25.722   837   837 D LibBpfLoader: bpf_create_map name uid_permission_map, ret: 16
02-11 11:10:25.722   837   837 D LibBpfLoader: map_fd found at 0 is 7 in /system/etc/bpf/netd.o
02-11 11:10:25.722   837   837 D LibBpfLoader: map_fd found at 1 is 8 in /system/etc/bpf/netd.o
02-11 11:10:25.722   837   837 D LibBpfLoader: map_fd found at 2 is 9 in /system/etc/bpf/netd.o
02-11 11:10:25.722   837   837 D LibBpfLoader: map_fd found at 3 is 10 in /system/etc/bpf/netd.o
02-11 11:10:25.722   837   837 D LibBpfLoader: map_fd found at 4 is 11 in /system/etc/bpf/netd.o
02-11 11:10:25.722   837   837 D LibBpfLoader: map_fd found at 5 is 12 in /system/etc/bpf/netd.o
02-11 11:10:25.722   837   837 D LibBpfLoader: map_fd found at 6 is 13 in /system/etc/bpf/netd.o
02-11 11:10:25.722   837   837 D LibBpfLoader: map_fd found at 7 is 14 in /system/etc/bpf/netd.o
02-11 11:10:25.722   837   837 D LibBpfLoader: map_fd found at 8 is 15 in /system/etc/bpf/netd.o
02-11 11:10:25.722   837   837 D LibBpfLoader: map_fd found at 9 is 16 in /system/etc/bpf/netd.o
02-11 11:10:25.723   837   837 D LibBpfLoader: applying relo to instruction at byte offset: 472, 	       insn offset 59 , insn 118
02-11 11:10:25.723   837   837 D LibBpfLoader: applying relo to instruction at byte offset: 544, 	       insn offset 68 , insn 118
02-11 11:10:25.723   837   837 D LibBpfLoader: applying relo to instruction at byte offset: 1008, 	       insn offset 126 , insn 118
02-11 11:10:25.723   837   837 D LibBpfLoader: applying relo to instruction at byte offset: 1304, 	       insn offset 163 , insn 118
02-11 11:10:25.723   837   837 D LibBpfLoader: applying relo to instruction at byte offset: 1384, 	       insn offset 173 , insn 118
02-11 11:10:25.723   837   837 D LibBpfLoader: applying relo to instruction at byte offset: 1488, 	       insn offset 186 , insn 118
02-11 11:10:25.723   837   837 D LibBpfLoader: applying relo to instruction at byte offset: 1600, 	       insn offset 200 , insn 118
02-11 11:10:25.723   837   837 D LibBpfLoader: applying relo to instruction at byte offset: 1640, 	       insn offset 205 , insn 118
02-11 11:10:25.723   837   837 D LibBpfLoader: applying relo to instruction at byte offset: 1992, 	       insn offset 249 , insn 118
02-11 11:10:25.723   837   837 D LibBpfLoader: applying relo to instruction at byte offset: 2104, 	       insn offset 263 , insn 118
02-11 11:10:25.723   837   837 D LibBpfLoader: applying relo to instruction at byte offset: 2144, 	       insn offset 268 , insn 118
02-11 11:10:25.723   837   837 D LibBpfLoader: applying relo to instruction at byte offset: 2424, 	       insn offset 303 , insn 118
02-11 11:10:25.723   837   837 D LibBpfLoader: applying relo to instruction at byte offset: 2528, 	       insn offset 316 , insn 118
02-11 11:10:25.723   837   837 D LibBpfLoader: applying relo to instruction at byte offset: 2568, 	       insn offset 321 , insn 118
02-11 11:10:25.723   837   837 D LibBpfLoader: applying relo to instruction at byte offset: 2712, 	       insn offset 339 , insn 118
02-11 11:10:25.723   837   837 D LibBpfLoader: applying relo to instruction at byte offset: 2816, 	       insn offset 352 , insn 118
02-11 11:10:25.723   837   837 D LibBpfLoader: applying relo to instruction at byte offset: 2856, 	       insn offset 357 , insn 118
02-11 11:10:25.723   837   837 D LibBpfLoader: applying relo to instruction at byte offset: 3088, 	       insn offset 386 , insn 118
02-11 11:10:25.723   837   837 D LibBpfLoader: applying relo to instruction at byte offset: 3192, 	       insn offset 399 , insn 118
02-11 11:10:25.723   837   837 D LibBpfLoader: applying relo to instruction at byte offset: 3232, 	       insn offset 404 , insn 118
02-11 11:10:25.723   837   837 D LibBpfLoader: applying relo to instruction at byte offset: 448, 	       insn offset 56 , insn 118
02-11 11:10:25.723   837   837 D LibBpfLoader: applying relo to instruction at byte offset: 520, 	       insn offset 65 , insn 118
02-11 11:10:25.723   837   837 D LibBpfLoader: applying relo to instruction at byte offset: 992, 	       insn offset 124 , insn 118
02-11 11:10:25.723   837   837 D LibBpfLoader: applying relo to instruction at byte offset: 1272, 	       insn offset 159 , insn 118
02-11 11:10:25.723   837   837 D LibBpfLoader: applying relo to instruction at byte offset: 1352, 	       insn offset 169 , insn 118
02-11 11:10:25.723   837   837 D LibBpfLoader: applying relo to instruction at byte offset: 1456, 	       insn offset 182 , insn 118
02-11 11:10:25.723   837   837 D LibBpfLoader: applying relo to instruction at byte offset: 1560, 	       insn offset 195 , insn 118
02-11 11:10:25.723   837   837 D LibBpfLoader: applying relo to instruction at byte offset: 1600, 	       insn offset 200 , insn 118
02-11 11:10:25.723   837   837 D LibBpfLoader: applying relo to instruction at byte offset: 1744, 	       insn offset 218 , insn 118
02-11 11:10:25.723   837   837 D LibBpfLoader: applying relo to instruction at byte offset: 1848, 	       insn offset 231 , insn 118
02-11 11:10:25.723   837   837 D LibBpfLoader: applying relo to instruction at byte offset: 1888, 	       insn offset 236 , insn 118
02-11 11:10:25.723   837   837 D LibBpfLoader: applying relo to instruction at byte offset: 2160, 	       insn offset 270 , insn 118
02-11 11:10:25.723   837   837 D LibBpfLoader: applying relo to instruction at byte offset: 2264, 	       insn offset 283 , insn 118
02-11 11:10:25.723   837   837 D LibBpfLoader: applying relo to instruction at byte offset: 2304, 	       insn offset 288 , insn 118
02-11 11:10:25.723   837   837 D LibBpfLoader: applying relo to instruction at byte offset: 2448, 	       insn offset 306 , insn 118
02-11 11:10:25.723   837   837 D LibBpfLoader: applying relo to instruction at byte offset: 2552, 	       insn offset 319 , insn 118
02-11 11:10:25.723   837   837 D LibBpfLoader: applying relo to instruction at byte offset: 2592, 	       insn offset 324 , insn 118
02-11 11:10:25.723   837   837 D LibBpfLoader: applying relo to instruction at byte offset: 2824, 	       insn offset 353 , insn 118
02-11 11:10:25.723   837   837 D LibBpfLoader: applying relo to instruction at byte offset: 2928, 	       insn offset 366 , insn 118
02-11 11:10:25.723   837   837 D LibBpfLoader: applying relo to instruction at byte offset: 2968, 	       insn offset 371 , insn 118
02-11 11:10:25.723   837   837 D LibBpfLoader: applying relo to instruction at byte offset: 88, 	       insn offset 11 , insn 118
02-11 11:10:25.723   837   837 D LibBpfLoader: applying relo to instruction at byte offset: 192, 	       insn offset 24 , insn 118
02-11 11:10:25.723   837   837 D LibBpfLoader: applying relo to instruction at byte offset: 232, 	       insn offset 29 , insn 118
02-11 11:10:25.723   837   837 D LibBpfLoader: applying relo to instruction at byte offset: 40, 	       insn offset 5 , insn 118
02-11 11:10:25.723   837   837 D LibBpfLoader: applying relo to instruction at byte offset: 144, 	       insn offset 18 , insn 118
02-11 11:10:25.723   837   837 D LibBpfLoader: applying relo to instruction at byte offset: 184, 	       insn offset 23 , insn 118
02-11 11:10:25.723   837   837 D LibBpfLoader: applying relo to instruction at byte offset: 136, 	       insn offset 17 , insn 118
02-11 11:10:25.724   837   837 D LibBpfLoader: applying relo to instruction at byte offset: 32, 	       insn offset 4 , insn 118
02-11 11:10:25.724   837   837 D LibBpfLoader: applying relo to instruction at byte offset: 80, 	       insn offset 10 , insn 118
02-11 11:10:25.724   837   837 D LibBpfLoader: cs[0].name:cgroupskb_ingress_stats min_kver:0 .max_kver:ffffffff (kvers:5040093)
02-11 11:10:25.724   837   837 D LibBpfLoader: cs[0].name:cgroupskb_ingress_stats requires bpfloader version [0x00000,0x10000)
02-11 11:10:25.724   837   837 D LibBpfLoader: bpf_prog_load lib call for /system/etc/bpf/netd.o (cgroupskb_ingress_stats) returned fd: 17 (no error)
02-11 11:10:25.724   837   837 D LibBpfLoader: cs[1].name:cgroupskb_egress_stats min_kver:0 .max_kver:ffffffff (kvers:5040093)
02-11 11:10:25.724   837   837 D LibBpfLoader: cs[1].name:cgroupskb_egress_stats requires bpfloader version [0x00000,0x10000)
02-11 11:10:25.725   837   837 D LibBpfLoader: bpf_prog_load lib call for /system/etc/bpf/netd.o (cgroupskb_egress_stats) returned fd: 18 (no error)
02-11 11:10:25.725   837   837 D LibBpfLoader: cs[2].name:skfilter_egress_xtbpf min_kver:0 .max_kver:ffffffff (kvers:5040093)
02-11 11:10:25.725   837   837 D LibBpfLoader: cs[2].name:skfilter_egress_xtbpf requires bpfloader version [0x00000,0x10000)
02-11 11:10:25.725   837   837 D LibBpfLoader: bpf_prog_load lib call for /system/etc/bpf/netd.o (skfilter_egress_xtbpf) returned fd: 19 (no error)
02-11 11:10:25.725   837   837 D LibBpfLoader: cs[3].name:skfilter_ingress_xtbpf min_kver:0 .max_kver:ffffffff (kvers:5040093)
02-11 11:10:25.725   837   837 D LibBpfLoader: cs[3].name:skfilter_ingress_xtbpf requires bpfloader version [0x00000,0x10000)
02-11 11:10:25.725   837   837 D LibBpfLoader: bpf_prog_load lib call for /system/etc/bpf/netd.o (skfilter_ingress_xtbpf) returned fd: 20 (no error)
02-11 11:10:25.725   837   837 D LibBpfLoader: cs[4].name:skfilter_allowlist_xtbpf min_kver:0 .max_kver:ffffffff (kvers:5040093)
02-11 11:10:25.725   837   837 D LibBpfLoader: cs[4].name:skfilter_allowlist_xtbpf requires bpfloader version [0x00000,0x10000)
02-11 11:10:25.725   837   837 D LibBpfLoader: bpf_prog_load lib call for /system/etc/bpf/netd.o (skfilter_allowlist_xtbpf) returned fd: 21 (no error)
02-11 11:10:25.726   837   837 D LibBpfLoader: cs[5].name:skfilter_denylist_xtbpf min_kver:0 .max_kver:ffffffff (kvers:5040093)
02-11 11:10:25.726   837   837 D LibBpfLoader: cs[5].name:skfilter_denylist_xtbpf requires bpfloader version [0x00000,0x10000)
02-11 11:10:25.726   837   837 D LibBpfLoader: bpf_prog_load lib call for /system/etc/bpf/netd.o (skfilter_denylist_xtbpf) returned fd: 22 (no error)
02-11 11:10:25.726   837   837 D LibBpfLoader: cs[6].name:cgroupsock_inet_create min_kver:40e0000 .max_kver:ffffffff (kvers:5040093)
02-11 11:10:25.726   837   837 D LibBpfLoader: cs[6].name:cgroupsock_inet_create requires bpfloader version [0x00000,0x10000)
02-11 11:10:25.726   837   837 D LibBpfLoader: bpf_prog_load lib call for /system/etc/bpf/netd.o (cgroupsock_inet_create) returned fd: 23 (no error)
02-11 11:10:25.726   837   837 I bpfloader: Loaded object: /system/etc/bpf/netd.o
02-11 11:10:25.727   837   837 D LibBpfLoader: Loading optional ELF object /system/etc/bpf/time_in_state.o with license GPL
02-11 11:10:25.727   837   837 I LibBpfLoader: Section bpfloader_min_ver value is 0 [0x0]
02-11 11:10:25.727   837   837 I LibBpfLoader: Section bpfloader_max_ver value is 65536 [0x10000]
02-11 11:10:25.727   837   837 I LibBpfLoader: Section size_of_bpf_map_def value is 48 [0x30]
02-11 11:10:25.727   837   837 I LibBpfLoader: Section size_of_bpf_prog_def value is 28 [0x1c]
02-11 11:10:25.727   837   837 I LibBpfLoader: BpfLoader version 0x00002 processing ELF object /system/etc/bpf/time_in_state.o with ver [0x00000,0x10000)
02-11 11:10:25.727   837   837 D LibBpfLoader: Loaded code section 3 (tracepoint_sched_sched_switch)
02-11 11:10:25.727   837   837 D LibBpfLoader: Loaded relo section 3 (.reltracepoint/sched/sched_switch)
02-11 11:10:25.727   837   837 D LibBpfLoader: Adding section 3 to cs list
02-11 11:10:25.727   837   837 D LibBpfLoader: Loaded code section 5 (tracepoint_power_cpu_frequency)
02-11 11:10:25.727   837   837 D LibBpfLoader: Loaded relo section 5 (.reltracepoint/power/cpu_frequency)
02-11 11:10:25.727   837   837 D LibBpfLoader: Adding section 5 to cs list
02-11 11:10:25.727   837   837 D LibBpfLoader: Loaded code section 7 (tracepoint_sched_sched_process_free)
02-11 11:10:25.728   837   837 D LibBpfLoader: Loaded relo section 7 (.reltracepoint/sched/sched_process_free)
02-11 11:10:25.728   837   837 D LibBpfLoader: Adding section 7 to cs list
02-11 11:10:25.728   837   837 D LibBpfLoader: bpf_create_map name total_time_in_state_map, ret: 7
02-11 11:10:25.729   837   837 D LibBpfLoader: bpf_create_map name uid_time_in_state_map, ret: 8
02-11 11:10:25.730   669   669 I sscrpcd : vendor/qcom/proprietary/adsprpc/src/rpcmem_android.c:159: rpcmem_init_internal: opened ION device fd 5, configured heap IDs: system (0x2000000), contig (0x10), secure (0x400), secure flags (0x80080000)
02-11 11:10:25.730   669   669 I sscrpcd : vendor/qcom/proprietary/adsprpc/src/fastrpc_apps_user.c:3078: fastrpc_apps_user_init done with default domain:0 and &fastrpc_trace:0x72cba75fa0
02-11 11:10:25.730   837   837 D LibBpfLoader: bpf_create_map name uid_concurrent_times_map, ret: 9
02-11 11:10:25.730   669   669 E sscrpcd : vendor/qcom/proprietary/sensors-see/sscrpcd/src/sscrpcd.cpp:94:adsp_default_listener_start called for [sensorspd]
02-11 11:10:25.730   669   669 I sscrpcd : vendor/qcom/proprietary/adsprpc/src/fastrpc_pm.c:85: fastrpc_wake_lock_init done for sscrpcd:669
02-11 11:10:25.730   669   669 I sscrpcd : vendor/qcom/proprietary/adsprpc/src/fastrpc_apps_user.c:1724: wakelock_control: enabled wakelock control for domain 0
02-11 11:10:25.730   669   669 E sscrpcd : vendor/qcom/proprietary/sensors-see/sscrpcd/src/sscrpcd.cpp:65:fastrpc wakelock control is enabled
02-11 11:10:25.731   669   669 I sscrpcd : vendor/qcom/proprietary/adsprpc/src/fastrpc_apps_user.c:1340: remote_handle_open: Successfully opened handle 0x0 for '":;./\createstaticpd:sensorspd on domain 0
02-11 11:10:25.731   837   837 D LibBpfLoader: bpf_create_map name uid_last_update_map, ret: 10
02-11 11:10:25.731   669   669 E sscrpcd : vendor/qcom/proprietary/adsprpc/src/fastrpc_apps_user.c:2861: Error 0x200: apps_dev_init failed for domain 0, errno No such device
02-11 11:10:25.731   669   669 E sscrpcd : vendor/qcom/proprietary/adsprpc/src/fastrpc_apps_user.c:2959: Error 0x200: open_dev (-1) failed for domain 0 (errno No such device)
02-11 11:10:25.731   837   837 D LibBpfLoader: bpf_create_map name cpu_last_update_map, ret: 11
02-11 11:10:25.731   669   669 E sscrpcd : vendor/qcom/proprietary/adsprpc/src/fastrpc_apps_user.c:1343: Error 0x200: remote_handle_open failed for adsp_default_listener (errno Success)
02-11 11:10:25.731   669   669 E sscrpcd : vendor/qcom/proprietary/sensors-see/sscrpcd/src/sscrpcd.cpp:98:listener exits
02-11 11:10:25.731   837   837 D LibBpfLoader: bpf_create_map name cpu_policy_map, ret: 12
02-11 11:10:25.731   669   669 I sscrpcd : vendor/qcom/proprietary/adsprpc/src/rpcmem_android.c:192: rpcmem_deinit_internal: closed ION fd 5
02-11 11:10:25.731   837   837 D LibBpfLoader: bpf_create_map name policy_freq_idx_map, ret: 13
02-11 11:10:25.731   669   669 I sscrpcd : vendor/qcom/proprietary/adsprpc/src/fastrpc_pm.c:116: fastrpc_wake_lock_deinit done
02-11 11:10:25.731   669   669 I sscrpcd : vendor/qcom/proprietary/adsprpc/src/fastrpc_apps_user.c:3010: fastrpc_apps_user_deinit done
02-11 11:10:25.731   837   837 D LibBpfLoader: bpf_create_map name freq_to_idx_map, ret: 14
02-11 11:10:25.731   837   837 D LibBpfLoader: bpf_create_map name nr_active_map, ret: 15
02-11 11:10:25.731   837   837 D LibBpfLoader: bpf_create_map name policy_nr_active_map, ret: 16
02-11 11:10:25.731   669   669 E sscrpcd : vendor/qcom/proprietary/sensors-see/sscrpcd/src/sscrpcd.cpp:109:sscrpcd daemon will restart after 25ms...
02-11 11:10:25.731   837   837 D LibBpfLoader: bpf_create_map name pid_tracked_hash_map, ret: 17
02-11 11:10:25.731   837   837 D LibBpfLoader: bpf_create_map name pid_tracked_map, ret: 18
02-11 11:10:25.731   837   837 D LibBpfLoader: bpf_create_map name pid_task_aggregation_map, ret: 19
02-11 11:10:25.732   837   837 D LibBpfLoader: bpf_create_map name pid_time_in_state_map, ret: 20
02-11 11:10:25.732   837   837 D LibBpfLoader: map_fd found at 0 is 7 in /system/etc/bpf/time_in_state.o
02-11 11:10:25.732   837   837 D LibBpfLoader: map_fd found at 1 is 8 in /system/etc/bpf/time_in_state.o
02-11 11:10:25.732   837   837 D LibBpfLoader: map_fd found at 2 is 9 in /system/etc/bpf/time_in_state.o
02-11 11:10:25.732   837   837 D LibBpfLoader: map_fd found at 3 is 10 in /system/etc/bpf/time_in_state.o
02-11 11:10:25.732   837   837 D LibBpfLoader: map_fd found at 4 is 11 in /system/etc/bpf/time_in_state.o
02-11 11:10:25.732   837   837 D LibBpfLoader: map_fd found at 5 is 12 in /system/etc/bpf/time_in_state.o
02-11 11:10:25.733   837   837 D LibBpfLoader: map_fd found at 6 is 13 in /system/etc/bpf/time_in_state.o
02-11 11:10:25.733   837   837 D LibBpfLoader: map_fd found at 7 is 14 in /system/etc/bpf/time_in_state.o
02-11 11:10:25.733   837   837 D LibBpfLoader: map_fd found at 8 is 15 in /system/etc/bpf/time_in_state.o
02-11 11:10:25.733   837   837 D LibBpfLoader: map_fd found at 9 is 16 in /system/etc/bpf/time_in_state.o
02-11 11:10:25.733   837   837 D LibBpfLoader: map_fd found at 10 is 17 in /system/etc/bpf/time_in_state.o
02-11 11:10:25.733   837   837 D LibBpfLoader: map_fd found at 11 is 18 in /system/etc/bpf/time_in_state.o
02-11 11:10:25.733   837   837 D LibBpfLoader: map_fd found at 12 is 19 in /system/etc/bpf/time_in_state.o
02-11 11:10:25.733   837   837 D LibBpfLoader: map_fd found at 13 is 20 in /system/etc/bpf/time_in_state.o
02-11 11:10:25.733   837   837 D LibBpfLoader: applying relo to instruction at byte offset: 40, 	       insn offset 5 , insn 118
02-11 11:10:25.733   837   837 D LibBpfLoader: applying relo to instruction at byte offset: 128, 	       insn offset 16 , insn 118
02-11 11:10:25.733   837   837 D LibBpfLoader: applying relo to instruction at byte offset: 200, 	       insn offset 25 , insn 118
02-11 11:10:25.733   837   837 D LibBpfLoader: applying relo to instruction at byte offset: 264, 	       insn offset 33 , insn 118
02-11 11:10:25.733   837   837 D LibBpfLoader: applying relo to instruction at byte offset: 504, 	       insn offset 63 , insn 118
02-11 11:10:25.733   837   837 D LibBpfLoader: applying relo to instruction at byte offset: 640, 	       insn offset 80 , insn 118
02-11 11:10:25.733   837   837 D LibBpfLoader: applying relo to instruction at byte offset: 1000, 	       insn offset 125 , insn 118
02-11 11:10:25.733   837   837 D LibBpfLoader: applying relo to instruction at byte offset: 1040, 	       insn offset 130 , insn 118
02-11 11:10:25.733   837   837 D LibBpfLoader: applying relo to instruction at byte offset: 1216, 	       insn offset 152 , insn 118
02-11 11:10:25.733   837   837 D LibBpfLoader: applying relo to instruction at byte offset: 1344, 	       insn offset 168 , insn 118
02-11 11:10:25.733   837   837 D LibBpfLoader: applying relo to instruction at byte offset: 1440, 	       insn offset 180 , insn 118
02-11 11:10:25.733   837   837 D LibBpfLoader: applying relo to instruction at byte offset: 1536, 	       insn offset 192 , insn 118
02-11 11:10:25.733   837   837 D LibBpfLoader: applying relo to instruction at byte offset: 1864, 	       insn offset 233 , insn 118
02-11 11:10:25.733   837   837 D LibBpfLoader: applying relo to instruction at byte offset: 1904, 	       insn offset 238 , insn 118
02-11 11:10:25.733   837   837 D LibBpfLoader: applying relo to instruction at byte offset: 2080, 	       insn offset 260 , insn 118
02-11 11:10:25.733   837   837 D LibBpfLoader: applying relo to instruction at byte offset: 2288, 	       insn offset 286 , insn 118
02-11 11:10:25.733   837   837 D LibBpfLoader: applying relo to instruction at byte offset: 2328, 	       insn offset 291 , insn 118
02-11 11:10:25.733   837   837 D LibBpfLoader: applying relo to instruction at byte offset: 2504, 	       insn offset 313 , insn 118
02-11 11:10:25.733   837   837 D LibBpfLoader: applying relo to instruction at byte offset: 2712, 	       insn offset 339 , insn 118
02-11 11:10:25.733   837   837 D LibBpfLoader: applying relo to instruction at byte offset: 2752, 	       insn offset 344 , insn 118
02-11 11:10:25.733   837   837 D LibBpfLoader: applying relo to instruction at byte offset: 2864, 	       insn offset 358 , insn 118
02-11 11:10:25.733   837   837 D LibBpfLoader: applying relo to instruction at byte offset: 2952, 	       insn offset 369 , insn 118
02-11 11:10:25.733   837   837 D LibBpfLoader: applying relo to instruction at byte offset: 3056, 	       insn offset 382 , insn 118
02-11 11:10:25.733   837   837 D LibBpfLoader: applying relo to instruction at byte offset: 3160, 	       insn offset 395 , insn 118
02-11 11:10:25.733   837   837 D LibBpfLoader: applying relo to instruction at byte offset: 3264, 	       insn offset 408 , insn 118
02-11 11:10:25.733   837   837 D LibBpfLoader: applying relo to instruction at byte offset: 3368, 	       insn offset 421 , insn 118
02-11 11:10:25.733   837   837 D LibBpfLoader: applying relo to instruction at byte offset: 3472, 	       insn offset 434 , insn 118
02-11 11:10:25.733   837   837 D LibBpfLoader: applying relo to instruction at byte offset: 3576, 	       insn offset 447 , insn 118
02-11 11:10:25.733   837   837 D LibBpfLoader: applying relo to instruction at byte offset: 3688, 	       insn offset 461 , insn 118
02-11 11:10:25.733   837   837 D LibBpfLoader: applying relo to instruction at byte offset: 40, 	       insn offset 5 , insn 118
02-11 11:10:25.733   837   837 D LibBpfLoader: applying relo to instruction at byte offset: 120, 	       insn offset 15 , insn 118
02-11 11:10:25.733   837   837 D LibBpfLoader: applying relo to instruction at byte offset: 200, 	       insn offset 25 , insn 118
02-11 11:10:25.733   837   837 D LibBpfLoader: applying relo to instruction at byte offset: 48, 	       insn offset 6 , insn 118
02-11 11:10:25.733   837   837 D LibBpfLoader: applying relo to instruction at byte offset: 200, 	       insn offset 25 , insn 118
02-11 11:10:25.733   837   837 D LibBpfLoader: applying relo to instruction at byte offset: 328, 	       insn offset 41 , insn 118
02-11 11:10:25.733   837   837 D LibBpfLoader: applying relo to instruction at byte offset: 456, 	       insn offset 57 , insn 118
02-11 11:10:25.733   837   837 D LibBpfLoader: applying relo to instruction at byte offset: 584, 	       insn offset 73 , insn 118
02-11 11:10:25.733   837   837 D LibBpfLoader: applying relo to instruction at byte offset: 712, 	       insn offset 89 , insn 118
02-11 11:10:25.733   837   837 D LibBpfLoader: applying relo to instruction at byte offset: 840, 	       insn offset 105 , insn 118
02-11 11:10:25.733   837   837 D LibBpfLoader: applying relo to instruction at byte offset: 968, 	       insn offset 121 , insn 118
02-11 11:10:25.733   837   837 D LibBpfLoader: applying relo to instruction at byte offset: 1104, 	       insn offset 138 , insn 118
02-11 11:10:25.734   837   837 D LibBpfLoader: applying relo to instruction at byte offset: 1144, 	       insn offset 143 , insn 118
02-11 11:10:25.734   837   837 D LibBpfLoader: cs[0].name:tracepoint_sched_sched_switch min_kver:0 .max_kver:ffffffff (kvers:5040093)
02-11 11:10:25.734   837   837 D LibBpfLoader: cs[0].name:tracepoint_sched_sched_switch requires bpfloader version [0x00000,0x10000)
02-11 11:10:25.735   837   837 D LibBpfLoader: bpf_prog_load lib call for /system/etc/bpf/time_in_state.o (tracepoint_sched_sched_switch) returned fd: 21 (no error)
02-11 11:10:25.735   837   837 D LibBpfLoader: cs[1].name:tracepoint_power_cpu_frequency min_kver:0 .max_kver:ffffffff (kvers:5040093)
02-11 11:10:25.735   837   837 D LibBpfLoader: cs[1].name:tracepoint_power_cpu_frequency requires bpfloader version [0x00000,0x10000)
02-11 11:10:25.735   837   837 D LibBpfLoader: bpf_prog_load lib call for /system/etc/bpf/time_in_state.o (tracepoint_power_cpu_frequency) returned fd: 22 (no error)
02-11 11:10:25.735   837   837 D LibBpfLoader: cs[2].name:tracepoint_sched_sched_process_free min_kver:0 .max_kver:ffffffff (kvers:5040093)
02-11 11:10:25.735   837   837 D LibBpfLoader: cs[2].name:tracepoint_sched_sched_process_free requires bpfloader version [0x00000,0x10000)
02-11 11:10:25.735   837   837 D LibBpfLoader: bpf_prog_load lib call for /system/etc/bpf/time_in_state.o (tracepoint_sched_sched_process_free) returned fd: 23 (no error)
02-11 11:10:25.735   837   837 I bpfloader: Loaded object: /system/etc/bpf/time_in_state.o
02-11 11:10:25.736   837   837 D LibBpfLoader: Loading critical for netd ELF object /system/etc/bpf/clatd.o with license Apache 2.0
02-11 11:10:25.736   837   837 I LibBpfLoader: Section bpfloader_min_ver value is 0 [0x0]
02-11 11:10:25.736   837   837 I LibBpfLoader: Section bpfloader_max_ver value is 65536 [0x10000]
02-11 11:10:25.736   837   837 I LibBpfLoader: Section size_of_bpf_map_def value is 48 [0x30]
02-11 11:10:25.736   837   837 I LibBpfLoader: Section size_of_bpf_prog_def value is 28 [0x1c]
02-11 11:10:25.736   837   837 I LibBpfLoader: BpfLoader version 0x00002 processing ELF object /system/etc/bpf/clatd.o with ver [0x00000,0x10000)
02-11 11:10:25.737   837   837 D LibBpfLoader: Loaded code section 3 (schedcls_ingress6_clat_ether)
02-11 11:10:25.737   837   837 D LibBpfLoader: Loaded relo section 3 (.relschedcls/ingress6/clat_ether)
02-11 11:10:25.737   837   837 D LibBpfLoader: Adding section 3 to cs list
02-11 11:10:25.737   837   837 D LibBpfLoader: Loaded code section 5 (schedcls_ingress6_clat_rawip)
02-11 11:10:25.737   837   837 D LibBpfLoader: Loaded relo section 5 (.relschedcls/ingress6/clat_rawip)
02-11 11:10:25.737   837   837 D LibBpfLoader: Adding section 5 to cs list
02-11 11:10:25.737   837   837 D LibBpfLoader: Loaded code section 7 (schedcls_egress4_clat_ether)
02-11 11:10:25.737   837   837 D LibBpfLoader: Adding section 7 to cs list
02-11 11:10:25.737   837   837 D LibBpfLoader: Loaded code section 8 (schedcls_egress4_clat_rawip)
02-11 11:10:25.737   837   837 D LibBpfLoader: Loaded relo section 8 (.relschedcls/egress4/clat_rawip)
02-11 11:10:25.737   837   837 D LibBpfLoader: Adding section 8 to cs list
02-11 11:10:25.737   837   837 D LibBpfLoader: bpf_create_map name clat_ingress6_map, ret: 7
02-11 11:10:25.737   837   837 D LibBpfLoader: bpf_create_map name clat_egress4_map, ret: 8
02-11 11:10:25.737   837   837 D LibBpfLoader: map_fd found at 0 is 7 in /system/etc/bpf/clatd.o
02-11 11:10:25.737   837   837 D LibBpfLoader: map_fd found at 1 is 8 in /system/etc/bpf/clatd.o
02-11 11:10:25.738   837   837 D LibBpfLoader: applying relo to instruction at byte offset: 408, 	       insn offset 51 , insn 118
02-11 11:10:25.738   837   837 D LibBpfLoader: applying relo to instruction at byte offset: 352, 	       insn offset 44 , insn 118
02-11 11:10:25.738   837   837 D LibBpfLoader: applying relo to instruction at byte offset: 520, 	       insn offset 65 , insn 118
02-11 11:10:25.738   837   837 D LibBpfLoader: cs[0].name:schedcls_ingress6_clat_ether min_kver:0 .max_kver:ffffffff (kvers:5040093)
02-11 11:10:25.738   837   837 D LibBpfLoader: cs[0].name:schedcls_ingress6_clat_ether requires bpfloader version [0x00000,0x10000)
02-11 11:10:25.738   837   837 D LibBpfLoader: bpf_prog_load lib call for /system/etc/bpf/clatd.o (schedcls_ingress6_clat_ether) returned fd: 9 (no error)
02-11 11:10:25.738   837   837 D LibBpfLoader: cs[1].name:schedcls_ingress6_clat_rawip min_kver:0 .max_kver:ffffffff (kvers:5040093)
02-11 11:10:25.738   837   837 D LibBpfLoader: cs[1].name:schedcls_ingress6_clat_rawip requires bpfloader version [0x00000,0x10000)
02-11 11:10:25.738   837   837 D LibBpfLoader: bpf_prog_load lib call for /system/etc/bpf/clatd.o (schedcls_ingress6_clat_rawip) returned fd: 10 (no error)
02-11 11:10:25.738   837   837 D LibBpfLoader: cs[2].name:schedcls_egress4_clat_ether min_kver:0 .max_kver:ffffffff (kvers:5040093)
02-11 11:10:25.738   837   837 D LibBpfLoader: cs[2].name:schedcls_egress4_clat_ether requires bpfloader version [0x00000,0x10000)
