06-13 02:54:51.085   669   669 E sscrpcd : vendor/qcom/proprietary/adsprpc/src/fastrpc_apps_user.c:2959: Error 0x200: open_dev (-1) failed for domain 0 (errno No such device)
06-13 02:54:51.085   669   669 E sscrpcd : vendor/qcom/proprietary/adsprpc/src/fastrpc_apps_user.c:1343: Error 0x200: remote_handle_open failed for adsp_default_listener (errno Success)
06-13 02:54:51.085   669   669 E sscrpcd : vendor/qcom/proprietary/sensors-see/sscrpcd/src/sscrpcd.cpp:98:listener exits
06-13 02:54:51.085   669   669 I sscrpcd : vendor/qcom/proprietary/adsprpc/src/rpcmem_android.c:192: rpcmem_deinit_internal: closed ION fd 5
06-13 02:54:51.085   669   669 I sscrpcd : vendor/qcom/proprietary/adsprpc/src/fastrpc_pm.c:116: fastrpc_wake_lock_deinit done
06-13 02:54:51.085   669   669 I sscrpcd : vendor/qcom/proprietary/adsprpc/src/fastrpc_apps_user.c:3010: fastrpc_apps_user_deinit done
06-13 02:54:51.085   669   669 E sscrpcd : vendor/qcom/proprietary/sensors-see/sscrpcd/src/sscrpcd.cpp:109:sscrpcd daemon will restart after 25ms...
06-13 02:54:51.082     0     0 I apexd   : Found pre-installed APEX /system/apex/com.google.android.art_compressed.apex
06-13 02:54:51.090     0     0 I apexd   : Found pre-installed APEX /system/apex/com.android.vndk.current.apex
06-13 02:54:51.099     0     0 I apexd   : Found pre-installed APEX /system/apex/com.google.android.scheduling_compressed.apex
06-13 02:54:51.108     0     0 I apexd   : Found pre-installed APEX /system/apex/com.google.android.cellbroadcast_compressed.apex
06-13 02:54:51.111   669   669 I sscrpcd : vendor/qcom/proprietary/adsprpc/src/rpcmem_android.c:159: rpcmem_init_internal: opened ION device fd 5, configured heap IDs: system (0x2000000), contig (0x10), secure (0x400), secure flags (0x80080000)
06-13 02:54:51.111   669   669 I sscrpcd : vendor/qcom/proprietary/adsprpc/src/fastrpc_apps_user.c:3078: fastrpc_apps_user_init done with default domain:0 and &fastrpc_trace:0x72cb461fa0
06-13 02:54:51.111   669   669 E sscrpcd : vendor/qcom/proprietary/sensors-see/sscrpcd/src/sscrpcd.cpp:94:adsp_default_listener_start called for [sensorspd]
06-13 02:54:51.111   669   669 I sscrpcd : vendor/qcom/proprietary/adsprpc/src/fastrpc_pm.c:85: fastrpc_wake_lock_init done for sscrpcd:669
06-13 02:54:51.111   669   669 I sscrpcd : vendor/qcom/proprietary/adsprpc/src/fastrpc_apps_user.c:1724: wakelock_control: enabled wakelock control for domain 0
06-13 02:54:51.111   669   669 E sscrpcd : vendor/qcom/proprietary/sensors-see/sscrpcd/src/sscrpcd.cpp:65:fastrpc wakelock control is enabled
06-13 02:54:51.112   669   669 I sscrpcd : vendor/qcom/proprietary/adsprpc/src/fastrpc_apps_user.c:1340: remote_handle_open: Successfully opened handle 0x0 for '":;./\createstaticpd:sensorspd on domain 0
06-13 02:54:51.112   669   669 E sscrpcd : vendor/qcom/proprietary/adsprpc/src/fastrpc_apps_user.c:2861: Error 0x200: apps_dev_init failed for domain 0, errno No such device
06-13 02:54:51.112   669   669 E sscrpcd : vendor/qcom/proprietary/adsprpc/src/fastrpc_apps_user.c:2959: Error 0x200: open_dev (-1) failed for domain 0 (errno No such device)
06-13 02:54:51.112   669   669 E sscrpcd : vendor/qcom/proprietary/adsprpc/src/fastrpc_apps_user.c:1343: Error 0x200: remote_handle_open failed for adsp_default_listener (errno Success)
06-13 02:54:51.112   669   669 E sscrpcd : vendor/qcom/proprietary/sensors-see/sscrpcd/src/sscrpcd.cpp:98:listener exits
06-13 02:54:51.112   669   669 I sscrpcd : vendor/qcom/proprietary/adsprpc/src/rpcmem_android.c:192: rpcmem_deinit_internal: closed ION fd 5
06-13 02:54:51.112   669   669 I sscrpcd : vendor/qcom/proprietary/adsprpc/src/fastrpc_pm.c:116: fastrpc_wake_lock_deinit done
06-13 02:54:51.112   669   669 I sscrpcd : vendor/qcom/proprietary/adsprpc/src/fastrpc_apps_user.c:3010: fastrpc_apps_user_deinit done
06-13 02:54:51.112   669   669 E sscrpcd : vendor/qcom/proprietary/sensors-see/sscrpcd/src/sscrpcd.cpp:109:sscrpcd daemon will restart after 25ms...
06-13 02:54:51.118     0     0 I apexd   : Found pre-installed APEX /system/apex/com.google.android.adbd_trimmed_compressed.apex
06-13 02:54:51.127     0     0 I apexd   : Found pre-installed APEX /system/apex/com.google.android.ipsec_compressed.apex
06-13 02:54:51.138   669   669 I sscrpcd : vendor/qcom/proprietary/adsprpc/src/rpcmem_android.c:159: rpcmem_init_internal: opened ION device fd 5, configured heap IDs: system (0x2000000), contig (0x10), secure (0x400), secure flags (0x80080000)
06-13 02:54:51.138   669   669 I sscrpcd : vendor/qcom/proprietary/adsprpc/src/fastrpc_apps_user.c:3078: fastrpc_apps_user_init done with default domain:0 and &fastrpc_trace:0x72c9f4bfa0
06-13 02:54:51.138   669   669 E sscrpcd : vendor/qcom/proprietary/sensors-see/sscrpcd/src/sscrpcd.cpp:94:adsp_default_listener_start called for [sensorspd]
06-13 02:54:51.138   669   669 I sscrpcd : vendor/qcom/proprietary/adsprpc/src/fastrpc_pm.c:85: fastrpc_wake_lock_init done for sscrpcd:669
06-13 02:54:51.138   669   669 I sscrpcd : vendor/qcom/proprietary/adsprpc/src/fastrpc_apps_user.c:1724: wakelock_control: enabled wakelock control for domain 0
06-13 02:54:51.138   669   669 E sscrpcd : vendor/qcom/proprietary/sensors-see/sscrpcd/src/sscrpcd.cpp:65:fastrpc wakelock control is enabled
06-13 02:54:51.138   669   669 I sscrpcd : vendor/qcom/proprietary/adsprpc/src/fastrpc_apps_user.c:1340: remote_handle_open: Successfully opened handle 0x0 for '":;./\createstaticpd:sensorspd on domain 0
06-13 02:54:51.138   669   669 E sscrpcd : vendor/qcom/proprietary/adsprpc/src/fastrpc_apps_user.c:2861: Error 0x200: apps_dev_init failed for domain 0, errno No such device
06-13 02:54:51.138   669   669 E sscrpcd : vendor/qcom/proprietary/adsprpc/src/fastrpc_apps_user.c:2959: Error 0x200: open_dev (-1) failed for domain 0 (errno No such device)
06-13 02:54:51.138   669   669 E sscrpcd : vendor/qcom/proprietary/adsprpc/src/fastrpc_apps_user.c:1343: Error 0x200: remote_handle_open failed for adsp_default_listener (errno Success)
06-13 02:54:51.138   669   669 E sscrpcd : vendor/qcom/proprietary/sensors-see/sscrpcd/src/sscrpcd.cpp:98:listener exits
06-13 02:54:51.138   669   669 I sscrpcd : vendor/qcom/proprietary/adsprpc/src/rpcmem_android.c:192: rpcmem_deinit_internal: closed ION fd 5
06-13 02:54:51.138   669   669 I sscrpcd : vendor/qcom/proprietary/adsprpc/src/fastrpc_pm.c:116: fastrpc_wake_lock_deinit done
06-13 02:54:51.138   669   669 I sscrpcd : vendor/qcom/proprietary/adsprpc/src/fastrpc_apps_user.c:3010: fastrpc_apps_user_deinit done
06-13 02:54:51.138   669   669 E sscrpcd : vendor/qcom/proprietary/sensors-see/sscrpcd/src/sscrpcd.cpp:109:sscrpcd daemon will restart after 25ms...
06-13 02:54:51.136     0     0 I apexd   : Found pre-installed APEX /system/apex/com.android.appsearch.apex
06-13 02:54:51.144     0     0 I apexd   : Found pre-installed APEX /system/apex/com.google.android.os.statsd_compressed.apex
06-13 02:54:51.164   669   669 I sscrpcd : vendor/qcom/proprietary/adsprpc/src/rpcmem_android.c:159: rpcmem_init_internal: opened ION device fd 5, configured heap IDs: system (0x2000000), contig (0x10), secure (0x400), secure flags (0x80080000)
06-13 02:54:51.164   669   669 I sscrpcd : vendor/qcom/proprietary/adsprpc/src/fastrpc_apps_user.c:3078: fastrpc_apps_user_init done with default domain:0 and &fastrpc_trace:0x72caedcfa0
06-13 02:54:51.164   669   669 E sscrpcd : vendor/qcom/proprietary/sensors-see/sscrpcd/src/sscrpcd.cpp:94:adsp_default_listener_start called for [sensorspd]
06-13 02:54:51.164   669   669 I sscrpcd : vendor/qcom/proprietary/adsprpc/src/fastrpc_pm.c:85: fastrpc_wake_lock_init done for sscrpcd:669
06-13 02:54:51.164   669   669 I sscrpcd : vendor/qcom/proprietary/adsprpc/src/fastrpc_apps_user.c:1724: wakelock_control: enabled wakelock control for domain 0
06-13 02:54:51.164   669   669 E sscrpcd : vendor/qcom/proprietary/sensors-see/sscrpcd/src/sscrpcd.cpp:65:fastrpc wakelock control is enabled
06-13 02:54:51.164   669   669 I sscrpcd : vendor/qcom/proprietary/adsprpc/src/fastrpc_apps_user.c:1340: remote_handle_open: Successfully opened handle 0x0 for '":;./\createstaticpd:sensorspd on domain 0
06-13 02:54:51.165   669   669 E sscrpcd : vendor/qcom/proprietary/adsprpc/src/fastrpc_apps_user.c:2861: Error 0x200: apps_dev_init failed for domain 0, errno No such device
06-13 02:54:51.165   669   669 E sscrpcd : vendor/qcom/proprietary/adsprpc/src/fastrpc_apps_user.c:2959: Error 0x200: open_dev (-1) failed for domain 0 (errno No such device)
06-13 02:54:51.165   669   669 E sscrpcd : vendor/qcom/proprietary/adsprpc/src/fastrpc_apps_user.c:1343: Error 0x200: remote_handle_open failed for adsp_default_listener (errno Success)
06-13 02:54:51.165   669   669 E sscrpcd : vendor/qcom/proprietary/sensors-see/sscrpcd/src/sscrpcd.cpp:98:listener exits
06-13 02:54:51.165   669   669 I sscrpcd : vendor/qcom/proprietary/adsprpc/src/rpcmem_android.c:192: rpcmem_deinit_internal: closed ION fd 5
06-13 02:54:51.165   669   669 I sscrpcd : vendor/qcom/proprietary/adsprpc/src/fastrpc_pm.c:116: fastrpc_wake_lock_deinit done
06-13 02:54:51.165   669   669 I sscrpcd : vendor/qcom/proprietary/adsprpc/src/fastrpc_apps_user.c:3010: fastrpc_apps_user_deinit done
06-13 02:54:51.165   669   669 E sscrpcd : vendor/qcom/proprietary/sensors-see/sscrpcd/src/sscrpcd.cpp:109:sscrpcd daemon will restart after 25ms...
06-13 02:54:51.191   669   669 I sscrpcd : vendor/qcom/proprietary/adsprpc/src/rpcmem_android.c:159: rpcmem_init_internal: opened ION device fd 5, configured heap IDs: system (0x2000000), contig (0x10), secure (0x400), secure flags (0x80080000)
06-13 02:54:51.191   669   669 I sscrpcd : vendor/qcom/proprietary/adsprpc/src/fastrpc_apps_user.c:3078: fastrpc_apps_user_init done with default domain:0 and &fastrpc_trace:0x72cba42fa0
06-13 02:54:51.191   669   669 E sscrpcd : vendor/qcom/proprietary/sensors-see/sscrpcd/src/sscrpcd.cpp:94:adsp_default_listener_start called for [sensorspd]
06-13 02:54:51.191   669   669 I sscrpcd : vendor/qcom/proprietary/adsprpc/src/fastrpc_pm.c:85: fastrpc_wake_lock_init done for sscrpcd:669
06-13 02:54:51.191   669   669 I sscrpcd : vendor/qcom/proprietary/adsprpc/src/fastrpc_apps_user.c:1724: wakelock_control: enabled wakelock control for domain 0
06-13 02:54:51.191   669   669 E sscrpcd : vendor/qcom/proprietary/sensors-see/sscrpcd/src/sscrpcd.cpp:65:fastrpc wakelock control is enabled
06-13 02:54:51.191   669   669 I sscrpcd : vendor/qcom/proprietary/adsprpc/src/fastrpc_apps_user.c:1340: remote_handle_open: Successfully opened handle 0x0 for '":;./\createstaticpd:sensorspd on domain 0
06-13 02:54:51.191   669   669 E sscrpcd : vendor/qcom/proprietary/adsprpc/src/fastrpc_apps_user.c:2861: Error 0x200: apps_dev_init failed for domain 0, errno No such device
06-13 02:54:51.191   669   669 E sscrpcd : vendor/qcom/proprietary/adsprpc/src/fastrpc_apps_user.c:2959: Error 0x200: open_dev (-1) failed for domain 0 (errno No such device)
06-13 02:54:51.191   669   669 E sscrpcd : vendor/qcom/proprietary/adsprpc/src/fastrpc_apps_user.c:1343: Error 0x200: remote_handle_open failed for adsp_default_listener (errno Success)
06-13 02:54:51.191   669   669 E sscrpcd : vendor/qcom/proprietary/sensors-see/sscrpcd/src/sscrpcd.cpp:98:listener exits
06-13 02:54:51.191   669   669 I sscrpcd : vendor/qcom/proprietary/adsprpc/src/rpcmem_android.c:192: rpcmem_deinit_internal: closed ION fd 5
06-13 02:54:51.191   669   669 I sscrpcd : vendor/qcom/proprietary/adsprpc/src/fastrpc_pm.c:116: fastrpc_wake_lock_deinit done
06-13 02:54:51.191   669   669 I sscrpcd : vendor/qcom/proprietary/adsprpc/src/fastrpc_apps_user.c:3010: fastrpc_apps_user_deinit done
06-13 02:54:51.191   669   669 E sscrpcd : vendor/qcom/proprietary/sensors-see/sscrpcd/src/sscrpcd.cpp:109:sscrpcd daemon will restart after 25ms...
06-13 02:54:51.215   630   646 D vold    : Disk at 7:32 changed
06-13 02:54:51.217   669   669 I sscrpcd : vendor/qcom/proprietary/adsprpc/src/rpcmem_android.c:159: rpcmem_init_internal: opened ION device fd 5, configured heap IDs: system (0x2000000), contig (0x10), secure (0x400), secure flags (0x80080000)
06-13 02:54:51.217   669   669 I sscrpcd : vendor/qcom/proprietary/adsprpc/src/fastrpc_apps_user.c:3078: fastrpc_apps_user_init done with default domain:0 and &fastrpc_trace:0x72cbae9fa0
06-13 02:54:51.217   669   669 E sscrpcd : vendor/qcom/proprietary/sensors-see/sscrpcd/src/sscrpcd.cpp:94:adsp_default_listener_start called for [sensorspd]
06-13 02:54:51.218   669   669 I sscrpcd : vendor/qcom/proprietary/adsprpc/src/fastrpc_pm.c:85: fastrpc_wake_lock_init done for sscrpcd:669
06-13 02:54:51.218   669   669 I sscrpcd : vendor/qcom/proprietary/adsprpc/src/fastrpc_apps_user.c:1724: wakelock_control: enabled wakelock control for domain 0
06-13 02:54:51.218   669   669 E sscrpcd : vendor/qcom/proprietary/sensors-see/sscrpcd/src/sscrpcd.cpp:65:fastrpc wakelock control is enabled
06-13 02:54:51.218   669   669 I sscrpcd : vendor/qcom/proprietary/adsprpc/src/fastrpc_apps_user.c:1340: remote_handle_open: Successfully opened handle 0x0 for '":;./\createstaticpd:sensorspd on domain 0
06-13 02:54:51.218   669   669 E sscrpcd : vendor/qcom/proprietary/adsprpc/src/fastrpc_apps_user.c:2861: Error 0x200: apps_dev_init failed for domain 0, errno No such device
06-13 02:54:51.218   669   669 E sscrpcd : vendor/qcom/proprietary/adsprpc/src/fastrpc_apps_user.c:2959: Error 0x200: open_dev (-1) failed for domain 0 (errno No such device)
06-13 02:54:51.218   669   669 E sscrpcd : vendor/qcom/proprietary/adsprpc/src/fastrpc_apps_user.c:1343: Error 0x200: remote_handle_open failed for adsp_default_listener (errno Success)
06-13 02:54:51.218   669   669 E sscrpcd : vendor/qcom/proprietary/sensors-see/sscrpcd/src/sscrpcd.cpp:98:listener exits
06-13 02:54:51.218   669   669 I sscrpcd : vendor/qcom/proprietary/adsprpc/src/rpcmem_android.c:192: rpcmem_deinit_internal: closed ION fd 5
06-13 02:54:51.218   669   669 I sscrpcd : vendor/qcom/proprietary/adsprpc/src/fastrpc_pm.c:116: fastrpc_wake_lock_deinit done
06-13 02:54:51.218   669   669 I sscrpcd : vendor/qcom/proprietary/adsprpc/src/fastrpc_apps_user.c:3010: fastrpc_apps_user_deinit done
06-13 02:54:51.218   669   669 E sscrpcd : vendor/qcom/proprietary/sensors-see/sscrpcd/src/sscrpcd.cpp:109:sscrpcd daemon will restart after 25ms...
06-13 02:54:51.219   630   646 D vold    : Disk at 7:40 changed
06-13 02:54:51.221   630   646 D vold    : Disk at 7:48 changed
06-13 02:54:51.225   630   646 D vold    : Disk at 7:56 changed
06-13 02:54:51.229     0     0 I EXT4-fs (loop4): mounted filesystem without journal. Opts: (null)
06-13 02:54:51.236     0     0 I EXT4-fs (loop6): mounted filesystem without journal. Opts: (null)
06-13 02:54:51.243     0     0 I EXT4-fs (loop5): mounted filesystem without journal. Opts: (null)
06-13 02:54:51.238   630   646 D vold    : Disk at 7:64 changed
06-13 02:54:51.250     0     0 I EXT4-fs (loop8): mounted filesystem without journal. Opts: (null)
06-13 02:54:51.244   669   669 I sscrpcd : vendor/qcom/proprietary/adsprpc/src/rpcmem_android.c:159: rpcmem_init_internal: opened ION device fd 5, configured heap IDs: system (0x2000000), contig (0x10), secure (0x400), secure flags (0x80080000)
06-13 02:54:51.244   669   669 I sscrpcd : vendor/qcom/proprietary/adsprpc/src/fastrpc_apps_user.c:3078: fastrpc_apps_user_init done with default domain:0 and &fastrpc_trace:0x72cbb00fa0
06-13 02:54:51.244   669   669 E sscrpcd : vendor/qcom/proprietary/sensors-see/sscrpcd/src/sscrpcd.cpp:94:adsp_default_listener_start called for [sensorspd]
06-13 02:54:51.244   669   669 I sscrpcd : vendor/qcom/proprietary/adsprpc/src/fastrpc_pm.c:85: fastrpc_wake_lock_init done for sscrpcd:669
06-13 02:54:51.244   669   669 I sscrpcd : vendor/qcom/proprietary/adsprpc/src/fastrpc_apps_user.c:1724: wakelock_control: enabled wakelock control for domain 0
06-13 02:54:51.244   669   669 E sscrpcd : vendor/qcom/proprietary/sensors-see/sscrpcd/src/sscrpcd.cpp:65:fastrpc wakelock control is enabled
06-13 02:54:51.244   669   669 I sscrpcd : vendor/qcom/proprietary/adsprpc/src/fastrpc_apps_user.c:1340: remote_handle_open: Successfully opened handle 0x0 for '":;./\createstaticpd:sensorspd on domain 0
06-13 02:54:51.244   669   669 E sscrpcd : vendor/qcom/proprietary/adsprpc/src/fastrpc_apps_user.c:2861: Error 0x200: apps_dev_init failed for domain 0, errno No such device
06-13 02:54:51.244   669   669 E sscrpcd : vendor/qcom/proprietary/adsprpc/src/fastrpc_apps_user.c:2959: Error 0x200: open_dev (-1) failed for domain 0 (errno No such device)
06-13 02:54:51.244   669   669 E sscrpcd : vendor/qcom/proprietary/adsprpc/src/fastrpc_apps_user.c:1343: Error 0x200: remote_handle_open failed for adsp_default_listener (errno Success)
06-13 02:54:51.244   669   669 E sscrpcd : vendor/qcom/proprietary/sensors-see/sscrpcd/src/sscrpcd.cpp:98:listener exits
06-13 02:54:51.244   669   669 I sscrpcd : vendor/qcom/proprietary/adsprpc/src/rpcmem_android.c:192: rpcmem_deinit_internal: closed ION fd 5
06-13 02:54:51.244   669   669 I sscrpcd : vendor/qcom/proprietary/adsprpc/src/fastrpc_pm.c:116: fastrpc_wake_lock_deinit done
06-13 02:54:51.244   669   669 I sscrpcd : vendor/qcom/proprietary/adsprpc/src/fastrpc_apps_user.c:3010: fastrpc_apps_user_deinit done
06-13 02:54:51.244   669   669 E sscrpcd : vendor/qcom/proprietary/sensors-see/sscrpcd/src/sscrpcd.cpp:109:sscrpcd daemon will restart after 25ms...
06-13 02:54:51.246   630   646 D vold    : Disk at 7:72 changed
06-13 02:54:51.258     0     0 I EXT4-fs (loop7): mounted filesystem without journal. Opts: (null)
06-13 02:54:51.258   630   646 D vold    : Disk at 7:80 changed
06-13 02:54:51.259   630   646 D vold    : Disk at 7:88 changed
06-13 02:54:51.262   630   646 D vold    : Disk at 7:96 changed
06-13 02:54:51.279   669   669 I sscrpcd : vendor/qcom/proprietary/adsprpc/src/rpcmem_android.c:159: rpcmem_init_internal: opened ION device fd 5, configured heap IDs: system (0x2000000), contig (0x10), secure (0x400), secure flags (0x80080000)
06-13 02:54:51.279   669   669 I sscrpcd : vendor/qcom/proprietary/adsprpc/src/fastrpc_apps_user.c:3078: fastrpc_apps_user_init done with default domain:0 and &fastrpc_trace:0x72cbacbfa0
06-13 02:54:51.279   669   669 E sscrpcd : vendor/qcom/proprietary/sensors-see/sscrpcd/src/sscrpcd.cpp:94:adsp_default_listener_start called for [sensorspd]
06-13 02:54:51.279   669   669 I sscrpcd : vendor/qcom/proprietary/adsprpc/src/fastrpc_pm.c:85: fastrpc_wake_lock_init done for sscrpcd:669
06-13 02:54:51.279   669   669 I sscrpcd : vendor/qcom/proprietary/adsprpc/src/fastrpc_apps_user.c:1724: wakelock_control: enabled wakelock control for domain 0
06-13 02:54:51.279   669   669 E sscrpcd : vendor/qcom/proprietary/sensors-see/sscrpcd/src/sscrpcd.cpp:65:fastrpc wakelock control is enabled
06-13 02:54:51.279   669   669 I sscrpcd : vendor/qcom/proprietary/adsprpc/src/fastrpc_apps_user.c:1340: remote_handle_open: Successfully opened handle 0x0 for '":;./\createstaticpd:sensorspd on domain 0
06-13 02:54:51.279   669   669 E sscrpcd : vendor/qcom/proprietary/adsprpc/src/fastrpc_apps_user.c:2861: Error 0x200: apps_dev_init failed for domain 0, errno No such device
06-13 02:54:51.279   669   669 E sscrpcd : vendor/qcom/proprietary/adsprpc/src/fastrpc_apps_user.c:2959: Error 0x200: open_dev (-1) failed for domain 0 (errno No such device)
06-13 02:54:51.279   669   669 E sscrpcd : vendor/qcom/proprietary/adsprpc/src/fastrpc_apps_user.c:1343: Error 0x200: remote_handle_open failed for adsp_default_listener (errno Success)
06-13 02:54:51.279   669   669 E sscrpcd : vendor/qcom/proprietary/sensors-see/sscrpcd/src/sscrpcd.cpp:98:listener exits
06-13 02:54:51.279   669   669 I sscrpcd : vendor/qcom/proprietary/adsprpc/src/rpcmem_android.c:192: rpcmem_deinit_internal: closed ION fd 5
06-13 02:54:51.279   669   669 I sscrpcd : vendor/qcom/proprietary/adsprpc/src/fastrpc_pm.c:116: fastrpc_wake_lock_deinit done
06-13 02:54:51.279   669   669 I sscrpcd : vendor/qcom/proprietary/adsprpc/src/fastrpc_apps_user.c:3010: fastrpc_apps_user_deinit done
06-13 02:54:51.279   669   669 E sscrpcd : vendor/qcom/proprietary/sensors-see/sscrpcd/src/sscrpcd.cpp:109:sscrpcd daemon will restart after 25ms...
06-13 02:54:51.272     0     0 I EXT4-fs (loop10): mounted filesystem without journal. Opts: (null)
06-13 02:54:51.273     0     0 I EXT4-fs (loop9): mounted filesystem without journal. Opts: (null)
06-13 02:54:51.279     0     0 I EXT4-fs (loop11): mounted filesystem without journal. Opts: (null)
06-13 02:54:51.290     0     0 I device-mapper: verity: sha256 using implementation "sha256-ce"
06-13 02:54:51.295   630   646 D vold    : Disk at 253:7 changed
06-13 02:54:51.297   630   646 D vold    : Disk at 253:7 changed
06-13 02:54:51.297   630   646 D vold    : Disk at 7:104 changed
06-13 02:54:51.298   630   646 D vold    : Disk at 7:112 changed
06-13 02:54:51.300   630   646 D vold    : Disk at 7:120 changed
06-13 02:54:51.305   669   669 I sscrpcd : vendor/qcom/proprietary/adsprpc/src/rpcmem_android.c:159: rpcmem_init_internal: opened ION device fd 5, configured heap IDs: system (0x2000000), contig (0x10), secure (0x400), secure flags (0x80080000)
06-13 02:54:51.305   669   669 I sscrpcd : vendor/qcom/proprietary/adsprpc/src/fastrpc_apps_user.c:3078: fastrpc_apps_user_init done with default domain:0 and &fastrpc_trace:0x72cba85fa0
06-13 02:54:51.305   669   669 E sscrpcd : vendor/qcom/proprietary/sensors-see/sscrpcd/src/sscrpcd.cpp:94:adsp_default_listener_start called for [sensorspd]
06-13 02:54:51.306   669   669 I sscrpcd : vendor/qcom/proprietary/adsprpc/src/fastrpc_pm.c:85: fastrpc_wake_lock_init done for sscrpcd:669
06-13 02:54:51.306   669   669 I sscrpcd : vendor/qcom/proprietary/adsprpc/src/fastrpc_apps_user.c:1724: wakelock_control: enabled wakelock control for domain 0
06-13 02:54:51.306   669   669 E sscrpcd : vendor/qcom/proprietary/sensors-see/sscrpcd/src/sscrpcd.cpp:65:fastrpc wakelock control is enabled
06-13 02:54:51.306   669   669 I sscrpcd : vendor/qcom/proprietary/adsprpc/src/fastrpc_apps_user.c:1340: remote_handle_open: Successfully opened handle 0x0 for '":;./\createstaticpd:sensorspd on domain 0
06-13 02:54:51.306   669   669 E sscrpcd : vendor/qcom/proprietary/adsprpc/src/fastrpc_apps_user.c:2861: Error 0x200: apps_dev_init failed for domain 0, errno No such device
06-13 02:54:51.306   669   669 E sscrpcd : vendor/qcom/proprietary/adsprpc/src/fastrpc_apps_user.c:2959: Error 0x200: open_dev (-1) failed for domain 0 (errno No such device)
06-13 02:54:51.306   669   669 E sscrpcd : vendor/qcom/proprietary/adsprpc/src/fastrpc_apps_user.c:1343: Error 0x200: remote_handle_open failed for adsp_default_listener (errno Success)
06-13 02:54:51.306   669   669 E sscrpcd : vendor/qcom/proprietary/sensors-see/sscrpcd/src/sscrpcd.cpp:98:listener exits
06-13 02:54:51.306   669   669 I sscrpcd : vendor/qcom/proprietary/adsprpc/src/rpcmem_android.c:192: rpcmem_deinit_internal: closed ION fd 5
06-13 02:54:51.306   669   669 I sscrpcd : vendor/qcom/proprietary/adsprpc/src/fastrpc_pm.c:116: fastrpc_wake_lock_deinit done
06-13 02:54:51.306   669   669 I sscrpcd : vendor/qcom/proprietary/adsprpc/src/fastrpc_apps_user.c:3010: fastrpc_apps_user_deinit done
06-13 02:54:51.306   669   669 E sscrpcd : vendor/qcom/proprietary/sensors-see/sscrpcd/src/sscrpcd.cpp:109:sscrpcd daemon will restart after 25ms...
06-13 02:54:51.308     0     0 I device-mapper: verity: sha256 using implementation "sha256-ce"
06-13 02:54:51.309     0     0 I EXT4-fs (dm-7): mounted filesystem without journal. Opts: (null)
06-13 02:54:51.309     0     0 I device-mapper: verity: sha256 using implementation "sha256-ce"
06-13 02:54:51.315   630   646 D vold    : Disk at 253:9 changed
06-13 02:54:51.315   630   646 D vold    : Disk at 253:8 changed
06-13 02:54:51.315   630   646 D vold    : Disk at 253:9 changed
06-13 02:54:51.315   630   646 D vold    : Disk at 253:8 changed
06-13 02:54:51.323     0     0 I device-mapper: verity: sha256 using implementation "sha256-ce"
06-13 02:54:51.329   630   646 D vold    : Disk at 253:10 changed
06-13 02:54:51.329   630   646 D vold    : Disk at 253:10 changed
06-13 02:54:51.332   669   669 I sscrpcd : vendor/qcom/proprietary/adsprpc/src/rpcmem_android.c:159: rpcmem_init_internal: opened ION device fd 5, configured heap IDs: system (0x2000000), contig (0x10), secure (0x400), secure flags (0x80080000)
06-13 02:54:51.332   669   669 I sscrpcd : vendor/qcom/proprietary/adsprpc/src/fastrpc_apps_user.c:3078: fastrpc_apps_user_init done with default domain:0 and &fastrpc_trace:0x72c825efa0
06-13 02:54:51.332   669   669 E sscrpcd : vendor/qcom/proprietary/sensors-see/sscrpcd/src/sscrpcd.cpp:94:adsp_default_listener_start called for [sensorspd]
06-13 02:54:51.332   669   669 I sscrpcd : vendor/qcom/proprietary/adsprpc/src/fastrpc_pm.c:85: fastrpc_wake_lock_init done for sscrpcd:669
06-13 02:54:51.332   669   669 I sscrpcd : vendor/qcom/proprietary/adsprpc/src/fastrpc_apps_user.c:1724: wakelock_control: enabled wakelock control for domain 0
06-13 02:54:51.332   669   669 E sscrpcd : vendor/qcom/proprietary/sensors-see/sscrpcd/src/sscrpcd.cpp:65:fastrpc wakelock control is enabled
06-13 02:54:51.332   669   669 I sscrpcd : vendor/qcom/proprietary/adsprpc/src/fastrpc_apps_user.c:1340: remote_handle_open: Successfully opened handle 0x0 for '":;./\createstaticpd:sensorspd on domain 0
06-13 02:54:51.332   669   669 E sscrpcd : vendor/qcom/proprietary/adsprpc/src/fastrpc_apps_user.c:2861: Error 0x200: apps_dev_init failed for domain 0, errno No such device
06-13 02:54:51.332   669   669 E sscrpcd : vendor/qcom/proprietary/adsprpc/src/fastrpc_apps_user.c:2959: Error 0x200: open_dev (-1) failed for domain 0 (errno No such device)
06-13 02:54:51.332   669   669 E sscrpcd : vendor/qcom/proprietary/adsprpc/src/fastrpc_apps_user.c:1343: Error 0x200: remote_handle_open failed for adsp_default_listener (errno Success)
06-13 02:54:51.332   669   669 E sscrpcd : vendor/qcom/proprietary/sensors-see/sscrpcd/src/sscrpcd.cpp:98:listener exits
06-13 02:54:51.332   669   669 I sscrpcd : vendor/qcom/proprietary/adsprpc/src/rpcmem_android.c:192: rpcmem_deinit_internal: closed ION fd 5
06-13 02:54:51.332   669   669 I sscrpcd : vendor/qcom/proprietary/adsprpc/src/fastrpc_pm.c:116: fastrpc_wake_lock_deinit done
06-13 02:54:51.332   669   669 I sscrpcd : vendor/qcom/proprietary/adsprpc/src/fastrpc_apps_user.c:3010: fastrpc_apps_user_deinit done
06-13 02:54:51.333   669   669 E sscrpcd : vendor/qcom/proprietary/sensors-see/sscrpcd/src/sscrpcd.cpp:109:sscrpcd daemon will restart after 25ms...
06-13 02:54:51.334   630   646 D vold    : Disk at 7:128 changed
06-13 02:54:51.344   630   646 D vold    : Disk at 253:11 changed
06-13 02:54:51.344   630   646 D vold    : Disk at 253:11 changed
06-13 02:54:51.344     0     0 I device-mapper: verity: sha256 using implementation "sha256-ce"
06-13 02:54:51.360   669   669 I sscrpcd : vendor/qcom/proprietary/adsprpc/src/rpcmem_android.c:159: rpcmem_init_internal: opened ION device fd 5, configured heap IDs: system (0x2000000), contig (0x10), secure (0x400), secure flags (0x80080000)
06-13 02:54:51.360   669   669 I sscrpcd : vendor/qcom/proprietary/adsprpc/src/fastrpc_apps_user.c:3078: fastrpc_apps_user_init done with default domain:0 and &fastrpc_trace:0x72cba6ffa0
06-13 02:54:51.360   669   669 E sscrpcd : vendor/qcom/proprietary/sensors-see/sscrpcd/src/sscrpcd.cpp:94:adsp_default_listener_start called for [sensorspd]
06-13 02:54:51.360   669   669 I sscrpcd : vendor/qcom/proprietary/adsprpc/src/fastrpc_pm.c:85: fastrpc_wake_lock_init done for sscrpcd:669
06-13 02:54:51.360   669   669 I sscrpcd : vendor/qcom/proprietary/adsprpc/src/fastrpc_apps_user.c:1724: wakelock_control: enabled wakelock control for domain 0
06-13 02:54:51.360   669   669 E sscrpcd : vendor/qcom/proprietary/sensors-see/sscrpcd/src/sscrpcd.cpp:65:fastrpc wakelock control is enabled
06-13 02:54:51.360   669   669 I sscrpcd : vendor/qcom/proprietary/adsprpc/src/fastrpc_apps_user.c:1340: remote_handle_open: Successfully opened handle 0x0 for '":;./\createstaticpd:sensorspd on domain 0
06-13 02:54:51.360   669   669 E sscrpcd : vendor/qcom/proprietary/adsprpc/src/fastrpc_apps_user.c:2861: Error 0x200: apps_dev_init failed for domain 0, errno No such device
06-13 02:54:51.360   669   669 E sscrpcd : vendor/qcom/proprietary/adsprpc/src/fastrpc_apps_user.c:2959: Error 0x200: open_dev (-1) failed for domain 0 (errno No such device)
06-13 02:54:51.360   669   669 E sscrpcd : vendor/qcom/proprietary/adsprpc/src/fastrpc_apps_user.c:1343: Error 0x200: remote_handle_open failed for adsp_default_listener (errno Success)
06-13 02:54:51.360   669   669 E sscrpcd : vendor/qcom/proprietary/sensors-see/sscrpcd/src/sscrpcd.cpp:98:listener exits
06-13 02:54:51.360   669   669 I sscrpcd : vendor/qcom/proprietary/adsprpc/src/rpcmem_android.c:192: rpcmem_deinit_internal: closed ION fd 5
06-13 02:54:51.360   669   669 I sscrpcd : vendor/qcom/proprietary/adsprpc/src/fastrpc_pm.c:116: fastrpc_wake_lock_deinit done
06-13 02:54:51.360   669   669 I sscrpcd : vendor/qcom/proprietary/adsprpc/src/fastrpc_apps_user.c:3010: fastrpc_apps_user_deinit done
06-13 02:54:51.360   669   669 E sscrpcd : vendor/qcom/proprietary/sensors-see/sscrpcd/src/sscrpcd.cpp:109:sscrpcd daemon will restart after 25ms...
06-13 02:54:51.352     0     0 I EXT4-fs (dm-9): mounted filesystem without journal. Opts: (null)
06-13 02:54:51.360     0     0 I EXT4-fs (dm-8): mounted filesystem without journal. Opts: (null)
06-13 02:54:51.362   630   646 D vold    : Disk at 7:136 changed
06-13 02:54:51.363   630   646 D vold    : Disk at 7:144 changed
06-13 02:54:51.370     0     0 I EXT4-fs (dm-10): mounted filesystem without journal. Opts: (null)
06-13 02:54:51.374     0     0 I device-mapper: verity: sha256 using implementation "sha256-ce"
06-13 02:54:51.374     0     0 I device-mapper: verity: sha256 using implementation "sha256-ce"
06-13 02:54:51.366   630   646 D vold    : Disk at 253:13 changed
06-13 02:54:51.366   630   646 D vold    : Disk at 253:13 changed
06-13 02:54:51.372   630   646 D vold    : Disk at 7:152 changed
06-13 02:54:51.380     0     0 I EXT4-fs (dm-11): mounted filesystem without journal. Opts: (null)
06-13 02:54:51.378   630   646 D vold    : Disk at 253:12 changed
06-13 02:54:51.378   630   646 D vold    : Disk at 253:12 changed
06-13 02:54:51.386   669   669 I sscrpcd : vendor/qcom/proprietary/adsprpc/src/rpcmem_android.c:159: rpcmem_init_internal: opened ION device fd 5, configured heap IDs: system (0x2000000), contig (0x10), secure (0x400), secure flags (0x80080000)
06-13 02:54:51.386   669   669 I sscrpcd : vendor/qcom/proprietary/adsprpc/src/fastrpc_apps_user.c:3078: fastrpc_apps_user_init done with default domain:0 and &fastrpc_trace:0x72cba8cfa0
06-13 02:54:51.386   669   669 E sscrpcd : vendor/qcom/proprietary/sensors-see/sscrpcd/src/sscrpcd.cpp:94:adsp_default_listener_start called for [sensorspd]
06-13 02:54:51.386   669   669 I sscrpcd : vendor/qcom/proprietary/adsprpc/src/fastrpc_pm.c:85: fastrpc_wake_lock_init done for sscrpcd:669
06-13 02:54:51.386   669   669 I sscrpcd : vendor/qcom/proprietary/adsprpc/src/fastrpc_apps_user.c:1724: wakelock_control: enabled wakelock control for domain 0
06-13 02:54:51.386   669   669 E sscrpcd : vendor/qcom/proprietary/sensors-see/sscrpcd/src/sscrpcd.cpp:65:fastrpc wakelock control is enabled
06-13 02:54:51.386   669   669 I sscrpcd : vendor/qcom/proprietary/adsprpc/src/fastrpc_apps_user.c:1340: remote_handle_open: Successfully opened handle 0x0 for '":;./\createstaticpd:sensorspd on domain 0
06-13 02:54:51.386   669   669 E sscrpcd : vendor/qcom/proprietary/adsprpc/src/fastrpc_apps_user.c:2861: Error 0x200: apps_dev_init failed for domain 0, errno No such device
06-13 02:54:51.386   669   669 E sscrpcd : vendor/qcom/proprietary/adsprpc/src/fastrpc_apps_user.c:2959: Error 0x200: open_dev (-1) failed for domain 0 (errno No such device)
06-13 02:54:51.387   669   669 E sscrpcd : vendor/qcom/proprietary/adsprpc/src/fastrpc_apps_user.c:1343: Error 0x200: remote_handle_open failed for adsp_default_listener (errno Success)
06-13 02:54:51.387   669   669 E sscrpcd : vendor/qcom/proprietary/sensors-see/sscrpcd/src/sscrpcd.cpp:98:listener exits
06-13 02:54:51.387   669   669 I sscrpcd : vendor/qcom/proprietary/adsprpc/src/rpcmem_android.c:192: rpcmem_deinit_internal: closed ION fd 5
06-13 02:54:51.387   669   669 I sscrpcd : vendor/qcom/proprietary/adsprpc/src/fastrpc_pm.c:116: fastrpc_wake_lock_deinit done
06-13 02:54:51.387   669   669 I sscrpcd : vendor/qcom/proprietary/adsprpc/src/fastrpc_apps_user.c:3010: fastrpc_apps_user_deinit done
06-13 02:54:51.387   669   669 E sscrpcd : vendor/qcom/proprietary/sensors-see/sscrpcd/src/sscrpcd.cpp:109:sscrpcd daemon will restart after 25ms...
06-13 02:54:51.397     0     0 I EXT4-fs (dm-13): mounted filesystem without journal. Opts: (null)
06-13 02:54:51.400     0     0 I device-mapper: verity: sha256 using implementation "sha256-ce"
06-13 02:54:51.401   630   646 D vold    : Disk at 7:160 changed
06-13 02:54:51.405   630   646 D vold    : Disk at 253:14 changed
06-13 02:54:51.406   630   646 D vold    : Disk at 253:14 changed
06-13 02:54:51.406   630   646 D vold    : Disk at 7:168 changed
06-13 02:54:51.413   669   669 I sscrpcd : vendor/qcom/proprietary/adsprpc/src/rpcmem_android.c:159: rpcmem_init_internal: opened ION device fd 5, configured heap IDs: system (0x2000000), contig (0x10), secure (0x400), secure flags (0x80080000)
06-13 02:54:51.413   669   669 I sscrpcd : vendor/qcom/proprietary/adsprpc/src/fastrpc_apps_user.c:3078: fastrpc_apps_user_init done with default domain:0 and &fastrpc_trace:0x72cbaa8fa0
06-13 02:54:51.413   669   669 E sscrpcd : vendor/qcom/proprietary/sensors-see/sscrpcd/src/sscrpcd.cpp:94:adsp_default_listener_start called for [sensorspd]
06-13 02:54:51.413   669   669 I sscrpcd : vendor/qcom/proprietary/adsprpc/src/fastrpc_pm.c:85: fastrpc_wake_lock_init done for sscrpcd:669
06-13 02:54:51.413   669   669 I sscrpcd : vendor/qcom/proprietary/adsprpc/src/fastrpc_apps_user.c:1724: wakelock_control: enabled wakelock control for domain 0
06-13 02:54:51.413   669   669 E sscrpcd : vendor/qcom/proprietary/sensors-see/sscrpcd/src/sscrpcd.cpp:65:fastrpc wakelock control is enabled
06-13 02:54:51.413   669   669 I sscrpcd : vendor/qcom/proprietary/adsprpc/src/fastrpc_apps_user.c:1340: remote_handle_open: Successfully opened handle 0x0 for '":;./\createstaticpd:sensorspd on domain 0
06-13 02:54:51.413   669   669 E sscrpcd : vendor/qcom/proprietary/adsprpc/src/fastrpc_apps_user.c:2861: Error 0x200: apps_dev_init failed for domain 0, errno No such device
06-13 02:54:51.413   669   669 E sscrpcd : vendor/qcom/proprietary/adsprpc/src/fastrpc_apps_user.c:2959: Error 0x200: open_dev (-1) failed for domain 0 (errno No such device)
06-13 02:54:51.413   669   669 E sscrpcd : vendor/qcom/proprietary/adsprpc/src/fastrpc_apps_user.c:1343: Error 0x200: remote_handle_open failed for adsp_default_listener (errno Success)
06-13 02:54:51.413   669   669 E sscrpcd : vendor/qcom/proprietary/sensors-see/sscrpcd/src/sscrpcd.cpp:98:listener exits
06-13 02:54:51.413   669   669 I sscrpcd : vendor/qcom/proprietary/adsprpc/src/rpcmem_android.c:192: rpcmem_deinit_internal: closed ION fd 5
06-13 02:54:51.413   669   669 I sscrpcd : vendor/qcom/proprietary/adsprpc/src/fastrpc_pm.c:116: fastrpc_wake_lock_deinit done
06-13 02:54:51.413   669   669 I sscrpcd : vendor/qcom/proprietary/adsprpc/src/fastrpc_apps_user.c:3010: fastrpc_apps_user_deinit done
06-13 02:54:51.413   669   669 E sscrpcd : vendor/qcom/proprietary/sensors-see/sscrpcd/src/sscrpcd.cpp:109:sscrpcd daemon will restart after 25ms...
06-13 02:54:51.416     0     0 I device-mapper: verity: sha256 using implementation "sha256-ce"
06-13 02:54:51.416     0     0 I device-mapper: verity: sha256 using implementation "sha256-ce"
06-13 02:54:51.423     0     0 I EXT4-fs (dm-12): mounted filesystem without journal. Opts: (null)
06-13 02:54:51.429     0     0 I EXT4-fs (dm-14): mounted filesystem without journal. Opts: (null)
06-13 02:54:51.426   630   646 D vold    : Disk at 253:16 changed
06-13 02:54:51.426   630   646 D vold    : Disk at 253:16 changed
06-13 02:54:51.426   630   646 D vold    : Disk at 253:15 changed
06-13 02:54:51.426   630   646 D vold    : Disk at 253:15 changed
06-13 02:54:51.437   630   646 D vold    : Disk at 7:176 changed
06-13 02:54:51.441   669   669 I sscrpcd : vendor/qcom/proprietary/adsprpc/src/rpcmem_android.c:159: rpcmem_init_internal: opened ION device fd 5, configured heap IDs: system (0x2000000), contig (0x10), secure (0x400), secure flags (0x80080000)
06-13 02:54:51.441   669   669 I sscrpcd : vendor/qcom/proprietary/adsprpc/src/fastrpc_apps_user.c:3078: fastrpc_apps_user_init done with default domain:0 and &fastrpc_trace:0x72cba8dfa0
06-13 02:54:51.441   669   669 E sscrpcd : vendor/qcom/proprietary/sensors-see/sscrpcd/src/sscrpcd.cpp:94:adsp_default_listener_start called for [sensorspd]
06-13 02:54:51.441   669   669 I sscrpcd : vendor/qcom/proprietary/adsprpc/src/fastrpc_pm.c:85: fastrpc_wake_lock_init done for sscrpcd:669
06-13 02:54:51.441   669   669 I sscrpcd : vendor/qcom/proprietary/adsprpc/src/fastrpc_apps_user.c:1724: wakelock_control: enabled wakelock control for domain 0
06-13 02:54:51.441   669   669 E sscrpcd : vendor/qcom/proprietary/sensors-see/sscrpcd/src/sscrpcd.cpp:65:fastrpc wakelock control is enabled
06-13 02:54:51.441   669   669 I sscrpcd : vendor/qcom/proprietary/adsprpc/src/fastrpc_apps_user.c:1340: remote_handle_open: Successfully opened handle 0x0 for '":;./\createstaticpd:sensorspd on domain 0
06-13 02:54:51.441   669   669 E sscrpcd : vendor/qcom/proprietary/adsprpc/src/fastrpc_apps_user.c:2861: Error 0x200: apps_dev_init failed for domain 0, errno No such device
06-13 02:54:51.441   669   669 E sscrpcd : vendor/qcom/proprietary/adsprpc/src/fastrpc_apps_user.c:2959: Error 0x200: open_dev (-1) failed for domain 0 (errno No such device)
06-13 02:54:51.441   669   669 E sscrpcd : vendor/qcom/proprietary/adsprpc/src/fastrpc_apps_user.c:1343: Error 0x200: remote_handle_open failed for adsp_default_listener (errno Success)
06-13 02:54:51.441   669   669 E sscrpcd : vendor/qcom/proprietary/sensors-see/sscrpcd/src/sscrpcd.cpp:98:listener exits
06-13 02:54:51.441   669   669 I sscrpcd : vendor/qcom/proprietary/adsprpc/src/rpcmem_android.c:192: rpcmem_deinit_internal: closed ION fd 5
06-13 02:54:51.441   669   669 I sscrpcd : vendor/qcom/proprietary/adsprpc/src/fastrpc_pm.c:116: fastrpc_wake_lock_deinit done
06-13 02:54:51.441   669   669 I sscrpcd : vendor/qcom/proprietary/adsprpc/src/fastrpc_apps_user.c:3010: fastrpc_apps_user_deinit done
06-13 02:54:51.441   669   669 E sscrpcd : vendor/qcom/proprietary/sensors-see/sscrpcd/src/sscrpcd.cpp:109:sscrpcd daemon will restart after 25ms...
06-13 02:54:51.445     0     0 I EXT4-fs (dm-16): mounted filesystem without journal. Opts: (null)
06-13 02:54:51.448     0     0 I device-mapper: verity: sha256 using implementation "sha256-ce"
06-13 02:54:51.449     0     0 I EXT4-fs (dm-15): mounted filesystem without journal. Opts: (null)
06-13 02:54:51.444   630   646 D vold    : Disk at 7:184 changed
06-13 02:54:51.446   630   646 D vold    : Disk at 7:192 changed
06-13 02:54:51.448   630   646 D vold    : Disk at 7:200 changed
06-13 02:54:51.451   630   646 D vold    : Disk at 253:19 changed
06-13 02:54:51.451   630   646 D vold    : Disk at 253:20 changed
06-13 02:54:51.451   630   646 D vold    : Disk at 253:19 changed
06-13 02:54:51.451   630   646 D vold    : Disk at 253:20 changed
06-13 02:54:51.456     0     0 I device-mapper: verity: sha256 using implementation "sha256-ce"
06-13 02:54:51.458     0     0 I device-mapper: verity: sha256 using implementation "sha256-ce"
06-13 02:54:51.458     0     0 I device-mapper: verity: sha256 using implementation "sha256-ce"
06-13 02:54:51.454   630   646 D vold    : Disk at 253:17 changed
06-13 02:54:51.454   630   646 D vold    : Disk at 253:17 changed
06-13 02:54:51.469   669   669 I sscrpcd : vendor/qcom/proprietary/adsprpc/src/rpcmem_android.c:159: rpcmem_init_internal: opened ION device fd 5, configured heap IDs: system (0x2000000), contig (0x10), secure (0x400), secure flags (0x80080000)
06-13 02:54:51.469   669   669 I sscrpcd : vendor/qcom/proprietary/adsprpc/src/fastrpc_apps_user.c:3078: fastrpc_apps_user_init done with default domain:0 and &fastrpc_trace:0x72cadf2fa0
06-13 02:54:51.469   669   669 E sscrpcd : vendor/qcom/proprietary/sensors-see/sscrpcd/src/sscrpcd.cpp:94:adsp_default_listener_start called for [sensorspd]
06-13 02:54:51.469   669   669 I sscrpcd : vendor/qcom/proprietary/adsprpc/src/fastrpc_pm.c:85: fastrpc_wake_lock_init done for sscrpcd:669
06-13 02:54:51.469   669   669 I sscrpcd : vendor/qcom/proprietary/adsprpc/src/fastrpc_apps_user.c:1724: wakelock_control: enabled wakelock control for domain 0
06-13 02:54:51.469   669   669 E sscrpcd : vendor/qcom/proprietary/sensors-see/sscrpcd/src/sscrpcd.cpp:65:fastrpc wakelock control is enabled
06-13 02:54:51.469   669   669 I sscrpcd : vendor/qcom/proprietary/adsprpc/src/fastrpc_apps_user.c:1340: remote_handle_open: Successfully opened handle 0x0 for '":;./\createstaticpd:sensorspd on domain 0
06-13 02:54:51.469   669   669 E sscrpcd : vendor/qcom/proprietary/adsprpc/src/fastrpc_apps_user.c:2861: Error 0x200: apps_dev_init failed for domain 0, errno No such device
06-13 02:54:51.469   669   669 E sscrpcd : vendor/qcom/proprietary/adsprpc/src/fastrpc_apps_user.c:2959: Error 0x200: open_dev (-1) failed for domain 0 (errno No such device)
06-13 02:54:51.469   669   669 E sscrpcd : vendor/qcom/proprietary/adsprpc/src/fastrpc_apps_user.c:1343: Error 0x200: remote_handle_open failed for adsp_default_listener (errno Success)
06-13 02:54:51.469   669   669 E sscrpcd : vendor/qcom/proprietary/sensors-see/sscrpcd/src/sscrpcd.cpp:98:listener exits
06-13 02:54:51.469   669   669 I sscrpcd : vendor/qcom/proprietary/adsprpc/src/rpcmem_android.c:192: rpcmem_deinit_internal: closed ION fd 5
06-13 02:54:51.469   669   669 I sscrpcd : vendor/qcom/proprietary/adsprpc/src/fastrpc_pm.c:116: fastrpc_wake_lock_deinit done
06-13 02:54:51.469   669   669 I sscrpcd : vendor/qcom/proprietary/adsprpc/src/fastrpc_apps_user.c:3010: fastrpc_apps_user_deinit done
06-13 02:54:51.470   669   669 E sscrpcd : vendor/qcom/proprietary/sensors-see/sscrpcd/src/sscrpcd.cpp:109:sscrpcd daemon will restart after 25ms...
06-13 02:54:51.480     0     0 I EXT4-fs (dm-17): mounted filesystem without journal. Opts: (null)
06-13 02:54:51.480   630   646 D vold    : Disk at 253:18 changed
06-13 02:54:51.481   630   646 D vold    : Disk at 253:18 changed
06-13 02:54:51.494     0     0 I EXT4-fs (dm-18): mounted filesystem without journal. Opts: (null)
06-13 02:54:51.495     0     0 I EXT4-fs (dm-19): mounted filesystem without journal. Opts: (null)
06-13 02:54:51.497   669   669 I sscrpcd : vendor/qcom/proprietary/adsprpc/src/rpcmem_android.c:159: rpcmem_init_internal: opened ION device fd 5, configured heap IDs: system (0x2000000), contig (0x10), secure (0x400), secure flags (0x80080000)
06-13 02:54:51.497   669   669 I sscrpcd : vendor/qcom/proprietary/adsprpc/src/fastrpc_apps_user.c:3078: fastrpc_apps_user_init done with default domain:0 and &fastrpc_trace:0x72cba5dfa0
06-13 02:54:51.497   669   669 E sscrpcd : vendor/qcom/proprietary/sensors-see/sscrpcd/src/sscrpcd.cpp:94:adsp_default_listener_start called for [sensorspd]
06-13 02:54:51.497   669   669 I sscrpcd : vendor/qcom/proprietary/adsprpc/src/fastrpc_pm.c:85: fastrpc_wake_lock_init done for sscrpcd:669
06-13 02:54:51.497   669   669 I sscrpcd : vendor/qcom/proprietary/adsprpc/src/fastrpc_apps_user.c:1724: wakelock_control: enabled wakelock control for domain 0
06-13 02:54:51.497   669   669 E sscrpcd : vendor/qcom/proprietary/sensors-see/sscrpcd/src/sscrpcd.cpp:65:fastrpc wakelock control is enabled
06-13 02:54:51.497   669   669 I sscrpcd : vendor/qcom/proprietary/adsprpc/src/fastrpc_apps_user.c:1340: remote_handle_open: Successfully opened handle 0x0 for '":;./\createstaticpd:sensorspd on domain 0
06-13 02:54:51.497   669   669 E sscrpcd : vendor/qcom/proprietary/adsprpc/src/fastrpc_apps_user.c:2861: Error 0x200: apps_dev_init failed for domain 0, errno No such device
06-13 02:54:51.498   669   669 E sscrpcd : vendor/qcom/proprietary/adsprpc/src/fastrpc_apps_user.c:2959: Error 0x200: open_dev (-1) failed for domain 0 (errno No such device)
06-13 02:54:51.498   669   669 E sscrpcd : vendor/qcom/proprietary/adsprpc/src/fastrpc_apps_user.c:1343: Error 0x200: remote_handle_open failed for adsp_default_listener (errno Success)
06-13 02:54:51.498   669   669 E sscrpcd : vendor/qcom/proprietary/sensors-see/sscrpcd/src/sscrpcd.cpp:98:listener exits
06-13 02:54:51.498   669   669 I sscrpcd : vendor/qcom/proprietary/adsprpc/src/rpcmem_android.c:192: rpcmem_deinit_internal: closed ION fd 5
06-13 02:54:51.498   669   669 I sscrpcd : vendor/qcom/proprietary/adsprpc/src/fastrpc_pm.c:116: fastrpc_wake_lock_deinit done
06-13 02:54:51.498   669   669 I sscrpcd : vendor/qcom/proprietary/adsprpc/src/fastrpc_apps_user.c:3010: fastrpc_apps_user_deinit done
06-13 02:54:51.498   669   669 E sscrpcd : vendor/qcom/proprietary/sensors-see/sscrpcd/src/sscrpcd.cpp:109:sscrpcd daemon will restart after 25ms...
06-13 02:54:51.502     0     0 I EXT4-fs (dm-20): mounted filesystem without journal. Opts: (null)
06-13 02:54:51.501   630   646 D vold    : Disk at 7:208 changed
06-13 02:54:51.508   630   646 D vold    : Disk at 7:216 changed
06-13 02:54:51.511   630   646 D vold    : Disk at 7:224 changed
06-13 02:54:51.518     0     0 I device-mapper: verity: sha256 using implementation "sha256-ce"
06-13 02:54:51.521     0     0 I device-mapper: verity: sha256 using implementation "sha256-ce"
06-13 02:54:51.521     0     0 I device-mapper: verity: sha256 using implementation "sha256-ce"
06-13 02:54:51.513   630   646 D vold    : Disk at 253:23 changed
06-13 02:54:51.514   630   646 D vold    : Disk at 253:23 changed
06-13 02:54:51.518   630   646 D vold    : Disk at 253:21 changed
06-13 02:54:51.518   630   646 D vold    : Disk at 253:21 changed
06-13 02:54:51.524   669   669 I sscrpcd : vendor/qcom/proprietary/adsprpc/src/rpcmem_android.c:159: rpcmem_init_internal: opened ION device fd 5, configured heap IDs: system (0x2000000), contig (0x10), secure (0x400), secure flags (0x80080000)
06-13 02:54:51.524   669   669 I sscrpcd : vendor/qcom/proprietary/adsprpc/src/fastrpc_apps_user.c:3078: fastrpc_apps_user_init done with default domain:0 and &fastrpc_trace:0x72c97b6fa0
06-13 02:54:51.524   669   669 E sscrpcd : vendor/qcom/proprietary/sensors-see/sscrpcd/src/sscrpcd.cpp:94:adsp_default_listener_start called for [sensorspd]
06-13 02:54:51.524   669   669 I sscrpcd : vendor/qcom/proprietary/adsprpc/src/fastrpc_pm.c:85: fastrpc_wake_lock_init done for sscrpcd:669
06-13 02:54:51.524   669   669 I sscrpcd : vendor/qcom/proprietary/adsprpc/src/fastrpc_apps_user.c:1724: wakelock_control: enabled wakelock control for domain 0
06-13 02:54:51.524   669   669 E sscrpcd : vendor/qcom/proprietary/sensors-see/sscrpcd/src/sscrpcd.cpp:65:fastrpc wakelock control is enabled
06-13 02:54:51.524   669   669 I sscrpcd : vendor/qcom/proprietary/adsprpc/src/fastrpc_apps_user.c:1340: remote_handle_open: Successfully opened handle 0x0 for '":;./\createstaticpd:sensorspd on domain 0
06-13 02:54:51.524   669   669 E sscrpcd : vendor/qcom/proprietary/adsprpc/src/fastrpc_apps_user.c:2861: Error 0x200: apps_dev_init failed for domain 0, errno No such device
06-13 02:54:51.524   669   669 E sscrpcd : vendor/qcom/proprietary/adsprpc/src/fastrpc_apps_user.c:2959: Error 0x200: open_dev (-1) failed for domain 0 (errno No such device)
06-13 02:54:51.525   669   669 E sscrpcd : vendor/qcom/proprietary/adsprpc/src/fastrpc_apps_user.c:1343: Error 0x200: remote_handle_open failed for adsp_default_listener (errno Success)
06-13 02:54:51.525   669   669 E sscrpcd : vendor/qcom/proprietary/sensors-see/sscrpcd/src/sscrpcd.cpp:98:listener exits
06-13 02:54:51.525   669   669 I sscrpcd : vendor/qcom/proprietary/adsprpc/src/rpcmem_android.c:192: rpcmem_deinit_internal: closed ION fd 5
06-13 02:54:51.525   669   669 I sscrpcd : vendor/qcom/proprietary/adsprpc/src/fastrpc_pm.c:116: fastrpc_wake_lock_deinit done
06-13 02:54:51.525   669   669 I sscrpcd : vendor/qcom/proprietary/adsprpc/src/fastrpc_apps_user.c:3010: fastrpc_apps_user_deinit done
06-13 02:54:51.525   669   669 E sscrpcd : vendor/qcom/proprietary/sensors-see/sscrpcd/src/sscrpcd.cpp:109:sscrpcd daemon will restart after 25ms...
06-13 02:54:51.533   630   646 D vold    : Disk at 253:22 changed
06-13 02:54:51.534   630   646 D vold    : Disk at 253:22 changed
06-13 02:54:51.541     0     0 I EXT4-fs (dm-21): mounted filesystem without journal. Opts: (null)
06-13 02:54:51.550     0     0 I EXT4-fs (dm-22): mounted filesystem without journal. Opts: (null)
06-13 02:54:51.557     0     0 I EXT4-fs (dm-23): mounted filesystem without journal. Opts: (null)
06-13 02:54:51.551   669   669 I sscrpcd : vendor/qcom/proprietary/adsprpc/src/rpcmem_android.c:159: rpcmem_init_internal: opened ION device fd 5, configured heap IDs: system (0x2000000), contig (0x10), secure (0x400), secure flags (0x80080000)
06-13 02:54:51.551   669   669 I sscrpcd : vendor/qcom/proprietary/adsprpc/src/fastrpc_apps_user.c:3078: fastrpc_apps_user_init done with default domain:0 and &fastrpc_trace:0x72cbb11fa0
06-13 02:54:51.551   669   669 E sscrpcd : vendor/qcom/proprietary/sensors-see/sscrpcd/src/sscrpcd.cpp:94:adsp_default_listener_start called for [sensorspd]
06-13 02:54:51.551   669   669 I sscrpcd : vendor/qcom/proprietary/adsprpc/src/fastrpc_pm.c:85: fastrpc_wake_lock_init done for sscrpcd:669
06-13 02:54:51.551   669   669 I sscrpcd : vendor/qcom/proprietary/adsprpc/src/fastrpc_apps_user.c:1724: wakelock_control: enabled wakelock control for domain 0
