--------- beginning of kernel
11-06 10:51:10.092     0     0 D logd    : Skipping 18446744073709550508 entries from slow reader, pid 334, from LogBuffer::kickMe()
--------- beginning of radio
11-06 10:51:11.088  5391  5391 D DCT-C-0 : updateDataActivity: curTxRxSum={txSum=3815 rxSum=2906} preTxRxSum={txSum=3815 rxSum=2906}
11-06 10:51:11.088  5391  5391 D DCT-C-0 : updateDataActivity: sent=0 received=0
11-06 10:51:12.094  5391  5391 D DCT-C-0 : updateDataActivity: curTxRxSum={txSum=3815 rxSum=2906} preTxRxSum={txSum=3815 rxSum=2906}
11-06 10:51:12.094  5391  5391 D DCT-C-0 : updateDataActivity: sent=0 received=0
11-06 10:51:13.098  5391  5391 D DCT-C-0 : updateDataActivity: curTxRxSum={txSum=3815 rxSum=2906} preTxRxSum={txSum=3815 rxSum=2906}
11-06 10:51:13.098  5391  5391 D DCT-C-0 : updateDataActivity: sent=0 received=0
11-06 10:51:14.102  5391  5391 D DCT-C-0 : updateDataActivity: curTxRxSum={txSum=3815 rxSum=2906} preTxRxSum={txSum=3815 rxSum=2906}
11-06 10:51:14.102  5391  5391 D DCT-C-0 : updateDataActivity: sent=0 received=0
11-06 10:51:15.106  5391  5391 D DCT-C-0 : updateDataActivity: curTxRxSum={txSum=3815 rxSum=2906} preTxRxSum={txSum=3815 rxSum=2906}
11-06 10:51:15.106  5391  5391 D DCT-C-0 : updateDataActivity: sent=0 received=0
11-06 10:51:16.111  5391  5391 D DCT-C-0 : updateDataActivity: curTxRxSum={txSum=3815 rxSum=2906} preTxRxSum={txSum=3815 rxSum=2906}
11-06 10:51:16.111  5391  5391 D DCT-C-0 : updateDataActivity: sent=0 received=0
11-06 10:51:17.132     0     0 D logd    : logdr: UID=0 GID=0 PID=6431 b tail=0 logMask=ff pid=0 start=0ns timeout=0ns
11-06 10:51:17.115  5391  5391 D DCT-C-0 : updateDataActivity: curTxRxSum={txSum=3815 rxSum=2906} preTxRxSum={txSum=3815 rxSum=2906}
11-06 10:51:17.115  5391  5391 D DCT-C-0 : updateDataActivity: sent=0 received=0
11-06 10:51:18.120  5391  5391 D DCT-C-0 : updateDataActivity: curTxRxSum={txSum=3815 rxSum=2906} preTxRxSum={txSum=3815 rxSum=2906}
11-06 10:51:18.120  5391  5391 D DCT-C-0 : updateDataActivity: sent=0 received=0
11-06 10:51:19.124  5391  5391 D DCT-C-0 : updateDataActivity: curTxRxSum={txSum=3815 rxSum=2906} preTxRxSum={txSum=3815 rxSum=2906}
11-06 10:51:19.124  5391  5391 D DCT-C-0 : updateDataActivity: sent=0 received=0
11-06 10:51:20.127  5391  5391 D DCT-C-0 : updateDataActivity: curTxRxSum={txSum=3815 rxSum=2906} preTxRxSum={txSum=3815 rxSum=2906}
11-06 10:51:20.127  5391  5391 D DCT-C-0 : updateDataActivity: sent=0 received=0
11-06 10:51:21.131  5391  5391 D DCT-C-0 : updateDataActivity: curTxRxSum={txSum=3815 rxSum=2906} preTxRxSum={txSum=3815 rxSum=2906}
11-06 10:51:21.131  5391  5391 D DCT-C-0 : updateDataActivity: sent=0 received=0
11-06 10:51:22.134  5391  5391 D DCT-C-0 : updateDataActivity: curTxRxSum={txSum=3815 rxSum=2906} preTxRxSum={txSum=3815 rxSum=2906}
11-06 10:51:22.135  5391  5391 D DCT-C-0 : updateDataActivity: sent=0 received=0
11-06 10:51:23.139  5391  5391 D DCT-C-0 : updateDataActivity: curTxRxSum={txSum=3815 rxSum=2906} preTxRxSum={txSum=3815 rxSum=2906}
11-06 10:51:23.139  5391  5391 D DCT-C-0 : updateDataActivity: sent=0 received=0
11-06 10:51:24.145  5391  5391 D DCT-C-0 : updateDataActivity: curTxRxSum={txSum=3815 rxSum=2906} preTxRxSum={txSum=3815 rxSum=2906}
11-06 10:51:24.145  5391  5391 D DCT-C-0 : updateDataActivity: sent=0 received=0
--------- beginning of system
11-06 10:51:25.143  5071  6417 D PowerManagerService: acquireWakeLockInternal: lock=5774919, flags=0x1, tag="*telephony-radio*", ws=WorkSource{1001 com.android.phone}, uid=1001, pid=5391
11-06 10:51:25.143  5071  6417 D PowerManagerService: updateWakeLockSummaryLocked: mWakefulness=Awake, mWakeLockSummary=0x1
11-06 10:51:25.283     0     0 I init    : processing action (sys.sysctl.tcp_def_init_rwnd=*) from (/system/etc/init/hw/init.rc:994)
11-06 10:51:25.145  5071  6417 D PowerManagerService: updateUserActivitySummaryLocked: mWakefulness=Awake, mUserActivitySummary=0x1, nextTimeout=2230759999 (in 2147000104 ms)
11-06 10:51:25.145  5071  6417 D PowerManagerService: updateDisplayPowerStateLocked: mDisplayReady=true, policy=3, mWakefulness=1, mWakeLockSummary=0x1, mUserActivitySummary=0x1, mBootCompleted=true, screenBrightnessOverride=NaN, useAutoBrightness=false, mScreenBrightnessBoostInProgress=false, mIsVrModeEnabled= false, sQuiescent=false
11-06 10:51:25.146  5391  5391 D RILJ    : [0240]> SIGNAL_STRENGTH [PHONE0]
11-06 10:51:25.146   388   388 D RIL     : onRequest: SIGNAL_STRENGTH
11-06 10:51:25.146   388   388 D AT      : AT> AT+CSQ
11-06 10:51:25.147   388   453 D AT      : AT< %CGFPCCFG: 1,50000,20,4,1
11-06 10:51:25.147   388   453 D RIL     : got CGFPCCFG line %CGFPCCFG: 1,50000,20,4,1 and %CGFPCCFG: 1,50000,20,4,1
11-06 10:51:25.147   388   453 D RIL     : got i 0, val = 1
11-06 10:51:25.147   388   453 D RIL     : got i 1, val = 50000
11-06 10:51:25.147   388   453 D RIL     : got i 2, val = 20
11-06 10:51:25.147   388   453 D RIL     : got i 3, val = 4
11-06 10:51:25.147   388   453 D RIL     : got i 4, val = 1
11-06 10:51:25.147   388   453 D RILC    : reportPhysicalChannelConfigs: 1 50000 20 4 1
11-06 10:51:25.147   388   453 D AT      : AT< %CGFPCCFG: 2,50000,20,4,1
11-06 10:51:25.147   388   453 D RIL     : got CGFPCCFG line %CGFPCCFG: 2,50000,20,4,1 and %CGFPCCFG: 2,50000,20,4,1
11-06 10:51:25.147   388   453 D RIL     : got i 0, val = 2
11-06 10:51:25.147   388   453 D RIL     : got i 1, val = 50000
11-06 10:51:25.147   388   453 D RIL     : got i 2, val = 20
11-06 10:51:25.147   388   453 D RIL     : got i 3, val = 4
11-06 10:51:25.147   388   453 D RIL     : got i 4, val = 1
11-06 10:51:25.148   388   453 D RILC    : reportPhysicalChannelConfigs: 2 50000 20 4 1
11-06 10:51:25.148   388   453 D AT      : AT< +CSQ: 30,0,70,80,60,80,7,60,80,20,200,15,50
11-06 10:51:25.148   388   453 D AT      : AT< OK
11-06 10:51:25.148  5391  5497 D RILJ    : [UNSL]< RIL_UNSOL_PHYSICAL_CHANNEL_CONFIG [{mConnectionStatus=PrimaryServing,mCellBandwidthDownlinkKhz=50000,mRat=NR,mFrequencyRange=MMWAVE,mChannelNumber=2147483647,mContextIds=[1],mPhysicalCellId=0}] [PHONE0]
11-06 10:51:25.150  5391  5497 W CellSignalStrengthCdma: getCdmaLevel=0
11-06 10:51:25.150  5391  5497 W CellSignalStrengthCdma: getEvdoLevel=0
11-06 10:51:25.150  5391  5497 W CellSignalStrengthCdma: getCdmaLevel=0
11-06 10:51:25.150  5391  5497 E CellSignalStrengthLte: convertRssiAsuToDBm: invalid RSSI in ASU=60
11-06 10:51:25.150  5391  5497 I CellSignalStrengthLte: Updated 4G LTE RSRP Level: 4
11-06 10:51:25.150  5391  5497 D RILJ    : [0240]< SIGNAL_STRENGTH SignalStrength:{mCdma=CellSignalStrengthCdma: cdmaDbm=2147483647 cdmaEcio=2147483647 evdoDbm=2147483647 evdoEcio=2147483647 evdoSnr=2147483647 level=0,mGsm=CellSignalStrengthGsm: rssi=2147483647 ber=2147483647 mTa=2147483647 mLevel=0,mWcdma=CellSignalStrengthWcdma: ss=2147483647 ber=2147483647 rscp=2147483647 ecno=2147483647 level=0,mTdscdma=CellSignalStrengthTdscdma: rssi=2147483647 ber=2147483647 rscp=2147483647 level=0,mLte=CellSignalStrengthLte: rssi=2147483647 rsrp=-80 rsrq=-20 rssnr=20 cqi=15 ta=50 level=4 parametersUseForLevel=1,mNr=CellSignalStrengthNr:{ csiRsrp = 2147483647 csiRsrq = 2147483647 csiSinr = 2147483647 ssRsrp = 2147483647 ssRsrq = 2147483647 ssSinr = 2147483647 level = 0 parametersUseForLevel = 1 },primary=CellSignalStrengthLte} [PHONE0]
11-06 10:51:25.151  5391  5497 D RILJ    : [UNSL]< RIL_UNSOL_PHYSICAL_CHANNEL_CONFIG [{mConnectionStatus=SecondaryServing,mCellBandwidthDownlinkKhz=50000,mRat=NR,mFrequencyRange=MMWAVE,mChannelNumber=2147483647,mContextIds=[1],mPhysicalCellId=0}] [PHONE0]
11-06 10:51:25.153  5391  5391 D DCT-C-0 : updateDataActivity: curTxRxSum={txSum=3815 rxSum=2906} preTxRxSum={txSum=3815 rxSum=2906}
11-06 10:51:25.153  5391  5391 D DCT-C-0 : updateDataActivity: sent=0 received=0
11-06 10:51:25.153  5391  5546 D DC-C-1  : updateTcpBufferSizes: lte_ca
11-06 10:51:25.153  5391  5546 D DC-C-1  : updateLinkBandwidthsFromCarrierConfig: LTE
11-06 10:51:25.154  5391  5546 D SubscriptionController: [getSubId]+ slotIndex=0
11-06 10:51:25.154  5391  5546 D SubscriptionController: [getSubId]- subIdArr=[I@c9d4cab
11-06 10:51:25.154  5391  5546 D ApnSetting: isMeteredApnType: isRoaming=false
11-06 10:51:25.155  5071  5174 D ConnectivityService: Update of LinkProperties for [100 CELLULAR]; created=true; everConnected=true
11-06 10:51:25.155  5071  5174 D ConnectivityService: identical MTU - not setting
11-06 10:51:25.155  5071  5174 D ConnectivityService: Setting tx/rx TCP buffers to 4096,6291456,12582912,4096,1048576,2097152
11-06 10:51:25.158  5071  5174 D PowerManagerService: acquireWakeLockInternal: lock=106585726, flags=0x1, tag="NetworkStats", ws=null, uid=1000, pid=5071
11-06 10:51:25.158  5071  5174 D PowerManagerService: updateWakeLockSummaryLocked: mWakefulness=Awake, mWakeLockSummary=0x1
11-06 10:51:25.159  5071  5174 D PowerManagerService: updateUserActivitySummaryLocked: mWakefulness=Awake, mUserActivitySummary=0x1, nextTimeout=2230759999 (in 2147000091 ms)
11-06 10:51:25.159  5071  5174 D PowerManagerService: updateDisplayPowerStateLocked: mDisplayReady=true, policy=3, mWakefulness=1, mWakeLockSummary=0x1, mUserActivitySummary=0x1, mBootCompleted=true, screenBrightnessOverride=NaN, useAutoBrightness=false, mScreenBrightnessBoostInProgress=false, mIsVrModeEnabled= false, sQuiescent=false
11-06 10:51:25.159  5071  5174 D AppOps  : startOperation: allowing code 40 uid 1000 package android
--------- beginning of main
11-06 10:51:25.160  5071  5174 W BestClock: java.time.DateTimeException: Missing NTP fix
11-06 10:51:25.162  5391  5546 D ApnSetting: For subId = 1, metered APN types are [default, mms, supl, dun]
11-06 10:51:25.162  5391  5546 D ApnSetting: mms is metered.
11-06 10:51:25.163  5391  5546 D DcNetworkAgent-100: Changed from [ Transports: CELLULAR Capabilities: MMS&SUPL&DUN&FOTA&IMS&CBS&INTERNET&NOT_RESTRICTED&TRUSTED&NOT_VPN&NOT_ROAMING&NOT_CONGESTED&NOT_SUSPENDED LinkUpBandwidth>=60000Kbps LinkDnBandwidth>=145000Kbps Specifier: <TelephonyNetworkSpecifier [mSubId = 1]> RequestorUid: -1 RequestorPackageName: null] to [ Transports: CELLULAR Capabilities: MMS&SUPL&DUN&FOTA&IMS&CBS&INTERNET&NOT_RESTRICTED&TRUSTED&NOT_VPN&NOT_ROAMING&NOT_CONGESTED&NOT_SUSPENDED LinkUpBandwidth>=15000Kbps LinkDnBandwidth>=30000Kbps Specifier: <TelephonyNetworkSpecifier [mSubId = 1]> RequestorUid: -1 RequestorPackageName: null], Data RAT=14, dc=DC-C-1
11-06 10:51:25.163  5391  5391 D SubscriptionController: [getSubId]+ slotIndex=0
11-06 10:51:25.163  5391  5391 D SubscriptionController: [getSubId]- subIdArr=[I@397ef08
11-06 10:51:25.163  5391  5391 D ApnSetting: isMeteredApnType: isRoaming=false
11-06 10:51:25.165  5391  5391 D ApnSetting: For subId = 1, metered APN types are [default, mms, supl, dun]
11-06 10:51:25.165  5391  5391 D ApnSetting: mms is metered.
11-06 10:51:25.165  5391  5391 D SubscriptionController: [getSubId]+ slotIndex=0
11-06 10:51:25.165  5391  5391 D SubscriptionController: [getSubId]- subIdArr=[I@ab566a1
11-06 10:51:25.166  5391  5391 D DefaultPhoneNotifier: notifyServiceStateForSubId: mRegistryMgr=android.telephony.TelephonyRegistryManager@c1dbc9b ss={mVoiceRegState=0(IN_SERVICE), mDataRegState=0(IN_SERVICE), mChannelNumber=-1, duplexMode()=0, mCellBandwidths=[50000], mOperatorAlphaLong=Android, mOperatorAlphaShort=Android, isManualNetworkSelection=false(automatic), getRilVoiceRadioTechnology=0(Unknown), getRilDataRadioTechnology=14(LTE), mCssIndicator=unsupported, mNetworkId=-1, mSystemId=-1, mCdmaRoamingIndicator=-1, mCdmaDefaultRoamingIndicator=-1, mIsEmergencyOnly=false, isUsingCarrierAggregation=true, mLteEarfcnRsrpBoost=0, mNetworkRegistrationInfos=[NetworkRegistrationInfo{ domain=CS transportType=WWAN registrationState=HOME roamingType=NOT_ROAMING accessNetworkTechnology=UNKNOWN rejectCause=0 emergencyEnabled=false availableServices=[VOICE,SMS,VIDEO] cellIdentity=null voiceSpecificInfo=VoiceSpecificRegistrationInfo { mCssSupported=false mRoamingIndicator=-1 mSystemIsInPrl=0 mDefaultRoamingIndicator=0} dataSpecificInfo=null nrState=NONE rRplmn=}, NetworkRegistrationInfo{ domain=PS transportType=WWAN registrationState=HOME roamingType=NOT_ROAMING accessNetworkTechnology=LTE rejectCause=-1 emergencyEnabled=false availableServices=[DATA] cellIdentity=null voiceSpecificInfo=null dataSpecificInfo=android.telephony.DataSpecificRegistrationInfo :{ maxDataCalls = 1 isDcNrRestricted = false isNrAvailable = true isEnDcAvailable = true LteVopsSupportInfo :  mVopsSupport = 1 mEmcBearerSupport = 1 mIsUsingCarrierAggregation = true } nrState=NOT_RESTRICTED rRplmn=}], mNrFrequencyRange=4, mOperatorAlphaLongRaw=Android, mOperatorAlphaShortRaw=Android, mIsDataRoamingFromRegistration=false, mIsIwlanPreferred=false} sender=Handler (com.android.internal.telephony.GsmCdmaPhone) {c0fb2b5} phondId=0 subId=1
11-06 10:51:25.167  5071  5771 D AppOps  : noteOperation: allowing code 0 uid 10126 package com.android.systemui
--------- beginning of events
11-06 10:51:25.170  5071  5174 I netstats_mobile_sample: [13241,130,20320,190,13241,130,20320,190,12054,94,16610,185,1667703085170]
11-06 10:51:25.170  5071  5174 I netstats_wifi_sample: [0,0,0,0,0,0,0,0,0,0,0,0,1667703085170]
11-06 10:51:25.170  5071  5174 W BestClock: java.time.DateTimeException: Missing NTP fix
11-06 10:51:25.170  5071  5167 W BestClock: java.time.DateTimeException: Missing NTP fix
11-06 10:51:25.171  5071  5174 D PowerManagerService: releaseWakeLockInternal: lock=106585726 [NetworkStats], flags=0x0
11-06 10:51:25.171  5071  5174 D PowerManagerService: updateWakeLockSummaryLocked: mWakefulness=Awake, mWakeLockSummary=0x1
11-06 10:51:25.171  5071  5174 D PowerManagerService: updateUserActivitySummaryLocked: mWakefulness=Awake, mUserActivitySummary=0x1, nextTimeout=2230759999 (in 2147000078 ms)
11-06 10:51:25.171  5071  5174 D PowerManagerService: updateDisplayPowerStateLocked: mDisplayReady=true, policy=3, mWakefulness=1, mWakeLockSummary=0x1, mUserActivitySummary=0x1, mBootCompleted=true, screenBrightnessOverride=NaN, useAutoBrightness=false, mScreenBrightnessBoostInProgress=false, mIsVrModeEnabled= false, sQuiescent=false
11-06 10:51:25.172  5391  5417 D SubscriptionController: [getPhoneId] subId=1
11-06 10:51:25.172  5391  5417 D SubscriptionController: [getPhoneId]- found subId=1 phoneId=0
11-06 10:51:25.172  5391  5417 D PhoneInterfaceManager: [PhoneIntfMgr] isDataEnabled: subId=1 phoneId=0
11-06 10:51:25.172  5391  5417 D PhoneFactory: getPhone:- phoneId != DEFAULT_PHONE_ID return sPhones[phoneId] phoneId=0 phone=Handler (com.android.internal.telephony.GsmCdmaPhone) {c0fb2b5}
11-06 10:51:25.172  5391  5417 D PhoneInterfaceManager: [PhoneIntfMgr] isDataEnabled: subId=1 retVal=true
11-06 10:51:25.173  5391  5653 D PhoneFactory: getPhone:- phoneId != DEFAULT_PHONE_ID return sPhones[phoneId] phoneId=0 phone=Handler (com.android.internal.telephony.GsmCdmaPhone) {c0fb2b5}
11-06 10:51:25.179  5391  5563 D PhoneFactory: getPhone:- phoneId != DEFAULT_PHONE_ID return sPhones[phoneId] phoneId=0 phone=Handler (com.android.internal.telephony.GsmCdmaPhone) {c0fb2b5}
11-06 10:51:25.180  5391  5391 D PhoneFactory: getPhone:- phoneId != DEFAULT_PHONE_ID return sPhones[phoneId] phoneId=0 phone=Handler (com.android.internal.telephony.GsmCdmaPhone) {c0fb2b5}
11-06 10:51:25.180  5391  5391 D SubscriptionController: getSimStateForSlotIndex:  simState=LOADED ordinal=10 slotIndex=0
11-06 10:51:25.180  5071  5771 E PHONE   : ServiceState.getRadioTechnology() DEPRECATED will be removed *******
11-06 10:51:25.181  5071  5116 D AppOps  : noteOperation: allowing code 51 uid 10126 package com.android.systemui
11-06 10:51:25.181  5071  5116 D AppOps  : noteOperation: allowing code 51 uid 1001 package com.android.phone
11-06 10:51:25.182  5071  5116 D AppOps  : noteOperation: allowing code 51 uid 10127 package com.android.cellbroadcastreceiver.module
11-06 10:51:25.184  5587  5587 D CellBroadcastReceiver: onReceive Intent { act=android.intent.action.SERVICE_STATE flg=0x1000010 cmp=com.android.cellbroadcastreceiver.module/com.android.cellbroadcastreceiver.CellBroadcastReceiver (has extras) }
11-06 10:51:25.186  5391  5391 D SubscriptionController: [getSubId]+ slotIndex=0
11-06 10:51:25.186  5391  5391 D SubscriptionController: [getSubId]- subIdArr=[I@607f0c6
11-06 10:51:25.186  5071  5174 D ConnectivityService: notifyType CALLBACK_IP_CHANGED for [100 CELLULAR]
11-06 10:51:25.186  5071  5174 D ConnectivityService:  sending notification for NetworkRequest [ REQUEST id=1, [ Capabilities: INTERNET&NOT_RESTRICTED&TRUSTED&NOT_VPN AdministratorUids: [] RequestorUid: 1000 RequestorPackageName: android] ]
11-06 10:51:25.186  5071  5174 D ConnectivityService:  sending notification for NetworkRequest [ BACKGROUND_REQUEST id=2, [ Transports: CELLULAR Capabilities: INTERNET&NOT_RESTRICTED&TRUSTED&NOT_VPN AdministratorUids: [] RequestorUid: 1000 RequestorPackageName: android] ]
11-06 10:51:25.186  5071  5174 D ConnectivityService:  sending notification for NetworkRequest [ LISTEN id=4, [ Capabilities: FOREGROUND AdministratorUids: [] RequestorUid: 1000 RequestorPackageName: android] ]
11-06 10:51:25.186  5071  5174 D ConnectivityService: sending notification CALLBACK_IP_CHANGED for NetworkRequest [ LISTEN id=4, [ Capabilities: FOREGROUND AdministratorUids: [] RequestorUid: 1000 RequestorPackageName: android] ]
11-06 10:51:25.187  5071  5174 D ConnectivityService:  sending notification for NetworkRequest [ LISTEN id=5, [ Capabilities: NOT_RESTRICTED&TRUSTED&NOT_VPN&FOREGROUND Uid: 1000 AdministratorUids: [] RequestorUid: 1000 RequestorPackageName: android] ]
11-06 10:51:25.187  5071  5174 D ConnectivityService: sending notification CALLBACK_IP_CHANGED for NetworkRequest [ LISTEN id=5, [ Capabilities: NOT_RESTRICTED&TRUSTED&NOT_VPN&FOREGROUND Uid: 1000 AdministratorUids: [] RequestorUid: 1000 RequestorPackageName: android] ]
11-06 10:51:25.187  5071  5174 D ConnectivityService:  sending notification for NetworkRequest [ LISTEN id=6, [ Capabilities: NOT_RESTRICTED&TRUSTED&NOT_VPN Uid: 1000 AdministratorUids: [] RequestorUid: 1000 RequestorPackageName: android] ]
11-06 10:51:25.187  5071  5174 D ConnectivityService: sending notification CALLBACK_IP_CHANGED for NetworkRequest [ LISTEN id=6, [ Capabilities: NOT_RESTRICTED&TRUSTED&NOT_VPN Uid: 1000 AdministratorUids: [] RequestorUid: 1000 RequestorPackageName: android] ]
11-06 10:51:25.187  5071  5174 D ConnectivityService:  sending notification for NetworkRequest [ LISTEN id=7, [ Transports: CELLULAR Capabilities: INTERNET&NOT_RESTRICTED&TRUSTED&NOT_VPN Uid: 1000 AdministratorUids: [] RequestorUid: 1000 RequestorPackageName: android] ]
11-06 10:51:25.187  5071  5174 D ConnectivityService: sending notification CALLBACK_IP_CHANGED for NetworkRequest [ LISTEN id=7, [ Transports: CELLULAR Capabilities: INTERNET&NOT_RESTRICTED&TRUSTED&NOT_VPN Uid: 1000 AdministratorUids: [] RequestorUid: 1000 RequestorPackageName: android] ]
11-06 10:51:25.187  5071  5174 D ConnectivityService:  sending notification for NetworkRequest [ TRACK_DEFAULT id=9, [ Capabilities: INTERNET&NOT_RESTRICTED&TRUSTED Uid: 1000 AdministratorUids: [] RequestorUid: 1000 RequestorPackageName: android] ]
11-06 10:51:25.187  5071  5174 D ConnectivityService: sending notification CALLBACK_IP_CHANGED for NetworkRequest [ TRACK_DEFAULT id=9, [ Capabilities: INTERNET&NOT_RESTRICTED&TRUSTED Uid: 1000 AdministratorUids: [] RequestorUid: 1000 RequestorPackageName: android] ]
11-06 10:51:25.188  5071  5174 D ConnectivityService:  sending notification for NetworkRequest [ TRACK_DEFAULT id=10, [ Capabilities: INTERNET&NOT_RESTRICTED&TRUSTED Uid: 1073 AdministratorUids: [] RequestorUid: 1073 RequestorPackageName: com.android.networkstack] ]
11-06 10:51:25.188  5071  5174 D ConnectivityService: sending notification CALLBACK_IP_CHANGED for NetworkRequest [ TRACK_DEFAULT id=10, [ Capabilities: INTERNET&NOT_RESTRICTED&TRUSTED Uid: 1073 AdministratorUids: [] RequestorUid: 1073 RequestorPackageName: com.android.networkstack] ]
11-06 10:51:25.194  5071  5167 W BestClock: java.time.DateTimeException: Missing NTP fix
11-06 10:51:25.195  5391  5563 D SubscriptionController: [getPhoneId] subId=1
11-06 10:51:25.195  5391  5563 D SubscriptionController: [getPhoneId]- found subId=1 phoneId=0
11-06 10:51:25.195  5391  5563 D PhoneFactory: getPhone:- phoneId != DEFAULT_PHONE_ID return sPhones[phoneId] phoneId=0 phone=Handler (com.android.internal.telephony.GsmCdmaPhone) {c0fb2b5}
11-06 10:51:25.196  5391  5391 W CellSignalStrengthCdma: getCdmaLevel=0
11-06 10:51:25.197  5391  5391 W CellSignalStrengthCdma: getEvdoLevel=0
11-06 10:51:25.197  5391  5391 W CellSignalStrengthCdma: getCdmaLevel=0
11-06 10:51:25.197  5391  5391 I CellSignalStrengthLte: Using signal strength level: 1
11-06 10:51:25.197  5391  5391 I CellSignalStrengthLte: Applying LTE RSRP Thresholds: [-128, -118, -108, -98]
11-06 10:51:25.197  5391  5391 I CellSignalStrengthLte: Applying LTE RSRQ Thresholds: [-20, -17, -14, -11]
11-06 10:51:25.197  5391  5391 I CellSignalStrengthLte: Applying LTE RSSNR Thresholds: [-3, 1, 5, 13]
11-06 10:51:25.197  5391  5391 I CellSignalStrengthLte: Updated 4G LTE RSRP Level: 4
11-06 10:51:25.197  5391  5391 I CellSignalStrengthNr: Applying 5G NR SSRSRP Thresholds: [-110, -90, -80, -65]
11-06 10:51:25.197  5391  5391 I CellSignalStrengthNr: Applying 5G NR SSRSRQ Thresholds: [-31, -19, -7, 6]
11-06 10:51:25.197  5391  5391 I CellSignalStrengthNr: Applying 5G NR SSSINR Thresholds: [-5, 5, 15, 30]
11-06 10:51:25.197  5391  5391 I CellSignalStrengthNr: Updated 5G NR SSRSRP Level: 0
11-06 10:51:25.203  5391  5546 D DC-C-1  : updateTcpBufferSizes: nr
11-06 10:51:25.203  5391  5546 D DC-C-1  : updateLinkBandwidthsFromCarrierConfig: NR_NSA_MMWAVE
11-06 10:51:25.204  5391  5546 D SubscriptionController: [getSubId]+ slotIndex=0
11-06 10:51:25.204  5391  5546 D SubscriptionController: [getSubId]- subIdArr=[I@be20887
11-06 10:51:25.204  5391  5546 D ApnSetting: isMeteredApnType: isRoaming=false
11-06 10:51:25.206  5391  5546 D ApnSetting: For subId = 1, metered APN types are [default, mms, supl, dun]
11-06 10:51:25.206  5391  5546 D ApnSetting: mms is metered.
11-06 10:51:25.206  5391  5546 D DcNetworkAgent-100: Changed from [ Transports: CELLULAR Capabilities: MMS&SUPL&DUN&FOTA&IMS&CBS&INTERNET&NOT_RESTRICTED&TRUSTED&NOT_VPN&NOT_ROAMING&NOT_CONGESTED&NOT_SUSPENDED LinkUpBandwidth>=15000Kbps LinkDnBandwidth>=30000Kbps Specifier: <TelephonyNetworkSpecifier [mSubId = 1]> RequestorUid: -1 RequestorPackageName: null] to [ Transports: CELLULAR Capabilities: MMS&SUPL&DUN&FOTA&IMS&CBS&INTERNET&NOT_RESTRICTED&TRUSTED&NOT_VPN&NOT_ROAMING&NOT_CONGESTED&NOT_SUSPENDED LinkUpBandwidth>=60000Kbps LinkDnBandwidth>=145000Kbps Specifier: <TelephonyNetworkSpecifier [mSubId = 1]> RequestorUid: -1 RequestorPackageName: null], Data RAT=14, dc=DC-C-1
11-06 10:51:25.206  5391  5391 D SubscriptionController: [getSubId]+ slotIndex=0
11-06 10:51:25.206  5391  5391 D SubscriptionController: [getSubId]- subIdArr=[I@d40f3b4
11-06 10:51:25.206  5391  5391 D ApnSetting: isMeteredApnType: isRoaming=false
11-06 10:51:25.207  5071  5115 I service_manager_slow: [18,phone]
11-06 10:51:25.207  5391  5417 D SubscriptionController: [getSubId]+ slotIndex=0
11-06 10:51:25.207  5391  5417 D SubscriptionController: [getSubId]- subIdArr=[I@20cbdd
11-06 10:51:25.207  5391  5417 D PhoneFactory: getPhone:- phoneId != DEFAULT_PHONE_ID return sPhones[phoneId] phoneId=0 phone=Handler (com.android.internal.telephony.GsmCdmaPhone) {c0fb2b5}
11-06 10:51:25.207  5071  5174 D ConnectivityService:  sending notification for NetworkRequest [ REQUEST id=12, [ Capabilities: INTERNET&NOT_RESTRICTED&TRUSTED&NOT_VPN AdministratorUids: [] RequestorUid: 1073 RequestorPackageName: com.android.networkstack] ]
11-06 10:51:25.207  5071  5174 D ConnectivityService: sending notification CALLBACK_IP_CHANGED for NetworkRequest [ REQUEST id=12, [ Capabilities: INTERNET&NOT_RESTRICTED&TRUSTED&NOT_VPN AdministratorUids: [] RequestorUid: 1073 RequestorPackageName: com.android.networkstack] ]
11-06 10:51:25.209  5071  5174 D ConnectivityService:  sending notification for NetworkRequest [ TRACK_DEFAULT id=15, [ Capabilities: INTERNET&NOT_RESTRICTED&TRUSTED Uid: 10126 AdministratorUids: [] RequestorUid: 10126 RequestorPackageName: com.android.systemui] ]
11-06 10:51:25.209  5071  5174 D ConnectivityService: sending notification CALLBACK_IP_CHANGED for NetworkRequest [ TRACK_DEFAULT id=15, [ Capabilities: INTERNET&NOT_RESTRICTED&TRUSTED Uid: 10126 AdministratorUids: [] RequestorUid: 10126 RequestorPackageName: com.android.systemui] ]
11-06 10:51:25.211  5391  5391 D ApnSetting: For subId = 1, metered APN types are [default, mms, supl, dun]
11-06 10:51:25.211  5391  5391 D ApnSetting: mms is metered.
11-06 10:51:25.211  5391  5391 D SubscriptionController: [getSubId]+ slotIndex=0
11-06 10:51:25.211  5391  5391 D SubscriptionController: [getSubId]- subIdArr=[I@6025352
11-06 10:51:25.211  5391  5391 D DefaultPhoneNotifier: notifyServiceStateForSubId: mRegistryMgr=android.telephony.TelephonyRegistryManager@c1dbc9b ss={mVoiceRegState=0(IN_SERVICE), mDataRegState=0(IN_SERVICE), mChannelNumber=-1, duplexMode()=0, mCellBandwidths=[50000], mOperatorAlphaLong=Android, mOperatorAlphaShort=Android, isManualNetworkSelection=false(automatic), getRilVoiceRadioTechnology=0(Unknown), getRilDataRadioTechnology=14(LTE), mCssIndicator=unsupported, mNetworkId=-1, mSystemId=-1, mCdmaRoamingIndicator=-1, mCdmaDefaultRoamingIndicator=-1, mIsEmergencyOnly=false, isUsingCarrierAggregation=true, mLteEarfcnRsrpBoost=0, mNetworkRegistrationInfos=[NetworkRegistrationInfo{ domain=CS transportType=WWAN registrationState=HOME roamingType=NOT_ROAMING accessNetworkTechnology=UNKNOWN rejectCause=0 emergencyEnabled=false availableServices=[VOICE,SMS,VIDEO] cellIdentity=null voiceSpecificInfo=VoiceSpecificRegistrationInfo { mCssSupported=false mRoamingIndicator=-1 mSystemIsInPrl=0 mDefaultRoamingIndicator=0} dataSpecificInfo=null nrState=NONE rRplmn=}, NetworkRegistrationInfo{ domain=PS transportType=WWAN registrationState=HOME roamingType=NOT_ROAMING accessNetworkTechnology=LTE rejectCause=-1 emergencyEnabled=false availableServices=[DATA] cellIdentity=null voiceSpecificInfo=null dataSpecificInfo=android.telephony.DataSpecificRegistrationInfo :{ maxDataCalls = 1 isDcNrRestricted = false isNrAvailable = true isEnDcAvailable = true LteVopsSupportInfo :  mVopsSupport = 1 mEmcBearerSupport = 1 mIsUsingCarrierAggregation = true } nrState=CONNECTED rRplmn=}], mNrFrequencyRange=4, mOperatorAlphaLongRaw=Android, mOperatorAlphaShortRaw=Android, mIsDataRoamingFromRegistration=false, mIsIwlanPreferred=false} sender=Handler (com.android.internal.telephony.GsmCdmaPhone) {c0fb2b5} phondId=0 subId=1
11-06 10:51:25.212  5071  5771 D AppOps  : noteOperation: allowing code 0 uid 10126 package com.android.systemui
11-06 10:51:25.214  5071  5174 D ConnectivityService:  sending notification for NetworkRequest [ TRACK_DEFAULT id=16, [ Capabilities: INTERNET&NOT_RESTRICTED&TRUSTED Uid: 10126 AdministratorUids: [] RequestorUid: 10126 RequestorPackageName: com.android.systemui] ]
11-06 10:51:25.214  5071  5174 D ConnectivityService: sending notification CALLBACK_IP_CHANGED for NetworkRequest [ TRACK_DEFAULT id=16, [ Capabilities: INTERNET&NOT_RESTRICTED&TRUSTED Uid: 10126 AdministratorUids: [] RequestorUid: 10126 RequestorPackageName: com.android.systemui] ]
11-06 10:51:25.215  5391  5391 D PhoneFactory: getPhone:- phoneId != DEFAULT_PHONE_ID return sPhones[phoneId] phoneId=0 phone=Handler (com.android.internal.telephony.GsmCdmaPhone) {c0fb2b5}
11-06 10:51:25.215  5391  5391 D SubscriptionController: getSimStateForSlotIndex:  simState=LOADED ordinal=10 slotIndex=0
11-06 10:51:25.215  5071  5771 E PHONE   : ServiceState.getRadioTechnology() DEPRECATED will be removed *******
11-06 10:51:25.216  5071  5116 D AppOps  : noteOperation: allowing code 51 uid 10126 package com.android.systemui
11-06 10:51:25.216  5071  5116 D AppOps  : noteOperation: allowing code 51 uid 1001 package com.android.phone
11-06 10:51:25.217  5071  5116 D AppOps  : noteOperation: allowing code 51 uid 10127 package com.android.cellbroadcastreceiver.module
11-06 10:51:25.219  5587  5587 D CellBroadcastReceiver: onReceive Intent { act=android.intent.action.SERVICE_STATE flg=0x1000010 cmp=com.android.cellbroadcastreceiver.module/com.android.cellbroadcastreceiver.CellBroadcastReceiver (has extras) }
11-06 10:51:25.222  5391  5391 D NetworkTypeController: [0] NrConnectedState: process EVENT_NR_STATE_CHANGED
11-06 10:51:25.222  5391  5391 D NetworkTypeController: [0] Remove all timers
11-06 10:51:25.222  5391  5391 D LocaleTracker-0: updateLocale: countryIso = us, countryIsoDebugInfo = OperatorNumeric(310260): MccTable.countryCodeForMcc("310")
11-06 10:51:25.222  5391  5391 D LocaleTracker-0: updateLocale: timeZoneCountryIso = us, timeZoneCountryIsoDebugInfo = OperatorNumeric: MccTable.geoCountryCodeForMccMnc(MccMnc{mcc='310', mnc='260'})
11-06 10:51:25.222  5391  5391 D NewNitzStateMachineImpl: handleCountryDetected: countryIsoCode=us, mLatestNitzSignal=null
11-06 10:51:25.222  5391  5391 D CallManager:  handleMessage (EVENT_SERVICE_STATE_CHANGED)
11-06 10:51:25.222  5391  5391 D SmsDispatchersController: reevaluateTimerStatus: currentTime: 1667703085222 mCurrentWaitElapsedDuration: 510532
11-06 10:51:25.222  5391  5391 D SmsDispatchersController: handleInService: timer expiry in 85889468ms
11-06 10:51:25.223  5391  5391 D SubscriptionController: [getSubId]+ slotIndex=0
11-06 10:51:25.223  5391  5391 D SubscriptionController: [getSubId]- subIdArr=[I@7cca623
11-06 10:51:25.223  5391  5391 D SubscriptionController: [getPhoneId] subId=1
11-06 10:51:25.223  5391  5391 D SubscriptionController: [getPhoneId]- found subId=1 phoneId=0
11-06 10:51:25.223  5391  5391 D PhoneFactory: getPhone:- phoneId != DEFAULT_PHONE_ID return sPhones[phoneId] phoneId=0 phone=Handler (com.android.internal.telephony.GsmCdmaPhone) {c0fb2b5}
11-06 10:51:25.223  5071  5174 D ConnectivityService:  sending notification for NetworkRequest [ LISTEN id=18, [ AdministratorUids: [] RequestorUid: 10126 RequestorPackageName: com.android.systemui] ]
11-06 10:51:25.223  5071  5174 D ConnectivityService: sending notification CALLBACK_IP_CHANGED for NetworkRequest [ LISTEN id=18, [ AdministratorUids: [] RequestorUid: 10126 RequestorPackageName: com.android.systemui] ]
11-06 10:51:25.224  5391  5653 D SubscriptionController: [getPhoneId] subId=1
11-06 10:51:25.224  5391  5653 D SubscriptionController: [getPhoneId]- found subId=1 phoneId=0
11-06 10:51:25.225  5391  5653 D PhoneInterfaceManager: [PhoneIntfMgr] isDataEnabled: subId=1 phoneId=0
11-06 10:51:25.225  5391  5653 D PhoneFactory: getPhone:- phoneId != DEFAULT_PHONE_ID return sPhones[phoneId] phoneId=0 phone=Handler (com.android.internal.telephony.GsmCdmaPhone) {c0fb2b5}
11-06 10:51:25.225  5391  5653 D PhoneInterfaceManager: [PhoneIntfMgr] isDataEnabled: subId=1 retVal=true
11-06 10:51:25.225  5071  5174 D ConnectivityService: notifyType CALLBACK_CAP_CHANGED for [100 CELLULAR]
11-06 10:51:25.225  5071  5174 D ConnectivityService:  sending notification for NetworkRequest [ REQUEST id=1, [ Capabilities: INTERNET&NOT_RESTRICTED&TRUSTED&NOT_VPN AdministratorUids: [] RequestorUid: 1000 RequestorPackageName: android] ]
11-06 10:51:25.225  5071  5174 D ConnectivityService:  sending notification for NetworkRequest [ BACKGROUND_REQUEST id=2, [ Transports: CELLULAR Capabilities: INTERNET&NOT_RESTRICTED&TRUSTED&NOT_VPN AdministratorUids: [] RequestorUid: 1000 RequestorPackageName: android] ]
11-06 10:51:25.225  5071  5174 D ConnectivityService:  sending notification for NetworkRequest [ LISTEN id=4, [ Capabilities: FOREGROUND AdministratorUids: [] RequestorUid: 1000 RequestorPackageName: android] ]
11-06 10:51:25.225  5071  5174 D ConnectivityService: sending notification CALLBACK_CAP_CHANGED for NetworkRequest [ LISTEN id=4, [ Capabilities: FOREGROUND AdministratorUids: [] RequestorUid: 1000 RequestorPackageName: android] ]
11-06 10:51:25.226  5391  5417 D PhoneFactory: getPhone:- phoneId != DEFAULT_PHONE_ID return sPhones[phoneId] phoneId=0 phone=Handler (com.android.internal.telephony.GsmCdmaPhone) {c0fb2b5}
11-06 10:51:25.226  5071  5174 D ConnectivityService:  sending notification for NetworkRequest [ LISTEN id=5, [ Capabilities: NOT_RESTRICTED&TRUSTED&NOT_VPN&FOREGROUND Uid: 1000 AdministratorUids: [] RequestorUid: 1000 RequestorPackageName: android] ]
11-06 10:51:25.227  5071  5174 D ConnectivityService: sending notification CALLBACK_CAP_CHANGED for NetworkRequest [ LISTEN id=5, [ Capabilities: NOT_RESTRICTED&TRUSTED&NOT_VPN&FOREGROUND Uid: 1000 AdministratorUids: [] RequestorUid: 1000 RequestorPackageName: android] ]
11-06 10:51:25.228  5071  5174 D ConnectivityService:  sending notification for NetworkRequest [ LISTEN id=6, [ Capabilities: NOT_RESTRICTED&TRUSTED&NOT_VPN Uid: 1000 AdministratorUids: [] RequestorUid: 1000 RequestorPackageName: android] ]
11-06 10:51:25.228  5071  5174 D ConnectivityService: sending notification CALLBACK_CAP_CHANGED for NetworkRequest [ LISTEN id=6, [ Capabilities: NOT_RESTRICTED&TRUSTED&NOT_VPN Uid: 1000 AdministratorUids: [] RequestorUid: 1000 RequestorPackageName: android] ]
11-06 10:51:25.228  5071  5174 D ConnectivityService:  sending notification for NetworkRequest [ LISTEN id=7, [ Transports: CELLULAR Capabilities: INTERNET&NOT_RESTRICTED&TRUSTED&NOT_VPN Uid: 1000 AdministratorUids: [] RequestorUid: 1000 RequestorPackageName: android] ]
11-06 10:51:25.229  5071  5174 D ConnectivityService: sending notification CALLBACK_CAP_CHANGED for NetworkRequest [ LISTEN id=7, [ Transports: CELLULAR Capabilities: INTERNET&NOT_RESTRICTED&TRUSTED&NOT_VPN Uid: 1000 AdministratorUids: [] RequestorUid: 1000 RequestorPackageName: android] ]
11-06 10:51:25.229  5071  5174 D ConnectivityService:  sending notification for NetworkRequest [ TRACK_DEFAULT id=9, [ Capabilities: INTERNET&NOT_RESTRICTED&TRUSTED Uid: 1000 AdministratorUids: [] RequestorUid: 1000 RequestorPackageName: android] ]
11-06 10:51:25.229  5071  5174 D ConnectivityService: sending notification CALLBACK_CAP_CHANGED for NetworkRequest [ TRACK_DEFAULT id=9, [ Capabilities: INTERNET&NOT_RESTRICTED&TRUSTED Uid: 1000 AdministratorUids: [] RequestorUid: 1000 RequestorPackageName: android] ]
11-06 10:51:25.230  5071  5174 D ConnectivityService:  sending notification for NetworkRequest [ TRACK_DEFAULT id=10, [ Capabilities: INTERNET&NOT_RESTRICTED&TRUSTED Uid: 1073 AdministratorUids: [] RequestorUid: 1073 RequestorPackageName: com.android.networkstack] ]
11-06 10:51:25.230  5071  5174 D ConnectivityService: sending notification CALLBACK_CAP_CHANGED for NetworkRequest [ TRACK_DEFAULT id=10, [ Capabilities: INTERNET&NOT_RESTRICTED&TRUSTED Uid: 1073 AdministratorUids: [] RequestorUid: 1073 RequestorPackageName: com.android.networkstack] ]
11-06 10:51:25.231  5391  5391 D SubscriptionController: [getSubId]+ slotIndex=0
11-06 10:51:25.231  5391  5391 D SubscriptionController: [getSubId]- subIdArr=[I@ed39720
11-06 10:51:25.231  5391  5391 D Phone   : getImsRegistrationTechnology =-1
11-06 10:51:25.231  5391  5391 D SubscriptionController: [getSubId]+ slotIndex=0
11-06 10:51:25.231  5391  5391 D SubscriptionController: [getSubId]- subIdArr=[I@ae348d9
11-06 10:51:25.231  5071  5174 D ConnectivityService:  sending notification for NetworkRequest [ REQUEST id=12, [ Capabilities: INTERNET&NOT_RESTRICTED&TRUSTED&NOT_VPN AdministratorUids: [] RequestorUid: 1073 RequestorPackageName: com.android.networkstack] ]
11-06 10:51:25.231  5071  5174 D ConnectivityService: sending notification CALLBACK_CAP_CHANGED for NetworkRequest [ REQUEST id=12, [ Capabilities: INTERNET&NOT_RESTRICTED&TRUSTED&NOT_VPN AdministratorUids: [] RequestorUid: 1073 RequestorPackageName: com.android.networkstack] ]
11-06 10:51:25.232  5071  5174 D ConnectivityService:  sending notification for NetworkRequest [ TRACK_DEFAULT id=15, [ Capabilities: INTERNET&NOT_RESTRICTED&TRUSTED Uid: 10126 AdministratorUids: [] RequestorUid: 10126 RequestorPackageName: com.android.systemui] ]
11-06 10:51:25.232  5071  5174 D ConnectivityService: sending notification CALLBACK_CAP_CHANGED for NetworkRequest [ TRACK_DEFAULT id=15, [ Capabilities: INTERNET&NOT_RESTRICTED&TRUSTED Uid: 10126 AdministratorUids: [] RequestorUid: 10126 RequestorPackageName: com.android.systemui] ]
11-06 10:51:25.233  5391  5417 D PhoneFactory: getPhone:- phoneId != DEFAULT_PHONE_ID return sPhones[phoneId] phoneId=0 phone=Handler (com.android.internal.telephony.GsmCdmaPhone) {c0fb2b5}
11-06 10:51:25.234  5391  5391 I Telephony: isRttCurrentlySupported -- regular acct, hasVoiceAvailability: false
11-06 10:51:25.234  5391  5391 I Telephony:  isRttSupported: false
11-06 10:51:25.234  5391  5391 I Telephony:  alwaysAllowWhileRoaming: false
11-06 10:51:25.234  5391  5391 I Telephony:  isRoaming: false
11-06 10:51:25.234  5391  5391 I Telephony:  isOnWfc: false
11-06 10:51:25.234  5391  5391 V PhoneGlobals: handleServiceStateChanged
11-06 10:51:25.234  5391  5391 D PhoneFactory: getPhone:- phoneId != DEFAULT_PHONE_ID return sPhones[phoneId] phoneId=0 phone=Handler (com.android.internal.telephony.GsmCdmaPhone) {c0fb2b5}
11-06 10:51:25.234  5391  5391 D NotificationMgr: updateNetworkSelection()...state = 0 new network 
11-06 10:51:25.234  5391  5391 V PhoneGlobals: subId=1,mDefaultDataSubId=1,ss roaming=false
11-06 10:51:25.234  5391  5391 V PhoneGlobals: updateDataRoamingStatus
11-06 10:51:25.235  5071  5174 D ConnectivityService:  sending notification for NetworkRequest [ TRACK_DEFAULT id=16, [ Capabilities: INTERNET&NOT_RESTRICTED&TRUSTED Uid: 10126 AdministratorUids: [] RequestorUid: 10126 RequestorPackageName: com.android.systemui] ]
11-06 10:51:25.235  5071  5174 D ConnectivityService: sending notification CALLBACK_CAP_CHANGED for NetworkRequest [ TRACK_DEFAULT id=16, [ Capabilities: INTERNET&NOT_RESTRICTED&TRUSTED Uid: 10126 AdministratorUids: [] RequestorUid: 10126 RequestorPackageName: com.android.systemui] ]
11-06 10:51:25.235  5071  5174 D ConnectivityService:  sending notification for NetworkRequest [ LISTEN id=18, [ AdministratorUids: [] RequestorUid: 10126 RequestorPackageName: com.android.systemui] ]
11-06 10:51:25.235  5071  5174 D ConnectivityService: sending notification CALLBACK_CAP_CHANGED for NetworkRequest [ LISTEN id=18, [ AdministratorUids: [] RequestorUid: 10126 RequestorPackageName: com.android.systemui] ]
11-06 10:51:25.234  5391  5391 D PhoneFactory: getPhone:- phoneId != DEFAULT_PHONE_ID return sPhones[phoneId] phoneId=0 phone=Handler (com.android.internal.telephony.GsmCdmaPhone) {c0fb2b5}
11-06 10:51:25.236  5391  5391 D DCT-C-0 : shouldRestrictDataForEcbm: isInEcm=false isInImsEcm=false
11-06 10:51:25.236  5391  5391 D SubscriptionController: [getSubId]+ slotIndex=0
11-06 10:51:25.236  5391  5391 D SubscriptionController: [getSubId]- subIdArr=[I@3ce529e
11-06 10:51:25.237  5071  5174 W BestClock: java.time.DateTimeException: Missing NTP fix
11-06 10:51:25.237  5071  5174 D ConnectivityService: Update of LinkProperties for [100 CELLULAR]; created=true; everConnected=true
11-06 10:51:25.237  5071  5174 D ConnectivityService: identical MTU - not setting
11-06 10:51:25.237  5071  5174 D ConnectivityService: Setting tx/rx TCP buffers to 2097152,6291456,16777216,512000,2097152,8388608
11-06 10:51:25.238  5391  5391 V PhoneGlobals: dataAllowed=true, reasons=Data allowed, reason: NORMAL
11-06 10:51:25.238  5391  5391 D PhoneFactory: getPhone:- phoneId != DEFAULT_PHONE_ID return sPhones[phoneId] phoneId=0 phone=Handler (com.android.internal.telephony.GsmCdmaPhone) {c0fb2b5}
11-06 10:51:25.238  5391  5391 D NetworkTypeController: [0] NrConnectedState: process EVENT_NR_STATE_CHANGED
11-06 10:51:25.238  5391  5391 D NetworkTypeController: [0] Remove all timers
11-06 10:51:25.238  5391  5391 D LocaleTracker-0: updateLocale: countryIso = us, countryIsoDebugInfo = OperatorNumeric(310260): MccTable.countryCodeForMcc("310")
11-06 10:51:25.238  5391  5391 D LocaleTracker-0: updateLocale: timeZoneCountryIso = us, timeZoneCountryIsoDebugInfo = OperatorNumeric: MccTable.geoCountryCodeForMccMnc(MccMnc{mcc='310', mnc='260'})
11-06 10:51:25.238  5391  5391 D NewNitzStateMachineImpl: handleCountryDetected: countryIsoCode=us, mLatestNitzSignal=null
11-06 10:51:25.238  5391  5391 D CallManager:  handleMessage (EVENT_SERVICE_STATE_CHANGED)
11-06 10:51:25.238  5391  5391 D SmsDispatchersController: reevaluateTimerStatus: currentTime: 1667703085238 mCurrentWaitElapsedDuration: 510548
11-06 10:51:25.238  5391  5391 D SmsDispatchersController: handleInService: timer expiry in 85889452ms
11-06 10:51:25.238  5391  5391 D SubscriptionController: [getSubId]+ slotIndex=0
11-06 10:51:25.238  5391  5391 D SubscriptionController: [getSubId]- subIdArr=[I@39817f
11-06 10:51:25.238  5391  5391 D SubscriptionController: [getPhoneId] subId=1
11-06 10:51:25.238  5391  5391 D SubscriptionController: [getPhoneId]- found subId=1 phoneId=0
11-06 10:51:25.238  5391  5391 D PhoneFactory: getPhone:- phoneId != DEFAULT_PHONE_ID return sPhones[phoneId] phoneId=0 phone=Handler (com.android.internal.telephony.GsmCdmaPhone) {c0fb2b5}
11-06 10:51:25.241  5071  5174 D PowerManagerService: acquireWakeLockInternal: lock=106585726, flags=0x1, tag="NetworkStats", ws=null, uid=1000, pid=5071
11-06 10:51:25.241  5071  5174 D PowerManagerService: updateWakeLockSummaryLocked: mWakefulness=Awake, mWakeLockSummary=0x1
11-06 10:51:25.241  5071  5174 D PowerManagerService: updateUserActivitySummaryLocked: mWakefulness=Awake, mUserActivitySummary=0x1, nextTimeout=2230759999 (in 2147000008 ms)
11-06 10:51:25.241  5071  5174 D PowerManagerService: updateDisplayPowerStateLocked: mDisplayReady=true, policy=3, mWakefulness=1, mWakeLockSummary=0x1, mUserActivitySummary=0x1, mBootCompleted=true, screenBrightnessOverride=NaN, useAutoBrightness=false, mScreenBrightnessBoostInProgress=false, mIsVrModeEnabled= false, sQuiescent=false
11-06 10:51:25.241  5391  5653 D SubscriptionController: [getSubId]+ slotIndex=0
11-06 10:51:25.241  5391  5653 D SubscriptionController: [getSubId]- subIdArr=[I@52b054c
11-06 10:51:25.241  5391  5653 D PhoneFactory: getPhone:- phoneId != DEFAULT_PHONE_ID return sPhones[phoneId] phoneId=0 phone=Handler (com.android.internal.telephony.GsmCdmaPhone) {c0fb2b5}
11-06 10:51:25.242  5071  5174 D AppOps  : startOperation: allowing code 40 uid 1000 package android
11-06 10:51:25.243  5071  5174 W BestClock: java.time.DateTimeException: Missing NTP fix
11-06 10:51:25.247  5391  5391 D SubscriptionController: [getSubId]+ slotIndex=0
11-06 10:51:25.247  5391  5391 D SubscriptionController: [getSubId]- subIdArr=[I@3b69995
11-06 10:51:25.247  5391  5391 D Phone   : getImsRegistrationTechnology =-1
11-06 10:51:25.247  5391  5391 D SubscriptionController: [getSubId]+ slotIndex=0
11-06 10:51:25.247  5391  5391 D SubscriptionController: [getSubId]- subIdArr=[I@5c8faaa
11-06 10:51:25.249  5391  5391 I Telephony: isRttCurrentlySupported -- regular acct, hasVoiceAvailability: false
11-06 10:51:25.249  5391  5391 I Telephony:  isRttSupported: false
11-06 10:51:25.249  5391  5391 I Telephony:  alwaysAllowWhileRoaming: false
11-06 10:51:25.249  5391  5391 I Telephony:  isRoaming: false
11-06 10:51:25.249  5391  5391 I Telephony:  isOnWfc: false
11-06 10:51:25.249  5391  5391 V PhoneGlobals: handleServiceStateChanged
11-06 10:51:25.249  5391  5391 D PhoneFactory: getPhone:- phoneId != DEFAULT_PHONE_ID return sPhones[phoneId] phoneId=0 phone=Handler (com.android.internal.telephony.GsmCdmaPhone) {c0fb2b5}
11-06 10:51:25.249  5391  5391 D NotificationMgr: updateNetworkSelection()...state = 0 new network 
11-06 10:51:25.249  5391  5391 V PhoneGlobals: subId=1,mDefaultDataSubId=1,ss roaming=false
11-06 10:51:25.249  5391  5391 V PhoneGlobals: updateDataRoamingStatus
11-06 10:51:25.249  5391  5391 D PhoneFactory: getPhone:- phoneId != DEFAULT_PHONE_ID return sPhones[phoneId] phoneId=0 phone=Handler (com.android.internal.telephony.GsmCdmaPhone) {c0fb2b5}
11-06 10:51:25.249  5391  5391 D DCT-C-0 : shouldRestrictDataForEcbm: isInEcm=false isInImsEcm=false
11-06 10:51:25.249  5391  5391 D SubscriptionController: [getSubId]+ slotIndex=0
11-06 10:51:25.249  5391  5391 D SubscriptionController: [getSubId]- subIdArr=[I@c6eb69b
11-06 10:51:25.249  5391  5391 V PhoneGlobals: dataAllowed=true, reasons=Data allowed, reason: NORMAL
11-06 10:51:25.249  5391  5391 D PhoneFactory: getPhone:- phoneId != DEFAULT_PHONE_ID return sPhones[phoneId] phoneId=0 phone=Handler (com.android.internal.telephony.GsmCdmaPhone) {c0fb2b5}
11-06 10:51:25.259  5071  5174 W BestClock: java.time.DateTimeException: Missing NTP fix
11-06 10:51:25.259  5071  5174 I netstats_mobile_sample: [13241,130,20320,190,13241,130,20320,190,12054,94,16610,185,1667703085259]
11-06 10:51:25.259  5071  5174 I netstats_wifi_sample: [0,0,0,0,0,0,0,0,0,0,0,0,1667703085259]
11-06 10:51:25.260  5071  5167 W BestClock: java.time.DateTimeException: Missing NTP fix
11-06 10:51:25.260  5071  5174 D PowerManagerService: releaseWakeLockInternal: lock=106585726 [NetworkStats], flags=0x0
11-06 10:51:25.260  5071  5174 D PowerManagerService: updateWakeLockSummaryLocked: mWakefulness=Awake, mWakeLockSummary=0x1
11-06 10:51:25.260  5071  5174 D PowerManagerService: updateUserActivitySummaryLocked: mWakefulness=Awake, mUserActivitySummary=0x1, nextTimeout=2230759999 (in 2146999989 ms)
11-06 10:51:25.260  5071  5174 D PowerManagerService: updateDisplayPowerStateLocked: mDisplayReady=true, policy=3, mWakefulness=1, mWakeLockSummary=0x1, mUserActivitySummary=0x1, mBootCompleted=true, screenBrightnessOverride=NaN, useAutoBrightness=false, mScreenBrightnessBoostInProgress=false, mIsVrModeEnabled= false, sQuiescent=false
11-06 10:51:25.273  5391  5417 D SubscriptionController: [getPhoneId] subId=1
11-06 10:51:25.273  5391  5417 D SubscriptionController: [getPhoneId]- found subId=1 phoneId=0
11-06 10:51:25.273  5391  5417 D PhoneFactory: getPhone:- phoneId != DEFAULT_PHONE_ID return sPhones[phoneId] phoneId=0 phone=Handler (com.android.internal.telephony.GsmCdmaPhone) {c0fb2b5}
11-06 10:51:25.273  5071  5174 D ConnectivityService: notifyType CALLBACK_IP_CHANGED for [100 CELLULAR]
11-06 10:51:25.274  5071  5174 D ConnectivityService:  sending notification for NetworkRequest [ REQUEST id=1, [ Capabilities: INTERNET&NOT_RESTRICTED&TRUSTED&NOT_VPN AdministratorUids: [] RequestorUid: 1000 RequestorPackageName: android] ]
11-06 10:51:25.274  5071  5174 D ConnectivityService:  sending notification for NetworkRequest [ BACKGROUND_REQUEST id=2, [ Transports: CELLULAR Capabilities: INTERNET&NOT_RESTRICTED&TRUSTED&NOT_VPN AdministratorUids: [] RequestorUid: 1000 RequestorPackageName: android] ]
11-06 10:51:25.274  5071  5174 D ConnectivityService:  sending notification for NetworkRequest [ LISTEN id=4, [ Capabilities: FOREGROUND AdministratorUids: [] RequestorUid: 1000 RequestorPackageName: android] ]
11-06 10:51:25.274  5071  5174 D ConnectivityService: sending notification CALLBACK_IP_CHANGED for NetworkRequest [ LISTEN id=4, [ Capabilities: FOREGROUND AdministratorUids: [] RequestorUid: 1000 RequestorPackageName: android] ]
11-06 10:51:25.274  5071  5174 D ConnectivityService:  sending notification for NetworkRequest [ LISTEN id=5, [ Capabilities: NOT_RESTRICTED&TRUSTED&NOT_VPN&FOREGROUND Uid: 1000 AdministratorUids: [] RequestorUid: 1000 RequestorPackageName: android] ]
11-06 10:51:25.274  5071  5174 D ConnectivityService: sending notification CALLBACK_IP_CHANGED for NetworkRequest [ LISTEN id=5, [ Capabilities: NOT_RESTRICTED&TRUSTED&NOT_VPN&FOREGROUND Uid: 1000 AdministratorUids: [] RequestorUid: 1000 RequestorPackageName: android] ]
11-06 10:51:25.274  5071  5174 D ConnectivityService:  sending notification for NetworkRequest [ LISTEN id=6, [ Capabilities: NOT_RESTRICTED&TRUSTED&NOT_VPN Uid: 1000 AdministratorUids: [] RequestorUid: 1000 RequestorPackageName: android] ]
11-06 10:51:25.274  5071  5174 D ConnectivityService: sending notification CALLBACK_IP_CHANGED for NetworkRequest [ LISTEN id=6, [ Capabilities: NOT_RESTRICTED&TRUSTED&NOT_VPN Uid: 1000 AdministratorUids: [] RequestorUid: 1000 RequestorPackageName: android] ]
11-06 10:51:25.274  5071  5174 D ConnectivityService:  sending notification for NetworkRequest [ LISTEN id=7, [ Transports: CELLULAR Capabilities: INTERNET&NOT_RESTRICTED&TRUSTED&NOT_VPN Uid: 1000 AdministratorUids: [] RequestorUid: 1000 RequestorPackageName: android] ]
11-06 10:51:25.274  5071  5174 D ConnectivityService: sending notification CALLBACK_IP_CHANGED for NetworkRequest [ LISTEN id=7, [ Transports: CELLULAR Capabilities: INTERNET&NOT_RESTRICTED&TRUSTED&NOT_VPN Uid: 1000 AdministratorUids: [] RequestorUid: 1000 RequestorPackageName: android] ]
11-06 10:51:25.274  5071  5174 D ConnectivityService:  sending notification for NetworkRequest [ TRACK_DEFAULT id=9, [ Capabilities: INTERNET&NOT_RESTRICTED&TRUSTED Uid: 1000 AdministratorUids: [] RequestorUid: 1000 RequestorPackageName: android] ]
11-06 10:51:25.274  5071  5174 D ConnectivityService: sending notification CALLBACK_IP_CHANGED for NetworkRequest [ TRACK_DEFAULT id=9, [ Capabilities: INTERNET&NOT_RESTRICTED&TRUSTED Uid: 1000 AdministratorUids: [] RequestorUid: 1000 RequestorPackageName: android] ]
11-06 10:51:25.274  5071  5174 D ConnectivityService:  sending notification for NetworkRequest [ TRACK_DEFAULT id=10, [ Capabilities: INTERNET&NOT_RESTRICTED&TRUSTED Uid: 1073 AdministratorUids: [] RequestorUid: 1073 RequestorPackageName: com.android.networkstack] ]
11-06 10:51:25.275  5071  5174 D ConnectivityService: sending notification CALLBACK_IP_CHANGED for NetworkRequest [ TRACK_DEFAULT id=10, [ Capabilities: INTERNET&NOT_RESTRICTED&TRUSTED Uid: 1073 AdministratorUids: [] RequestorUid: 1073 RequestorPackageName: com.android.networkstack] ]
