11-06 10:51:36.365  5071  5115 D AppOps  : noteOperation: allowing code 14 uid 1000 package android
11-06 10:51:36.370  5391  5653 D SubscriptionController: [getDefaultSmsSubId] subId=1
11-06 10:51:36.374  5834  6331 I MessagingAppDataModel: ReceiveSmsMessageAction: Received SMS message 15 in conversation 3, uri = content://sms/15
11-06 10:51:36.374  5834  6331 I MessagingAppDataModel: ProcessPendingMessagesAction: Scheduling pending messages
11-06 10:51:36.381  5071  5771 D AppOps  : noteOperation: allowing code 51 uid 10109 package com.android.messaging
11-06 10:51:36.382  5071  5771 D AppOps  : noteOperation: allowing code 89 uid 10109 package com.android.messaging
11-06 10:51:36.383  5071  5771 D AppOps  : noteOperation: allowing code 51 uid 10109 package com.android.messaging
11-06 10:51:36.376  5391  5653 I chatty  : uid=1001(radio) Binder:5391_D identical 2 lines
11-06 10:51:36.380  5391  5653 D SubscriptionController: [getDefaultSmsSubId] subId=1
11-06 10:51:36.386  5391  5563 D SubscriptionController: [getDefaultSmsSubId] subId=1
11-06 10:51:36.399  5391  5653 D SubscriptionController: [getDefaultSmsSubId] subId=1
11-06 10:51:36.404  5071  5771 D AppOps  : noteOperation: reject #3 for code 43 (43) uid 1000 package android
11-06 10:51:36.405  5071  5071 I notification_enqueue: [10109,5834,com.android.messaging,0,com.android.messaging:sms:,0,Notification(channel=null shortcut=null contentView=null vibrate=default sound=content://settings/system/notification_sound tick defaults=0x6 flags=0x11 color=0xff689f38 category=msg vis=PRIVATE),1]
11-06 10:51:36.409  5433  6195 D androidtc: Initializing SystemTextClassifier, type = System
11-06 10:51:36.419  5834  6331 I MessagingAppNotif: Notifying for conversation 3; tag = com.android.messaging:sms:, type = 0
11-06 10:51:36.426  5071  5719 D ContentService: Notifying update of [content://com.android.messaging.datamodel.MessagingContentProvider/messages/conversation/3] for user 0, observer null, flags 1
11-06 10:51:36.427  5071  5719 D ContentService: Collecting non-leaf observers @ #0 / com.android.messaging.datamodel.MessagingContentProvider
11-06 10:51:36.427  5071  5719 D ContentService: Collecting non-leaf observers @ #1 / messages
11-06 10:51:36.427  5071  5719 D ContentService: Collecting non-leaf observers @ #2 / conversation
11-06 10:51:36.427  5071  5719 D ContentService: Collecting non-leaf observers @ #3 / 3
11-06 10:51:36.427  5071  5719 D ContentService: Collecting leaf observers @ #4, node 3
11-06 10:51:36.427  5071  5719 D ContentService: Reporting to android.database.IContentObserver$Stub$Proxy@4417775: leaf=true flags=1 desc=true
11-06 10:51:36.429  5071  5719 D ContentService: Notifying update of [content://com.android.messaging.datamodel.MessagingContentProvider/conversations] for user 0, observer null, flags 1
11-06 10:51:36.430  5071  5719 D ContentService: Collecting non-leaf observers @ #0 / com.android.messaging.datamodel.MessagingContentProvider
11-06 10:51:36.430  5071  5719 D ContentService: Collecting non-leaf observers @ #1 / conversations
11-06 10:51:36.430  5071  5719 D ContentService: Collecting leaf observers @ #2, node conversations
11-06 10:51:36.430  5071  5719 D ContentService: Reporting to android.database.IContentObserver$Stub$Proxy@4930556: leaf=true flags=1 desc=true
11-06 10:51:36.430  5071  5719 D ContentService: Collecting leaf observers @ #3, node 3
11-06 10:51:36.430  5071  5719 D ContentService: Reporting to android.database.IContentObserver$Stub$Proxy@69c777b: leaf=true flags=1 desc=true
11-06 10:51:36.432  5071  5719 D ContentService: Notifying update of [content://com.android.messaging.datamodel.MessagingContentProvider/parts] for user 0, observer null, flags 1
11-06 10:51:36.433  5071  5719 D ContentService: Collecting non-leaf observers @ #0 / com.android.messaging.datamodel.MessagingContentProvider
11-06 10:51:36.433  5071  5719 D ContentService: Collecting non-leaf observers @ #1 / parts
11-06 10:51:36.435  5071  5719 D PowerManagerService: releaseWakeLockInternal: lock=249147893 [*job*/com.android.messaging/.datamodel.action.ActionServiceImpl], flags=0x0
11-06 10:51:36.435  5071  5719 D PowerManagerService: updateWakeLockSummaryLocked: mWakefulness=Awake, mWakeLockSummary=0x1
11-06 10:51:36.435  5071  5719 D PowerManagerService: updateUserActivitySummaryLocked: mWakefulness=Awake, mUserActivitySummary=0x1, nextTimeout=2230759999 (in 2146988814 ms)
11-06 10:51:36.436  5071  5719 D PowerManagerService: updateDisplayPowerStateLocked: mDisplayReady=true, policy=3, mWakefulness=1, mWakeLockSummary=0x1, mUserActivitySummary=0x1, mBootCompleted=true, screenBrightnessOverride=NaN, useAutoBrightness=false, mScreenBrightnessBoostInProgress=false, mIsVrModeEnabled= false, sQuiescent=false
11-06 10:51:36.606  5071  5071 I sysui_multi_action: [757,1501,758,1,793,446377,794,445354,795,202,796,0,797,com.android.messaging:sms:,806,com.android.messaging,858,4,947,0,1500,0,1641,msg,1688,5,1745,2098068913]
11-06 10:51:36.607  5071  5071 I sysui_multi_action: [757,804,799,note_interruptive,801,0,802,1]
11-06 10:51:36.614  5071  5719 D PowerManagerService: acquireWakeLockInternal: lock=46878421, flags=0x1, tag="RingtonePlayer", ws=null, uid=10126, pid=5235
11-06 10:51:36.614  5071  5719 D PowerManagerService: updateWakeLockSummaryLocked: mWakefulness=Awake, mWakeLockSummary=0x1
11-06 10:51:36.614  5071  5719 D PowerManagerService: updateUserActivitySummaryLocked: mWakefulness=Awake, mUserActivitySummary=0x1, nextTimeout=2230759999 (in 2146988635 ms)
11-06 10:51:36.614  5071  5719 D PowerManagerService: updateDisplayPowerStateLocked: mDisplayReady=true, policy=3, mWakefulness=1, mWakeLockSummary=0x1, mUserActivitySummary=0x1, mBootCompleted=true, screenBrightnessOverride=NaN, useAutoBrightness=false, mScreenBrightnessBoostInProgress=false, mIsVrModeEnabled= false, sQuiescent=false
11-06 10:51:36.615  5071  5719 D AppOps  : startOperation: allowing code 40 uid 10126 package com.android.systemui
11-06 10:51:36.617  5071  5071 I sysui_multi_action: [757,1501,758,1,793,446388,794,445365,795,213,796,0,797,com.android.messaging:sms:,806,com.android.messaging,858,4,947,0,1500,0,1641,msg,1688,5,1745,2098068913]
11-06 10:51:36.617  5071  5071 I sysui_multi_action: [757,804,799,note_interruptive,801,0,802,1]
11-06 10:51:36.618  5071  5071 I sysui_multi_action: [757,199,758,1,759,3,793,446389,794,445366,795,214,796,0,797,com.android.messaging:sms:,806,com.android.messaging,858,4,947,0,1500,1,1641,msg,1688,5,1745,2098068913]
11-06 10:51:36.618  5071  5071 I notification_alert: [0|com.android.messaging|0|com.android.messaging:sms:|10109,1,1,0]
11-06 10:51:36.620  5071  5115 D UsageStatsService: User[0] Got usage event for com.android.messaging[83771368]: NOTIFICATION_INTERRUPTION
11-06 10:51:36.621  5071  5071 W NotificationHistory: Attempted to add notif for locked/gone/disabled user 0
11-06 10:51:36.628  5235  5235 D InterruptionStateProvider: No bubble up: not allowed to bubble: 0|com.android.messaging|0|com.android.messaging:sms:|10109
11-06 10:51:36.646   382  1785 V MediaPlayerService: Client(6) constructor
11-06 10:51:36.646   382  1785 V MediaPlayerService: Create new client(6) from pid 5235, uid 10126, 
11-06 10:51:36.651   382  1785 V MediaPlayerService: setDataSource fd=7 (/data/system_de/0/ringtones/notification_sound_cache), offset=0, length=576460752303423487
11-06 10:51:36.651   382  1785 V MediaPlayerService: st_dev  = 64288
11-06 10:51:36.651   382  1785 V MediaPlayerService: st_mode = 33216
11-06 10:51:36.651   382  1785 V MediaPlayerService: st_uid  = 1000
11-06 10:51:36.651   382  1785 V MediaPlayerService: st_gid  = 1000
11-06 10:51:36.652   382  1785 V MediaPlayerService: st_size = 16905
11-06 10:51:36.652   382  1785 V MediaPlayerService: calculated length = 16905
11-06 10:51:36.652   382  1785 V MediaPlayerService: player type = 4
11-06 10:51:36.652   382  1785 V MediaPlayerFactory:  create NuPlayer
11-06 10:51:36.652   382  1785 D NuPlayerDriver: NuPlayerDriver(0xf5b01600) created, clientPid(5235)
11-06 10:51:36.655   382  1785 V AudioSink: AudioOutput(25)
11-06 10:51:36.659   382  1785 V MediaPlayerService:  setDataSource
11-06 10:51:36.660   382  1785 V MediaPlayerService: [6] setLooping(0)
11-06 10:51:36.661   382  1785 V MediaPlayerService: [6] setVideoSurfaceTexture(0x0)
11-06 10:51:36.661   382  1785 V MediaPlayerService: [6] setParameter(1400)
11-06 10:51:36.661   382  1785 V MediaPlayerService: setAudioAttributes_l() usage=5 content=4 flags=0x800 tags=
11-06 10:51:36.663   382  1785 V MediaPlayerService: [6] prepareAsync
11-06 10:51:36.668   382  6439 D GenericSource: FileSource remote
11-06 10:51:36.672   380  1789 E Utils   : did not find channel-count and/or sample-rate
11-06 10:51:36.672   380  1789 E Utils   : did not find channel-count and/or sample-rate
11-06 10:51:36.673   382  6438 V MediaPlayerService: [6] notify (1, 0, 0)
11-06 10:51:36.678  5071  5719 I MediaFocusControl: requestAudioFocus() from uid/pid 10126/5235 clientId=android.media.AudioManager@bf7bd7f callingPack=com.android.systemui req=3 flags=0x0 sdk=30
11-06 10:51:36.679  5071  5719 D AppOps  : noteOperation: allowing code 32 uid 10126 package com.android.systemui
11-06 10:51:36.715  5235  5235 I sysui_multi_action: [757,803,799,note_peek,802,1]
11-06 10:51:36.718  5071  5719 I sysui_multi_action: [757,127,758,1]
11-06 10:51:36.718  5071  5719 I sysui_multi_action: [757,804,799,note_load,801,1,802,1]
11-06 10:51:36.718  5071  5719 I notification_panel_revealed: 1
11-06 10:51:36.720  5235  5235 D StatusBar: disable<e i a s b h r c s > disable2<q i n >
11-06 10:51:36.723  5235  5235 W TouchableRegionManager: onHeadsUpPinnedModeChanged
11-06 10:51:36.772   261   301 D goldfish-address-space: allocate: Ask for block of size 0x7e9000
11-06 10:51:36.772   261   301 D goldfish-address-space: allocate: ioctl allocate returned offset 0x3f943e000 size 0x7ea000
11-06 10:51:36.788   261   301 D goldfish-address-space: allocate: Ask for block of size 0x7e9000
11-06 10:51:36.788   261   301 D goldfish-address-space: allocate: ioctl allocate returned offset 0x3fb3e6000 size 0x7ea000
11-06 10:51:36.858   261   261 D goldfish-address-space: allocate: Ask for block of size 0x7e9000
11-06 10:51:36.858   261   261 D goldfish-address-space: allocate: ioctl allocate returned offset 0x3fcce9000 size 0x7ea000
11-06 10:51:37.138  5071  6435 D VibratorService: Turning vibrator off.
11-06 10:51:37.139   287   287 I android.hardware.vibrator-service.example: Vibrator off
11-06 10:51:37.140  5071  6435 D AppOps  : startOperation: allowing code 3 uid 1000 package android
11-06 10:51:37.152  5071  6441 D PowerManagerService: acquireWakeLockInternal: lock=174198335, flags=0x1, tag="*vibrator*", ws=WorkSource{1000}, uid=1000, pid=5071
11-06 10:51:37.152  5071  6441 D PowerManagerService: updateWakeLockSummaryLocked: mWakefulness=Awake, mWakeLockSummary=0x1
11-06 10:51:37.152  5071  6441 D PowerManagerService: updateUserActivitySummaryLocked: mWakefulness=Awake, mUserActivitySummary=0x1, nextTimeout=2230759999 (in 2146988097 ms)
11-06 10:51:37.152  5071  6441 D PowerManagerService: updateDisplayPowerStateLocked: mDisplayReady=true, policy=3, mWakefulness=1, mWakeLockSummary=0x1, mUserActivitySummary=0x1, mBootCompleted=true, screenBrightnessOverride=NaN, useAutoBrightness=false, mScreenBrightnessBoostInProgress=false, mIsVrModeEnabled= false, sQuiescent=false
11-06 10:51:37.159  5071  6441 D VibratorService: Turning vibrator on for 350 ms with amplitude 255.
11-06 10:51:37.159   287   287 I android.hardware.vibrator-service.example: Vibrator on for timeoutMs: 350
11-06 10:51:37.159   287   287 I android.hardware.vibrator-service.example: Vibrator set amplitude: 1
11-06 10:51:37.180   382  1785 V MediaPlayerService: [6] setLooping(0)
11-06 10:51:37.181   382  1785 V MediaPlayerService: [6] setVolume(1.000000, 1.000000)
11-06 10:51:37.181   382  1785 V AudioSink: setVolume(1.000000, 1.000000)
11-06 10:51:37.181   382  1785 V MediaPlayerService: [6] setAuxEffectSendLevel(0.000000)
11-06 10:51:37.181   382  1785 V AudioSink: setAuxEffectSendLevel(0.000000)
11-06 10:51:37.181   382  1785 V MediaPlayerService: [6] start
11-06 10:51:37.181   382  6438 I GenericSource: start
11-06 10:51:37.185  5071  5719 D PowerManagerService: releaseWakeLockInternal: lock=46878421 [RingtonePlayer], flags=0x0
11-06 10:51:37.185  5071  5719 D PowerManagerService: updateWakeLockSummaryLocked: mWakefulness=Awake, mWakeLockSummary=0x1
11-06 10:51:37.185  5071  5719 D PowerManagerService: updateUserActivitySummaryLocked: mWakefulness=Awake, mUserActivitySummary=0x1, nextTimeout=2230759999 (in 2146988064 ms)
11-06 10:51:37.185  5071  5719 D PowerManagerService: updateDisplayPowerStateLocked: mDisplayReady=true, policy=3, mWakefulness=1, mWakeLockSummary=0x1, mUserActivitySummary=0x1, mBootCompleted=true, screenBrightnessOverride=NaN, useAutoBrightness=false, mScreenBrightnessBoostInProgress=false, mIsVrModeEnabled= false, sQuiescent=false
11-06 10:51:37.192   382  6444 I OMXClient: IOmx service obtained
11-06 10:51:37.193   385  3360 I OMXMaster: makeComponentInstance(OMX.google.vorbis.decoder) in android.hardwar process
11-06 10:51:36.400  5391  5653 D SubscriptionController: [getDefaultSmsSubId] subId=1
11-06 10:51:37.203  5391  5391 D DCT-C-0 : updateDataActivity: curTxRxSum={txSum=3815 rxSum=2906} preTxRxSum={txSum=3815 rxSum=2906}
11-06 10:51:37.203  5391  5391 D DCT-C-0 : updateDataActivity: sent=0 received=0
11-06 10:51:37.204   385  3360 E OMXNodeInstance: setConfig(0xf1b815f0:google.vorbis.decoder, ConfigPriority(0x6f800002)) ERROR: Undefined(0x80001001)
11-06 10:51:37.205   382  6444 I ACodec  : codec does not support config priority (err -2147483648)
11-06 10:51:37.205   385  3360 E OMXNodeInstance: getConfig(0xf1b815f0:google.vorbis.decoder, ConfigAndroidVendorExtension(0x6f100004)) ERROR: Undefined(0x80001001)
11-06 10:51:37.206   382  6444 I MediaCodec: MediaCodec will operate in async mode
11-06 10:51:37.219   382  6442 V AudioSink: close
11-06 10:51:37.219   382  6442 V AudioSink: setPlaybackRate(1.000000 1.000000 2 0)
11-06 10:51:37.219   382  6442 V AudioSink: open(48000, 1, 0x1, 0x1, 0, 25 0x0)
11-06 10:51:37.220   382  6442 V AudioSink: no track available to recycle
11-06 10:51:37.220   382  6442 V AudioSink: creating new AudioTrack
11-06 10:51:37.222  5052  5052 D AudioFlinger: Client defaulted notificationFrames to 12213 for frameCount 24426
11-06 10:51:37.222  5052  5052 D AF::TrackHandle: OpPlayAudio: track:57 usage:5 not muted
11-06 10:51:37.224   382  6442 V AudioSink: deleteRecycledTrack_l
11-06 10:51:37.224   382  6442 V AudioSink: setVolume
11-06 10:51:37.224   382  6442 V AudioSink: updateTrack() DONE status 0
11-06 10:51:37.224   382  6442 V AudioSink: start
11-06 10:51:37.227  5071  5719 D PowerManagerService: acquireWakeLockInternal: lock=219913882, flags=0x1, tag="AudioMix", ws=null, uid=1041, pid=0
11-06 10:51:37.227  5071  5719 D PowerManagerService: updateWakeLockSummaryLocked: mWakefulness=Awake, mWakeLockSummary=0x1
11-06 10:51:37.227  5071  5719 D PowerManagerService: updateUserActivitySummaryLocked: mWakefulness=Awake, mUserActivitySummary=0x1, nextTimeout=2230759999 (in 2146988022 ms)
11-06 10:51:37.227  5071  5719 D PowerManagerService: updateDisplayPowerStateLocked: mDisplayReady=true, policy=3, mWakefulness=1, mWakeLockSummary=0x1, mUserActivitySummary=0x1, mBootCompleted=true, screenBrightnessOverride=NaN, useAutoBrightness=false, mScreenBrightnessBoostInProgress=false, mIsVrModeEnabled= false, sQuiescent=false
11-06 10:51:37.227  5071  5719 D AppOps  : startOperation: allowing code 40 uid 1041 package audioserver
11-06 10:51:37.227  5071  5719 I system_server: oneway function results will be dropped but finished with status OK and parcel size 4
11-06 10:51:37.227  5071  5719 D PowerManagerService: updateWakeLockWorkSourceInternal: lock=219913882 [AudioMix], ws=null
11-06 10:51:37.228  5071  6417 D PowerManagerService: updateWakeLockWorkSourceInternal: lock=219913882 [AudioMix], ws=WorkSource{10126}
11-06 10:51:37.228  5071  5719 I system_server: oneway function results will be dropped but finished with status OK and parcel size 4
11-06 10:51:37.228  5071  6417 I system_server: oneway function results will be dropped but finished with status OK and parcel size 4
11-06 10:51:37.229   382  6442 D AudioTrack: getTimestamp_l(17): device stall time corrected using current time 83771978970868
11-06 10:51:37.229   382  6438 V MediaPlayerService: [6] notify (6, 0, 0)
11-06 10:51:37.229   382  1785 V MediaPlayerService: getCurrentPosition
11-06 10:51:37.229   382  1785 V AudioSink: getPlayedOutDurationUs(0) nowUs(83771979776) frames(0) framesAt(83771979776)
11-06 10:51:37.229   382  1785 V MediaPlayerService: [6] getCurrentPosition = 0
11-06 10:51:37.229   382  1785 V MediaPlayerService: [6] isPlaying: 1
11-06 10:51:37.240  5235  5235 V MediaRouter: Selecting route: RouteInfo{ name=, description=null, status=null, category=RouteCategory{ name= types=ROUTE_TYPE_LIVE_AUDIO ROUTE_TYPE_LIVE_VIDEO  groupable=false }, supportedTypes=ROUTE_TYPE_LIVE_AUDIO ROUTE_TYPE_LIVE_VIDEO , presentationDisplay=null }
11-06 10:51:37.327  5071  5719 I sysui_multi_action: [757,128,758,1,793,447098,794,0,795,923,796,0,797,com.android.messaging:sms:,798,0,806,com.android.messaging,858,4,947,0,1395,2,1500,710,1641,msg,1688,5,1745,2098068913]
11-06 10:51:37.327  5071  5719 I sysui_multi_action: [757,1501,758,1,793,447098,794,0,795,923,796,0,797,com.android.messaging:sms:,806,com.android.messaging,858,4,947,0,1500,0,1641,msg,1688,5,1745,2098068913]
11-06 10:51:37.327  5071  5719 I sysui_multi_action: [757,804,799,note_interruptive,801,0,802,1]
11-06 10:51:37.327  5071  5719 I sysui_multi_action: [757,804,799,note_freshness,801,923,802,1]
11-06 10:51:37.327  5071  5719 I notification_visibility: [0|com.android.messaging|0|com.android.messaging:sms:|10109,1,447098,923,0,0]
11-06 10:51:37.327  5071  5115 D UsageStatsService: User[0] Got usage event for com.android.messaging[83772076]: NOTIFICATION_SEEN
11-06 10:51:37.353  5071  5752 I commit_sys_config_file: [appops,232]
11-06 10:51:37.390  5052  5089 D AudioFlinger: mixer(0x7b51cbc43040) throttle end: throttle time(100)
11-06 10:51:37.515   382  6442 V AudioSink: getPlayedOutDurationUs(354100) nowUs(83772265523) frames(16997) framesAt(83772265527)
11-06 10:51:37.516   382  6438 V MediaPlayerService: [6] notify (211, 0, 0)
11-06 10:51:37.543  5052  5089 D AudioFlinger: mixer(0x7b51cbc43040) throttle end: throttle time(14)
11-06 10:51:37.760  5071  6441 D VibratorService: Turning vibrator on for 350 ms with amplitude 255.
11-06 10:51:37.761   287   287 I android.hardware.vibrator-service.example: Vibrator on for timeoutMs: 350
11-06 10:51:37.761   287   287 I android.hardware.vibrator-service.example: Vibrator set amplitude: 1
11-06 10:51:37.785   382  6442 V AudioSink: getPlayedOutDurationUs(619653) nowUs(83772535544) frames(29744) framesAt(83772535557)
11-06 10:51:37.787  5052  5089 D AudioFlinger: mixer(0x7b51cbc43040) throttle end: throttle time(14)
11-06 10:51:37.868  5052  5089 D AudioFlinger: mixer(0x7b51cbc43040) throttle end: throttle time(15)
11-06 10:51:38.056   382  6442 V AudioSink: getPlayedOutDurationUs(885244) nowUs(83772806193) frames(42492) framesAt(83772806199)
11-06 10:51:38.112  5071  6441 E VibratorService: Vibration finished, cleaning up
11-06 10:51:38.112  5071  6441 D VibratorService: Turning vibrator off.
11-06 10:51:38.113   287   287 I android.hardware.vibrator-service.example: Vibrator off
11-06 10:51:38.113  5071  6441 D PowerManagerService: releaseWakeLockInternal: lock=174198335 [*vibrator*], flags=0x0
11-06 10:51:38.113  5071  6441 D PowerManagerService: updateWakeLockSummaryLocked: mWakefulness=Awake, mWakeLockSummary=0x1
11-06 10:51:38.113  5071  6441 D PowerManagerService: updateUserActivitySummaryLocked: mWakefulness=Awake, mUserActivitySummary=0x1, nextTimeout=2230759999 (in 2146987136 ms)
11-06 10:51:38.113  5071  6441 D PowerManagerService: updateDisplayPowerStateLocked: mDisplayReady=true, policy=3, mWakefulness=1, mWakeLockSummary=0x1, mUserActivitySummary=0x1, mBootCompleted=true, screenBrightnessOverride=NaN, useAutoBrightness=false, mScreenBrightnessBoostInProgress=false, mIsVrModeEnabled= false, sQuiescent=false
11-06 10:51:38.148  5071  5752 I commit_sys_config_file: [appops,7]
11-06 10:51:38.207  5391  5391 D DCT-C-0 : updateDataActivity: curTxRxSum={txSum=3815 rxSum=2906} preTxRxSum={txSum=3815 rxSum=2906}
11-06 10:51:38.208  5391  5391 D DCT-C-0 : updateDataActivity: sent=0 received=0
11-06 10:51:38.244  5052  5089 D AudioFlinger: mixer(0x7b51cbc43040) throttle end: throttle time(14)
11-06 10:51:38.315   382  6442 V AudioSink: getPlayedOutDurationUs(1150819) nowUs(83773065140) frames(55240) framesAt(83773065154)
11-06 10:51:38.582   382  6442 V AudioSink: getPlayedOutDurationUs(1416410) nowUs(83773332848) frames(67988) framesAt(83773332854)
11-06 10:51:38.582   382  6442 V AudioSink: getPlayedOutDurationUs(1416414) nowUs(83773332916) frames(67988) framesAt(83773332918)
11-06 10:51:38.583   382  6442 V AudioSink: stop
11-06 10:51:38.583   382  6442 D AudioTrack: stop(17): called with 82980 frames delivered
11-06 10:51:38.689  5052  5089 D AudioFlinger: mixer(0x7b51cbc43040) throttle end: throttle time(11)
11-06 10:51:38.895   382  6438 V MediaPlayerService: [6] notify (2, 0, 0)
11-06 10:51:38.898  5071  6417 I MediaFocusControl: abandonAudioFocus() from uid/pid 10126/5235 clientId=android.media.AudioManager@bf7bd7f
11-06 10:51:38.899   382  6442 V AudioSink: pause
11-06 10:51:38.899   382  6438 V MediaPlayerService: [6] notify (211, 0, 0)
11-06 10:51:38.900  5235  6436 V MediaPlayer: resetDrmState:  mDrmInfo=null mDrmProvisioningThread=null mPrepareDrmInProgress=false mActiveDrmScheme=false
11-06 10:51:38.900  5235  6436 V MediaPlayer: cleanDrmObj: mDrmObj=null mDrmSessionId=null
11-06 10:51:38.901   382  1785 V MediaPlayerService: disconnect(6) from pid 5235
11-06 10:51:38.901   382  1785 D NuPlayerDriver: reset(0xf5b01600) at state 6
11-06 10:51:38.901   382  6442 V AudioSink: pause
11-06 10:51:38.901   382  6442 V AudioSink: flush
11-06 10:51:38.902   382  6442 V AudioSink: stop
11-06 10:51:38.906   382  6438 D NuPlayerDriver: notifyResetComplete(0xf5b01600)
11-06 10:51:38.907   382  1785 W AMessage: failed to post message as target looper for handler 0 is gone.
11-06 10:51:38.907   382  1785 V MediaPlayerService: Client(6) destructor pid = 5235
11-06 10:51:38.907   382  1785 V AudioSink: close
11-06 10:51:38.908   382  1785 V MediaPlayerService: disconnect(6) from pid 5235
11-06 10:51:38.913  5052  5086 W APM::AudioPolicyEngine: getDevicesForStrategy() unknown strategy: -1
11-06 10:51:38.914  5071  6417 D PowerManagerService: updateWakeLockWorkSourceInternal: lock=219913882 [AudioMix], ws=null
11-06 10:51:38.914  5071  6417 D AppOps  : startOperation: allowing code 40 uid 1041 package audioserver
11-06 10:51:38.914  5071  6417 I system_server: oneway function results will be dropped but finished with status OK and parcel size 4
