11-06 10:51:25.275  5071  5174 D ConnectivityService:  sending notification for NetworkRequest [ REQUEST id=12, [ Capabilities: INTERNET&NOT_RESTRICTED&TRUSTED&NOT_VPN AdministratorUids: [] RequestorUid: 1073 RequestorPackageName: com.android.networkstack] ]
11-06 10:51:25.276  5071  5174 D ConnectivityService: sending notification CALLBACK_IP_CHANGED for NetworkRequest [ REQUEST id=12, [ Capabilities: INTERNET&NOT_RESTRICTED&TRUSTED&NOT_VPN AdministratorUids: [] RequestorUid: 1073 RequestorPackageName: com.android.networkstack] ]
11-06 10:51:25.276  5071  5174 D ConnectivityService:  sending notification for NetworkRequest [ TRACK_DEFAULT id=15, [ Capabilities: INTERNET&NOT_RESTRICTED&TRUSTED Uid: 10126 AdministratorUids: [] RequestorUid: 10126 RequestorPackageName: com.android.systemui] ]
11-06 10:51:25.277  5071  5174 D ConnectivityService: sending notification CALLBACK_IP_CHANGED for NetworkRequest [ TRACK_DEFAULT id=15, [ Capabilities: INTERNET&NOT_RESTRICTED&TRUSTED Uid: 10126 AdministratorUids: [] RequestorUid: 10126 RequestorPackageName: com.android.systemui] ]
11-06 10:51:25.278  5071  5174 D ConnectivityService:  sending notification for NetworkRequest [ TRACK_DEFAULT id=16, [ Capabilities: INTERNET&NOT_RESTRICTED&TRUSTED Uid: 10126 AdministratorUids: [] RequestorUid: 10126 RequestorPackageName: com.android.systemui] ]
11-06 10:51:25.278  5071  5174 D ConnectivityService: sending notification CALLBACK_IP_CHANGED for NetworkRequest [ TRACK_DEFAULT id=16, [ Capabilities: INTERNET&NOT_RESTRICTED&TRUSTED Uid: 10126 AdministratorUids: [] RequestorUid: 10126 RequestorPackageName: com.android.systemui] ]
11-06 10:51:25.279  5071  5174 D ConnectivityService:  sending notification for NetworkRequest [ LISTEN id=18, [ AdministratorUids: [] RequestorUid: 10126 RequestorPackageName: com.android.systemui] ]
11-06 10:51:25.279  5071  5174 D ConnectivityService: sending notification CALLBACK_IP_CHANGED for NetworkRequest [ LISTEN id=18, [ AdministratorUids: [] RequestorUid: 10126 RequestorPackageName: com.android.systemui] ]
11-06 10:51:25.280  5071  5174 D ConnectivityService: notifyType CALLBACK_CAP_CHANGED for [100 CELLULAR]
11-06 10:51:25.280  5071  5174 D ConnectivityService:  sending notification for NetworkRequest [ REQUEST id=1, [ Capabilities: INTERNET&NOT_RESTRICTED&TRUSTED&NOT_VPN AdministratorUids: [] RequestorUid: 1000 RequestorPackageName: android] ]
11-06 10:51:25.280  5071  5174 D ConnectivityService:  sending notification for NetworkRequest [ BACKGROUND_REQUEST id=2, [ Transports: CELLULAR Capabilities: INTERNET&NOT_RESTRICTED&TRUSTED&NOT_VPN AdministratorUids: [] RequestorUid: 1000 RequestorPackageName: android] ]
11-06 10:51:25.280  5071  5174 D ConnectivityService:  sending notification for NetworkRequest [ LISTEN id=4, [ Capabilities: FOREGROUND AdministratorUids: [] RequestorUid: 1000 RequestorPackageName: android] ]
11-06 10:51:25.280  5071  5174 D ConnectivityService: sending notification CALLBACK_CAP_CHANGED for NetworkRequest [ LISTEN id=4, [ Capabilities: FOREGROUND AdministratorUids: [] RequestorUid: 1000 RequestorPackageName: android] ]
11-06 10:51:25.280  5071  5174 D ConnectivityService:  sending notification for NetworkRequest [ LISTEN id=5, [ Capabilities: NOT_RESTRICTED&TRUSTED&NOT_VPN&FOREGROUND Uid: 1000 AdministratorUids: [] RequestorUid: 1000 RequestorPackageName: android] ]
11-06 10:51:25.280  5071  5174 D ConnectivityService: sending notification CALLBACK_CAP_CHANGED for NetworkRequest [ LISTEN id=5, [ Capabilities: NOT_RESTRICTED&TRUSTED&NOT_VPN&FOREGROUND Uid: 1000 AdministratorUids: [] RequestorUid: 1000 RequestorPackageName: android] ]
11-06 10:51:25.281  5071  5174 D ConnectivityService:  sending notification for NetworkRequest [ LISTEN id=6, [ Capabilities: NOT_RESTRICTED&TRUSTED&NOT_VPN Uid: 1000 AdministratorUids: [] RequestorUid: 1000 RequestorPackageName: android] ]
11-06 10:51:25.281  5071  5174 D ConnectivityService: sending notification CALLBACK_CAP_CHANGED for NetworkRequest [ LISTEN id=6, [ Capabilities: NOT_RESTRICTED&TRUSTED&NOT_VPN Uid: 1000 AdministratorUids: [] RequestorUid: 1000 RequestorPackageName: android] ]
11-06 10:51:25.281  5071  5174 D ConnectivityService:  sending notification for NetworkRequest [ LISTEN id=7, [ Transports: CELLULAR Capabilities: INTERNET&NOT_RESTRICTED&TRUSTED&NOT_VPN Uid: 1000 AdministratorUids: [] RequestorUid: 1000 RequestorPackageName: android] ]
11-06 10:51:25.281  5071  5174 D ConnectivityService: sending notification CALLBACK_CAP_CHANGED for NetworkRequest [ LISTEN id=7, [ Transports: CELLULAR Capabilities: INTERNET&NOT_RESTRICTED&TRUSTED&NOT_VPN Uid: 1000 AdministratorUids: [] RequestorUid: 1000 RequestorPackageName: android] ]
11-06 10:51:25.281  5071  5174 D ConnectivityService:  sending notification for NetworkRequest [ TRACK_DEFAULT id=9, [ Capabilities: INTERNET&NOT_RESTRICTED&TRUSTED Uid: 1000 AdministratorUids: [] RequestorUid: 1000 RequestorPackageName: android] ]
11-06 10:51:25.281  5071  5174 D ConnectivityService: sending notification CALLBACK_CAP_CHANGED for NetworkRequest [ TRACK_DEFAULT id=9, [ Capabilities: INTERNET&NOT_RESTRICTED&TRUSTED Uid: 1000 AdministratorUids: [] RequestorUid: 1000 RequestorPackageName: android] ]
11-06 10:51:25.281  5071  5174 D ConnectivityService:  sending notification for NetworkRequest [ TRACK_DEFAULT id=10, [ Capabilities: INTERNET&NOT_RESTRICTED&TRUSTED Uid: 1073 AdministratorUids: [] RequestorUid: 1073 RequestorPackageName: com.android.networkstack] ]
11-06 10:51:25.281  5071  5174 D ConnectivityService: sending notification CALLBACK_CAP_CHANGED for NetworkRequest [ TRACK_DEFAULT id=10, [ Capabilities: INTERNET&NOT_RESTRICTED&TRUSTED Uid: 1073 AdministratorUids: [] RequestorUid: 1073 RequestorPackageName: com.android.networkstack] ]
11-06 10:51:25.282  5071  5174 D ConnectivityService:  sending notification for NetworkRequest [ REQUEST id=12, [ Capabilities: INTERNET&NOT_RESTRICTED&TRUSTED&NOT_VPN AdministratorUids: [] RequestorUid: 1073 RequestorPackageName: com.android.networkstack] ]
11-06 10:51:25.282  5071  5174 D ConnectivityService: sending notification CALLBACK_CAP_CHANGED for NetworkRequest [ REQUEST id=12, [ Capabilities: INTERNET&NOT_RESTRICTED&TRUSTED&NOT_VPN AdministratorUids: [] RequestorUid: 1073 RequestorPackageName: com.android.networkstack] ]
11-06 10:51:25.282  5071  5174 D ConnectivityService:  sending notification for NetworkRequest [ TRACK_DEFAULT id=15, [ Capabilities: INTERNET&NOT_RESTRICTED&TRUSTED Uid: 10126 AdministratorUids: [] RequestorUid: 10126 RequestorPackageName: com.android.systemui] ]
11-06 10:51:25.282  5071  5174 D ConnectivityService: sending notification CALLBACK_CAP_CHANGED for NetworkRequest [ TRACK_DEFAULT id=15, [ Capabilities: INTERNET&NOT_RESTRICTED&TRUSTED Uid: 10126 AdministratorUids: [] RequestorUid: 10126 RequestorPackageName: com.android.systemui] ]
11-06 10:51:25.283  5071  5174 D ConnectivityService:  sending notification for NetworkRequest [ TRACK_DEFAULT id=16, [ Capabilities: INTERNET&NOT_RESTRICTED&TRUSTED Uid: 10126 AdministratorUids: [] RequestorUid: 10126 RequestorPackageName: com.android.systemui] ]
11-06 10:51:25.283  5071  5174 D ConnectivityService: sending notification CALLBACK_CAP_CHANGED for NetworkRequest [ TRACK_DEFAULT id=16, [ Capabilities: INTERNET&NOT_RESTRICTED&TRUSTED Uid: 10126 AdministratorUids: [] RequestorUid: 10126 RequestorPackageName: com.android.systemui] ]
11-06 10:51:25.284  5071  5174 D ConnectivityService:  sending notification for NetworkRequest [ LISTEN id=18, [ AdministratorUids: [] RequestorUid: 10126 RequestorPackageName: com.android.systemui] ]
11-06 10:51:25.284  5071  5174 D ConnectivityService: sending notification CALLBACK_CAP_CHANGED for NetworkRequest [ LISTEN id=18, [ AdministratorUids: [] RequestorUid: 10126 RequestorPackageName: com.android.systemui] ]
11-06 10:51:25.271  5071  5167 W BestClock: java.time.DateTimeException: Missing NTP fix
11-06 10:51:25.285  5071  5174 W BestClock: java.time.DateTimeException: Missing NTP fix
11-06 10:51:26.158  5391  5391 D DCT-C-0 : updateDataActivity: curTxRxSum={txSum=3815 rxSum=2906} preTxRxSum={txSum=3815 rxSum=2906}
11-06 10:51:26.158  5391  5391 D DCT-C-0 : updateDataActivity: sent=0 received=0
11-06 10:51:26.169  5071  5752 I commit_sys_config_file: [appops,8]
11-06 10:51:26.212  5071  5166 D PowerManagerService: acquireWakeLockInternal: lock=106585726, flags=0x1, tag="NetworkStats", ws=null, uid=1000, pid=5071
11-06 10:51:26.213  5071  5166 D PowerManagerService: updateWakeLockSummaryLocked: mWakefulness=Awake, mWakeLockSummary=0x1
11-06 10:51:26.213  5071  5166 D PowerManagerService: updateUserActivitySummaryLocked: mWakefulness=Awake, mUserActivitySummary=0x1, nextTimeout=2230759999 (in 2146999036 ms)
11-06 10:51:26.213  5071  5166 D PowerManagerService: updateDisplayPowerStateLocked: mDisplayReady=true, policy=3, mWakefulness=1, mWakeLockSummary=0x1, mUserActivitySummary=0x1, mBootCompleted=true, screenBrightnessOverride=NaN, useAutoBrightness=false, mScreenBrightnessBoostInProgress=false, mIsVrModeEnabled= false, sQuiescent=false
11-06 10:51:26.216  5071  5166 D AppOps  : startOperation: allowing code 40 uid 1000 package android
11-06 10:51:25.285  5071  5174 I chatty  : uid=1000(system) ConnectivitySer identical 1 line
11-06 10:51:25.285  5071  5174 W BestClock: java.time.DateTimeException: Missing NTP fix
11-06 10:51:26.219  5071  5166 W BestClock: java.time.DateTimeException: Missing NTP fix
11-06 10:51:26.230  5071  5166 I netstats_mobile_sample: [13241,130,20320,190,13241,130,20320,190,12054,94,16610,185,1667703086230]
11-06 10:51:26.230  5071  5166 I netstats_wifi_sample: [0,0,0,0,0,0,0,0,0,0,0,0,1667703086230]
11-06 10:51:26.230  5071  5166 D PowerManagerService: releaseWakeLockInternal: lock=106585726 [NetworkStats], flags=0x0
11-06 10:51:26.231  5071  5166 D PowerManagerService: updateWakeLockSummaryLocked: mWakefulness=Awake, mWakeLockSummary=0x1
11-06 10:51:26.231  5071  5166 D PowerManagerService: updateUserActivitySummaryLocked: mWakefulness=Awake, mUserActivitySummary=0x1, nextTimeout=2230759999 (in 2146999018 ms)
11-06 10:51:26.231  5071  5166 D PowerManagerService: updateDisplayPowerStateLocked: mDisplayReady=true, policy=3, mWakefulness=1, mWakeLockSummary=0x1, mUserActivitySummary=0x1, mBootCompleted=true, screenBrightnessOverride=NaN, useAutoBrightness=false, mScreenBrightnessBoostInProgress=false, mIsVrModeEnabled= false, sQuiescent=false
11-06 10:51:26.230  5071  5166 W BestClock: java.time.DateTimeException: Missing NTP fix
11-06 10:51:26.232  5071  5167 W BestClock: java.time.DateTimeException: Missing NTP fix
11-06 10:51:26.247  5071  5174 W BestClock: java.time.DateTimeException: Missing NTP fix
11-06 10:51:26.247  5071  5167 W BestClock: java.time.DateTimeException: Missing NTP fix
11-06 10:51:26.248  5391  5417 D SubscriptionController: [getPhoneId] subId=1
11-06 10:51:26.248  5391  5417 D SubscriptionController: [getPhoneId]- found subId=1 phoneId=0
11-06 10:51:26.248  5391  5417 D PhoneFactory: getPhone:- phoneId != DEFAULT_PHONE_ID return sPhones[phoneId] phoneId=0 phone=Handler (com.android.internal.telephony.GsmCdmaPhone) {c0fb2b5}
11-06 10:51:27.162  5391  5391 D DCT-C-0 : updateDataActivity: curTxRxSum={txSum=3815 rxSum=2906} preTxRxSum={txSum=3815 rxSum=2906}
11-06 10:51:27.162  5391  5391 D DCT-C-0 : updateDataActivity: sent=0 received=0
11-06 10:51:27.224  5071  5752 I commit_sys_config_file: [appops,7]
11-06 10:51:28.165  5391  5391 D DCT-C-0 : updateDataActivity: curTxRxSum={txSum=3815 rxSum=2906} preTxRxSum={txSum=3815 rxSum=2906}
11-06 10:51:28.165  5391  5391 D DCT-C-0 : updateDataActivity: sent=0 received=0
11-06 10:51:29.170  5391  5391 D DCT-C-0 : updateDataActivity: curTxRxSum={txSum=3815 rxSum=2906} preTxRxSum={txSum=3815 rxSum=2906}
11-06 10:51:29.170  5391  5391 D DCT-C-0 : updateDataActivity: sent=0 received=0
11-06 10:51:30.174  5391  5391 D DCT-C-0 : updateDataActivity: curTxRxSum={txSum=3815 rxSum=2906} preTxRxSum={txSum=3815 rxSum=2906}
11-06 10:51:30.175  5391  5391 D DCT-C-0 : updateDataActivity: sent=0 received=0
11-06 10:51:31.180  5391  5391 D DCT-C-0 : updateDataActivity: curTxRxSum={txSum=3815 rxSum=2906} preTxRxSum={txSum=3815 rxSum=2906}
11-06 10:51:31.180  5391  5391 D DCT-C-0 : updateDataActivity: sent=0 received=0
11-06 10:51:32.184  5391  5391 D DCT-C-0 : updateDataActivity: curTxRxSum={txSum=3815 rxSum=2906} preTxRxSum={txSum=3815 rxSum=2906}
11-06 10:51:32.185  5391  5391 D DCT-C-0 : updateDataActivity: sent=0 received=0
11-06 10:51:33.189  5391  5391 D DCT-C-0 : updateDataActivity: curTxRxSum={txSum=3815 rxSum=2906} preTxRxSum={txSum=3815 rxSum=2906}
11-06 10:51:33.190  5391  5391 D DCT-C-0 : updateDataActivity: sent=0 received=0
11-06 10:51:34.194  5391  5391 D DCT-C-0 : updateDataActivity: curTxRxSum={txSum=3815 rxSum=2906} preTxRxSum={txSum=3815 rxSum=2906}
11-06 10:51:34.194  5391  5391 D DCT-C-0 : updateDataActivity: sent=0 received=0
11-06 10:51:35.198  5391  5391 D DCT-C-0 : updateDataActivity: curTxRxSum={txSum=3815 rxSum=2906} preTxRxSum={txSum=3815 rxSum=2906}
11-06 10:51:35.199  5391  5391 D DCT-C-0 : updateDataActivity: sent=0 received=0
11-06 10:51:35.729  5071  5105 V StorageStatsService: >>> handling 100
11-06 10:51:36.114   388   453 D AT      : AT< +CMT: 0
11-06 10:51:36.114   388   453 D AT      : AT< 00200a81565055212100002211600115832b37b1582c168b05dd64f93b4d06a5e7a030fb1ececf4161d0fc5e2ed3417479394c0f91e76173784e3687c9e6f0dc3c0f9b01
11-06 10:51:36.116  5391  5497 D RILJ    : [UNSL]< UNSOL_RESPONSE_NEW_SMS [PHONE0]
11-06 10:51:36.116  5391  5497 V SmsMessage: SMS originating address: 6505551212
11-06 10:51:36.116  5391  5497 V SmsMessage: SMS TP-PID:0 data coding scheme: 0
11-06 10:51:36.117  5391  5497 D SmsMessage: SMS SC timestamp: 1667760698000
11-06 10:51:36.117  5391  5497 V SmsMessage: SMS message body (raw): '111111Android is always a sweet treat!dsafasdfadfasfsaf'
11-06 10:51:36.117  5391  5518 D GsmInboundSmsHandler: IdleState.processMessage: processing EVENT_NEW_SMS
11-06 10:51:36.118  5071  6417 D PowerManagerService: acquireWakeLockInternal: lock=128993263, flags=0x1, tag="GsmInboundSmsHandler", ws=null, uid=1001, pid=5391
11-06 10:51:36.118  5071  6417 D PowerManagerService: updateWakeLockSummaryLocked: mWakefulness=Awake, mWakeLockSummary=0x1
11-06 10:51:36.118  5071  6417 D PowerManagerService: updateUserActivitySummaryLocked: mWakefulness=Awake, mUserActivitySummary=0x1, nextTimeout=2230759999 (in 2146989131 ms)
11-06 10:51:36.118  5071  6417 D PowerManagerService: updateDisplayPowerStateLocked: mDisplayReady=true, policy=3, mWakefulness=1, mWakeLockSummary=0x1, mUserActivitySummary=0x1, mBootCompleted=true, screenBrightnessOverride=NaN, useAutoBrightness=false, mScreenBrightnessBoostInProgress=false, mIsVrModeEnabled= false, sQuiescent=false
11-06 10:51:36.119  5071  6417 D AppOps  : startOperation: allowing code 40 uid 1001 package com.android.phone
11-06 10:51:36.120  5391  5518 D GsmInboundSmsHandler: IdleState.exit: acquired wakelock, leaving IdleState
11-06 10:51:36.120  5391  5518 D GsmInboundSmsHandler: DeliveringState.enter: entering DeliveringState
11-06 10:51:36.120  5391  5518 D GsmInboundSmsHandler: DeliveringState.processMessage: processing EVENT_NEW_SMS
11-06 10:51:36.121  5391  5518 D SubscriptionController: [getSubId]+ slotIndex=0
11-06 10:51:36.121  5391  5518 D SubscriptionController: [getSubId]- subIdArr=[I@da92a38
11-06 10:51:36.121  5391  5518 D PhoneFactory: getPhone:- phoneId != DEFAULT_PHONE_ID return sPhones[phoneId] phoneId=0 phone=Handler (com.android.internal.telephony.GsmCdmaPhone) {c0fb2b5}
11-06 10:51:36.121  5391  5518 D SubscriptionController: [getSubId]+ slotIndex=0
11-06 10:51:36.121  5391  5518 D SubscriptionController: [getSubId]- subIdArr=[I@b343a11
11-06 10:51:36.122  5391  5518 D GsmInboundSmsHandler: created tracker: SmsTracker{timestamp=Mon Nov 07 02:51:38 GMT+08:00 2022 destPort=-1 is3gpp2=false address=6505551212 timestamp=1667760698000 messageBody=111111Android is always a sweet treat!dsafasdfadfasfsaf display_originating_addr=6505551212 refNumber=-1 seqNumber=1 msgCount=1 id=1151593645309242082}
11-06 10:51:36.123  5071  6417 D AppOps  : noteOperation: allowing code 14 uid 1001 package com.android.phone
11-06 10:51:36.132  5391  5518 D GsmInboundSmsHandler: addTrackerToRawTable: adding content values to raw table: display_originating_addr=6505551212 message_body=111111Android is always a sweet treat!dsafasdfadfasfsaf address=6505551212 sub_id=1 reference_number=-1 pdu=00200A81565055212100002211600115832B37B1582C168B05DD64F93B4D06A5E7A030FB1ECECF4161D0FC5E2ED3417479394C0F91E76173784E3687C9E6F0DC3C0F9B01 date=1667760698000 count=1 destination_port=196608 sequence=1, id: 1151593645309242082
11-06 10:51:36.132  5071  6417 D AppOps  : noteOperation: allowing code 15 uid 1001 package com.android.phone
11-06 10:51:36.137  5071  6417 D ContentService: Notifying update of [content://sms/raw/5] for user -1, observer null, flags 1
11-06 10:51:36.138  5071  6417 D ContentService: Collecting non-leaf observers @ #0 / sms
11-06 10:51:36.138  5071  6417 D ContentService: Notifying update of [content://mms-sms/] for user -1, observer null, flags 1
11-06 10:51:36.139  5071  6417 D ContentService: Collecting non-leaf observers @ #0 / mms-sms
11-06 10:51:36.139  5071  6417 D ContentService: Collecting leaf observers @ #1, node mms-sms
11-06 10:51:36.139  5071  6417 D ContentService: Reporting to android.database.ContentObserver$Transport@397f3cc: leaf=true flags=1 desc=false
11-06 10:51:36.140  5071  6417 D ContentService: Notifying update of [content://mms-sms/conversations/] for user -1, observer null, flags 1
11-06 10:51:36.141  5071  6417 D ContentService: Collecting non-leaf observers @ #0 / mms-sms
11-06 10:51:36.141  5071  6417 D ContentService: Collecting non-leaf observers @ #1 / conversations
11-06 10:51:36.141  5071  6417 D ContentService: Skipping android.database.ContentObserver$Transport@397f3cc: not monitor descendants
11-06 10:51:36.141  5391  5518 D GsmInboundSmsHandler: addTrackerToRawTable: URI of new row: content://sms/raw/5, id: 1151593645309242082
11-06 10:51:36.142  5071  6417 D PowerManagerService: acquireWakeLockInternal: lock=5774919, flags=0x1, tag="*telephony-radio*", ws=WorkSource{1001 com.android.phone}, uid=1001, pid=5391
11-06 10:51:36.142  5071  6417 D PowerManagerService: updateWakeLockSummaryLocked: mWakefulness=Awake, mWakeLockSummary=0x1
11-06 10:51:36.142  5071  6417 D PowerManagerService: updateUserActivitySummaryLocked: mWakefulness=Awake, mUserActivitySummary=0x1, nextTimeout=2230759999 (in 2146989107 ms)
11-06 10:51:36.142  5071  6417 D PowerManagerService: updateDisplayPowerStateLocked: mDisplayReady=true, policy=3, mWakefulness=1, mWakeLockSummary=0x1, mUserActivitySummary=0x1, mBootCompleted=true, screenBrightnessOverride=NaN, useAutoBrightness=false, mScreenBrightnessBoostInProgress=false, mIsVrModeEnabled= false, sQuiescent=false
11-06 10:51:36.142  5391  5518 D RILJ    : [0241]> SMS_ACKNOWLEDGE success = true cause = 0 [PHONE0]
11-06 10:51:36.142   388   388 D RIL     : onRequest: SMS_ACKNOWLEDGE
11-06 10:51:36.142   388   388 D RIL     : getSIMStatus()222. sState: 10
11-06 10:51:36.142   388   388 D AT      : AT> AT+CPIN?
11-06 10:51:36.142   388   453 D AT      : AT< +CPIN: READY
11-06 10:51:36.142   388   453 D AT      : AT< OK
11-06 10:51:36.143   388   388 D AT      : AT> AT+CNMA=1
11-06 10:51:36.143   388   453 D AT      : AT< OK
11-06 10:51:36.143   388   388 E RILC    : RIL_onRequestComplete: invalid RIL_Token
11-06 10:51:36.143  5391  5497 D RILJ    : [0241]< SMS_ACKNOWLEDGE  [PHONE0]
11-06 10:51:36.143  5391  5518 D GsmInboundSmsHandler: DeliveringState.processMessage: processing EVENT_BROADCAST_SMS
11-06 10:51:36.145  5071  6417 I am_uid_active: 10066
11-06 10:51:36.148  5391  5518 D PhoneFactory: getPhone:- phoneId != DEFAULT_PHONE_ID return sPhones[phoneId] phoneId=0 phone=Handler (com.android.internal.telephony.GsmCdmaPhone) {c0fb2b5}
11-06 10:51:36.148  5391  5518 D SubscriptionController: [getSubId]+ slotIndex=0
11-06 10:51:36.148  5391  5518 D SubscriptionController: [getSubId]- subIdArr=[I@7e2b1e4
11-06 10:51:36.148  5391  5518 D PhoneFactory: getPhone:- phoneId != DEFAULT_PHONE_ID return sPhones[phoneId] phoneId=0 phone=Handler (com.android.internal.telephony.GsmCdmaPhone) {c0fb2b5}
11-06 10:51:36.149  5391  5518 D SubscriptionController: [getDefaultVoiceSubId] subId=1
11-06 10:51:36.149  5689  6081 D SubscriptionManager: getDefaultVoiceSubscriptionId, sub id = 1
11-06 10:51:36.149  5391  5518 D SubscriptionController: [getDefaultVoiceSubId] subId=1
11-06 10:51:36.149  5391  5518 D SubscriptionController: [getDefaultSubId] isVoiceCapable subId=1
11-06 10:51:36.150  5391  5518 D SubscriptionController: [isActiveSubId]- true
11-06 10:51:36.150  5391  5518 V SubscriptionController: [getDefaultSubId]- value = 1
11-06 10:51:36.150  5391  5518 D SubscriptionController: [getPhoneId] subId=1
11-06 10:51:36.150  5391  5518 D SubscriptionController: [getPhoneId]- found subId=1 phoneId=0
11-06 10:51:36.150  5391  5518 D PhoneFactory: getPhone:- phoneId != DEFAULT_PHONE_ID return sPhones[phoneId] phoneId=0 phone=Handler (com.android.internal.telephony.GsmCdmaPhone) {c0fb2b5}
11-06 10:51:36.150  5391  5518 D SubscriptionController: [getSubId]+ slotIndex=0
11-06 10:51:36.150  5391  5518 D SubscriptionController: [getSubId]- subIdArr=[I@811664d
11-06 10:51:36.150  5391  5518 D SubscriptionController: [getSlotIndex] subId=1
11-06 10:51:36.150  5391  5518 V SubscriptionController: [getSlotIndex]- return = 0
11-06 10:51:36.150  5391  5518 D EmergencyNumberTracker: slotId:0 country:us emergencyNumbers: 
11-06 10:51:36.150  5391  5518 D EmergencyNumberTracker: System property doesn't provide any emergency numbers. Use embedded logic for determining ones.
11-06 10:51:36.151  5071  5115 D AppOps  : noteOperation: allowing code 14 uid 1001 package com.android.phone
11-06 10:51:36.151  5071  5115 D AppOps  : noteOperation: allowing code 14 uid 1000 package android
11-06 10:51:36.151  5071  5115 D AppOps  : noteOperation: allowing code 14 uid 1001 package com.android.phone
11-06 10:51:36.151  5071  5115 D AppOps  : noteOperation: allowing code 14 uid 1000 package android
11-06 10:51:36.151  5391  5518 D SubscriptionController: [getDefaultVoiceSubId] subId=1
11-06 10:51:36.151  5689  6081 D SubscriptionManager: getDefaultVoiceSubscriptionId, sub id = 1
11-06 10:51:36.152  5391  5518 D SubscriptionController: [getDefaultVoiceSubId] subId=1
11-06 10:51:36.152  5391  5518 D SubscriptionController: [getDefaultSubId] isVoiceCapable subId=1
11-06 10:51:36.152  5391  5518 D SubscriptionController: [isActiveSubId]- true
11-06 10:51:36.152  5391  5518 V SubscriptionController: [getDefaultSubId]- value = 1
11-06 10:51:36.152  5391  5518 D SubscriptionController: [getPhoneId] subId=1
11-06 10:51:36.152  5391  5518 D SubscriptionController: [getPhoneId]- found subId=1 phoneId=0
11-06 10:51:36.152  5391  5518 D PhoneFactory: getPhone:- phoneId != DEFAULT_PHONE_ID return sPhones[phoneId] phoneId=0 phone=Handler (com.android.internal.telephony.GsmCdmaPhone) {c0fb2b5}
11-06 10:51:36.152  5391  5518 D SubscriptionController: [getSubId]+ slotIndex=0
11-06 10:51:36.152  5391  5518 D SubscriptionController: [getSubId]- subIdArr=[I@9223502
11-06 10:51:36.152  5391  5518 D SubscriptionController: [getSlotIndex] subId=1
11-06 10:51:36.152  5391  5518 V SubscriptionController: [getSlotIndex]- return = 0
11-06 10:51:36.153  5391  5518 D EmergencyNumberTracker: slotId:0 country:us emergencyNumbers: 
11-06 10:51:36.153  5391  5518 D EmergencyNumberTracker: System property doesn't provide any emergency numbers. Use embedded logic for determining ones.
11-06 10:51:36.158  5391  5518 D PhoneFactory: getPhone:- phoneId != DEFAULT_PHONE_ID return sPhones[phoneId] phoneId=0 phone=Handler (com.android.internal.telephony.GsmCdmaPhone) {c0fb2b5}
11-06 10:51:36.158  5391  5518 D SubscriptionController: [getSubId]+ slotIndex=0
11-06 10:51:36.158  5391  5518 D SubscriptionController: [getSubId]- subIdArr=[I@1435e13
11-06 10:51:36.158  5391  5518 D PhoneFactory: getPhone:- phoneId != DEFAULT_PHONE_ID return sPhones[phoneId] phoneId=0 phone=Handler (com.android.internal.telephony.GsmCdmaPhone) {c0fb2b5}
11-06 10:51:36.160  5689  6081 I BlockedNumbers: isBlocked: SELECT original_number,e164_number FROM blocked WHERE original_number=?1 OR (?2 != '' AND e164_number=?2)
11-06 10:51:36.162  5689  6081 I BlockedNumbers: isBlocked: NOT BLOCKED; number=********12, e164=**********12
11-06 10:51:36.162  5391  5518 D TelecomFramework: BlockedNumberContract: shouldSystemBlockNumber: number=6505551212, caller=com.android.phone, result=not blocked
11-06 10:51:36.162  5391  5518 D BlockChecker: Blocked number lookup took: 19 ms.
11-06 10:51:36.162  5391  5518 V TelephonyMetrics: Logged SMS session consisting of 1 parts, over IMS = false blocked = false type = 0 messageId = 1151593645309242082
11-06 10:51:36.167  5391  5518 V GsmInboundSmsHandler::CarrierServicesSmsFilter: getCarrierAppPackageForFiltering: Unable to find carrierPackages: [] or systemPackages: [], id: 1151593645309242082
11-06 10:51:36.167  5391  5518 D SubscriptionController: [getSubId]+ slotIndex=0
11-06 10:51:36.167  5391  5518 D SubscriptionController: [getSubId]- subIdArr=[I@d1b1a49
11-06 10:51:36.168  5391  5518 I service_manager_stats: [100,93,111287]
11-06 10:51:36.169  5391  5518 V CarrierSmsUtils: No CarrierImsPackage override found
11-06 10:51:36.170  5071  5771 D Telecom : Logging: START_SESSION
11-06 10:51:36.170  5071  5771 V Telecom : Logging: END_SUBSESSION (dur: 0 mS): TSI.gDDP@AHk
11-06 10:51:36.170  5071  5771 D Telecom : Logging: END_SESSION (dur: 0 ms): TSI.gDDP@AHk
11-06 10:51:36.171  5071  5771 D Telecom : Logging: START_SESSION
11-06 10:51:36.171  5071  5771 V Telecom : Logging: END_SUBSESSION (dur: 0 mS): TSI.gDDP@AHo
11-06 10:51:36.171  5071  5771 D Telecom : Logging: END_SESSION (dur: 0 ms): TSI.gDDP@AHo
11-06 10:51:36.173  5071  5771 D Telecom : Logging: START_SESSION
11-06 10:51:36.173  5071  5771 V Telecom : Logging: END_SUBSESSION (dur: 0 mS): TSI.gSDP@AHs
11-06 10:51:36.173  5071  5771 D Telecom : Logging: END_SESSION (dur: 0 ms): TSI.gSDP@AHs
11-06 10:51:36.174  5391  5518 D PhoneFactory: getPhone:- phoneId != DEFAULT_PHONE_ID return sPhones[phoneId] phoneId=0 phone=Handler (com.android.internal.telephony.GsmCdmaPhone) {c0fb2b5}
11-06 10:51:36.174  5391  5518 V SmsMessage: SMS originating address: 6505551212
11-06 10:51:36.174  5391  5518 V SmsMessage: SMS TP-PID:0 data coding scheme: 0
11-06 10:51:36.174  5391  5518 D SmsMessage: SMS SC timestamp: 1667760698000
11-06 10:51:36.174  5391  5518 V SmsMessage: SMS message body (raw): '111111Android is always a sweet treat!dsafasdfadfasfsaf'
11-06 10:51:36.174  5391  5518 D SubscriptionController: [getSubId]+ slotIndex=0
11-06 10:51:36.174  5391  5518 D SubscriptionController: [getSubId]- subIdArr=[I@4029f4e
11-06 10:51:36.176  5391  5518 V SmsMessage: SMS originating address: 6505551212
11-06 10:51:36.176  5391  5518 V SmsMessage: SMS TP-PID:0 data coding scheme: 0
11-06 10:51:36.176  5391  5518 D SmsMessage: SMS SC timestamp: 1667760698000
11-06 10:51:36.176  5391  5518 V SmsMessage: SMS message body (raw): '111111Android is always a sweet treat!dsafasdfadfasfsaf'
11-06 10:51:36.182  5391  5518 D CellBroadcastUtils: getDefaultCellBroadcastReceiverPackageName: found package: com.android.cellbroadcastreceiver.module
11-06 10:51:36.185  5071  5771 I AppOps  : uid 1001 OP_READ_SMS := allow by uid 1001
11-06 10:51:36.186  5071  5103 V PermissionPolicyService: synchronizePackagePermissionsAndAppOpsForUser(com.android.providers.telephony, 0)
11-06 10:51:36.192  5071  5771 I AppOps  : uid 1001 OP_WRITE_SMS := allow by uid 1001
11-06 10:51:36.193  5071  5771 I AppOps  : uid 1001 OP_RECEIVE_SMS := allow by uid 1001
11-06 10:51:36.193  5071  5116 V PermissionPolicyService: sync for com.android.mms.service/0 already scheduled
11-06 10:51:36.193  5071  5116 V PermissionPolicyService: sync for com.android.ons/0 already scheduled
11-06 10:51:36.193  5071  5116 V PermissionPolicyService: sync for com.android.stk/0 already scheduled
11-06 10:51:36.193  5071  5116 V PermissionPolicyService: sync for com.android.service.ims/0 already scheduled
11-06 10:51:36.194  5071  5116 V PermissionPolicyService: sync for com.android.service.ims.presence/0 already scheduled
11-06 10:51:36.194  5071  5116 V PermissionPolicyService: sync for com.android.phone/0 already scheduled
11-06 10:51:36.194  5071  5771 I AppOps  : uid 1001 OP_RECEIVE_WAP_PUSH := allow by uid 1001
11-06 10:51:36.194  5071  5116 V PermissionPolicyService: sync for com.android.providers.telephony/0 already scheduled
11-06 10:51:36.194  5071  5116 V PermissionPolicyService: sync for com.android.mms.service/0 already scheduled
11-06 10:51:36.194  5071  5116 V PermissionPolicyService: sync for com.android.ons/0 already scheduled
11-06 10:51:36.194  5071  5116 V PermissionPolicyService: sync for com.android.stk/0 already scheduled
11-06 10:51:36.194  5071  5116 V PermissionPolicyService: sync for com.android.service.ims/0 already scheduled
11-06 10:51:36.195  5071  5116 V PermissionPolicyService: sync for com.android.service.ims.presence/0 already scheduled
11-06 10:51:36.195  5071  5116 V PermissionPolicyService: sync for com.android.phone/0 already scheduled
11-06 10:51:36.195  5071  5771 I AppOps  : uid 1001 OP_SEND_SMS := allow by uid 1001
11-06 10:51:36.195  5071  5116 V PermissionPolicyService: sync for com.android.providers.telephony/0 already scheduled
11-06 10:51:36.195  5071  5116 V PermissionPolicyService: sync for com.android.mms.service/0 already scheduled
11-06 10:51:36.195  5071  5116 V PermissionPolicyService: sync for com.android.ons/0 already scheduled
11-06 10:51:36.195  5071  5116 V PermissionPolicyService: sync for com.android.stk/0 already scheduled
11-06 10:51:36.195  5071  5116 V PermissionPolicyService: sync for com.android.service.ims/0 already scheduled
11-06 10:51:36.196  5071  5116 V PermissionPolicyService: sync for com.android.service.ims.presence/0 already scheduled
11-06 10:51:36.196  5071  5116 V PermissionPolicyService: sync for com.android.phone/0 already scheduled
11-06 10:51:36.196  5071  5771 I AppOps  : uid 1001 OP_READ_CELL_BROADCASTS := allow by uid 1001
11-06 10:51:36.196  5071  5116 V PermissionPolicyService: sync for com.android.providers.telephony/0 already scheduled
11-06 10:51:36.196  5071  5116 V PermissionPolicyService: sync for com.android.mms.service/0 already scheduled
11-06 10:51:36.196  5071  5116 V PermissionPolicyService: sync for com.android.ons/0 already scheduled
11-06 10:51:36.196  5071  5116 V PermissionPolicyService: sync for com.android.stk/0 already scheduled
11-06 10:51:36.197  5071  5116 V PermissionPolicyService: sync for com.android.service.ims/0 already scheduled
11-06 10:51:36.197  5071  5116 V PermissionPolicyService: sync for com.android.service.ims.presence/0 already scheduled
11-06 10:51:36.197  5071  5116 V PermissionPolicyService: sync for com.android.phone/0 already scheduled
11-06 10:51:36.197  5391  5518 D GsmInboundSmsHandler: Delivering SMS to: com.android.messaging com.android.messaging.receiver.SmsDeliverReceiver, id: 1151593645309242082
11-06 10:51:36.197  5391  5518 V Telephony:  getMessagesFromIntent sub_id : 1
11-06 10:51:36.197  5391  5518 V SmsMessage: SMS originating address: 6505551212
11-06 10:51:36.197  5391  5518 V SmsMessage: SMS TP-PID:0 data coding scheme: 0
11-06 10:51:36.197  5391  5518 D SmsMessage: SMS SC timestamp: 1667760698000
11-06 10:51:36.197  5391  5518 V SmsMessage: SMS message body (raw): '111111Android is always a sweet treat!dsafasdfadfasfsaf'
11-06 10:51:36.199  5071  5771 I am_uid_active: 10109
11-06 10:51:36.201  5391  5391 D DCT-C-0 : updateDataActivity: curTxRxSum={txSum=3815 rxSum=2906} preTxRxSum={txSum=3815 rxSum=2906}
11-06 10:51:36.201  5391  5391 D DCT-C-0 : updateDataActivity: sent=0 received=0
11-06 10:51:36.202  5071  5103 V PermissionPolicyService: synchronizePackagePermissionsAndAppOpsForUser(com.android.mms.service, 0)
11-06 10:51:36.204  5391  5518 D SubscriptionController: [getSubId]+ slotIndex=0
11-06 10:51:36.204  5391  5518 D SubscriptionController: [getSubId]- subIdArr=[I@5fbc86f
11-06 10:51:36.204  5391  5518 D SubscriptionManager: putPhoneIdAndSubIdExtra: phoneId=0 subId=1
11-06 10:51:36.205  5071  5116 D AppOps  : noteOperation: allowing code 16 uid 10109 package com.android.messaging
11-06 10:51:36.205  5071  5116 D AppOps  : noteOperation: allowing code 63 uid 10109 package com.android.messaging
11-06 10:51:36.207  5834  5834 V Telephony:  getMessagesFromIntent sub_id : 1
11-06 10:51:36.207  5834  5834 V SmsMessage: SMS originating address: 6505551212
11-06 10:51:36.207  5834  5834 V SmsMessage: SMS TP-PID:0 data coding scheme: 0
11-06 10:51:36.207  5834  5834 D SmsMessage: SMS SC timestamp: 1667760698000
11-06 10:51:36.208  5834  5834 V SmsMessage: SMS message body (raw): '111111Android is always a sweet treat!dsafasdfadfasfsaf'
11-06 10:51:36.208  5391  5417 D SubscriptionController: [getDefaultSmsSubId] subId=1
11-06 10:51:36.209  5834  5834 V MessagingApp: SmsReceiver.deliverSmsMessages
11-06 10:51:36.214  5071  6417 D SubscriptionManager: [getActiveSubscriptionInfo]+ subId=1
11-06 10:51:36.215  5391  5417 D SubscriptionController: [getActiveSubscriptionInfo]+ subId=1 subInfo={id=1 iccId=89014103211118510720 simSlotIndex=0 carrierId=1 displayName=T-Mobile carrierName=Android nameSource=3 iconTint=-16746133 number=+15555215554 dataRoaming=0 iconBitmap=android.graphics.Bitmap@5c71432 mcc=310 mnc=260 countryIso=us isEmbedded=false nativeAccessRules=null cardString=89014103211118510720 cardId=-1 isOpportunistic=false groupUUID=null isGroupDisabled=false profileClass=-1 ehplmns=null hplmns=null subscriptionType=0 groupOwner=null carrierConfigAccessRules=null areUiccApplicationsEnabled=true}
11-06 10:51:36.216  5071  6417 W CellSignalStrengthCdma: writeToParcel(Parcel, int): CellSignalStrengthCdma: cdmaDbm=2147483647 cdmaEcio=2147483647 evdoDbm=2147483647 evdoEcio=2147483647 evdoSnr=2147483647 level=0
11-06 10:51:36.216  5071  6417 W CellSignalStrengthGsm: writeToParcel(Parcel, int): CellSignalStrengthGsm: rssi=2147483647 ber=2147483647 mTa=2147483647 mLevel=0
11-06 10:51:36.216  5071  6417 W CellSignalStrengthWcdma: writeToParcel(Parcel, int): CellSignalStrengthWcdma: ss=2147483647 ber=2147483647 rscp=2147483647 ecno=2147483647 level=0
11-06 10:51:36.216  5071  6417 W CellSignalStrengthTdscdma: writeToParcel(Parcel, int): CellSignalStrengthTdscdma: rssi=2147483647 ber=2147483647 rscp=2147483647 level=0
11-06 10:51:36.216  5071  6417 W CellSignalStrengthLte: writeToParcel(Parcel, int): CellSignalStrengthLte: rssi=2147483647 rsrp=-80 rsrq=-20 rssnr=20 cqi=15 ta=50 level=4 parametersUseForLevel=0
11-06 10:51:36.217  5834  6367 W SignalStrength: Size of signalstrength parcel:784
11-06 10:51:36.217  5834  6367 W CellSignalStrengthCdma: CellSignalStrengthCdma(Parcel): CellSignalStrengthCdma: cdmaDbm=2147483647 cdmaEcio=2147483647 evdoDbm=2147483647 evdoEcio=2147483647 evdoSnr=2147483647 level=0
11-06 10:51:36.217  5834  6367 W CellSignalStrengthGsm: CellSignalStrengthGsm(Parcel): CellSignalStrengthGsm: rssi=2147483647 ber=2147483647 mTa=2147483647 mLevel=0
11-06 10:51:36.217  5834  6367 W CellSignalStrengthWcdma: CellSignalStrengthWcdma(Parcel): CellSignalStrengthWcdma: ss=2147483647 ber=2147483647 rscp=2147483647 ecno=2147483647 level=0
11-06 10:51:36.217  5834  6367 W CellSignalStrengthTdscdma: CellSignalStrengthTdscdma(Parcel): CellSignalStrengthTdscdma: rssi=2147483647 ber=2147483647 rscp=2147483647 level=0
11-06 10:51:36.217  5834  6367 W CellSignalStrengthLte: CellSignalStrengthLte(Parcel): CellSignalStrengthLte: rssi=2147483647 rsrp=-80 rsrq=-20 rssnr=20 cqi=15 ta=50 level=4 parametersUseForLevel=0
11-06 10:51:36.217  5071  5071 D PowerManagerService: acquireWakeLockInternal: lock=249147893, flags=0x1, tag="*job*/com.android.messaging/.datamodel.action.ActionServiceImpl", ws=WorkSource{10109}, uid=1000, pid=5071
11-06 10:51:36.217  5071  5071 D PowerManagerService: updateWakeLockSummaryLocked: mWakefulness=Awake, mWakeLockSummary=0x1
11-06 10:51:36.217  5071  5071 D PowerManagerService: updateUserActivitySummaryLocked: mWakefulness=Awake, mUserActivitySummary=0x1, nextTimeout=2230759999 (in 2146989032 ms)
11-06 10:51:36.217  5071  5071 D PowerManagerService: updateDisplayPowerStateLocked: mDisplayReady=true, policy=3, mWakefulness=1, mWakeLockSummary=0x1, mUserActivitySummary=0x1, mBootCompleted=true, screenBrightnessOverride=NaN, useAutoBrightness=false, mScreenBrightnessBoostInProgress=false, mIsVrModeEnabled= false, sQuiescent=false
11-06 10:51:36.219  5834  6331 D SubscriptionManager: [getActiveSubscriptionInfo]+ subId=1
11-06 10:51:36.220  5071  5719 D AppOps  : noteOperation: allowing code 51 uid 10109 package com.android.messaging
11-06 10:51:36.220  5391  5518 D GsmInboundSmsHandler: WaitingState.enter: entering WaitingState
11-06 10:51:36.220  5391  5518 D GsmInboundSmsHandler: WaitingState.processMessage: processing EVENT_RETURN_TO_IDLE
11-06 10:51:36.222  5391  5518 D SubscriptionController: [getSubId]+ slotIndex=0
11-06 10:51:36.222  5391  5518 D SubscriptionController: [getSubId]- subIdArr=[I@28f4a26
11-06 10:51:36.222  5391  5518 D SubscriptionManager: putPhoneIdAndSubIdExtra: phoneId=0 subId=1
11-06 10:51:36.227  5071  6417 W PackageManager: !PackageManagerInternal.isEnabledAndMatches; mFlags=DEBUG_TRIAGED_MISSING|DIRECT_BOOT_AWARE|DIRECT_BOOT_UNAWARE|400; match: ADJUSTMENT_NORMAL|CATEGORY_EMPTY; userId: 0; intent info: ProviderIntentInfo{85b887f}
11-06 10:51:36.227  5071  6417 W PackageManager: !PackageManagerInternal.isEnabledAndMatches; mFlags=DEBUG_TRIAGED_MISSING|DIRECT_BOOT_AWARE|DIRECT_BOOT_UNAWARE|400; match: ADJUSTMENT_NORMAL|CATEGORY_EMPTY; userId: 0; intent info: ProviderIntentInfo{6bcd538}
11-06 10:51:36.229  5391  5518 D GsmInboundSmsHandler: WaitingState.processMessage: processing EVENT_UPDATE_TRACKER
11-06 10:51:36.232  5391  5518 D GsmInboundSmsHandler: successful broadcast, deleting from raw table.
11-06 10:51:36.237  5071  6417 D AppOps  : noteOperation: allowing code 15 uid 1001 package com.android.phone
11-06 10:51:36.241  5071  5771 D ContentService: Notifying update of [content://sms/raw] for user -1, observer null, flags 1
11-06 10:51:36.241  5071  5771 D ContentService: Collecting non-leaf observers @ #0 / sms
11-06 10:51:36.242  5071  5771 D ContentService: Notifying update of [content://mms-sms/] for user -1, observer null, flags 1
11-06 10:51:36.242  5071  5771 D ContentService: Collecting non-leaf observers @ #0 / mms-sms
11-06 10:51:36.242  5071  5771 D ContentService: Collecting leaf observers @ #1, node mms-sms
11-06 10:51:36.242  5071  5771 D ContentService: Reporting to android.database.ContentObserver$Transport@397f3cc: leaf=true flags=1 desc=false
11-06 10:51:36.242  5071  5771 D ContentService: Notifying update of [content://mms-sms/conversations/] for user -1, observer null, flags 1
11-06 10:51:36.243  5071  5771 D ContentService: Collecting non-leaf observers @ #0 / mms-sms
11-06 10:51:36.243  5071  5771 D ContentService: Collecting non-leaf observers @ #1 / conversations
11-06 10:51:36.243  5071  5771 D ContentService: Skipping android.database.ContentObserver$Transport@397f3cc: not monitor descendants
11-06 10:51:36.243  5391  5518 D GsmInboundSmsHandler: Deleted 1 rows from raw table.
11-06 10:51:36.243  5391  5518 D GsmInboundSmsHandler: ordered broadcast completed in: 80 ms
11-06 10:51:36.243  5391  5518 D GsmInboundSmsHandler: WaitingState.processMessage: processing EVENT_BROADCAST_COMPLETE
11-06 10:51:36.243  5391  5518 D GsmInboundSmsHandler: WaitingState.exit: leaving WaitingState:20
11-06 10:51:36.244  5391  5518 E InboundSmsHandler: setWakeLockTimeout: 
11-06 10:51:36.244  5391  5518 E InboundSmsHandler: java.lang.Throwable: 20:20
11-06 10:51:36.244  5391  5518 E InboundSmsHandler: 	at com.android.internal.telephony.InboundSmsHandler.setWakeLockTimeout(InboundSmsHandler.java:1975)
11-06 10:51:36.244  5391  5518 E InboundSmsHandler: 	at com.android.internal.telephony.InboundSmsHandler.access$500(InboundSmsHandler.java:113)
11-06 10:51:36.244  5391  5518 E InboundSmsHandler: 	at com.android.internal.telephony.InboundSmsHandler$WaitingState.exit(InboundSmsHandler.java:595)
11-06 10:51:36.244  5391  5518 E InboundSmsHandler: 	at com.android.internal.telephony.StateMachine$SmHandler.invokeExitMethods(StateMachine.java:1021)
11-06 10:51:36.244  5391  5518 E InboundSmsHandler: 	at com.android.internal.telephony.StateMachine$SmHandler.performTransitions(StateMachine.java:877)
11-06 10:51:36.244  5391  5518 E InboundSmsHandler: 	at com.android.internal.telephony.StateMachine$SmHandler.handleMessage(StateMachine.java:819)
11-06 10:51:36.244  5391  5518 E InboundSmsHandler: 	at android.os.Handler.dispatchMessage(Handler.java:106)
11-06 10:51:36.244  5391  5518 E InboundSmsHandler: 	at android.os.Looper.loop(Looper.java:223)
11-06 10:51:36.244  5391  5518 E InboundSmsHandler: 	at android.os.HandlerThread.run(HandlerThread.java:67)
11-06 10:51:36.244  5391  5391 D SmsDispatchersController: reevaluateTimerStatus: currentTime: 1667703096244 mCurrentWaitElapsedDuration: 521554
11-06 10:51:36.244  5391  5391 D SmsDispatchersController: handleInService: timer expiry in 85878446ms
11-06 10:51:36.244  5391  5518 D GsmInboundSmsHandler: DeliveringState.exit: leaving DeliveringState
11-06 10:51:36.244  5391  5518 D GsmInboundSmsHandler: DeliveringState.enter: entering DeliveringState
11-06 10:51:36.244  5391  5518 D GsmInboundSmsHandler: DeliveringState.processMessage: processing EVENT_RETURN_TO_IDLE
11-06 10:51:36.244  5391  5518 D GsmInboundSmsHandler: DeliveringState.exit: leaving DeliveringState
11-06 10:51:36.244  5391  5518 D GsmInboundSmsHandler: IdleState.enter: entering IdleState
11-06 10:51:36.245  5071  5103 V PermissionPolicyService: synchronizePackagePermissionsAndAppOpsForUser(com.android.ons, 0)
11-06 10:51:36.245  5391  5417 D SubscriptionController: [getActiveSubscriptionInfo]+ subId=1 subInfo={id=1 iccId=89014103211118510720 simSlotIndex=0 carrierId=1 displayName=T-Mobile carrierName=Android nameSource=3 iconTint=-16746133 number=+15555215554 dataRoaming=0 iconBitmap=android.graphics.Bitmap@5c71432 mcc=310 mnc=260 countryIso=us isEmbedded=false nativeAccessRules=null cardString=89014103211118510720 cardId=-1 isOpportunistic=false groupUUID=null isGroupDisabled=false profileClass=-1 ehplmns=null hplmns=null subscriptionType=0 groupOwner=null carrierConfigAccessRules=null areUiccApplicationsEnabled=true}
11-06 10:51:36.248  5391  5417 D SubscriptionController: [getPhoneId] subId=1
11-06 10:51:36.248  5391  5417 D SubscriptionController: [getPhoneId]- found subId=1 phoneId=0
11-06 10:51:36.248  5391  5417 D PhoneFactory: getPhone:- phoneId != DEFAULT_PHONE_ID return sPhones[phoneId] phoneId=0 phone=Handler (com.android.internal.telephony.GsmCdmaPhone) {c0fb2b5}
11-06 10:51:36.250  5071  5103 V PermissionPolicyService: synchronizePackagePermissionsAndAppOpsForUser(com.android.stk, 0)
11-06 10:51:36.254  5071  5103 V PermissionPolicyService: synchronizePackagePermissionsAndAppOpsForUser(com.android.service.ims, 0)
11-06 10:51:36.258  5071  5103 V PermissionPolicyService: synchronizePackagePermissionsAndAppOpsForUser(com.android.service.ims.presence, 0)
11-06 10:51:36.259  5391  5417 D SubscriptionController: [getSubId]+ slotIndex=0
11-06 10:51:36.259  5391  5417 D SubscriptionController: [getSubId]- subIdArr=[I@895e2b2
11-06 10:51:36.261  5071  5771 D AppOps  : noteOperation: allowing code 89 uid 10109 package com.android.messaging
11-06 10:51:36.264  5391  5518 D GsmInboundSmsHandler: IdleState.processMessage: processing EVENT_RELEASE_WAKELOCK
11-06 10:51:36.271  5071  5103 V PermissionPolicyService: synchronizePackagePermissionsAndAppOpsForUser(com.android.phone, 0)
11-06 10:51:36.272  5071  5771 D PowerManagerService: releaseWakeLockInternal: lock=128993263 [GsmInboundSmsHandler], flags=0x0
11-06 10:51:36.272  5071  5771 D PowerManagerService: updateWakeLockSummaryLocked: mWakefulness=Awake, mWakeLockSummary=0x1
11-06 10:51:36.272  5071  5771 D PowerManagerService: updateUserActivitySummaryLocked: mWakefulness=Awake, mUserActivitySummary=0x1, nextTimeout=2230759999 (in 2146988977 ms)
11-06 10:51:36.272  5071  5771 D PowerManagerService: updateDisplayPowerStateLocked: mDisplayReady=true, policy=3, mWakefulness=1, mWakeLockSummary=0x1, mUserActivitySummary=0x1, mBootCompleted=true, screenBrightnessOverride=NaN, useAutoBrightness=false, mScreenBrightnessBoostInProgress=false, mIsVrModeEnabled= false, sQuiescent=false
11-06 10:51:36.272  5391  5518 D GsmInboundSmsHandler: IdleState.processMessage: EVENT_RELEASE_WAKELOCK: mWakeLock released
11-06 10:51:36.276  5071  5771 D AppOps  : noteOperation: allowing code 51 uid 10109 package com.android.messaging
11-06 10:51:36.278  5071  5103 V PermissionPolicyService: synchronizePackagePermissionsAndAppOpsForUser(com.android.providers.telephony, 0)
11-06 10:51:36.280  5391  5563 D SubscriptionController: [getDefaultSmsSubId] subId=1
11-06 10:51:36.289  5071  5771 D AppOps  : noteOperation: allowing code 14 uid 1001 package com.android.phone
11-06 10:51:36.289  5071  5771 D AppOps  : noteOperation: allowing code 14 uid 10109 package com.android.messaging
11-06 10:51:36.292  5071  5771 D AppOps  : noteOperation: allowing code 14 uid 1001 package com.android.phone
11-06 10:51:36.292  5071  5771 D AppOps  : noteOperation: allowing code 14 uid 10109 package com.android.messaging
11-06 10:51:36.309  5071  5115 D AppOps  : noteOperation: allowing code 14 uid 1001 package com.android.phone
11-06 10:51:36.309  5071  5115 D AppOps  : noteOperation: allowing code 14 uid 1000 package android
11-06 10:51:36.310  5071  5115 D AppOps  : noteOperation: allowing code 14 uid 1001 package com.android.phone
11-06 10:51:36.310  5071  5115 D AppOps  : noteOperation: allowing code 14 uid 1000 package android
11-06 10:51:36.315  5071  5771 D AppOps  : noteOperation: allowing code 15 uid 1001 package com.android.phone
11-06 10:51:36.315  5071  5771 D AppOps  : noteOperation: allowing code 15 uid 10109 package com.android.messaging
11-06 10:51:36.318  5071  5771 D AppOps  : noteOperation: allowing code 4 uid 10066 package com.android.providers.userdictionary
11-06 10:51:36.318  5071  5771 D AppOps  : noteOperation: allowing code 4 uid 1001 package com.android.phone
11-06 10:51:36.319  5071  5771 D AppOps  : noteOperation: allowing code 4 uid 10066 package com.android.providers.userdictionary
11-06 10:51:36.319  5071  5771 D AppOps  : noteOperation: allowing code 4 uid 1001 package com.android.phone
11-06 10:51:36.321  5071  5115 D UsageStatsService: User[0] Got usage event for com.android.providers.blockednumber[83770895]: SYSTEM_INTERACTION
11-06 10:51:36.321  5071  5115 D UsageStatsService: User[0] Got usage event for com.android.providers.userdictionary[83770895]: SYSTEM_INTERACTION
11-06 10:51:36.321  5071  5115 D UsageStatsService: User[0] Got usage event for com.android.providers.contacts[83770895]: SYSTEM_INTERACTION
11-06 10:51:36.324  5071  5115 D AppOps  : noteOperation: allowing code 14 uid 1001 package com.android.phone
11-06 10:51:36.324  5071  5115 D AppOps  : noteOperation: allowing code 14 uid 1000 package android
11-06 10:51:36.325  5071  5115 D AppOps  : noteOperation: allowing code 14 uid 1001 package com.android.phone
11-06 10:51:36.325  5071  5115 D AppOps  : noteOperation: allowing code 14 uid 1000 package android
11-06 10:51:36.334  5071  5115 D AppOps  : noteOperation: allowing code 14 uid 1001 package com.android.phone
11-06 10:51:36.334  5071  5115 D AppOps  : noteOperation: allowing code 14 uid 1000 package android
11-06 10:51:36.336  5071  5115 D AppOps  : noteOperation: allowing code 14 uid 1001 package com.android.phone
11-06 10:51:36.336  5071  5115 D AppOps  : noteOperation: allowing code 14 uid 1000 package android
11-06 10:51:36.346  5071  5771 D ContentService: Notifying update of [content://sms/15] for user -1, observer null, flags 1
11-06 10:51:36.347  5071  5771 D ContentService: Collecting non-leaf observers @ #0 / sms
11-06 10:51:36.348  5071  5771 D ContentService: Notifying update of [content://mms-sms/] for user -1, observer null, flags 1
11-06 10:51:36.349  5071  5771 D ContentService: Collecting non-leaf observers @ #0 / mms-sms
11-06 10:51:36.349  5071  5771 D ContentService: Collecting leaf observers @ #1, node mms-sms
11-06 10:51:36.349  5071  5771 D ContentService: Reporting to android.database.ContentObserver$Transport@397f3cc: leaf=true flags=1 desc=false
11-06 10:51:36.351  5071  5115 D AppOps  : noteOperation: allowing code 14 uid 1001 package com.android.phone
11-06 10:51:36.351  5071  5115 D AppOps  : noteOperation: allowing code 14 uid 1000 package android
11-06 10:51:36.353  5071  5771 D ContentService: Notifying update of [content://mms-sms/conversations/] for user -1, observer null, flags 1
11-06 10:51:36.353  5071  5771 D ContentService: Collecting non-leaf observers @ #0 / mms-sms
11-06 10:51:36.353  5071  5771 D ContentService: Collecting non-leaf observers @ #1 / conversations
11-06 10:51:36.353  5071  5771 D ContentService: Skipping android.database.ContentObserver$Transport@397f3cc: not monitor descendants
11-06 10:51:36.355  5071  5115 D AppOps  : noteOperation: allowing code 14 uid 1001 package com.android.phone
11-06 10:51:36.355  5071  5115 D AppOps  : noteOperation: allowing code 14 uid 1000 package android
11-06 10:51:36.364  5071  5115 D AppOps  : noteOperation: allowing code 14 uid 1001 package com.android.phone
11-06 10:51:36.364  5071  5115 D AppOps  : noteOperation: allowing code 14 uid 1000 package android
11-06 10:51:36.365  5071  5115 D AppOps  : noteOperation: allowing code 14 uid 1001 package com.android.phone
