11-06 10:23:20.363  2124  2221 D ConnectivityService:  sending notification for NetworkRequest [ LISTEN id=5, [ Capabilities: NOT_RESTRICTED&TRUSTED&NOT_VPN&FOREGROUND Uid: 1000 AdministratorUids: [] RequestorUid: 1000 RequestorPackageName: android] ]
11-06 10:23:20.363  2124  2221 D ConnectivityService: sending notification CALLBACK_CAP_CHANGED for NetworkRequest [ LISTEN id=5, [ Capabilities: NOT_RESTRICTED&TRUSTED&NOT_VPN&FOREGROUND Uid: 1000 AdministratorUids: [] RequestorUid: 1000 RequestorPackageName: android] ]
11-06 10:23:20.363  2124  2221 D ConnectivityService:  sending notification for NetworkRequest [ LISTEN id=6, [ Capabilities: NOT_RESTRICTED&TRUSTED&NOT_VPN Uid: 1000 AdministratorUids: [] RequestorUid: 1000 RequestorPackageName: android] ]
11-06 10:23:20.363  2124  2221 D ConnectivityService: sending notification CALLBACK_CAP_CHANGED for NetworkRequest [ LISTEN id=6, [ Capabilities: NOT_RESTRICTED&TRUSTED&NOT_VPN Uid: 1000 AdministratorUids: [] RequestorUid: 1000 RequestorPackageName: android] ]
11-06 10:23:20.363  2124  2221 D ConnectivityService:  sending notification for NetworkRequest [ LISTEN id=7, [ Transports: CELLULAR Capabilities: INTERNET&NOT_RESTRICTED&TRUSTED&NOT_VPN Uid: 1000 AdministratorUids: [] RequestorUid: 1000 RequestorPackageName: android] ]
11-06 10:23:20.364  2124  2221 D ConnectivityService: sending notification CALLBACK_CAP_CHANGED for NetworkRequest [ LISTEN id=7, [ Transports: CELLULAR Capabilities: INTERNET&NOT_RESTRICTED&TRUSTED&NOT_VPN Uid: 1000 AdministratorUids: [] RequestorUid: 1000 RequestorPackageName: android] ]
11-06 10:23:20.364  2124  2221 D ConnectivityService:  sending notification for NetworkRequest [ TRACK_DEFAULT id=9, [ Capabilities: INTERNET&NOT_RESTRICTED&TRUSTED Uid: 1000 AdministratorUids: [] RequestorUid: 1000 RequestorPackageName: android] ]
11-06 10:23:20.364  2124  2221 D ConnectivityService: sending notification CALLBACK_CAP_CHANGED for NetworkRequest [ TRACK_DEFAULT id=9, [ Capabilities: INTERNET&NOT_RESTRICTED&TRUSTED Uid: 1000 AdministratorUids: [] RequestorUid: 1000 RequestorPackageName: android] ]
11-06 10:23:20.364  2124  2221 D ConnectivityService:  sending notification for NetworkRequest [ TRACK_DEFAULT id=10, [ Capabilities: INTERNET&NOT_RESTRICTED&TRUSTED Uid: 1073 AdministratorUids: [] RequestorUid: 1073 RequestorPackageName: com.android.networkstack] ]
11-06 10:23:20.364  2124  2221 D ConnectivityService: sending notification CALLBACK_CAP_CHANGED for NetworkRequest [ TRACK_DEFAULT id=10, [ Capabilities: INTERNET&NOT_RESTRICTED&TRUSTED Uid: 1073 AdministratorUids: [] RequestorUid: 1073 RequestorPackageName: com.android.networkstack] ]
11-06 10:23:20.364  2124  2221 D ConnectivityService:  sending notification for NetworkRequest [ REQUEST id=12, [ Capabilities: INTERNET&NOT_RESTRICTED&TRUSTED&NOT_VPN AdministratorUids: [] RequestorUid: 1073 RequestorPackageName: com.android.networkstack] ]
11-06 10:23:20.364  2124  2221 D ConnectivityService: sending notification CALLBACK_CAP_CHANGED for NetworkRequest [ REQUEST id=12, [ Capabilities: INTERNET&NOT_RESTRICTED&TRUSTED&NOT_VPN AdministratorUids: [] RequestorUid: 1073 RequestorPackageName: com.android.networkstack] ]
11-06 10:23:20.365  2124  2221 D ConnectivityService:  sending notification for NetworkRequest [ TRACK_DEFAULT id=15, [ Capabilities: INTERNET&NOT_RESTRICTED&TRUSTED Uid: 10126 AdministratorUids: [] RequestorUid: 10126 RequestorPackageName: com.android.systemui] ]
11-06 10:23:20.365  2124  2221 D ConnectivityService: sending notification CALLBACK_CAP_CHANGED for NetworkRequest [ TRACK_DEFAULT id=15, [ Capabilities: INTERNET&NOT_RESTRICTED&TRUSTED Uid: 10126 AdministratorUids: [] RequestorUid: 10126 RequestorPackageName: com.android.systemui] ]
11-06 10:23:20.366  2124  2221 D ConnectivityService:  sending notification for NetworkRequest [ TRACK_DEFAULT id=16, [ Capabilities: INTERNET&NOT_RESTRICTED&TRUSTED Uid: 10126 AdministratorUids: [] RequestorUid: 10126 RequestorPackageName: com.android.systemui] ]
11-06 10:23:20.366  2124  2221 D ConnectivityService: sending notification CALLBACK_CAP_CHANGED for NetworkRequest [ TRACK_DEFAULT id=16, [ Capabilities: INTERNET&NOT_RESTRICTED&TRUSTED Uid: 10126 AdministratorUids: [] RequestorUid: 10126 RequestorPackageName: com.android.systemui] ]
11-06 10:23:20.366  2124  2221 D ConnectivityService:  sending notification for NetworkRequest [ LISTEN id=18, [ AdministratorUids: [] RequestorUid: 10126 RequestorPackageName: com.android.systemui] ]
11-06 10:23:20.366  2124  2221 D ConnectivityService: sending notification CALLBACK_CAP_CHANGED for NetworkRequest [ LISTEN id=18, [ AdministratorUids: [] RequestorUid: 10126 RequestorPackageName: com.android.systemui] ]
11-06 10:23:20.361  2124  2211 W BestClock: java.time.DateTimeException: Missing NTP fix
11-06 10:23:20.367  2124  2221 W BestClock: java.time.DateTimeException: Missing NTP fix
11-06 10:23:20.445  2434  2434 D DCT-C-0 : updateDataActivity: curTxRxSum={txSum=3504 rxSum=2708} preTxRxSum={txSum=3504 rxSum=2708}
11-06 10:23:20.445  2434  2434 D DCT-C-0 : updateDataActivity: sent=0 received=0
11-06 10:23:21.261  2124  2659 I commit_sys_config_file: [appops,7]
11-06 10:23:21.286  2124  2209 D PowerManagerService: acquireWakeLockInternal: lock=224533267, flags=0x1, tag="NetworkStats", ws=null, uid=1000, pid=2124
11-06 10:23:21.286  2124  2209 D PowerManagerService: updateWakeLockSummaryLocked: mWakefulness=Awake, mWakeLockSummary=0x1
11-06 10:23:21.286  2124  2209 D PowerManagerService: updateUserActivitySummaryLocked: mWakefulness=Awake, mUserActivitySummary=0x1, nextTimeout=2147983460 (in 2065907424 ms)
11-06 10:23:21.286  2124  2209 D PowerManagerService: updateDisplayPowerStateLocked: mDisplayReady=true, policy=3, mWakefulness=1, mWakeLockSummary=0x1, mUserActivitySummary=0x1, mBootCompleted=true, screenBrightnessOverride=NaN, useAutoBrightness=false, mScreenBrightnessBoostInProgress=false, mIsVrModeEnabled= false, sQuiescent=false
11-06 10:23:21.288  2124  2209 D AppOps  : startOperation: allowing code 40 uid 1000 package android
11-06 10:23:20.368  2124  2221 I chatty  : uid=1000(system) ConnectivitySer identical 2 lines
11-06 10:23:20.368  2124  2221 W BestClock: java.time.DateTimeException: Missing NTP fix
11-06 10:23:21.291  2124  2209 W BestClock: java.time.DateTimeException: Missing NTP fix
11-06 10:23:21.302  2124  2209 I netstats_mobile_sample: [208598,2468,247332,3112,208598,2468,247332,3112,142221,1565,231950,3082,1667701401302]
11-06 10:23:21.302  2124  2209 I netstats_wifi_sample: [0,0,0,0,0,0,0,0,0,0,0,0,1667701401302]
11-06 10:23:21.302  2124  2209 D PowerManagerService: releaseWakeLockInternal: lock=224533267 [NetworkStats], flags=0x0
11-06 10:23:21.303  2124  2209 D PowerManagerService: updateWakeLockSummaryLocked: mWakefulness=Awake, mWakeLockSummary=0x1
11-06 10:23:21.303  2124  2209 D PowerManagerService: updateUserActivitySummaryLocked: mWakefulness=Awake, mUserActivitySummary=0x1, nextTimeout=2147983460 (in 2065907407 ms)
11-06 10:23:21.303  2124  2209 D PowerManagerService: updateDisplayPowerStateLocked: mDisplayReady=true, policy=3, mWakefulness=1, mWakeLockSummary=0x1, mUserActivitySummary=0x1, mBootCompleted=true, screenBrightnessOverride=NaN, useAutoBrightness=false, mScreenBrightnessBoostInProgress=false, mIsVrModeEnabled= false, sQuiescent=false
11-06 10:23:21.302  2124  2209 W BestClock: java.time.DateTimeException: Missing NTP fix
11-06 10:23:21.304  2124  2211 W BestClock: java.time.DateTimeException: Missing NTP fix
11-06 10:23:21.318  2124  2221 W BestClock: java.time.DateTimeException: Missing NTP fix
11-06 10:23:21.318  2124  2211 W BestClock: java.time.DateTimeException: Missing NTP fix
11-06 10:23:21.318  2434  2674 D SubscriptionController: [getPhoneId] subId=1
11-06 10:23:21.318  2434  2674 D SubscriptionController: [getPhoneId]- found subId=1 phoneId=0
11-06 10:23:21.318  2434  2674 D PhoneFactory: getPhone:- phoneId != DEFAULT_PHONE_ID return sPhones[phoneId] phoneId=0 phone=Handler (com.android.internal.telephony.GsmCdmaPhone) {f582709}
11-06 10:23:21.449  2434  2434 D DCT-C-0 : updateDataActivity: curTxRxSum={txSum=3504 rxSum=2708} preTxRxSum={txSum=3504 rxSum=2708}
11-06 10:23:21.449  2434  2434 D DCT-C-0 : updateDataActivity: sent=0 received=0
11-06 10:23:22.296  2124  2659 I commit_sys_config_file: [appops,6]
11-06 10:23:22.453  2434  2434 D DCT-C-0 : updateDataActivity: curTxRxSum={txSum=3504 rxSum=2708} preTxRxSum={txSum=3504 rxSum=2708}
11-06 10:23:22.453  2434  2434 D DCT-C-0 : updateDataActivity: sent=0 received=0
11-06 10:23:23.457  2434  2434 D DCT-C-0 : updateDataActivity: curTxRxSum={txSum=3504 rxSum=2708} preTxRxSum={txSum=3504 rxSum=2708}
11-06 10:23:23.457  2434  2434 D DCT-C-0 : updateDataActivity: sent=0 received=0
11-06 10:23:24.462  2434  2434 D DCT-C-0 : updateDataActivity: curTxRxSum={txSum=3504 rxSum=2708} preTxRxSum={txSum=3504 rxSum=2708}
11-06 10:23:24.462  2434  2434 D DCT-C-0 : updateDataActivity: sent=0 received=0
11-06 10:23:25.465  2434  2434 D DCT-C-0 : updateDataActivity: curTxRxSum={txSum=3504 rxSum=2708} preTxRxSum={txSum=3504 rxSum=2708}
11-06 10:23:25.465  2434  2434 D DCT-C-0 : updateDataActivity: sent=0 received=0
11-06 10:23:26.470  2434  2434 D DCT-C-0 : updateDataActivity: curTxRxSum={txSum=3504 rxSum=2708} preTxRxSum={txSum=3504 rxSum=2708}
11-06 10:23:26.470  2434  2434 D DCT-C-0 : updateDataActivity: sent=0 received=0
--------- beginning of kernel
11-06 10:23:20.376     0     0 I chatty  : uid=0(root) logd identical 46 lines
11-06 10:23:20.452     0     0 I init    : processing action (sys.sysctl.tcp_def_init_rwnd=*) from (/system/etc/init/hw/init.rc:994)
11-06 10:23:27.238     0     0 D logd    : logdr: UID=0 GID=0 PID=4952 b tail=0 logMask=ff pid=0 start=0ns timeout=0ns
11-06 10:23:27.474  2434  2434 D DCT-C-0 : updateDataActivity: curTxRxSum={txSum=3504 rxSum=2708} preTxRxSum={txSum=3504 rxSum=2708}
11-06 10:23:27.474  2434  2434 D DCT-C-0 : updateDataActivity: sent=0 received=0
11-06 10:23:28.478  2434  2434 D DCT-C-0 : updateDataActivity: curTxRxSum={txSum=3504 rxSum=2708} preTxRxSum={txSum=3504 rxSum=2708}
11-06 10:23:28.478  2434  2434 D DCT-C-0 : updateDataActivity: sent=0 received=0
11-06 10:23:29.482  2434  2434 D DCT-C-0 : updateDataActivity: curTxRxSum={txSum=3504 rxSum=2708} preTxRxSum={txSum=3504 rxSum=2708}
11-06 10:23:29.482  2434  2434 D DCT-C-0 : updateDataActivity: sent=0 received=0
11-06 10:23:30.486  2434  2434 D DCT-C-0 : updateDataActivity: curTxRxSum={txSum=3504 rxSum=2708} preTxRxSum={txSum=3504 rxSum=2708}
11-06 10:23:30.486  2434  2434 D DCT-C-0 : updateDataActivity: sent=0 received=0
11-06 10:23:31.490  2434  2434 D DCT-C-0 : updateDataActivity: curTxRxSum={txSum=3504 rxSum=2708} preTxRxSum={txSum=3504 rxSum=2708}
11-06 10:23:31.490  2434  2434 D DCT-C-0 : updateDataActivity: sent=0 received=0
11-06 10:23:31.963  2124  2153 I UsageStatsService: User[0] Flushing usage stats to disk
11-06 10:23:31.981  2124  2162 V WallpaperManagerService: Wallpaper file change: evt=8 path=app_idle_stats.xml.new sys=false lock=false imagePending=false whichPending=0x0 written=true
11-06 10:23:31.982  2124  2162 V WallpaperManagerService: Wallpaper file change: evt=128 path=app_idle_stats.xml sys=false lock=false imagePending=false whichPending=0x0 written=true
11-06 10:23:31.984  2124  2153 D UsageStatsService: User[0] Got usage event for android[82086712]: UNKNOWN_TYPE_25
11-06 10:23:32.494  2434  2434 D DCT-C-0 : updateDataActivity: curTxRxSum={txSum=3504 rxSum=2708} preTxRxSum={txSum=3504 rxSum=2708}
11-06 10:23:32.494  2434  2434 D DCT-C-0 : updateDataActivity: sent=0 received=0
11-06 10:23:33.499  2434  2434 D DCT-C-0 : updateDataActivity: curTxRxSum={txSum=3504 rxSum=2708} preTxRxSum={txSum=3504 rxSum=2708}
11-06 10:23:33.499  2434  2434 D DCT-C-0 : updateDataActivity: sent=0 received=0
11-06 10:23:34.501  2434  2434 D DCT-C-0 : updateDataActivity: curTxRxSum={txSum=3504 rxSum=2708} preTxRxSum={txSum=3504 rxSum=2708}
11-06 10:23:34.501  2434  2434 D DCT-C-0 : updateDataActivity: sent=0 received=0
11-06 10:23:35.505  2434  2434 D DCT-C-0 : updateDataActivity: curTxRxSum={txSum=3504 rxSum=2708} preTxRxSum={txSum=3504 rxSum=2708}
11-06 10:23:35.506  2434  2434 D DCT-C-0 : updateDataActivity: sent=0 received=0
11-06 10:23:36.510  2434  2434 D DCT-C-0 : updateDataActivity: curTxRxSum={txSum=3504 rxSum=2708} preTxRxSum={txSum=3504 rxSum=2708}
11-06 10:23:36.510  2434  2434 D DCT-C-0 : updateDataActivity: sent=0 received=0
11-06 10:23:37.515  2434  2434 D DCT-C-0 : updateDataActivity: curTxRxSum={txSum=3504 rxSum=2708} preTxRxSum={txSum=3504 rxSum=2708}
11-06 10:23:37.515  2434  2434 D DCT-C-0 : updateDataActivity: sent=0 received=0
11-06 10:23:38.519  2434  2434 D DCT-C-0 : updateDataActivity: curTxRxSum={txSum=3504 rxSum=2708} preTxRxSum={txSum=3504 rxSum=2708}
11-06 10:23:38.519  2434  2434 D DCT-C-0 : updateDataActivity: sent=0 received=0
11-06 10:23:38.747  2124  2143 V StorageStatsService: >>> handling 100
11-06 10:23:39.523  2434  2434 D DCT-C-0 : updateDataActivity: curTxRxSum={txSum=3504 rxSum=2708} preTxRxSum={txSum=3504 rxSum=2708}
11-06 10:23:39.523  2434  2434 D DCT-C-0 : updateDataActivity: sent=0 received=0
11-06 10:23:39.988   351   351 E netmgr  : qemu_pipe_open_ns:62: Could not connect to the 'pipe:qemud:network' service: Invalid argument
11-06 10:23:39.989   351   351 E netmgr  : Failed to open QEMU pipe 'qemud:network': Invalid argument
11-06 10:23:40.444     0     0 I init    : processing action (sys.sysctl.tcp_def_init_rwnd=*) from (/system/etc/init/hw/init.rc:994)
11-06 10:23:40.306  2124  2205 D PowerManagerService: acquireWakeLockInternal: lock=132907744, flags=0x1, tag="*telephony-radio*", ws=WorkSource{1001 com.android.phone}, uid=1001, pid=2434
11-06 10:23:40.306  2124  2205 D PowerManagerService: updateWakeLockSummaryLocked: mWakefulness=Awake, mWakeLockSummary=0x1
11-06 10:23:40.306  2124  2205 D PowerManagerService: updateUserActivitySummaryLocked: mWakefulness=Awake, mUserActivitySummary=0x1, nextTimeout=2147983460 (in 2065888404 ms)
11-06 10:23:40.306  2124  2205 D PowerManagerService: updateDisplayPowerStateLocked: mDisplayReady=true, policy=3, mWakefulness=1, mWakeLockSummary=0x1, mUserActivitySummary=0x1, mBootCompleted=true, screenBrightnessOverride=NaN, useAutoBrightness=false, mScreenBrightnessBoostInProgress=false, mIsVrModeEnabled= false, sQuiescent=false
11-06 10:23:40.307  2434  2434 D RILJ    : [4817]> SIGNAL_STRENGTH [PHONE0]
11-06 10:23:40.308   388   388 D RIL     : onRequest: SIGNAL_STRENGTH
11-06 10:23:40.308   388   388 D AT      : AT> AT+CSQ
11-06 10:23:40.308   388   453 D AT      : AT< %CGFPCCFG: 1,50000,20,4,1
11-06 10:23:40.308   388   453 D RIL     : got CGFPCCFG line %CGFPCCFG: 1,50000,20,4,1 and %CGFPCCFG: 1,50000,20,4,1
11-06 10:23:40.308   388   453 D RIL     : got i 0, val = 1
11-06 10:23:40.308   388   453 D RIL     : got i 1, val = 50000
11-06 10:23:40.308   388   453 D RIL     : got i 2, val = 20
11-06 10:23:40.308   388   453 D RIL     : got i 3, val = 4
11-06 10:23:40.308   388   453 D RIL     : got i 4, val = 1
11-06 10:23:40.309   388   453 D RILC    : reportPhysicalChannelConfigs: 1 50000 20 4 1
11-06 10:23:40.309   388   453 D AT      : AT< %CGFPCCFG: 2,50000,20,4,1
11-06 10:23:40.309   388   453 D RIL     : got CGFPCCFG line %CGFPCCFG: 2,50000,20,4,1 and %CGFPCCFG: 2,50000,20,4,1
11-06 10:23:40.309   388   453 D RIL     : got i 0, val = 2
11-06 10:23:40.309   388   453 D RIL     : got i 1, val = 50000
11-06 10:23:40.309   388   453 D RIL     : got i 2, val = 20
11-06 10:23:40.309   388   453 D RIL     : got i 3, val = 4
11-06 10:23:40.309   388   453 D RIL     : got i 4, val = 1
11-06 10:23:40.309   388   453 D RILC    : reportPhysicalChannelConfigs: 2 50000 20 4 1
11-06 10:23:40.309   388   453 D AT      : AT< +CSQ: 30,0,70,80,60,80,7,60,80,20,200,15,50
11-06 10:23:40.309   388   453 D AT      : AT< OK
11-06 10:23:40.310  2434  2532 D RILJ    : [UNSL]< RIL_UNSOL_PHYSICAL_CHANNEL_CONFIG [{mConnectionStatus=PrimaryServing,mCellBandwidthDownlinkKhz=50000,mRat=NR,mFrequencyRange=MMWAVE,mChannelNumber=2147483647,mContextIds=[1],mPhysicalCellId=0}] [PHONE0]
11-06 10:23:40.311  2434  2532 D RILJ    : [UNSL]< RIL_UNSOL_PHYSICAL_CHANNEL_CONFIG [{mConnectionStatus=SecondaryServing,mCellBandwidthDownlinkKhz=50000,mRat=NR,mFrequencyRange=MMWAVE,mChannelNumber=2147483647,mContextIds=[1],mPhysicalCellId=0}] [PHONE0]
11-06 10:23:40.311  2434  2434 D SubscriptionController: [getSubId]+ slotIndex=0
11-06 10:23:40.311  2434  2434 D SubscriptionController: [getSubId]- subIdArr=[I@a361b23
11-06 10:23:40.312  2434  2434 D ApnSetting: isMeteredApnType: isRoaming=false
11-06 10:23:40.312  2434  2571 D DC-C-1  : updateTcpBufferSizes: lte_ca
11-06 10:23:40.313  2434  2571 D DC-C-1  : updateLinkBandwidthsFromCarrierConfig: LTE
11-06 10:23:40.314  2434  2571 D SubscriptionController: [getSubId]+ slotIndex=0
11-06 10:23:40.314  2434  2571 D SubscriptionController: [getSubId]- subIdArr=[I@5606820
11-06 10:23:40.314  2434  2571 D ApnSetting: isMeteredApnType: isRoaming=false
11-06 10:23:40.315  2124  2221 D ConnectivityService: Update of LinkProperties for [100 CELLULAR]; created=true; everConnected=true
11-06 10:23:40.315  2124  2221 D ConnectivityService: identical MTU - not setting
11-06 10:23:40.315  2124  2221 D ConnectivityService: Setting tx/rx TCP buffers to 4096,6291456,12582912,4096,1048576,2097152
11-06 10:23:40.318  2124  2221 D PowerManagerService: acquireWakeLockInternal: lock=224533267, flags=0x1, tag="NetworkStats", ws=null, uid=1000, pid=2124
11-06 10:23:40.319  2124  2221 D PowerManagerService: updateWakeLockSummaryLocked: mWakefulness=Awake, mWakeLockSummary=0x1
11-06 10:23:40.319  2124  2221 D PowerManagerService: updateUserActivitySummaryLocked: mWakefulness=Awake, mUserActivitySummary=0x1, nextTimeout=2147983460 (in 2065888391 ms)
11-06 10:23:40.319  2124  2221 D PowerManagerService: updateDisplayPowerStateLocked: mDisplayReady=true, policy=3, mWakefulness=1, mWakeLockSummary=0x1, mUserActivitySummary=0x1, mBootCompleted=true, screenBrightnessOverride=NaN, useAutoBrightness=false, mScreenBrightnessBoostInProgress=false, mIsVrModeEnabled= false, sQuiescent=false
11-06 10:23:40.319  2434  2532 W CellSignalStrengthCdma: getCdmaLevel=0
11-06 10:23:40.319  2434  2532 W CellSignalStrengthCdma: getEvdoLevel=0
11-06 10:23:40.319  2434  2532 W CellSignalStrengthCdma: getCdmaLevel=0
11-06 10:23:40.319  2434  2532 E CellSignalStrengthLte: convertRssiAsuToDBm: invalid RSSI in ASU=60
11-06 10:23:40.319  2434  2532 I CellSignalStrengthLte: Updated 4G LTE RSRP Level: 4
11-06 10:23:40.319  2434  2532 D RILJ    : [4817]< SIGNAL_STRENGTH SignalStrength:{mCdma=CellSignalStrengthCdma: cdmaDbm=2147483647 cdmaEcio=2147483647 evdoDbm=2147483647 evdoEcio=2147483647 evdoSnr=2147483647 level=0,mGsm=CellSignalStrengthGsm: rssi=2147483647 ber=2147483647 mTa=2147483647 mLevel=0,mWcdma=CellSignalStrengthWcdma: ss=2147483647 ber=2147483647 rscp=2147483647 ecno=2147483647 level=0,mTdscdma=CellSignalStrengthTdscdma: rssi=2147483647 ber=2147483647 rscp=2147483647 level=0,mLte=CellSignalStrengthLte: rssi=2147483647 rsrp=-80 rsrq=-20 rssnr=20 cqi=15 ta=50 level=4 parametersUseForLevel=1,mNr=CellSignalStrengthNr:{ csiRsrp = 2147483647 csiRsrq = 2147483647 csiSinr = 2147483647 ssRsrp = 2147483647 ssRsrq = 2147483647 ssSinr = 2147483647 level = 0 parametersUseForLevel = 1 },primary=CellSignalStrengthLte} [PHONE0]
11-06 10:23:40.319  2124  2221 D AppOps  : startOperation: allowing code 40 uid 1000 package android
11-06 10:23:40.322  2124  2221 W BestClock: java.time.DateTimeException: Missing NTP fix
11-06 10:23:40.323  2434  2571 D ApnSetting: For subId = 1, metered APN types are [default, mms, supl, dun]
11-06 10:23:40.323  2434  2571 D ApnSetting: mms is metered.
11-06 10:23:40.323  2434  2571 D DcNetworkAgent-100: Changed from [ Transports: CELLULAR Capabilities: MMS&SUPL&DUN&FOTA&IMS&CBS&INTERNET&NOT_RESTRICTED&TRUSTED&NOT_VPN&NOT_ROAMING&NOT_CONGESTED&NOT_SUSPENDED LinkUpBandwidth>=60000Kbps LinkDnBandwidth>=145000Kbps Specifier: <TelephonyNetworkSpecifier [mSubId = 1]> RequestorUid: -1 RequestorPackageName: null] to [ Transports: CELLULAR Capabilities: MMS&SUPL&DUN&FOTA&IMS&CBS&INTERNET&NOT_RESTRICTED&TRUSTED&NOT_VPN&NOT_ROAMING&NOT_CONGESTED&NOT_SUSPENDED LinkUpBandwidth>=15000Kbps LinkDnBandwidth>=30000Kbps Specifier: <TelephonyNetworkSpecifier [mSubId = 1]> RequestorUid: -1 RequestorPackageName: null], Data RAT=14, dc=DC-C-1
11-06 10:23:40.325  2434  2434 D ApnSetting: For subId = 1, metered APN types are [default, mms, supl, dun]
11-06 10:23:40.325  2434  2434 D ApnSetting: mms is metered.
11-06 10:23:40.325  2434  2434 D SubscriptionController: [getSubId]+ slotIndex=0
11-06 10:23:40.325  2434  2434 D SubscriptionController: [getSubId]- subIdArr=[I@28645d9
11-06 10:23:40.325  2434  2434 D DefaultPhoneNotifier: notifyServiceStateForSubId: mRegistryMgr=android.telephony.TelephonyRegistryManager@ed0450f ss={mVoiceRegState=0(IN_SERVICE), mDataRegState=0(IN_SERVICE), mChannelNumber=-1, duplexMode()=0, mCellBandwidths=[50000], mOperatorAlphaLong=Android, mOperatorAlphaShort=Android, isManualNetworkSelection=false(automatic), getRilVoiceRadioTechnology=0(Unknown), getRilDataRadioTechnology=14(LTE), mCssIndicator=unsupported, mNetworkId=-1, mSystemId=-1, mCdmaRoamingIndicator=-1, mCdmaDefaultRoamingIndicator=-1, mIsEmergencyOnly=false, isUsingCarrierAggregation=true, mLteEarfcnRsrpBoost=0, mNetworkRegistrationInfos=[NetworkRegistrationInfo{ domain=CS transportType=WWAN registrationState=HOME roamingType=NOT_ROAMING accessNetworkTechnology=UNKNOWN rejectCause=0 emergencyEnabled=false availableServices=[VOICE,SMS,VIDEO] cellIdentity=null voiceSpecificInfo=VoiceSpecificRegistrationInfo { mCssSupported=false mRoamingIndicator=-1 mSystemIsInPrl=0 mDefaultRoamingIndicator=0} dataSpecificInfo=null nrState=NONE rRplmn=}, NetworkRegistrationInfo{ domain=PS transportType=WWAN registrationState=HOME roamingType=NOT_ROAMING accessNetworkTechnology=LTE rejectCause=-1 emergencyEnabled=false availableServices=[DATA] cellIdentity=null voiceSpecificInfo=null dataSpecificInfo=android.telephony.DataSpecificRegistrationInfo :{ maxDataCalls = 1 isDcNrRestricted = false isNrAvailable = true isEnDcAvailable = true LteVopsSupportInfo :  mVopsSupport = 1 mEmcBearerSupport = 1 mIsUsingCarrierAggregation = true } nrState=NOT_RESTRICTED rRplmn=}], mNrFrequencyRange=4, mOperatorAlphaLongRaw=Android, mOperatorAlphaShortRaw=Android, mIsDataRoamingFromRegistration=false, mIsIwlanPreferred=false} sender=Handler (com.android.internal.telephony.GsmCdmaPhone) {f582709} phondId=0 subId=1
11-06 10:23:40.327  2124  2205 D AppOps  : noteOperation: allowing code 0 uid 10126 package com.android.systemui
11-06 10:23:40.331  2124  2221 I netstats_mobile_sample: [208598,2468,247332,3112,208598,2468,247332,3112,142221,1565,231950,3082,1667701420331]
11-06 10:23:40.331  2124  2221 I netstats_wifi_sample: [0,0,0,0,0,0,0,0,0,0,0,0,1667701420331]
11-06 10:23:40.331  2124  2221 W BestClock: java.time.DateTimeException: Missing NTP fix
11-06 10:23:40.332  2124  2211 W BestClock: java.time.DateTimeException: Missing NTP fix
11-06 10:23:40.332  2124  2221 D PowerManagerService: releaseWakeLockInternal: lock=224533267 [NetworkStats], flags=0x0
11-06 10:23:40.332  2124  2221 D PowerManagerService: updateWakeLockSummaryLocked: mWakefulness=Awake, mWakeLockSummary=0x1
11-06 10:23:40.332  2124  2221 D PowerManagerService: updateUserActivitySummaryLocked: mWakefulness=Awake, mUserActivitySummary=0x1, nextTimeout=2147983460 (in 2065888378 ms)
11-06 10:23:40.332  2124  2221 D PowerManagerService: updateDisplayPowerStateLocked: mDisplayReady=true, policy=3, mWakefulness=1, mWakeLockSummary=0x1, mUserActivitySummary=0x1, mBootCompleted=true, screenBrightnessOverride=NaN, useAutoBrightness=false, mScreenBrightnessBoostInProgress=false, mIsVrModeEnabled= false, sQuiescent=false
11-06 10:23:40.340  2434  2674 D PhoneFactory: getPhone:- phoneId != DEFAULT_PHONE_ID return sPhones[phoneId] phoneId=0 phone=Handler (com.android.internal.telephony.GsmCdmaPhone) {f582709}
11-06 10:23:40.340  2434  2674 D PhoneFactory: getPhone:- phoneId != DEFAULT_PHONE_ID return sPhones[phoneId] phoneId=0 phone=Handler (com.android.internal.telephony.GsmCdmaPhone) {f582709}
11-06 10:23:40.341  2434  2674 D SubscriptionController: [getSubId]+ slotIndex=0
11-06 10:23:40.341  2434  2674 D SubscriptionController: [getSubId]- subIdArr=[I@b4a0b9e
11-06 10:23:40.341  2434  2674 D PhoneFactory: getPhone:- phoneId != DEFAULT_PHONE_ID return sPhones[phoneId] phoneId=0 phone=Handler (com.android.internal.telephony.GsmCdmaPhone) {f582709}
11-06 10:23:40.341  2434  2434 D PhoneFactory: getPhone:- phoneId != DEFAULT_PHONE_ID return sPhones[phoneId] phoneId=0 phone=Handler (com.android.internal.telephony.GsmCdmaPhone) {f582709}
11-06 10:23:40.341  2434  2434 D SubscriptionController: getSimStateForSlotIndex:  simState=LOADED ordinal=10 slotIndex=0
11-06 10:23:40.341  2124  2205 E PHONE   : ServiceState.getRadioTechnology() DEPRECATED will be removed *******
11-06 10:23:40.341  2124  2221 D ConnectivityService: notifyType CALLBACK_IP_CHANGED for [100 CELLULAR]
11-06 10:23:40.341  2124  2221 D ConnectivityService:  sending notification for NetworkRequest [ REQUEST id=1, [ Capabilities: INTERNET&NOT_RESTRICTED&TRUSTED&NOT_VPN AdministratorUids: [] RequestorUid: 1000 RequestorPackageName: android] ]
11-06 10:23:40.341  2124  2221 D ConnectivityService:  sending notification for NetworkRequest [ BACKGROUND_REQUEST id=2, [ Transports: CELLULAR Capabilities: INTERNET&NOT_RESTRICTED&TRUSTED&NOT_VPN AdministratorUids: [] RequestorUid: 1000 RequestorPackageName: android] ]
11-06 10:23:40.342  2124  2221 D ConnectivityService:  sending notification for NetworkRequest [ LISTEN id=4, [ Capabilities: FOREGROUND AdministratorUids: [] RequestorUid: 1000 RequestorPackageName: android] ]
11-06 10:23:40.342  2124  2221 D ConnectivityService: sending notification CALLBACK_IP_CHANGED for NetworkRequest [ LISTEN id=4, [ Capabilities: FOREGROUND AdministratorUids: [] RequestorUid: 1000 RequestorPackageName: android] ]
11-06 10:23:40.342  2124  2221 D ConnectivityService:  sending notification for NetworkRequest [ LISTEN id=5, [ Capabilities: NOT_RESTRICTED&TRUSTED&NOT_VPN&FOREGROUND Uid: 1000 AdministratorUids: [] RequestorUid: 1000 RequestorPackageName: android] ]
11-06 10:23:40.342  2124  2221 D ConnectivityService: sending notification CALLBACK_IP_CHANGED for NetworkRequest [ LISTEN id=5, [ Capabilities: NOT_RESTRICTED&TRUSTED&NOT_VPN&FOREGROUND Uid: 1000 AdministratorUids: [] RequestorUid: 1000 RequestorPackageName: android] ]
11-06 10:23:40.342  2124  2154 D AppOps  : noteOperation: allowing code 51 uid 10126 package com.android.systemui
11-06 10:23:40.343  2124  2154 D AppOps  : noteOperation: allowing code 51 uid 1001 package com.android.phone
11-06 10:23:40.343  2124  2154 D AppOps  : noteOperation: allowing code 51 uid 10127 package com.android.cellbroadcastreceiver.module
11-06 10:23:40.345  2632  2632 D CellBroadcastReceiver: onReceive Intent { act=android.intent.action.SERVICE_STATE flg=0x1000010 cmp=com.android.cellbroadcastreceiver.module/com.android.cellbroadcastreceiver.CellBroadcastReceiver (has extras) }
11-06 10:23:40.347  2434  2674 D SubscriptionController: [getPhoneId] subId=1
11-06 10:23:40.347  2434  2674 D SubscriptionController: [getPhoneId]- found subId=1 phoneId=0
11-06 10:23:40.347  2434  2674 D PhoneInterfaceManager: [PhoneIntfMgr] isDataEnabled: subId=1 phoneId=0
11-06 10:23:40.347  2434  2674 D PhoneFactory: getPhone:- phoneId != DEFAULT_PHONE_ID return sPhones[phoneId] phoneId=0 phone=Handler (com.android.internal.telephony.GsmCdmaPhone) {f582709}
11-06 10:23:40.347  2434  2674 D PhoneInterfaceManager: [PhoneIntfMgr] isDataEnabled: subId=1 retVal=true
11-06 10:23:40.348  2434  2571 D DC-C-1  : updateTcpBufferSizes: nr
11-06 10:23:40.348  2434  2571 D DC-C-1  : updateLinkBandwidthsFromCarrierConfig: NR_NSA_MMWAVE
11-06 10:23:40.348  2434  2571 D SubscriptionController: [getSubId]+ slotIndex=0
11-06 10:23:40.348  2434  2571 D SubscriptionController: [getSubId]- subIdArr=[I@845467f
11-06 10:23:40.348  2434  2571 D ApnSetting: isMeteredApnType: isRoaming=false
11-06 10:23:40.349  2434  2434 D SubscriptionController: [getSubId]+ slotIndex=0
11-06 10:23:40.349  2434  2434 D SubscriptionController: [getSubId]- subIdArr=[I@633e64c
11-06 10:23:40.349  2434  2434 D ApnSetting: isMeteredApnType: isRoaming=false
11-06 10:23:40.350  2434  2571 D ApnSetting: For subId = 1, metered APN types are [default, mms, supl, dun]
11-06 10:23:40.350  2434  2571 D ApnSetting: mms is metered.
11-06 10:23:40.350  2434  2571 D DcNetworkAgent-100: Changed from [ Transports: CELLULAR Capabilities: MMS&SUPL&DUN&FOTA&IMS&CBS&INTERNET&NOT_RESTRICTED&TRUSTED&NOT_VPN&NOT_ROAMING&NOT_CONGESTED&NOT_SUSPENDED LinkUpBandwidth>=15000Kbps LinkDnBandwidth>=30000Kbps Specifier: <TelephonyNetworkSpecifier [mSubId = 1]> RequestorUid: -1 RequestorPackageName: null] to [ Transports: CELLULAR Capabilities: MMS&SUPL&DUN&FOTA&IMS&CBS&INTERNET&NOT_RESTRICTED&TRUSTED&NOT_VPN&NOT_ROAMING&NOT_CONGESTED&NOT_SUSPENDED LinkUpBandwidth>=60000Kbps LinkDnBandwidth>=145000Kbps Specifier: <TelephonyNetworkSpecifier [mSubId = 1]> RequestorUid: -1 RequestorPackageName: null], Data RAT=14, dc=DC-C-1
11-06 10:23:40.351  2434  2434 D ApnSetting: For subId = 1, metered APN types are [default, mms, supl, dun]
11-06 10:23:40.351  2434  2434 D ApnSetting: mms is metered.
11-06 10:23:40.351  2434  2434 D SubscriptionController: [getSubId]+ slotIndex=0
11-06 10:23:40.351  2434  2434 D SubscriptionController: [getSubId]- subIdArr=[I@f0c6695
11-06 10:23:40.352  2434  2434 D DefaultPhoneNotifier: notifyServiceStateForSubId: mRegistryMgr=android.telephony.TelephonyRegistryManager@ed0450f ss={mVoiceRegState=0(IN_SERVICE), mDataRegState=0(IN_SERVICE), mChannelNumber=-1, duplexMode()=0, mCellBandwidths=[50000], mOperatorAlphaLong=Android, mOperatorAlphaShort=Android, isManualNetworkSelection=false(automatic), getRilVoiceRadioTechnology=0(Unknown), getRilDataRadioTechnology=14(LTE), mCssIndicator=unsupported, mNetworkId=-1, mSystemId=-1, mCdmaRoamingIndicator=-1, mCdmaDefaultRoamingIndicator=-1, mIsEmergencyOnly=false, isUsingCarrierAggregation=true, mLteEarfcnRsrpBoost=0, mNetworkRegistrationInfos=[NetworkRegistrationInfo{ domain=CS transportType=WWAN registrationState=HOME roamingType=NOT_ROAMING accessNetworkTechnology=UNKNOWN rejectCause=0 emergencyEnabled=false availableServices=[VOICE,SMS,VIDEO] cellIdentity=null voiceSpecificInfo=VoiceSpecificRegistrationInfo { mCssSupported=false mRoamingIndicator=-1 mSystemIsInPrl=0 mDefaultRoamingIndicator=0} dataSpecificInfo=null nrState=NONE rRplmn=}, NetworkRegistrationInfo{ domain=PS transportType=WWAN registrationState=HOME roamingType=NOT_ROAMING accessNetworkTechnology=LTE rejectCause=-1 emergencyEnabled=false availableServices=[DATA] cellIdentity=null voiceSpecificInfo=null dataSpecificInfo=android.telephony.DataSpecificRegistrationInfo :{ maxDataCalls = 1 isDcNrRestricted = false isNrAvailable = true isEnDcAvailable = true LteVopsSupportInfo :  mVopsSupport = 1 mEmcBearerSupport = 1 mIsUsingCarrierAggregation = true } nrState=CONNECTED rRplmn=}], mNrFrequencyRange=4, mOperatorAlphaLongRaw=Android, mOperatorAlphaShortRaw=Android, mIsDataRoamingFromRegistration=false, mIsIwlanPreferred=false} sender=Handler (com.android.internal.telephony.GsmCdmaPhone) {f582709} phondId=0 subId=1
11-06 10:23:40.352  2124  2221 D ConnectivityService:  sending notification for NetworkRequest [ LISTEN id=6, [ Capabilities: NOT_RESTRICTED&TRUSTED&NOT_VPN Uid: 1000 AdministratorUids: [] RequestorUid: 1000 RequestorPackageName: android] ]
11-06 10:23:40.352  2124  2221 D ConnectivityService: sending notification CALLBACK_IP_CHANGED for NetworkRequest [ LISTEN id=6, [ Capabilities: NOT_RESTRICTED&TRUSTED&NOT_VPN Uid: 1000 AdministratorUids: [] RequestorUid: 1000 RequestorPackageName: android] ]
11-06 10:23:40.352  2124  2221 D ConnectivityService:  sending notification for NetworkRequest [ LISTEN id=7, [ Transports: CELLULAR Capabilities: INTERNET&NOT_RESTRICTED&TRUSTED&NOT_VPN Uid: 1000 AdministratorUids: [] RequestorUid: 1000 RequestorPackageName: android] ]
11-06 10:23:40.353  2124  2221 D ConnectivityService: sending notification CALLBACK_IP_CHANGED for NetworkRequest [ LISTEN id=7, [ Transports: CELLULAR Capabilities: INTERNET&NOT_RESTRICTED&TRUSTED&NOT_VPN Uid: 1000 AdministratorUids: [] RequestorUid: 1000 RequestorPackageName: android] ]
11-06 10:23:40.353  2124  2221 D ConnectivityService:  sending notification for NetworkRequest [ TRACK_DEFAULT id=9, [ Capabilities: INTERNET&NOT_RESTRICTED&TRUSTED Uid: 1000 AdministratorUids: [] RequestorUid: 1000 RequestorPackageName: android] ]
11-06 10:23:40.353  2124  2221 D ConnectivityService: sending notification CALLBACK_IP_CHANGED for NetworkRequest [ TRACK_DEFAULT id=9, [ Capabilities: INTERNET&NOT_RESTRICTED&TRUSTED Uid: 1000 AdministratorUids: [] RequestorUid: 1000 RequestorPackageName: android] ]
11-06 10:23:40.354  2124  2902 D AppOps  : noteOperation: allowing code 0 uid 10126 package com.android.systemui
11-06 10:23:40.355  2434  2672 D PhoneFactory: getPhone:- phoneId != DEFAULT_PHONE_ID return sPhones[phoneId] phoneId=0 phone=Handler (com.android.internal.telephony.GsmCdmaPhone) {f582709}
11-06 10:23:40.355  2434  2672 D PhoneFactory: getPhone:- phoneId != DEFAULT_PHONE_ID return sPhones[phoneId] phoneId=0 phone=Handler (com.android.internal.telephony.GsmCdmaPhone) {f582709}
11-06 10:23:40.355  2434  2672 D SubscriptionController: [getSubId]+ slotIndex=0
11-06 10:23:40.355  2434  2672 D SubscriptionController: [getSubId]- subIdArr=[I@bc743aa
11-06 10:23:40.355  2434  2672 D PhoneFactory: getPhone:- phoneId != DEFAULT_PHONE_ID return sPhones[phoneId] phoneId=0 phone=Handler (com.android.internal.telephony.GsmCdmaPhone) {f582709}
11-06 10:23:40.360  2124  2211 W BestClock: java.time.DateTimeException: Missing NTP fix
11-06 10:23:40.360  2434  2672 D SubscriptionController: [getPhoneId] subId=1
11-06 10:23:40.360  2434  2672 D SubscriptionController: [getPhoneId]- found subId=1 phoneId=0
11-06 10:23:40.361  2434  2672 D PhoneFactory: getPhone:- phoneId != DEFAULT_PHONE_ID return sPhones[phoneId] phoneId=0 phone=Handler (com.android.internal.telephony.GsmCdmaPhone) {f582709}
11-06 10:23:40.361  2124  2221 D ConnectivityService:  sending notification for NetworkRequest [ TRACK_DEFAULT id=10, [ Capabilities: INTERNET&NOT_RESTRICTED&TRUSTED Uid: 1073 AdministratorUids: [] RequestorUid: 1073 RequestorPackageName: com.android.networkstack] ]
11-06 10:23:40.361  2124  2221 D ConnectivityService: sending notification CALLBACK_IP_CHANGED for NetworkRequest [ TRACK_DEFAULT id=10, [ Capabilities: INTERNET&NOT_RESTRICTED&TRUSTED Uid: 1073 AdministratorUids: [] RequestorUid: 1073 RequestorPackageName: com.android.networkstack] ]
11-06 10:23:40.362  2434  2434 D PhoneFactory: getPhone:- phoneId != DEFAULT_PHONE_ID return sPhones[phoneId] phoneId=0 phone=Handler (com.android.internal.telephony.GsmCdmaPhone) {f582709}
11-06 10:23:40.362  2434  2434 D SubscriptionController: getSimStateForSlotIndex:  simState=LOADED ordinal=10 slotIndex=0
11-06 10:23:40.364  2124  2902 E PHONE   : ServiceState.getRadioTechnology() DEPRECATED will be removed *******
11-06 10:23:40.367  2124  2154 D AppOps  : noteOperation: allowing code 51 uid 10126 package com.android.systemui
11-06 10:23:40.369  2124  2154 D AppOps  : noteOperation: allowing code 51 uid 1001 package com.android.phone
11-06 10:23:40.370  2124  2154 D AppOps  : noteOperation: allowing code 51 uid 10127 package com.android.cellbroadcastreceiver.module
11-06 10:23:40.373  2632  2632 D CellBroadcastReceiver: onReceive Intent { act=android.intent.action.SERVICE_STATE flg=0x1000010 cmp=com.android.cellbroadcastreceiver.module/com.android.cellbroadcastreceiver.CellBroadcastReceiver (has extras) }
11-06 10:23:40.374  2434  2434 D NetworkTypeController: [0] NrConnectedState: process EVENT_NR_STATE_CHANGED
11-06 10:23:40.374  2434  2434 D NetworkTypeController: [0] Remove all timers
11-06 10:23:40.374  2434  2434 D SubscriptionController: [getSubId]+ slotIndex=0
11-06 10:23:40.374  2434  2434 D SubscriptionController: [getSubId]- subIdArr=[I@9f1cb9b
11-06 10:23:40.378  2124  2221 D ConnectivityService:  sending notification for NetworkRequest [ REQUEST id=12, [ Capabilities: INTERNET&NOT_RESTRICTED&TRUSTED&NOT_VPN AdministratorUids: [] RequestorUid: 1073 RequestorPackageName: com.android.networkstack] ]
11-06 10:23:40.378  2124  2221 D ConnectivityService: sending notification CALLBACK_IP_CHANGED for NetworkRequest [ REQUEST id=12, [ Capabilities: INTERNET&NOT_RESTRICTED&TRUSTED&NOT_VPN AdministratorUids: [] RequestorUid: 1073 RequestorPackageName: com.android.networkstack] ]
11-06 10:23:40.380  2124  2221 D ConnectivityService:  sending notification for NetworkRequest [ TRACK_DEFAULT id=15, [ Capabilities: INTERNET&NOT_RESTRICTED&TRUSTED Uid: 10126 AdministratorUids: [] RequestorUid: 10126 RequestorPackageName: com.android.systemui] ]
11-06 10:23:40.380  2124  2221 D ConnectivityService: sending notification CALLBACK_IP_CHANGED for NetworkRequest [ TRACK_DEFAULT id=15, [ Capabilities: INTERNET&NOT_RESTRICTED&TRUSTED Uid: 10126 AdministratorUids: [] RequestorUid: 10126 RequestorPackageName: com.android.systemui] ]
11-06 10:23:40.381  2124  2221 D ConnectivityService:  sending notification for NetworkRequest [ TRACK_DEFAULT id=16, [ Capabilities: INTERNET&NOT_RESTRICTED&TRUSTED Uid: 10126 AdministratorUids: [] RequestorUid: 10126 RequestorPackageName: com.android.systemui] ]
11-06 10:23:40.381  2124  2221 D ConnectivityService: sending notification CALLBACK_IP_CHANGED for NetworkRequest [ TRACK_DEFAULT id=16, [ Capabilities: INTERNET&NOT_RESTRICTED&TRUSTED Uid: 10126 AdministratorUids: [] RequestorUid: 10126 RequestorPackageName: com.android.systemui] ]
11-06 10:23:40.382  2124  2221 D ConnectivityService:  sending notification for NetworkRequest [ LISTEN id=18, [ AdministratorUids: [] RequestorUid: 10126 RequestorPackageName: com.android.systemui] ]
11-06 10:23:40.382  2124  2221 D ConnectivityService: sending notification CALLBACK_IP_CHANGED for NetworkRequest [ LISTEN id=18, [ AdministratorUids: [] RequestorUid: 10126 RequestorPackageName: com.android.systemui] ]
11-06 10:23:40.383  2434  2629 D SubscriptionController: [getPhoneId] subId=1
11-06 10:23:40.383  2434  2629 D SubscriptionController: [getPhoneId]- found subId=1 phoneId=0
11-06 10:23:40.383  2434  2629 D PhoneInterfaceManager: [PhoneIntfMgr] isDataEnabled: subId=1 phoneId=0
11-06 10:23:40.383  2434  2629 D PhoneFactory: getPhone:- phoneId != DEFAULT_PHONE_ID return sPhones[phoneId] phoneId=0 phone=Handler (com.android.internal.telephony.GsmCdmaPhone) {f582709}
11-06 10:23:40.383  2434  2629 D PhoneInterfaceManager: [PhoneIntfMgr] isDataEnabled: subId=1 retVal=true
11-06 10:23:40.383  2124  2221 D ConnectivityService: notifyType CALLBACK_CAP_CHANGED for [100 CELLULAR]
11-06 10:23:40.383  2124  2221 D ConnectivityService:  sending notification for NetworkRequest [ REQUEST id=1, [ Capabilities: INTERNET&NOT_RESTRICTED&TRUSTED&NOT_VPN AdministratorUids: [] RequestorUid: 1000 RequestorPackageName: android] ]
11-06 10:23:40.383  2124  2221 D ConnectivityService:  sending notification for NetworkRequest [ BACKGROUND_REQUEST id=2, [ Transports: CELLULAR Capabilities: INTERNET&NOT_RESTRICTED&TRUSTED&NOT_VPN AdministratorUids: [] RequestorUid: 1000 RequestorPackageName: android] ]
11-06 10:23:40.384  2124  2221 D ConnectivityService:  sending notification for NetworkRequest [ LISTEN id=4, [ Capabilities: FOREGROUND AdministratorUids: [] RequestorUid: 1000 RequestorPackageName: android] ]
11-06 10:23:40.384  2124  2221 D ConnectivityService: sending notification CALLBACK_CAP_CHANGED for NetworkRequest [ LISTEN id=4, [ Capabilities: FOREGROUND AdministratorUids: [] RequestorUid: 1000 RequestorPackageName: android] ]
11-06 10:23:40.384  2124  2221 D ConnectivityService:  sending notification for NetworkRequest [ LISTEN id=5, [ Capabilities: NOT_RESTRICTED&TRUSTED&NOT_VPN&FOREGROUND Uid: 1000 AdministratorUids: [] RequestorUid: 1000 RequestorPackageName: android] ]
11-06 10:23:40.384  2124  2221 D ConnectivityService: sending notification CALLBACK_CAP_CHANGED for NetworkRequest [ LISTEN id=5, [ Capabilities: NOT_RESTRICTED&TRUSTED&NOT_VPN&FOREGROUND Uid: 1000 AdministratorUids: [] RequestorUid: 1000 RequestorPackageName: android] ]
11-06 10:23:40.384  2124  2221 D ConnectivityService:  sending notification for NetworkRequest [ LISTEN id=6, [ Capabilities: NOT_RESTRICTED&TRUSTED&NOT_VPN Uid: 1000 AdministratorUids: [] RequestorUid: 1000 RequestorPackageName: android] ]
11-06 10:23:40.384  2124  2221 D ConnectivityService: sending notification CALLBACK_CAP_CHANGED for NetworkRequest [ LISTEN id=6, [ Capabilities: NOT_RESTRICTED&TRUSTED&NOT_VPN Uid: 1000 AdministratorUids: [] RequestorUid: 1000 RequestorPackageName: android] ]
11-06 10:23:40.384  2124  2221 D ConnectivityService:  sending notification for NetworkRequest [ LISTEN id=7, [ Transports: CELLULAR Capabilities: INTERNET&NOT_RESTRICTED&TRUSTED&NOT_VPN Uid: 1000 AdministratorUids: [] RequestorUid: 1000 RequestorPackageName: android] ]
11-06 10:23:40.384  2124  2221 D ConnectivityService: sending notification CALLBACK_CAP_CHANGED for NetworkRequest [ LISTEN id=7, [ Transports: CELLULAR Capabilities: INTERNET&NOT_RESTRICTED&TRUSTED&NOT_VPN Uid: 1000 AdministratorUids: [] RequestorUid: 1000 RequestorPackageName: android] ]
11-06 10:23:40.384  2124  2221 D ConnectivityService:  sending notification for NetworkRequest [ TRACK_DEFAULT id=9, [ Capabilities: INTERNET&NOT_RESTRICTED&TRUSTED Uid: 1000 AdministratorUids: [] RequestorUid: 1000 RequestorPackageName: android] ]
11-06 10:23:40.385  2124  2221 D ConnectivityService: sending notification CALLBACK_CAP_CHANGED for NetworkRequest [ TRACK_DEFAULT id=9, [ Capabilities: INTERNET&NOT_RESTRICTED&TRUSTED Uid: 1000 AdministratorUids: [] RequestorUid: 1000 RequestorPackageName: android] ]
11-06 10:23:40.391  2124  2221 D ConnectivityService:  sending notification for NetworkRequest [ TRACK_DEFAULT id=10, [ Capabilities: INTERNET&NOT_RESTRICTED&TRUSTED Uid: 1073 AdministratorUids: [] RequestorUid: 1073 RequestorPackageName: com.android.networkstack] ]
11-06 10:23:40.392  2124  2221 D ConnectivityService: sending notification CALLBACK_CAP_CHANGED for NetworkRequest [ TRACK_DEFAULT id=10, [ Capabilities: INTERNET&NOT_RESTRICTED&TRUSTED Uid: 1073 AdministratorUids: [] RequestorUid: 1073 RequestorPackageName: com.android.networkstack] ]
11-06 10:23:40.392  2124  2221 D ConnectivityService:  sending notification for NetworkRequest [ REQUEST id=12, [ Capabilities: INTERNET&NOT_RESTRICTED&TRUSTED&NOT_VPN AdministratorUids: [] RequestorUid: 1073 RequestorPackageName: com.android.networkstack] ]
11-06 10:23:40.392  2124  2221 D ConnectivityService: sending notification CALLBACK_CAP_CHANGED for NetworkRequest [ REQUEST id=12, [ Capabilities: INTERNET&NOT_RESTRICTED&TRUSTED&NOT_VPN AdministratorUids: [] RequestorUid: 1073 RequestorPackageName: com.android.networkstack] ]
11-06 10:23:40.393  2124  2221 D ConnectivityService:  sending notification for NetworkRequest [ TRACK_DEFAULT id=15, [ Capabilities: INTERNET&NOT_RESTRICTED&TRUSTED Uid: 10126 AdministratorUids: [] RequestorUid: 10126 RequestorPackageName: com.android.systemui] ]
11-06 10:23:40.393  2124  2221 D ConnectivityService: sending notification CALLBACK_CAP_CHANGED for NetworkRequest [ TRACK_DEFAULT id=15, [ Capabilities: INTERNET&NOT_RESTRICTED&TRUSTED Uid: 10126 AdministratorUids: [] RequestorUid: 10126 RequestorPackageName: com.android.systemui] ]
11-06 10:23:40.395  2124  2221 D ConnectivityService:  sending notification for NetworkRequest [ TRACK_DEFAULT id=16, [ Capabilities: INTERNET&NOT_RESTRICTED&TRUSTED Uid: 10126 AdministratorUids: [] RequestorUid: 10126 RequestorPackageName: com.android.systemui] ]
11-06 10:23:40.395  2124  2221 D ConnectivityService: sending notification CALLBACK_CAP_CHANGED for NetworkRequest [ TRACK_DEFAULT id=16, [ Capabilities: INTERNET&NOT_RESTRICTED&TRUSTED Uid: 10126 AdministratorUids: [] RequestorUid: 10126 RequestorPackageName: com.android.systemui] ]
11-06 10:23:40.396  2124  2221 D ConnectivityService:  sending notification for NetworkRequest [ LISTEN id=18, [ AdministratorUids: [] RequestorUid: 10126 RequestorPackageName: com.android.systemui] ]
11-06 10:23:40.396  2124  2221 D ConnectivityService: sending notification CALLBACK_CAP_CHANGED for NetworkRequest [ LISTEN id=18, [ AdministratorUids: [] RequestorUid: 10126 RequestorPackageName: com.android.systemui] ]
11-06 10:23:40.398  2434  2434 W CellSignalStrengthCdma: getCdmaLevel=0
11-06 10:23:40.398  2434  2434 W CellSignalStrengthCdma: getEvdoLevel=0
11-06 10:23:40.398  2434  2434 W CellSignalStrengthCdma: getCdmaLevel=0
11-06 10:23:40.398  2434  2434 I CellSignalStrengthLte: Using signal strength level: 1
11-06 10:23:40.398  2434  2434 I CellSignalStrengthLte: Applying LTE RSRP Thresholds: [-128, -118, -108, -98]
11-06 10:23:40.398  2434  2434 I CellSignalStrengthLte: Applying LTE RSRQ Thresholds: [-20, -17, -14, -11]
11-06 10:23:40.398  2434  2434 I CellSignalStrengthLte: Applying LTE RSSNR Thresholds: [-3, 1, 5, 13]
11-06 10:23:40.398  2434  2434 I CellSignalStrengthLte: Updated 4G LTE RSRP Level: 4
11-06 10:23:40.398  2434  2434 I CellSignalStrengthNr: Applying 5G NR SSRSRP Thresholds: [-110, -90, -80, -65]
11-06 10:23:40.398  2434  2434 I CellSignalStrengthNr: Applying 5G NR SSRSRQ Thresholds: [-31, -19, -7, 6]
11-06 10:23:40.398  2434  2434 I CellSignalStrengthNr: Applying 5G NR SSSINR Thresholds: [-5, 5, 15, 30]
11-06 10:23:40.399  2434  2434 I CellSignalStrengthNr: Updated 5G NR SSRSRP Level: 0
11-06 10:23:40.399  2434  2434 D LocaleTracker-0: updateLocale: countryIso = us, countryIsoDebugInfo = OperatorNumeric(310260): MccTable.countryCodeForMcc("310")
11-06 10:23:40.399  2434  2434 D LocaleTracker-0: updateLocale: timeZoneCountryIso = us, timeZoneCountryIsoDebugInfo = OperatorNumeric: MccTable.geoCountryCodeForMccMnc(MccMnc{mcc='310', mnc='260'})
11-06 10:23:40.399  2434  2434 D NewNitzStateMachineImpl: handleCountryDetected: countryIsoCode=us, mLatestNitzSignal=null
11-06 10:23:40.399  2434  2434 D CallManager:  handleMessage (EVENT_SERVICE_STATE_CHANGED)
11-06 10:23:40.399  2434  2434 D SmsDispatchersController: reevaluateTimerStatus: currentTime: 1667701420399 mCurrentWaitElapsedDuration: 81588213
11-06 10:23:40.399  2434  2434 D SmsDispatchersController: handleInService: timer expiry in 4811787ms
11-06 10:23:40.399  2434  2434 D SubscriptionController: [getSubId]+ slotIndex=0
11-06 10:23:40.399  2434  2434 D SubscriptionController: [getSubId]- subIdArr=[I@cdf1b38
11-06 10:23:40.399  2434  2434 D SubscriptionController: [getPhoneId] subId=1
11-06 10:23:40.399  2434  2434 D SubscriptionController: [getPhoneId]- found subId=1 phoneId=0
11-06 10:23:40.399  2434  2434 D PhoneFactory: getPhone:- phoneId != DEFAULT_PHONE_ID return sPhones[phoneId] phoneId=0 phone=Handler (com.android.internal.telephony.GsmCdmaPhone) {f582709}
11-06 10:23:40.402  2434  2434 D SubscriptionController: [getSubId]+ slotIndex=0
11-06 10:23:40.402  2434  2434 D SubscriptionController: [getSubId]- subIdArr=[I@a99d711
11-06 10:23:40.402  2434  2434 D Phone   : getImsRegistrationTechnology =-1
11-06 10:23:40.402  2434  2434 D SubscriptionController: [getSubId]+ slotIndex=0
11-06 10:23:40.402  2434  2434 D SubscriptionController: [getSubId]- subIdArr=[I@b2df076
11-06 10:23:40.403  2434  2434 I Telephony: isRttCurrentlySupported -- regular acct, hasVoiceAvailability: false
11-06 10:23:40.403  2434  2434 I Telephony:  isRttSupported: false
11-06 10:23:40.403  2434  2434 I Telephony:  alwaysAllowWhileRoaming: false
11-06 10:23:40.403  2434  2434 I Telephony:  isRoaming: false
11-06 10:23:40.403  2434  2434 I Telephony:  isOnWfc: false
11-06 10:23:40.403  2434  2434 V PhoneGlobals: handleServiceStateChanged
11-06 10:23:40.403  2434  2434 D PhoneFactory: getPhone:- phoneId != DEFAULT_PHONE_ID return sPhones[phoneId] phoneId=0 phone=Handler (com.android.internal.telephony.GsmCdmaPhone) {f582709}
11-06 10:23:40.403  2434  2434 D NotificationMgr: updateNetworkSelection()...state = 0 new network 
11-06 10:23:40.403  2434  2434 V PhoneGlobals: subId=1,mDefaultDataSubId=1,ss roaming=false
11-06 10:23:40.403  2434  2434 V PhoneGlobals: updateDataRoamingStatus
11-06 10:23:40.403  2434  2434 D PhoneFactory: getPhone:- phoneId != DEFAULT_PHONE_ID return sPhones[phoneId] phoneId=0 phone=Handler (com.android.internal.telephony.GsmCdmaPhone) {f582709}
11-06 10:23:40.403  2434  2434 D DCT-C-0 : shouldRestrictDataForEcbm: isInEcm=false isInImsEcm=false
11-06 10:23:40.403  2434  2434 D SubscriptionController: [getSubId]+ slotIndex=0
11-06 10:23:40.403  2434  2434 D SubscriptionController: [getSubId]- subIdArr=[I@3178677
11-06 10:23:40.404  2434  2434 V PhoneGlobals: dataAllowed=true, reasons=Data allowed, reason: NORMAL
11-06 10:23:40.404  2434  2434 D PhoneFactory: getPhone:- phoneId != DEFAULT_PHONE_ID return sPhones[phoneId] phoneId=0 phone=Handler (com.android.internal.telephony.GsmCdmaPhone) {f582709}
11-06 10:23:40.404  2434  2434 D NetworkTypeController: [0] NrConnectedState: process EVENT_NR_STATE_CHANGED
11-06 10:23:40.404  2434  2434 D NetworkTypeController: [0] Remove all timers
11-06 10:23:40.404  2434  2434 D LocaleTracker-0: updateLocale: countryIso = us, countryIsoDebugInfo = OperatorNumeric(310260): MccTable.countryCodeForMcc("310")
11-06 10:23:40.404  2434  2434 D LocaleTracker-0: updateLocale: timeZoneCountryIso = us, timeZoneCountryIsoDebugInfo = OperatorNumeric: MccTable.geoCountryCodeForMccMnc(MccMnc{mcc='310', mnc='260'})
11-06 10:23:40.404  2434  2434 D NewNitzStateMachineImpl: handleCountryDetected: countryIsoCode=us, mLatestNitzSignal=null
