--------- beginning of system
11-06 10:23:08.728  2124  2143 V StorageStatsService: >>> handling 100
--------- beginning of radio
11-06 10:23:17.433  2434  2434 D DCT-C-0 : updateDataActivity: curTxRxSum={txSum=3504 rxSum=2708} preTxRxSum={txSum=3504 rxSum=2708}
11-06 10:23:17.433  2434  2434 D DCT-C-0 : updateDataActivity: sent=0 received=0
11-06 10:23:18.438  2434  2434 D DCT-C-0 : updateDataActivity: curTxRxSum={txSum=3504 rxSum=2708} preTxRxSum={txSum=3504 rxSum=2708}
11-06 10:23:18.438  2434  2434 D DCT-C-0 : updateDataActivity: sent=0 received=0
11-06 10:23:19.442  2434  2434 D DCT-C-0 : updateDataActivity: curTxRxSum={txSum=3504 rxSum=2708} preTxRxSum={txSum=3504 rxSum=2708}
11-06 10:23:19.442  2434  2434 D DCT-C-0 : updateDataActivity: sent=0 received=0
11-06 10:23:20.237  2124  2902 D PowerManagerService: acquireWakeLockInternal: lock=132907744, flags=0x1, tag="*telephony-radio*", ws=WorkSource{1001 com.android.phone}, uid=1001, pid=2434
11-06 10:23:20.237  2124  2902 D PowerManagerService: updateWakeLockSummaryLocked: mWakefulness=Awake, mWakeLockSummary=0x1
11-06 10:23:20.238  2124  2902 D PowerManagerService: updateUserActivitySummaryLocked: mWakefulness=Awake, mUserActivitySummary=0x1, nextTimeout=2147983460 (in 2065908472 ms)
11-06 10:23:20.238  2124  2902 D PowerManagerService: updateDisplayPowerStateLocked: mDisplayReady=true, policy=3, mWakefulness=1, mWakeLockSummary=0x1, mUserActivitySummary=0x1, mBootCompleted=true, screenBrightnessOverride=NaN, useAutoBrightness=false, mScreenBrightnessBoostInProgress=false, mIsVrModeEnabled= false, sQuiescent=false
11-06 10:23:20.239  2434  2434 D RILJ    : [4816]> SIGNAL_STRENGTH [PHONE0]
11-06 10:23:20.240   388   388 D RIL     : onRequest: SIGNAL_STRENGTH
11-06 10:23:20.240   388   388 D AT      : AT> AT+CSQ
11-06 10:23:20.240   388   453 D AT      : AT< %CGFPCCFG: 1,50000,20,4,1
11-06 10:23:20.240   388   453 D RIL     : got CGFPCCFG line %CGFPCCFG: 1,50000,20,4,1 and %CGFPCCFG: 1,50000,20,4,1
11-06 10:23:20.240   388   453 D RIL     : got i 0, val = 1
11-06 10:23:20.240   388   453 D RIL     : got i 1, val = 50000
11-06 10:23:20.240   388   453 D RIL     : got i 2, val = 20
11-06 10:23:20.240   388   453 D RIL     : got i 3, val = 4
11-06 10:23:20.240   388   453 D RIL     : got i 4, val = 1
11-06 10:23:20.241   388   453 D RILC    : reportPhysicalChannelConfigs: 1 50000 20 4 1
11-06 10:23:20.241   388   453 D AT      : AT< %CGFPCCFG: 2,50000,20,4,1
11-06 10:23:20.241   388   453 D RIL     : got CGFPCCFG line %CGFPCCFG: 2,50000,20,4,1 and %CGFPCCFG: 2,50000,20,4,1
11-06 10:23:20.241   388   453 D RIL     : got i 0, val = 2
11-06 10:23:20.241   388   453 D RIL     : got i 1, val = 50000
11-06 10:23:20.241   388   453 D RIL     : got i 2, val = 20
11-06 10:23:20.241   388   453 D RIL     : got i 3, val = 4
11-06 10:23:20.241   388   453 D RIL     : got i 4, val = 1
11-06 10:23:20.241   388   453 D RILC    : reportPhysicalChannelConfigs: 2 50000 20 4 1
11-06 10:23:20.241   388   453 D AT      : AT< +CSQ: 30,0,70,80,60,80,7,60,80,20,200,15,50
11-06 10:23:20.241   388   453 D AT      : AT< OK
11-06 10:23:20.242  2434  2532 D RILJ    : [UNSL]< RIL_UNSOL_PHYSICAL_CHANNEL_CONFIG [{mConnectionStatus=PrimaryServing,mCellBandwidthDownlinkKhz=50000,mRat=NR,mFrequencyRange=MMWAVE,mChannelNumber=2147483647,mContextIds=[1],mPhysicalCellId=0}] [PHONE0]
11-06 10:23:20.243  2434  2532 D RILJ    : [UNSL]< RIL_UNSOL_PHYSICAL_CHANNEL_CONFIG [{mConnectionStatus=SecondaryServing,mCellBandwidthDownlinkKhz=50000,mRat=NR,mFrequencyRange=MMWAVE,mChannelNumber=2147483647,mContextIds=[1],mPhysicalCellId=0}] [PHONE0]
11-06 10:23:20.243  2434  2434 D SubscriptionController: [getSubId]+ slotIndex=0
11-06 10:23:20.243  2434  2434 D SubscriptionController: [getSubId]- subIdArr=[I@2a126a2
11-06 10:23:20.244  2434  2434 D ApnSetting: isMeteredApnType: isRoaming=false
11-06 10:23:20.244  2434  2571 D DC-C-1  : updateTcpBufferSizes: lte_ca
11-06 10:23:20.244  2434  2571 D DC-C-1  : updateLinkBandwidthsFromCarrierConfig: LTE
11-06 10:23:20.245  2434  2571 D SubscriptionController: [getSubId]+ slotIndex=0
11-06 10:23:20.245  2434  2571 D SubscriptionController: [getSubId]- subIdArr=[I@baeff33
11-06 10:23:20.245  2434  2571 D ApnSetting: isMeteredApnType: isRoaming=false
11-06 10:23:20.247  2124  2221 D ConnectivityService: Update of LinkProperties for [100 CELLULAR]; created=true; everConnected=true
11-06 10:23:20.247  2124  2221 D ConnectivityService: identical MTU - not setting
11-06 10:23:20.247  2124  2221 D ConnectivityService: Setting tx/rx TCP buffers to 4096,6291456,12582912,4096,1048576,2097152
11-06 10:23:20.252  2124  2221 D PowerManagerService: acquireWakeLockInternal: lock=224533267, flags=0x1, tag="NetworkStats", ws=null, uid=1000, pid=2124
11-06 10:23:20.252  2124  2221 D PowerManagerService: updateWakeLockSummaryLocked: mWakefulness=Awake, mWakeLockSummary=0x1
11-06 10:23:20.252  2124  2221 D PowerManagerService: updateUserActivitySummaryLocked: mWakefulness=Awake, mUserActivitySummary=0x1, nextTimeout=2147983460 (in 2065908458 ms)
11-06 10:23:20.252  2124  2221 D PowerManagerService: updateDisplayPowerStateLocked: mDisplayReady=true, policy=3, mWakefulness=1, mWakeLockSummary=0x1, mUserActivitySummary=0x1, mBootCompleted=true, screenBrightnessOverride=NaN, useAutoBrightness=false, mScreenBrightnessBoostInProgress=false, mIsVrModeEnabled= false, sQuiescent=false
11-06 10:23:20.252  2434  2532 W CellSignalStrengthCdma: getCdmaLevel=0
11-06 10:23:20.252  2434  2532 W CellSignalStrengthCdma: getEvdoLevel=0
11-06 10:23:20.252  2434  2532 W CellSignalStrengthCdma: getCdmaLevel=0
11-06 10:23:20.252  2434  2532 E CellSignalStrengthLte: convertRssiAsuToDBm: invalid RSSI in ASU=60
11-06 10:23:20.252  2434  2532 I CellSignalStrengthLte: Updated 4G LTE RSRP Level: 4
11-06 10:23:20.252  2434  2532 D RILJ    : [4816]< SIGNAL_STRENGTH SignalStrength:{mCdma=CellSignalStrengthCdma: cdmaDbm=2147483647 cdmaEcio=2147483647 evdoDbm=2147483647 evdoEcio=2147483647 evdoSnr=2147483647 level=0,mGsm=CellSignalStrengthGsm: rssi=2147483647 ber=2147483647 mTa=2147483647 mLevel=0,mWcdma=CellSignalStrengthWcdma: ss=2147483647 ber=2147483647 rscp=2147483647 ecno=2147483647 level=0,mTdscdma=CellSignalStrengthTdscdma: rssi=2147483647 ber=2147483647 rscp=2147483647 level=0,mLte=CellSignalStrengthLte: rssi=2147483647 rsrp=-80 rsrq=-20 rssnr=20 cqi=15 ta=50 level=4 parametersUseForLevel=1,mNr=CellSignalStrengthNr:{ csiRsrp = 2147483647 csiRsrq = 2147483647 csiSinr = 2147483647 ssRsrp = 2147483647 ssRsrq = 2147483647 ssSinr = 2147483647 level = 0 parametersUseForLevel = 1 },primary=CellSignalStrengthLte} [PHONE0]
11-06 10:23:20.253  2124  2221 D AppOps  : startOperation: allowing code 40 uid 1000 package android
--------- beginning of events
11-06 10:23:20.255  2434  2434 I service_manager_slow: [11,carrier_config]
--------- beginning of main
11-06 10:23:20.255  2124  2221 W BestClock: java.time.DateTimeException: Missing NTP fix
11-06 10:23:20.256  2434  2571 D ApnSetting: For subId = 1, metered APN types are [default, mms, supl, dun]
11-06 10:23:20.256  2434  2571 D ApnSetting: mms is metered.
11-06 10:23:20.256  2434  2571 D DcNetworkAgent-100: Changed from [ Transports: CELLULAR Capabilities: MMS&SUPL&DUN&FOTA&IMS&CBS&INTERNET&NOT_RESTRICTED&TRUSTED&NOT_VPN&NOT_ROAMING&NOT_CONGESTED&NOT_SUSPENDED LinkUpBandwidth>=60000Kbps LinkDnBandwidth>=145000Kbps Specifier: <TelephonyNetworkSpecifier [mSubId = 1]> RequestorUid: -1 RequestorPackageName: null] to [ Transports: CELLULAR Capabilities: MMS&SUPL&DUN&FOTA&IMS&CBS&INTERNET&NOT_RESTRICTED&TRUSTED&NOT_VPN&NOT_ROAMING&NOT_CONGESTED&NOT_SUSPENDED LinkUpBandwidth>=15000Kbps LinkDnBandwidth>=30000Kbps Specifier: <TelephonyNetworkSpecifier [mSubId = 1]> RequestorUid: -1 RequestorPackageName: null], Data RAT=14, dc=DC-C-1
11-06 10:23:20.257  2434  2434 D ApnSetting: For subId = 1, metered APN types are [default, mms, supl, dun]
11-06 10:23:20.257  2434  2434 D ApnSetting: mms is metered.
11-06 10:23:20.257  2434  2434 D SubscriptionController: [getSubId]+ slotIndex=0
11-06 10:23:20.257  2434  2434 D SubscriptionController: [getSubId]- subIdArr=[I@fb662f0
11-06 10:23:20.257  2434  2434 D DefaultPhoneNotifier: notifyServiceStateForSubId: mRegistryMgr=android.telephony.TelephonyRegistryManager@ed0450f ss={mVoiceRegState=0(IN_SERVICE), mDataRegState=0(IN_SERVICE), mChannelNumber=-1, duplexMode()=0, mCellBandwidths=[50000], mOperatorAlphaLong=Android, mOperatorAlphaShort=Android, isManualNetworkSelection=false(automatic), getRilVoiceRadioTechnology=0(Unknown), getRilDataRadioTechnology=14(LTE), mCssIndicator=unsupported, mNetworkId=-1, mSystemId=-1, mCdmaRoamingIndicator=-1, mCdmaDefaultRoamingIndicator=-1, mIsEmergencyOnly=false, isUsingCarrierAggregation=true, mLteEarfcnRsrpBoost=0, mNetworkRegistrationInfos=[NetworkRegistrationInfo{ domain=CS transportType=WWAN registrationState=HOME roamingType=NOT_ROAMING accessNetworkTechnology=UNKNOWN rejectCause=0 emergencyEnabled=false availableServices=[VOICE,SMS,VIDEO] cellIdentity=null voiceSpecificInfo=VoiceSpecificRegistrationInfo { mCssSupported=false mRoamingIndicator=-1 mSystemIsInPrl=0 mDefaultRoamingIndicator=0} dataSpecificInfo=null nrState=NONE rRplmn=}, NetworkRegistrationInfo{ domain=PS transportType=WWAN registrationState=HOME roamingType=NOT_ROAMING accessNetworkTechnology=LTE rejectCause=-1 emergencyEnabled=false availableServices=[DATA] cellIdentity=null voiceSpecificInfo=null dataSpecificInfo=android.telephony.DataSpecificRegistrationInfo :{ maxDataCalls = 1 isDcNrRestricted = false isNrAvailable = true isEnDcAvailable = true LteVopsSupportInfo :  mVopsSupport = 1 mEmcBearerSupport = 1 mIsUsingCarrierAggregation = true } nrState=NOT_RESTRICTED rRplmn=}], mNrFrequencyRange=4, mOperatorAlphaLongRaw=Android, mOperatorAlphaShortRaw=Android, mIsDataRoamingFromRegistration=false, mIsIwlanPreferred=false} sender=Handler (com.android.internal.telephony.GsmCdmaPhone) {f582709} phondId=0 subId=1
11-06 10:23:20.259  2124  2205 D AppOps  : noteOperation: allowing code 0 uid 10126 package com.android.systemui
11-06 10:23:20.260  2434  2629 D SubscriptionController: [getPhoneId] subId=1
11-06 10:23:20.260  2434  2629 D SubscriptionController: [getPhoneId]- found subId=1 phoneId=0
11-06 10:23:20.260  2434  2629 D PhoneInterfaceManager: [PhoneIntfMgr] isDataEnabled: subId=1 phoneId=0
11-06 10:23:20.260  2434  2629 D PhoneFactory: getPhone:- phoneId != DEFAULT_PHONE_ID return sPhones[phoneId] phoneId=0 phone=Handler (com.android.internal.telephony.GsmCdmaPhone) {f582709}
11-06 10:23:20.260  2434  2629 D PhoneInterfaceManager: [PhoneIntfMgr] isDataEnabled: subId=1 retVal=true
11-06 10:23:20.261  2434  2629 D PhoneFactory: getPhone:- phoneId != DEFAULT_PHONE_ID return sPhones[phoneId] phoneId=0 phone=Handler (com.android.internal.telephony.GsmCdmaPhone) {f582709}
11-06 10:23:20.261  2434  2674 D PhoneFactory: getPhone:- phoneId != DEFAULT_PHONE_ID return sPhones[phoneId] phoneId=0 phone=Handler (com.android.internal.telephony.GsmCdmaPhone) {f582709}
11-06 10:23:20.261  2434  2674 D SubscriptionController: [getSubId]+ slotIndex=0
11-06 10:23:20.261  2434  2674 D SubscriptionController: [getSubId]- subIdArr=[I@86d7069
11-06 10:23:20.261  2434  2674 D PhoneFactory: getPhone:- phoneId != DEFAULT_PHONE_ID return sPhones[phoneId] phoneId=0 phone=Handler (com.android.internal.telephony.GsmCdmaPhone) {f582709}
11-06 10:23:20.262  2434  2434 D PhoneFactory: getPhone:- phoneId != DEFAULT_PHONE_ID return sPhones[phoneId] phoneId=0 phone=Handler (com.android.internal.telephony.GsmCdmaPhone) {f582709}
11-06 10:23:20.262  2434  2434 D SubscriptionController: getSimStateForSlotIndex:  simState=LOADED ordinal=10 slotIndex=0
11-06 10:23:20.262  2124  2205 E PHONE   : ServiceState.getRadioTechnology() DEPRECATED will be removed *******
11-06 10:23:20.262  2124  2154 D AppOps  : noteOperation: allowing code 51 uid 10126 package com.android.systemui
11-06 10:23:20.263  2124  2154 D AppOps  : noteOperation: allowing code 51 uid 1001 package com.android.phone
11-06 10:23:20.264  2124  2154 D AppOps  : noteOperation: allowing code 51 uid 10127 package com.android.cellbroadcastreceiver.module
11-06 10:23:20.265  2632  2632 D CellBroadcastReceiver: onReceive Intent { act=android.intent.action.SERVICE_STATE flg=0x1000010 cmp=com.android.cellbroadcastreceiver.module/com.android.cellbroadcastreceiver.CellBroadcastReceiver (has extras) }
11-06 10:23:20.268  2124  2221 W BestClock: java.time.DateTimeException: Missing NTP fix
11-06 10:23:20.269  2124  2221 I netstats_mobile_sample: [208598,2468,247332,3112,208598,2468,247332,3112,142221,1565,231950,3082,1667701400268]
11-06 10:23:20.269  2124  2221 I netstats_wifi_sample: [0,0,0,0,0,0,0,0,0,0,0,0,1667701400268]
11-06 10:23:20.270  2124  2211 W BestClock: java.time.DateTimeException: Missing NTP fix
11-06 10:23:20.270  2124  2221 D PowerManagerService: releaseWakeLockInternal: lock=224533267 [NetworkStats], flags=0x0
11-06 10:23:20.271  2124  2221 D PowerManagerService: updateWakeLockSummaryLocked: mWakefulness=Awake, mWakeLockSummary=0x1
11-06 10:23:20.271  2124  2221 D PowerManagerService: updateUserActivitySummaryLocked: mWakefulness=Awake, mUserActivitySummary=0x1, nextTimeout=2147983460 (in 2065908439 ms)
11-06 10:23:20.271  2124  2221 D PowerManagerService: updateDisplayPowerStateLocked: mDisplayReady=true, policy=3, mWakefulness=1, mWakeLockSummary=0x1, mUserActivitySummary=0x1, mBootCompleted=true, screenBrightnessOverride=NaN, useAutoBrightness=false, mScreenBrightnessBoostInProgress=false, mIsVrModeEnabled= false, sQuiescent=false
11-06 10:23:20.271  2434  2434 D SubscriptionController: [getSubId]+ slotIndex=0
11-06 10:23:20.271  2434  2434 D SubscriptionController: [getSubId]- subIdArr=[I@90f0aee
11-06 10:23:20.271  2434  2434 D ApnSetting: isMeteredApnType: isRoaming=false
11-06 10:23:20.272  2434  2571 D DC-C-1  : updateTcpBufferSizes: nr
11-06 10:23:20.272  2434  2571 D DC-C-1  : updateLinkBandwidthsFromCarrierConfig: NR_NSA_MMWAVE
11-06 10:23:20.272  2434  2571 D SubscriptionController: [getSubId]+ slotIndex=0
11-06 10:23:20.272  2434  2571 D SubscriptionController: [getSubId]- subIdArr=[I@2d05b8f
11-06 10:23:20.272  2434  2571 D ApnSetting: isMeteredApnType: isRoaming=false
11-06 10:23:20.274  2434  2571 D ApnSetting: For subId = 1, metered APN types are [default, mms, supl, dun]
11-06 10:23:20.274  2434  2571 D ApnSetting: mms is metered.
11-06 10:23:20.274  2434  2571 D DcNetworkAgent-100: Changed from [ Transports: CELLULAR Capabilities: MMS&SUPL&DUN&FOTA&IMS&CBS&INTERNET&NOT_RESTRICTED&TRUSTED&NOT_VPN&NOT_ROAMING&NOT_CONGESTED&NOT_SUSPENDED LinkUpBandwidth>=15000Kbps LinkDnBandwidth>=30000Kbps Specifier: <TelephonyNetworkSpecifier [mSubId = 1]> RequestorUid: -1 RequestorPackageName: null] to [ Transports: CELLULAR Capabilities: MMS&SUPL&DUN&FOTA&IMS&CBS&INTERNET&NOT_RESTRICTED&TRUSTED&NOT_VPN&NOT_ROAMING&NOT_CONGESTED&NOT_SUSPENDED LinkUpBandwidth>=60000Kbps LinkDnBandwidth>=145000Kbps Specifier: <TelephonyNetworkSpecifier [mSubId = 1]> RequestorUid: -1 RequestorPackageName: null], Data RAT=14, dc=DC-C-1
11-06 10:23:20.279  2124  2221 D ConnectivityService: notifyType CALLBACK_IP_CHANGED for [100 CELLULAR]
11-06 10:23:20.280  2124  2221 D ConnectivityService:  sending notification for NetworkRequest [ REQUEST id=1, [ Capabilities: INTERNET&NOT_RESTRICTED&TRUSTED&NOT_VPN AdministratorUids: [] RequestorUid: 1000 RequestorPackageName: android] ]
11-06 10:23:20.280  2124  2221 D ConnectivityService:  sending notification for NetworkRequest [ BACKGROUND_REQUEST id=2, [ Transports: CELLULAR Capabilities: INTERNET&NOT_RESTRICTED&TRUSTED&NOT_VPN AdministratorUids: [] RequestorUid: 1000 RequestorPackageName: android] ]
11-06 10:23:20.280  2124  2221 D ConnectivityService:  sending notification for NetworkRequest [ LISTEN id=4, [ Capabilities: FOREGROUND AdministratorUids: [] RequestorUid: 1000 RequestorPackageName: android] ]
11-06 10:23:20.280  2434  2434 D ApnSetting: For subId = 1, metered APN types are [default, mms, supl, dun]
11-06 10:23:20.280  2434  2434 D ApnSetting: mms is metered.
11-06 10:23:20.280  2434  2434 D SubscriptionController: [getSubId]+ slotIndex=0
11-06 10:23:20.280  2434  2434 D SubscriptionController: [getSubId]- subIdArr=[I@e36be1c
11-06 10:23:20.280  2434  2434 D DefaultPhoneNotifier: notifyServiceStateForSubId: mRegistryMgr=android.telephony.TelephonyRegistryManager@ed0450f ss={mVoiceRegState=0(IN_SERVICE), mDataRegState=0(IN_SERVICE), mChannelNumber=-1, duplexMode()=0, mCellBandwidths=[50000], mOperatorAlphaLong=Android, mOperatorAlphaShort=Android, isManualNetworkSelection=false(automatic), getRilVoiceRadioTechnology=0(Unknown), getRilDataRadioTechnology=14(LTE), mCssIndicator=unsupported, mNetworkId=-1, mSystemId=-1, mCdmaRoamingIndicator=-1, mCdmaDefaultRoamingIndicator=-1, mIsEmergencyOnly=false, isUsingCarrierAggregation=true, mLteEarfcnRsrpBoost=0, mNetworkRegistrationInfos=[NetworkRegistrationInfo{ domain=CS transportType=WWAN registrationState=HOME roamingType=NOT_ROAMING accessNetworkTechnology=UNKNOWN rejectCause=0 emergencyEnabled=false availableServices=[VOICE,SMS,VIDEO] cellIdentity=null voiceSpecificInfo=VoiceSpecificRegistrationInfo { mCssSupported=false mRoamingIndicator=-1 mSystemIsInPrl=0 mDefaultRoamingIndicator=0} dataSpecificInfo=null nrState=NONE rRplmn=}, NetworkRegistrationInfo{ domain=PS transportType=WWAN registrationState=HOME roamingType=NOT_ROAMING accessNetworkTechnology=LTE rejectCause=-1 emergencyEnabled=false availableServices=[DATA] cellIdentity=null voiceSpecificInfo=null dataSpecificInfo=android.telephony.DataSpecificRegistrationInfo :{ maxDataCalls = 1 isDcNrRestricted = false isNrAvailable = true isEnDcAvailable = true LteVopsSupportInfo :  mVopsSupport = 1 mEmcBearerSupport = 1 mIsUsingCarrierAggregation = true } nrState=CONNECTED rRplmn=}], mNrFrequencyRange=4, mOperatorAlphaLongRaw=Android, mOperatorAlphaShortRaw=Android, mIsDataRoamingFromRegistration=false, mIsIwlanPreferred=false} sender=Handler (com.android.internal.telephony.GsmCdmaPhone) {f582709} phondId=0 subId=1
11-06 10:23:20.281  2124  2221 D ConnectivityService: sending notification CALLBACK_IP_CHANGED for NetworkRequest [ LISTEN id=4, [ Capabilities: FOREGROUND AdministratorUids: [] RequestorUid: 1000 RequestorPackageName: android] ]
11-06 10:23:20.281  2124  2221 D ConnectivityService:  sending notification for NetworkRequest [ LISTEN id=5, [ Capabilities: NOT_RESTRICTED&TRUSTED&NOT_VPN&FOREGROUND Uid: 1000 AdministratorUids: [] RequestorUid: 1000 RequestorPackageName: android] ]
11-06 10:23:20.281  2124  2221 D ConnectivityService: sending notification CALLBACK_IP_CHANGED for NetworkRequest [ LISTEN id=5, [ Capabilities: NOT_RESTRICTED&TRUSTED&NOT_VPN&FOREGROUND Uid: 1000 AdministratorUids: [] RequestorUid: 1000 RequestorPackageName: android] ]
11-06 10:23:20.282  2124  2221 D ConnectivityService:  sending notification for NetworkRequest [ LISTEN id=6, [ Capabilities: NOT_RESTRICTED&TRUSTED&NOT_VPN Uid: 1000 AdministratorUids: [] RequestorUid: 1000 RequestorPackageName: android] ]
11-06 10:23:20.282  2124  2221 D ConnectivityService: sending notification CALLBACK_IP_CHANGED for NetworkRequest [ LISTEN id=6, [ Capabilities: NOT_RESTRICTED&TRUSTED&NOT_VPN Uid: 1000 AdministratorUids: [] RequestorUid: 1000 RequestorPackageName: android] ]
11-06 10:23:20.282  2124  2221 D ConnectivityService:  sending notification for NetworkRequest [ LISTEN id=7, [ Transports: CELLULAR Capabilities: INTERNET&NOT_RESTRICTED&TRUSTED&NOT_VPN Uid: 1000 AdministratorUids: [] RequestorUid: 1000 RequestorPackageName: android] ]
11-06 10:23:20.282  2124  2221 D ConnectivityService: sending notification CALLBACK_IP_CHANGED for NetworkRequest [ LISTEN id=7, [ Transports: CELLULAR Capabilities: INTERNET&NOT_RESTRICTED&TRUSTED&NOT_VPN Uid: 1000 AdministratorUids: [] RequestorUid: 1000 RequestorPackageName: android] ]
11-06 10:23:20.282  2124  2221 D ConnectivityService:  sending notification for NetworkRequest [ TRACK_DEFAULT id=9, [ Capabilities: INTERNET&NOT_RESTRICTED&TRUSTED Uid: 1000 AdministratorUids: [] RequestorUid: 1000 RequestorPackageName: android] ]
11-06 10:23:20.282  2124  2221 D ConnectivityService: sending notification CALLBACK_IP_CHANGED for NetworkRequest [ TRACK_DEFAULT id=9, [ Capabilities: INTERNET&NOT_RESTRICTED&TRUSTED Uid: 1000 AdministratorUids: [] RequestorUid: 1000 RequestorPackageName: android] ]
11-06 10:23:20.282  2124  2221 D ConnectivityService:  sending notification for NetworkRequest [ TRACK_DEFAULT id=10, [ Capabilities: INTERNET&NOT_RESTRICTED&TRUSTED Uid: 1073 AdministratorUids: [] RequestorUid: 1073 RequestorPackageName: com.android.networkstack] ]
11-06 10:23:20.282  2124  2221 D ConnectivityService: sending notification CALLBACK_IP_CHANGED for NetworkRequest [ TRACK_DEFAULT id=10, [ Capabilities: INTERNET&NOT_RESTRICTED&TRUSTED Uid: 1073 AdministratorUids: [] RequestorUid: 1073 RequestorPackageName: com.android.networkstack] ]
11-06 10:23:20.284  2124  2902 D AppOps  : noteOperation: allowing code 0 uid 10126 package com.android.systemui
11-06 10:23:20.288  2124  2221 D ConnectivityService:  sending notification for NetworkRequest [ REQUEST id=12, [ Capabilities: INTERNET&NOT_RESTRICTED&TRUSTED&NOT_VPN AdministratorUids: [] RequestorUid: 1073 RequestorPackageName: com.android.networkstack] ]
11-06 10:23:20.288  2124  2221 D ConnectivityService: sending notification CALLBACK_IP_CHANGED for NetworkRequest [ REQUEST id=12, [ Capabilities: INTERNET&NOT_RESTRICTED&TRUSTED&NOT_VPN AdministratorUids: [] RequestorUid: 1073 RequestorPackageName: com.android.networkstack] ]
11-06 10:23:20.293  2434  2674 D PhoneFactory: getPhone:- phoneId != DEFAULT_PHONE_ID return sPhones[phoneId] phoneId=0 phone=Handler (com.android.internal.telephony.GsmCdmaPhone) {f582709}
11-06 10:23:20.293  2434  2674 D PhoneFactory: getPhone:- phoneId != DEFAULT_PHONE_ID return sPhones[phoneId] phoneId=0 phone=Handler (com.android.internal.telephony.GsmCdmaPhone) {f582709}
11-06 10:23:20.294  2434  2674 D SubscriptionController: [getSubId]+ slotIndex=0
11-06 10:23:20.294  2434  2674 D SubscriptionController: [getSubId]- subIdArr=[I@e3aa25
11-06 10:23:20.294  2434  2674 D PhoneFactory: getPhone:- phoneId != DEFAULT_PHONE_ID return sPhones[phoneId] phoneId=0 phone=Handler (com.android.internal.telephony.GsmCdmaPhone) {f582709}
11-06 10:23:20.294  2434  2434 D PhoneFactory: getPhone:- phoneId != DEFAULT_PHONE_ID return sPhones[phoneId] phoneId=0 phone=Handler (com.android.internal.telephony.GsmCdmaPhone) {f582709}
11-06 10:23:20.294  2434  2434 D SubscriptionController: getSimStateForSlotIndex:  simState=LOADED ordinal=10 slotIndex=0
11-06 10:23:20.294  2124  2902 E PHONE   : ServiceState.getRadioTechnology() DEPRECATED will be removed *******
11-06 10:23:20.295  2124  2221 D ConnectivityService:  sending notification for NetworkRequest [ TRACK_DEFAULT id=15, [ Capabilities: INTERNET&NOT_RESTRICTED&TRUSTED Uid: 10126 AdministratorUids: [] RequestorUid: 10126 RequestorPackageName: com.android.systemui] ]
11-06 10:23:20.295  2124  2221 D ConnectivityService: sending notification CALLBACK_IP_CHANGED for NetworkRequest [ TRACK_DEFAULT id=15, [ Capabilities: INTERNET&NOT_RESTRICTED&TRUSTED Uid: 10126 AdministratorUids: [] RequestorUid: 10126 RequestorPackageName: com.android.systemui] ]
11-06 10:23:20.296  2124  2154 D AppOps  : noteOperation: allowing code 51 uid 10126 package com.android.systemui
11-06 10:23:20.297  2124  2154 D AppOps  : noteOperation: allowing code 51 uid 1001 package com.android.phone
11-06 10:23:20.297  2124  2154 D AppOps  : noteOperation: allowing code 51 uid 10127 package com.android.cellbroadcastreceiver.module
11-06 10:23:20.299  2632  2632 D CellBroadcastReceiver: onReceive Intent { act=android.intent.action.SERVICE_STATE flg=0x1000010 cmp=com.android.cellbroadcastreceiver.module/com.android.cellbroadcastreceiver.CellBroadcastReceiver (has extras) }
11-06 10:23:20.302  2434  2434 D NetworkTypeController: [0] NrConnectedState: process EVENT_NR_STATE_CHANGED
11-06 10:23:20.302  2434  2434 D NetworkTypeController: [0] Remove all timers
11-06 10:23:20.302  2434  2434 D SubscriptionController: [getSubId]+ slotIndex=0
11-06 10:23:20.302  2434  2434 D SubscriptionController: [getSubId]- subIdArr=[I@c64e7fa
11-06 10:23:20.303  2434  2674 D SubscriptionController: [getPhoneId] subId=1
11-06 10:23:20.303  2434  2674 D SubscriptionController: [getPhoneId]- found subId=1 phoneId=0
11-06 10:23:20.303  2434  2674 D PhoneInterfaceManager: [PhoneIntfMgr] isDataEnabled: subId=1 phoneId=0
11-06 10:23:20.303  2434  2674 D PhoneFactory: getPhone:- phoneId != DEFAULT_PHONE_ID return sPhones[phoneId] phoneId=0 phone=Handler (com.android.internal.telephony.GsmCdmaPhone) {f582709}
11-06 10:23:20.303  2434  2674 D PhoneInterfaceManager: [PhoneIntfMgr] isDataEnabled: subId=1 retVal=true
11-06 10:23:20.304  2434  2434 W CellSignalStrengthCdma: getCdmaLevel=0
11-06 10:23:20.304  2434  2434 W CellSignalStrengthCdma: getEvdoLevel=0
11-06 10:23:20.304  2434  2434 W CellSignalStrengthCdma: getCdmaLevel=0
11-06 10:23:20.304  2434  2434 I CellSignalStrengthLte: Using signal strength level: 1
11-06 10:23:20.304  2434  2434 I CellSignalStrengthLte: Applying LTE RSRP Thresholds: [-128, -118, -108, -98]
11-06 10:23:20.304  2434  2434 I CellSignalStrengthLte: Applying LTE RSRQ Thresholds: [-20, -17, -14, -11]
11-06 10:23:20.304  2434  2434 I CellSignalStrengthLte: Applying LTE RSSNR Thresholds: [-3, 1, 5, 13]
11-06 10:23:20.304  2434  2434 I CellSignalStrengthLte: Updated 4G LTE RSRP Level: 4
11-06 10:23:20.304  2434  2434 I CellSignalStrengthNr: Applying 5G NR SSRSRP Thresholds: [-110, -90, -80, -65]
11-06 10:23:20.304  2434  2434 I CellSignalStrengthNr: Applying 5G NR SSRSRQ Thresholds: [-31, -19, -7, 6]
11-06 10:23:20.304  2434  2434 I CellSignalStrengthNr: Applying 5G NR SSSINR Thresholds: [-5, 5, 15, 30]
11-06 10:23:20.304  2434  2434 I CellSignalStrengthNr: Updated 5G NR SSRSRP Level: 0
11-06 10:23:20.304  2434  2434 D LocaleTracker-0: updateLocale: countryIso = us, countryIsoDebugInfo = OperatorNumeric(310260): MccTable.countryCodeForMcc("310")
11-06 10:23:20.304  2434  2434 D LocaleTracker-0: updateLocale: timeZoneCountryIso = us, timeZoneCountryIsoDebugInfo = OperatorNumeric: MccTable.geoCountryCodeForMccMnc(MccMnc{mcc='310', mnc='260'})
11-06 10:23:20.304  2434  2434 D NewNitzStateMachineImpl: handleCountryDetected: countryIsoCode=us, mLatestNitzSignal=null
11-06 10:23:20.304  2434  2434 D CallManager:  handleMessage (EVENT_SERVICE_STATE_CHANGED)
11-06 10:23:20.304  2434  2434 D SmsDispatchersController: reevaluateTimerStatus: currentTime: 1667701400304 mCurrentWaitElapsedDuration: 81568118
11-06 10:23:20.304  2434  2434 D SmsDispatchersController: handleInService: timer expiry in 4831882ms
11-06 10:23:20.304  2434  2434 D SubscriptionController: [getSubId]+ slotIndex=0
11-06 10:23:20.304  2434  2434 D SubscriptionController: [getSubId]- subIdArr=[I@b0121ab
11-06 10:23:20.304  2434  2434 D SubscriptionController: [getPhoneId] subId=1
11-06 10:23:20.305  2434  2434 D SubscriptionController: [getPhoneId]- found subId=1 phoneId=0
11-06 10:23:20.305  2434  2434 D PhoneFactory: getPhone:- phoneId != DEFAULT_PHONE_ID return sPhones[phoneId] phoneId=0 phone=Handler (com.android.internal.telephony.GsmCdmaPhone) {f582709}
11-06 10:23:20.305  2124  2221 D ConnectivityService:  sending notification for NetworkRequest [ TRACK_DEFAULT id=16, [ Capabilities: INTERNET&NOT_RESTRICTED&TRUSTED Uid: 10126 AdministratorUids: [] RequestorUid: 10126 RequestorPackageName: com.android.systemui] ]
11-06 10:23:20.305  2124  2221 D ConnectivityService: sending notification CALLBACK_IP_CHANGED for NetworkRequest [ TRACK_DEFAULT id=16, [ Capabilities: INTERNET&NOT_RESTRICTED&TRUSTED Uid: 10126 AdministratorUids: [] RequestorUid: 10126 RequestorPackageName: com.android.systemui] ]
11-06 10:23:20.307  2124  2221 D ConnectivityService:  sending notification for NetworkRequest [ LISTEN id=18, [ AdministratorUids: [] RequestorUid: 10126 RequestorPackageName: com.android.systemui] ]
11-06 10:23:20.307  2124  2221 D ConnectivityService: sending notification CALLBACK_IP_CHANGED for NetworkRequest [ LISTEN id=18, [ AdministratorUids: [] RequestorUid: 10126 RequestorPackageName: com.android.systemui] ]
11-06 10:23:20.309  2434  2434 D SubscriptionController: [getSubId]+ slotIndex=0
11-06 10:23:20.310  2434  2434 D SubscriptionController: [getSubId]- subIdArr=[I@cffa008
11-06 10:23:20.310  2434  2434 D Phone   : getImsRegistrationTechnology =-1
11-06 10:23:20.310  2434  2434 D SubscriptionController: [getSubId]+ slotIndex=0
11-06 10:23:20.310  2434  2434 D SubscriptionController: [getSubId]- subIdArr=[I@9c9c3a1
11-06 10:23:20.311  2124  2221 D ConnectivityService: notifyType CALLBACK_CAP_CHANGED for [100 CELLULAR]
11-06 10:23:20.311  2124  2221 D ConnectivityService:  sending notification for NetworkRequest [ REQUEST id=1, [ Capabilities: INTERNET&NOT_RESTRICTED&TRUSTED&NOT_VPN AdministratorUids: [] RequestorUid: 1000 RequestorPackageName: android] ]
11-06 10:23:20.311  2124  2221 D ConnectivityService:  sending notification for NetworkRequest [ BACKGROUND_REQUEST id=2, [ Transports: CELLULAR Capabilities: INTERNET&NOT_RESTRICTED&TRUSTED&NOT_VPN AdministratorUids: [] RequestorUid: 1000 RequestorPackageName: android] ]
11-06 10:23:20.311  2124  2221 D ConnectivityService:  sending notification for NetworkRequest [ LISTEN id=4, [ Capabilities: FOREGROUND AdministratorUids: [] RequestorUid: 1000 RequestorPackageName: android] ]
11-06 10:23:20.311  2124  2221 D ConnectivityService: sending notification CALLBACK_CAP_CHANGED for NetworkRequest [ LISTEN id=4, [ Capabilities: FOREGROUND AdministratorUids: [] RequestorUid: 1000 RequestorPackageName: android] ]
11-06 10:23:20.314  2124  2211 W BestClock: java.time.DateTimeException: Missing NTP fix
11-06 10:23:20.315  2434  2674 D SubscriptionController: [getPhoneId] subId=1
11-06 10:23:20.315  2434  2674 D SubscriptionController: [getPhoneId]- found subId=1 phoneId=0
11-06 10:23:20.315  2434  2674 D PhoneFactory: getPhone:- phoneId != DEFAULT_PHONE_ID return sPhones[phoneId] phoneId=0 phone=Handler (com.android.internal.telephony.GsmCdmaPhone) {f582709}
11-06 10:23:20.316  2434  2434 I Telephony: isRttCurrentlySupported -- regular acct, hasVoiceAvailability: false
11-06 10:23:20.316  2434  2434 I Telephony:  isRttSupported: false
11-06 10:23:20.316  2434  2434 I Telephony:  alwaysAllowWhileRoaming: false
11-06 10:23:20.316  2434  2434 I Telephony:  isRoaming: false
11-06 10:23:20.316  2434  2434 I Telephony:  isOnWfc: false
11-06 10:23:20.316  2434  2434 V PhoneGlobals: handleServiceStateChanged
11-06 10:23:20.316  2434  2434 D PhoneFactory: getPhone:- phoneId != DEFAULT_PHONE_ID return sPhones[phoneId] phoneId=0 phone=Handler (com.android.internal.telephony.GsmCdmaPhone) {f582709}
11-06 10:23:20.316  2434  2434 D NotificationMgr: updateNetworkSelection()...state = 0 new network 
11-06 10:23:20.316  2434  2434 V PhoneGlobals: subId=1,mDefaultDataSubId=1,ss roaming=false
11-06 10:23:20.316  2434  2434 V PhoneGlobals: updateDataRoamingStatus
11-06 10:23:20.316  2434  2434 D PhoneFactory: getPhone:- phoneId != DEFAULT_PHONE_ID return sPhones[phoneId] phoneId=0 phone=Handler (com.android.internal.telephony.GsmCdmaPhone) {f582709}
11-06 10:23:20.316  2434  2434 D DCT-C-0 : shouldRestrictDataForEcbm: isInEcm=false isInImsEcm=false
11-06 10:23:20.316  2434  2434 D SubscriptionController: [getSubId]+ slotIndex=0
11-06 10:23:20.316  2434  2434 D SubscriptionController: [getSubId]- subIdArr=[I@40989c6
11-06 10:23:20.317  2434  2434 V PhoneGlobals: dataAllowed=true, reasons=Data allowed, reason: NORMAL
11-06 10:23:20.317  2434  2434 D PhoneFactory: getPhone:- phoneId != DEFAULT_PHONE_ID return sPhones[phoneId] phoneId=0 phone=Handler (com.android.internal.telephony.GsmCdmaPhone) {f582709}
11-06 10:23:20.317  2434  2434 D NetworkTypeController: [0] NrConnectedState: process EVENT_NR_STATE_CHANGED
11-06 10:23:20.317  2434  2434 D NetworkTypeController: [0] Remove all timers
11-06 10:23:20.317  2434  2434 D LocaleTracker-0: updateLocale: countryIso = us, countryIsoDebugInfo = OperatorNumeric(310260): MccTable.countryCodeForMcc("310")
11-06 10:23:20.317  2434  2434 D LocaleTracker-0: updateLocale: timeZoneCountryIso = us, timeZoneCountryIsoDebugInfo = OperatorNumeric: MccTable.geoCountryCodeForMccMnc(MccMnc{mcc='310', mnc='260'})
11-06 10:23:20.317  2434  2434 D NewNitzStateMachineImpl: handleCountryDetected: countryIsoCode=us, mLatestNitzSignal=null
11-06 10:23:20.317  2434  2434 D CallManager:  handleMessage (EVENT_SERVICE_STATE_CHANGED)
11-06 10:23:20.317  2434  2434 D SmsDispatchersController: reevaluateTimerStatus: currentTime: 1667701400317 mCurrentWaitElapsedDuration: 81568131
11-06 10:23:20.317  2434  2434 D SmsDispatchersController: handleInService: timer expiry in 4831869ms
11-06 10:23:20.317  2434  2434 D SubscriptionController: [getSubId]+ slotIndex=0
11-06 10:23:20.317  2434  2434 D SubscriptionController: [getSubId]- subIdArr=[I@52e2d87
11-06 10:23:20.317  2434  2434 D SubscriptionController: [getPhoneId] subId=1
11-06 10:23:20.317  2124  2221 D ConnectivityService:  sending notification for NetworkRequest [ LISTEN id=5, [ Capabilities: NOT_RESTRICTED&TRUSTED&NOT_VPN&FOREGROUND Uid: 1000 AdministratorUids: [] RequestorUid: 1000 RequestorPackageName: android] ]
11-06 10:23:20.317  2124  2221 D ConnectivityService: sending notification CALLBACK_CAP_CHANGED for NetworkRequest [ LISTEN id=5, [ Capabilities: NOT_RESTRICTED&TRUSTED&NOT_VPN&FOREGROUND Uid: 1000 AdministratorUids: [] RequestorUid: 1000 RequestorPackageName: android] ]
11-06 10:23:20.318  2124  2221 D ConnectivityService:  sending notification for NetworkRequest [ LISTEN id=6, [ Capabilities: NOT_RESTRICTED&TRUSTED&NOT_VPN Uid: 1000 AdministratorUids: [] RequestorUid: 1000 RequestorPackageName: android] ]
11-06 10:23:20.318  2124  2221 D ConnectivityService: sending notification CALLBACK_CAP_CHANGED for NetworkRequest [ LISTEN id=6, [ Capabilities: NOT_RESTRICTED&TRUSTED&NOT_VPN Uid: 1000 AdministratorUids: [] RequestorUid: 1000 RequestorPackageName: android] ]
11-06 10:23:20.318  2124  2221 D ConnectivityService:  sending notification for NetworkRequest [ LISTEN id=7, [ Transports: CELLULAR Capabilities: INTERNET&NOT_RESTRICTED&TRUSTED&NOT_VPN Uid: 1000 AdministratorUids: [] RequestorUid: 1000 RequestorPackageName: android] ]
11-06 10:23:20.318  2124  2221 D ConnectivityService: sending notification CALLBACK_CAP_CHANGED for NetworkRequest [ LISTEN id=7, [ Transports: CELLULAR Capabilities: INTERNET&NOT_RESTRICTED&TRUSTED&NOT_VPN Uid: 1000 AdministratorUids: [] RequestorUid: 1000 RequestorPackageName: android] ]
11-06 10:23:20.318  2124  2221 D ConnectivityService:  sending notification for NetworkRequest [ TRACK_DEFAULT id=9, [ Capabilities: INTERNET&NOT_RESTRICTED&TRUSTED Uid: 1000 AdministratorUids: [] RequestorUid: 1000 RequestorPackageName: android] ]
11-06 10:23:20.318  2124  2221 D ConnectivityService: sending notification CALLBACK_CAP_CHANGED for NetworkRequest [ TRACK_DEFAULT id=9, [ Capabilities: INTERNET&NOT_RESTRICTED&TRUSTED Uid: 1000 AdministratorUids: [] RequestorUid: 1000 RequestorPackageName: android] ]
11-06 10:23:20.318  2124  2221 D ConnectivityService:  sending notification for NetworkRequest [ TRACK_DEFAULT id=10, [ Capabilities: INTERNET&NOT_RESTRICTED&TRUSTED Uid: 1073 AdministratorUids: [] RequestorUid: 1073 RequestorPackageName: com.android.networkstack] ]
11-06 10:23:20.318  2124  2221 D ConnectivityService: sending notification CALLBACK_CAP_CHANGED for NetworkRequest [ TRACK_DEFAULT id=10, [ Capabilities: INTERNET&NOT_RESTRICTED&TRUSTED Uid: 1073 AdministratorUids: [] RequestorUid: 1073 RequestorPackageName: com.android.networkstack] ]
11-06 10:23:20.319  2124  2221 D ConnectivityService:  sending notification for NetworkRequest [ REQUEST id=12, [ Capabilities: INTERNET&NOT_RESTRICTED&TRUSTED&NOT_VPN AdministratorUids: [] RequestorUid: 1073 RequestorPackageName: com.android.networkstack] ]
11-06 10:23:20.319  2124  2221 D ConnectivityService: sending notification CALLBACK_CAP_CHANGED for NetworkRequest [ REQUEST id=12, [ Capabilities: INTERNET&NOT_RESTRICTED&TRUSTED&NOT_VPN AdministratorUids: [] RequestorUid: 1073 RequestorPackageName: com.android.networkstack] ]
11-06 10:23:20.319  2124  2221 D ConnectivityService:  sending notification for NetworkRequest [ TRACK_DEFAULT id=15, [ Capabilities: INTERNET&NOT_RESTRICTED&TRUSTED Uid: 10126 AdministratorUids: [] RequestorUid: 10126 RequestorPackageName: com.android.systemui] ]
11-06 10:23:20.317  2434  2434 D SubscriptionController: [getPhoneId]- found subId=1 phoneId=0
11-06 10:23:20.320  2124  2221 D ConnectivityService: sending notification CALLBACK_CAP_CHANGED for NetworkRequest [ TRACK_DEFAULT id=15, [ Capabilities: INTERNET&NOT_RESTRICTED&TRUSTED Uid: 10126 AdministratorUids: [] RequestorUid: 10126 RequestorPackageName: com.android.systemui] ]
11-06 10:23:20.320  2434  2434 D PhoneFactory: getPhone:- phoneId != DEFAULT_PHONE_ID return sPhones[phoneId] phoneId=0 phone=Handler (com.android.internal.telephony.GsmCdmaPhone) {f582709}
11-06 10:23:20.321  2124  2221 D ConnectivityService:  sending notification for NetworkRequest [ TRACK_DEFAULT id=16, [ Capabilities: INTERNET&NOT_RESTRICTED&TRUSTED Uid: 10126 AdministratorUids: [] RequestorUid: 10126 RequestorPackageName: com.android.systemui] ]
11-06 10:23:20.321  2124  2221 D ConnectivityService: sending notification CALLBACK_CAP_CHANGED for NetworkRequest [ TRACK_DEFAULT id=16, [ Capabilities: INTERNET&NOT_RESTRICTED&TRUSTED Uid: 10126 AdministratorUids: [] RequestorUid: 10126 RequestorPackageName: com.android.systemui] ]
11-06 10:23:20.322  2124  2221 D ConnectivityService:  sending notification for NetworkRequest [ LISTEN id=18, [ AdministratorUids: [] RequestorUid: 10126 RequestorPackageName: com.android.systemui] ]
11-06 10:23:20.322  2124  2221 D ConnectivityService: sending notification CALLBACK_CAP_CHANGED for NetworkRequest [ LISTEN id=18, [ AdministratorUids: [] RequestorUid: 10126 RequestorPackageName: com.android.systemui] ]
11-06 10:23:20.323  2124  2221 D ConnectivityService: Update of LinkProperties for [100 CELLULAR]; created=true; everConnected=true
11-06 10:23:20.323  2124  2221 D ConnectivityService: identical MTU - not setting
11-06 10:23:20.323  2124  2221 D ConnectivityService: Setting tx/rx TCP buffers to 2097152,6291456,16777216,512000,2097152,8388608
11-06 10:23:20.324  2434  2434 D SubscriptionController: [getSubId]+ slotIndex=0
11-06 10:23:20.324  2434  2434 D SubscriptionController: [getSubId]- subIdArr=[I@3f2b4b4
11-06 10:23:20.325  2434  2434 D Phone   : getImsRegistrationTechnology =-1
11-06 10:23:20.325  2434  2434 D SubscriptionController: [getSubId]+ slotIndex=0
11-06 10:23:20.325  2434  2434 D SubscriptionController: [getSubId]- subIdArr=[I@89df8dd
11-06 10:23:20.327  2124  2221 D PowerManagerService: acquireWakeLockInternal: lock=224533267, flags=0x1, tag="NetworkStats", ws=null, uid=1000, pid=2124
11-06 10:23:20.327  2124  2221 D PowerManagerService: updateWakeLockSummaryLocked: mWakefulness=Awake, mWakeLockSummary=0x1
11-06 10:23:20.327  2124  2221 D PowerManagerService: updateUserActivitySummaryLocked: mWakefulness=Awake, mUserActivitySummary=0x1, nextTimeout=2147983460 (in 2065908383 ms)
11-06 10:23:20.327  2124  2221 D PowerManagerService: updateDisplayPowerStateLocked: mDisplayReady=true, policy=3, mWakefulness=1, mWakeLockSummary=0x1, mUserActivitySummary=0x1, mBootCompleted=true, screenBrightnessOverride=NaN, useAutoBrightness=false, mScreenBrightnessBoostInProgress=false, mIsVrModeEnabled= false, sQuiescent=false
11-06 10:23:20.329  2124  2221 D AppOps  : startOperation: allowing code 40 uid 1000 package android
11-06 10:23:20.329  2434  2434 I Telephony: isRttCurrentlySupported -- regular acct, hasVoiceAvailability: false
11-06 10:23:20.329  2434  2434 I Telephony:  isRttSupported: false
11-06 10:23:20.329  2434  2434 I Telephony:  alwaysAllowWhileRoaming: false
11-06 10:23:20.329  2434  2434 I Telephony:  isRoaming: false
11-06 10:23:20.329  2434  2434 I Telephony:  isOnWfc: false
11-06 10:23:20.329  2434  2434 V PhoneGlobals: handleServiceStateChanged
11-06 10:23:20.329  2434  2434 D PhoneFactory: getPhone:- phoneId != DEFAULT_PHONE_ID return sPhones[phoneId] phoneId=0 phone=Handler (com.android.internal.telephony.GsmCdmaPhone) {f582709}
11-06 10:23:20.330  2434  2434 D NotificationMgr: updateNetworkSelection()...state = 0 new network 
11-06 10:23:20.330  2434  2434 V PhoneGlobals: subId=1,mDefaultDataSubId=1,ss roaming=false
11-06 10:23:20.330  2434  2434 V PhoneGlobals: updateDataRoamingStatus
11-06 10:23:20.330  2434  2434 D PhoneFactory: getPhone:- phoneId != DEFAULT_PHONE_ID return sPhones[phoneId] phoneId=0 phone=Handler (com.android.internal.telephony.GsmCdmaPhone) {f582709}
11-06 10:23:20.330  2434  2434 D DCT-C-0 : shouldRestrictDataForEcbm: isInEcm=false isInImsEcm=false
11-06 10:23:20.330  2434  2434 D SubscriptionController: [getSubId]+ slotIndex=0
11-06 10:23:20.330  2434  2434 D SubscriptionController: [getSubId]- subIdArr=[I@5047c52
11-06 10:23:20.330  2434  2434 V PhoneGlobals: dataAllowed=true, reasons=Data allowed, reason: NORMAL
11-06 10:23:20.330  2434  2434 D PhoneFactory: getPhone:- phoneId != DEFAULT_PHONE_ID return sPhones[phoneId] phoneId=0 phone=Handler (com.android.internal.telephony.GsmCdmaPhone) {f582709}
11-06 10:23:20.331  2124  2221 W BestClock: java.time.DateTimeException: Missing NTP fix
11-06 10:23:20.342  2124  2221 I netstats_mobile_sample: [208598,2468,247332,3112,208598,2468,247332,3112,142221,1565,231950,3082,1667701400342]
11-06 10:23:20.342  2124  2221 I netstats_wifi_sample: [0,0,0,0,0,0,0,0,0,0,0,0,1667701400342]
11-06 10:23:20.342  2124  2221 D PowerManagerService: releaseWakeLockInternal: lock=224533267 [NetworkStats], flags=0x0
11-06 10:23:20.342  2124  2221 D PowerManagerService: updateWakeLockSummaryLocked: mWakefulness=Awake, mWakeLockSummary=0x1
11-06 10:23:20.342  2124  2221 D PowerManagerService: updateUserActivitySummaryLocked: mWakefulness=Awake, mUserActivitySummary=0x1, nextTimeout=2147983460 (in 2065908368 ms)
11-06 10:23:20.342  2124  2221 D PowerManagerService: updateDisplayPowerStateLocked: mDisplayReady=true, policy=3, mWakefulness=1, mWakeLockSummary=0x1, mUserActivitySummary=0x1, mBootCompleted=true, screenBrightnessOverride=NaN, useAutoBrightness=false, mScreenBrightnessBoostInProgress=false, mIsVrModeEnabled= false, sQuiescent=false
11-06 10:23:20.342  2124  2221 W BestClock: java.time.DateTimeException: Missing NTP fix
11-06 10:23:20.343  2124  2211 W BestClock: java.time.DateTimeException: Missing NTP fix
11-06 10:23:20.348  2124  2221 D ConnectivityService: notifyType CALLBACK_IP_CHANGED for [100 CELLULAR]
11-06 10:23:20.348  2124  2221 D ConnectivityService:  sending notification for NetworkRequest [ REQUEST id=1, [ Capabilities: INTERNET&NOT_RESTRICTED&TRUSTED&NOT_VPN AdministratorUids: [] RequestorUid: 1000 RequestorPackageName: android] ]
11-06 10:23:20.348  2124  2221 D ConnectivityService:  sending notification for NetworkRequest [ BACKGROUND_REQUEST id=2, [ Transports: CELLULAR Capabilities: INTERNET&NOT_RESTRICTED&TRUSTED&NOT_VPN AdministratorUids: [] RequestorUid: 1000 RequestorPackageName: android] ]
11-06 10:23:20.348  2124  2221 D ConnectivityService:  sending notification for NetworkRequest [ LISTEN id=4, [ Capabilities: FOREGROUND AdministratorUids: [] RequestorUid: 1000 RequestorPackageName: android] ]
11-06 10:23:20.348  2124  2221 D ConnectivityService: sending notification CALLBACK_IP_CHANGED for NetworkRequest [ LISTEN id=4, [ Capabilities: FOREGROUND AdministratorUids: [] RequestorUid: 1000 RequestorPackageName: android] ]
11-06 10:23:20.348  2124  2221 D ConnectivityService:  sending notification for NetworkRequest [ LISTEN id=5, [ Capabilities: NOT_RESTRICTED&TRUSTED&NOT_VPN&FOREGROUND Uid: 1000 AdministratorUids: [] RequestorUid: 1000 RequestorPackageName: android] ]
11-06 10:23:20.348  2124  2221 D ConnectivityService: sending notification CALLBACK_IP_CHANGED for NetworkRequest [ LISTEN id=5, [ Capabilities: NOT_RESTRICTED&TRUSTED&NOT_VPN&FOREGROUND Uid: 1000 AdministratorUids: [] RequestorUid: 1000 RequestorPackageName: android] ]
11-06 10:23:20.352  2124  2221 D ConnectivityService:  sending notification for NetworkRequest [ LISTEN id=6, [ Capabilities: NOT_RESTRICTED&TRUSTED&NOT_VPN Uid: 1000 AdministratorUids: [] RequestorUid: 1000 RequestorPackageName: android] ]
11-06 10:23:20.352  2124  2221 D ConnectivityService: sending notification CALLBACK_IP_CHANGED for NetworkRequest [ LISTEN id=6, [ Capabilities: NOT_RESTRICTED&TRUSTED&NOT_VPN Uid: 1000 AdministratorUids: [] RequestorUid: 1000 RequestorPackageName: android] ]
11-06 10:23:20.352  2124  2221 D ConnectivityService:  sending notification for NetworkRequest [ LISTEN id=7, [ Transports: CELLULAR Capabilities: INTERNET&NOT_RESTRICTED&TRUSTED&NOT_VPN Uid: 1000 AdministratorUids: [] RequestorUid: 1000 RequestorPackageName: android] ]
11-06 10:23:20.352  2124  2221 D ConnectivityService: sending notification CALLBACK_IP_CHANGED for NetworkRequest [ LISTEN id=7, [ Transports: CELLULAR Capabilities: INTERNET&NOT_RESTRICTED&TRUSTED&NOT_VPN Uid: 1000 AdministratorUids: [] RequestorUid: 1000 RequestorPackageName: android] ]
11-06 10:23:20.352  2124  2221 D ConnectivityService:  sending notification for NetworkRequest [ TRACK_DEFAULT id=9, [ Capabilities: INTERNET&NOT_RESTRICTED&TRUSTED Uid: 1000 AdministratorUids: [] RequestorUid: 1000 RequestorPackageName: android] ]
11-06 10:23:20.352  2124  2221 D ConnectivityService: sending notification CALLBACK_IP_CHANGED for NetworkRequest [ TRACK_DEFAULT id=9, [ Capabilities: INTERNET&NOT_RESTRICTED&TRUSTED Uid: 1000 AdministratorUids: [] RequestorUid: 1000 RequestorPackageName: android] ]
11-06 10:23:20.352  2124  2221 D ConnectivityService:  sending notification for NetworkRequest [ TRACK_DEFAULT id=10, [ Capabilities: INTERNET&NOT_RESTRICTED&TRUSTED Uid: 1073 AdministratorUids: [] RequestorUid: 1073 RequestorPackageName: com.android.networkstack] ]
11-06 10:23:20.352  2124  2221 D ConnectivityService: sending notification CALLBACK_IP_CHANGED for NetworkRequest [ TRACK_DEFAULT id=10, [ Capabilities: INTERNET&NOT_RESTRICTED&TRUSTED Uid: 1073 AdministratorUids: [] RequestorUid: 1073 RequestorPackageName: com.android.networkstack] ]
11-06 10:23:20.353  2124  2221 D ConnectivityService:  sending notification for NetworkRequest [ REQUEST id=12, [ Capabilities: INTERNET&NOT_RESTRICTED&TRUSTED&NOT_VPN AdministratorUids: [] RequestorUid: 1073 RequestorPackageName: com.android.networkstack] ]
11-06 10:23:20.354  2124  2221 D ConnectivityService: sending notification CALLBACK_IP_CHANGED for NetworkRequest [ REQUEST id=12, [ Capabilities: INTERNET&NOT_RESTRICTED&TRUSTED&NOT_VPN AdministratorUids: [] RequestorUid: 1073 RequestorPackageName: com.android.networkstack] ]
11-06 10:23:20.355  2124  2221 D ConnectivityService:  sending notification for NetworkRequest [ TRACK_DEFAULT id=15, [ Capabilities: INTERNET&NOT_RESTRICTED&TRUSTED Uid: 10126 AdministratorUids: [] RequestorUid: 10126 RequestorPackageName: com.android.systemui] ]
11-06 10:23:20.355  2124  2221 D ConnectivityService: sending notification CALLBACK_IP_CHANGED for NetworkRequest [ TRACK_DEFAULT id=15, [ Capabilities: INTERNET&NOT_RESTRICTED&TRUSTED Uid: 10126 AdministratorUids: [] RequestorUid: 10126 RequestorPackageName: com.android.systemui] ]
11-06 10:23:20.356  2124  2221 D ConnectivityService:  sending notification for NetworkRequest [ TRACK_DEFAULT id=16, [ Capabilities: INTERNET&NOT_RESTRICTED&TRUSTED Uid: 10126 AdministratorUids: [] RequestorUid: 10126 RequestorPackageName: com.android.systemui] ]
11-06 10:23:20.356  2124  2221 D ConnectivityService: sending notification CALLBACK_IP_CHANGED for NetworkRequest [ TRACK_DEFAULT id=16, [ Capabilities: INTERNET&NOT_RESTRICTED&TRUSTED Uid: 10126 AdministratorUids: [] RequestorUid: 10126 RequestorPackageName: com.android.systemui] ]
11-06 10:23:20.357  2124  2221 D ConnectivityService:  sending notification for NetworkRequest [ LISTEN id=18, [ AdministratorUids: [] RequestorUid: 10126 RequestorPackageName: com.android.systemui] ]
11-06 10:23:20.357  2124  2221 D ConnectivityService: sending notification CALLBACK_IP_CHANGED for NetworkRequest [ LISTEN id=18, [ AdministratorUids: [] RequestorUid: 10126 RequestorPackageName: com.android.systemui] ]
11-06 10:23:20.361  2434  2674 D SubscriptionController: [getPhoneId] subId=1
11-06 10:23:20.361  2434  2674 D SubscriptionController: [getPhoneId]- found subId=1 phoneId=0
11-06 10:23:20.361  2434  2674 D PhoneFactory: getPhone:- phoneId != DEFAULT_PHONE_ID return sPhones[phoneId] phoneId=0 phone=Handler (com.android.internal.telephony.GsmCdmaPhone) {f582709}
11-06 10:23:20.363  2124  2221 D ConnectivityService: notifyType CALLBACK_CAP_CHANGED for [100 CELLULAR]
11-06 10:23:20.363  2124  2221 D ConnectivityService:  sending notification for NetworkRequest [ REQUEST id=1, [ Capabilities: INTERNET&NOT_RESTRICTED&TRUSTED&NOT_VPN AdministratorUids: [] RequestorUid: 1000 RequestorPackageName: android] ]
11-06 10:23:20.363  2124  2221 D ConnectivityService:  sending notification for NetworkRequest [ BACKGROUND_REQUEST id=2, [ Transports: CELLULAR Capabilities: INTERNET&NOT_RESTRICTED&TRUSTED&NOT_VPN AdministratorUids: [] RequestorUid: 1000 RequestorPackageName: android] ]
11-06 10:23:20.363  2124  2221 D ConnectivityService:  sending notification for NetworkRequest [ LISTEN id=4, [ Capabilities: FOREGROUND AdministratorUids: [] RequestorUid: 1000 RequestorPackageName: android] ]
11-06 10:23:20.363  2124  2221 D ConnectivityService: sending notification CALLBACK_CAP_CHANGED for NetworkRequest [ LISTEN id=4, [ Capabilities: FOREGROUND AdministratorUids: [] RequestorUid: 1000 RequestorPackageName: android] ]
