11-06 10:24:02.846  2434  2548 D GsmInboundSmsHandler: created tracker: SmsTracker{timestamp=Mon Nov 07 02:24:05 GMT+08:00 2022 destPort=-1 is3gpp2=false address=6505551212 timestamp=1667759045000 messageBody=22111111111111111111111111111111111111111111111111111111111111111111111111111111111111111111111111111111111111111111Android is always a sweet treat!dsafas display_originating_addr=6505551212 refNumber=3 seqNumber=1 msgCount=2 id=7556752344753519624}
11-06 10:24:02.846  2124  2902 D AppOps  : noteOperation: allowing code 14 uid 1001 package com.android.phone
11-06 10:24:02.859  2434  2548 D GsmInboundSmsHandler: addTrackerToRawTable: adding content values to raw table: display_originating_addr=6505551212 message_body=22111111111111111111111111111111111111111111111111111111111111111111111111111111111111111111111111111111111111111111Android is always a sweet treat!dsafas address=6505551212 sub_id=1 reference_number=3 pdu=00600A81565055212100002211600142502BA105000303020164B2582C168BC562B1582C168BC562B1582C168BC562B1582C168BC562B1582C168BC562B1582C168BC562B1582C168BC562B1582C168BC562B1582C168BC562B1582C168BC562B1582C168BC562B1582C168BC562B1582C168BC562B1582C168BC562B1582CE826CBDF6932283D0785D9F7707E0E0A83E6F772990EA2CBCB617A883C0F9BC373 date=1667759045000 count=2 destination_port=196608 sequence=1, id: 7556752344753519624
11-06 10:24:02.858  2124  2902 D AppOps  : noteOperation: allowing code 14 uid 1001 package com.android.phone
11-06 10:24:02.860  2124  2902 D AppOps  : noteOperation: allowing code 15 uid 1001 package com.android.phone
11-06 10:24:02.863  2124  2902 D ContentService: Notifying update of [content://sms/raw/1] for user -1, observer null, flags 1
11-06 10:24:02.863  2124  2902 D ContentService: Collecting non-leaf observers @ #0 / sms
11-06 10:24:02.865  2124  2902 D ContentService: Notifying update of [content://mms-sms/] for user -1, observer null, flags 1
11-06 10:24:02.866  2124  2902 D ContentService: Collecting non-leaf observers @ #0 / mms-sms
11-06 10:24:02.866  2124  2902 D ContentService: Collecting leaf observers @ #1, node mms-sms
11-06 10:24:02.866  2124  2902 D ContentService: Reporting to android.database.ContentObserver$Transport@d450dd6: leaf=true flags=1 desc=false
11-06 10:24:02.867  2124  2153 D AppOps  : noteOperation: allowing code 14 uid 1001 package com.android.phone
11-06 10:24:02.867  2124  2153 D AppOps  : noteOperation: allowing code 14 uid 1000 package android
11-06 10:24:02.868  2124  2153 D AppOps  : noteOperation: allowing code 14 uid 1001 package com.android.phone
11-06 10:24:02.868  2124  2153 D AppOps  : noteOperation: allowing code 14 uid 1000 package android
11-06 10:24:02.877  2124  2153 D AppOps  : noteOperation: allowing code 14 uid 1001 package com.android.phone
11-06 10:24:02.877  2124  2153 D AppOps  : noteOperation: allowing code 14 uid 1000 package android
11-06 10:24:02.877  2124  2153 D AppOps  : noteOperation: allowing code 14 uid 1001 package com.android.phone
11-06 10:24:02.877  2124  2153 D AppOps  : noteOperation: allowing code 14 uid 1000 package android
11-06 10:24:02.884  2124  2902 D ContentService: Notifying update of [content://mms-sms/conversations/] for user -1, observer null, flags 1
11-06 10:24:02.884  2124  2902 D ContentService: Collecting non-leaf observers @ #0 / mms-sms
11-06 10:24:02.884  2124  2902 D ContentService: Collecting non-leaf observers @ #1 / conversations
11-06 10:24:02.884  2124  2902 D ContentService: Skipping android.database.ContentObserver$Transport@d450dd6: not monitor descendants
11-06 10:24:02.885  2434  2548 D GsmInboundSmsHandler: addTrackerToRawTable: URI of new row: content://sms/raw/1, id: 7556752344753519624
11-06 10:24:02.885  2124  2902 D PowerManagerService: acquireWakeLockInternal: lock=132907744, flags=0x1, tag="*telephony-radio*", ws=WorkSource{1001 com.android.phone}, uid=1001, pid=2434
11-06 10:24:02.885  2124  2902 D PowerManagerService: updateWakeLockSummaryLocked: mWakefulness=Awake, mWakeLockSummary=0x1
11-06 10:24:02.885  2124  2902 D PowerManagerService: updateUserActivitySummaryLocked: mWakefulness=Awake, mUserActivitySummary=0x1, nextTimeout=2147983460 (in 2065865825 ms)
11-06 10:24:02.885  2124  2902 D PowerManagerService: updateDisplayPowerStateLocked: mDisplayReady=true, policy=3, mWakefulness=1, mWakeLockSummary=0x1, mUserActivitySummary=0x1, mBootCompleted=true, screenBrightnessOverride=NaN, useAutoBrightness=false, mScreenBrightnessBoostInProgress=false, mIsVrModeEnabled= false, sQuiescent=false
11-06 10:24:02.887  2434  2548 D RILJ    : [4819]> SMS_ACKNOWLEDGE success = true cause = 0 [PHONE0]
11-06 10:24:02.888   388   388 D RIL     : onRequest: SMS_ACKNOWLEDGE
11-06 10:24:02.888   388   388 D RIL     : getSIMStatus()222. sState: 10
11-06 10:24:02.888   388   388 D AT      : AT> AT+CPIN?
11-06 10:24:02.888   388   453 D AT      : AT< +CPIN: READY
11-06 10:24:02.888   388   453 D AT      : AT< OK
11-06 10:24:02.888   388   388 D AT      : AT> AT+CNMA=1
11-06 10:24:02.888   388   453 D AT      : AT< OK
11-06 10:24:02.888   388   388 E RILC    : RIL_onRequestComplete: invalid RIL_Token
11-06 10:24:02.888  2434  2532 D RILJ    : [4819]< SMS_ACKNOWLEDGE  [PHONE0]
11-06 10:24:02.889  2434  2548 D GsmInboundSmsHandler: DeliveringState.processMessage: processing EVENT_NEW_SMS
11-06 10:24:02.889  2434  2548 D SubscriptionController: [getSubId]+ slotIndex=0
11-06 10:24:02.889  2434  2548 D SubscriptionController: [getSubId]- subIdArr=[I@7807fb0
11-06 10:24:02.889  2434  2548 D PhoneFactory: getPhone:- phoneId != DEFAULT_PHONE_ID return sPhones[phoneId] phoneId=0 phone=Handler (com.android.internal.telephony.GsmCdmaPhone) {f582709}
11-06 10:24:02.889  2434  2548 D SubscriptionController: [getSubId]+ slotIndex=0
11-06 10:24:02.889  2434  2548 D SubscriptionController: [getSubId]- subIdArr=[I@abe2e29
11-06 10:24:02.890  2434  2548 D GsmInboundSmsHandler: created tracker: SmsTracker{timestamp=Mon Nov 07 02:24:05 GMT+08:00 2022 destPort=-1 is3gpp2=false address=6505551212 timestamp=1667759045000 messageBody=dfadfasdfsadfafasdfasdfasdfasdfsadfasdfsadfsadfsadfasdfsadfsafsafasfdasfsadfsadfsdafsadfsaf display_originating_addr=6505551212 refNumber=3 seqNumber=2 msgCount=2 id=7556752344753519624}
11-06 10:24:02.890  2124  2902 D AppOps  : noteOperation: allowing code 14 uid 1001 package com.android.phone
11-06 10:24:02.894  2434  2548 D GsmInboundSmsHandler: addTrackerToRawTable: adding content values to raw table: display_originating_addr=6505551212 message_body=dfadfasdfsadfafasdfasdfasdfasdfsadfasdfsadfsadfsadfasdfsadfsafsafasfdasfsadfsadfsdafsadfsaf address=6505551212 sub_id=1 reference_number=3 pdu=00600A81565055212100002211600142502B62050003030202C8E630D91C9E93CDF330D91C3687E76473784E3687E76473784E36CFC36473784E36CFC364F33C4C36CFC36473784E36CFC364F33C6C9E87CDE1B9991C9E9BE761B2791E269BE7E4B0791E269BE76133 date=1667759045000 count=2 destination_port=196608 sequence=2, id: 7556752344753519624
11-06 10:24:02.892  2124  2902 D AppOps  : noteOperation: allowing code 14 uid 1001 package com.android.phone
11-06 10:24:02.899  2124  2902 D AppOps  : noteOperation: allowing code 15 uid 1001 package com.android.phone
11-06 10:24:02.902  2124  2902 D ContentService: Notifying update of [content://sms/raw/2] for user -1, observer null, flags 1
11-06 10:24:02.902  2124  2902 D ContentService: Collecting non-leaf observers @ #0 / sms
11-06 10:24:02.903  2124  2902 D ContentService: Notifying update of [content://mms-sms/] for user -1, observer null, flags 1
11-06 10:24:02.903  2124  2902 D ContentService: Collecting non-leaf observers @ #0 / mms-sms
11-06 10:24:02.904  2124  2902 D ContentService: Collecting leaf observers @ #1, node mms-sms
11-06 10:24:02.904  2124  2902 D ContentService: Reporting to android.database.ContentObserver$Transport@d450dd6: leaf=true flags=1 desc=false
11-06 10:24:02.905  2124  2153 D AppOps  : noteOperation: allowing code 14 uid 1001 package com.android.phone
11-06 10:24:02.905  2124  2153 D AppOps  : noteOperation: allowing code 14 uid 1000 package android
11-06 10:24:02.905  2124  2153 D AppOps  : noteOperation: allowing code 14 uid 1001 package com.android.phone
11-06 10:24:02.905  2124  2153 D AppOps  : noteOperation: allowing code 14 uid 1000 package android
11-06 10:24:02.913  2124  2153 D AppOps  : noteOperation: allowing code 14 uid 1001 package com.android.phone
11-06 10:24:02.913  2124  2153 D AppOps  : noteOperation: allowing code 14 uid 1000 package android
11-06 10:24:02.914  2124  2153 D AppOps  : noteOperation: allowing code 14 uid 1001 package com.android.phone
11-06 10:24:02.914  2124  2153 D AppOps  : noteOperation: allowing code 14 uid 1000 package android
11-06 10:24:02.917  2124  2902 D ContentService: Notifying update of [content://mms-sms/conversations/] for user -1, observer null, flags 1
11-06 10:24:02.918  2124  2902 D ContentService: Collecting non-leaf observers @ #0 / mms-sms
11-06 10:24:02.918  2124  2902 D ContentService: Collecting non-leaf observers @ #1 / conversations
11-06 10:24:02.918  2124  2902 D ContentService: Skipping android.database.ContentObserver$Transport@d450dd6: not monitor descendants
11-06 10:24:02.918  2434  2548 D GsmInboundSmsHandler: addTrackerToRawTable: URI of new row: content://sms/raw/2, id: 7556752344753519624
11-06 10:24:02.919  2124  2902 D PowerManagerService: acquireWakeLockInternal: lock=132907744, flags=0x1, tag="*telephony-radio*", ws=WorkSource{1001 com.android.phone}, uid=1001, pid=2434
11-06 10:24:02.919  2124  2902 D PowerManagerService: updateWakeLockSummaryLocked: mWakefulness=Awake, mWakeLockSummary=0x1
11-06 10:24:02.919  2124  2902 D PowerManagerService: updateUserActivitySummaryLocked: mWakefulness=Awake, mUserActivitySummary=0x1, nextTimeout=2147983460 (in 2065865791 ms)
11-06 10:24:02.919  2124  2902 D PowerManagerService: updateDisplayPowerStateLocked: mDisplayReady=true, policy=3, mWakefulness=1, mWakeLockSummary=0x1, mUserActivitySummary=0x1, mBootCompleted=true, screenBrightnessOverride=NaN, useAutoBrightness=false, mScreenBrightnessBoostInProgress=false, mIsVrModeEnabled= false, sQuiescent=false
11-06 10:24:02.920  2434  2548 D RILJ    : [4820]> SMS_ACKNOWLEDGE success = true cause = 0 [PHONE0]
11-06 10:24:02.920   388   388 D RIL     : onRequest: SMS_ACKNOWLEDGE
11-06 10:24:02.920   388   388 D RIL     : getSIMStatus()222. sState: 10
11-06 10:24:02.920   388   388 D AT      : AT> AT+CPIN?
11-06 10:24:02.920   388   453 D AT      : AT< +CPIN: READY
11-06 10:24:02.920   388   453 D AT      : AT< OK
11-06 10:24:02.920   388   388 D AT      : AT> AT+CNMA=1
11-06 10:24:02.921   388   453 D AT      : AT< OK
11-06 10:24:02.921   388   388 E RILC    : RIL_onRequestComplete: invalid RIL_Token
11-06 10:24:02.921  2434  2532 D RILJ    : [4820]< SMS_ACKNOWLEDGE  [PHONE0]
11-06 10:24:02.921  2434  2548 D GsmInboundSmsHandler: DeliveringState.processMessage: processing EVENT_BROADCAST_SMS
11-06 10:24:02.921  2124  2902 D AppOps  : noteOperation: allowing code 14 uid 1001 package com.android.phone
11-06 10:24:02.926  2124  2902 I am_uid_active: 10066
11-06 10:24:02.932  2434  2548 D PhoneFactory: getPhone:- phoneId != DEFAULT_PHONE_ID return sPhones[phoneId] phoneId=0 phone=Handler (com.android.internal.telephony.GsmCdmaPhone) {f582709}
11-06 10:24:02.934  2124  2153 D UsageStatsService: User[0] Got usage event for com.android.providers.blockednumber[82117676]: SYSTEM_INTERACTION
11-06 10:24:02.934  2124  2153 D UsageStatsService: User[0] Got usage event for com.android.providers.userdictionary[82117676]: SYSTEM_INTERACTION
11-06 10:24:02.934  2124  2153 D UsageStatsService: User[0] Got usage event for com.android.providers.contacts[82117676]: SYSTEM_INTERACTION
11-06 10:24:02.934  2434  2548 D SubscriptionController: [getSubId]+ slotIndex=0
11-06 10:24:02.934  2434  2548 D SubscriptionController: [getSubId]- subIdArr=[I@d05f16b
11-06 10:24:02.934  2434  2548 D PhoneFactory: getPhone:- phoneId != DEFAULT_PHONE_ID return sPhones[phoneId] phoneId=0 phone=Handler (com.android.internal.telephony.GsmCdmaPhone) {f582709}
11-06 10:24:02.935  2434  2548 D SubscriptionController: [getDefaultVoiceSubId] subId=1
11-06 10:24:02.935  2708  2724 D SubscriptionManager: getDefaultVoiceSubscriptionId, sub id = 1
11-06 10:24:02.936  2434  2548 D SubscriptionController: [getDefaultVoiceSubId] subId=1
11-06 10:24:02.936  2434  2548 D SubscriptionController: [getDefaultSubId] isVoiceCapable subId=1
11-06 10:24:02.936  2434  2548 D SubscriptionController: [isActiveSubId]- true
11-06 10:24:02.936  2434  2548 V SubscriptionController: [getDefaultSubId]- value = 1
11-06 10:24:02.936  2434  2548 D SubscriptionController: [getPhoneId] subId=1
11-06 10:24:02.936  2434  2548 D SubscriptionController: [getPhoneId]- found subId=1 phoneId=0
11-06 10:24:02.936  2434  2548 D PhoneFactory: getPhone:- phoneId != DEFAULT_PHONE_ID return sPhones[phoneId] phoneId=0 phone=Handler (com.android.internal.telephony.GsmCdmaPhone) {f582709}
11-06 10:24:02.936  2434  2548 D SubscriptionController: [getSubId]+ slotIndex=0
11-06 10:24:02.936  2434  2548 D SubscriptionController: [getSubId]- subIdArr=[I@ed894c8
11-06 10:24:02.936  2434  2548 D SubscriptionController: [getSlotIndex] subId=1
11-06 10:24:02.936  2434  2548 V SubscriptionController: [getSlotIndex]- return = 0
11-06 10:24:02.937  2434  2548 D EmergencyNumberTracker: slotId:0 country:us emergencyNumbers: 
11-06 10:24:02.937  2434  2548 D EmergencyNumberTracker: System property doesn't provide any emergency numbers. Use embedded logic for determining ones.
11-06 10:24:02.937  2434  2548 D SubscriptionController: [getDefaultVoiceSubId] subId=1
11-06 10:24:02.937  2708  2724 D SubscriptionManager: getDefaultVoiceSubscriptionId, sub id = 1
11-06 10:24:02.937  2434  2548 D SubscriptionController: [getDefaultVoiceSubId] subId=1
11-06 10:24:02.937  2434  2548 D SubscriptionController: [getDefaultSubId] isVoiceCapable subId=1
11-06 10:24:02.938  2434  2548 D SubscriptionController: [isActiveSubId]- true
11-06 10:24:02.938  2434  2548 V SubscriptionController: [getDefaultSubId]- value = 1
11-06 10:24:02.938  2434  2548 D SubscriptionController: [getPhoneId] subId=1
11-06 10:24:02.938  2434  2548 D SubscriptionController: [getPhoneId]- found subId=1 phoneId=0
11-06 10:24:02.938  2434  2548 D PhoneFactory: getPhone:- phoneId != DEFAULT_PHONE_ID return sPhones[phoneId] phoneId=0 phone=Handler (com.android.internal.telephony.GsmCdmaPhone) {f582709}
11-06 10:24:02.938  2434  2548 D SubscriptionController: [getSubId]+ slotIndex=0
11-06 10:24:02.938  2434  2548 D SubscriptionController: [getSubId]- subIdArr=[I@a3c7961
11-06 10:24:02.938  2434  2548 D SubscriptionController: [getSlotIndex] subId=1
11-06 10:24:02.938  2434  2548 V SubscriptionController: [getSlotIndex]- return = 0
11-06 10:24:02.938  2434  2548 D EmergencyNumberTracker: slotId:0 country:us emergencyNumbers: 
11-06 10:24:02.938  2434  2548 D EmergencyNumberTracker: System property doesn't provide any emergency numbers. Use embedded logic for determining ones.
11-06 10:24:02.938  2434  2548 D PhoneFactory: getPhone:- phoneId != DEFAULT_PHONE_ID return sPhones[phoneId] phoneId=0 phone=Handler (com.android.internal.telephony.GsmCdmaPhone) {f582709}
11-06 10:24:02.939  2434  2548 D SubscriptionController: [getSubId]+ slotIndex=0
11-06 10:24:02.939  2434  2548 D SubscriptionController: [getSubId]- subIdArr=[I@ac16c86
11-06 10:24:02.939  2434  2548 D PhoneFactory: getPhone:- phoneId != DEFAULT_PHONE_ID return sPhones[phoneId] phoneId=0 phone=Handler (com.android.internal.telephony.GsmCdmaPhone) {f582709}
11-06 10:24:02.941  2708  2724 I BlockedNumbers: isBlocked: SELECT original_number,e164_number FROM blocked WHERE original_number=?1 OR (?2 != '' AND e164_number=?2)
11-06 10:24:02.942  2708  2724 I BlockedNumbers: isBlocked: NOT BLOCKED; number=********12, e164=**********12
11-06 10:24:02.943  2434  2548 D TelecomFramework: BlockedNumberContract: shouldSystemBlockNumber: number=6505551212, caller=com.android.phone, result=not blocked
11-06 10:24:02.943  2434  2548 D BlockChecker: Blocked number lookup took: 18 ms.
11-06 10:24:02.945  2434  2548 D PhoneFactory: getPhone:- phoneId != DEFAULT_PHONE_ID return sPhones[phoneId] phoneId=0 phone=Handler (com.android.internal.telephony.GsmCdmaPhone) {f582709}
11-06 10:24:02.945  2434  2548 D SubscriptionController: [getSubId]+ slotIndex=0
11-06 10:24:02.945  2434  2548 D SubscriptionController: [getSubId]- subIdArr=[I@9103947
11-06 10:24:02.945  2434  2548 D PhoneFactory: getPhone:- phoneId != DEFAULT_PHONE_ID return sPhones[phoneId] phoneId=0 phone=Handler (com.android.internal.telephony.GsmCdmaPhone) {f582709}
11-06 10:24:02.946  2434  2548 D SubscriptionController: [getDefaultVoiceSubId] subId=1
11-06 10:24:02.946  2708  2724 D SubscriptionManager: getDefaultVoiceSubscriptionId, sub id = 1
11-06 10:24:02.946  2434  2548 D SubscriptionController: [getDefaultVoiceSubId] subId=1
11-06 10:24:02.946  2434  2548 D SubscriptionController: [getDefaultSubId] isVoiceCapable subId=1
11-06 10:24:02.946  2434  2548 D SubscriptionController: [isActiveSubId]- true
11-06 10:24:02.946  2434  2548 V SubscriptionController: [getDefaultSubId]- value = 1
11-06 10:24:02.946  2434  2548 D SubscriptionController: [getPhoneId] subId=1
11-06 10:24:02.946  2434  2548 D SubscriptionController: [getPhoneId]- found subId=1 phoneId=0
11-06 10:24:02.947  2434  2548 D PhoneFactory: getPhone:- phoneId != DEFAULT_PHONE_ID return sPhones[phoneId] phoneId=0 phone=Handler (com.android.internal.telephony.GsmCdmaPhone) {f582709}
11-06 10:24:02.947  2434  2548 D SubscriptionController: [getSubId]+ slotIndex=0
11-06 10:24:02.947  2434  2548 D SubscriptionController: [getSubId]- subIdArr=[I@1463574
11-06 10:24:02.947  2434  2548 D SubscriptionController: [getSlotIndex] subId=1
11-06 10:24:02.947  2434  2548 V SubscriptionController: [getSlotIndex]- return = 0
11-06 10:24:02.947  2434  2548 D EmergencyNumberTracker: slotId:0 country:us emergencyNumbers: 
11-06 10:24:02.947  2434  2548 D EmergencyNumberTracker: System property doesn't provide any emergency numbers. Use embedded logic for determining ones.
11-06 10:24:02.948  2434  2548 D SubscriptionController: [getDefaultVoiceSubId] subId=1
11-06 10:24:02.948  2708  2724 D SubscriptionManager: getDefaultVoiceSubscriptionId, sub id = 1
11-06 10:24:02.949  2434  2548 D SubscriptionController: [getDefaultVoiceSubId] subId=1
11-06 10:24:02.949  2434  2548 D SubscriptionController: [getDefaultSubId] isVoiceCapable subId=1
11-06 10:24:02.949  2434  2548 D SubscriptionController: [isActiveSubId]- true
11-06 10:24:02.949  2434  2548 V SubscriptionController: [getDefaultSubId]- value = 1
11-06 10:24:02.949  2434  2548 D SubscriptionController: [getPhoneId] subId=1
11-06 10:24:02.949  2434  2548 D SubscriptionController: [getPhoneId]- found subId=1 phoneId=0
11-06 10:24:02.949  2434  2548 D PhoneFactory: getPhone:- phoneId != DEFAULT_PHONE_ID return sPhones[phoneId] phoneId=0 phone=Handler (com.android.internal.telephony.GsmCdmaPhone) {f582709}
11-06 10:24:02.949  2434  2548 D SubscriptionController: [getSubId]+ slotIndex=0
11-06 10:24:02.949  2434  2548 D SubscriptionController: [getSubId]- subIdArr=[I@ae64a9d
11-06 10:24:02.949  2434  2548 D SubscriptionController: [getSlotIndex] subId=1
11-06 10:24:02.949  2434  2548 V SubscriptionController: [getSlotIndex]- return = 0
11-06 10:24:02.949  2434  2548 D EmergencyNumberTracker: slotId:0 country:us emergencyNumbers: 
11-06 10:24:02.949  2434  2548 D EmergencyNumberTracker: System property doesn't provide any emergency numbers. Use embedded logic for determining ones.
11-06 10:24:02.950  2434  2548 D PhoneFactory: getPhone:- phoneId != DEFAULT_PHONE_ID return sPhones[phoneId] phoneId=0 phone=Handler (com.android.internal.telephony.GsmCdmaPhone) {f582709}
11-06 10:24:02.950  2434  2548 D SubscriptionController: [getSubId]+ slotIndex=0
11-06 10:24:02.950  2434  2548 D SubscriptionController: [getSubId]- subIdArr=[I@137cb12
11-06 10:24:02.950  2434  2548 D PhoneFactory: getPhone:- phoneId != DEFAULT_PHONE_ID return sPhones[phoneId] phoneId=0 phone=Handler (com.android.internal.telephony.GsmCdmaPhone) {f582709}
11-06 10:24:02.952  2708  2724 I BlockedNumbers: isBlocked: SELECT original_number,e164_number FROM blocked WHERE original_number=?1 OR (?2 != '' AND e164_number=?2)
11-06 10:24:02.953  2708  2724 I BlockedNumbers: isBlocked: NOT BLOCKED; number=********12, e164=**********12
11-06 10:24:02.957  2434  2548 D BlockChecker: Blocked number lookup took: 13 ms.
11-06 10:24:02.957  2434  2548 D GsmInboundSmsHandler: processMessagePart: all 2 segments  received. refNumber: 3, id: 7556752344753519624
11-06 10:24:02.958  2434  2548 V TelephonyMetrics: Logged SMS session consisting of 2 parts, over IMS = false blocked = false type = 0 messageId = 7556752344753519624
11-06 10:24:02.959  2434  2548 V GsmInboundSmsHandler::CarrierServicesSmsFilter: getCarrierAppPackageForFiltering: Unable to find carrierPackages: [] or systemPackages: [], id: 7556752344753519624
11-06 10:24:02.959  2434  2548 D SubscriptionController: [getSubId]+ slotIndex=0
11-06 10:24:02.959  2434  2548 D SubscriptionController: [getSubId]- subIdArr=[I@68d22e3
11-06 10:24:02.960  2434  2548 V CarrierSmsUtils: No CarrierImsPackage override found
11-06 10:24:02.957  2434  2548 D TelecomFramework: BlockedNumberContract: shouldSystemBlockNumber: number=6505551212, caller=com.android.phone, result=not blocked
11-06 10:24:02.961  2124  2205 D Telecom : Logging: START_SESSION
11-06 10:24:02.961  2124  2205 V Telecom : Logging: END_SUBSESSION (dur: 0 mS): TSI.gDDP@AIM
11-06 10:24:02.961  2124  2205 D Telecom : Logging: END_SESSION (dur: 0 ms): TSI.gDDP@AIM
11-06 10:24:02.962  2124  2205 D Telecom : Logging: START_SESSION
11-06 10:24:02.962  2124  2205 V Telecom : Logging: END_SUBSESSION (dur: 0 mS): TSI.gDDP@AIQ
11-06 10:24:02.962  2124  2205 D Telecom : Logging: END_SESSION (dur: 0 ms): TSI.gDDP@AIQ
11-06 10:24:02.964  2124  2205 D Telecom : Logging: START_SESSION
11-06 10:24:02.964  2124  2205 V Telecom : Logging: END_SUBSESSION (dur: 0 mS): TSI.gSDP@AIU
11-06 10:24:02.964  2124  2205 D Telecom : Logging: END_SESSION (dur: 0 ms): TSI.gSDP@AIU
11-06 10:24:02.965  2434  2548 D PhoneFactory: getPhone:- phoneId != DEFAULT_PHONE_ID return sPhones[phoneId] phoneId=0 phone=Handler (com.android.internal.telephony.GsmCdmaPhone) {f582709}
11-06 10:24:02.965  2434  2548 V SmsMessage: SMS originating address: 6505551212
11-06 10:24:02.965  2434  2548 V SmsMessage: SMS TP-PID:0 data coding scheme: 0
11-06 10:24:02.965  2434  2548 D SmsMessage: SMS SC timestamp: 1667759045000
11-06 10:24:02.965  2434  2548 V SmsMessage: SMS message body (raw): '22111111111111111111111111111111111111111111111111111111111111111111111111111111111111111111111111111111111111111111Android is always a sweet treat!dsafas'
11-06 10:24:02.965  2434  2548 V SmsMessage: SMS originating address: 6505551212
11-06 10:24:02.965  2434  2548 V SmsMessage: SMS TP-PID:0 data coding scheme: 0
11-06 10:24:02.966  2434  2548 D SmsMessage: SMS SC timestamp: 1667759045000
11-06 10:24:02.966  2434  2548 V SmsMessage: SMS message body (raw): 'dfadfasdfsadfafasdfasdfasdfasdfsadfasdfsadfsadfsadfasdfsadfsafsafasfdasfsadfsadfsdafsadfsaf'
11-06 10:24:02.966  2434  2548 D SubscriptionController: [getSubId]+ slotIndex=0
11-06 10:24:02.966  2434  2548 D SubscriptionController: [getSubId]- subIdArr=[I@94b34e0
11-06 10:24:02.974  2434  2548 D CellBroadcastUtils: getDefaultCellBroadcastReceiverPackageName: found package: com.android.cellbroadcastreceiver.module
11-06 10:24:02.974  2124  2205 I AppOps  : uid 1001 OP_READ_SMS := allow by uid 1001
11-06 10:24:02.975  2124  2141 V PermissionPolicyService: synchronizePackagePermissionsAndAppOpsForUser(com.android.providers.telephony, 0)
11-06 10:24:02.981  2124  2141 V PermissionPolicyService: synchronizePackagePermissionsAndAppOpsForUser(com.android.mms.service, 0)
11-06 10:24:02.983  2124  2141 V PermissionPolicyService: synchronizePackagePermissionsAndAppOpsForUser(com.android.ons, 0)
11-06 10:24:02.984  2124  2205 I AppOps  : uid 1001 OP_WRITE_SMS := allow by uid 1001
11-06 10:24:02.986  2124  2205 I AppOps  : uid 1001 OP_RECEIVE_SMS := allow by uid 1001
11-06 10:24:02.987  2124  2154 V PermissionPolicyService: sync for com.android.stk/0 already scheduled
11-06 10:24:02.987  2124  2154 V PermissionPolicyService: sync for com.android.service.ims/0 already scheduled
11-06 10:24:02.987  2124  2154 V PermissionPolicyService: sync for com.android.service.ims.presence/0 already scheduled
11-06 10:24:02.987  2124  2154 V PermissionPolicyService: sync for com.android.phone/0 already scheduled
11-06 10:24:02.987  2124  2205 I AppOps  : uid 1001 OP_RECEIVE_WAP_PUSH := allow by uid 1001
11-06 10:24:02.988  2124  2154 V PermissionPolicyService: sync for com.android.providers.telephony/0 already scheduled
11-06 10:24:02.988  2124  2154 V PermissionPolicyService: sync for com.android.mms.service/0 already scheduled
11-06 10:24:02.988  2124  2154 V PermissionPolicyService: sync for com.android.ons/0 already scheduled
11-06 10:24:02.988  2124  2154 V PermissionPolicyService: sync for com.android.stk/0 already scheduled
11-06 10:24:02.988  2124  2154 V PermissionPolicyService: sync for com.android.service.ims/0 already scheduled
11-06 10:24:02.988  2124  2154 V PermissionPolicyService: sync for com.android.service.ims.presence/0 already scheduled
11-06 10:24:02.988  2124  2154 V PermissionPolicyService: sync for com.android.phone/0 already scheduled
11-06 10:24:02.988  2124  2205 I AppOps  : uid 1001 OP_SEND_SMS := allow by uid 1001
11-06 10:24:02.988  2124  2154 V PermissionPolicyService: sync for com.android.providers.telephony/0 already scheduled
11-06 10:24:02.988  2124  2154 V PermissionPolicyService: sync for com.android.mms.service/0 already scheduled
11-06 10:24:02.988  2124  2154 V PermissionPolicyService: sync for com.android.ons/0 already scheduled
11-06 10:24:02.988  2124  2154 V PermissionPolicyService: sync for com.android.stk/0 already scheduled
11-06 10:24:02.988  2124  2154 V PermissionPolicyService: sync for com.android.service.ims/0 already scheduled
11-06 10:24:02.989  2124  2154 V PermissionPolicyService: sync for com.android.service.ims.presence/0 already scheduled
11-06 10:24:02.989  2124  2154 V PermissionPolicyService: sync for com.android.phone/0 already scheduled
11-06 10:24:02.989  2124  2205 I AppOps  : uid 1001 OP_READ_CELL_BROADCASTS := allow by uid 1001
11-06 10:24:02.989  2124  2154 V PermissionPolicyService: sync for com.android.providers.telephony/0 already scheduled
11-06 10:24:02.989  2124  2154 V PermissionPolicyService: sync for com.android.mms.service/0 already scheduled
11-06 10:24:02.989  2124  2154 V PermissionPolicyService: sync for com.android.ons/0 already scheduled
11-06 10:24:02.989  2124  2154 V PermissionPolicyService: sync for com.android.stk/0 already scheduled
11-06 10:24:02.989  2124  2154 V PermissionPolicyService: sync for com.android.service.ims/0 already scheduled
11-06 10:24:02.989  2124  2154 V PermissionPolicyService: sync for com.android.service.ims.presence/0 already scheduled
11-06 10:24:02.989  2124  2154 V PermissionPolicyService: sync for com.android.phone/0 already scheduled
11-06 10:24:02.989  2434  2548 D GsmInboundSmsHandler: Delivering SMS to: com.android.messaging com.android.messaging.receiver.SmsDeliverReceiver, id: 7556752344753519624
11-06 10:24:02.990  2434  2548 V Telephony:  getMessagesFromIntent sub_id : 1
11-06 10:24:02.990  2434  2548 V SmsMessage: SMS originating address: 6505551212
11-06 10:24:02.990  2434  2548 V SmsMessage: SMS TP-PID:0 data coding scheme: 0
11-06 10:24:02.990  2434  2548 D SmsMessage: SMS SC timestamp: 1667759045000
11-06 10:24:02.990  2434  2548 V SmsMessage: SMS message body (raw): '22111111111111111111111111111111111111111111111111111111111111111111111111111111111111111111111111111111111111111111Android is always a sweet treat!dsafas'
11-06 10:24:02.990  2434  2548 V SmsMessage: SMS originating address: 6505551212
11-06 10:24:02.990  2434  2548 V SmsMessage: SMS TP-PID:0 data coding scheme: 0
11-06 10:24:02.990  2434  2548 D SmsMessage: SMS SC timestamp: 1667759045000
11-06 10:24:02.990  2434  2548 V SmsMessage: SMS message body (raw): 'dfadfasdfsadfafasdfasdfasdfasdfsadfasdfsadfsadfsadfasdfsadfsafsafasfdasfsadfsadfsdafsadfsaf'
11-06 10:24:02.991  2124  2205 I am_uid_active: 10109
11-06 10:24:02.993  2434  2548 D SubscriptionController: [getSubId]+ slotIndex=0
11-06 10:24:02.993  2434  2548 D SubscriptionController: [getSubId]- subIdArr=[I@461f399
11-06 10:24:02.993  2434  2548 D SubscriptionManager: putPhoneIdAndSubIdExtra: phoneId=0 subId=1
11-06 10:24:02.994  2124  2154 D AppOps  : noteOperation: allowing code 16 uid 10109 package com.android.messaging
11-06 10:24:02.994  2124  2154 D AppOps  : noteOperation: allowing code 63 uid 10109 package com.android.messaging
11-06 10:24:02.996  3140  3140 V Telephony:  getMessagesFromIntent sub_id : 1
11-06 10:24:02.997  3140  3140 V SmsMessage: SMS originating address: 6505551212
11-06 10:24:02.997  3140  3140 V SmsMessage: SMS TP-PID:0 data coding scheme: 0
11-06 10:24:02.997  3140  3140 D SmsMessage: SMS SC timestamp: 1667759045000
11-06 10:24:02.997  3140  3140 V SmsMessage: SMS message body (raw): '22111111111111111111111111111111111111111111111111111111111111111111111111111111111111111111111111111111111111111111Android is always a sweet treat!dsafas'
11-06 10:24:02.997  3140  3140 V SmsMessage: SMS originating address: 6505551212
11-06 10:24:02.997  3140  3140 V SmsMessage: SMS TP-PID:0 data coding scheme: 0
11-06 10:24:02.997  3140  3140 D SmsMessage: SMS SC timestamp: 1667759045000
11-06 10:24:02.997  3140  3140 V SmsMessage: SMS message body (raw): 'dfadfasdfsadfafasdfasdfasdfasdfsadfasdfsadfsadfsadfasdfsadfsafsafasfdasfsadfsadfsdafsadfsaf'
11-06 10:24:02.998  2434  2629 D SubscriptionController: [getDefaultSmsSubId] subId=1
11-06 10:24:02.998  3140  3140 V MessagingApp: SmsReceiver.deliverSmsMessages
11-06 10:24:03.004  2124  2205 D SubscriptionManager: [getActiveSubscriptionInfo]+ subId=1
11-06 10:24:03.005  2434  2629 D SubscriptionController: [getActiveSubscriptionInfo]+ subId=1 subInfo={id=1 iccId=89014103211118510720 simSlotIndex=0 carrierId=1 displayName=T-Mobile carrierName=Android nameSource=3 iconTint=-16746133 number=+15555215554 dataRoaming=0 iconBitmap=android.graphics.Bitmap@305d7b4 mcc=310 mnc=260 countryIso=us isEmbedded=false nativeAccessRules=null cardString=89014103211118510720 cardId=-1 isOpportunistic=false groupUUID=null isGroupDisabled=false profileClass=-1 ehplmns=null hplmns=null subscriptionType=0 groupOwner=null carrierConfigAccessRules=null areUiccApplicationsEnabled=true}
11-06 10:24:03.006  2124  2205 W CellSignalStrengthCdma: writeToParcel(Parcel, int): CellSignalStrengthCdma: cdmaDbm=2147483647 cdmaEcio=2147483647 evdoDbm=2147483647 evdoEcio=2147483647 evdoSnr=2147483647 level=0
11-06 10:24:03.006  2124  2205 W CellSignalStrengthGsm: writeToParcel(Parcel, int): CellSignalStrengthGsm: rssi=2147483647 ber=2147483647 mTa=2147483647 mLevel=0
11-06 10:24:03.006  2124  2205 W CellSignalStrengthWcdma: writeToParcel(Parcel, int): CellSignalStrengthWcdma: ss=2147483647 ber=2147483647 rscp=2147483647 ecno=2147483647 level=0
11-06 10:24:03.006  2124  2205 W CellSignalStrengthTdscdma: writeToParcel(Parcel, int): CellSignalStrengthTdscdma: rssi=2147483647 ber=2147483647 rscp=2147483647 level=0
11-06 10:24:03.006  2124  2205 W CellSignalStrengthLte: writeToParcel(Parcel, int): CellSignalStrengthLte: rssi=2147483647 rsrp=-80 rsrq=-20 rssnr=20 cqi=15 ta=50 level=4 parametersUseForLevel=0
11-06 10:24:03.007  3140  3326 W SignalStrength: Size of signalstrength parcel:784
11-06 10:24:03.007  3140  3326 W CellSignalStrengthCdma: CellSignalStrengthCdma(Parcel): CellSignalStrengthCdma: cdmaDbm=2147483647 cdmaEcio=2147483647 evdoDbm=2147483647 evdoEcio=2147483647 evdoSnr=2147483647 level=0
11-06 10:24:03.007  3140  3326 W CellSignalStrengthGsm: CellSignalStrengthGsm(Parcel): CellSignalStrengthGsm: rssi=2147483647 ber=2147483647 mTa=2147483647 mLevel=0
11-06 10:24:03.007  3140  3326 W CellSignalStrengthWcdma: CellSignalStrengthWcdma(Parcel): CellSignalStrengthWcdma: ss=2147483647 ber=2147483647 rscp=2147483647 ecno=2147483647 level=0
11-06 10:24:03.007  3140  3326 W CellSignalStrengthTdscdma: CellSignalStrengthTdscdma(Parcel): CellSignalStrengthTdscdma: rssi=2147483647 ber=2147483647 rscp=2147483647 level=0
11-06 10:24:03.007  3140  3326 W CellSignalStrengthLte: CellSignalStrengthLte(Parcel): CellSignalStrengthLte: rssi=2147483647 rsrp=-80 rsrq=-20 rssnr=20 cqi=15 ta=50 level=4 parametersUseForLevel=0
11-06 10:24:03.007  2124  2124 D PowerManagerService: acquireWakeLockInternal: lock=64290197, flags=0x1, tag="*job*/com.android.messaging/.datamodel.action.ActionServiceImpl", ws=WorkSource{10109}, uid=1000, pid=2124
11-06 10:24:03.008  2124  2124 D PowerManagerService: updateWakeLockSummaryLocked: mWakefulness=Awake, mWakeLockSummary=0x1
11-06 10:24:03.008  2124  2124 D PowerManagerService: updateUserActivitySummaryLocked: mWakefulness=Awake, mUserActivitySummary=0x1, nextTimeout=2147983460 (in 2065865703 ms)
11-06 10:24:03.008  2124  2124 D PowerManagerService: updateDisplayPowerStateLocked: mDisplayReady=true, policy=3, mWakefulness=1, mWakeLockSummary=0x1, mUserActivitySummary=0x1, mBootCompleted=true, screenBrightnessOverride=NaN, useAutoBrightness=false, mScreenBrightnessBoostInProgress=false, mIsVrModeEnabled= false, sQuiescent=false
11-06 10:24:03.010  3140  3184 D SubscriptionManager: [getActiveSubscriptionInfo]+ subId=1
11-06 10:24:03.011  2124  2902 D AppOps  : noteOperation: allowing code 51 uid 10109 package com.android.messaging
11-06 10:24:03.013  2434  2548 D GsmInboundSmsHandler: WaitingState.enter: entering WaitingState
11-06 10:24:03.013  2434  2548 D GsmInboundSmsHandler: WaitingState.processMessage: processing EVENT_RETURN_TO_IDLE
11-06 10:24:03.013  2434  2548 D GsmInboundSmsHandler: WaitingState.processMessage: processing EVENT_BROADCAST_SMS
11-06 10:24:03.013  2434  2548 D GsmInboundSmsHandler: WaitingState.processMessage: processing EVENT_RETURN_TO_IDLE
11-06 10:24:03.016  2434  2548 D SubscriptionController: [getSubId]+ slotIndex=0
11-06 10:24:03.016  2434  2548 D SubscriptionController: [getSubId]- subIdArr=[I@1aa0b5b
11-06 10:24:03.016  2434  2548 D SubscriptionManager: putPhoneIdAndSubIdExtra: phoneId=0 subId=1
11-06 10:24:03.018  2124  2205 W PackageManager: !PackageManagerInternal.isEnabledAndMatches; mFlags=DEBUG_TRIAGED_MISSING|DIRECT_BOOT_AWARE|DIRECT_BOOT_UNAWARE|400; match: ADJUSTMENT_NORMAL|CATEGORY_EMPTY; userId: 0; intent info: ProviderIntentInfo{35b1da3}
11-06 10:24:03.018  2124  2205 W PackageManager: !PackageManagerInternal.isEnabledAndMatches; mFlags=DEBUG_TRIAGED_MISSING|DIRECT_BOOT_AWARE|DIRECT_BOOT_UNAWARE|400; match: ADJUSTMENT_NORMAL|CATEGORY_EMPTY; userId: 0; intent info: ProviderIntentInfo{f397ecc}
11-06 10:24:03.019  2434  2548 D GsmInboundSmsHandler: WaitingState.processMessage: processing EVENT_UPDATE_TRACKER
11-06 10:24:03.019  2434  2548 D GsmInboundSmsHandler: successful broadcast, deleting from raw table.
11-06 10:24:03.020  2124  2205 D AppOps  : noteOperation: allowing code 15 uid 1001 package com.android.phone
11-06 10:24:03.021  2124  2141 V PermissionPolicyService: synchronizePackagePermissionsAndAppOpsForUser(com.android.stk, 0)
11-06 10:24:03.023  2124  2141 V PermissionPolicyService: synchronizePackagePermissionsAndAppOpsForUser(com.android.service.ims, 0)
11-06 10:24:03.027  2124  2205 D ContentService: Notifying update of [content://sms/raw] for user -1, observer null, flags 1
11-06 10:24:03.027  2124  2205 D ContentService: Collecting non-leaf observers @ #0 / sms
11-06 10:24:03.028  2124  2205 D ContentService: Notifying update of [content://mms-sms/] for user -1, observer null, flags 1
11-06 10:24:03.029  2124  2205 D ContentService: Collecting non-leaf observers @ #0 / mms-sms
11-06 10:24:03.029  2124  2205 D ContentService: Collecting leaf observers @ #1, node mms-sms
11-06 10:24:03.029  2124  2205 D ContentService: Reporting to android.database.ContentObserver$Transport@d450dd6: leaf=true flags=1 desc=false
11-06 10:24:03.030  2124  2153 D AppOps  : noteOperation: allowing code 14 uid 1001 package com.android.phone
11-06 10:24:03.030  2124  2153 D AppOps  : noteOperation: allowing code 14 uid 1000 package android
11-06 10:24:03.030  2124  2153 D AppOps  : noteOperation: allowing code 14 uid 1001 package com.android.phone
11-06 10:24:03.030  2124  2153 D AppOps  : noteOperation: allowing code 14 uid 1000 package android
11-06 10:24:03.035  2124  2205 D ContentService: Notifying update of [content://mms-sms/conversations/] for user -1, observer null, flags 1
11-06 10:24:03.035  2124  2205 D ContentService: Collecting non-leaf observers @ #0 / mms-sms
11-06 10:24:03.035  2124  2205 D ContentService: Collecting non-leaf observers @ #1 / conversations
11-06 10:24:03.035  2124  2205 D ContentService: Skipping android.database.ContentObserver$Transport@d450dd6: not monitor descendants
11-06 10:24:03.036  2434  2548 D GsmInboundSmsHandler: Deleted 2 rows from raw table.
11-06 10:24:03.036  2434  2548 D GsmInboundSmsHandler: ordered broadcast completed in: 78 ms
11-06 10:24:03.036  2434  2548 D GsmInboundSmsHandler: WaitingState.processMessage: processing EVENT_BROADCAST_COMPLETE
11-06 10:24:03.036  2434  2548 D GsmInboundSmsHandler: WaitingState.exit: leaving WaitingState:1000
11-06 10:24:03.036  2434  2548 E InboundSmsHandler: setWakeLockTimeout: 
11-06 10:24:03.036  2434  2548 E InboundSmsHandler: java.lang.Throwable: 1000:1000
11-06 10:24:03.036  2434  2548 E InboundSmsHandler: 	at com.android.internal.telephony.InboundSmsHandler.setWakeLockTimeout(InboundSmsHandler.java:1975)
11-06 10:24:03.036  2434  2548 E InboundSmsHandler: 	at com.android.internal.telephony.InboundSmsHandler.access$500(InboundSmsHandler.java:113)
11-06 10:24:03.036  2434  2548 E InboundSmsHandler: 	at com.android.internal.telephony.InboundSmsHandler$WaitingState.exit(InboundSmsHandler.java:595)
11-06 10:24:03.036  2434  2548 E InboundSmsHandler: 	at com.android.internal.telephony.StateMachine$SmHandler.invokeExitMethods(StateMachine.java:1021)
11-06 10:24:03.036  2434  2548 E InboundSmsHandler: 	at com.android.internal.telephony.StateMachine$SmHandler.performTransitions(StateMachine.java:877)
11-06 10:24:03.036  2434  2548 E InboundSmsHandler: 	at com.android.internal.telephony.StateMachine$SmHandler.handleMessage(StateMachine.java:819)
11-06 10:24:03.036  2434  2548 E InboundSmsHandler: 	at android.os.Handler.dispatchMessage(Handler.java:106)
11-06 10:24:03.036  2434  2548 E InboundSmsHandler: 	at android.os.Looper.loop(Looper.java:223)
11-06 10:24:03.036  2434  2548 E InboundSmsHandler: 	at android.os.HandlerThread.run(HandlerThread.java:67)
11-06 10:24:03.036  2434  2434 D SmsDispatchersController: reevaluateTimerStatus: currentTime: 1667701443036 mCurrentWaitElapsedDuration: 81610850
11-06 10:24:03.036  2434  2434 D SmsDispatchersController: handleInService: timer expiry in 4789150ms
11-06 10:24:03.036  2434  2548 D GsmInboundSmsHandler: DeliveringState.exit: leaving DeliveringState
11-06 10:24:03.036  2434  2548 D GsmInboundSmsHandler: DeliveringState.enter: entering DeliveringState
11-06 10:24:03.037  2434  2548 D GsmInboundSmsHandler: DeliveringState.processMessage: processing EVENT_BROADCAST_SMS
11-06 10:24:03.037  2124  2205 D AppOps  : noteOperation: allowing code 14 uid 1001 package com.android.phone
11-06 10:24:03.040  2434  2548 D GsmInboundSmsHandler: processMessagePart: returning false. Only 0 of 2 segments  have arrived. refNumber: 3, id: 7556752344753519624
11-06 10:24:03.041  2434  2548 D GsmInboundSmsHandler: DeliveringState.processMessage: EVENT_BROADCAST_SMS: No broadcast sent. Return to IdleState
11-06 10:24:03.041  2434  2548 D GsmInboundSmsHandler: DeliveringState.processMessage: processing EVENT_RETURN_TO_IDLE
11-06 10:24:03.041  2434  2548 D GsmInboundSmsHandler: DeliveringState.exit: leaving DeliveringState
11-06 10:24:03.041  2434  2548 D GsmInboundSmsHandler: IdleState.enter: entering IdleState
11-06 10:24:03.041  2434  2548 D GsmInboundSmsHandler: IdleState.processMessage: processing EVENT_RETURN_TO_IDLE
11-06 10:24:03.043  2124  2141 V PermissionPolicyService: synchronizePackagePermissionsAndAppOpsForUser(com.android.service.ims.presence, 0)
11-06 10:24:03.051  2434  2629 D SubscriptionController: [getActiveSubscriptionInfo]+ subId=1 subInfo={id=1 iccId=89014103211118510720 simSlotIndex=0 carrierId=1 displayName=T-Mobile carrierName=Android nameSource=3 iconTint=-16746133 number=+15555215554 dataRoaming=0 iconBitmap=android.graphics.Bitmap@305d7b4 mcc=310 mnc=260 countryIso=us isEmbedded=false nativeAccessRules=null cardString=89014103211118510720 cardId=-1 isOpportunistic=false groupUUID=null isGroupDisabled=false profileClass=-1 ehplmns=null hplmns=null subscriptionType=0 groupOwner=null carrierConfigAccessRules=null areUiccApplicationsEnabled=true}
11-06 10:24:03.059  2124  2153 D AppOps  : noteOperation: allowing code 14 uid 1001 package com.android.phone
11-06 10:24:03.059  2124  2153 D AppOps  : noteOperation: allowing code 14 uid 1000 package android
11-06 10:24:03.059  2124  2153 D AppOps  : noteOperation: allowing code 14 uid 1001 package com.android.phone
11-06 10:24:03.059  2124  2153 D AppOps  : noteOperation: allowing code 14 uid 1000 package android
11-06 10:24:03.068  2434  2629 I service_manager_slow: [15,phone]
11-06 10:24:03.071  2124  2141 V PermissionPolicyService: synchronizePackagePermissionsAndAppOpsForUser(com.android.phone, 0)
11-06 10:24:03.076  2434  2629 D SubscriptionController: [getPhoneId] subId=1
11-06 10:24:03.076  2434  2629 D SubscriptionController: [getPhoneId]- found subId=1 phoneId=0
11-06 10:24:03.077  2434  2629 D PhoneFactory: getPhone:- phoneId != DEFAULT_PHONE_ID return sPhones[phoneId] phoneId=0 phone=Handler (com.android.internal.telephony.GsmCdmaPhone) {f582709}
11-06 10:24:03.080  2124  2141 V PermissionPolicyService: synchronizePackagePermissionsAndAppOpsForUser(com.android.providers.telephony, 0)
11-06 10:24:03.091  2124  2141 V PermissionPolicyService: synchronizePackagePermissionsAndAppOpsForUser(com.android.mms.service, 0)
11-06 10:24:03.093  2434  2629 D SubscriptionController: [getSubId]+ slotIndex=0
11-06 10:24:03.093  2434  2629 D SubscriptionController: [getSubId]- subIdArr=[I@7859610
11-06 10:24:03.097  2124  2141 V PermissionPolicyService: synchronizePackagePermissionsAndAppOpsForUser(com.android.ons, 0)
11-06 10:24:03.099  2124  2205 D AppOps  : noteOperation: allowing code 89 uid 10109 package com.android.messaging
11-06 10:24:03.108  2124  2205 D AppOps  : noteOperation: allowing code 51 uid 10109 package com.android.messaging
11-06 10:24:03.109  2434  2672 D SubscriptionController: [getDefaultSmsSubId] subId=1
11-06 10:24:03.114  2124  2134 I system_server: Background young concurrent copying GC freed 183432(8697KB) AllocSpace objects, 32(1664KB) LOS objects, 46% free, 11MB/20MB, paused 9.348ms total 79.696ms
11-06 10:24:03.117  2124  2205 D AppOps  : noteOperation: allowing code 14 uid 1001 package com.android.phone
11-06 10:24:03.117  2124  2205 D AppOps  : noteOperation: allowing code 14 uid 10109 package com.android.messaging
11-06 10:24:03.118  2124  2205 D AppOps  : noteOperation: allowing code 14 uid 1001 package com.android.phone
11-06 10:24:03.118  2124  2205 D AppOps  : noteOperation: allowing code 14 uid 10109 package com.android.messaging
11-06 10:24:03.133  2124  2205 D AppOps  : noteOperation: allowing code 15 uid 1001 package com.android.phone
11-06 10:24:03.133  2124  2205 D AppOps  : noteOperation: allowing code 15 uid 10109 package com.android.messaging
11-06 10:24:03.136  2124  2205 D AppOps  : noteOperation: allowing code 4 uid 10066 package com.android.providers.blockednumber
11-06 10:24:03.136  2124  2205 D AppOps  : noteOperation: allowing code 4 uid 1001 package com.android.phone
11-06 10:24:03.137  2124  2205 D AppOps  : noteOperation: allowing code 4 uid 10066 package com.android.providers.blockednumber
11-06 10:24:03.137  2124  2205 D AppOps  : noteOperation: allowing code 4 uid 1001 package com.android.phone
11-06 10:24:03.151  2124  2205 D ContentService: Notifying update of [content://sms/13] for user -1, observer null, flags 1
11-06 10:24:03.152  2124  2205 D ContentService: Collecting non-leaf observers @ #0 / sms
11-06 10:24:03.154  2124  2205 D ContentService: Notifying update of [content://mms-sms/] for user -1, observer null, flags 1
11-06 10:24:03.154  2124  2205 D ContentService: Collecting non-leaf observers @ #0 / mms-sms
11-06 10:24:03.154  2124  2205 D ContentService: Collecting leaf observers @ #1, node mms-sms
11-06 10:24:03.154  2124  2205 D ContentService: Reporting to android.database.ContentObserver$Transport@d450dd6: leaf=true flags=1 desc=false
11-06 10:24:03.156  2124  2153 D AppOps  : noteOperation: allowing code 14 uid 1001 package com.android.phone
11-06 10:24:03.156  2124  2153 D AppOps  : noteOperation: allowing code 14 uid 1000 package android
11-06 10:24:03.157  2124  2153 D AppOps  : noteOperation: allowing code 14 uid 1001 package com.android.phone
11-06 10:24:03.157  2124  2153 D AppOps  : noteOperation: allowing code 14 uid 1000 package android
11-06 10:24:03.161  2124  2153 D AppOps  : noteOperation: allowing code 14 uid 1001 package com.android.phone
11-06 10:24:03.161  2124  2153 D AppOps  : noteOperation: allowing code 14 uid 1000 package android
11-06 10:24:03.162  2124  2153 D AppOps  : noteOperation: allowing code 14 uid 1001 package com.android.phone
11-06 10:24:03.162  2124  2153 D AppOps  : noteOperation: allowing code 14 uid 1000 package android
11-06 10:24:03.165  2124  2205 D ContentService: Notifying update of [content://mms-sms/conversations/] for user -1, observer null, flags 1
11-06 10:24:03.166  2124  2205 D ContentService: Collecting non-leaf observers @ #0 / mms-sms
11-06 10:24:03.166  2124  2205 D ContentService: Collecting non-leaf observers @ #1 / conversations
11-06 10:24:03.166  2124  2205 D ContentService: Skipping android.database.ContentObserver$Transport@d450dd6: not monitor descendants
11-06 10:24:03.173  2434  4955 D SubscriptionController: [getDefaultSmsSubId] subId=1
11-06 10:24:03.177  3140  3184 I MessagingAppDataModel: ReceiveSmsMessageAction: Received SMS message 13 in conversation 3, uri = content://sms/13
11-06 10:24:03.177  3140  3184 I MessagingAppDataModel: ProcessPendingMessagesAction: Scheduling pending messages
11-06 10:24:03.184  2124  2205 D AppOps  : noteOperation: allowing code 51 uid 10109 package com.android.messaging
11-06 10:24:03.185  2124  2205 D AppOps  : noteOperation: allowing code 89 uid 10109 package com.android.messaging
11-06 10:24:03.186  2124  2205 D AppOps  : noteOperation: allowing code 51 uid 10109 package com.android.messaging
11-06 10:24:03.179  2434  4955 I chatty  : uid=1001(radio) Binder:2434_10 identical 2 lines
11-06 10:24:03.183  2434  4955 D SubscriptionController: [getDefaultSmsSubId] subId=1
11-06 10:24:03.189  2434  2670 D SubscriptionController: [getDefaultSmsSubId] subId=1
11-06 10:24:03.201  2434  4955 D SubscriptionController: [getDefaultSmsSubId] subId=1
11-06 10:24:03.206  2124  2205 D AppOps  : noteOperation: reject #3 for code 43 (43) uid 1000 package android
11-06 10:24:03.207  2124  2124 I notification_enqueue: [10109,3140,com.android.messaging,0,com.android.messaging:sms:,0,Notification(channel=null shortcut=null contentView=null vibrate=default sound=content://settings/system/notification_sound tick defaults=0x6 flags=0x11 color=0xff689f38 category=msg vis=PRIVATE),1]
11-06 10:24:03.211  2478  3338 D androidtc: Initializing SystemTextClassifier, type = System
11-06 10:24:03.215  3140  3184 I MessagingAppNotif: Notifying for conversation 3; tag = com.android.messaging:sms:, type = 0
11-06 10:24:03.223  2478  4956 I txtClsf : actions-suggestions.cc:1301: Not enough locale matches.
11-06 10:24:03.225  2124  2205 D ContentService: Notifying update of [content://com.android.messaging.datamodel.MessagingContentProvider/messages/conversation/3] for user 0, observer null, flags 1
11-06 10:24:03.225  2124  2205 D ContentService: Collecting non-leaf observers @ #0 / com.android.messaging.datamodel.MessagingContentProvider
11-06 10:24:03.230  2124  2902 D ContentService: Notifying update of [content://com.android.messaging.datamodel.MessagingContentProvider/conversations] for user 0, observer null, flags 1
11-06 10:24:03.230  2124  2902 D ContentService: Collecting non-leaf observers @ #0 / com.android.messaging.datamodel.MessagingContentProvider
11-06 10:24:03.233  2124  2902 D ContentService: Notifying update of [content://com.android.messaging.datamodel.MessagingContentProvider/parts] for user 0, observer null, flags 1
11-06 10:24:03.233  2124  2902 D ContentService: Collecting non-leaf observers @ #0 / com.android.messaging.datamodel.MessagingContentProvider
11-06 10:24:03.235  2124  2902 D PowerManagerService: releaseWakeLockInternal: lock=64290197 [*job*/com.android.messaging/.datamodel.action.ActionServiceImpl], flags=0x0
11-06 10:24:03.235  2124  2902 D PowerManagerService: updateWakeLockSummaryLocked: mWakefulness=Awake, mWakeLockSummary=0x1
11-06 10:24:03.235  2124  2902 D PowerManagerService: updateUserActivitySummaryLocked: mWakefulness=Awake, mUserActivitySummary=0x1, nextTimeout=2147983460 (in 2065865475 ms)
11-06 10:24:03.235  2124  2902 D PowerManagerService: updateDisplayPowerStateLocked: mDisplayReady=true, policy=3, mWakefulness=1, mWakeLockSummary=0x1, mUserActivitySummary=0x1, mBootCompleted=true, screenBrightnessOverride=NaN, useAutoBrightness=false, mScreenBrightnessBoostInProgress=false, mIsVrModeEnabled= false, sQuiescent=false
11-06 10:24:03.249  3140  3151 W droid.messagin: Reducing the number of considered missed Gc histogram windows from 8160 to 100
