11-06 10:24:03.408  2124  2124 I sysui_multi_action: [757,1501,758,1,793,81593218,794,81592229,795,202,796,0,797,com.android.messaging:sms:,806,com.android.messaging,858,4,947,0,1500,0,1641,msg,1688,5,1745,2098068913]
11-06 10:24:03.409  2124  2124 I sysui_multi_action: [757,804,799,note_interruptive,801,0,802,1]
11-06 10:24:03.414  2124  2124 I sysui_multi_action: [757,1501,758,1,793,81593224,794,81592235,795,208,796,0,797,com.android.messaging:sms:,806,com.android.messaging,858,4,947,0,1500,0,1641,msg,1688,5,1745,2098068913]
11-06 10:24:03.418  2124  3389 D PowerManagerService: acquireWakeLockInternal: lock=164997642, flags=0x1, tag="RingtonePlayer", ws=null, uid=10126, pid=2279
11-06 10:24:03.418  2124  3389 D PowerManagerService: updateWakeLockSummaryLocked: mWakefulness=Awake, mWakeLockSummary=0x1
11-06 10:24:03.418  2124  3389 D PowerManagerService: updateUserActivitySummaryLocked: mWakefulness=Awake, mUserActivitySummary=0x1, nextTimeout=2147983460 (in 2065865292 ms)
11-06 10:24:03.418  2124  3389 D PowerManagerService: updateDisplayPowerStateLocked: mDisplayReady=true, policy=3, mWakefulness=1, mWakeLockSummary=0x1, mUserActivitySummary=0x1, mBootCompleted=true, screenBrightnessOverride=NaN, useAutoBrightness=false, mScreenBrightnessBoostInProgress=false, mIsVrModeEnabled= false, sQuiescent=false
11-06 10:24:03.419  2124  3389 D AppOps  : startOperation: allowing code 40 uid 10126 package com.android.systemui
11-06 10:24:03.420  2124  2124 I sysui_multi_action: [757,804,799,note_interruptive,801,0,802,1]
11-06 10:24:03.421  2124  2124 I sysui_multi_action: [757,199,758,1,759,3,793,81593231,794,81592242,795,215,796,0,797,com.android.messaging:sms:,806,com.android.messaging,858,4,947,0,1500,7,1641,msg,1688,5,1745,2098068913]
11-06 10:24:03.421  2124  2124 I notification_alert: [0|com.android.messaging|0|com.android.messaging:sms:|10109,1,1,0]
11-06 10:24:03.421  2124  2153 D UsageStatsService: User[0] Got usage event for com.android.messaging[82118171]: NOTIFICATION_INTERRUPTION
11-06 10:24:03.423  2124  2124 W NotificationHistory: Attempted to add notif for locked/gone/disabled user 0
11-06 10:24:03.431  2279  2279 D InterruptionStateProvider: No bubble up: not allowed to bubble: 0|com.android.messaging|0|com.android.messaging:sms:|10109
11-06 10:24:03.444   382  2045 V MediaPlayerService: Client(4) constructor
11-06 10:24:03.445   382  2045 V MediaPlayerService: Create new client(4) from pid 2279, uid 10126, 
11-06 10:24:03.446   382  2045 V MediaPlayerService: setDataSource fd=7 (/data/system_de/0/ringtones/notification_sound_cache), offset=0, length=576460752303423487
11-06 10:24:03.446   382  2045 V MediaPlayerService: st_dev  = 64288
11-06 10:24:03.446   382  2045 V MediaPlayerService: st_mode = 33216
11-06 10:24:03.446   382  2045 V MediaPlayerService: st_uid  = 1000
11-06 10:24:03.446   382  2045 V MediaPlayerService: st_gid  = 1000
11-06 10:24:03.446   382  2045 V MediaPlayerService: st_size = 16905
11-06 10:24:03.446   382  2045 V MediaPlayerService: calculated length = 16905
11-06 10:24:03.446   382  2045 V MediaPlayerService: player type = 4
11-06 10:24:03.446   382  2045 V MediaPlayerFactory:  create NuPlayer
11-06 10:24:03.446   382  2045 D NuPlayerDriver: NuPlayerDriver(0xf5b01600) created, clientPid(2279)
11-06 10:24:03.449   382  2045 V AudioSink: AudioOutput(17)
11-06 10:24:03.458   382  2045 V MediaPlayerService:  setDataSource
11-06 10:24:03.459   382  2045 V MediaPlayerService: [4] setLooping(0)
11-06 10:24:03.459   382  2045 V MediaPlayerService: [4] setVideoSurfaceTexture(0x0)
11-06 10:24:03.459   382  2045 V MediaPlayerService: [4] setParameter(1400)
11-06 10:24:03.459   382  2045 V MediaPlayerService: setAudioAttributes_l() usage=5 content=4 flags=0x800 tags=
11-06 10:24:03.460   382  2045 V MediaPlayerService: [4] prepareAsync
11-06 10:24:03.461   382  4962 D GenericSource: FileSource remote
11-06 10:24:03.467   380  1028 E Utils   : did not find channel-count and/or sample-rate
11-06 10:24:03.467   380  1028 E Utils   : did not find channel-count and/or sample-rate
11-06 10:24:03.468   382  4961 V MediaPlayerService: [4] notify (1, 0, 0)
11-06 10:24:03.472  2124  3389 I MediaFocusControl: requestAudioFocus() from uid/pid 10126/2279 clientId=android.media.AudioManager@46e0825 callingPack=com.android.systemui req=3 flags=0x0 sdk=30
11-06 10:24:03.473  2124  3389 D AppOps  : noteOperation: allowing code 32 uid 10126 package com.android.systemui
11-06 10:24:03.513  2279  2279 I sysui_multi_action: [757,803,799,note_peek,802,1]
11-06 10:24:03.517  2279  2279 W TouchableRegionManager: onHeadsUpPinnedModeChanged
11-06 10:24:03.519  2124  3389 I sysui_multi_action: [757,127,758,1]
11-06 10:24:03.519  2124  3389 I sysui_multi_action: [757,804,799,note_load,801,1,802,1]
11-06 10:24:03.519  2124  3389 I notification_panel_revealed: 1
11-06 10:24:03.520  2279  2279 D StatusBar: disable<e i a s b h r c s > disable2<q i n >
11-06 10:24:03.593   261   301 D goldfish-address-space: allocate: Ask for block of size 0x7e9000
11-06 10:24:03.593   261   301 D goldfish-address-space: allocate: ioctl allocate returned offset 0x3fb8c2000 size 0x7ea000
11-06 10:24:03.202  2434  4955 D SubscriptionController: [getDefaultSmsSubId] subId=1
11-06 10:24:03.624  2434  2434 D DCT-C-0 : updateDataActivity: curTxRxSum={txSum=3504 rxSum=2708} preTxRxSum={txSum=3504 rxSum=2708}
11-06 10:24:03.624  2434  2434 D DCT-C-0 : updateDataActivity: sent=0 received=0
11-06 10:24:03.626   261   301 D goldfish-address-space: allocate: Ask for block of size 0x7e9000
11-06 10:24:03.626   261   301 D goldfish-address-space: allocate: ioctl allocate returned offset 0x3fb0d8000 size 0x7ea000
11-06 10:24:03.652   261   261 D goldfish-address-space: allocate: Ask for block of size 0x7e9000
11-06 10:24:03.652   261   261 D goldfish-address-space: allocate: ioctl allocate returned offset 0x3fa8ee000 size 0x7ea000
11-06 10:24:03.877  2124  2659 I commit_sys_config_file: [appops,35]
11-06 10:24:03.938  2124  4957 D VibratorService: Turning vibrator off.
11-06 10:24:03.939   287   287 I android.hardware.vibrator-service.example: Vibrator off
11-06 10:24:03.939  2124  4957 D AppOps  : startOperation: allowing code 3 uid 1000 package android
11-06 10:24:03.973   382  2045 V MediaPlayerService: [4] setLooping(0)
11-06 10:24:03.975   382  2045 V MediaPlayerService: [4] setVolume(1.000000, 1.000000)
11-06 10:24:03.975   382  2045 V AudioSink: setVolume(1.000000, 1.000000)
11-06 10:24:03.975   382  2045 V MediaPlayerService: [4] setAuxEffectSendLevel(0.000000)
11-06 10:24:03.975   382  2045 V AudioSink: setAuxEffectSendLevel(0.000000)
11-06 10:24:03.975   382  2045 V MediaPlayerService: [4] start
11-06 10:24:03.975   382  4961 I GenericSource: start
11-06 10:24:03.978  2124  3389 D PowerManagerService: releaseWakeLockInternal: lock=164997642 [RingtonePlayer], flags=0x0
11-06 10:24:03.978  2124  3389 D PowerManagerService: updateWakeLockSummaryLocked: mWakefulness=Awake, mWakeLockSummary=0x1
11-06 10:24:03.978  2124  3389 D PowerManagerService: updateUserActivitySummaryLocked: mWakefulness=Awake, mUserActivitySummary=0x1, nextTimeout=2147983460 (in 2065864732 ms)
11-06 10:24:03.978  2124  3389 D PowerManagerService: updateDisplayPowerStateLocked: mDisplayReady=true, policy=3, mWakefulness=1, mWakeLockSummary=0x1, mUserActivitySummary=0x1, mBootCompleted=true, screenBrightnessOverride=NaN, useAutoBrightness=false, mScreenBrightnessBoostInProgress=false, mIsVrModeEnabled= false, sQuiescent=false
11-06 10:24:03.983  2124  4964 D PowerManagerService: acquireWakeLockInternal: lock=266890436, flags=0x1, tag="*vibrator*", ws=WorkSource{1000}, uid=1000, pid=2124
11-06 10:24:03.985  2124  4964 D PowerManagerService: updateWakeLockSummaryLocked: mWakefulness=Awake, mWakeLockSummary=0x1
11-06 10:24:03.985  2124  4964 D PowerManagerService: updateUserActivitySummaryLocked: mWakefulness=Awake, mUserActivitySummary=0x1, nextTimeout=2147983460 (in 2065864725 ms)
11-06 10:24:03.985  2124  4964 D PowerManagerService: updateDisplayPowerStateLocked: mDisplayReady=true, policy=3, mWakefulness=1, mWakeLockSummary=0x1, mUserActivitySummary=0x1, mBootCompleted=true, screenBrightnessOverride=NaN, useAutoBrightness=false, mScreenBrightnessBoostInProgress=false, mIsVrModeEnabled= false, sQuiescent=false
11-06 10:24:03.986  2279  2279 V MediaRouter: Selecting route: RouteInfo{ name=, description=null, status=null, category=RouteCategory{ name= types=ROUTE_TYPE_LIVE_AUDIO ROUTE_TYPE_LIVE_VIDEO  groupable=false }, supportedTypes=ROUTE_TYPE_LIVE_AUDIO ROUTE_TYPE_LIVE_VIDEO , presentationDisplay=null }
11-06 10:24:03.992  2124  4964 D VibratorService: Turning vibrator on for 350 ms with amplitude 255.
11-06 10:24:03.994   287   287 I android.hardware.vibrator-service.example: Vibrator on for timeoutMs: 350
11-06 10:24:03.994   287   287 I android.hardware.vibrator-service.example: Vibrator set amplitude: 1
11-06 10:24:03.995   382  4967 I OMXClient: IOmx service obtained
11-06 10:24:03.995   385   385 I OMXMaster: makeComponentInstance(OMX.google.vorbis.decoder) in android.hardwar process
11-06 10:24:03.999   385   385 E OMXNodeInstance: setConfig(0xf1b815f0:google.vorbis.decoder, ConfigPriority(0x6f800002)) ERROR: Undefined(0x80001001)
11-06 10:24:03.999   382  4967 I ACodec  : codec does not support config priority (err -2147483648)
11-06 10:24:03.999   385   385 E OMXNodeInstance: getConfig(0xf1b815f0:google.vorbis.decoder, ConfigAndroidVendorExtension(0x6f100004)) ERROR: Undefined(0x80001001)
11-06 10:24:04.000   382  4967 I MediaCodec: MediaCodec will operate in async mode
11-06 10:24:04.017   382  4965 V AudioSink: close
11-06 10:24:04.017   382  4965 V AudioSink: setPlaybackRate(1.000000 1.000000 2 0)
11-06 10:24:04.017   382  4965 V AudioSink: open(48000, 1, 0x1, 0x1, 0, 17 0x0)
11-06 10:24:04.018   382  4965 V AudioSink: no track available to recycle
11-06 10:24:04.018   382  4965 V AudioSink: creating new AudioTrack
11-06 10:24:04.019  2077  3356 D AudioFlinger: Client defaulted notificationFrames to 12213 for frameCount 24426
11-06 10:24:04.020  2077  3356 D AF::TrackHandle: OpPlayAudio: track:56 usage:5 not muted
11-06 10:24:04.021   382  4965 V AudioSink: deleteRecycledTrack_l
11-06 10:24:04.021   382  4965 V AudioSink: setVolume
11-06 10:24:04.022   382  4965 V AudioSink: updateTrack() DONE status 0
11-06 10:24:04.022   382  4965 V AudioSink: start
11-06 10:24:04.022  2124  3389 D PowerManagerService: acquireWakeLockInternal: lock=120891834, flags=0x1, tag="AudioMix", ws=null, uid=1041, pid=0
11-06 10:24:04.022  2124  3389 D PowerManagerService: updateWakeLockSummaryLocked: mWakefulness=Awake, mWakeLockSummary=0x1
11-06 10:24:04.022  2124  3389 D PowerManagerService: updateUserActivitySummaryLocked: mWakefulness=Awake, mUserActivitySummary=0x1, nextTimeout=2147983460 (in 2065864688 ms)
11-06 10:24:04.022  2124  3389 D PowerManagerService: updateDisplayPowerStateLocked: mDisplayReady=true, policy=3, mWakefulness=1, mWakeLockSummary=0x1, mUserActivitySummary=0x1, mBootCompleted=true, screenBrightnessOverride=NaN, useAutoBrightness=false, mScreenBrightnessBoostInProgress=false, mIsVrModeEnabled= false, sQuiescent=false
11-06 10:24:04.023  2124  3389 D AppOps  : startOperation: allowing code 40 uid 1041 package audioserver
11-06 10:24:04.023  2124  3389 I system_server: oneway function results will be dropped but finished with status OK and parcel size 4
11-06 10:24:04.023  2124  3389 D PowerManagerService: updateWakeLockWorkSourceInternal: lock=120891834 [AudioMix], ws=null
11-06 10:24:04.023  2124  3479 D PowerManagerService: updateWakeLockWorkSourceInternal: lock=120891834 [AudioMix], ws=WorkSource{10126}
11-06 10:24:04.023  2124  3389 I system_server: oneway function results will be dropped but finished with status OK and parcel size 4
11-06 10:24:04.024  2124  3479 I system_server: oneway function results will be dropped but finished with status OK and parcel size 4
11-06 10:24:04.025   382  4965 D AudioTrack: getTimestamp_l(16): device stall time corrected using current time 82118775836897
11-06 10:24:04.026   382  4961 V MediaPlayerService: [4] notify (6, 0, 0)
11-06 10:24:04.026   382  2045 V MediaPlayerService: getCurrentPosition
11-06 10:24:04.026   382  2045 V AudioSink: getPlayedOutDurationUs: negative duration -1 set to zero
11-06 10:24:04.026   382  2045 V AudioSink: getPlayedOutDurationUs(0) nowUs(82118776222) frames(0) framesAt(82118776223)
11-06 10:24:04.026   382  2045 V MediaPlayerService: [4] getCurrentPosition = 0
11-06 10:24:04.026   382  2045 V MediaPlayerService: [4] isPlaying: 1
11-06 10:24:04.042  2434  2548 D GsmInboundSmsHandler: IdleState.processMessage: processing EVENT_RELEASE_WAKELOCK
11-06 10:24:04.043  2124  3389 D PowerManagerService: releaseWakeLockInternal: lock=211071294 [GsmInboundSmsHandler], flags=0x0
11-06 10:24:04.043  2124  3389 D PowerManagerService: updateWakeLockSummaryLocked: mWakefulness=Awake, mWakeLockSummary=0x1
11-06 10:24:04.043  2124  3389 D PowerManagerService: updateUserActivitySummaryLocked: mWakefulness=Awake, mUserActivitySummary=0x1, nextTimeout=2147983460 (in 2065864667 ms)
11-06 10:24:04.043  2124  3389 D PowerManagerService: updateDisplayPowerStateLocked: mDisplayReady=true, policy=3, mWakefulness=1, mWakeLockSummary=0x1, mUserActivitySummary=0x1, mBootCompleted=true, screenBrightnessOverride=NaN, useAutoBrightness=false, mScreenBrightnessBoostInProgress=false, mIsVrModeEnabled= false, sQuiescent=false
11-06 10:24:04.044  2434  2548 D GsmInboundSmsHandler: IdleState.processMessage: EVENT_RELEASE_WAKELOCK: mWakeLock released
11-06 10:24:04.135  2124  3389 I sysui_multi_action: [757,128,758,1,793,81593945,794,0,795,929,796,0,797,com.android.messaging:sms:,798,0,806,com.android.messaging,858,4,947,0,1395,2,1500,721,1641,msg,1688,5,1745,2098068913]
11-06 10:24:04.135  2124  3389 I sysui_multi_action: [757,1501,758,1,793,81593945,794,0,795,929,796,0,797,com.android.messaging:sms:,806,com.android.messaging,858,4,947,0,1500,0,1641,msg,1688,5,1745,2098068913]
11-06 10:24:04.136  2124  3389 I sysui_multi_action: [757,804,799,note_interruptive,801,0,802,1]
11-06 10:24:04.136  2124  2153 D UsageStatsService: User[0] Got usage event for com.android.messaging[82118884]: NOTIFICATION_SEEN
11-06 10:24:04.136  2124  3389 I sysui_multi_action: [757,804,799,note_freshness,801,929,802,1]
11-06 10:24:04.154  2124  3389 I notification_visibility: [0|com.android.messaging|0|com.android.messaging:sms:|10109,1,81593945,929,0,0]
11-06 10:24:04.212  2077  2099 D AudioFlinger: mixer(0x7db79e5b4040) throttle end: throttle time(91)
11-06 10:24:04.345   382  4965 V AudioSink: getPlayedOutDurationUs(331954) nowUs(82119095226) frames(15934) framesAt(82119095230)
11-06 10:24:04.345   382  4961 V MediaPlayerService: [4] notify (211, 0, 0)
11-06 10:24:04.348  2077  2099 D AudioFlinger: mixer(0x7db79e5b4040) throttle end: throttle time(11)
11-06 10:24:04.595  2124  4964 D VibratorService: Turning vibrator on for 350 ms with amplitude 255.
11-06 10:24:04.578  2077  2099 D AudioFlinger: mixer(0x7db79e5b4040) throttle end: throttle time(11)
11-06 10:24:04.596   287   287 I android.hardware.vibrator-service.example: Vibrator on for timeoutMs: 350
11-06 10:24:04.596   287   287 I android.hardware.vibrator-service.example: Vibrator set amplitude: 1
11-06 10:24:04.615   382  4965 V AudioSink: getPlayedOutDurationUs(619656) nowUs(82119365163) frames(29744) framesAt(82119365173)
11-06 10:24:04.615   382  4961 V MediaPlayerService: [4] notify (211, 0, 0)
11-06 10:24:04.630  2434  2434 D DCT-C-0 : updateDataActivity: curTxRxSum={txSum=3504 rxSum=2708} preTxRxSum={txSum=3504 rxSum=2708}
11-06 10:24:04.630  2434  2434 D DCT-C-0 : updateDataActivity: sent=0 received=0
11-06 10:24:04.771  2077  2099 D AudioFlinger: mixer(0x7db79e5b4040) throttle end: throttle time(11)
11-06 10:24:04.882   382  4965 V AudioSink: getPlayedOutDurationUs(863047) nowUs(82119632414) frames(41430) framesAt(82119632492)
11-06 10:24:04.883   382  4961 V MediaPlayerService: [4] notify (211, 0, 0)
11-06 10:24:04.947  2124  4964 E VibratorService: Vibration finished, cleaning up
11-06 10:24:04.947  2124  4964 D VibratorService: Turning vibrator off.
11-06 10:24:04.949   287   287 I android.hardware.vibrator-service.example: Vibrator off
11-06 10:24:04.950  2124  4964 D PowerManagerService: releaseWakeLockInternal: lock=266890436 [*vibrator*], flags=0x0
11-06 10:24:04.950  2124  4964 D PowerManagerService: updateWakeLockSummaryLocked: mWakefulness=Awake, mWakeLockSummary=0x1
11-06 10:24:04.950  2124  4964 D PowerManagerService: updateUserActivitySummaryLocked: mWakefulness=Awake, mUserActivitySummary=0x1, nextTimeout=2147983460 (in 2065863760 ms)
11-06 10:24:04.951  2124  4964 D PowerManagerService: updateDisplayPowerStateLocked: mDisplayReady=true, policy=3, mWakefulness=1, mWakeLockSummary=0x1, mUserActivitySummary=0x1, mBootCompleted=true, screenBrightnessOverride=NaN, useAutoBrightness=false, mScreenBrightnessBoostInProgress=false, mIsVrModeEnabled= false, sQuiescent=false
11-06 10:24:04.955  2124  2659 I commit_sys_config_file: [appops,14]
11-06 10:24:05.066  2077  2099 D AudioFlinger: mixer(0x7db79e5b4040) throttle end: throttle time(14)
11-06 10:24:05.148   382  4965 V AudioSink: getPlayedOutDurationUs(1150819) nowUs(82119898744) frames(55240) framesAt(82119898758)
11-06 10:24:05.149   382  4961 V MediaPlayerService: [4] notify (211, 0, 0)
11-06 10:24:05.369  2077  2099 D AudioFlinger: mixer(0x7db79e5b4040) throttle end: throttle time(11)
11-06 10:24:05.421   382  4965 V AudioSink: getPlayedOutDurationUs(1416409) nowUs(82120171617) frames(67988) framesAt(82120171624)
11-06 10:24:05.421   382  4965 V AudioSink: getPlayedOutDurationUs(1416414) nowUs(82120171708) frames(67988) framesAt(82120171710)
11-06 10:24:05.421   382  4965 V AudioSink: stop
11-06 10:24:05.421   382  4965 D AudioTrack: stop(16): called with 82980 frames delivered
11-06 10:24:05.532  2077  2099 D AudioFlinger: mixer(0x7db79e5b4040) throttle end: throttle time(14)
11-06 10:24:05.635  2434  2434 D DCT-C-0 : updateDataActivity: curTxRxSum={txSum=3504 rxSum=2708} preTxRxSum={txSum=3504 rxSum=2708}
11-06 10:24:05.635  2434  2434 D DCT-C-0 : updateDataActivity: sent=0 received=0
11-06 10:24:05.735   382  4961 V MediaPlayerService: [4] notify (2, 0, 0)
11-06 10:24:05.736   382  4965 V AudioSink: pause
11-06 10:24:05.737   382  4961 V MediaPlayerService: [4] notify (211, 0, 0)
11-06 10:24:05.739  2124  3479 I MediaFocusControl: abandonAudioFocus() from uid/pid 10126/2279 clientId=android.media.AudioManager@46e0825
11-06 10:24:05.740  2279  4959 V MediaPlayer: resetDrmState:  mDrmInfo=null mDrmProvisioningThread=null mPrepareDrmInProgress=false mActiveDrmScheme=false
11-06 10:24:05.741  2279  4959 V MediaPlayer: cleanDrmObj: mDrmObj=null mDrmSessionId=null
11-06 10:24:05.741   382  2045 V MediaPlayerService: disconnect(4) from pid 2279
11-06 10:24:05.741   382  2045 D NuPlayerDriver: reset(0xf5b01600) at state 6
11-06 10:24:05.742   382  4965 V AudioSink: pause
11-06 10:24:05.743   382  4965 V AudioSink: flush
11-06 10:24:05.743   382  4965 V AudioSink: stop
11-06 10:24:05.747   382  4961 D NuPlayerDriver: notifyResetComplete(0xf5b01600)
11-06 10:24:05.748   382  2045 W AMessage: failed to post message as target looper for handler 0 is gone.
11-06 10:24:05.748   382  2045 V MediaPlayerService: Client(4) destructor pid = 2279
11-06 10:24:05.748   382  2045 V AudioSink: close
11-06 10:24:05.749   382  2045 V MediaPlayerService: disconnect(4) from pid 2279
11-06 10:24:05.765  2077  2087 W APM::AudioPolicyEngine: getDevicesForStrategy() unknown strategy: -1
11-06 10:24:05.768  2124  3389 D PowerManagerService: updateWakeLockWorkSourceInternal: lock=120891834 [AudioMix], ws=null
11-06 10:24:05.769  2124  3389 D AppOps  : startOperation: allowing code 40 uid 1041 package audioserver
11-06 10:24:05.770  2124  3389 I system_server: oneway function results will be dropped but finished with status OK and parcel size 4
11-06 10:24:05.959  2124  2659 I commit_sys_config_file: [appops,8]
11-06 10:24:06.639  2434  2434 D DCT-C-0 : updateDataActivity: curTxRxSum={txSum=3504 rxSum=2708} preTxRxSum={txSum=3504 rxSum=2708}
11-06 10:24:06.639  2434  2434 D DCT-C-0 : updateDataActivity: sent=0 received=0
11-06 10:24:07.644  2434  2434 D DCT-C-0 : updateDataActivity: curTxRxSum={txSum=3504 rxSum=2708} preTxRxSum={txSum=3504 rxSum=2708}
11-06 10:24:07.644  2434  2434 D DCT-C-0 : updateDataActivity: sent=0 received=0
11-06 10:24:08.649  2434  2434 D DCT-C-0 : updateDataActivity: curTxRxSum={txSum=3504 rxSum=2708} preTxRxSum={txSum=3504 rxSum=2708}
11-06 10:24:08.649  2434  2434 D DCT-C-0 : updateDataActivity: sent=0 received=0
11-06 10:24:08.752  2124  2143 V StorageStatsService: >>> handling 100
11-06 10:24:08.755  2124  3389 D PowerManagerService: releaseWakeLockInternal: lock=120891834 [AudioMix], flags=0x0
11-06 10:24:08.759  2124  3389 D PowerManagerService: updateWakeLockSummaryLocked: mWakefulness=Awake, mWakeLockSummary=0x1
11-06 10:24:08.759  2124  3389 D PowerManagerService: updateUserActivitySummaryLocked: mWakefulness=Awake, mUserActivitySummary=0x1, nextTimeout=2147983460 (in 2065859951 ms)
11-06 10:24:08.759  2124  3389 D PowerManagerService: updateDisplayPowerStateLocked: mDisplayReady=true, policy=3, mWakefulness=1, mWakeLockSummary=0x1, mUserActivitySummary=0x1, mBootCompleted=true, screenBrightnessOverride=NaN, useAutoBrightness=false, mScreenBrightnessBoostInProgress=false, mIsVrModeEnabled= false, sQuiescent=false
11-06 10:24:08.761  2124  3389 I system_server: oneway function results will be dropped but finished with status OK and parcel size 4
11-06 10:24:09.168  2708  2719 W d.process.acor: Reducing the number of considered missed Gc histogram windows from 8159 to 100
11-06 10:24:09.218  2279  2279 W TouchableRegionManager: onHeadsUpPinnedModeChanged
11-06 10:24:09.651  2434  2434 D DCT-C-0 : updateDataActivity: curTxRxSum={txSum=3504 rxSum=2708} preTxRxSum={txSum=3504 rxSum=2708}
11-06 10:24:09.651  2434  2434 D DCT-C-0 : updateDataActivity: sent=0 received=0
11-06 10:24:09.706  2124  3479 I sysui_multi_action: [757,128,758,2,793,81599516,794,5571,795,6500,796,0,797,com.android.messaging:sms:,798,0,806,com.android.messaging,858,4,947,0,1395,2,1500,5571,1641,msg,1688,5,1745,2098068913]
11-06 10:24:09.706  2124  3479 I notification_visibility: [0|com.android.messaging|0|com.android.messaging:sms:|10109,0,81599516,6500,0,0]
11-06 10:24:09.709  2124  3479 I sysui_multi_action: [757,127,758,2]
11-06 10:24:09.709  2124  3479 I notification_panel_hidden: 
11-06 10:24:09.710  2279  2279 D StatusBar: disable<e i a s b h r c s > disable2<q i n >
11-06 10:24:09.769  2124  2659 I commit_sys_config_file: [appops,8]
11-06 10:24:10.656  2434  2434 D DCT-C-0 : updateDataActivity: curTxRxSum={txSum=3504 rxSum=2708} preTxRxSum={txSum=3504 rxSum=2708}
11-06 10:24:10.657  2434  2434 D DCT-C-0 : updateDataActivity: sent=0 received=0
11-06 10:24:10.772  2124  2196 V AlarmManager: Checking for alarms... rtc=1667701450772, elapsed=82125522
11-06 10:24:10.773  2124  2196 V AlarmManager: Triggering alarm #0: Alarm{e4442c9 type 2 when 82124771 android}
11-06 10:24:10.773  2124  2196 V AlarmManager: Triggering alarm #1: Alarm{b534eec type 2 when 82125522 android}
11-06 10:24:10.773  2124  2196 V AlarmManager: sending alarm Alarm{e4442c9 type 2 when 82124771 android}
11-06 10:24:10.773  2124  2196 V AlarmManager: Alarm to uid=1000 listener=android.app.AlarmManager$ListenerWrapper@49a5648
11-06 10:24:10.773  2124  2196 D AlarmManager: mBroadcastRefCount -> 1
11-06 10:24:10.773  2124  2196 D PowerManagerService: acquireWakeLockInternal: lock=115725048, flags=0x1, tag="*alarm*", ws=WorkSource{1000}, uid=1000, pid=2124
11-06 10:24:10.774  2124  2196 D PowerManagerService: updateWakeLockSummaryLocked: mWakefulness=Awake, mWakeLockSummary=0x1
11-06 10:24:10.774  2124  2196 D PowerManagerService: updateUserActivitySummaryLocked: mWakefulness=Awake, mUserActivitySummary=0x1, nextTimeout=2147983460 (in 2065857936 ms)
11-06 10:24:10.774  2124  2196 D PowerManagerService: updateDisplayPowerStateLocked: mDisplayReady=true, policy=3, mWakefulness=1, mWakeLockSummary=0x1, mUserActivitySummary=0x1, mBootCompleted=true, screenBrightnessOverride=NaN, useAutoBrightness=false, mScreenBrightnessBoostInProgress=false, mIsVrModeEnabled= false, sQuiescent=false
11-06 10:24:10.776  2124  2217 E WifiScoringParams: Invalid frequency(-1), using 5G as default rssi array
11-06 10:24:10.788  2124  2196 V AlarmManager: sending alarm Alarm{b534eec type 2 when 82125522 android}
11-06 10:24:10.788  2124  2196 V AlarmManager: Alarm to uid=1000 listener=android.app.AlarmManager$ListenerWrapper@17e1eac
11-06 10:24:10.788  2124  2196 D AlarmManager: mBroadcastRefCount -> 2
11-06 10:24:10.789  2124  2217 V AlarmManager: set(null) : type=2 triggerAtTime=82285532 win=120000 tElapsed=82285532 maxElapsed=82405532 interval=0 flags=0x8
11-06 10:24:10.789  2124  2217 I AlarmManager: alarmComplete() from android.app.AlarmManager$ListenerWrapper@49a5648
11-06 10:24:10.789  2124  2217 D AlarmManager: mBroadcastRefCount -> 1
11-06 10:24:10.789  2124  2217 V AlarmManager: set(null) : type=2 triggerAtTime=83325539 win=900000 tElapsed=83325539 maxElapsed=84225539 interval=0 flags=0x8
11-06 10:24:10.789  2124  2217 V AlarmManager: Adding Alarm{9e7093f type 2 when 83325539 android} to Batch{1ea520c num=2 start=83284762 end=84634762 flgs=0x8}
11-06 10:24:10.789  2124  2217 V AlarmManager:     => now Batch{1ea520c num=2 start=83325539 end=84225539 flgs=0x8}
11-06 10:24:10.789  2124  2217 I AlarmManager: alarmComplete() from android.app.AlarmManager$ListenerWrapper@17e1eac
11-06 10:24:10.789  2124  2217 D AlarmManager: mBroadcastRefCount -> 0
11-06 10:24:10.790  2124  2217 D PowerManagerService: releaseWakeLockInternal: lock=115725048 [*alarm*], flags=0x0
11-06 10:24:10.790  2124  2217 D PowerManagerService: updateWakeLockSummaryLocked: mWakefulness=Awake, mWakeLockSummary=0x1
11-06 10:24:10.790  2124  2217 D PowerManagerService: updateUserActivitySummaryLocked: mWakefulness=Awake, mUserActivitySummary=0x1, nextTimeout=2147983460 (in 2065857920 ms)
11-06 10:24:10.790  2124  2217 D PowerManagerService: updateDisplayPowerStateLocked: mDisplayReady=true, policy=3, mWakefulness=1, mWakeLockSummary=0x1, mUserActivitySummary=0x1, mBootCompleted=true, screenBrightnessOverride=NaN, useAutoBrightness=false, mScreenBrightnessBoostInProgress=false, mIsVrModeEnabled= false, sQuiescent=false
11-06 10:24:10.791  2124  2220 V AlarmManager: set(null) : type=2 triggerAtTime=82140541 win=11250 tElapsed=82140541 maxElapsed=82151791 interval=0 flags=0x8
11-06 10:24:11.660  2434  2434 D DCT-C-0 : updateDataActivity: curTxRxSum={txSum=3504 rxSum=2708} preTxRxSum={txSum=3504 rxSum=2708}
11-06 10:24:11.660  2434  2434 D DCT-C-0 : updateDataActivity: sent=0 received=0
