--------- beginning of main
02-18 15:50:16.880  3152  3152 D TransmitPower: AccSensorObserverBHH_DIRECTION:onBHHStateChanged() : isRightSide = false
02-18 15:50:16.880  3152  3152 D TransmitPower: AccSensorObserverMOTION_DETECTION:onMotionStateChanged() : isStable = false
02-18 15:50:16.880  3152  3152 D TransmitPower: AccSensorObserverBHH_DETECTION:onBHHDetected() : isDetected = false
02-18 15:50:17.000  3152  3152 D TransmitPower: AccSensorObserverBHH_DIRECTION:onBHHStateChanged() : isRightSide = false
02-18 15:50:17.000  3152  3152 D TransmitPower: AccSensorObserverMOTION_DETECTION:onMotionStateChanged() : isStable = false
02-18 15:50:17.000  3152  3152 D TransmitPower: AccSensorObserverBHH_DETECTION:onBHHDetected() : isDetected = false
02-18 15:50:17.079  3152  3152 D TransmitPower: AccSensorObserverBHH_DIRECTION:onBHHStateChanged() : isRightSide = false
02-18 15:50:17.080  3152  3152 D TransmitPower: AccSensorObserverMOTION_DETECTION:onMotionStateChanged() : isStable = false
02-18 15:50:17.080  3152  3152 D TransmitPower: AccSensorObserverBHH_DETECTION:onBHHDetected() : isDetected = false
02-18 15:50:17.161  3152  3152 D TransmitPower: ProperSensorInfoNotifier:getProperSensorInfo() E : isCallActive = false, isScreenOn = true, isDataActive = false
02-18 15:50:17.161  3152  3152 D TransmitPower: ProperSensorInfoNotifier:getProperSensorInfo() X : shouldPowerOn = false, properDetectedValue = 0
02-18 15:50:17.161  3152  3152 D TransmitPower: AccSensorManager:onProperSensorInfoChanged()
02-18 15:50:17.163  1016  1016 I sensors-hal: activate:214, com.sonymoble.sensor.accelerometer/2012 en=0
02-18 15:50:17.165  1016  1016 I sensors-hal: activate:225, com.sonymoble.sensor.accelerometer/2012 en=0 completed
02-18 15:50:17.162  4615  4656 I android_os_HwBinder: HwBinder: Starting thread pool for getting: vendor.semc.system.idd@1.0::IIdd/default
02-18 15:50:17.169  3152  3152 D TransmitPower: AccSensor(116722365):setAccSensorPower() : Power OFF
02-18 15:50:17.169  3152  3152 D TransmitPower: AccSensorObserverMOTION_DETECTION:update(): detectedValue = 0
02-18 15:50:17.170  3152  3152 D TransmitPower: TransmitPowerObserver:sendPowerBackOffFactor() : key = 8, value = 0, mCurrentValue = 0
02-18 15:50:17.171  3152  3152 D TransmitPower: AccSensorObserverBHH_DETECTION:update(): detectedValue = 0
02-18 15:50:17.171  3152  3152 D TransmitPower: AccSensorObserverBHH_DIRECTION:update(): detectedValue = 0
02-18 15:50:17.171  3152  3152 D TransmitPower: TelephonyManagerObserver:onDataActivity() : subId = 1, isDataActive = false
02-18 15:50:17.174  3152  4071 D TransmitPower: TransmitPowerService:setPowerBackOffFactor() : key = 8, value = 0
02-18 15:50:17.174  3152  4071 D TransmitPower: TransmitPowerService:calculateMCC() : simCount = 1, mMccList = {0=460}, result = 0
02-18 15:50:17.174  3152  4071 D TransmitPower: TransmitPowerService:setBackOffDsi() : index = 0, mBackOffDsi = 0, newBackOffDsi = 2
02-18 15:50:17.175  2875  2875 D QcrilMsgTunnelIfaceManager: handleMessage what = 1
02-18 15:50:17.175  2875  2875 I QcrilOemhookMsgTunnel: [0]invokeOemRilRequestRaw: serial=2169 length=24
02-18 15:50:17.184  2875  3435 I QcrilOemhookMsgTunnel: [0]processOemHookResponse serial no: 2169 error: 40length=0
02-18 15:50:17.184  2875  3435 E QcRilRequest: [2169] < OEM_HOOK_RAW error: org.codeaurora.telephony.utils.CommandException: MODEM_ERR
02-18 15:50:17.185  2875  2875 D QcrilMsgTunnelIfaceManager: handleMessage what = 2
02-18 15:50:17.186  3152  4071 D QC_RIL_OEM_HOOK: sendOemRilRequestRaw returns value = -39
02-18 15:50:17.186  3152  4071 D TransmitPower: TransmitPowerService:setBackOffDsi failure.
02-18 15:50:17.194  1075  3359 W VsyncModulator: setTransactionSchedule: Unexpected EarlyEnd
--------- beginning of kernel
02-18 15:50:17.501     0     0 I [charger info] usb: present=1 type=4 batt:present = 1 health = 1 charge_type = 1
02-18 15:50:17.501     0     0 I         : [charger info] batt_soc=100 batt_voltage=4403662 batt_current=0 batt_temp=302 usb_voltage=4973344 usb_current=176145
02-18 15:50:17.971     0     0 I         : smblib_usb_ov_and_uv_detect_work start..
--------- beginning of radio
02-18 15:50:18.044  3203  3203 D SST     : [0] handleMessage: received event 12
02-18 15:50:18.046  2875  3435 D QtiRadiohidlIndication: onSignalStrengthChange: slotId = 0
02-18 15:50:18.046  2875  3435 D QtiRadioProxy: onSignalStrength slotId = 0 signalStrength = SignalStrength: Rsrp: -32768 Snr: -32768
02-18 15:50:18.047  2875  3633 D QtiRadioProxyHandler: : handleMessage msg.what = 11
02-18 15:50:18.047  2875  3633 D QtiRadioProxyHandler: : EVENT_ON_SIGNAL_STRENGTH
02-18 15:50:18.047  2875  3633 D QtiRadioProxy: onSignalStrength: Responding back for transaction = null
02-18 15:50:18.047  3203  3627 D ExtPhoneCallbackBase: UNIMPLEMENTED: onSignalStrength: slotId = 0 token = Token: -1 statusStatus: 1 signalStrength = SignalStrength: Rsrp: -32768 Snr: -32768
02-18 15:50:18.047  2875  3633 D QtiRadioProxy: onSignalStrength: Responding back for transaction = null
02-18 15:50:18.048  3203  3627 D ExtPhoneCallbackBase: UNIMPLEMENTED: onSignalStrength: slotId = 0 token = Token: -1 statusStatus: 1 signalStrength = SignalStrength: Rsrp: -32768 Snr: -32768
02-18 15:50:18.048  2875  3633 D QtiRadioProxy: onSignalStrength: Responding back for transaction = null
02-18 15:50:18.048  3203  3627 D ExtPhoneCallbackBase: UNIMPLEMENTED: onSignalStrength: slotId = 0 token = Token: -1 statusStatus: 1 signalStrength = SignalStrength: Rsrp: -32768 Snr: -32768
02-18 15:50:18.049  2875  3633 D QtiRadioProxy: onSignalStrength: Responding back for transaction = null
02-18 15:50:18.050  2547  2753 D ExtPhoneCallbackBase: UNIMPLEMENTED: onSignalStrength: slotId = 0 token = Token: -1 statusStatus: 1 signalStrength = SignalStrength: Rsrp: -32768 Snr: -32768
02-18 15:50:18.054  3203  3203 D RadioInfo: onSignalStrengthChanged: SignalStrength=SignalStrength:{mCdma=CellSignalStrengthCdma: cdmaDbm=2147483647 cdmaEcio=2147483647 evdoDbm=2147483647 evdoEcio=2147483647 evdoSnr=2147483647 level=0,mGsm=CellSignalStrengthGsm: rssi=2147483647 ber=2147483647 mTa=2147483647 mLevel=0,mWcdma=CellSignalStrengthWcdma: ss=2147483647 ber=2147483647 rscp=2147483647 ecno=2147483647 level=0,mTdscdma=CellSignalStrengthTdscdma: rssi=2147483647 ber=2147483647 rscp=2147483647 level=0,mLte=CellSignalStrengthLte: rssi=-65 rsrp=-101 rsrq=-18 rssnr=-5 cqiTableIndex=2147483647 cqi=2147483647 ta=2147483647 level=0 parametersUseForLevel=0,mNr=CellSignalStrengthNr:{ csiRsrp = 2147483647 csiRsrq = 2147483647 csiCqiTableIndex = 2147483647 csiCqiReport = [] ssRsrp = 2147483647 ssRsrq = 2147483647 ssSinr = 2147483647 level = 0 parametersUseForLevel = 0 },primary=CellSignalStrengthLte}
02-18 15:50:18.058  3203  3627 D Phone   : isImsCapabilityAvailable, capability=1, regTech=1, isAvailable=false
02-18 15:50:18.058  3203  3672 D Phone   : isImsCapabilityAvailable, capability=2, regTech=1, isAvailable=false
02-18 15:50:18.062  3203  3627 D Phone   : isImsCapabilityAvailable, capability=1, regTech=0, isAvailable=true
02-18 15:50:18.069  1075  3359 W VsyncModulator: setTransactionSchedule: Unexpected EarlyEnd
--------- beginning of events
02-18 15:50:18.681  2207  2207 I commit_sys_config_file: [display-state,6133242]
02-18 15:50:18.904  2207  2402 I commit_sys_config_file: [settings-1-0,16]
02-18 15:50:19.042     0     0 I QG-K    : qg_somc_jeita_step_charge_work: [FULL] condition=3, chip->target_idx=14
02-18 15:50:19.042     0     0 I QG-K    : qg_somc_jeita_step_charge_work: exit step_work input_present:1 status:4
02-18 15:50:19.042     0     0 W healthd : battery l=100 v=4404 t=30.2 h=2 st=5 c=0 fc=4529000 cc=0 chg=u
02-18 15:50:19.045  2207  2207 D WifiService: battery temperature changed.302
02-18 15:50:19.045  2207  2207 D WifiService: softap already disabled.
02-18 15:50:19.045  3152  3152 D TransmitPower: BatteryInfoNotifier:isCharging() : battery status = 5, plug status = 2, isBatteryChargedWithUsb = true
02-18 15:50:19.048  3152  3152 D TransmitPower: UsbInfoNotifier:isUsbConnected(): isUsbConnectedAsDeviceMode = true
02-18 15:50:19.050  3152  3152 D TransmitPower: BatteryInfoNotifier:isCharging() : battery status = 5, plug status = 2, isBatteryChargedWithUsb = true
02-18 15:50:19.050  3152  3152 D TransmitPower: UsbConnectionObserver:getUsbConnectionValue() : isUsbConnected = true, isChargingWithUsb = true
02-18 15:50:19.053  4945  4945 I BatteryCare: SmartChargeConnectStateReceiver: bmStat(5), plg(true), chg(true), lvl(100)
02-18 15:50:19.053  2547  2547 D PowerUI : temperture:30637
02-18 15:50:19.053  4945  4945 I BatteryCare: BatteryChangedReceiver: bmStatus.bmChargingLevel = 100
02-18 15:50:19.053  4945  4945 D PrefUtil: : read long begin_full_time(3017660)
02-18 15:50:19.053  4945  4945 I BatteryCare: BatteryChangedReceiver: BEGIN_FULL_TIME = 3017660
02-18 15:50:19.064  3127  3127 V DeviceStatisticsService: chargerType=2 batteryLevel=100 totalBatteryCapacity=4483700
02-18 15:50:19.085  1075  1296 W VsyncModulator: setTransactionSchedule: Unexpected EarlyEnd
02-18 15:50:19.176  3203  3629 D DC-C-1  : updateLinkBandwidthsFromBandwidthEstimator, UL= -1 DL= 2421
02-18 15:50:19.185  3203  3629 D DcNetworkAgent-108: Changed from [ Transports: CELLULAR Capabilities: IMS&NOT_METERED&TRUSTED&NOT_VPN&NOT_ROAMING&NOT_CONGESTED&NOT_SUSPENDED&NOT_VCN_MANAGED LinkUpBandwidth>=15000Kbps LinkDnBandwidth>=30000Kbps Specifier: <TelephonyNetworkSpecifier [mSubId = 1]> SubscriptionIds: {1}] to [ Transports: CELLULAR Capabilities: IMS&NOT_METERED&TRUSTED&NOT_VPN&NOT_ROAMING&NOT_CONGESTED&NOT_SUSPENDED&NOT_VCN_MANAGED LinkUpBandwidth>=15000Kbps LinkDnBandwidth>=2421Kbps Specifier: <TelephonyNetworkSpecifier [mSubId = 1]> SubscriptionIds: {1}], Data RAT=14, dc=DC-C-1
02-18 15:50:19.186  3203  3629 D DC-C-2  : updateLinkBandwidthsFromBandwidthEstimator, UL= -1 DL= 2421
02-18 15:50:19.196  3203  3629 D DcNetworkAgent-109: Changed from [ Transports: CELLULAR Capabilities: SUPL&INTERNET&NOT_RESTRICTED&TRUSTED&NOT_VPN&NOT_ROAMING&NOT_CONGESTED&NOT_SUSPENDED&NOT_VCN_MANAGED LinkUpBandwidth>=15000Kbps LinkDnBandwidth>=30000Kbps Specifier: <TelephonyNetworkSpecifier [mSubId = 1]> SubscriptionIds: {1}] to [ Transports: CELLULAR Capabilities: SUPL&INTERNET&NOT_RESTRICTED&TRUSTED&NOT_VPN&NOT_ROAMING&NOT_CONGESTED&NOT_SUSPENDED&NOT_VCN_MANAGED LinkUpBandwidth>=15000Kbps LinkDnBandwidth>=2421Kbps Specifier: <TelephonyNetworkSpecifier [mSubId = 1]> SubscriptionIds: {1}], Data RAT=14, dc=DC-C-2
02-18 15:50:19.204  2843  4538 D QCNEJ/WwanInfoRelay: onCapabilitiesChanged: 109 [ Transports: CELLULAR Capabilities: SUPL&INTERNET&NOT_RESTRICTED&TRUSTED&NOT_VPN&VALIDATED&NOT_ROAMING&FOREGROUND&NOT_CONGESTED&NOT_SUSPENDED&NOT_VCN_MANAGED LinkUpBandwidth>=15000Kbps LinkDnBandwidth>=2421Kbps Specifier: <TelephonyNetworkSpecifier [mSubId = 1]>]
02-18 15:50:19.206  2843  4538 I QCNEJ/WwanInfoRelay: cacheWwanInfo subId = 1 phoneId = 0 slotId = 0
02-18 15:50:19.214  3203  3672 D GsmCdmaPhone: [0] getDataConnectionState apnType=default ret=CONNECTED
02-18 15:50:19.219 19102 19152 I FirebasePerformance: Firebase Performance is Disabled
02-18 15:50:19.240  1075  1296 W VsyncModulator: setTransactionSchedule: Unexpected EarlyEnd
02-18 15:50:19.989     0     0 I         : smblib_usb_ov_and_uv_detect_work start..
02-18 15:50:20.052     0     0 I (virq   : irq_count)- 4:1156081 14:657358 214:555043 20:313366 295:287437 6:236645 304:103775 21:75972 1:64380 41:45512
02-18 15:50:20.052     0     0 I (cpu    : irq_count)- 0:1813747 1:1128804 2:253665 3:266105 4:58223 5:59989 6:50273 7:55491
02-18 15:50:20.052     0     0 I (ipi    : irq_count)- 0:3267110 1:1521164 2:0 3:0 4:12830 5:411257 6:0
02-18 15:50:20.572     0     0 I [charger info] usb: present=1 type=4 batt:present = 1 health = 1 charge_type = 1
02-18 15:50:20.572     0     0 I         : [charger info] batt_soc=100 batt_voltage=4404246 batt_current=0 batt_temp=302 usb_voltage=4935984 usb_current=211825
02-18 15:50:21.102  3203  3203 D SST     : [0] handleMessage: received event 12
02-18 15:50:21.104  2875  3435 D QtiRadiohidlIndication: onSignalStrengthChange: slotId = 0
02-18 15:50:21.104  2875  3435 D QtiRadioProxy: onSignalStrength slotId = 0 signalStrength = SignalStrength: Rsrp: -32768 Snr: -32768
02-18 15:50:21.104  2875  3633 D QtiRadioProxyHandler: : handleMessage msg.what = 11
02-18 15:50:21.105  2875  3633 D QtiRadioProxyHandler: : EVENT_ON_SIGNAL_STRENGTH
02-18 15:50:21.105  2875  3633 D QtiRadioProxy: onSignalStrength: Responding back for transaction = null
02-18 15:50:21.105  3203  3672 D ExtPhoneCallbackBase: UNIMPLEMENTED: onSignalStrength: slotId = 0 token = Token: -1 statusStatus: 1 signalStrength = SignalStrength: Rsrp: -32768 Snr: -32768
02-18 15:50:21.106  2875  3633 D QtiRadioProxy: onSignalStrength: Responding back for transaction = null
02-18 15:50:21.106  3203  3672 D ExtPhoneCallbackBase: UNIMPLEMENTED: onSignalStrength: slotId = 0 token = Token: -1 statusStatus: 1 signalStrength = SignalStrength: Rsrp: -32768 Snr: -32768
02-18 15:50:21.106  2875  3633 D QtiRadioProxy: onSignalStrength: Responding back for transaction = null
02-18 15:50:21.107  3203  3672 D ExtPhoneCallbackBase: UNIMPLEMENTED: onSignalStrength: slotId = 0 token = Token: -1 statusStatus: 1 signalStrength = SignalStrength: Rsrp: -32768 Snr: -32768
02-18 15:50:21.107  2875  3633 D QtiRadioProxy: onSignalStrength: Responding back for transaction = null
02-18 15:50:21.108  2547  2573 D ExtPhoneCallbackBase: UNIMPLEMENTED: onSignalStrength: slotId = 0 token = Token: -1 statusStatus: 1 signalStrength = SignalStrength: Rsrp: -32768 Snr: -32768
02-18 15:50:21.111  3203  3203 D RadioInfo: onSignalStrengthChanged: SignalStrength=SignalStrength:{mCdma=CellSignalStrengthCdma: cdmaDbm=2147483647 cdmaEcio=2147483647 evdoDbm=2147483647 evdoEcio=2147483647 evdoSnr=2147483647 level=0,mGsm=CellSignalStrengthGsm: rssi=2147483647 ber=2147483647 mTa=2147483647 mLevel=0,mWcdma=CellSignalStrengthWcdma: ss=2147483647 ber=2147483647 rscp=2147483647 ecno=2147483647 level=0,mTdscdma=CellSignalStrengthTdscdma: rssi=2147483647 ber=2147483647 rscp=2147483647 level=0,mLte=CellSignalStrengthLte: rssi=-65 rsrp=-102 rsrq=-17 rssnr=-3 cqiTableIndex=2147483647 cqi=2147483647 ta=2147483647 level=1 parametersUseForLevel=0,mNr=CellSignalStrengthNr:{ csiRsrp = 2147483647 csiRsrq = 2147483647 csiCqiTableIndex = 2147483647 csiCqiReport = [] ssRsrp = 2147483647 ssRsrq = 2147483647 ssSinr = 2147483647 level = 0 parametersUseForLevel = 0 },primary=CellSignalStrengthLte}
02-18 15:50:21.119  3203  3627 D Phone   : isImsCapabilityAvailable, capability=1, regTech=1, isAvailable=false
02-18 15:50:21.120  3203  3672 D Phone   : isImsCapabilityAvailable, capability=2, regTech=1, isAvailable=false
02-18 15:50:21.122  3203  3677 D Phone   : isImsCapabilityAvailable, capability=1, regTech=0, isAvailable=true
02-18 15:50:21.136  1075  1296 W VsyncModulator: setTransactionSchedule: Unexpected EarlyEnd
02-18 15:50:22.003     0     0 I         : smblib_usb_ov_and_uv_detect_work start..
02-18 15:50:22.445     0     0 I sd 0    : 0:0:0: [sda] Synchronizing SCSI cache
02-18 15:50:23.110  2207  2347 D CompatibilityInfo: mCompatibilityFlags - 0
02-18 15:50:23.110  2207  2347 D CompatibilityInfo: applicationDensity - 300
02-18 15:50:23.111  2207  2347 D CompatibilityInfo: applicationScale - 1.0
02-18 15:50:23.162  2207  2245 D CompatibilityInfo: mCompatibilityFlags - 0
02-18 15:50:23.162  2207  2245 D CompatibilityInfo: applicationDensity - 300
02-18 15:50:23.162  2207  2245 D CompatibilityInfo: applicationScale - 1.0
02-18 15:50:23.169 11742 26131 I NetworkScheduler.Stats: Task com.google.android.gms/com.google.android.gms.auth.account.be.legacy.AuthCronService started execution. cause:4 exec_start_elapsed_seconds: 6534 [CONTEXT service_id=218 ]
02-18 15:50:23.175 11742 25008 I NetworkScheduler.Stats: Task com.google.android.gms/com.google.android.gms.auth.account.be.legacy.AuthCronService finished executing. cause:4 result: 1 elapsed_millis: 27 uptime_millis: 27 exec_start_elapsed_seconds: 6534 [CONTEXT service_id=218 ]
02-18 15:50:23.640     0     0 I [charger info] usb: present=1 type=4 batt:present = 1 health = 1 charge_type = 1
02-18 15:50:23.640     0     0 I         : [charger info] batt_soc=100 batt_voltage=4404246 batt_current=0 batt_temp=302 usb_voltage=4900688 usb_current=376295
02-18 15:50:24.019     0     0 I         : smblib_usb_ov_and_uv_detect_work start..
02-18 15:50:24.117  3203  3203 D SST     : [0] handleMessage: received event 12
02-18 15:50:24.118  2875  3435 D QtiRadiohidlIndication: onSignalStrengthChange: slotId = 0
02-18 15:50:24.118  2875  3435 D QtiRadioProxy: onSignalStrength slotId = 0 signalStrength = SignalStrength: Rsrp: -32768 Snr: -32768
02-18 15:50:24.119  2875  3633 D QtiRadioProxyHandler: : handleMessage msg.what = 11
02-18 15:50:24.119  2875  3633 D QtiRadioProxyHandler: : EVENT_ON_SIGNAL_STRENGTH
02-18 15:50:24.119  2875  3633 D QtiRadioProxy: onSignalStrength: Responding back for transaction = null
02-18 15:50:24.120  3203  3677 D ExtPhoneCallbackBase: UNIMPLEMENTED: onSignalStrength: slotId = 0 token = Token: -1 statusStatus: 1 signalStrength = SignalStrength: Rsrp: -32768 Snr: -32768
02-18 15:50:24.120  2875  3633 D QtiRadioProxy: onSignalStrength: Responding back for transaction = null
02-18 15:50:24.121  3203  3672 D ExtPhoneCallbackBase: UNIMPLEMENTED: onSignalStrength: slotId = 0 token = Token: -1 statusStatus: 1 signalStrength = SignalStrength: Rsrp: -32768 Snr: -32768
02-18 15:50:24.121  2875  3633 D QtiRadioProxy: onSignalStrength: Responding back for transaction = null
02-18 15:50:24.121  3203  3672 D ExtPhoneCallbackBase: UNIMPLEMENTED: onSignalStrength: slotId = 0 token = Token: -1 statusStatus: 1 signalStrength = SignalStrength: Rsrp: -32768 Snr: -32768
02-18 15:50:24.122  2875  3633 D QtiRadioProxy: onSignalStrength: Responding back for transaction = null
02-18 15:50:24.122  2547  2573 D ExtPhoneCallbackBase: UNIMPLEMENTED: onSignalStrength: slotId = 0 token = Token: -1 statusStatus: 1 signalStrength = SignalStrength: Rsrp: -32768 Snr: -32768
02-18 15:50:24.129  3203  3203 D RadioInfo: onSignalStrengthChanged: SignalStrength=SignalStrength:{mCdma=CellSignalStrengthCdma: cdmaDbm=2147483647 cdmaEcio=2147483647 evdoDbm=2147483647 evdoEcio=2147483647 evdoSnr=2147483647 level=0,mGsm=CellSignalStrengthGsm: rssi=2147483647 ber=2147483647 mTa=2147483647 mLevel=0,mWcdma=CellSignalStrengthWcdma: ss=2147483647 ber=2147483647 rscp=2147483647 ecno=2147483647 level=0,mTdscdma=CellSignalStrengthTdscdma: rssi=2147483647 ber=2147483647 rscp=2147483647 level=0,mLte=CellSignalStrengthLte: rssi=-65 rsrp=-101 rsrq=-17 rssnr=-4 cqiTableIndex=2147483647 cqi=2147483647 ta=2147483647 level=0 parametersUseForLevel=0,mNr=CellSignalStrengthNr:{ csiRsrp = 2147483647 csiRsrq = 2147483647 csiCqiTableIndex = 2147483647 csiCqiReport = [] ssRsrp = 2147483647 ssRsrq = 2147483647 ssSinr = 2147483647 level = 0 parametersUseForLevel = 0 },primary=CellSignalStrengthLte}
02-18 15:50:24.133  3203  3677 D Phone   : isImsCapabilityAvailable, capability=1, regTech=1, isAvailable=false
02-18 15:50:24.134  3203  3677 D Phone   : isImsCapabilityAvailable, capability=2, regTech=1, isAvailable=false
02-18 15:50:24.137  3203  3672 D Phone   : isImsCapabilityAvailable, capability=1, regTech=0, isAvailable=true
02-18 15:50:24.146  1075  1296 W VsyncModulator: setTransactionSchedule: Unexpected EarlyEnd
02-18 15:50:24.153     0     0 W healthd : battery l=100 v=4404 t=30.3 h=2 st=5 c=0 fc=4529000 cc=0 chg=u
02-18 15:50:24.161     0     0 I QG-K    : qg_somc_jeita_step_charge_work: [FULL] condition=3, chip->target_idx=14
02-18 15:50:24.161     0     0 I QG-K    : qg_somc_jeita_step_charge_work: exit step_work input_present:1 status:4
02-18 15:50:24.590     0     0 I logd    : logdr: UID=2000 GID=2000 PID=28288 b tail=0 logMask=bf pid=0 start=0ns deadline=0ns
02-18 15:50:25.669  2207  4017 D WifiService: thread start to send msg to get the temperature
02-18 15:50:25.672  2207  2207 D WifiService: /sys/class/thermal/thermal_zone88/temp content is 32696
02-18 15:50:25.673  2207  2207 D WifiService:  get thermal zone88 temper=32696
02-18 15:50:25.948  3203  3203 D RILJ    : [1837]> GET_ACTIVITY_INFO [PHONE0]
02-18 15:50:25.953  3203  3402 D RILJ    : [1837]< GET_ACTIVITY_INFO ModemActivityInfo{ mTimestamp=6536992 mSleepTimeMs=12101 mIdleTimeMs=712 mTxTimeMs[]=[32, 294, 154, 16, 4] mRxTimeMs=18174} [PHONE0]
02-18 15:50:25.954  2207  2245 D TelephonyManager: requestModemActivityInfo: Sending result to app: ModemActivityInfo{ mTimestamp=6536992 mSleepTimeMs=3678706 mIdleTimeMs=267393 mTxTimeMs[]=[30226, 49218, 19247, 7779, 4563] mRxTimeMs=2454835}
02-18 15:50:25.959   853   993 I netd    : trafficSwapActiveStatsMap() <1.16ms>
02-18 15:50:25.965   853   993 I netd    : tetherGetStats() -> {[]} <3.07ms>
02-18 15:50:26.035     0     0 I         : smblib_usb_ov_and_uv_detect_work start..
02-18 15:50:26.301  2547  2547 I sysui_multi_action: [757,925,758,4,759,112,927,3,928,0,1592,0,1593,0]
02-18 15:50:26.302  2547  2720 I sysui_multi_action: [757,112,758,4,759,1]
02-18 15:50:26.310  3216  3216 W QCC:airplaneModeListener: Received ACTION_AIRPLANE_MODE_CHANGED
02-18 15:50:26.310  3216  3216 I QCC:EventsManager: Airplane mode is turned ON
--------- beginning of system
02-18 15:50:26.310  2207  2347 W BroadcastQueue: Background execution not allowed: receiving Intent { act=android.intent.action.AIRPLANE_MODE flg=0x10 (has extras) } to jp.co.nttdocomo.lcsapp/.receiver.PictController
02-18 15:50:26.311  2207  2347 W BroadcastQueue: Background execution not allowed: receiving Intent { act=android.intent.action.AIRPLANE_MODE flg=0x10 (has extras) } to jp.co.nttdocomo.lcsapp/.receiver.NotificationCounter
02-18 15:50:26.311  2207  2347 W BroadcastQueue: Background execution not allowed: receiving Intent { act=android.intent.action.AIRPLANE_MODE flg=0x10 (has extras) } to jp.co.nttdocomo.lcsapp/.receiver.SettingReqCounter
02-18 15:50:26.311 25152 25152 I PictController: onReceive() android.intent.action.AIRPLANE_MODE
02-18 15:50:26.311 12220 12220 I DeviceStatusMonitor: DeviceStatusMonitor$1.onReceive():58 onReceive() : Action = android.intent.action.AIRPLANE_MODE
02-18 15:50:26.312   998  9184 D audio_hw_primary: start_output_stream: enter: stream(0xed644330)usecase(1: low-latency-playback) devices(0x2) is_haptic_usecase(0)
02-18 15:50:26.313   998  9184 D audio_hw_primary: select_devices for use case (low-latency-playback)
02-18 15:50:26.313   998  9184 I msm8974_platform: platform_check_and_set_codec_backend_cfg:becf: afe: bitwidth 16, samplerate 48000 channels 2, backend_idx 0 usecase = 1 device (speaker)
02-18 15:50:26.313   998  9184 I msm8974_platform: platform_check_and_set_codec_backend_cfg: new_snd_devices[0] is 2
02-18 15:50:26.313   998  9184 I msm8974_platform: platform_check_codec_backend_cfg:becf: afe: bitwidth 16, samplerate 48000 channels 2, backend_idx 0 usecase = 1 device (speaker)
02-18 15:50:26.313  2766  2766 D GsmCellBroadcastHandler: Airplane mode on.
02-18 15:50:26.313  2766  2766 D CellBroadcastHandler: Airplane mode on.
02-18 15:50:26.314   998  9184 D msm8974_platform: platform_check_codec_backend_cfg:becf: updated afe: bitwidth 16, samplerate 48000 channels 2,backend_idx 0 usecase = 1 device (speaker)
02-18 15:50:26.314   998  9184 I msm8974_platform: platform_check_codec_backend_cfg:becf: afe: Codec selected backend: 0 updated bit width: 16 and sample rate: 48000
02-18 15:50:26.314   998  9184 D audio_hw_primary: check_usecases_codec_backend:becf: force routing 0
02-18 15:50:26.314   998  9184 D audio_hw_primary: check_usecases_codec_backend:becf: (85) check_usecases curr device: speaker, usecase device: backends match 0
02-18 15:50:26.314   998  9184 D audio_hw_primary: check_usecases_codec_backend:becf: check_usecases num.of Usecases to switch 0
02-18 15:50:26.314   998  9184 W msm8974_platform: platform_get_backend_index:napb: Invalid device - 0 
02-18 15:50:26.314   998  9184 D hardware_info: hw_info_append_hw_type : device_name = speaker
02-18 15:50:26.314   998  9184 D audio_hw_primary: enable_snd_device: snd_device(2: speaker)
02-18 15:50:26.314   998  9184 D msm8974_platform: platform_get_island_cfg_on_device:island cfg status on snd_device = (speaker 0)
02-18 15:50:26.314   998  9184 I soundtrigger: audio_extn_sound_trigger_update_device_status: device 0x2 of type 0 for Event 1, with Raise=0
02-18 15:50:26.314   998  9184 D audio_route: Apply path: speaker
02-18 15:50:26.314  5163  5163 D AirplaneModeModule: setAirplaneModeOverride: false
02-18 15:50:26.326     0     0 I [aw87xxx_pa_1_58]aw87xxx_show_current_mode: aw87559_i2c1@0x58 current_mode: 0, pa_channel: 0
02-18 15:50:26.326     0     0 I aw87xxx_mode_get_0: get mode:0
02-18 15:50:26.327     0     0 I         : [aw87xxx_pa_1_58]aw87xxx_audio_scene_load enter, mode=1, pa_channel=0
02-18 15:50:26.327     0     0 I         : [aw87xxx_pa_1_58]aw87xxx_scene_reg_update enter, mode: 1
02-18 15:50:26.327     0     0 I         : [aw87xxx_pa_1_58]aw87xxx_hw_on enter
02-18 15:50:26.316 11742 11902 W Settings: Setting airplane_mode_on has moved from android.provider.Settings.System to android.provider.Settings.Global, returning read-only value.
02-18 15:50:26.317  5163  5163 D AirplaneModeModule: onReceive: airplane=true,override=false
02-18 15:50:26.318  1075  3359 W VsyncModulator: setTransactionSchedule: Unexpected EarlyEnd
02-18 15:50:26.318  2207  2339 D BluetoothManagerService: Bluetooth persisted state: 0
02-18 15:50:26.318  2207  2339 D BluetoothManagerService: Airplane Mode change - current state:  OFF, isAirplaneModeOn()=true
02-18 15:50:26.319  2207  2339 D BluetoothManagerService: Airplane ON: sendDisableMsg
02-18 15:50:26.319  2207  2339 D BluetoothManagerService: MESSAGE_DISABLE: mBluetooth = null, mBinding = false mEnable = false
02-18 15:50:26.319  2207  2339 D BluetoothManagerService: MESSAGE_DISABLE: handleDisable
02-18 15:50:26.321  2207  2874 I Telecom : : isInEmergencyCall: false: TSI.iIEC@B+A
02-18 15:50:26.322  3203  3203 I PhoneGlobals: Turning radio off - airplane
02-18 15:50:26.324 12220 12220 I DeviceStatusMonitor: DeviceStatusMonitor.notifyIfNetworkChanged():162 notifyIfNetworkChanged: newState = METERED, airplaneModeOn = true, notifyAnyway = false
02-18 15:50:26.326 12220 12220 I NetworkInfoNotification: NetworkInfoNotification$Listener.onReceive():98 onNetworkLost: networkState = METERED, isAirplaneModeOn = true
02-18 15:50:26.327  4615  4656 I android_os_HwBinder: HwBinder: Starting thread pool for getting: vendor.semc.system.idd@1.0::IIdd/default
02-18 15:50:26.328  2207  2438 D WifiController: Airplane mode toggled, shutdown all modes
02-18 15:50:26.328  5163  5163 D ClfStateCoordinatorService: updateDeviceState: reqNfcDisabled=true,clfLock=false
02-18 15:50:26.328  5163  5163 I ClfStateCoordinatorService: onDeviceStateChanged: NFC must be disabled
02-18 15:50:26.328  2207  2438 D WifiActiveModeWarden: Shutting down all mode managers
02-18 15:50:26.328  2207  2438 D WifiClientModeManager[wlan0]:  currentstate: ConnectModeState
02-18 15:50:26.329 11742 11944 W Settings: Setting airplane_mode_on has moved from android.provider.Settings.System to android.provider.Settings.Global, returning read-only value.
02-18 15:50:26.330  5163  5163 D NfcStateProvider: update: content://com.sonymobile.nfc.nfcstate.provider/nfcstate
02-18 15:50:26.331  5163  5163 D NfcStateProvider: updateNfcState: setting=false,caller=5163
02-18 15:50:26.331  5163  5163 D NfcStateProvider: updateNfcState: NFC setting was temporarily changed
02-18 15:50:26.331  2547  2547 W View    : requestLayout() improperly called by com.android.keyguard.AlphaOptimizedLinearLayout{936d335 I.E...... ......ID 0,0-69,41 #7f0b0382 app:id/mobile_group} during layout: running second layout pass
02-18 15:50:26.331  2547  2547 W View    : requestLayout() improperly called by android.widget.ImageView{b043ca I.ED..... ......I. 0,0-0,0 #7f0b0678 app:id/wifi_calling} during layout: running second layout pass
02-18 15:50:26.331  2547  2547 W View    : requestLayout() improperly called by StatusBarIconView(slot=mobile icon=null notification=null) during layout: running second layout pass
02-18 15:50:26.332   998  9184 D soundtrigger: audio_extn_sound_trigger_update_stream_status: uc_info->id 1 of type 0 for Event 3, with Raise=0
02-18 15:50:26.332   998  9184 D audio_hw_utils: audio_extn_utils_send_app_type_cfg: usecase->out_snd_device speaker
02-18 15:50:26.332   998  9184 I audio_hw_utils: send_app_type_cfg_for_device PLAYBACK app_type 69937, acdb_dev_id 14, sample_rate 48000, snd_device_be_idx 189
02-18 15:50:26.333  2207  2207 D WifiP2pService: Wifi enabled=false
02-18 15:50:26.333  2843  4530 D QCNEJ/WlanStaInfoRelay: onChange for uri = content://settings/global/wifi_on
02-18 15:50:26.333   998  9184 D ACDB-LOADER: ACDB -> send_audio_cal, acdb_id = 14, path = 0, app id = 0x11131, sample rate = 48000, use_case = 0,buffer_idx_w_path =0, afe_sample_rate = 48000, cal_mode = 1, offset_index = 0
02-18 15:50:26.333   998  9184 D ACDB-LOADER: ACDB -> send_asm_topology
02-18 15:50:26.333   998  9184 D ACDB-LOADER: ACDB -> ACDB_CMD_GET_AUDPROC_STREAM_TOPOLOGY_ID
02-18 15:50:26.333   998  9184 D ACDB-LOADER: ACDB -> send_adm_topology
02-18 15:50:26.333   998  9184 D ACDB-LOADER: ACDB -> ACDB_CMD_GET_AUDPROC_COMMON_TOPOLOGY_ID
02-18 15:50:26.333   998  9184 D ACDB-LOADER: ACDB -> send_audtable
02-18 15:50:26.333   998  9184 D ACDB-LOADER: ACDB -> ACDB_CMD_GET_AUDPROC_INSTANCE_COMMON_TABLE_SIZE
02-18 15:50:26.334   998  9184 D ACDB-LOADER: ACDB -> ACDB_CMD_GET_AUDPROC_INSTANCE_COMMON_TABLE
02-18 15:50:26.334   998  9184 D ACDB-LOADER: ACDB -> AUDIO_SET_AUDPROC_CAL cal_type[11] acdb_id[14] app_type[69937]
02-18 15:50:26.334   998  9184 D ACDB-LOADER: ACDB -> send_audvoltable
02-18 15:50:26.334   998  9184 D ACDB-LOADER: ACDB -> ACDB_CMD_GET_AUDPROC_INSTANCE_GAIN_DEP_STEP_TABLE_SIZE
02-18 15:50:26.334   998  9184 D android.hardware.audio.service: Failed to fetch the lookup information of the device 0000000E 
02-18 15:50:26.334   998  9184 D ACDB-LOADER: Error: ACDB_CMD_GET_AUDPROC_INSTANCE_GAIN_DEP_STEP_TABLE_SIZE Returned = -19
02-18 15:50:26.334   998  9184 D ACDB-LOADER: ACDB -> ACDB_CMD_GET_AUDPROC_INSTANCE_GAIN_DEP_STEP_TABLE, vol index 0
02-18 15:50:26.334   998  9184 D android.hardware.audio.service: Failed to fetch the lookup information of the device 0000000E 
02-18 15:50:26.334   998  9184 D ACDB-LOADER: Error: ACDB AudProc vol returned = -19
02-18 15:50:26.334   998  9184 D ACDB-LOADER: ACDB -> AUDIO_SET_VOL_CAL cal type = 12
02-18 15:50:26.334   998  9184 D ACDB-LOADER: ACDB -> ACDB_CMD_GET_AUDPROC_INSTANCE_STREAM_TABLE_SIZE
02-18 15:50:26.334   998  9184 D ACDB-LOADER: ACDB -> send_audstrmtable
02-18 15:50:26.334   998  9184 D ACDB-LOADER: ACDB -> ACDB_CMD_GET_AUDPROC_INSTANCE_STREAM_TABLE
02-18 15:50:26.334   998  9184 D ACDB-LOADER: ACDB -> audstrm_cal->cal_type.cal_data.cal_size = 20
02-18 15:50:26.334   998  9184 D ACDB-LOADER: ACDB -> send_afe_topology
02-18 15:50:26.334   998  9184 D ACDB-LOADER: ACDB -> ACDB_CMD_GET_AFE_TOPOLOGY_ID
02-18 15:50:26.334   998  9184 D ACDB-LOADER: ACDB -> GET_AFE_TOPOLOGY_ID for adcd_id 14, Topology Id 1000ff01
02-18 15:50:26.334   998  9184 D ACDB-LOADER: ACDB -> send_afe_cal
02-18 15:50:26.334   998  9184 D ACDB-LOADER: ACDB -> ACDB_CMD_GET_AFE_INSTANCE_COMMON_TABLE_SIZE
02-18 15:50:26.334   998  9184 D ACDB-LOADER: ACDB -> ACDB_CMD_GET_AFE_INSTANCE_COMMON_TABLE
02-18 15:50:26.334   998  9184 D ACDB-LOADER: ACDB -> AUDIO_SET_AFE_CAL cal_type[16] acdb_id[14]
02-18 15:50:26.334   998  9184 D ACDB-LOADER: ACDB -> send_hw_delay : acdb_id = 14 path = 0
02-18 15:50:26.334   998  9184 D ACDB-LOADER: ACDB -> ACDB_AVSYNC_INFO: ACDB_CMD_GET_DEVICE_PROPERTY
02-18 15:50:26.334   998  9184 D audio_hw_primary: enable_audio_route: apply mixer and update path: low-latency-playback
02-18 15:50:26.334   998  9184 D audio_route: Apply path: low-latency-playback
02-18 15:50:26.335   998  9184 D audio_hw_primary: select_devices: done
02-18 15:50:26.335   998  9184 D msm8974_platform: platform_set_channel_map mixer_ctl_name:Playback Channel Map9
02-18 15:50:26.335  2207  2482 E WifiAwareNativeApi: disable: null interface
02-18 15:50:26.335   998  9184 D msm8974_platform: platform_set_channel_map: set mapping(1 2 0 0 0 0 0 0) for channel:2
02-18 15:50:26.335 12220 28293 I NetworkInfoNotification: NetworkInfoNotification$Listener.onReceive():98 onNetworkLost: networkState = METERED, isAirplaneModeOn = true
02-18 15:50:26.336  2547  2547 W View    : requestLayout() improperly called by com.android.keyguard.AlphaOptimizedLinearLayout{b3b54c3 I.E...... ......ID 0,0-69,41 #7f0b0382 app:id/mobile_group} during layout: running second layout pass
02-18 15:50:26.337  2547  2547 W View    : requestLayout() improperly called by android.widget.ImageView{372f950 I.ED..... ......I. 0,0-0,0 #7f0b0678 app:id/wifi_calling} during layout: running second layout pass
02-18 15:50:26.337  2547  2547 W View    : requestLayout() improperly called by StatusBarIconView(slot=mobile icon=null notification=null) during layout: running second layout pass
02-18 15:50:26.337  2547  2547 W View    : requestLayout() improperly called by com.android.keyguard.AlphaOptimizedLinearLayout{de8b140 I.E...... ......ID 0,0-69,41 #7f0b0382 app:id/mobile_group} during layout: running second layout pass
02-18 15:50:26.337  2547  2547 W View    : requestLayout() improperly called by android.widget.ImageView{9952879 I.ED..... ......I. 0,0-0,0 #7f0b0678 app:id/wifi_calling} during layout: running second layout pass
02-18 15:50:26.337  2207  2482 E WifiAwareStateManager: onDisableResponseLocal: FAILED!? command={ when=-1h43m8s916ms what=1 arg1=124 target=com.android.wifi.x.com.android.internal.util.StateMachine$SmHandler }, reason=9
02-18 15:50:26.337  2547  2547 W View    : requestLayout() improperly called by StatusBarIconView(slot=mobile icon=null notification=null) during layout: running second layout pass
02-18 15:50:26.339 12220 28292 I NetworkInfoNotification: NetworkInfoNotification$Listener.onReceive():98 onNetworkLost: networkState = METERED, isAirplaneModeOn = true
02-18 15:50:26.339  4615  4656 I android_os_HwBinder: HwBinder: Starting thread pool for getting: vendor.semc.system.idd@1.0::IIdd/default
02-18 15:50:26.342  5163  5163 D NfcModule: handleNfcStateChangeRequest: enable=false,result=true
02-18 15:50:26.342  5163  5163 D ClfLockIconModule: onClfLockStateChanged: locked=false
02-18 15:50:26.342  3203  3677 D Phone   : isImsCapabilityAvailable, capability=1, regTech=1, isAvailable=false
02-18 15:50:26.342  2207  2438 D WifiClientModeManager[wlan0]: IMS not registered over IWLAN for subId: 1
02-18 15:50:26.342  4906  5195 I NfcService: Disabling NFC 
02-18 15:50:26.342  2207  2438 D WifiClientModeManager[wlan0]: The target role change info null
02-18 15:50:26.342  2207  2438 D WifiClientModeManager[wlan0]: Continue to stop wifi
02-18 15:50:26.343  2207  2438 D WifiClientModeManager[wlan0]: Stopping ClientModeImpl
02-18 15:50:26.344  2207  2207 D WifiP2pService: Wifi enabled=false
02-18 15:50:26.344  3203  3203 D SST     : [0] setRadioPower power false forEmergencyCall false forceApply false reason 0
02-18 15:50:26.344  3203  3203 D SST     : [0] setPowerStateToDesired: mDeviceShuttingDown=false, mDesiredPowerState=false, getRadioState=1, mRadioDisabledByCarrier=false, IMS reg state=true, pending radio off=false
02-18 15:50:26.344  3203  3203 D SST     : [0] setPowerStateToDesired: powering off
02-18 15:50:26.344  3203  3203 D QtiDCT-C: [0]areAllDataDisconnected false due to DC: DC-C-1
02-18 15:50:26.344  3203  3203 D QtiDCT-C: [0]cleanUpAllConnections
02-18 15:50:26.344  3203  3203 D QtiDCT-I: [0]cleanUpAllConnections
02-18 15:50:26.344  3203  3203 D SST     : [0] powerOffRadioSafely: Wait up to 30s for data to isconnect, then turn off radio.
02-18 15:50:26.344  3203  3203 D NewNitzStateMachineImpl: handleAirplaneModeChanged(true): countryIsoCode=null
02-18 15:50:26.345  3203  3203 D NewNitzStateMachineImpl: doTimeZoneDetection: countryIsoCode=null, nitzSignal=null, suggestion=TelephonyTimeZoneSuggestion{mSlotIndex=0, mZoneId='null', mMatchType=0, mQuality=0, mDebugInfo=[getTimeZoneSuggestion: nitzSignal=null, countryIsoCode=null, Detection reason=handleAirplaneModeChanged(true)]}, reason=handleAirplaneModeChanged(true)
02-18 15:50:26.346  3203  3203 D WfcRegistrationManager: action = android.intent.action.AIRPLANE_MODE
02-18 15:50:26.346  3203  3203 D WfcRegistrationManager: isAirplaneModeOn: result = true
02-18 15:50:26.347  1019  1019 W android.hardware.wifi@1.0-service: No active wlan interfaces in use! Using default
02-18 15:50:26.349  4906  5195 D NfcService: DeInit wired Se
02-18 15:50:26.349  4906  5195 D NfcService: New Watchdog: WatchDog Thread ID is 341
02-18 15:50:26.350  4906  4906 E NfcService: Error in invoking wiredSeDeInitialize invocation
02-18 15:50:26.350  4906  5195 D NfcService: clear T3t Identifiers Cache
02-18 15:50:26.350  4906  5195 I libnfc_nci: [INFO:NativeNfcManager.cpp(2214)] nfcManager_doDeinitialize: enter
02-18 15:50:26.350  4906  5195 I libnfc_nci: [INFO:NativeNfcManager.cpp(2742)] handleWiredmode: enter, isShutdown 0
02-18 15:50:26.350  4906  5195 I libnfc_nci: [INFO:SecureElement.cpp(1407)] set EE mode = 0x0
02-18 15:50:26.350  4906  5195 I libnfc_nci: [INFO:SecureElement.cpp(1142)] SecElem_EeModeSet:Enter mode = 0
02-18 15:50:26.350  4906  5195 I libnfc_nci: [INFO:nfa_ee_api.cc(337)] handle:<0x4c0>, mode:0x00
02-18 15:50:26.350  4906  5195 I libnfc_nci: [INFO:gki_buffer.cc(326)] GKI_getbuf 0xb4000072a94c3060 39:43
02-18 15:50:26.350  4906 27457 I libnfc_nci: [INFO:nfa_sys_main.cc(96)] NFA got event 0x0203
02-18 15:50:26.350  4906 27457 I libnfc_nci: [INFO:nfa_ee_main.cc(683)] Event API_MODE_SET(0x203), State: INIT_DONE(1)
02-18 15:50:26.350  4906 27457 I libnfc_nci: [INFO:nfa_ee_act.cc(1030)] handle:0xc0 mode:0
02-18 15:50:26.351  4906 27457 I libnfc_nci: [INFO:gki_buffer.cc(326)] GKI_getbuf 0xb40000736949ff80 40:43
02-18 15:50:26.351  4906 27457 I libnfc_nci: [INFO:nfc_ncif.cc(491)] nfc_ncif_send_cmd()
02-18 15:50:26.351  4906 27457 I libnfc_nci: [INFO:nfc_ncif.cc(144)] check_and_store_last_cmd:
02-18 15:50:26.351  4906 27457 I libnfc_nci: [INFO:NfcAdaptation.cc(748)] NfcAdaptation::HalWrite
02-18 15:50:26.351  3203  3203 D WfcRegistrationManager: isWfcAvailable = false
02-18 15:50:26.351  3203  3203 D AirplaneModeStats: Airplane mode change. Value: true
02-18 15:50:26.351  3203  3203 D AirplaneModeStats: Airplane mode: true, short=false, carrierId=1435
02-18 15:50:26.351  3203  3203 E CarrierActionAgent: [0]Unsupported action: 4
02-18 15:50:26.351  3203  3203 D CarrierActionAgent: [0]EVENT_APM_SETTINGS_CHANGED
02-18 15:50:26.353   672 27463 D NxpTml  : PN54X - Write requested.....
02-18 15:50:26.353   672 27463 D NxpTml  : PN54X - Invoking I2C Write.....
02-18 15:50:26.353  3203  3203 D CarrierSignalAgent: [0]Sending signal android.telephony.action.CARRIER_SIGNAL_RESET to the carrier signal receiver: ComponentInfo{com.android.carrierdefaultapp/com.android.carrierdefaultapp.CarrierDefaultBroadcastReceiver}
02-18 15:50:26.353  3203  3203 D QtiDCT-C: [0]cleanUpAllConnectionsInternal: detach=true reason=radioTurnedOff
02-18 15:50:26.354  3203  3203 D QtiDCT-C: [0]cleanUpConnectionInternal: X detach=true reason=radioTurnedOff apnContext={mApnType=xcap mState=IDLE mWaitingApns={[] priority=3} mApnSetting={null} mReason=radioTurnedOff mDataEnabled=false} dc=null
02-18 15:50:26.354  3203  3203 D QtiDCT-C: [0]cleanUpConnectionInternal: X detach=true reason=radioTurnedOff apnContext={mApnType=mcx mState=IDLE mWaitingApns={[] priority=3} mApnSetting={null} mReason=radioTurnedOff mDataEnabled=false} dc=null
02-18 15:50:26.354  3203  3203 D QtiDCT-C: [0]cleanUpConnectionInternal: X detach=true reason=radioTurnedOff apnContext={mApnType=fota mState=IDLE mWaitingApns={[] priority=2} mApnSetting={null} mReason=radioTurnedOff mDataEnabled=false} dc=null
02-18 15:50:26.354  3203  3203 D QtiDCT-C: [0]cleanUpConnectionInternal: X detach=true reason=radioTurnedOff apnContext={mApnType=enterprise mState=IDLE mWaitingApns={[] priority=0} mApnSetting={null} mReason=radioTurnedOff mDataEnabled=false} dc=null
02-18 15:50:26.354  3203  3203 D QtiDCT-C: [0]cleanUpConnectionInternal: X detach=true reason=radioTurnedOff apnContext={mApnType=supl mState=IDLE mWaitingApns={[] priority=2} mApnSetting={null} mReason=radioTurnedOff mDataEnabled=false} dc=null
02-18 15:50:26.354  3203  3203 D QtiDCT-C: [0]cleanUpConnectionInternal: X detach=true reason=radioTurnedOff apnContext={mApnType=emergency mState=IDLE mWaitingApns={[] priority=2} mApnSetting={null} mReason=radioTurnedOff mDataEnabled=false} dc=null
02-18 15:50:26.354  3203  3203 D QtiDCT-C: [0]cleanUpConnectionInternal: X detach=true reason=radioTurnedOff apnContext={mApnType=hipri mState=IDLE mWaitingApns={[] priority=3} mApnSetting={null} mReason=radioTurnedOff mDataEnabled=false} dc=null
02-18 15:50:26.354  3203  3203 D QtiDCT-C: [0]cleanUpConnectionInternal: tearing down using gen#5apnContext={mApnType=ims mState=CONNECTED mWaitingApns={[[ApnSettingV7] 中国移动 (China Mobile) NET IMS, 2738, 46002, ims, , null, , null, null, -1, ims, IPV4V6, IPV4V6, true, 0, false, 0, 0, 0, 0, null, , false, 0, 0, 1435, -1] priority=2} mApnSetting={[ApnSettingV7] 中国移动 (China Mobile) NET IMS, 2738, 46002, ims, , null, , null, null, -1, ims, IPV4V6, IPV4V6, true, 0, false, 0, 0, 0, 0, null, , false, 0, 0, 1435, -1} mReason=radioTurnedOff mDataEnabled=true}
02-18 15:50:26.354  5163  5163 D NfcModule: onReceive: state=TURNING_OFF
02-18 15:50:26.354  3203  3203 D DC-C-1  : tearDown: apnContext={mApnType=ims mState=CONNECTED mWaitingApns={[[ApnSettingV7] 中国移动 (China Mobile) NET IMS, 2738, 46002, ims, , null, , null, null, -1, ims, IPV4V6, IPV4V6, true, 0, false, 0, 0, 0, 0, null, , false, 0, 0, 1435, -1] priority=2} mApnSetting={[ApnSettingV7] 中国移动 (China Mobile) NET IMS, 2738, 46002, ims, , null, , null, null, -1, ims, IPV4V6, IPV4V6, true, 0, false, 0, 0, 0, 0, null, , false, 0, 0, 1435, -1} mReason=radioTurnedOff mDataEnabled=true} reason=radioTurnedOff onCompletedMsg={ when=-1h43m8s934ms what=270351 obj=Pair{{mApnType=ims mState=CONNECTED mWaitingApns={[[ApnSettingV7] 中国移动 (China Mobile) NET IMS, 2738, 46002, ims, , null, , null, null, -1, ims, IPV4V6, IPV4V6, true, 0, false, 0, 0, 0, 0, null, , false, 0, 0, 1435, -1] priority=2} mApnSetting={[ApnSettingV7] 中国移动 (China Mobile) NET IMS, 2738, 46002, ims, , null, , null, null, -1, ims, IPV4V6, IPV4V6, true, 0, false, 0, 0, 0, 0, null, , false, 0, 0, 1435, -1} mReason=radioTurnedOff mDataEnabled=true} 5} target=com.qualcomm.qti.internal.telephony.dataconnection.QtiDcTracker }
02-18 15:50:26.354  4615  4656 I android_os_HwBinder: HwBinder: Starting thread pool for getting: vendor.semc.system.idd@1.0::IIdd/default
02-18 15:50:26.355  3203  3203 D QtiDCT-C: [0]cancelReconnect: apn={mApnType=ims mState=DISCONNECTING mWaitingApns={[[ApnSettingV7] 中国移动 (China Mobile) NET IMS, 2738, 46002, ims, , null, , null, null, -1, ims, IPV4V6, IPV4V6, true, 0, false, 0, 0, 0, 0, null, , false, 0, 0, 1435, -1] priority=2} mApnSetting={[ApnSettingV7] 中国移动 (China Mobile) NET IMS, 2738, 46002, ims, , null, , null, null, -1, ims, IPV4V6, IPV4V6, true, 0, false, 0, 0, 0, 0, null, , false, 0, 0, 1435, -1} mReason=radioTurnedOff mDataEnabled=true}
02-18 15:50:26.339     0     0 I aw87xxx_mode_set_0: set mode:1 success
02-18 15:50:26.360     0     0 I afe_get_cal_topology_id: port_id = 0xb032 acdb_id = 14 topology_id = 0x1000ff01 cal_type_index=8 ret=0
02-18 15:50:26.362     0     0 I afe_send_hw_delay: port_id 0xb032 rate 48000 delay_usec 474 status 0
02-18 15:50:26.355   672 27463 D NxpNciX : len =   5 > 220102C000
02-18 15:50:26.356   672 27463 D NxpTml  : PN54X - I2C Write successful.....
02-18 15:50:26.356   672 27463 D NxpTml  : PN54X - Posting Fresh Write message.....
02-18 15:50:26.356   672 27463 D NxpTml  : PN54X - Tml Writer Thread Running................
02-18 15:50:26.356  2207  2438 I android_os_HwBinder: HwBinder: Starting thread pool for getting: android.hardware.wifi.supplicant@1.0::ISupplicant/default
02-18 15:50:26.356   672 27465 D NxpHal  : write successful status = 0x0
02-18 15:50:26.357 27467 27467 E wpa_supplicant: eap_proxy: eap_proxy_notify_config
02-18 15:50:26.357 27467 27467 E wpa_supplicant: eap_proxy: eap_proxy_notify_config
02-18 15:50:26.357   672 27462 D NxpTml  : PN54X - I2C Read successful.....
02-18 15:50:26.357   672 27462 D NxpNciR : len =   4 > 42010100
02-18 15:50:26.357   672 27462 D NxpTml  : PN54X - Posting read message.....
02-18 15:50:26.358   672 27465 D NxpHal  : read successful status = 0x0
02-18 15:50:26.358 27467 27467 E wpa_supplicant: eap_proxy: pthread_join on eap_proxy=0x63e1c4ff60
02-18 15:50:26.358 27467 27467 E wpa_supplicant: eap_proxy: session not started for client = 1
02-18 15:50:26.358  4906  5055 I libnfc_nci: [INFO:gki_buffer.cc(326)] GKI_getbuf 0xb40000736949ff80 39:43
02-18 15:50:26.358   672 27462 D NxpTml  : PN54X - Read requested.....
02-18 15:50:26.358   672 27462 D NxpTml  : PN54X - Invoking I2C Read.....
02-18 15:50:26.359  4906 27457 I libnfc_nci: [INFO:nfc_ncif.cc(577)] NFC received rsp gid:2
02-18 15:50:26.359  4906 27457 I libnfc_nci: [INFO:nci_hrcv.cc(383)] nci_proc_ee_management_rsp opcode:0x1
02-18 15:50:26.359 27467 27467 E wpa_supplicant: eap_proxy: Released QMI UIM service client
02-18 15:50:26.359  4615  4656 I android_os_HwBinder: HwBinder: Starting thread pool for getting: vendor.semc.system.idd@1.0::IIdd/default
02-18 15:50:26.359   672 27462 D NxpTml  : PN54X - I2C Read successful.....
02-18 15:50:26.359   672 27462 D NxpNciR : len =   4 > 62010100
02-18 15:50:26.359   672 27462 D NxpTml  : PN54X - Posting read message.....
02-18 15:50:26.359   672 27465 D NxpHal  : read successful status = 0x0
02-18 15:50:26.359 27467 27467 E wpa_supplicant: eap_proxy: Released QMI EAP service client
02-18 15:50:26.360 27467 27467 E wpa_supplicant: eap_proxy: session not started for client = 2
02-18 15:50:26.360  4906  5055 I libnfc_nci: [INFO:gki_buffer.cc(326)] GKI_getbuf 0xb40000736949ff80 39:43
02-18 15:50:26.360  4906 27457 I libnfc_nci: [INFO:nfc_ncif.cc(618)] NFC received ntf gid:2
02-18 15:50:26.360  4906 27457 I libnfc_nci: [INFO:nci_hrcv.cc(467)] nci_proc_ee_management_ntf opcode:0x1
02-18 15:50:26.360  4906 27457 I libnfc_nci: [INFO:nfa_dm_act.cc(295)] NFC_NFCEE_MODE_SET_REVT(0x5006)
02-18 15:50:26.361  4906 27457 I libnfc_nci: [INFO:nfa_ee_main.cc(397)] nfa_ee_proc_evt: event=0x5006 int_event:0x214
02-18 15:50:26.361  4906 27457 I libnfc_nci: [INFO:nfa_ee_main.cc(683)] Event NCI_MODE_SET(0x214), State: INIT_DONE(1)
02-18 15:50:26.361  4906 27457 I libnfc_nci: [INFO:nfa_ee_act.cc(2516)] nfa_ee_nci_mode_set_rsp handle:0xc0 mode:0
02-18 15:50:26.361  4906 27457 I libnfc_nci: [INFO:nfa_ee_main.cc(441)] nfa_ee_find_ecb
02-18 15:50:26.361  4906 27457 W libnfc_nci: [WARNING:nfa_ee_act.cc(2528)] nfa_ee_nci_mode_set_rsp p_rsp->status:0x00
02-18 15:50:26.361  4906 27457 I libnfc_nci: [INFO:nfa_ee_act.cc(2570)] status:0 ecb_flags  :0x00 ee_cfged:0x22 ee_status:1
02-18 15:50:26.361  4906 27457 I libnfc_nci: [INFO:RoutingManager.cpp(954)] RoutingManager::nfaEeCallback: NFA_EE_MODE_SET_EVT; status: 0x0000  handle: 0x04C0  
02-18 15:50:26.361  4906 27457 I libnfc_nci: [INFO:SecureElement.cpp(1206)] NFA_EE_MODE_SET_EVT; (0x04c0)
02-18 15:50:26.361  4906 27457 I libnfc_nci: [INFO:SecureElement.cpp(1211)] SecureElement::notifyModeSet: NFA_EE_MODE_SET_EVT; (0x0001)
02-18 15:50:26.361  4906 27457 I libnfc_nci: [INFO:nfa_hci_main.cc(124)] 2
02-18 15:50:26.361  4906  5195 I libnfc_nci: [INFO:SecureElement.cpp(1411)] SecEle_Modeset: Success
02-18 15:50:26.361  4906 27457 I libnfc_nci: [INFO:nfa_dm_main.cc(228)] flags:0x5
02-18 15:50:26.361  4906 27457 I libnfc_nci: [INFO:nfa_ee_act.cc(2468)] [1] ee_handle:0x10, listen protocol A:4, B:4, F:0, BP:0
