02-18 15:50:26.407  4906 27457 I libnfc_nci: [INFO:nfa_ee_api.cc(203)] xx:0 max_ret:5, num_ret:0 ee_status:0x2 num_interface :0 p_cb->nfcee_id : 129
02-18 15:50:26.407  4906 27457 I libnfc_nci: [INFO:nfa_ee_api.cc(203)] xx:1 max_ret:5, num_ret:1 ee_status:0x1 num_interface :0 p_cb->nfcee_id : 192
02-18 15:50:26.407  4906 27457 I libnfc_nci: [INFO:nfa_ee_api.cc(203)] xx:2 max_ret:5, num_ret:2 ee_status:0x1 num_interface :1 p_cb->nfcee_id : 16
02-18 15:50:26.407  4906 27457 I libnfc_nci: [INFO:nfa_ee_api.cc(225)] num_ret:3
02-18 15:50:26.407  4906 27457 I libnfc_nci: [INFO:nfa_hci_main.cc(124)] 0
02-18 15:50:26.407  2207  2923 W ContextImpl: Calling a method in the system process without a qualified user: android.app.ContextImpl.sendBroadcastMultiplePermissions:1256 com.android.server.TelephonyRegistry.broadcastDataConnectionStateChanged:3024 com.android.server.TelephonyRegistry.notifyDataConnectionForSubscriber:2051 com.android.internal.telephony.ITelephonyRegistry$Stub.onTransact:544 android.os.Binder.execTransactInternal:1184 
02-18 15:50:26.407  4906 27457 I libnfc_nci: [INFO:nfa_sys_main.cc(197)] nfa_sys: deregistering subsystem 2
02-18 15:50:26.408  4906 27457 I libnfc_nci: [INFO:nfa_p2p_main.cc(511)] nfa_p2p_sys_disable
02-18 15:50:26.408  4906 27457 I libnfc_nci: [INFO:nfa_sys_ptim.cc(156)] nfa_sys_ptim_stop_timer 0x7258dac5c0
02-18 15:50:26.408  4906 27457 I libnfc_nci: [INFO:nfa_sys_main.cc(197)] nfa_sys: deregistering subsystem 3
02-18 15:50:26.408  4906 27457 I libnfc_nci: [INFO:nfa_rw_main.cc(98)] nfa_rw_sys_disable
02-18 15:50:26.408  4906 27457 I libnfc_nci: [INFO:nfa_sys_ptim.cc(156)] nfa_sys_ptim_stop_timer 0x7258dacca8
02-18 15:50:26.408  4906 27457 I libnfc_nci: [INFO:nfa_rw_act.cc(214)] Stopped presence check timer (if started)
02-18 15:50:26.408  4906 27457 I libnfc_nci: [INFO:nfa_sys_main.cc(197)] nfa_sys: deregistering subsystem 5
02-18 15:50:26.408  4906 27457 I libnfc_nci: [INFO:nfa_dm_discover.cc(3069)] handle=0x0
02-18 15:50:26.408  4906 27457 I libnfc_nci: [INFO:nfa_dm_discover.cc(3069)] handle=0x1
02-18 15:50:26.408  4906 27457 I libnfc_nci: [INFO:nfa_sys_main.cc(197)] nfa_sys: deregistering subsystem 6
02-18 15:50:26.408  4906 27457 I libnfc_nci: [INFO:nfa_sys_ptim.cc(156)] nfa_sys_ptim_stop_timer 0x7258dabd68
02-18 15:50:26.408  4906 27457 I libnfc_nci: [INFO:nfa_sys_main.cc(197)] nfa_sys: deregistering subsystem 7
02-18 15:50:26.408  4906 27457 I libnfc_nci: [INFO:nfa_sys_main.cc(197)] nfa_sys: deregistering subsystem 9
02-18 15:50:26.408  4906 27457 I libnfc_nci: [INFO:nfa_sys_main.cc(197)] nfa_sys: deregistering subsystem 10
02-18 15:50:26.408  4906 27457 W libnfc_nci: [WARNING:nfa_dm_main.cc(184)] DM disc_state state = 1 disc_flags:0x24
02-18 15:50:26.408  4906 27457 I libnfc_nci: [INFO:nfa_scr_main.cc(674)] nfa_scr_finalize: enter
02-18 15:50:26.408  4906 27457 I libnfc_nci: [INFO:nfc_ncif.cc(577)] NFC received rsp gid:1
02-18 15:50:26.408  4906 27457 I libnfc_nci: [INFO:nfa_dm_discover.cc(3314)] P2P_Prio_Logic
02-18 15:50:26.408  4906 27457 I libnfc_nci: [INFO:nfa_dm_discover.cc(3322)] nfa_dm_p2p_prio_logic event_type = 0x1
02-18 15:50:26.408  4906 27457 I libnfc_nci: [INFO:nfa_dm_discover.cc(3470)] returning TRUE
02-18 15:50:26.408  4906 27457 I libnfc_nci: [INFO:nfc_main.cc(430)] nfc_set_state 4 (IDLE)->4 (IDLE)
02-18 15:50:26.408  4906 27457 I libnfc_nci: [INFO:nfa_dm_discover.cc(850)] event:0x4005
02-18 15:50:26.408  4906 27457 I libnfc_nci: [INFO:nfa_dm_discover.cc(2889)] state: DISCOVERY (1), event: DEACTIVATE_RSP(7) disc_flags: 0x24
02-18 15:50:26.408  4615  4656 I android_os_HwBinder: HwBinder: Starting thread pool for getting: vendor.semc.system.idd@1.0::IIdd/default
02-18 15:50:26.408  4906 27457 I libnfc_nci: [INFO:nfa_dm_discover.cc(1993)] old_state: DISCOVERY (1), new_state: IDLE (0) disc_flags: 0x4
02-18 15:50:26.408  4906 27457 I libnfc_nci: [INFO:nfa_dm_act.cc(587)] nfa_dm_disable_complete
02-18 15:50:26.409  4906 27457 I libnfc_nci: [INFO:nfa_dm_act.cc(590)] proceeding with nfc core shutdown.
02-18 15:50:26.409  4906 27457 I libnfc_nci: [INFO:nfa_sys_ptim.cc(156)] nfa_sys_ptim_stop_timer 0x7258daacd0
02-18 15:50:26.409  4906 27457 I libnfc_nci: [INFO:nfa_sys_ptim.cc(163)] ptim timer stop
02-18 15:50:26.409  4906 27457 I libnfc_nci: [INFO:nfc_main.cc(857)] nfc_state = 4
02-18 15:50:26.409  4906 27457 I libnfc_nci: [INFO:nfa_hci_main.cc(1164)] nfa_hci_conn_cback State: 0  Cmd: 24578
02-18 15:50:26.409  4906 27457 I libnfc_nci: [INFO:nfc_main.cc(628)] nfc_main_flush_cmd_queue
02-18 15:50:26.409  4906 27457 I libnfc_nci: [INFO:nfc_main.cc(430)] nfc_set_state 4 (IDLE)->7 (W4_HAL_CLOSE)
02-18 15:50:26.409  4906 27457 I libnfc_nci: [INFO:NfcAdaptation.cc(698)] NfcAdaptation::HalClose
02-18 15:50:26.409  2827  2827 W DPMJ    : |SERVICE| DPM received unexpected action: android.intent.action.ANY_DATA_STATE
02-18 15:50:26.409   672 27463 D NxpTml  : PN54X - Write requested.....
02-18 15:50:26.409   672 27463 D NxpTml  : PN54X - Invoking I2C Write.....
02-18 15:50:26.410  2207  2923 D TelephonyRegistry: notifyDataConnectionForSubscriber: phoneId=0 subId=1  state: DISCONNECTED, transport: WWAN, id: 0, network type: LTE, APN Setting: [ApnSettingV7] 中国移动 (China Mobile) NET IMS, 2738, 46002, ims, , null, , null, null, -1, ims, IPV4V6, IPV4V6, true, 0, false, 0, 0, 0, 0, null, null, false, 0, 0, 1435, -1, link properties: {InterfaceName: rmnet_data1 LinkAddresses: [ 2409:8170:1060:37a1:68b9:39ff:fe0e:a87/64 ] DnsAddresses: [ ] PcscfAddresses: [ /2409:8070:5002:f29::1:501,/2409:8070:5002:f27::1:801 ] Domains: null MTU: 1500 TcpBufferSizes: 2097152,4194304,8388608,262144,524288,1048576 Routes: [ ::/0 -> fe80::7c17:869b:69bf:d844 rmnet_data1 mtu 1500 ]}, fail cause: NONE
02-18 15:50:26.410  3203  3402 D RILJ    : [UNSL]< UNSOL_DATA_CALL_LIST_CHANGED [{.cause = NONE, .suggestedRetryTime = -1, .cid = 1, .active = ACTIVE, .type = IPV4V6, .ifname = rmnet_data3, .addresses = [{.address = 10.11.212.188/29, .properties = NONE, .deprecationTime = -1, .expirationTime = -1}, {.address = 2409:8970:10c2:b373:80b4:edff:fe3e:a5bb/64, .properties = NONE, .deprecationTime = -1, .expirationTime = -1}], .dnses = [211.137.130.2, 211.137.130.18, 2409:8070:2000:f110:0000:0000:0000:0001, 2409:8070:2000:f010:0000:0000:0000:0001], .gateways = [10.11.212.189, fe80:0000:0000:0000:d118:d9aa:3488:bbd8], .pcscf = [], .mtuV4 = 1500, .mtuV6 = 1500}] [PHONE0]
02-18 15:50:26.410  3203  3629 D DC-C-1  : clearSettings
02-18 15:50:26.410   672 27463 D NxpNciX : len =   8 > 20020501A08E0100
02-18 15:50:26.410   672 27463 D NxpTml  : PN54X - I2C Write successful.....
02-18 15:50:26.410   672 27463 D NxpTml  : PN54X - Posting Fresh Write message.....
02-18 15:50:26.410   672 27463 D NxpTml  : PN54X - Tml Writer Thread Running................
02-18 15:50:26.411  2827  2827 W DPMJ    : |SERVICE| DPM received unexpected action: android.intent.action.ANY_DATA_STATE
02-18 15:50:26.412   672 27465 D NxpHal  : write successful status = 0x0
02-18 15:50:26.413   853   993 I netd    : bandwidthSetInterfaceQuota(rmnet_data3, 9223372036854775807) <10.43ms>
02-18 15:50:26.416  3203  3203 D QtiDCT-C: [0]EVENT_DISCONNECT_DONE msg={ when=-10ms what=270351 obj=android.os.AsyncResult@d131be5 target=com.qualcomm.qti.internal.telephony.dataconnection.QtiDcTracker }
02-18 15:50:26.417  3203  3203 D QtiDCT-C: [0]onDisconnectDone: EVENT_DISCONNECT_DONE apnContext={mApnType=ims mState=DISCONNECTING mWaitingApns={[[ApnSettingV7] 中国移动 (China Mobile) NET IMS, 2738, 46002, ims, , null, , null, null, -1, ims, IPV4V6, IPV4V6, true, 0, false, 0, 0, 0, 0, null, , false, 0, 0, 1435, -1] priority=2} mApnSetting={[ApnSettingV7] 中国移动 (China Mobile) NET IMS, 2738, 46002, ims, , null, , null, null, -1, ims, IPV4V6, IPV4V6, true, 0, false, 0, 0, 0, 0, null, , false, 0, 0, 1435, -1} mReason=radioTurnedOff mDataEnabled=true}
02-18 15:50:26.417   672   672 D NxpHal  : Response timer started
02-18 15:50:26.417   672   672 D NxpHal  : Waiting after ext cmd sent
02-18 15:50:26.418  3203  3203 D QtiDCT-C: [0]areAllDataDisconnected false due to DC: DC-C-2
02-18 15:50:26.422   672 27462 D NxpTml  : PN54X - I2C Read successful.....
02-18 15:50:26.422   672 27462 D NxpNciR : len =   5 > 4002020000
02-18 15:50:26.422   672 27462 D NxpTml  : PN54X - Posting read message.....
02-18 15:50:26.422   672 27465 D NxpHal  : read successful status = 0x0
02-18 15:50:26.422   672 27465 D NxpHal  : phNxpNciHal_print_res_status: response status =STATUS_OK
02-18 15:50:26.422   672   672 D NxpHal  : Response timer stopped
02-18 15:50:26.423   672 27462 D NxpTml  : PN54X - Read requested.....
02-18 15:50:26.423   672 27462 D NxpTml  : PN54X - Invoking I2C Read.....
02-18 15:50:26.423   672   672 D NxpHal  : Checking response
02-18 15:50:26.423   672   672 D NxpHal  : request_EEPROM Enter  request_type : 0x0e,  request_mode : 0x02,  bufflen : 0x01
02-18 15:50:26.423   672 27463 D NxpTml  : PN54X - Write requested.....
02-18 15:50:26.423   672 27463 D NxpTml  : PN54X - Invoking I2C Write.....
02-18 15:50:26.423  3203  3629 I service_manager_slow: [12,carrier_config]
02-18 15:50:26.423   672 27463 D NxpNciX : len =   6 > 20030301A015
02-18 15:50:26.423   672 27463 D NxpTml  : PN54X - I2C Write successful.....
02-18 15:50:26.423   672 27463 D NxpTml  : PN54X - Posting Fresh Write message.....
02-18 15:50:26.424   672 27465 D NxpHal  : write successful status = 0x0
02-18 15:50:26.424   672 27463 D NxpTml  : PN54X - Tml Writer Thread Running................
02-18 15:50:26.424   672   672 D NxpHal  : Response timer started
02-18 15:50:26.424   672   672 D NxpHal  : Waiting after ext cmd sent
02-18 15:50:26.426  3203  3203 D QtiDCT-C: [0]isOnlySingleDcAllowed(14): false
02-18 15:50:26.426  3203  3203 D QtiDCT-C: [0]onDisconnectDone: not retrying
02-18 15:50:26.426  3203  3203 D QtiDCT-C: [0]areAllDataDisconnected false due to DC: DC-C-2
02-18 15:50:26.426   672 27462 D NxpTml  : PN54X - I2C Read successful.....
02-18 15:50:26.426   672 27462 D NxpNciR : len =   9 > 4003060001A0150102
02-18 15:50:26.426   672 27462 D NxpTml  : PN54X - Posting read message.....
02-18 15:50:26.426   672 27465 D NxpHal  : read successful status = 0x0
02-18 15:50:26.426   672 27465 D NxpHal  : phNxpNciHal_print_res_status: response status =STATUS_OK
02-18 15:50:26.426   672 27462 D NxpTml  : PN54X - Read requested.....
02-18 15:50:26.426   672 27462 D NxpTml  : PN54X - Invoking I2C Read.....
02-18 15:50:26.426   672   672 D NxpHal  : Response timer stopped
02-18 15:50:26.426   672   672 D NxpHal  : Checking response
02-18 15:50:26.426   672 27463 D NxpTml  : PN54X - Write requested.....
02-18 15:50:26.426  3203  3629 D Dcc-C-0 : onDataStateChanged: dcsList=[DataCallResponse: { cause=0 retry=-1 cid=1 linkStatus=2 protocolType=2 ifname=rmnet_data3 addresses=[10.11.212.188/29, 2409:8970:10c2:b373:80b4:edff:fe3e:a5bb/64] dnses=[/211.137.130.2, /211.137.130.18, /2409:8070:2000:f110::1, /2409:8070:2000:f010::1] gateways=[/10.11.212.189, /fe80::d118:d9aa:3488:bbd8] pcscf=[] mtu=1500 mtuV4=1500 mtuV6=1500 handoverFailureMode=legacy pduSessionId=0 defaultQos=null qosBearerSessions=[] sliceInfo=null trafficDescriptors=[]}] dcListActiveByCid={1={DC-C-2: State=DcDisconnectingState mApnSetting=[ApnSettingV7] 中国移动 (China Mobile) NET, 2736, 46002, cmnet, , null, , null, null, -1, supl | hipri | default, IPV4V6, IPV4V6, true, 0, false, 0, 0, 0, 0, null, , false, 0, 0, 1435, -1 RefCount=0 mCid=1 mCreateTime=-1 mLastastFailTime=-1 mLastFailCause=NONE mTag=10 mLinkProperties={InterfaceName: rmnet_data3 LinkAddresses: [ 10.11.212.188/29,2409:8970:10c2:b373:80b4:edff:fe3e:a5bb/64 ] DnsAddresses: [ /211.137.130.2,/211.137.130.18,/2409:8070:2000:f110::1,/2409:8070:2000:f010::1 ] Domains: null MTU: 1500 TcpBufferSizes: 2097152,4194304,8388608,262144,524288,1048576 Routes: [ 0.0.0.0/0 -> 10.11.212.189 rmnet_data3 mtu 1500,::/0 -> fe80::d118:d9aa:3488:bbd8 rmnet_data3 mtu 1500 ]} linkCapabilities=[ Transports: CELLULAR Capabilities: SUPL&INTERNET&NOT_RESTRICTED&TRUSTED&NOT_VPN&NOT_ROAMING&NOT_CONGESTED&NOT_SUSPENDED&NOT_VCN_MANAGED LinkUpBandwidth>=15000Kbps LinkDnBandwidth>=2421Kbps Specifier: <TelephonyNetworkSpecifier [mSubId = 1]> SubscriptionIds: {1}] mRestrictedNetworkOverride=false mApnContexts={}}}
02-18 15:50:26.426   672 27463 D NxpTml  : PN54X - Invoking I2C Write.....
02-18 15:50:26.426  3203  3629 D Dcc-C-0 : onDataStateChanged: dcsToRetry=[]
02-18 15:50:26.426  3203  3629 E Dcc-C-0 : onDataStateChanged: no connected apns, ignore
02-18 15:50:26.427  3203  3629 D Dcc-C-0 : onDataStateChanged: Data Activity updated to NONE. isAnyDataCallActive = true isAnyDataCallDormant = false
02-18 15:50:26.427  3203  3629 D Dcc-C-0 : onDataStateChanged: dcsToRetry=[] apnsToCleanup=[]
02-18 15:50:26.427   672 27463 D NxpNciX : len =   8 > 20020501A0150101
02-18 15:50:26.427   672 27463 D NxpTml  : PN54X - I2C Write successful.....
02-18 15:50:26.427   672 27463 D NxpTml  : PN54X - Posting Fresh Write message.....
02-18 15:50:26.427   672 27463 D NxpTml  : PN54X - Tml Writer Thread Running................
02-18 15:50:26.427   672 27465 D NxpHal  : write successful status = 0x0
02-18 15:50:26.428   672   672 D NxpHal  : Response timer started
02-18 15:50:26.428   672   672 D NxpHal  : Waiting after ext cmd sent
02-18 15:50:26.428  2207  2337 I EthernetTracker: interfaceLinkStateChanged, iface: wlan0, up: false
02-18 15:50:26.429  1678  1735 D LOWI-9.0.0.87: [LOWINetlinkSocketReceiver] unpackRTMLinkMessage: RTM_NEWLINK - ifname wlan0, flags 0x1002 ()
02-18 15:50:26.429  1678  1735 D LOWI-9.0.0.87: [LOWINetlinkSocketReceiver] processNetlinkPacket: ifname(wlan0) status(0)
02-18 15:50:26.429  1678  1735 D LOWI-9.0.0.87: [LOWIController] intfStateReceived: ifname(wlan0) state(0)
02-18 15:50:26.429  1678  1740 D LOWI-9.0.0.87: [LOWIEventReceiver] handleEvent:FROM:NA, TO:NA, REQ:NA, IREQ:NA, REQ_ID:0, RESP:NA, INFO:INTF-STATUS-UPDATE
02-18 15:50:26.429  1678  1740 D LOWI-9.0.0.87: [LOWIEventReceiver] Info to [INTF-STATUS-UPDATE]
02-18 15:50:26.429  1678  1740 D LOWI-9.0.0.87: [LOWIController] updateIntfState: WIFI enabled 0 mNlWifiStatus 1 mWifiStateEnabled 1
02-18 15:50:26.429  1678  1740 D LOWI-9.0.0.87: [LOWIController] isWifiEnabled: mNlWifiStatus 0 mWifiStateEnabled 1
02-18 15:50:26.429  1678  1740 I LOWI-9.0.0.87: [LOWIController] isWifiEnabled: Wifi is now disabled
02-18 15:50:26.429  1678  1740 D LOWI-9.0.0.87: [LOWIController] terminateScanResultReceiver
02-18 15:50:26.429  1678 27477 D LOWI-9.0.0.87: [LOWI-Scan] wips_wait_on_nl_socket: read returned 6, Received string: Close 
02-18 15:50:26.429  1678 27477 D LOWI-9.0.0.87: [LOWI-Scan] do_listen_events: Select Error return - -301
02-18 15:50:26.429  1678 27477 D LOWI-9.0.0.87: [LOWI-Scan] No dump done. Error -301
02-18 15:50:26.429  1678 27477 D LOWI-9.0.0.87: [LOWI-Scan] WipsScanUsingNL: passive scan cached 0, took 158980 ms, err -301
02-18 15:50:26.429  1678 27477 D LOWI-9.0.0.87: [LOWI-Scan] lowi_proc_req_passive_scan_with_live_meas - No WLAN Frames to be parsed
02-18 15:50:26.429  3203  3203 D QtiDCT-C: [0]setActivity = NONE
02-18 15:50:26.429  1678 27477 D LOWI-9.0.0.87: [LOWIWifiDriverInterface] Scan terminated for passive listening request
02-18 15:50:26.429  1678 27477 I LOWI-9.0.0.87: [LOWIScanResultReceiver] Thread terminate was requested
02-18 15:50:26.430  1678 27477 D LOWI-9.0.0.87: [LOWI-Scan] Closing the pipe
02-18 15:50:26.430  1678  1740 D LOWI-9.0.0.87: [LOWIScanResultReceiver] After join complete
02-18 15:50:26.431  1678  1740 D LOWI-9.0.0.87: [LOWI-ROME-RTT] RomeUnblockRangingThread
02-18 15:50:26.431  1678 27478 D LOWI-9.0.0.87: [LOWI-ROME-RTT] RomeWaitOnActivityOnSocketOrPipe: Ranging thread Received string: Close, request socket shutdown 
02-18 15:50:26.431  1678 27478 D LOWI-9.0.0.87: [LOWIRangingFSM] FSM: Received Terminate Thread request from Controller
02-18 15:50:26.431  1678 27478 I LOWI-9.0.0.87: [LOWIScanResultReceiver] Thread terminate was requested
02-18 15:50:26.431  1678 27478 D LOWI-9.0.0.87: [LOWI-ROME-RTT] Closing the Ranging pipe
02-18 15:50:26.432  1678  1740 D LOWI-9.0.0.87: [LOWIScanResultReceiver] After join complete
02-18 15:50:26.432  1678  1740 D LOWI-9.0.0.87: [LOWIController] terminateWifiDriver
02-18 15:50:26.432  1678  1740 I CLD80211: lowi-server: Sent msg on exit sock to unblock poll()
02-18 15:50:26.432  4615  4656 I android_os_HwBinder: HwBinder: Starting thread pool for getting: vendor.semc.system.idd@1.0::IIdd/default
02-18 15:50:26.434  3152  3152 D TransmitPower: ProperSensorInfoNotifier:getProperSensorInfo() E : isCallActive = false, isScreenOn = true, isDataActive = false
02-18 15:50:26.434  3152  3152 D TransmitPower: ProperSensorInfoNotifier:getProperSensorInfo() X : shouldPowerOn = false, properDetectedValue = 0
02-18 15:50:26.434  3152  3152 D TransmitPower: AccSensorManager:onProperSensorInfoChanged()
02-18 15:50:26.434  3152  3152 D TransmitPower: AccSensorObserverMOTION_DETECTION:update(): detectedValue = 0
02-18 15:50:26.434  3152  3152 D TransmitPower: AccSensorObserverBHH_DETECTION:update(): detectedValue = 0
02-18 15:50:26.434  3152  3152 D TransmitPower: AccSensorObserverBHH_DIRECTION:update(): detectedValue = 0
02-18 15:50:26.434  3152  3152 D TransmitPower: TelephonyManagerObserver:onDataActivity() : subId = 1, isDataActive = false
02-18 15:50:26.434  1519  1519 I wificond: tearDownClientInterface: erasing wiphy_index for iface_name wlan0
02-18 15:50:26.434  1519  1519 I wificond: remove channel type 0 support at wiphy index 0
02-18 15:50:26.434  3152  3152 D TransmitPower: ProperSensorInfoNotifier:getProperSensorInfo() E : isCallActive = false, isScreenOn = true, isDataActive = false
02-18 15:50:26.434  3152  3152 D TransmitPower: ProperSensorInfoNotifier:getProperSensorInfo() X : shouldPowerOn = false, properDetectedValue = 0
02-18 15:50:26.434  3152  3152 D TransmitPower: AccSensorManager:onProperSensorInfoChanged()
02-18 15:50:26.434  3152  3152 D TransmitPower: AccSensorObserverMOTION_DETECTION:update(): detectedValue = 0
02-18 15:50:26.434  3152  3152 D TransmitPower: AccSensorObserverBHH_DETECTION:update(): detectedValue = 0
02-18 15:50:26.434  3152  3152 D TransmitPower: AccSensorObserverBHH_DIRECTION:update(): detectedValue = 0
02-18 15:50:26.434  3152  3152 D TransmitPower: TelephonyManagerObserver:onDataActivity() : subId = 1, isDataActive = false
02-18 15:50:26.434   672 27462 D NxpTml  : PN54X - I2C Read successful.....
02-18 15:50:26.435   672 27462 D NxpNciR : len =   5 > 4002020000
02-18 15:50:26.435   672 27462 D NxpTml  : PN54X - Posting read message.....
02-18 15:50:26.435   672 27465 D NxpHal  : read successful status = 0x0
02-18 15:50:26.435   672 27465 D NxpHal  : phNxpNciHal_print_res_status: response status =STATUS_OK
02-18 15:50:26.435   672   672 D NxpHal  : Response timer stopped
02-18 15:50:26.435   672   672 D NxpHal  : Checking response
02-18 15:50:26.435   672 27462 D NxpTml  : PN54X - Read requested.....
02-18 15:50:26.435   672 27462 D NxpTml  : PN54X - Invoking I2C Read.....
02-18 15:50:26.435   672 27463 D NxpTml  : PN54X - Write requested.....
02-18 15:50:26.435   672 27463 D NxpTml  : PN54X - Invoking I2C Write.....
02-18 15:50:26.436   672 27463 D NxpNciX : len =   4 > 20000100
02-18 15:50:26.436   672 27463 D NxpTml  : PN54X - I2C Write successful.....
02-18 15:50:26.436   672 27463 D NxpTml  : PN54X - Posting Fresh Write message.....
02-18 15:50:26.436   672 27463 D NxpTml  : PN54X - Tml Writer Thread Running................
02-18 15:50:26.436   672 27465 D NxpHal  : write successful status = 0x0
02-18 15:50:26.437   672   672 D NxpHal  : Response timer started
02-18 15:50:26.437   672   672 D NxpHal  : Waiting after ext cmd sent
02-18 15:50:26.437   672 27462 D NxpTml  : PN54X - I2C Read successful.....
02-18 15:50:26.437   672 27462 D NxpNciR : len =   4 > 40000100
02-18 15:50:26.437   672 27462 D NxpTml  : PN54X - Posting read message.....
02-18 15:50:26.437   672 27465 D NxpHal  : read successful status = 0x0
02-18 15:50:26.437   672 27465 D NxpHal  : CORE_RESET_RSP NCI2.0
02-18 15:50:26.438   672   672 D NxpHal  : Response timer stopped
02-18 15:50:26.438   672   672 D NxpHal  : Response timer started
02-18 15:50:26.438   672 27462 D NxpTml  : PN54X - Read requested.....
02-18 15:50:26.438   672 27462 D NxpTml  : PN54X - Invoking I2C Read.....
02-18 15:50:26.439   672 27462 D NxpTml  : PN54X - I2C Read successful.....
02-18 15:50:26.439   672 27462 D NxpNciR : len =  13 > 60000A020020040500A4011061
02-18 15:50:26.439   672 27462 D NxpTml  : PN54X - Posting read message.....
02-18 15:50:26.439   672 27465 D NxpHal  : read successful status = 0x0
02-18 15:50:26.439   672 27465 D NxpHal  : CORE_RESET_NTF NCI2.0 reason CORE_RESET_CMD received !
02-18 15:50:26.439   672 27465 D NxpHal  : NxpNci> FW Version: 1.10.61
02-18 15:50:26.439   672 27465 D NxpHal  :  Ignoring read , HAL close triggered
02-18 15:50:26.439   672   672 D NxpHal  : Response timer stopped
02-18 15:50:26.439   672   672 D NxpHal  : Checking response
02-18 15:50:26.439  4906  5055 I libnfc_nci: [INFO:nfc_main.cc(704)] nfc_main_hal_cback event: HAL_NFC_CLOSE_CPLT_EVT(0x1), status=0
02-18 15:50:26.440  4906  5055 I libnfc_nci: [INFO:gki_buffer.cc(326)] GKI_getbuf 0xb4000072994f10b0 3:43
02-18 15:50:26.441   672 27465 D NxpHal  : Terminating phNxpNciHal client thread...
02-18 15:50:26.441   672 27465 D NxpHal  : NxpNciHal thread stopped
02-18 15:50:26.441   672 27462 D NxpTml  : PN54X - read request NOT enabled
02-18 15:50:26.442   672 27463 D NxpTml  : PN54X - Write request NOT enabled
02-18 15:50:26.442  1519  1519 I wificond: remove channel type 1 support at wiphy index 0
02-18 15:50:26.444   853   853 D TcpSocketMonitor: resuming tcpinfo polling (interval=30000ms)
02-18 15:50:26.444   853   853 I netd    : networkDestroy(108) <52.11ms>
02-18 15:50:26.444   853   853 I resolv  : DNS cache flushed
02-18 15:50:26.445   853   853 D resolv  : PrivateDnsConfiguration::clear(108)
02-18 15:50:26.445   853   853 I netd    : destroyNetworkCache(108) <0.14ms>
02-18 15:50:26.445  2207  2445 D ConnectivityService: [109 CELLULAR] EVENT_NETWORK_INFO_CHANGED, going from CONNECTED to DISCONNECTED
02-18 15:50:26.445  2207  2445 D ConnectivityService: [109 CELLULAR] disconnected, was satisfying 72
02-18 15:50:26.445  3203  3629 E DcNetworkAgent-108: onNetworkDestroyed found called on no-owner DcNetworkAgent!
02-18 15:50:26.445  3203  3629 D DcNetworkAgent: NetworkAgent: NetworkAgent channel lost
02-18 15:50:26.449  3203  3629 D QtiDCT-C: [0]isOnlySingleDcAllowed(14): false
02-18 15:50:26.452   853   984 I Netd    : Destroyed 2 sockets on 10.11.212.188 in 2057us
02-18 15:50:26.455   672   672 D NxpTml  : bThreadDone == 0
02-18 15:50:26.457 11848 12012 E PlayCommon: [977] akic.k(173): Failed to connect to server for log upload.
02-18 15:50:26.459   672   672 D NxpHal  : phNxpNciHal_close - phOsalNfc_DeInit completed
02-18 15:50:26.459   672   672 D NxpHal  : Failed to deallocate (list empty)
02-18 15:50:26.459   672   672 D NxpHal  : Node dump:
02-18 15:50:26.459   672   672 D NxpHal  : Failed to deallocate (list empty)
02-18 15:50:26.459   672   672 D NxpHal  : Node dump:
02-18 15:50:26.459   672   672 D NxpHal  : phNxpNciHal_release_info mGetCfg_info
02-18 15:50:26.459  4906 27457 I libnfc_nci: [INFO:llcp_main.cc(125)] llcp_cleanup
02-18 15:50:26.459  4906 27457 I libnfc_nci: [INFO:llcp_api.cc(559)] SAP:0x1
02-18 15:50:26.459  4906 27457 I libnfc_nci: [INFO:llcp_api.cc(809)] Local SAP:0x1
02-18 15:50:26.459  4906 27457 I libnfc_nci: [INFO:nfa_dm_discover.cc(1092)] nfa_dm_start_rf_discover
02-18 15:50:26.459  4906 27457 I libnfc_nci: [INFO:nfa_dm_discover.cc(2942)] new state: IDLE (0), disc_flags: 0x0
02-18 15:50:26.459  4906 27457 I libnfc_nci: [INFO:nfa_srd_main.cc(215)] nfa_srd_dm_process_evt Enter: event:7
02-18 15:50:26.459  4906 27457 I libnfc_nci: [INFO:nfc_main.cc(483)] HAL event=0x1
02-18 15:50:26.459  4906 27457 I libnfc_nci: [INFO:nfc_main.cc(430)] nfc_set_state 7 (W4_HAL_CLOSE)->0 (NONE)
02-18 15:50:26.459  4906 27457 I libnfc_nci: [INFO:nfa_dm_act.cc(295)] NFC_DISABLE_REVT(0x5001)
02-18 15:50:26.459  4906 27457 I libnfc_nci: [INFO:nfa_sys_main.cc(197)] nfa_sys: deregistering subsystem 1
02-18 15:50:26.459  4906 27457 I libnfc_nci: [INFO:NativeNfcManager.cpp(1070)] nfaDeviceManagementCallback: enter; event=0x1
02-18 15:50:26.459  4906 27457 I libnfc_nci: [INFO:NativeNfcManager.cpp(1091)] nfaDeviceManagementCallback: NFA_DM_DISABLE_EVT
02-18 15:50:26.459  4906  5195 I libnfc_nci: [INFO:PeerToPeer.cpp(1222)] PeerToPeer::handleNfcOnOff: enter; is on=0
02-18 15:50:26.459  4906  5195 I libnfc_nci: [INFO:PeerToPeer.cpp(1262)] PeerToPeer::handleNfcOnOff: exit
02-18 15:50:26.459  4906  5195 I libnfc_nci: [INFO:NativeNfcTag.cpp(184)] nativeNfcTag_abortWaits
02-18 15:50:26.459  2207  2438 I SupplicantStaIfaceHal: Terminating supplicant using HIDL
02-18 15:50:26.459  4906  5195 I libnfc_nci: [INFO:nfa_dm_api.cc(435)] NFA_IsFieldDetectEnabled Current fieldDetectMode = 0xDISABLE
02-18 15:50:26.460  4906  5195 I libnfc_nci: [INFO:NfcAdaptation.cc(451)] NfcAdaptation::Finalize: enter
02-18 15:50:26.462   853   853 I netd    : trafficSwapActiveStatsMap() <1.96ms>
02-18 15:50:26.462  4615  4656 I android_os_HwBinder: HwBinder: Starting thread pool for getting: vendor.semc.system.idd@1.0::IIdd/default
02-18 15:50:26.463   853   853 I netd    : tetherGetStats() -> {[]} <1.00ms>
02-18 15:50:26.464  2207  2438 I android_os_HwBinder: HwBinder: Starting thread pool for getting: android.hardware.wifi.supplicant@1.0::ISupplicant/default
02-18 15:50:26.465  2207  2445 I netstats_mobile_sample: [735259,3806,1528071,8246,735259,3806,1528071,8246,724632,3635,1518989,8137,1645170627535]
02-18 15:50:26.466  2207  2445 I netstats_wifi_sample: [0,0,0,0,0,0,0,0,0,0,0,0,1645170627535]
02-18 15:50:26.466 27467 27467 I wpa_supplicant: Terminating...
02-18 15:50:26.474     0     0 I init    : Service 'wpa_supplicant' (pid 27467) exited with status 0 oneshot service took 353.632996 seconds in background
02-18 15:50:26.474     0     0 I init    : Sending signal 9 to service 'wpa_supplicant' (pid 27467) process group...
02-18 15:50:26.475     0     0 I libprocessgroup: Successfully killed process cgroup uid 0 pid 27467 in 0ms
02-18 15:50:26.468  2207  2337 I GnssNetworkConnectivityHandler: Network connection lost. Available networks count: 0
02-18 15:50:26.469  2207  2337 I GnssNetworkConnectivityHandler: updateNetworkState, state=CLOSED, connected=false, network=109, capabilities=[ Transports: CELLULAR Capabilities: SUPL&INTERNET&NOT_RESTRICTED&TRUSTED&NOT_VPN&VALIDATED&NOT_ROAMING&FOREGROUND&NOT_CONGESTED&NOT_SUSPENDED&NOT_VCN_MANAGED LinkUpBandwidth>=15000Kbps LinkDnBandwidth>=30000Kbps Specifier: <TelephonyNetworkSpecifier [mSubId = 1]> SubscriptionIds: {1}], apn: cmnet, availableNetworkCount: 0
02-18 15:50:26.472  2843  4530 D QCNEJ/DefaultNetworkInfoRelay: Default network lost: 109
02-18 15:50:26.472  2843  4538 D QCNEJ/WwanInfoRelay: network lost: 109
02-18 15:50:26.472  2766  2884 D UpstreamNetworkMonitor: Lost default Internet network: 109
02-18 15:50:26.473  2843  4530 D QCNEJ/NativeHalConnector: -> SND notifyDefaultNetworkChanged(0)
02-18 15:50:26.475  4615  4768 I android_os_HwBinder: HwBinder: Starting thread pool for getting: vendor.semc.system.idd@1.0::IIdd/default
02-18 15:50:26.475   853   853 I netd    : bandwidthRemoveInterfaceQuota(rmnet_data3) <4.14ms>
02-18 15:50:26.477  2207  2592 D SupplicantStaIfaceHal: ISupplicant died: cookie=393815641758059049
02-18 15:50:26.481  3203  3677 D GsmCdmaPhone: [0] getDataConnectionState apnType=default ret=CONNECTED
02-18 15:50:26.483   853   853 I netd    : idletimerRemoveInterface(rmnet_data3, 10, 0) <2.76ms>
02-18 15:50:26.483 24269 24269 E cr_BTSPrefs: No data found for task id: 53
02-18 15:50:26.483 24269 24269 E cr_BkgrdTaskScheduler: Task cannot be canceled because no data was found instorage or data was invalid
02-18 15:50:26.484  3203  3203 D RILJ    : [1840]> GET_ACTIVITY_INFO [PHONE0]
02-18 15:50:26.487  2207  2445 D ConnectivityService: Sending DISCONNECTED broadcast for type 0 [109 CELLULAR] isDefaultNetwork=true
02-18 15:50:26.487  2207  2445 W ContextImpl: Calling a method in the system process without a qualified user: android.app.ContextImpl.sendStickyBroadcast:1559 com.android.server.ConnectivityService.sendStickyBroadcast:2789 com.android.server.ConnectivityService.sendLegacyNetworkBroadcast:8776 com.android.server.ConnectivityService$LegacyTypeTracker.remove:1008 com.android.server.ConnectivityService$LegacyTypeTracker.remove:1025 
02-18 15:50:26.489   853   993 I netd    : bandwidthSetInterfaceQuota(rmnet_data3, 9223372036854775807) <6.75ms>
02-18 15:50:26.489  3203  3677 D TelephonyProvider: query: url=content://telephony/carriers/preferapn, projectionIn=[Ljava.lang.String;@bc0d6ba, selection=current=1selectionArgs=null, sort=null
02-18 15:50:26.489  3203  3677 D TelephonyProvider: query: selection modified to current=1 and edited!=2 and edited!=3 and edited!=5 and edited!=6
02-18 15:50:26.490  3203  3402 D RILJ    : [1840]< GET_ACTIVITY_INFO ModemActivityInfo{ mTimestamp=0 mSleepTimeMs=0 mIdleTimeMs=0 mTxTimeMs[]=[0, 0, 0, 0, 0] mRxTimeMs=0} [PHONE0]
02-18 15:50:26.491  2207  2436 I service_manager_stats: [100,126,358275]
02-18 15:50:26.491  2207  2383 D TelephonyManager: requestModemActivityInfo: Sending result to app: ModemActivityInfo{ mTimestamp=6536992 mSleepTimeMs=3678706 mIdleTimeMs=267393 mTxTimeMs[]=[30226, 49218, 19247, 7779, 4563] mRxTimeMs=2454835}
02-18 15:50:26.492 12220 12220 I DeviceStatusMonitor: DeviceStatusMonitor$1.onReceive():58 onReceive() : Action = android.net.conn.CONNECTIVITY_CHANGE
02-18 15:50:26.493 12220 12220 I DeviceStatusMonitor: DeviceStatusMonitor.getCurrentNetworkState():177 getCurrentNetworkState(): no networks
02-18 15:50:26.493 19102 19152 W Settings: Setting airplane_mode_on has moved from android.provider.Settings.System to android.provider.Settings.Global, returning read-only value.
02-18 15:50:26.495 25152 25152 I PictController: onReceive() android.net.conn.CONNECTIVITY_CHANGE
02-18 15:50:26.496 19102 19152 I FirebasePerformance: Firebase Performance is Disabled
02-18 15:50:26.497 12220 12220 I DeviceStatusMonitor: DeviceStatusMonitor.notifyIfNetworkChanged():162 notifyIfNetworkChanged: newState = NO_CONNECTION, airplaneModeOn = true, notifyAnyway = false
02-18 15:50:26.492  2207  2445 D ConnectivityService: NetReassign [no changes]
02-18 15:50:26.498  2207  2347 W BroadcastQueue: Target SDK mismatch: receiver ActivityInfo{31e5f6d com.nttdocomo.android.pf.dcmippushaggregator.DcmIpPushBroadcastReceiver} targets 30 but delivery restricted to [0, 23] broadcasting Intent { act=android.net.conn.CONNECTIVITY_CHANGE flg=0x4200010 (has extras) } from android (pid=2207, uid=1000) to com.nttdocomo.android.pf.dcmippushaggregator/.DcmIpPushBroadcastReceiver
02-18 15:50:26.498  2207  2347 W BroadcastQueue: Target SDK mismatch: receiver ActivityInfo{5007a2 com.google.android.apps.photos.actionqueue.impl.SystemReceiver} targets 31 but delivery restricted to [0, 23] broadcasting Intent { act=android.net.conn.CONNECTIVITY_CHANGE flg=0x4200010 (has extras) } from android (pid=2207, uid=1000) to com.google.android.apps.photos/.actionqueue.impl.SystemReceiver
02-18 15:50:26.498  2207  2347 W BroadcastQueue: Target SDK mismatch: receiver ActivityInfo{db2cc33 com.google.android.apps.photos.jobqueue.JobServiceBroadcastReceiver} targets 31 but delivery restricted to [0, 23] broadcasting Intent { act=android.net.conn.CONNECTIVITY_CHANGE flg=0x4200010 (has extras) } from android (pid=2207, uid=1000) to com.google.android.apps.photos/.jobqueue.JobServiceBroadcastReceiver
02-18 15:50:26.498  2207  2347 W BroadcastQueue: Target SDK mismatch: receiver ActivityInfo{1caabf0 com.google.android.gms.gcm.ServiceAutoStarter} targets 31 but delivery restricted to [0, 23] broadcasting Intent { act=android.net.conn.CONNECTIVITY_CHANGE flg=0x4200010 (has extras) } from android (pid=2207, uid=1000) to com.google.android.gms/.gcm.ServiceAutoStarter
02-18 15:50:26.498  2207  2347 W BroadcastQueue: Target SDK mismatch: receiver ActivityInfo{f4e8569 com.nttdocomo.android.idmanager.broadcastreceiver.DimBroadcastReceiver} targets 31 but delivery restricted to [0, 23] broadcasting Intent { act=android.net.conn.CONNECTIVITY_CHANGE flg=0x4200010 (has extras) } from android (pid=2207, uid=1000) to com.nttdocomo.android.idmanager/.broadcastreceiver.DimBroadcastReceiver
02-18 15:50:26.498  2207  2347 W BroadcastQueue: Target SDK mismatch: receiver ActivityInfo{94afbee jp.co.nttdocomo.lcsapp.receiver.PictController} targets 31 but delivery restricted to [0, 23] broadcasting Intent { act=android.net.conn.CONNECTIVITY_CHANGE flg=0x4200010 (has extras) } from android (pid=2207, uid=1000) to jp.co.nttdocomo.lcsapp/.receiver.PictController
02-18 15:50:26.499   853   993 I netd    : trafficSwapActiveStatsMap() <2.12ms>
02-18 15:50:26.500  2207  2207 I notification_enqueue: [10214,13747,com.google.android.setupwizard,9,NULL,0,Notification(channel=suw_consolidate_notification shortcut=null contentView=null vibrate=null sound=null defaults=0x0 flags=0x860 color=0xff1a73e8 vis=PRIVATE),1]
02-18 15:50:26.502   853 28312 D resolv  : GetAddrInfoHandler::run: {109 786541 109 983149 10154 0}
02-18 15:50:26.502   853 28312 D resolv  : resolv_getaddrinfo: explore_fqdn(): ai_family=0 ai_socktype=1 ai_protocol=6
02-18 15:50:26.509   853   993 D TcpSocketMonitor: suspending tcpinfo polling
02-18 15:50:26.509   853   993 I netd    : networkDestroy(109) <9.71ms>
02-18 15:50:26.509 12220 12220 I NetworkInfoNotification: NetworkInfoNotification$Listener.onReceive():98 onNetworkLost: networkState = NO_CONNECTION, isAirplaneModeOn = true
02-18 15:50:26.511 12220 28313 I NetworkInfoNotification: NetworkInfoNotification$Listener.onReceive():98 onNetworkLost: networkState = NO_CONNECTION, isAirplaneModeOn = true
02-18 15:50:26.511   853   853 I netd    : tetherGetStats() -> {[]} <10.22ms>
02-18 15:50:26.512 12220 28314 I NetworkInfoNotification: NetworkInfoNotification$Listener.onReceive():98 onNetworkLost: networkState = NO_CONNECTION, isAirplaneModeOn = true
02-18 15:50:26.512   853   993 I resolv  : DNS cache flushed
02-18 15:50:26.512   853   993 D resolv  : PrivateDnsConfiguration::clear(109)
02-18 15:50:26.513   853   993 I netd    : destroyNetworkCache(109) <0.21ms>
02-18 15:50:26.513  3203  3629 E DcNetworkAgent-109: onNetworkDestroyed found called on no-owner DcNetworkAgent!
02-18 15:50:26.514   853   853 I netd    : bandwidthRemoveInterfaceQuota(rmnet_data3) <2.12ms>
02-18 15:50:26.516  2207  2438 W SupplicantStaIfaceHal: Timed out waiting for confirmation of supplicant death
02-18 15:50:26.516  2207  2438 D WifiNl80211Manager: tearing down interfaces in wificond
02-18 15:50:26.517  2207  2464 I dvm_lock_sample: [system_server,0,HwBinder:2207_2,40,SupplicantStaIfaceHal.java,201,void com.android.server.wifi.SupplicantStaIfaceHal.lambda$new$0(long),-,968,void com.android.server.wifi.SupplicantStaIfaceHal.terminate(),8]
02-18 15:50:26.518  2207  2464 W SupplicantStaIfaceHal: ISupplicantVendor/ISupplicantVendorStaIface died: cookie=0
02-18 15:50:26.518  2207  2345 W SupplicantStaIfaceHal: ISupplicantVendor/ISupplicantVendorStaIface died: cookie=0
02-18 15:50:26.521  1019  1019 E android.hardware.wifi@1.0-service: Stopping legacy HAL
02-18 15:50:26.521  1019  1019 E android.hardware.wifi@1.0-service: Legacy HAL trigger wifi cleanup
02-18 15:50:26.521  1019 27449 I WifiHAL : exit_event_handler, buf=E
02-18 15:50:26.521  1019 27449 I CLD80211: android.hardware.wifi@1.0-service: Sent msg on exit sock to unblock poll()
02-18 15:50:26.522  1019 27449 D WifiHAL : wlan_service_update_sys_param: /proc/sys/net/ipv4/tcp_limit_output_bytes 1048576
02-18 15:50:26.522  1019 27449 D WifiHAL : wlan_service_update_sys_param: /proc/sys/net/ipv4/tcp_use_userconfig 0
02-18 15:50:26.522  1019 27449 D WifiHAL : wlan_service_update_sys_param: /proc/sys/net/ipv4/tcp_adv_win_scale 1
02-18 15:50:26.522  1019  1019 I WifiHAL : Sent msg on exit sock to unblock poll()
02-18 15:50:26.522  1019 27449 I android.hardware.wifi@1.0-service: Legacy HAL stop complete callback received
02-18 15:50:26.522  1019 27449 E android.hardware.wifi@1.0-service: SetWifiUpState(false) completed
02-18 15:50:26.523  1019 27449 I WifiHAL : wifi_event_loop() exits success
02-18 15:50:26.523  1019 27449 E android.hardware.wifi@1.0-service: Legacy HAL Wifi event loop exited
02-18 15:50:26.523  1019 27449 E android.hardware.wifi@1.0-service: Legacy HAL event loop terminated
02-18 15:50:26.523 11742 28305 W bzvb    : [{0}] Failed to resolve name. status={1}
02-18 15:50:26.523  1019  1019 D android.hardware.wifi@1.0-service: Legacy HAL stop complete
02-18 15:50:26.524  1019  1019 I android.hardware.wifi@1.0-service: Wifi HAL stopped
02-18 15:50:26.526  2207  2438 I WifiVendorHal: Vendor Hal stopped
02-18 15:50:26.526  2207  2438 D WifiClientModeManager[wlan0]: STA iface wlan0 was destroyed, stopping client mode
02-18 15:50:26.526  2207  2438 W WifiClientModeManager[wlan0]: Received mWifiNativeInterfaceCallback.onDestroyed callback when no ClientModeImpl instance is active.
02-18 15:50:26.526  2207  2438 I WifiNative: Successfully torn down Iface:{Name=wlan0,Id=4,Type=STA_CONNECTIVITY}
02-18 15:50:26.526  2207  4873 D CompatibilityInfo: mCompatibilityFlags - 0
02-18 15:50:26.526  2207  4873 D CompatibilityInfo: applicationDensity - 300
02-18 15:50:26.526  2207  4873 D CompatibilityInfo: applicationScale - 1.0
02-18 15:50:26.527  2207  2438 I WifiNative: Successfully initiated teardown for iface=wlan0
02-18 15:50:26.527  2207  2438 I WifiClientModeManager[unknown]: StartedState#exit(), setting mRole = null
02-18 15:50:26.528  2207  2438 E SupplicantStaIfaceHal: Can't call listNetworks, ISupplicantStaIface is null for iface=wlan0
02-18 15:50:26.528  2207  2438 E SupplicantStaIfaceHal: removeAllNetworks failed, got null networks
02-18 15:50:26.528  2207  2438 E WifiClientModeImpl[wlan0]: Failed to remove networks on exiting connect mode
02-18 15:50:26.529  2207  2438 E SupplicantStaIfaceHal: Can't call setPowerSave, ISupplicantStaIface is null for iface=wlan0
02-18 15:50:26.529  2207  2438 E SupplicantStaIfaceHal: Can't call setBtCoexistenceMode, ISupplicantStaIface is null for iface=wlan0
02-18 15:50:26.530  2207  2438 D WifiDiags: stopLogging() iface list is {} after removing wlan0
02-18 15:50:26.530  2207  2438 W WifiDiags: Fail to reset log handler
02-18 15:50:26.536  2207  2438 D WifiScanRequestProxy: Sending scan available broadcast: false
02-18 15:50:26.537  2207  2442 I WifiScanningService: Received a request to disable scanning, UID = 1000
02-18 15:50:26.537  2207  2442 E WifiNl80211Manager: No valid wificond scanner interface handler for iface=wlan0
02-18 15:50:26.537  2207  2442 I WifiScanningService: Removed an impl for wlan0
02-18 15:50:26.537  2207  2438 I WifiScanRequestProxy: Scanning is disabled
02-18 15:50:26.537  2207  2442 I WifiScanningService: wifi driver unloaded
02-18 15:50:26.539  1678  1735 D LOWI-9.0.0.87: [LOWINetlinkSocketReceiver] unpackRTMLinkMessage: RTM_NEWLINK - ifname rmnet_data3, flags 0x10041 ([UP][RUNNING])
02-18 15:50:26.539  4830  4830 V SOMCWIFI: [SomcWifiService] onReceive/in[Intent { act=android.net.wifi.action.WIFI_SCAN_AVAILABILITY_CHANGED flg=0x4000010 (has extras) }]
02-18 15:50:26.539  4830  4830 V SOMCWIFI: [SomcWifiService] updateTxPowerControlState/in
02-18 15:50:26.540  2207  2438 D WifiConnectivityManager: saveMiracastMode: mode=0
02-18 15:50:26.540  2207  2438 D WifiConnectivityManager: saveP2pGroupStarted: started=false
02-18 15:50:26.540  2207  2337 I EthernetTracker: interfaceLinkStateChanged, iface: rmnet_data3, up: true
02-18 15:50:26.540  2207  2438 D WifiCountryCode: evaluateAllCmmStateAndApplyIfAllReady: {}
02-18 15:50:26.540  2207  2438 E WifiDataStall: onDataConnectionStateChanged unexpected State: 4
02-18 15:50:26.541  2207  2438 W SupplicantStaIfaceHal: ISupplicant died: cookie=5
02-18 15:50:26.541  2207  2438 D WifiController: STA disabled, return to DisabledState.
02-18 15:50:26.541  2207  2438 D WifiController: EnabledState.exit()
02-18 15:50:26.541  2207  2438 D WifiController: DisabledState.enter()
02-18 15:50:26.542  4830  4830 V SOMCWIFI: [TxPowerControl] setEnabled/in[false]
02-18 15:50:26.543  4830  4830 V SOMCWIFI: [TxPowerControl] setEnabled/out
02-18 15:50:26.543  4830  4830 V SOMCWIFI: [SomcWifiService] updateTxPowerControlState/out
02-18 15:50:26.543  4830  4830 V SOMCWIFI: [SomcWifiService] onReceive/out
02-18 15:50:26.543 11742 11944 W Settings: Setting airplane_mode_on has moved from android.provider.Settings.System to android.provider.Settings.Global, returning read-only value.
02-18 15:50:26.554  1678  1735 D LOWI-9.0.0.87: [LOWINetlinkSocketReceiver] unpackRTMLinkMessage: RTM_NEWLINK - ifname rmnet_data3, flags 0x0 ()
02-18 15:50:26.557  3203  3677 D Phone   : isImsCapabilityAvailable, capability=1, regTech=1, isAvailable=false
02-18 15:50:26.557  3203  3672 D Phone   : isImsCapabilityAvailable, capability=2, regTech=1, isAvailable=false
02-18 15:50:26.558  3203  3887 D Phone   : isImsCapabilityAvailable, capability=1, regTech=0, isAvailable=true
02-18 15:50:26.559  2207  2337 I EthernetTracker: interfaceLinkStateChanged, iface: rmnet_data3, up: false
02-18 15:50:26.560  4906  5195 I libnfc_nci: [INFO:gki_ulinux.cc(343)] task NFCA_TASK dead
02-18 15:50:26.560  4906  5195 I libnfc_nci: [INFO:gki_ulinux.cc(1134)] GKI_exit_task 4 done
02-18 15:50:26.561  4906 27457 W libnfc_nci: [WARNING:gki_ulinux.cc(676)] GKI TASK_DEAD received. exit thread 3...
02-18 15:50:26.561  4906 27457 I libnfc_nci: [INFO:nfc_task.cc(471)] nfc_task terminated
02-18 15:50:26.561  4906 27457 W libnfc_nci: [WARNING:gki_ulinux.cc(117)] gki_task task_id=3 terminating
02-18 15:50:26.562  2207  2402 I commit_sys_config_file: [settings-0-0,17]
02-18 15:50:26.586   853 28321 D resolv  : GetAddrInfoHandler::run: {0 786432 0 983040 10154 0}
02-18 15:50:26.586   998  2456 D audio_hw_primary: out_set_parameters: enter: usecase(1: low-latency-playback) kvpairs: suspend_playback=true
02-18 15:50:26.586   853 28321 D resolv  : resolv_getaddrinfo: explore_fqdn(): ai_family=0 ai_socktype=1 ai_protocol=6
02-18 15:50:26.588 11742 25008 W System.err: java.net.UnknownHostException: Unable to resolve host "www.google.com": No address associated with hostname
02-18 15:50:26.597  3203  3402 D RILJ    : [1839]< DEACTIVATE_DATA_CALL  [PHONE0]
02-18 15:50:26.597  3203  3690 D DataServiceCallback: onDeactivateDataCallComplete
02-18 15:50:26.597  3203  3690 D DSM-C-0 : onDeactivateDataCallComplete. resultCode = 0
02-18 15:50:26.597  3203  3629 D DC-C-2  : DcDisconnectingState msg.what=EVENT_DEACTIVATE_DONE RefCount=0
02-18 15:50:26.597  3203  3629 D DC-C-2  : DcInactiveState: setEnterNotificationParams dp
02-18 15:50:26.597  3203  3629 D DC-C-2  : DcInactiveState: enter() mTag=11
02-18 15:50:26.598  3203  3629 D DC-C-2  : DcInactiveState: enter notifyDisconnectCompleted +ALL failCause=NONE
02-18 15:50:26.598  3203  3629 D DC-C-2  : NotifyDisconnectCompleted
02-18 15:50:26.598  3203  3629 D DC-C-2  : msg={ when=-1h43m9s177ms what=270351 obj=Pair{{mApnType=default mState=DISCONNECTING mWaitingApns={[[ApnSettingV7] 中国移动 (China Mobile) NET, 2736, 46002, cmnet, , null, , null, null, -1, supl | hipri | default, IPV4V6, IPV4V6, true, 0, false, 0, 0, 0, 0, null, , false, 0, 0, 1435, -1] priority=1} mApnSetting={[ApnSettingV7] 中国移动 (China Mobile) NET, 2736, 46002, cmnet, , null, , null, null, -1, supl | hipri | default, IPV4V6, IPV4V6, true, 0, false, 0, 0, 0, 0, null, , false, 0, 0, 1435, -1} mReason=radioTurnedOff mDataEnabled=true} 5} target=com.qualcomm.qti.internal.telephony.dataconnection.QtiDcTracker } msg.obj=<no-reason>
02-18 15:50:26.599  3203  3203 D QtiDCT-C: [0]EVENT_DISCONNECT_DONE msg={ when=0 what=270351 obj=android.os.AsyncResult@f812d74 target=com.qualcomm.qti.internal.telephony.dataconnection.QtiDcTracker }
02-18 15:50:26.600  3203  3203 D QtiDCT-C: [0]onDisconnectDone: EVENT_DISCONNECT_DONE apnContext={mApnType=default mState=DISCONNECTING mWaitingApns={[[ApnSettingV7] 中国移动 (China Mobile) NET, 2736, 46002, cmnet, , null, , null, null, -1, supl | hipri | default, IPV4V6, IPV4V6, true, 0, false, 0, 0, 0, 0, null, , false, 0, 0, 1435, -1] priority=1} mApnSetting={[ApnSettingV7] 中国移动 (China Mobile) NET, 2736, 46002, cmnet, , null, , null, null, -1, supl | hipri | default, IPV4V6, IPV4V6, true, 0, false, 0, 0, 0, 0, null, , false, 0, 0, 1435, -1} mReason=radioTurnedOff mDataEnabled=true}
02-18 15:50:26.600  3203  3203 D SST     : [0] Process pending request to turn radio off.
02-18 15:50:26.602  3203  3203 D RILJ    : [1841]> RADIO_POWER on = false forEmergencyCall= false preferredForEmergencyCall=false [PHONE0]
02-18 15:50:26.603  3203  3402 D RILJ    : [UNSL]< UNSOL_DATA_CALL_LIST_CHANGED [] [PHONE0]
02-18 15:50:26.603  3203  3203 D QtiDCT-C: [0]onDisconnectDone: radio will be turned off, no retries
02-18 15:50:26.603  1742  1877 D RILC    : setRadioPower: serial 1841 on 0
02-18 15:50:26.603  3203  3629 D DC-C-2  : NotifyDisconnectCompleted DisconnectParams={mTag=10 mApnContext={mApnType=default mState=IDLE mWaitingApns={[[ApnSettingV7] 中国移动 (China Mobile) NET, 2736, 46002, cmnet, , null, , null, null, -1, supl | hipri | default, IPV4V6, IPV4V6, true, 0, false, 0, 0, 0, 0, null, , false, 0, 0, 1435, -1] priority=1} mApnSetting={[ApnSettingV7] 中国移动 (China Mobile) NET, 2736, 46002, cmnet, , null, , null, null, -1, supl | hipri | default, IPV4V6, IPV4V6, true, 0, false, 0, 0, 0, 0, null, , false, 0, 0, 1435, -1} mReason=radioTurnedOff mDataEnabled=true} mReason=radioTurnedOff mReleaseType=DETACH mOnCompletedMsg=null}
02-18 15:50:26.604  2207  4864 D TelephonyRegistry: onDataConnectionStateChanged(DISCONNECTED, LTE) subId=1, phoneId=0
02-18 15:50:26.605  2207  4864 W ContextImpl: Calling a method in the system process without a qualified user: android.app.ContextImpl.sendBroadcastMultiplePermissions:1256 com.android.server.TelephonyRegistry.broadcastDataConnectionStateChanged:3024 com.android.server.TelephonyRegistry.notifyDataConnectionForSubscriber:2051 com.android.internal.telephony.ITelephonyRegistry$Stub.onTransact:544 android.os.Binder.execTransactInternal:1184 
02-18 15:50:26.606  2827  2827 W DPMJ    : |SERVICE| DPM received unexpected action: android.intent.action.ANY_DATA_STATE
02-18 15:50:26.607  3203  3203 D QtiDCT-C: [0]notify all data disconnected
02-18 15:50:26.607  3203  3203 D GsmCdmaPhone: [0] getDataConnectionState apnType=default ret=DISCONNECTED
02-18 15:50:26.607  3203  3677 D Phone   : isImsCapabilityAvailable, capability=1, regTech=1, isAvailable=false
02-18 15:50:26.607  2207  4864 D TelephonyRegistry: notifyDataConnectionForSubscriber: phoneId=0 subId=1  state: DISCONNECTED, transport: WWAN, id: 1, network type: LTE, APN Setting: [ApnSettingV7] 中国移动 (China Mobile) NET, 2736, 46002, cmnet, , null, , null, null, -1, supl | hipri | default, IPV4V6, IPV4V6, true, 0, false, 0, 0, 0, 0, null, null, false, 0, 0, 1435, -1, link properties: {InterfaceName: rmnet_data3 LinkAddresses: [ 10.11.212.188/29,2409:8970:10c2:b373:80b4:edff:fe3e:a5bb/64 ] DnsAddresses: [ /211.137.130.2,/211.137.130.18,/2409:8070:2000:f110::1,/2409:8070:2000:f010::1 ] Domains: null MTU: 1500 TcpBufferSizes: 2097152,4194304,8388608,262144,524288,1048576 Routes: [ 0.0.0.0/0 -> 10.11.212.189 rmnet_data3 mtu 1500,::/0 -> fe80::d118:d9aa:3488:bbd8 rmnet_data3 mtu 1500 ]}, fail cause: NONE
02-18 15:50:26.607  4615  4656 I android_os_HwBinder: HwBinder: Starting thread pool for getting: vendor.semc.system.idd@1.0::IIdd/default
02-18 15:50:26.608  3203  3677 D Phone   : isImsCapabilityAvailable, capability=2, regTech=1, isAvailable=false
02-18 15:50:26.608  3203  3629 D DC-C-2  : clearSettings
02-18 15:50:26.608  2827  2827 W DPMJ    : |SERVICE| DPM received unexpected action: android.intent.action.ANY_DATA_STATE
02-18 15:50:26.608  3203  3629 D Dcc-C-0 : onDataStateChanged: dcsList=[] dcListActiveByCid={}
02-18 15:50:26.608  3203  3629 D Dcc-C-0 : onDataStateChanged: dcsToRetry=[]
02-18 15:50:26.608  3203  3629 D Dcc-C-0 : onDataStateChanged: Data Activity updated to NONE. isAnyDataCallActive = false isAnyDataCallDormant = false
02-18 15:50:26.608  3203  3629 D Dcc-C-0 : onDataStateChanged: dcsToRetry=[] apnsToCleanup=[]
02-18 15:50:26.609  3203  3677 D Phone   : isImsCapabilityAvailable, capability=1, regTech=0, isAvailable=true
02-18 15:50:26.611  3203  3402 D RILJ    : Unsol response received; Sending ack to ril.cpp [PHONE0]
02-18 15:50:26.611  3203  3402 D RILJ    : [UNSL]< UNSOL_RESPONSE_IMS_NETWORK_STATE_CHANGED [PHONE0]
02-18 15:50:26.613  3203  3402 D RILJ    : Unsol response received; Sending ack to ril.cpp [PHONE0]
02-18 15:50:26.613  3203  3402 D RILJ    : [UNSL]< UNSOL_RESPONSE_IMS_NETWORK_STATE_CHANGED [PHONE0]
02-18 15:50:26.616  2968  3965 I QImsService: ImsRadioIndicationHidl : onServiceStatusChanged()
02-18 15:50:26.617  2968  3965 I QImsService: ImsRadioIndicationHidl : onServiceStatusChanged_1_6()
02-18 15:50:26.617  2968  3965 I QImsService: Class : Num of SrvUpdates = 7
02-18 15:50:26.617  2968  3965 I QImsService: Class :  networkMode = 14 status = 2 restrictCause = 0 registered = 1
02-18 15:50:26.617  2968  3965 I QImsService: Class : Partially Enabled Status due to Restrict Cause
02-18 15:50:26.617  2968  3965 I QImsService: Class : RTT: copySrvStatusList rtt mode = 2
02-18 15:50:26.617  2968  3965 I QImsService: Class :  networkMode = 14 status = 0 restrictCause = 0 registered = 2
02-18 15:50:26.617  2968  3965 I QImsService: Class : RTT: copySrvStatusList rtt mode = 2
02-18 15:50:26.617  2968  3965 I QImsService: Class :  networkMode = 14 status = 0 restrictCause = 0 registered = 2
02-18 15:50:26.617  2968  3965 I QImsService: Class : RTT: copySrvStatusList rtt mode = 2
02-18 15:50:26.617  2968  3965 I QImsService: Class :  networkMode = 14 status = 0 restrictCause = 0 registered = 2
