02-18 15:50:26.871  1549  1738 E Diag_Lib: [imsd] |ImsMain.cpp | 867 | | 1738 |ImsMain : Release PDP Event to clean up
02-18 15:50:26.871  1549  1738 E Diag_Lib: [imsd] |ImsMain.cpp | 961 | | 1738 |ImsMain: handlePdpReleaseReq: Clean up
02-18 15:50:26.871  1549  1738 E Diag_Lib: [imsd] |ImsPdnFactoryImpl.cpp | 170 | | 1738 |ImsPdnFactoryImpl::releasePdn called Pdp Id = 21 client = 8294cc00, PdnInfoMap size = 1
02-18 15:50:26.872  1549  1738 E Diag_Lib: [imsd] |ImsPdnFactoryImpl.cpp | 180 | | 1738 |ImsPdnFactoryImpl::releasePdn iterating over Pdp Id = 20 pdn refcount 2
02-18 15:50:26.872  1549  1738 E Diag_Lib: [imsd] |ImsPdnFactoryImpl.cpp | 258 | | 1738 |ImsPdnFactoryImpl : Appid did not match
02-18 15:50:26.873  3203  3677 D Phone   : isImsCapabilityAvailable, capability=1, regTech=1, isAvailable=false
02-18 15:50:26.874  3203  3203 D ServiceStateProvider: subId=1
02-18 15:50:26.874  2875  3435 I QcrilOemhookMsgTunnel: [0]processOemHookResponse serial no: 2170 error: 40length=0
02-18 15:50:26.874  2875  3435 E QcRilRequest: [2170] < OEM_HOOK_RAW error: org.codeaurora.telephony.utils.CommandException: MODEM_ERR
02-18 15:50:26.874  2875  2875 D QcrilMsgTunnelIfaceManager: handleMessage what = 2
02-18 15:50:26.875  3152  3152 D QC_RIL_OEM_HOOK: sendOemRilRequestRaw returns value = -39
02-18 15:50:26.875  3152  3152 D TransmitPower: TransmitPowerService:setBackOffDsi failure.
02-18 15:50:26.875  3152  3152 D TransmitPower: TransmitPowerService:calculateMCC() : simCount = 1, mMccList = {0=460}, result = 0
02-18 15:50:26.875  3152  3152 D TransmitPower: TransmitPowerService:ASDIV_VALUE_TABLE is null.
02-18 15:50:26.875  3152  3152 D TransmitPower: TransmitPowerService:onServiceStateChanged() : Observers are updated
02-18 15:50:26.875  3203  3402 D RILJ    : Unsol response received; Sending ack to ril.cpp [PHONE0]
02-18 15:50:26.875  3152  3152 D TransmitPower: VoiceVoipCallObserver:update()
02-18 15:50:26.875  3203  3402 D RILJ    : [UNSL]< UNSOL_RESPONSE_NETWORK_STATE_CHANGED [PHONE0]
02-18 15:50:26.875  3203  3684 D NRM-C-0 : onNetworkStateChanged
02-18 15:50:26.875  3203  3627 D Phone   : isImsCapabilityAvailable, capability=2, regTech=1, isAvailable=false
02-18 15:50:26.876  3152  3152 D TransmitPower: VoiceVoipCallObserver:isVoipCall(): no active AudioRecordingConfiguration
02-18 15:50:26.876  3203  3677 D Phone   : isImsCapabilityAvailable, capability=1, regTech=0, isAvailable=false
02-18 15:50:26.876  3152  3152 D TransmitPower: InCallServiceObserver:getCallAudioState() : IncallService is null
02-18 15:50:26.876  3152  3152 D TransmitPower: VoiceVoipCallObserver:isVoiceCallWithEarpiece() : audioRoute is invalid
02-18 15:50:26.877  3152  3152 D TransmitPower: TransmitPowerObserver:sendPowerBackOffFactor() : key = 2, value = 0, mCurrentValue = 0
02-18 15:50:26.877  3152  3152 D TransmitPower: AccSensorManager:update()
02-18 15:50:26.877  4615  4656 I android_os_HwBinder: HwBinder: Starting thread pool for getting: vendor.semc.system.idd@1.0::IIdd/default
02-18 15:50:26.878  3203  3629 D DC-C-1  : DcInactiveState not handled msg.what=EVENT_DATA_CONNECTION_DRS_OR_RAT_CHANGED
02-18 15:50:26.878  3203  3629 D DC-C-1  : DcDefault msg=EVENT_DATA_CONNECTION_DRS_OR_RAT_CHANGED RefCount=0
02-18 15:50:26.878  3152  4071 D TransmitPower: TransmitPowerService:setPowerBackOffFactor() : key = 2, value = 0
02-18 15:50:26.878  3203  3629 D DC-C-1  : updateTcpBufferSizes: unknown
02-18 15:50:26.878  3203  3629 D DC-C-1  : DcDefaultState: EVENT_DATA_CONNECTION_DRS_OR_RAT_CHANGED regState=OUT_OF_SERVICE RAT=Unknown
02-18 15:50:26.878  3152  4071 D TransmitPower: TransmitPowerService:calculateMCC() : simCount = 1, mMccList = {0=460}, result = 0
02-18 15:50:26.878  3152  4071 D TransmitPower: TransmitPowerService:setBackOffDsi() : index = 0, mBackOffDsi = 0, newBackOffDsi = 2
02-18 15:50:26.878  3203  3629 D DC-C-2  : DcInactiveState not handled msg.what=EVENT_DATA_CONNECTION_DRS_OR_RAT_CHANGED
02-18 15:50:26.878  3203  3629 D DC-C-2  : DcDefault msg=EVENT_DATA_CONNECTION_DRS_OR_RAT_CHANGED RefCount=0
02-18 15:50:26.878  3203  3629 D DC-C-2  : updateTcpBufferSizes: unknown
02-18 15:50:26.878  3203  3629 D DC-C-2  : DcDefaultState: EVENT_DATA_CONNECTION_DRS_OR_RAT_CHANGED regState=OUT_OF_SERVICE RAT=Unknown
02-18 15:50:26.878  2207 11272 D TelephonyRegistry: notifyCellLocationForSubscriber: subId=1 cellIdentity=[IkZRLx2wQc1Eoyt715ACiuso0P0]
02-18 15:50:26.879  2875  2875 D QcrilMsgTunnelIfaceManager: handleMessage what = 1
02-18 15:50:26.879  2875  2875 I QcrilOemhookMsgTunnel: [0]invokeOemRilRequestRaw: serial=2171 length=24
02-18 15:50:26.879  3152  3152 D TransmitPower: ProperSensorInfoNotifier:getProperSensorInfo() E : isCallActive = false, isScreenOn = true, isDataActive = false
02-18 15:50:26.879  3152  3152 D TransmitPower: ProperSensorInfoNotifier:getProperSensorInfo() X : shouldPowerOn = false, properDetectedValue = 0
02-18 15:50:26.879  3152  3152 D TransmitPower: AccSensorObserverMOTION_DETECTION:update(): detectedValue = 0
02-18 15:50:26.879  3152  3152 D TransmitPower: AccSensorObserverBHH_DETECTION:update(): detectedValue = 0
02-18 15:50:26.879  3152  3152 D TransmitPower: AccSensorObserverBHH_DIRECTION:update(): detectedValue = 0
02-18 15:50:26.879  3152  3152 D TransmitPower: AccSensorObserverMOTION_DETECTION:update(): detectedValue = 0
02-18 15:50:26.879  3152  3152 D TransmitPower: AccSensorObserverBHH_DETECTION:update(): detectedValue = 0
02-18 15:50:26.879  3152  3152 D TransmitPower: AccSensorObserverBHH_DIRECTION:update(): detectedValue = 0
02-18 15:50:26.879  3152  3152 D TransmitPower: CameraObserver(32):update()
02-18 15:50:26.880  3152  3152 D TransmitPower: UsbConnectionObserver:update()
02-18 15:50:26.881  3152  3152 D TransmitPower: UsbInfoNotifier:isUsbConnected(): isUsbConnectedAsDeviceMode = true
02-18 15:50:26.881  3203  3203 D ImsPhoneCallTracker: [0] handleMessage what=26
02-18 15:50:26.881  3203  3203 D ImsPhoneCallTracker: [0] handleFeatureCapabilityChanged: MmTel Capabilities - [Voice: false Video: false UT: false SMS: false CALL_COMPOSER: false] isVideoEnabledStateChanged=false
02-18 15:50:26.881  4615  4656 I android_os_HwBinder: HwBinder: Starting thread pool for getting: vendor.semc.system.idd@1.0::IIdd/default
02-18 15:50:26.881  3203  3203 D ImsPhoneCallTracker: [0] handleFeatureCapabilityChanged: isVolteEnabled=false, isVideoCallEnabled=false, isVowifiEnabled=false, isUtEnabled=false
02-18 15:50:26.882  3203  3402 D RILJ    : [1841]< RADIO_POWER  [PHONE0]
02-18 15:50:26.882  3203  3203 D LocaleTracker-0: updateLocale: countryIso = cn, countryIsoDebugInfo = OperatorNumeric(46000): MccTable.countryCodeForMcc("460")
02-18 15:50:26.883  3203  3203 D LocaleTracker-0: updateLocale: timeZoneCountryIso = cn, timeZoneCountryIsoDebugInfo = OperatorNumeric: MccTable.geoCountryCodeForMccMnc(MccMnc{mcc='460', mnc='00'})
02-18 15:50:26.883  3203  3203 D NewNitzStateMachineImpl: handleCountryDetected: countryIsoCode=cn, mLatestNitzSignal=null
02-18 15:50:26.883  3203  3203 D NewNitzStateMachineImpl: doTimeZoneDetection: countryIsoCode=cn, nitzSignal=null, suggestion=TelephonyTimeZoneSuggestion{mSlotIndex=0, mZoneId='Asia/Shanghai', mMatchType=2, mQuality=1, mDebugInfo=[findTimeZoneFromNetworkCountryCode: whenMillis=1645170626883, countryIsoCode=cn, findTimeZoneFromNetworkCountryCode: lookupResult=CountryResult{zoneId='Asia/Shanghai', quality=2, mDebugInfo=Country default is boosted}, Detection reason=handleCountryDetected("cn")]}, reason=handleCountryDetected("cn")
02-18 15:50:26.883  2875  3435 I QcrilOemhookMsgTunnel: [0]processOemHookResponse serial no: 2171 error: 40length=0
02-18 15:50:26.883  3203  3203 D ImsPhone: [0] handleMessage what=68
02-18 15:50:26.883  2875  3435 E QcRilRequest: [2171] < OEM_HOOK_RAW error: org.codeaurora.telephony.utils.CommandException: MODEM_ERR
02-18 15:50:26.884  3152  3152 D TransmitPower: BatteryInfoNotifier:isCharging() : battery status = 5, plug status = 2, isBatteryChargedWithUsb = true
02-18 15:50:26.887  3152  3152 D TransmitPower: UsbConnectionObserver:getUsbConnectionValue() : isUsbConnected = true, isChargingWithUsb = true
02-18 15:50:26.887  2875  2875 D QcrilMsgTunnelIfaceManager: handleMessage what = 2
02-18 15:50:26.887  1742 28233 D RILC    : radioStateChangedInd: radioState 0
02-18 15:50:26.887  1742 28233 I qcrilNrd: currentState() -> Radio Off(0)
02-18 15:50:26.887  1742 28233 I RILC    : UNSOLICITED: UNSOL_RESPONSE_RADIO_STATE_CHANGED length: 0
02-18 15:50:26.887  3152  4071 D QC_RIL_OEM_HOOK: sendOemRilRequestRaw returns value = -39
02-18 15:50:26.887  3152  4071 D TransmitPower: TransmitPowerService:setBackOffDsi failure.
02-18 15:50:26.888  3152  4071 D TransmitPower: TransmitPowerService:calculateMCC() : simCount = 1, mMccList = {0=460}, result = 0
02-18 15:50:26.888  3152  4071 D TransmitPower: TransmitPowerService:ASDIV_VALUE_TABLE is null.
02-18 15:50:26.888  2968  3965 I QImsService: ImsRadioIndicationHidl : onRadioStateChanged()
02-18 15:50:26.888  3203  3402 D RILJ    : Unsol response received; Sending ack to ril.cpp [PHONE0]
02-18 15:50:26.888  3203  3402 D RILJ    : [UNSL]< UNSOL_RESPONSE_NETWORK_STATE_CHANGED [PHONE0]
02-18 15:50:26.888  2968  3965 I QImsService: ImsSenderRxr : [UNSL]< UNSOL_RADIO_STATE_CHANGED RADIO_OFF[SUB0]
02-18 15:50:26.888  1742  1863 E RILQ    : (0/1742): RIL[0][(1742,1863)] get_ecc_property_name: ecc list name : ril.ecclist.
02-18 15:50:26.888  3203  3203 D Phone   : getImsRegistrationTechnology =-1
02-18 15:50:26.888  3203  3684 D NRM-C-0 : onNetworkStateChanged
02-18 15:50:26.889  3203  3402 D RILJ    : Unsol response received; Sending ack to ril.cpp [PHONE0]
02-18 15:50:26.889  3203  3402 D RILJ    : [UNSL]< UNSOL_RESPONSE_RADIO_STATE_CHANGED radioStateChanged: 0 [PHONE0]
02-18 15:50:26.889  3203  3402 D RILJ    : [UNSL]< UNSOL_EMERGENCY_NUMBER_LIST [EmergencyNumber:Number-911|CountryIso-|Mnc-|ServiceCategories-0|Urns-[]|Sources-1000|Routing-0, EmergencyNumber:Number-122|CountryIso-|Mnc-|ServiceCategories-0|Urns-[]|Sources-100|Routing-0, EmergencyNumber:Number-112|CountryIso-|Mnc-|ServiceCategories-0|Urns-[]|Sources-1000|Routing-0, EmergencyNumber:Number-400810|CountryIso-|Mnc-|ServiceCategories-0|Urns-[]|Sources-100|Routing-0, EmergencyNumber:Number-110|CountryIso-|Mnc-|ServiceCategories-0|Urns-[]|Sources-100|Routing-0, EmergencyNumber:Number-119|CountryIso-|Mnc-|ServiceCategories-0|Urns-[]|Sources-100|Routing-0, EmergencyNumber:Number-120|CountryIso-|Mnc-|ServiceCategories-0|Urns-[]|Sources-100|Routing-0, EmergencyNumber:Number-999|CountryIso-|Mnc-|ServiceCategories-0|Urns-[]|Sources-100|Routing-0] [PHONE0]
02-18 15:50:26.889  3203  3203 I Telephony: isRttCurrentlySupported -- regular acct, hasVoiceAvailability: false
02-18 15:50:26.889  3203  3203 I Telephony:  isRttSupported: false
02-18 15:50:26.889  3203  3203 I Telephony:  isUserRttSettingOn: false
02-18 15:50:26.889  3203  3203 I Telephony:  alwaysAllowWhileRoaming: false
02-18 15:50:26.889  3203  3203 I Telephony:  isRoaming: false
02-18 15:50:26.889  3203  3203 I Telephony:  isOnWfc: false
02-18 15:50:26.889  3203  3203 D QC_RIL_OEM_HOOK: Received Broadcast Intent ACTION_UNSOL_RESPONSE_OEM_HOOK_RAW
02-18 15:50:26.890  3203  3203 D QC_RIL_OEM_HOOK: Oem ID in QCRILHOOK UNSOL RESP is QOEMHOOK
02-18 15:50:26.890  3203  3203 D QC_RIL_OEM_HOOK: Received Broadcast Intent ACTION_UNSOL_RESPONSE_OEM_HOOK_RAW
02-18 15:50:26.890  3203  3203 D QC_RIL_OEM_HOOK: Oem ID in QCRILHOOK UNSOL RESP is QOEMHOOK
02-18 15:50:26.890  3203  3203 D QC_RIL_OEM_HOOK: Received Broadcast Intent ACTION_UNSOL_RESPONSE_OEM_HOOK_RAW
02-18 15:50:26.890  3203  3203 D QC_RIL_OEM_HOOK: Oem ID in QCRILHOOK UNSOL RESP is QOEMHOOK
02-18 15:50:26.890  2875  3435 D QtiRadiohidlIndication: onNrDcParamChange: slotId = 0
02-18 15:50:26.890  2875  3435 D QtiRadioProxy: onNrDcParam slotId = 0 dcParam = DcParam: Endc: 0 Dcnr: 1
02-18 15:50:26.890  3152  3152 D TransmitPower: TransmitPowerObserver:sendPowerBackOffFactor() : key = 256, value = 256, mCurrentValue = 256
02-18 15:50:26.890  3152  3152 D TransmitPower: AudioJackObserver:update()
02-18 15:50:26.890  3203  3203 D QtiDCT-C: [0]shouldRestrictDataForEcbm: isInEcm=false isInImsEcm=false
02-18 15:50:26.891  2875  3633 D QtiRadioProxyHandler: : handleMessage msg.what = 8
02-18 15:50:26.891  2875  3633 D QtiRadioProxyHandler: : EVENT_ON_NR_DC_PARAM
02-18 15:50:26.891  2875  3633 D QtiRadioProxy: onNrDcParam: Responding back for transaction = null
02-18 15:50:26.891  3152  4071 D TransmitPower: TransmitPowerService:setPowerBackOffFactor() : key = 256, value = 256
02-18 15:50:26.891  3152  4071 D TransmitPower: TransmitPowerService:setAOLScenario scenario = 2
02-18 15:50:26.891  2875  3435 D QtiRadiohidlIndication: onUpperLayerIndInfoChange: slotId = 0
02-18 15:50:26.891  2875  3435 D QtiRadioProxy: onUpperLayerIndInfo slotId = 0 upperLayerInfo = UpperLayerIndInfo: PLMN: 0 UpperLayerIndInfo: 0
02-18 15:50:26.891  3203  3402 D RILJ    : Unsol response received; Sending ack to ril.cpp [PHONE0]
02-18 15:50:26.891  3203  3677 D ExtPhoneCallbackBase: UNIMPLEMENTED: onNrDcParam: slotId = 0 token = Token: -1 statusStatus: 1 dcParam = DcParam: Endc: 0 Dcnr: 1
02-18 15:50:26.891  2875  3633 D QtiRadioProxy: onNrDcParam: Responding back for transaction = null
02-18 15:50:26.891  3203  3402 D RILJ    : [UNSL]< UNSOL_RESPONSE_NETWORK_STATE_CHANGED [PHONE0]
02-18 15:50:26.891  2875  2875 D QcrilMsgTunnelIfaceManager: handleMessage what = 1
02-18 15:50:26.891  3203  3684 D NRM-C-0 : onNetworkStateChanged
02-18 15:50:26.891  2875  2875 I QcrilOemhookMsgTunnel: [0]invokeOemRilRequestRaw: serial=2172 length=24
02-18 15:50:26.891  3203  3627 D ExtPhoneCallbackBase: UNIMPLEMENTED: onNrDcParam: slotId = 0 token = Token: -1 statusStatus: 1 dcParam = DcParam: Endc: 0 Dcnr: 1
02-18 15:50:26.891  3152  3152 D TransmitPower: AudioJackInfoNotifier:isAudioJackConnected(): false
02-18 15:50:26.892  3152  3152 D TransmitPower: AudioJackObserver:getAudioJackConnectionValue() : isAudioJackConnected = false
02-18 15:50:26.892  2875  3633 D QtiRadioProxy: onNrDcParam: Responding back for transaction = null
02-18 15:50:26.892  3203  3627 D ExtPhoneCallbackBase: UNIMPLEMENTED: onNrDcParam: slotId = 0 token = Token: -1 statusStatus: 1 dcParam = DcParam: Endc: 0 Dcnr: 1
02-18 15:50:26.892  2875  3633 D QtiRadioProxy: onNrDcParam: Responding back for transaction = null
02-18 15:50:26.892  2547  2573 D ExtPhoneCallbackBase: UNIMPLEMENTED: onNrDcParam: slotId = 0 token = Token: -1 statusStatus: 1 dcParam = DcParam: Endc: 0 Dcnr: 1
02-18 15:50:26.892  3152  3152 D TransmitPower: TransmitPowerObserver:sendPowerBackOffFactor() : key = 512, value = 0, mCurrentValue = 0
02-18 15:50:26.892  3152  3152 D TransmitPower: DisplayPortObserver:update()
02-18 15:50:26.892  2875  3633 D QtiRadioProxyHandler: : handleMessage msg.what = 9
02-18 15:50:26.892  2875  3633 D QtiRadioProxyHandler: : EVENT_ON_UPPER_LAYER_IND_INFO
02-18 15:50:26.892  2875  3633 D QtiRadioProxy: onUpperLayerIndInfo: Responding back for transaction = null
02-18 15:50:26.893  3203  3627 D ExtPhoneCallbackBase: UNIMPLEMENTED: onUpperLayerIndInfo: slotId = 0 token = Token: -1 statusStatus: 1 UpperLayerIndInfo = UpperLayerIndInfo: PLMN: 0 UpperLayerIndInfo: 0
02-18 15:50:26.893  3152  3152 D TransmitPower: DisplayPortObserver:mExternalDisplayId = -1
02-18 15:50:26.893  2875  3633 D QtiRadioProxy: onUpperLayerIndInfo: Responding back for transaction = null
02-18 15:50:26.893  3203  3627 D ExtPhoneCallbackBase: UNIMPLEMENTED: onUpperLayerIndInfo: slotId = 0 token = Token: -1 statusStatus: 1 UpperLayerIndInfo = UpperLayerIndInfo: PLMN: 0 UpperLayerIndInfo: 0
02-18 15:50:26.893  2875  3633 D QtiRadioProxy: onUpperLayerIndInfo: Responding back for transaction = null
02-18 15:50:26.893  3152  3152 D TransmitPower: TransmitPowerObserver:sendPowerBackOffFactor() : key = 128, value = 0, mCurrentValue = 0
02-18 15:50:26.893  3152  3152 D TransmitPower: TelephonyManagerObserver:onServiceStateChanged() : subId = 1, phoneId = 0, state = 0, plmn = 46000
02-18 15:50:26.893  3203  3627 D ExtPhoneCallbackBase: UNIMPLEMENTED: onUpperLayerIndInfo: slotId = 0 token = Token: -1 statusStatus: 1 UpperLayerIndInfo = UpperLayerIndInfo: PLMN: 0 UpperLayerIndInfo: 0
02-18 15:50:26.894  2875  3633 D QtiRadioProxy: onUpperLayerIndInfo: Responding back for transaction = null
02-18 15:50:26.894  2547  2573 D ExtPhoneCallbackBase: UNIMPLEMENTED: onUpperLayerIndInfo: slotId = 0 token = Token: -1 statusStatus: 1 UpperLayerIndInfo = UpperLayerIndInfo: PLMN: 0 UpperLayerIndInfo: 0
02-18 15:50:26.894  1742  1863 E RILQ    : (0/1742): RIL[0][(1742,1863)] get_ecc_property_name: ecc list name : ril.ecclist.
02-18 15:50:26.894  1472 14719 W ServiceManager: Permission failure: android.permission.CAMERA from uid=10287 pid=3152
02-18 15:50:26.894  3203  3402 D RILJ    : [UNSL]< UNSOL_EMERGENCY_NUMBER_LIST [EmergencyNumber:Number-911|CountryIso-|Mnc-|ServiceCategories-0|Urns-[]|Sources-1000|Routing-0, EmergencyNumber:Number-122|CountryIso-|Mnc-|ServiceCategories-0|Urns-[]|Sources-100|Routing-0, EmergencyNumber:Number-112|CountryIso-|Mnc-|ServiceCategories-0|Urns-[]|Sources-1000|Routing-0, EmergencyNumber:Number-400810|CountryIso-|Mnc-|ServiceCategories-0|Urns-[]|Sources-100|Routing-0, EmergencyNumber:Number-110|CountryIso-|Mnc-|ServiceCategories-0|Urns-[]|Sources-100|Routing-0, EmergencyNumber:Number-119|CountryIso-|Mnc-|ServiceCategories-0|Urns-[]|Sources-100|Routing-0, EmergencyNumber:Number-120|CountryIso-|Mnc-|ServiceCategories-0|Urns-[]|Sources-100|Routing-0, EmergencyNumber:Number-999|CountryIso-|Mnc-|ServiceCategories-0|Urns-[]|Sources-100|Routing-0] [PHONE0]
02-18 15:50:26.894  2875  3435 I QcrilOemhookMsgTunnel: [0]processOemHookResponse serial no: 2172 error: 0length=0
02-18 15:50:26.895  3203  3203 D QtiDCT-C: [0]shouldRestrictDataForEcbm: isInEcm=false isInImsEcm=false
02-18 15:50:26.895  2875  2875 D QcrilMsgTunnelIfaceManager: handleMessage what = 2
02-18 15:50:26.895  3152  3152 D TransmitPower: TransmitPowerObserver:sendPowerBackOffFactor() : key = 32, value = 0, mCurrentValue = 0
02-18 15:50:26.895  3152  4071 D QC_RIL_OEM_HOOK: sendOemRilRequestRaw returns value = 0
02-18 15:50:26.895  3203  3203 D RadioInfo: onServiceStateChanged: ServiceState={mVoiceRegState=0(IN_SERVICE), mDataRegState=1(OUT_OF_SERVICE), mChannelNumber=2147483647, duplexMode()=0, mCellBandwidths=[20000], mOperatorAlphaLong=CMCC, mOperatorAlphaShort=CMCC, isManualNetworkSelection=false(automatic), getRilVoiceRadioTechnology=14(LTE), getRilDataRadioTechnology=0(Unknown), mCssIndicator=unsupported, mNetworkId=-1, mSystemId=-1, mCdmaRoamingIndicator=-1, mCdmaDefaultRoamingIndicator=-1, mIsEmergencyOnly=false, isUsingCarrierAggregation=false, mArfcnRsrpBoost=0, mNetworkRegistrationInfos=[NetworkRegistrationInfo{ domain=PS transportType=WLAN registrationState=NOT_REG_OR_SEARCHING roamingType=NOT_ROAMING accessNetworkTechnology=IWLAN rejectCause=0 emergencyEnabled=false availableServices=[] cellIdentity=null voiceSpecificInfo=null dataSpecificInfo=null nrState=NONE rRplmn= isUsingCarrierAggregation=false}, NetworkRegistrationInfo{ domain=PS transportType=WWAN registrationState=NOT_REG_SEARCHING roamingType=NOT_ROAMING accessNetworkTechnology=UNKNOWN rejectCause=0 emergencyEnabled=false availableServices=[] cellIdentity=null voiceSpecificInfo=null dataSpecificInfo=android.telephony.DataSpecificRegistrationInfo :{ maxDataCalls = 16 isDcNrRestricted = false isNrAvailable = false isEnDcAvailable = false LteVopsSupportInfo :  mVopsSupport = 1 mEmcBearerSupport = 1 } nrState=NONE rRplmn= isUsingCarrierAggregation=false}, NetworkRegistrationInfo{ domain=CS transportType=WWAN registrationState=HOME roamingType=NOT_ROAMING accessNetworkTechnology=LTE rejectCause=0 emergencyEnabled=false availableServices=[VOICE,SMS,VIDEO] cellIdentity=CellIdentityLte:{ mCi=2147483647 mPci=2147483647 mTac=37107 mEarfcn=2147483647 mBands=[3] mBandwidth=20000 mMcc=460 mMnc=00 mAlphaLong=CMCC mAlphaShort=CMCC mAdditionalPlmns={} mCsgInfo=null} voiceSpecificInfo=VoiceSpecificRegistrationInfo { mCssSupported=false mRoamingIndicator=0 mSystemIsInPrl=0 mDefaultRoamingIndicator=0} dataSpecificInfo=null nrState=NONE rRplmn=46000 isUsingCarrierAggregation=false}], mNrFrequencyRange=0, mOperatorAlphaLongRaw=CMCC, mOperatorAlphaShortRaw=CMCC, mIsDataRoamingFromRegistration=false, mIsIwlanPreferred=false}
02-18 15:50:26.895  3152  4071 D TransmitPower: TransmitPowerService:setAOLScenario success.
02-18 15:50:26.895  3152  4071 D TransmitPower: TransmitPowerService:setPowerBackOffFactor() : key = 512, value = 0
02-18 15:50:26.895  3152  4071 D TransmitPower: TransmitPowerService:setAOLScenario scenario = 2
02-18 15:50:26.895  3152  3152 D TransmitPower: CameraObserver(32):sendCameraStatus(): cameraId = 0, lensFacing = 1, isCameraUsed = false, isAtLeastOneCamerasUsed = false
02-18 15:50:26.896  2875  2875 D QcrilMsgTunnelIfaceManager: handleMessage what = 1
02-18 15:50:26.896  2875  2875 I QcrilOemhookMsgTunnel: [0]invokeOemRilRequestRaw: serial=2173 length=24
02-18 15:50:26.896  3203  3203 D TelephonyProvider: query: url=content://telephony/siminfo, projectionIn=[Ljava.lang.String;@284dba4, selection=_id=?selectionArgs=[Ljava.lang.String;@255ad0d, sort=null
02-18 15:50:26.896  3203  3203 D TelephonyProvider: Using old permission behavior for telephony provider compat
02-18 15:50:26.896  1472 14719 W ServiceManager: Permission failure: android.permission.CAMERA from uid=10287 pid=3152
02-18 15:50:26.898  3152  3152 D TransmitPower: CameraObserver(32):sendCameraStatus(): cameraId = 1, lensFacing = 0, isCameraUsed = false, isAtLeastOneCamerasUsed = false
02-18 15:50:26.901  2875  3435 I QcrilOemhookMsgTunnel: [0]processOemHookResponse serial no: 2173 error: 0length=0
02-18 15:50:26.903  3203  3203 D SubscriptionController: getSubscriptionProperty Query value = 0
02-18 15:50:26.903  3203  3203 D ImsManagerIM [0]: getLocalImsConfigKeInt() for key:68, result: 0
02-18 15:50:26.904  3203  3203 I service_manager_stats: [100,142,100353]
02-18 15:50:26.904  2968  3965 I QImsService: ImsRadioIndicationHidl : onRegistrationChanged()
02-18 15:50:26.904  2968  3965 I QImsService: ImsRadioIndicationHidl : onRegistrationChanged_1_6()
02-18 15:50:26.904  2968  3965 I QImsService: ImsSenderRxr : [UNSL]< UNSOL_RESPONSE_IMS_NETWORK_STATE_CHANGED[SUB0]
02-18 15:50:26.905  1742  1863 E RILQ    : (0/1742): RIL[0][(1742,1863)] get_ecc_property_name: ecc list name : ril.ecclist.
02-18 15:50:26.906  2875  2875 D QcrilMsgTunnelIfaceManager: handleMessage what = 2
02-18 15:50:26.906  3152  4071 D QC_RIL_OEM_HOOK: sendOemRilRequestRaw returns value = 0
02-18 15:50:26.906  3152  4071 D TransmitPower: TransmitPowerService:setAOLScenario success.
02-18 15:50:26.906  3152  4071 D TransmitPower: TransmitPowerService:setPowerBackOffFactor() : key = 128, value = 0
02-18 15:50:26.906  3152  4071 D TransmitPower: TransmitPowerService:calculateMCC() : simCount = 1, mMccList = {0=460}, result = 0
02-18 15:50:26.906  3152  4071 D TransmitPower: TransmitPowerService:setBackOffDsi() : index = 0, mBackOffDsi = 0, newBackOffDsi = 2
02-18 15:50:26.906  2968  2968 I QImsService: ImsRegistrationController : Message received: what = 3
02-18 15:50:26.906  2968  2968 I QImsService: ImsRegistrationController : handleImsStateChanged
02-18 15:50:26.907  3203  3402 D RILJ    : [UNSL]< UNSOL_EMERGENCY_NUMBER_LIST [EmergencyNumber:Number-911|CountryIso-|Mnc-|ServiceCategories-0|Urns-[]|Sources-1000|Routing-0, EmergencyNumber:Number-122|CountryIso-|Mnc-|ServiceCategories-0|Urns-[]|Sources-100|Routing-0, EmergencyNumber:Number-112|CountryIso-|Mnc-|ServiceCategories-0|Urns-[]|Sources-1000|Routing-0, EmergencyNumber:Number-400810|CountryIso-|Mnc-|ServiceCategories-0|Urns-[]|Sources-100|Routing-0, EmergencyNumber:Number-110|CountryIso-|Mnc-|ServiceCategories-0|Urns-[]|Sources-100|Routing-0, EmergencyNumber:Number-119|CountryIso-|Mnc-|ServiceCategories-0|Urns-[]|Sources-100|Routing-0, EmergencyNumber:Number-120|CountryIso-|Mnc-|ServiceCategories-0|Urns-[]|Sources-100|Routing-0, EmergencyNumber:Number-999|CountryIso-|Mnc-|ServiceCategories-0|Urns-[]|Sources-100|Routing-0] [PHONE0]
02-18 15:50:26.907  2875  2875 D QcrilMsgTunnelIfaceManager: handleMessage what = 1
02-18 15:50:26.908  2875  2875 I QcrilOemhookMsgTunnel: [0]invokeOemRilRequestRaw: serial=2174 length=24
02-18 15:50:26.908  2968  2968 I QImsService: ImsServiceSub : [0] sendBroadcastForDisconnected
02-18 15:50:26.909  3203  3203 D RadioInfo: updateImsProvisionedState isImsVolteProvisioned()=true
02-18 15:50:26.909  3203  3203 D TelephonyProvider: query: url=content://telephony/siminfo, projectionIn=[Ljava.lang.String;@33d0d09, selection=_id=?selectionArgs=[Ljava.lang.String;@8ed7b0e, sort=null
02-18 15:50:26.909  3203  3203 D TelephonyProvider: Using old permission behavior for telephony provider compat
02-18 15:50:26.910  2875  3435 I QcrilOemhookMsgTunnel: [0]processOemHookResponse serial no: 2174 error: 40length=0
02-18 15:50:26.910  2875  3435 E QcRilRequest: [2174] < OEM_HOOK_RAW error: org.codeaurora.telephony.utils.CommandException: MODEM_ERR
02-18 15:50:26.910  2875  2875 D QcrilMsgTunnelIfaceManager: handleMessage what = 2
02-18 15:50:26.911  3152  4071 D QC_RIL_OEM_HOOK: sendOemRilRequestRaw returns value = -39
02-18 15:50:26.911  3152  4071 D TransmitPower: TransmitPowerService:setBackOffDsi failure.
02-18 15:50:26.911  3152  4071 D TransmitPower: TransmitPowerService:setPowerBackOffFactor() : key = 32, value = 0
02-18 15:50:26.912  3152  4071 D TransmitPower: TransmitPowerService:calculateMCC() : simCount = 1, mMccList = {0=460}, result = 0
02-18 15:50:26.912  3152  4071 D TransmitPower: TransmitPowerService:ASDIV_VALUE_TABLE is null.
02-18 15:50:26.915  3203  3203 D SubscriptionController: getSubscriptionProperty Query value = 0
02-18 15:50:26.915  3203  3203 D ImsManagerIM [0]: getLocalImsConfigKeInt() for key:68, result: 0
02-18 15:50:26.919  3203  3203 D TelephonyProvider: query: url=content://telephony/siminfo, projectionIn=[Ljava.lang.String;@48a3a1a, selection=_id=?selectionArgs=[Ljava.lang.String;@6aad94b, sort=null
02-18 15:50:26.919  3203  3203 D TelephonyProvider: Using old permission behavior for telephony provider compat
02-18 15:50:26.921  3203  3627 D Phone   : isImsCapabilityAvailable, capability=1, regTech=1, isAvailable=false
02-18 15:50:26.921  3203  3627 D Phone   : isImsCapabilityAvailable, capability=2, regTech=1, isAvailable=false
02-18 15:50:26.922  3203  3627 D Phone   : isImsCapabilityAvailable, capability=1, regTech=0, isAvailable=false
02-18 15:50:26.923  3203  3677 D Phone   : isImsCapabilityAvailable, capability=1, regTech=1, isAvailable=false
02-18 15:50:26.924  3203  3627 D Phone   : isImsCapabilityAvailable, capability=2, regTech=1, isAvailable=false
02-18 15:50:26.924  3203  3677 D Phone   : isImsCapabilityAvailable, capability=1, regTech=0, isAvailable=false
02-18 15:50:26.925  3203  3203 D SubscriptionController: getSubscriptionProperty Query value = 0
02-18 15:50:26.925  3203  3203 D ImsManagerIM [0]: getLocalImsConfigKeInt() for key:68, result: 0
02-18 15:50:26.930  3203  3203 D ImsConfig: getInt(): item = 25, ret =0
02-18 15:50:26.930  3203  3203 D RadioInfo: isFeatureProvisioned() featureId=25 provisioned=false
02-18 15:50:27.025  3203  3627 D TelephonyProvider: query: url=content://telephony/carriers/preferapn, projectionIn=[Ljava.lang.String;@b4bbf27, selection=current=1selectionArgs=null, sort=null
02-18 15:50:27.026  3203  3627 D TelephonyProvider: query: selection modified to current=1 and edited!=2 and edited!=3 and edited!=5 and edited!=6
02-18 15:50:27.285  1549  1549 E Diag_Lib: [imsd] |ImsTimer.cpp | 58 | | 1549 |ImsTimer: posixTimerCallback
02-18 15:50:27.285  1549  1549 E Diag_Lib: [imsd] |ImsTimer.cpp | 72 | | 1549 |ImsTimer: posixTimerCallback could not upgrade weak_ptr
02-18 15:50:27.587   998  2456 D audio_hw_primary: out_set_parameters: enter: usecase(1: low-latency-playback) kvpairs: suspend_playback=false
02-18 15:50:27.589   998  9184 W audio_hw_primary: out_write: underrun(121) frames_by_time(48306) > out->last_fifo_frames_remaining(384)
02-18 15:50:27.630   998  2456 D audio_hw_primary: out_set_parameters: enter: usecase(1: low-latency-playback) kvpairs: suspend_playback=true
02-18 15:50:27.666 11742 28305 W bzvb    : [{0}] Failed to resolve name. status={1}
02-18 15:50:27.869   853   853 I netd    : trafficSwapActiveStatsMap() <0.63ms>
02-18 15:50:27.876   853   853 I netd    : tetherGetStats() -> {[]} <4.24ms>
02-18 15:50:27.885  2207  2435 I netstats_mobile_sample: [735259,3806,1528195,8248,735259,3806,1528195,8248,724632,3635,1519113,8139,1645170628954]
02-18 15:50:27.886  2207  2435 I netstats_wifi_sample: [0,0,0,0,0,0,0,0,0,0,0,0,1645170628954]
02-18 15:50:27.935  3203  3203 E RadioInfo: Unable to get slicing config: java.util.concurrent.TimeoutException
02-18 15:50:27.935  3203  3203 D SST     : [0] handleMessage: received event 2
02-18 15:50:27.936  3203  3203 D SST     : [0] pollState: modemTriggered=true
02-18 15:50:27.936  3203  3203 D NewNitzStateMachineImpl: handleNetworkUnavailable(): mLatestNitzSignal was already null. Nothing to do.
02-18 15:50:27.936  3203  3203 D SST     : [0] issuePollCommands
02-18 15:50:27.939  3203  3203 D RILJ    : [1857]> OPERATOR [PHONE0]
02-18 15:50:27.941  3203  3203 D RILJ    : [1858]> QUERY_NETWORK_SELECTION_MODE [PHONE0]
02-18 15:50:27.941  3203  3203 D QtiDCT-C: [0]Data RAT is unknown or no change, mCurrentDataRat=0
02-18 15:50:27.942  3203  3203 D ImsPhone: [0] handleMessage what=67
02-18 15:50:27.942  3203  3203 D ImsPhone: [0] EVENT_DEFAULT_PHONE_DATA_STATE_CHANGED
02-18 15:50:27.942  3203  3684 D RILJ    : [1859]> DATA_REGISTRATION_STATE [PHONE0]
02-18 15:50:27.942  3203  3684 D RILJ    : getDataRegistrationState: overrideHalVersion=null [PHONE0]
02-18 15:50:27.942  1742  1742 D RILC    : RadioImpl_1_5::getDataRegistrationState_1_5: serial 1859
02-18 15:50:27.942  3203  3203 D ImsPhone: [0] updateDataServiceState: defSs = {mVoiceRegState=0(IN_SERVICE), mDataRegState=1(OUT_OF_SERVICE), mChannelNumber=2147483647, duplexMode()=0, mCellBandwidths=[20000], mOperatorAlphaLong=CMCC, mOperatorAlphaShort=CMCC, isManualNetworkSelection=false(automatic), getRilVoiceRadioTechnology=14(LTE), getRilDataRadioTechnology=0(Unknown), mCssIndicator=unsupported, mNetworkId=-1, mSystemId=-1, mCdmaRoamingIndicator=-1, mCdmaDefaultRoamingIndicator=-1, mIsEmergencyOnly=false, isUsingCarrierAggregation=false, mArfcnRsrpBoost=0, mNetworkRegistrationInfos=[NetworkRegistrationInfo{ domain=PS transportType=WLAN registrationState=NOT_REG_OR_SEARCHING roamingType=NOT_ROAMING accessNetworkTechnology=IWLAN rejectCause=0 emergencyEnabled=false availableServices=[] cellIdentity=null voiceSpecificInfo=null dataSpecificInfo=null nrState=NONE rRplmn= isUsingCarrierAggregation=false}, NetworkRegistrationInfo{ domain=PS transportType=WWAN registrationState=NOT_REG_SEARCHING roamingType=NOT_ROAMING accessNetworkTechnology=UNKNOWN rejectCause=0 emergencyEnabled=false availableServices=[] cellIdentity=null voiceSpecificInfo=null dataSpecificInfo=android.telephony.DataSpecificRegistrationInfo :{ maxDataCalls = 16 isDcNrRestricted = false isNrAvailable = false isEnDcAvailable = false LteVopsSupportInfo :  mVopsSupport = 1 mEmcBearerSupport = 1 } nrState=NONE rRplmn= isUsingCarrierAggregation=false}, NetworkRegistrationInfo{ domain=CS transportType=WWAN registrationState=HOME roamingType=NOT_ROAMING accessNetworkTechnology=LTE rejectCause=0 emergencyEnabled=false availableServices=[VOICE,SMS,VIDEO] cellIdentity=CellIdentityLte:{ mCi=2147483647 mPci=2147483647 mTac=37107 mEarfcn=2147483647 mBands=[3] mBandwidth=20000 mMcc=460 mMnc=00 mAlphaLong=CMCC mAlphaShort=CMCC mAdditionalPlmns={} mCsgInfo=null} voiceSpecificInfo=VoiceSpecificRegistrationInfo { mCssSupported=false mRoamingIndicator=0 mSystemIsInPrl=0 mDefaultRoamingIndicator=0} dataSpecificInfo=null nrState=NONE rRplmn=46000 isUsingCarrierAggregation=false}], mNrFrequencyRange=0, mOperatorAlphaLongRaw=CMCC, mOperatorAlphaShortRaw=CMCC, mIsDataRoamingFromRegistration=false, mIsIwlanPreferred=false} imsSs = {mVoiceRegState=1(OUT_OF_SERVICE), mDataRegState=1(OUT_OF_SERVICE), mChannelNumber=-1, duplexMode()=0, mCellBandwidths=[], mOperatorAlphaLong=null, mOperatorAlphaShort=null, isManualNetworkSelection=false(automatic), getRilVoiceRadioTechnology=0(Unknown), getRilDataRadioTechnology=0(Unknown), mCssIndicator=unsupported, mNetworkId=-1, mSystemId=-1, mCdmaRoamingIndicator=-1, mCdmaDefaultRoamingIndicator=-1, mIsEmergencyOnly=false, isUsingCarrierAggregation=false, mArfcnRsrpBoost=0, mNetworkRegistrationInfos=[NetworkRegistrationInfo{ domain=CS transportType=WWAN registrationState=UNKNOWN roamingType=NOT_ROAMING accessNetworkTechnology=UNKNOWN rejectCause=0 emergencyEnabled=false availableServices=[] cellIdentity=null voiceSpecificInfo=null dataSpecificInfo=null nrState=NONE rRplmn= isUsingCarrierAggregation=false}, NetworkRegistrationInfo{ domain=PS transportType=WLAN registrationState=NOT_REG_OR_SEARCHING roamingType=NOT_ROAMING accessNetworkTechnology=IWLAN rejectCause=0 emergencyEnabled=false availableServices=[] cellIdentity=null voiceSpecificInfo=null dataSpecificInfo=null nrState=NONE rRplmn= isUsingCarrierAggregation=false}, NetworkRegistrationInfo{ domain=PS transportType=WWAN registrationState=NOT_REG_SEARCHING roamingType=NOT_ROAMING accessNetworkTechnology=UNKNOWN rejectCause=0 emergencyEnabled=false availableServices=[] cellIdentity=null voiceSpecificInfo=null dataSpecificInfo=android.telephony.DataSpecificRegistrationInfo :{ maxDataCalls = 16 isDcNrRestricted = false isNrAvailable = false isEnDcAvailable = false LteVopsSupportInfo :  mVopsSupport = 1 mEmcBearerSupport = 1 } nrState=NONE rRplmn= isUsingCarrierAggregation=false}], mNrFrequencyRange=0, mOperatorAlphaLongRaw=null, mOperatorAlphaShortRaw=null, mIsDataRoamingFromRegistration=false, mIsIwlanPreferred=false}
02-18 15:50:27.942  3203  3203 D NetworkTypeController: [0] LegacyState: process EVENT_DATA_RAT_CHANGED
02-18 15:50:27.943  3203  3203 D NetworkTypeController: [0] Remove all timers
02-18 15:50:27.943  3203  3203 D NetworkTypeController: [0] Remove all timers
02-18 15:50:27.943  3203  3203 D DisplayInfoController: TelephonyDisplayInfo[0] changed from TelephonyDisplayInfo {network=LTE, override=NONE} to TelephonyDisplayInfo {network=UNKNOWN, override=NONE}
02-18 15:50:27.943  3203  3684 D RILJ    : [1860]> VOICE_REGISTRATION_STATE [PHONE0]
02-18 15:50:27.943  3203  3684 D RILJ    : getVoiceRegistrationState: overrideHalVersion=null [PHONE0]
02-18 15:50:27.943  1742  1877 D RILC    : RadioImpl_1_5::getVoiceRegistrationState_1_5: serial 1860
02-18 15:50:27.944  3203  3203 D Phone   : [0] SubId1,get allowed network types user: value = GPRS|EDGE|UMTS|HSDPA|HSUPA|HSPA|LTE|HSPA+|GSM|LTE_CA|NR
02-18 15:50:27.945  3203  3203 D PhoneFactory: calculatePreferredNetworkType: phoneId = 0 networkType = 840583
02-18 15:50:27.946  3203  3402 D RILJ    : [1857]< OPERATOR {, , } [PHONE0]
02-18 15:50:27.947  3203  3677 D Phone   : isImsCapabilityAvailable, capability=1, regTech=1, isAvailable=false
02-18 15:50:27.947  2843  3687 W IWlanNetworkService: 243 > Response Processed
02-18 15:50:27.948  3203  3402 D RILJ    : [1858]< QUERY_NETWORK_SELECTION_MODE {0} [PHONE0]
02-18 15:50:27.949  3203  3402 D RILJ    : [1859]< DATA_REGISTRATION_STATE {.regState = NOT_REG_MT_SEARCHING_OP, .rat = UNKNOWN, .reasonForDenial = NONE, .cellIdentity = {.noinit = {}}, .registeredPlmn = , .accessTechnologySpecificInfo = {.noinit = {}}} [PHONE0]
02-18 15:50:27.949  3203  3627 D NRM-I-0 : onRequestNetworkRegistrationInfoComplete result: 0, info: NetworkRegistrationInfo{ domain=PS transportType=WLAN registrationState=NOT_REG_OR_SEARCHING roamingType=NOT_ROAMING accessNetworkTechnology=IWLAN rejectCause=0 emergencyEnabled=false availableServices=[] cellIdentity=null voiceSpecificInfo=null dataSpecificInfo=null nrState=NONE rRplmn= isUsingCarrierAggregation=false}
02-18 15:50:27.949  3203  3684 D CellularNetworkService: No access tech specific info passes for RegStateResult
02-18 15:50:27.950  3203  3684 D NRM-C-0 : onRequestNetworkRegistrationInfoComplete result: 0, info: NetworkRegistrationInfo{ domain=PS transportType=WWAN registrationState=NOT_REG_SEARCHING roamingType=NOT_ROAMING accessNetworkTechnology=UNKNOWN rejectCause=0 emergencyEnabled=false availableServices=[] cellIdentity=null voiceSpecificInfo=null dataSpecificInfo=android.telephony.DataSpecificRegistrationInfo :{ maxDataCalls = 16 isDcNrRestricted = false isNrAvailable = false isEnDcAvailable = false LteVopsSupportInfo :  mVopsSupport = 1 mEmcBearerSupport = 1 } nrState=NONE rRplmn= isUsingCarrierAggregation=false}
02-18 15:50:27.950  3203  3203 D Phone   : [0] SubId1,get allowed network types carrier: value = GPRS|EDGE|UMTS|HSDPA|HSUPA|HSPA|LTE|HSPA+|GSM|LTE_CA|NR
02-18 15:50:27.950  3203  3203 I CSST    : isNrSupported:  carrierConfigEnabled: true, AccessFamilySupported: true, isNrNetworkTypeAllowed: true
02-18 15:50:27.950  3203  3203 I CSST    : PrefNetworkNotification: sendMessage() w/values: ,true,-1,false,false
02-18 15:50:27.950  3203  3677 D Phone   : isImsCapabilityAvailable, capability=2, regTech=1, isAvailable=false
02-18 15:50:27.951  3203  3203 I CSST    : canceling notifications: 1000
02-18 15:50:27.951  3203  3627 D Phone   : isImsCapabilityAvailable, capability=1, regTech=0, isAvailable=false
02-18 15:50:27.951  3203  3203 D Phone   : isWifiCallingEnabled =false
02-18 15:50:27.951  3203  3203 D CSST    : isPhoneRegisteredForWifiCalling: false
02-18 15:50:27.952  3203  3203 D Phone   : isWifiCallingEnabled =false
02-18 15:50:27.952  3203  3203 I CSST    : EmergencyNetworkNotification: sendMessage() w/values: ,-1,false,false,false
02-18 15:50:27.953  3203  3203 I CSST    : canceling notifications: 1001
02-18 15:50:27.953  3203  3203 D QtiDCT-C: [0]onDataConnectionDetached: stop polling and notify detached
02-18 15:50:27.953  3203  3203 D QtiDCT-C: [0]stopNetStatPoll
02-18 15:50:27.957  3203  3203 D SST     : [0] handleMessage: received event 48
02-18 15:50:27.957  3203  3203 D SST     : [0] EVENT_IMS_CAPABILITY_CHANGED
02-18 15:50:27.958  3152  3152 D TransmitPower: ProperSensorInfoNotifier:getProperSensorInfo() E : isCallActive = false, isScreenOn = true, isDataActive = false
02-18 15:50:27.958  3152  3152 D TransmitPower: ProperSensorInfoNotifier:getProperSensorInfo() X : shouldPowerOn = false, properDetectedValue = 0
02-18 15:50:27.958  3152  3152 D TransmitPower: AccSensorManager:onProperSensorInfoChanged()
02-18 15:50:27.958  3152  3152 D TransmitPower: AccSensorObserverMOTION_DETECTION:update(): detectedValue = 0
02-18 15:50:27.958  3152  3152 D TransmitPower: AccSensorObserverBHH_DETECTION:update(): detectedValue = 0
02-18 15:50:27.958  3152  3152 D TransmitPower: AccSensorObserverBHH_DIRECTION:update(): detectedValue = 0
02-18 15:50:27.958  3152  3152 D TransmitPower: TelephonyManagerObserver:onDataActivity() : subId = 1, isDataActive = false
02-18 15:50:27.959  3203  3402 D RILJ    : [1860]< VOICE_REGISTRATION_STATE {.regState = NOT_REG_MT_SEARCHING_OP, .rat = UNKNOWN, .reasonForDenial = NONE, .cellIdentity = {.noinit = {}}, .registeredPlmn = , .accessTechnologySpecificInfo = {.noinit = {}}} [PHONE0]
02-18 15:50:27.960  3203  3684 D CellularNetworkService: No access tech specific info passes for RegStateResult
02-18 15:50:27.960  3203  3684 D NRM-C-0 : onRequestNetworkRegistrationInfoComplete result: 0, info: NetworkRegistrationInfo{ domain=CS transportType=WWAN registrationState=NOT_REG_SEARCHING roamingType=NOT_ROAMING accessNetworkTechnology=UNKNOWN rejectCause=0 emergencyEnabled=false availableServices=[] cellIdentity=null voiceSpecificInfo=VoiceSpecificRegistrationInfo { mCssSupported=false mRoamingIndicator=0 mSystemIsInPrl=0 mDefaultRoamingIndicator=0} dataSpecificInfo=null nrState=NONE rRplmn= isUsingCarrierAggregation=false}
02-18 15:50:27.961  3203  3203 D SST     : [0] updateSpnDisplayLegacy+
02-18 15:50:27.961  4615  4656 I android_os_HwBinder: HwBinder: Starting thread pool for getting: vendor.semc.system.idd@1.0::IIdd/default
02-18 15:50:27.968  3203  3203 D SST     : [0] updateSpnDisplay: rawPlmn = CMCC
02-18 15:50:27.971  3203  3203 D SST     : [0] updateSpnDisplay: rawSpn = CMCC
02-18 15:50:27.971  3203  3203 D SST     : [0] updateSpnDisplayLegacy-
02-18 15:50:27.971  3203  3203 D Phone   : isVoiceOverCellularImsEnabled=false
02-18 15:50:27.972  3203  3203 D Phone   : isWifiCallingEnabled =false
02-18 15:50:27.972  3203  3203 D SST     : [0] handleMessage: received event 54
02-18 15:50:27.972  3203  3203 D SST     : [0] EVENT_RADIO_POWER_OFF_DONE
02-18 15:50:27.974  3203  3203 D RILJ    : [1861]> GET_CELL_INFO_LIST [PHONE0]
02-18 15:50:27.974  3203  3203 D SST     : [0] handleMessage: received event 2
02-18 15:50:27.975  3203  3203 D SST     : [0] pollState: modemTriggered=true
02-18 15:50:27.975  3203  3203 D NewNitzStateMachineImpl: handleNetworkUnavailable(): mLatestNitzSignal was already null. Nothing to do.
02-18 15:50:27.975  3203  3203 D SST     : [0] issuePollCommands
02-18 15:50:27.976  3203  3203 D RILJ    : [1862]> OPERATOR [PHONE0]
02-18 15:50:27.978  3203  3203 D RILJ    : [1863]> QUERY_NETWORK_SELECTION_MODE [PHONE0]
02-18 15:50:27.978  3203  3203 D QtiGsmCdmaPhone: handleMessage: Event: 47
02-18 15:50:27.978  3203  3203 D VendorGsmCdmaPhone: handleMessage: Event: 47
02-18 15:50:27.978  3203  3203 D GsmCdmaPhone: [0] EVENT EVENT_RADIO_STATE_CHANGED
02-18 15:50:27.978  3203  3203 D GsmCdmaPhone: handleRadioPowerStateChange, state= 0
02-18 15:50:27.979  3127  3127 D DeviceInfoHidlClient: mRadioStateHdlr handleMessage()0
02-18 15:50:27.980  3203  3402 D RILJ    : [1861]< GET_CELL_INFO_LIST [] [PHONE0]
02-18 15:50:27.980  3203  3203 D SST     : [0] handleMessage: received event 1
02-18 15:50:27.980  3203  3203 D SST     : [0] setPowerStateToDesired: mDeviceShuttingDown=false, mDesiredPowerState=false, getRadioState=0, mRadioDisabledByCarrier=false, IMS reg state=false, pending radio off=false
02-18 15:50:27.980  3203  3203 D SST     : [0] pollState: modemTriggered=false
02-18 15:50:27.980  3203  3203 D NewNitzStateMachineImpl: handleNetworkUnavailable(): mLatestNitzSignal was already null. Nothing to do.
02-18 15:50:27.980  3203  3203 D SST     : [0] set service state as POWER_OFF
02-18 15:50:27.980  3203  3203 D SST     : [0] Could not set ServiceState channel number. CellIdentity null
02-18 15:50:27.981  3203  3203 D SST     : [0] Poll ServiceState done:  oldSS=[{mVoiceRegState=0(IN_SERVICE), mDataRegState=1(OUT_OF_SERVICE), mChannelNumber=2147483647, duplexMode()=0, mCellBandwidths=[20000], mOperatorAlphaLong=CMCC, mOperatorAlphaShort=CMCC, isManualNetworkSelection=false(automatic), getRilVoiceRadioTechnology=14(LTE), getRilDataRadioTechnology=0(Unknown), mCssIndicator=unsupported, mNetworkId=-1, mSystemId=-1, mCdmaRoamingIndicator=-1, mCdmaDefaultRoamingIndicator=-1, mIsEmergencyOnly=false, isUsingCarrierAggregation=false, mArfcnRsrpBoost=0, mNetworkRegistrationInfos=[NetworkRegistrationInfo{ domain=PS transportType=WLAN registrationState=NOT_REG_OR_SEARCHING roamingType=NOT_ROAMING accessNetworkTechnology=IWLAN rejectCause=0 emergencyEnabled=false availableServices=[] cellIdentity=null voiceSpecificInfo=null dataSpecificInfo=null nrState=NONE rRplmn= isUsingCarrierAggregation=false}, NetworkRegistrationInfo{ domain=PS transportType=WWAN registrationState=NOT_REG_SEARCHING roamingType=NOT_ROAMING accessNetworkTechnology=UNKNOWN rejectCause=0 emergencyEnabled=false availableServices=[] cellIdentity=null voiceSpecificInfo=null dataSpecificInfo=android.telephony.DataSpecificRegistrationInfo :{ maxDataCalls = 16 isDcNrRestricted = false isNrAvailable = false isEnDcAvailable = false LteVopsSupportInfo :  mVopsSupport = 1 mEmcBearerSupport = 1 } nrState=NONE rRplmn= isUsingCarrierAggregation=false}, NetworkRegistrationInfo{ domain=CS transportType=WWAN registrationState=HOME roamingType=NOT_ROAMING accessNetworkTechnology=LTE rejectCause=0 emergencyEnabled=false availableServices=[VOICE,SMS,VIDEO] cellIdentity=CellIdentityLte:{ mCi=2147483647 mPci=2147483647 mTac=37107 mEarfcn=2147483647 mBands=[3] mBandwidth=20000 mMcc=460 mMnc=00 mAlphaLong=CMCC mAlphaShort=CMCC mAdditionalPlmns={} mCsgInfo=null} voiceSpecificInfo=VoiceSpecificRegistrationInfo { mCssSupported=false mRoamingIndicator=0 mSystemIsInPrl=0 mDefaultRoamingIndicator=0} dataSpecificInfo=null nrState=NONE rRplmn=46000 isUsingCarrierAggregation=false}], mNrFrequencyRange=0, mOperatorAlphaLongRaw=CMCC, mOperatorAlphaShortRaw=CMCC, mIsDataRoamingFromRegistration=false, mIsIwlanPreferred=false}] newSS=[{mVoiceRegState=3(POWER_OFF), mDataRegState=3(POWER_OFF), mChannelNumber=-1, duplexMode()=0, mCellBandwidths=[], mOperatorAlphaLong=null, mOperatorAlphaShort=null, isManualNetworkSelection=false(automatic), getRilVoiceRadioTechnology=0(Unknown), getRilDataRadioTechnology=0(Unknown), mCssIndicator=unsupported, mNetworkId=-1, mSystemId=-1, mCdmaRoamingIndicator=-1, mCdmaDefaultRoamingIndicator=-1, mIsEmergencyOnly=false, isUsingCarrierAggregation=false, mArfcnRsrpBoost=0, mNetworkRegistrationInfos=[NetworkRegistrationInfo{ domain=CS transportType=WWAN registrationState=UNKNOWN roamingType=NOT_ROAMING accessNetworkTechnology=UNKNOWN rejectCause=0 emergencyEnabled=false availableServices=[] cellIdentity=null voiceSpecificInfo=null dataSpecificInfo=null nrState=NONE rRplmn= isUsingCarrierAggregation=false}, NetworkRegistrationInfo{ domain=PS transportType=WWAN registrationState=UNKNOWN roamingType=NOT_ROAMING accessNetworkTechnology=UNKNOWN rejectCause=0 emergencyEnabled=false availableServices=[] cellIdentity=null voiceSpecificInfo=null dataSpecificInfo=null nrState=NONE rRplmn= isUsingCarrierAggregation=false}], mNrFrequencyRange=0, mOperatorAlphaLongRaw=null, mOperatorAlphaShortRaw=null, mIsDataRoamingFromRegistration=false, mIsIwlanPreferred=false}] oldMaxDataCalls=16 mNewMaxDataCalls=16 oldReasonDataDenied=0 mNewReasonDataDenied=0
02-18 15:50:27.981  3203  3684 D RILJ    : [1864]> DATA_REGISTRATION_STATE [PHONE0]
02-18 15:50:27.981  3203  3684 D RILJ    : getDataRegistrationState: overrideHalVersion=null [PHONE0]
02-18 15:50:27.981  3203  3203 D SST     : [0] pollStateDone: hasRegistered = false hasDeregistered = true hasDataAttached = {1=false, 2=false} hasDataDetached = {1=false, 2=false} hasDataRegStateChanged = {1=true, 2=true} hasRilVoiceRadioTechnologyChanged = true hasRilDataRadioTechnologyChanged = {1=true, 2=true} hasDataTransportPreferenceChanged = false hasChanged = true hasVoiceRoamingOn = false hasVoiceRoamingOff = false hasDataRoamingOn =false hasDataRoamingOff = false hasLocationChanged = true has4gHandoff = false hasMultiApnSupport = false hasLostMultiApnSupport = false hasCssIndicatorChanged = false hasNrFrequencyRangeChanged = false hasNrStateChanged = false hasAirplaneModeOnlChanged = true
02-18 15:50:27.981  1742  1742 D RILC    : RadioImpl_1_5::getDataRegistrationState_1_5: serial 1864
02-18 15:50:27.981  3203  3203 I gsm_service_state_change: [0,1,3,3]
02-18 15:50:27.981  3203  3203 I gsm_rat_switched_new: [-1,14,0]
02-18 15:50:27.982  3203  3203 D SST     : [0] RAT switched LTE -> Unknown at cell -1
02-18 15:50:27.982  2843  3687 W IWlanNetworkService: 244 > Response Processed
02-18 15:50:27.982  3203  3684 D RILJ    : [1865]> VOICE_REGISTRATION_STATE [PHONE0]
02-18 15:50:27.982  3203  3684 D RILJ    : getVoiceRegistrationState: overrideHalVersion=null [PHONE0]
02-18 15:50:27.983  1742  1742 D RILC    : RadioImpl_1_5::getVoiceRegistrationState_1_5: serial 1865
02-18 15:50:27.983  3203  3402 D RILJ    : [1862]< OPERATOR {, , } [PHONE0]
02-18 15:50:27.983  3203  3677 D NRM-I-0 : onRequestNetworkRegistrationInfoComplete result: 0, info: NetworkRegistrationInfo{ domain=PS transportType=WLAN registrationState=NOT_REG_OR_SEARCHING roamingType=NOT_ROAMING accessNetworkTechnology=IWLAN rejectCause=0 emergencyEnabled=false availableServices=[] cellIdentity=null voiceSpecificInfo=null dataSpecificInfo=null nrState=NONE rRplmn= isUsingCarrierAggregation=false}
02-18 15:50:27.984  3203  3402 D RILJ    : [1863]< QUERY_NETWORK_SELECTION_MODE {0} [PHONE0]
02-18 15:50:27.986  3203  3203 D SST     : [0] updateSpnDisplayLegacy+
02-18 15:50:27.989  3203  3684 D CellularNetworkService: No access tech specific info passes for RegStateResult
02-18 15:50:27.989  3203  3684 D NRM-C-0 : onRequestNetworkRegistrationInfoComplete result: 0, info: NetworkRegistrationInfo{ domain=PS transportType=WWAN registrationState=NOT_REG_SEARCHING roamingType=NOT_ROAMING accessNetworkTechnology=UNKNOWN rejectCause=0 emergencyEnabled=false availableServices=[] cellIdentity=null voiceSpecificInfo=null dataSpecificInfo=android.telephony.DataSpecificRegistrationInfo :{ maxDataCalls = 16 isDcNrRestricted = false isNrAvailable = false isEnDcAvailable = false LteVopsSupportInfo :  mVopsSupport = 1 mEmcBearerSupport = 1 } nrState=NONE rRplmn= isUsingCarrierAggregation=false}
02-18 15:50:27.989  3203  3402 D RILJ    : [1864]< DATA_REGISTRATION_STATE {.regState = NOT_REG_MT_SEARCHING_OP, .rat = UNKNOWN, .reasonForDenial = NONE, .cellIdentity = {.noinit = {}}, .registeredPlmn = , .accessTechnologySpecificInfo = {.noinit = {}}} [PHONE0]
02-18 15:50:27.994  3203  3203 D SST     : [0] updateSpnDisplay: radio is off w/ showPlmn=true plmn=null
02-18 15:50:27.996  3203  3684 D CellularNetworkService: No access tech specific info passes for RegStateResult
