02-18 15:50:26.617  2968  3965 I QImsService: Class : RTT: copySrvStatusList rtt mode = 2
02-18 15:50:26.617  2968  3965 I QImsService: Class :  networkMode = 14 status = 0 restrictCause = 0 registered = 2
02-18 15:50:26.617  2968  3965 I QImsService: Class : RTT: copySrvStatusList rtt mode = 2
02-18 15:50:26.617  2968  3965 I QImsService: Class :  networkMode = 14 status = 0 restrictCause = 0 registered = 2
02-18 15:50:26.617  2968  3965 I QImsService: Class : RTT: copySrvStatusList rtt mode = 2
02-18 15:50:26.617  3203  3203 D NetworkTypeController: [0] LegacyState: process EVENT_PHYSICAL_LINK_STATE_CHANGED
02-18 15:50:26.617  2968  3965 I QImsService: Class :  networkMode = 14 status = 0 restrictCause = 0 registered = 2
02-18 15:50:26.617  2968  3965 I QImsService: Class : RTT: copySrvStatusList rtt mode = 2
02-18 15:50:26.618  2968  3965 I QImsService: ImsSenderRxr : [UNSL]< UNSOL_SRV_STATUS_UPDATE [org.codeaurora.ims.ServiceStatus@1bd845d, org.codeaurora.ims.ServiceStatus@8f3e1d2, org.codeaurora.ims.ServiceStatus@91152a3, org.codeaurora.ims.ServiceStatus@a009a0, org.codeaurora.ims.ServiceStatus@8d30959, org.codeaurora.ims.ServiceStatus@28a491e, org.codeaurora.ims.ServiceStatus@25c75ff][SUB0]
02-18 15:50:26.619  3203  3203 D RILJ    : [1844]> IMS_REGISTRATION_STATE [PHONE0]
02-18 15:50:26.619  3203  3203 D SST     : [0] handleMessage: received event 46
02-18 15:50:26.620  3203  3203 D RILJ    : [1845]> IMS_REGISTRATION_STATE [PHONE0]
02-18 15:50:26.620  2968  2968 I QImsService: ImsServiceSubHandler : Message received: what = 4
02-18 15:50:26.620  2968  2968 I QImsService: ImsServiceSub : [0] Received event: EVENT_SRV_STATUS_UPDATE
02-18 15:50:26.620  2968  2968 I QImsService: ImsServiceSub : [0] type = 5 status = 1 isValid = true
02-18 15:50:26.620  2968  2968 I QImsService: ImsServiceSub : [0] Call Type 5has num updates = 1
02-18 15:50:26.620  2968  2968 I QImsService: ImsServiceSub : [0] StatusForAccessTech networkMode = 14 registered = 1 status = 2 restrictCause = 0
02-18 15:50:26.620  2968  2968 I QImsService: ImsServiceSub : [0] type = 0 status = 0 isValid = true
02-18 15:50:26.620  2968  2968 I QImsService: ImsServiceSub : [0] Call Type 0has num updates = 1
02-18 15:50:26.620  3203  3203 D RILJ    : [1846]> IMS_REGISTRATION_STATE [PHONE0]
02-18 15:50:26.620  2968  2968 I QImsService: ImsServiceSub : [0] StatusForAccessTech networkMode = 14 registered = 2 status = 0 restrictCause = 0
02-18 15:50:26.621  2968  2968 I QImsService: ImsServiceSub : [0] type = 3 status = 0 isValid = true
02-18 15:50:26.621  2968  2968 I QImsService: ImsServiceSub : [0] Call Type 3has num updates = 1
02-18 15:50:26.621  3203  3203 D SST     : [0] handleMessage: received event 46
02-18 15:50:26.621  2968  2968 I QImsService: ImsServiceSub : [0] StatusForAccessTech networkMode = 14 registered = 2 status = 0 restrictCause = 0
02-18 15:50:26.621  3203  3402 D RILJ    : [1844]< IMS_REGISTRATION_STATE {0, 1} [PHONE0]
02-18 15:50:26.621  2968  2968 I QImsService: ImsServiceSub : [0] type = 1 status = 0 isValid = true
02-18 15:50:26.621  2968  3965 I QImsService: ImsRadioIndicationHidl : onServiceStatusChanged()
02-18 15:50:26.621  2968  2968 I QImsService: ImsServiceSub : [0] Call Type 1has num updates = 1
02-18 15:50:26.621  2968  2968 I QImsService: ImsServiceSub : [0] StatusForAccessTech networkMode = 14 registered = 2 status = 0 restrictCause = 0
02-18 15:50:26.621  2968  2968 I QImsService: ImsServiceSub : [0] type = 2 status = 0 isValid = true
02-18 15:50:26.621  2968  3965 I QImsService: ImsRadioIndicationHidl : onServiceStatusChanged_1_6()
02-18 15:50:26.621  2968  2968 I QImsService: ImsServiceSub : [0] Call Type 2has num updates = 1
02-18 15:50:26.621  2968  2968 I QImsService: ImsServiceSub : [0] StatusForAccessTech networkMode = 14 registered = 2 status = 0 restrictCause = 0
02-18 15:50:26.621  3203  3203 D RILJ    : [1847]> IMS_REGISTRATION_STATE [PHONE0]
02-18 15:50:26.621  2968  3965 I QImsService: Class : Num of SrvUpdates = 7
02-18 15:50:26.621  2968  2968 I QImsService: ImsServiceSub : [0] type = 10 status = 0 isValid = true
02-18 15:50:26.621  2968  2968 I QImsService: ImsServiceSub : [0] type = 10 status = 0 isValid = true
02-18 15:50:26.621  2968  3965 I QImsService: Class :  networkMode = 14 status = 0 restrictCause = 0 registered = 2
02-18 15:50:26.621  3203  3203 D SmsDispatchersController: IMS registration state: false format: 3gpp2
02-18 15:50:26.621  2968  3965 I QImsService: Class : RTT: copySrvStatusList rtt mode = 2
02-18 15:50:26.621  2968  3965 I QImsService: Class :  networkMode = 14 status = 0 restrictCause = 0 registered = 2
02-18 15:50:26.621  2968  3965 I QImsService: Class : RTT: copySrvStatusList rtt mode = 2
02-18 15:50:26.621  2968  2968 I QImsService: ImsServiceClassTracker : updateFeatureCapabilities video false voice false
02-18 15:50:26.621  2968  3965 I QImsService: Class :  networkMode = 14 status = 0 restrictCause = 0 registered = 2
02-18 15:50:26.621  2968  3965 I QImsService: Class : RTT: copySrvStatusList rtt mode = 2
02-18 15:50:26.622  2968  2968 I QImsService: ImsServiceStateReceiver : updateHDIcon isVideo : false isVoice : false phoneId: 0 show HD Icon: false
02-18 15:50:26.622  3203  3402 D RILJ    : [1845]< IMS_REGISTRATION_STATE {0, 1} [PHONE0]
02-18 15:50:26.622  2968  3965 I QImsService: Class :  networkMode = 14 status = 0 restrictCause = 0 registered = 2
02-18 15:50:26.622  2968  3965 I QImsService: Class : RTT: copySrvStatusList rtt mode = 2
02-18 15:50:26.622  2968  3965 I QImsService: Class :  networkMode = 14 status = 0 restrictCause = 0 registered = 2
02-18 15:50:26.622  2968  3965 I QImsService: Class : RTT: copySrvStatusList rtt mode = 2
02-18 15:50:26.623  2968  3965 I QImsService: Class :  networkMode = 14 status = 0 restrictCause = 0 registered = 2
02-18 15:50:26.623  2968  3965 I QImsService: Class : RTT: copySrvStatusList rtt mode = 2
02-18 15:50:26.623  2968  3965 I QImsService: Class :  networkMode = 14 status = 0 restrictCause = 0 registered = 2
02-18 15:50:26.623  2968  3965 I QImsService: Class : RTT: copySrvStatusList rtt mode = 2
02-18 15:50:26.623  2968  3965 I QImsService: ImsSenderRxr : [UNSL]< UNSOL_SRV_STATUS_UPDATE [org.codeaurora.ims.ServiceStatus@f8c1fcc, org.codeaurora.ims.ServiceStatus@421e215, org.codeaurora.ims.ServiceStatus@68dd92a, org.codeaurora.ims.ServiceStatus@30c731b, org.codeaurora.ims.ServiceStatus@9416cb8, org.codeaurora.ims.ServiceStatus@e4b8a91, org.codeaurora.ims.ServiceStatus@7885df6][SUB0]
02-18 15:50:26.623  3203  3677 D SubscriptionController: [getActiveSubscriptionInfoForSimSlotIndex]+ slotIndex=0 subId={id=1 iccId=89860012262081786394 simSlotIndex=0 carrierId=1435 displayName=CMCC carrierName=CMCC nameSource=1 iconTint=-16746133 number=19829368690 dataRoaming=0 iconBitmap=android.graphics.Bitmap@fc898a4 mcc=460 mnc=02 countryIso=cn isEmbedded=false nativeAccessRules=null cardString=89860012262081786394 cardId=0 isOpportunistic=false groupUUID=null isGroupDisabled=false profileClass=-1 ehplmns=[46000, 46007, 46002, 46008] hplmns=[46000, 46000, 46000] subscriptionType=0 groupOwner=null carrierConfigAccessRules=null areUiccApplicationsEnabled=true}
02-18 15:50:26.624  3203  3402 D RILJ    : [1846]< IMS_REGISTRATION_STATE {0, 1} [PHONE0]
02-18 15:50:26.624 11742 25008 W System.err: 	at java.net.Inet6AddressImpl.lookupHostByName(Inet6AddressImpl.java:156)
02-18 15:50:26.625  2968  3965 I QImsService: ImsRadioIndicationHidl : onServiceStatusChanged()
02-18 15:50:26.624 11742 25008 W System.err: 	at java.net.Inet6AddressImpl.lookupAllHostAddr(Inet6AddressImpl.java:103)
02-18 15:50:26.625 11742 25008 W System.err: 	at java.net.InetAddress.getAllByName(InetAddress.java:1152)
02-18 15:50:26.625 11742 25008 W System.err: 	at com.android.okhttp.Dns$1.lookup(Dns.java:41)
02-18 15:50:26.625 11742 25008 W System.err: 	at com.android.okhttp.internal.http.RouteSelector.resetNextInetSocketAddress(RouteSelector.java:178)
02-18 15:50:26.625  2968  3965 I QImsService: ImsRadioIndicationHidl : onServiceStatusChanged_1_6()
02-18 15:50:26.625 11742 25008 W System.err: 	at com.android.okhttp.internal.http.RouteSelector.nextProxy(RouteSelector.java:144)
02-18 15:50:26.625  2968  3965 I QImsService: Class : Num of SrvUpdates = 7
02-18 15:50:26.625 11742 25008 W System.err: 	at com.android.okhttp.internal.http.RouteSelector.next(RouteSelector.java:86)
02-18 15:50:26.625 11742 25008 W System.err: 	at com.android.okhttp.internal.http.StreamAllocation.findConnection(StreamAllocation.java:176)
02-18 15:50:26.625  2968  3965 I QImsService: Class :  networkMode = 14 status = 0 restrictCause = 0 registered = 2
02-18 15:50:26.625 11742 25008 W System.err: 	at com.android.okhttp.internal.http.StreamAllocation.findHealthyConnection(StreamAllocation.java:128)
02-18 15:50:26.625  2968  3965 I QImsService: Class : RTT: copySrvStatusList rtt mode = 2
02-18 15:50:26.625 11742 25008 W System.err: 	at com.android.okhttp.internal.http.StreamAllocation.newStream(StreamAllocation.java:97)
02-18 15:50:26.625  2968  3965 I QImsService: Class :  networkMode = 14 status = 0 restrictCause = 0 registered = 2
02-18 15:50:26.625 11742 25008 W System.err: 	at com.android.okhttp.internal.http.HttpEngine.connect(HttpEngine.java:289)
02-18 15:50:26.625  2968  3965 I QImsService: Class : RTT: copySrvStatusList rtt mode = 2
02-18 15:50:26.625 11742 25008 W System.err: 	at com.android.okhttp.internal.http.HttpEngine.sendRequest(HttpEngine.java:232)
02-18 15:50:26.625 11742 25008 W System.err: 	at com.android.okhttp.internal.huc.HttpURLConnectionImpl.execute(HttpURLConnectionImpl.java:465)
02-18 15:50:26.625  2968  3965 I QImsService: Class :  networkMode = 14 status = 0 restrictCause = 0 registered = 2
02-18 15:50:26.625 11742 25008 W System.err: 	at com.android.okhttp.internal.huc.HttpURLConnectionImpl.connect(HttpURLConnectionImpl.java:131)
02-18 15:50:26.625  2968  3965 I QImsService: Class : RTT: copySrvStatusList rtt mode = 2
02-18 15:50:26.625 11742 25008 W System.err: 	at com.android.okhttp.internal.huc.HttpURLConnectionImpl.getOutputStream(HttpURLConnectionImpl.java:262)
02-18 15:50:26.625  2968  3965 I QImsService: Class :  networkMode = 14 status = 0 restrictCause = 0 registered = 2
02-18 15:50:26.625 11742 25008 W System.err: 	at com.android.okhttp.internal.huc.DelegatingHttpsURLConnection.getOutputStream(DelegatingHttpsURLConnection.java:219)
02-18 15:50:26.625  2968  3965 I QImsService: Class : RTT: copySrvStatusList rtt mode = 2
02-18 15:50:26.625 11742 25008 W System.err: 	at com.android.okhttp.internal.huc.HttpsURLConnectionImpl.getOutputStream(HttpsURLConnectionImpl.java:30)
02-18 15:50:26.625  2968  3965 I QImsService: Class :  networkMode = 14 status = 0 restrictCause = 0 registered = 2
02-18 15:50:26.625 11742 25008 W System.err: 	at bnwn.run(:com.google.android.gms@213918053@21.39.18 (190400-407637301):20)
02-18 15:50:26.625  2968  3965 I QImsService: Class : RTT: copySrvStatusList rtt mode = 2
02-18 15:50:26.625  3203  3402 D RILJ    : [1847]< IMS_REGISTRATION_STATE {0, 1} [PHONE0]
02-18 15:50:26.625 11742 25008 W System.err: 	at pvw.c(:com.google.android.gms@213918053@21.39.18 (190400-407637301):6)
02-18 15:50:26.625  2968  3965 I QImsService: Class :  networkMode = 14 status = 0 restrictCause = 0 registered = 2
02-18 15:50:26.625 11742 25008 W System.err: 	at pvw.run(:com.google.android.gms@213918053@21.39.18 (190400-407637301):7)
02-18 15:50:26.625  2968  3965 I QImsService: Class : RTT: copySrvStatusList rtt mode = 2
02-18 15:50:26.625 11742 25008 W System.err: 	at java.util.concurrent.ThreadPoolExecutor.runWorker(ThreadPoolExecutor.java:1167)
02-18 15:50:26.625  2968  3965 I QImsService: Class :  networkMode = 14 status = 0 restrictCause = 0 registered = 2
02-18 15:50:26.625 11742 25008 W System.err: 	at java.util.concurrent.ThreadPoolExecutor$Worker.run(ThreadPoolExecutor.java:641)
02-18 15:50:26.625  2968  3965 I QImsService: Class : RTT: copySrvStatusList rtt mode = 2
02-18 15:50:26.625 11742 25008 W System.err: 	at qac.run(:com.google.android.gms@213918053@21.39.18 (190400-407637301):0)
02-18 15:50:26.625  3203  3203 D Phone   : getImsRegistrationTechnology =0
02-18 15:50:26.625 11742 25008 W System.err: 	at java.lang.Thread.run(Thread.java:920)
02-18 15:50:26.625  2968  3965 I QImsService: ImsSenderRxr : [UNSL]< UNSOL_SRV_STATUS_UPDATE [org.codeaurora.ims.ServiceStatus@3f525f7, org.codeaurora.ims.ServiceStatus@4fc9c64, org.codeaurora.ims.ServiceStatus@8d3ecd, org.codeaurora.ims.ServiceStatus@4d46382, org.codeaurora.ims.ServiceStatus@d4c2a93, org.codeaurora.ims.ServiceStatus@f191ad0, org.codeaurora.ims.ServiceStatus@bbfac9][SUB0]
02-18 15:50:26.626 11742 25008 W System.err: Caused by: android.system.GaiException: android_getaddrinfo failed: EAI_NODATA (No address associated with hostname)
02-18 15:50:26.626 11742 25008 W System.err: 	at libcore.io.Linux.android_getaddrinfo(Native Method)
02-18 15:50:26.626 11742 25008 W System.err: 	at libcore.io.ForwardingOs.android_getaddrinfo(ForwardingOs.java:136)
02-18 15:50:26.626 11742 25008 W System.err: 	at libcore.io.BlockGuardOs.android_getaddrinfo(BlockGuardOs.java:221)
02-18 15:50:26.626 11742 25008 W System.err: 	at libcore.io.ForwardingOs.android_getaddrinfo(ForwardingOs.java:136)
02-18 15:50:26.626 11742 25008 W System.err: 	at java.net.Inet6AddressImpl.lookupHostByName(Inet6AddressImpl.java:135)
02-18 15:50:26.626 11742 25008 W System.err: 	... 23 more
02-18 15:50:26.627  3203  3203 I Telephony: isRttCurrentlySupported -- regular acct, hasVoiceAvailability: false
02-18 15:50:26.627  3203  3203 I Telephony:  isRttSupported: false
02-18 15:50:26.627  3203  3203 I Telephony:  isUserRttSettingOn: false
02-18 15:50:26.627  3203  3203 I Telephony:  alwaysAllowWhileRoaming: false
02-18 15:50:26.627  3203  3203 I Telephony:  isRoaming: false
02-18 15:50:26.627  3203  3203 I Telephony:  isOnWfc: false
02-18 15:50:26.627  3203  3203 D SST     : [0] handleMessage: received event 47
02-18 15:50:26.627  3203  3203 D SST     : [0] setImsRegistrationState: {registered=false mImsRegistrationOnOff=true}
02-18 15:50:26.627  3203  3203 D ImsPhoneCallTracker: [0] onCapabilitiesStatusChanged: MmTel Capabilities - [Voice: false Video: false UT: false SMS: true CALL_COMPOSER: false]
02-18 15:50:26.627  2968  3965 I QImsService: ImsRadioIndicationHidl : onRegistrationChanged()
02-18 15:50:26.627  3203  3203 D SmsDispatchersController: IMS registration state: false format: 3gpp2
02-18 15:50:26.627  2968  3965 I QImsService: ImsRadioIndicationHidl : onRegistrationChanged_1_6()
02-18 15:50:26.628  3203  3203 D SST     : [0] handleMessage: received event 47
02-18 15:50:26.628  2968  3965 I QImsService: ImsSenderRxr : [UNSL]< UNSOL_RESPONSE_IMS_NETWORK_STATE_CHANGED[SUB0]
02-18 15:50:26.628  3203  3203 D SST     : [0] setImsRegistrationState: {registered=false mImsRegistrationOnOff=false}
02-18 15:50:26.628  3203  3203 D SST     : [0] handleMessage: received event 45
02-18 15:50:26.628  3203  3203 D SST     : [0] EVENT_CHANGE_IMS_STATE:
02-18 15:50:26.628  3203  3203 D ImsPhoneCallTracker: [0] handleMessage what=26
02-18 15:50:26.628  3203  3203 D ImsPhoneCallTracker: [0] handleFeatureCapabilityChanged: MmTel Capabilities - [Voice: false Video: false UT: false SMS: true CALL_COMPOSER: false] isVideoEnabledStateChanged=false
02-18 15:50:26.629  3203  3203 D ImsPhoneCallTracker: [0] handleFeatureCapabilityChanged: isVolteEnabled=false, isVideoCallEnabled=false, isVowifiEnabled=false, isUtEnabled=false
02-18 15:50:26.629  2968  2968 I QImsService: ImsServiceStateReceiver : shallShowHDIcon config showHDIcon : false phoneId : 0
02-18 15:50:26.629  2968  2968 I QImsService: ImsServiceSubHandler : Message received: what = 4
02-18 15:50:26.629  2968  2968 I QImsService: ImsServiceSub : [0] Received event: EVENT_SRV_STATUS_UPDATE
02-18 15:50:26.629  2968  2968 I QImsService: ImsServiceSub : [0] type = 5 status = 0 isValid = true
02-18 15:50:26.629  2968  2968 I QImsService: ImsServiceSub : [0] Call Type 5has num updates = 1
02-18 15:50:26.629  2968  2968 I QImsService: ImsServiceSub : [0] StatusForAccessTech networkMode = 14 registered = 2 status = 0 restrictCause = 0
02-18 15:50:26.629  2968  2968 I QImsService: ImsServiceSub : [0] type = 0 status = 0 isValid = true
02-18 15:50:26.629  2968  2968 I QImsService: ImsServiceSub : [0] Call Type 0has num updates = 1
02-18 15:50:26.629  2968  2968 I QImsService: ImsServiceSub : [0] StatusForAccessTech networkMode = 14 registered = 2 status = 0 restrictCause = 0
02-18 15:50:26.629  2968  2968 I QImsService: ImsServiceSub : [0] type = 3 status = 0 isValid = true
02-18 15:50:26.629  2968  2968 I QImsService: ImsServiceSub : [0] Call Type 3has num updates = 1
02-18 15:50:26.629  2968  2968 I QImsService: ImsServiceSub : [0] StatusForAccessTech networkMode = 14 registered = 2 status = 0 restrictCause = 0
02-18 15:50:26.629  3203  3203 D SST     : [0] handleMessage: received event 48
02-18 15:50:26.629  2968  2968 I QImsService: ImsServiceSub : [0] type = 1 status = 0 isValid = true
02-18 15:50:26.629  3203  3203 D SST     : [0] EVENT_IMS_CAPABILITY_CHANGED
02-18 15:50:26.629  2968  2968 I QImsService: ImsServiceSub : [0] Call Type 1has num updates = 1
02-18 15:50:26.629  2968  2968 I QImsService: ImsServiceSub : [0] StatusForAccessTech networkMode = 14 registered = 2 status = 0 restrictCause = 0
02-18 15:50:26.629  2968  2968 I QImsService: ImsServiceSub : [0] type = 2 status = 0 isValid = true
02-18 15:50:26.629  2968  2968 I QImsService: ImsServiceSub : [0] Call Type 2has num updates = 1
02-18 15:50:26.629  2968  2968 I QImsService: ImsServiceSub : [0] StatusForAccessTech networkMode = 14 registered = 2 status = 0 restrictCause = 0
02-18 15:50:26.629  2968  2968 I QImsService: ImsServiceSub : [0] type = 10 status = 0 isValid = true
02-18 15:50:26.629  2968  2968 I QImsService: ImsServiceSub : [0] type = 10 status = 0 isValid = true
02-18 15:50:26.629  2968  2968 I QImsService: ImsServiceClassTracker : updateFeatureCapabilities video false voice false
02-18 15:50:26.630  2968  2968 I QImsService: ImsServiceStateReceiver : updateHDIcon isVideo : false isVoice : false phoneId: 0 show HD Icon: false
02-18 15:50:26.631  3203  3672 D SubscriptionController: [getActiveSubscriptionInfoForSimSlotIndex]+ slotIndex=0 subId={id=1 iccId=89860012262081786394 simSlotIndex=0 carrierId=1435 displayName=CMCC carrierName=CMCC nameSource=1 iconTint=-16746133 number=19829368690 dataRoaming=0 iconBitmap=android.graphics.Bitmap@fc898a4 mcc=460 mnc=02 countryIso=cn isEmbedded=false nativeAccessRules=null cardString=89860012262081786394 cardId=0 isOpportunistic=false groupUUID=null isGroupDisabled=false profileClass=-1 ehplmns=[46000, 46007, 46002, 46008] hplmns=[46000, 46000, 46000] subscriptionType=0 groupOwner=null carrierConfigAccessRules=null areUiccApplicationsEnabled=true}
02-18 15:50:26.631  3203  3203 D SST     : [0] updateSpnDisplayLegacy+
02-18 15:50:26.638  3203  3203 D SST     : [0] updateSpnDisplay: rawPlmn = CMCC
02-18 15:50:26.639  3203  3887 D Phone   : isImsCapabilityAvailable, capability=1, regTech=1, isAvailable=false
02-18 15:50:26.639  3203  3887 D Phone   : isImsCapabilityAvailable, capability=2, regTech=1, isAvailable=false
02-18 15:50:26.640  3203  3203 D SST     : [0] updateSpnDisplay: rawSpn = CMCC
02-18 15:50:26.640  3203  3203 D SST     : [0] updateSpnDisplayLegacy-
02-18 15:50:26.640  3203  3672 D Phone   : isImsCapabilityAvailable, capability=1, regTech=0, isAvailable=false
02-18 15:50:26.640  3203  3203 D Phone   : isVoiceOverCellularImsEnabled=false
02-18 15:50:26.640  3203  3203 D Phone   : isWifiCallingEnabled =false
02-18 15:50:26.640  3203  3203 D ImsPhoneCallTracker: [0] onCapabilitiesStatusChanged: MmTel Capabilities - [Voice: false Video: false UT: false SMS: false CALL_COMPOSER: false]
02-18 15:50:26.641  3203  3887 D Phone   : isImsCapabilityAvailable, capability=1, regTech=1, isAvailable=false
02-18 15:50:26.642  2968  2968 I QImsService: ImsServiceStateReceiver : shallShowHDIcon config showHDIcon : false phoneId : 0
02-18 15:50:26.642  2968  2968 I QImsService: ImsServiceSubHandler : Message received: what = 4
02-18 15:50:26.642  2968  2968 I QImsService: ImsServiceSub : [0] Received event: EVENT_SRV_STATUS_UPDATE
02-18 15:50:26.642  2968  2968 I QImsService: ImsServiceSub : [0] type = 5 status = 0 isValid = true
02-18 15:50:26.642  2968  2968 I QImsService: ImsServiceSub : [0] Call Type 5has num updates = 1
02-18 15:50:26.642  2968  2968 I QImsService: ImsServiceSub : [0] StatusForAccessTech networkMode = 14 registered = 2 status = 0 restrictCause = 0
02-18 15:50:26.642  2968  2968 I QImsService: ImsServiceSub : [0] type = 0 status = 0 isValid = true
02-18 15:50:26.642  2968  2968 I QImsService: ImsServiceSub : [0] Call Type 0has num updates = 1
02-18 15:50:26.642  2968  2968 I QImsService: ImsServiceSub : [0] StatusForAccessTech networkMode = 14 registered = 2 status = 0 restrictCause = 0
02-18 15:50:26.642  2968  2968 I QImsService: ImsServiceSub : [0] type = 3 status = 0 isValid = true
02-18 15:50:26.642  2968  2968 I QImsService: ImsServiceSub : [0] Call Type 3has num updates = 1
02-18 15:50:26.643  2968  2968 I QImsService: ImsServiceSub : [0] StatusForAccessTech networkMode = 14 registered = 2 status = 0 restrictCause = 0
02-18 15:50:26.643  2968  2968 I QImsService: ImsServiceSub : [0] type = 1 status = 0 isValid = true
02-18 15:50:26.643  2968  2968 I QImsService: ImsServiceSub : [0] Call Type 1has num updates = 1
02-18 15:50:26.643  2968  2968 I QImsService: ImsServiceSub : [0] StatusForAccessTech networkMode = 14 registered = 2 status = 0 restrictCause = 0
02-18 15:50:26.643  2968  2968 I QImsService: ImsServiceSub : [0] type = 2 status = 0 isValid = true
02-18 15:50:26.643  2968  2968 I QImsService: ImsServiceSub : [0] Call Type 2has num updates = 1
02-18 15:50:26.643  2968  2968 I QImsService: ImsServiceSub : [0] StatusForAccessTech networkMode = 14 registered = 2 status = 0 restrictCause = 0
02-18 15:50:26.643  2968  2968 I QImsService: ImsServiceSub : [0] type = 10 status = 0 isValid = true
02-18 15:50:26.643  2968  2968 I QImsService: ImsServiceSub : [0] type = 10 status = 0 isValid = true
02-18 15:50:26.643  2968  2968 I QImsService: ImsServiceClassTracker : updateFeatureCapabilities video false voice false
02-18 15:50:26.643  2968  2968 I QImsService: ImsServiceStateReceiver : updateHDIcon isVideo : false isVoice : false phoneId: 0 show HD Icon: false
02-18 15:50:26.643  3203  3203 D Phone   : getImsRegistrationTechnology =0
02-18 15:50:26.644  3203  3672 D Phone   : isImsCapabilityAvailable, capability=2, regTech=1, isAvailable=false
02-18 15:50:26.644  3203  3887 D Phone   : isImsCapabilityAvailable, capability=1, regTech=0, isAvailable=false
02-18 15:50:26.645  3203  3203 I Telephony: isRttCurrentlySupported -- regular acct, hasVoiceAvailability: false
02-18 15:50:26.645  3203  3203 I Telephony:  isRttSupported: false
02-18 15:50:26.645  3203  3203 I Telephony:  isUserRttSettingOn: false
02-18 15:50:26.645  3203  3203 I Telephony:  alwaysAllowWhileRoaming: false
02-18 15:50:26.645  3203  3203 I Telephony:  isRoaming: false
02-18 15:50:26.645  3203  3203 I Telephony:  isOnWfc: false
02-18 15:50:26.645  3203  3717 D SubscriptionController: [getActiveSubscriptionInfoForSimSlotIndex]+ slotIndex=0 subId={id=1 iccId=89860012262081786394 simSlotIndex=0 carrierId=1435 displayName=CMCC carrierName=CMCC nameSource=1 iconTint=-16746133 number=19829368690 dataRoaming=0 iconBitmap=android.graphics.Bitmap@fc898a4 mcc=460 mnc=02 countryIso=cn isEmbedded=false nativeAccessRules=null cardString=89860012262081786394 cardId=0 isOpportunistic=false groupUUID=null isGroupDisabled=false profileClass=-1 ehplmns=[46000, 46007, 46002, 46008] hplmns=[46000, 46000, 46000] subscriptionType=0 groupOwner=null carrierConfigAccessRules=null areUiccApplicationsEnabled=true}
02-18 15:50:26.645  3203  3203 D Phone   : isWifiCallingEnabled =false
02-18 15:50:26.645  3203  3203 D CSST    : isPhoneRegisteredForWifiCalling: false
02-18 15:50:26.645  3203  3203 D Phone   : isWifiCallingEnabled =false
02-18 15:50:26.646  3203  3203 I CSST    : EmergencyNetworkNotification: sendMessage() w/values: ,-1,false,true,false
02-18 15:50:26.646  3203  3203 I CSST    : canceling notifications: 1001
02-18 15:50:26.646  3203  3203 D ImsPhoneCallTracker: [0] handleMessage what=26
02-18 15:50:26.646  3203  3203 D ImsPhoneCallTracker: [0] handleFeatureCapabilityChanged: MmTel Capabilities - [Voice: false Video: false UT: false SMS: false CALL_COMPOSER: false] isVideoEnabledStateChanged=false
02-18 15:50:26.647  3203  3717 D Phone   : isImsCapabilityAvailable, capability=1, regTech=1, isAvailable=false
02-18 15:50:26.647  3203  3203 D ImsPhoneCallTracker: [0] handleFeatureCapabilityChanged: isVolteEnabled=false, isVideoCallEnabled=false, isVowifiEnabled=false, isUtEnabled=false
02-18 15:50:26.647  3203  3203 W ImsStats: [0] conclude: discarding transient stats, duration=18
02-18 15:50:26.648  3203  3672 D Phone   : isImsCapabilityAvailable, capability=2, regTech=1, isAvailable=false
02-18 15:50:26.649  3203  3672 D Phone   : isImsCapabilityAvailable, capability=1, regTech=0, isAvailable=false
02-18 15:50:26.650  2968  2968 I QImsService: ImsServiceStateReceiver : shallShowHDIcon config showHDIcon : false phoneId : 0
02-18 15:50:26.650  3203  3203 D Phone   : getImsRegistrationTechnology =0
02-18 15:50:26.650  2968  2968 D ImsMultiEndpointImpl: Message received: what = 2
02-18 15:50:26.651  2968  2968 D ImsMultiEndpointImpl: EVENT_CAPABILITIES_CHANGED
02-18 15:50:26.651  2968  2968 D ImsMultiEndpointImpl: updateCapabilities:: Video = false, Voice = false
02-18 15:50:26.651  2968  2968 D ImsViceParser: getCallPullInfo mDialogIds null
02-18 15:50:26.651  2968  2968 I ImsMultiEndpointImpl: Calling onImsExternalCallStateUpdate
02-18 15:50:26.651  2968  2968 D MultiEndpointImplBase: ims external call state update triggered.
02-18 15:50:26.651  2968  2968 I QImsService: ImsRegistrationController : Message received: what = 3
02-18 15:50:26.651  2968  2968 I QImsService: ImsRegistrationController : handleImsStateChanged
02-18 15:50:26.651  2968  2968 I QImsService: ImsServiceSub : [0] VOLTE ims registered, WFC change to Not  registered
02-18 15:50:26.652  3203  3203 I Telephony: isRttCurrentlySupported -- regular acct, hasVoiceAvailability: false
02-18 15:50:26.652  3203  3203 I Telephony:  isRttSupported: false
02-18 15:50:26.652  3203  3203 I Telephony:  isUserRttSettingOn: false
02-18 15:50:26.652  3203  3203 I Telephony:  alwaysAllowWhileRoaming: false
02-18 15:50:26.652  3203  3203 I Telephony:  isRoaming: false
02-18 15:50:26.652  3203  3203 I Telephony:  isOnWfc: false
02-18 15:50:26.652  3203  3203 D ImsPhoneCallTracker: [0] onCapabilitiesStatusChanged: MmTel Capabilities - [Voice: false Video: false UT: false SMS: false CALL_COMPOSER: false]
02-18 15:50:26.652  3203  3203 D SST     : [0] handleMessage: received event 48
02-18 15:50:26.652  3203  3203 D SST     : [0] EVENT_IMS_CAPABILITY_CHANGED
02-18 15:50:26.652  3203  3672 D ImsMultiEndpoint: onImsExternalCallStateUpdate
02-18 15:50:26.652  3203  3672 D ImsExternalCallTracker: refreshExternalCallState
02-18 15:50:26.654  3203  3203 D SST     : [0] updateSpnDisplayLegacy+
02-18 15:50:26.654  2968  2968 I QImsService: ImsServiceSub : [0] sendBroadcastForDisconnected
02-18 15:50:26.655  2968  2968 D ImsMultiEndpointImpl: Message received: what = 2
02-18 15:50:26.655  2968  2968 D ImsMultiEndpointImpl: EVENT_CAPABILITIES_CHANGED
02-18 15:50:26.655  2968  2968 D ImsMultiEndpointImpl: updateCapabilities:: Video = false, Voice = false
02-18 15:50:26.655  2968  2968 D ImsViceParser: getCallPullInfo mDialogIds null
02-18 15:50:26.655  2968  2968 I ImsMultiEndpointImpl: Calling onImsExternalCallStateUpdate
02-18 15:50:26.655  2968  2968 D MultiEndpointImplBase: ims external call state update triggered.
02-18 15:50:26.655  2968  2968 D ImsMultiEndpointImpl: Message received: what = 2
02-18 15:50:26.655  2968  2968 D ImsMultiEndpointImpl: EVENT_CAPABILITIES_CHANGED
02-18 15:50:26.655  2968  2968 D ImsMultiEndpointImpl: updateCapabilities:: Video = false, Voice = false
02-18 15:50:26.655  2968  2968 D ImsViceParser: getCallPullInfo mDialogIds null
02-18 15:50:26.655  2968  2968 I ImsMultiEndpointImpl: Calling onImsExternalCallStateUpdate
02-18 15:50:26.655  2968  2968 D MultiEndpointImplBase: ims external call state update triggered.
02-18 15:50:26.655  3203  3672 D ImsMultiEndpoint: onImsExternalCallStateUpdate
02-18 15:50:26.655  3203  3672 D ImsExternalCallTracker: refreshExternalCallState
02-18 15:50:26.656  3203  3672 D ImsMultiEndpoint: onImsExternalCallStateUpdate
02-18 15:50:26.656  3203  3672 D ImsExternalCallTracker: refreshExternalCallState
02-18 15:50:26.657  3203  3677 D Phone   : isImsCapabilityAvailable, capability=1, regTech=1, isAvailable=false
02-18 15:50:26.658  3203  3677 D Phone   : isImsCapabilityAvailable, capability=2, regTech=1, isAvailable=false
02-18 15:50:26.659  3203  3203 D SST     : [0] updateSpnDisplay: rawPlmn = CMCC
02-18 15:50:26.660  3203  3677 D Phone   : isImsCapabilityAvailable, capability=1, regTech=0, isAvailable=false
02-18 15:50:26.660  4906  5195 I libnfc_nci: [INFO:gki_ulinux.cc(343)] task NFC_TASK dead
02-18 15:50:26.661  4906  5195 I libnfc_nci: [INFO:gki_ulinux.cc(1134)] GKI_exit_task 3 done
02-18 15:50:26.661  4906 27455 I libnfc_nci: [INFO:gki_ulinux.cc(529)] GKI_run exit
02-18 15:50:26.661  3203  3203 D SST     : [0] updateSpnDisplay: rawSpn = CMCC
02-18 15:50:26.661  4906 27455 I libnfc_nci: [INFO:NfcAdaptation.cc(540)] NfcAdaptation::NFCA_TASK: exit
02-18 15:50:26.661  3203  3203 D SST     : [0] updateSpnDisplayLegacy-
02-18 15:50:26.661  4906 27455 W libnfc_nci: [WARNING:gki_ulinux.cc(117)] gki_task task_id=4 terminating
02-18 15:50:26.661  3203  3677 D Phone   : isImsCapabilityAvailable, capability=1, regTech=1, isAvailable=false
02-18 15:50:26.661  4906  5195 I com.android.nf: NfcHalDeathRecipient::destructor - NfcService
02-18 15:50:26.661  4906  5195 I libnfc_nci: [INFO:NfcAdaptation.cc(457)] NfcAdaptation::Finalize: exit
02-18 15:50:26.661  4906  5195 I libnfc_nci: [INFO:NativeNfcManager.cpp(2275)] nfcManager_doDeinitialize: exit
02-18 15:50:26.661  4906  5195 D NfcService: mDeviceHost.deinitialize() = true
02-18 15:50:26.661  3203  3203 D Phone   : isVoiceOverCellularImsEnabled=false
02-18 15:50:26.662  3203  3677 D Phone   : isImsCapabilityAvailable, capability=2, regTech=1, isAvailable=false
02-18 15:50:26.662  3203  3203 D Phone   : isWifiCallingEnabled =false
02-18 15:50:26.662  3203  3203 D ImsPhoneCallTracker: [0] handleMessage what=26
02-18 15:50:26.662  3203  3203 D ImsPhoneCallTracker: [0] handleFeatureCapabilityChanged: MmTel Capabilities - [Voice: false Video: false UT: false SMS: false CALL_COMPOSER: false] isVideoEnabledStateChanged=false
02-18 15:50:26.662  3203  3677 D Phone   : isImsCapabilityAvailable, capability=1, regTech=0, isAvailable=false
02-18 15:50:26.662  3203  3203 D ImsPhoneCallTracker: [0] handleFeatureCapabilityChanged: isVolteEnabled=false, isVideoCallEnabled=false, isVowifiEnabled=false, isUtEnabled=false
02-18 15:50:26.663  3203  3203 W ImsStats: [0] conclude: discarding transient stats, duration=16
02-18 15:50:26.663  3203  3203 I Telephony: updateAdhocConfCapability - changed, new value: false
02-18 15:50:26.665  3203  3203 D Telephony: isEmergencyPreferredAccount: subId=1, activeData=1
02-18 15:50:26.665  3203  3203 D Telephony: isEmergencyPreferredAccount: Device does not require preference.
02-18 15:50:26.666  5163  5163 D NfcModule: onReceive: state=OFF
02-18 15:50:26.668  3203  3203 D Phone   : getImsRegistrationTechnology =-1
02-18 15:50:26.669  4615  4656 I android_os_HwBinder: HwBinder: Starting thread pool for getting: vendor.semc.system.idd@1.0::IIdd/default
02-18 15:50:26.669  3203  3203 I Telephony: isRttCurrentlySupported -- regular acct, hasVoiceAvailability: false
02-18 15:50:26.669  3203  3203 I Telephony:  isRttSupported: false
02-18 15:50:26.669  3203  3203 I Telephony:  isUserRttSettingOn: false
02-18 15:50:26.669  3203  3203 I Telephony:  alwaysAllowWhileRoaming: false
02-18 15:50:26.669  3203  3203 I Telephony:  isRoaming: false
02-18 15:50:26.669  3203  3203 I Telephony:  isOnWfc: false
02-18 15:50:26.674  5163  5163 D ClfStateCoordinatorService: updateDeviceState: reqNfcDisabled=true,clfLock=false
02-18 15:50:26.674  5163  5163 I ClfStateCoordinatorService: onDeviceStateChanged: NFC must be disabled
02-18 15:50:26.676  5163  5163 D NfcStateProvider: update: content://com.sonymobile.nfc.nfcstate.provider/nfcstate
02-18 15:50:26.676  5163  5163 D NfcStateProvider: updateNfcState: setting=false,caller=5163
02-18 15:50:26.676  5163  5163 D NfcStateProvider: updateNfcState: NFC setting was temporarily changed
02-18 15:50:26.677  5163  5163 D NfcModule: handleNfcStateChangeRequest: enable=false,result=true
02-18 15:50:26.677  5163  5163 D ClfLockIconModule: onClfLockStateChanged: locked=false
02-18 15:50:26.683  2207 11272 I Telecom : PhoneAccountRegistrar: Modify account: [ComponentInfo{com.android.phone/com.android.services.telephony.TelephonyConnectionService}, ***, UserHandle{0}]: TSI.rPA@B+E
02-18 15:50:26.684  2207 11272 I Telecom : CallsManager: handlePhoneAccountChanged: phoneAccount=[[X] PhoneAccount: ComponentInfo{com.android.phone/com.android.services.telephony.TelephonyConnectionService}, ***, UserHandle{0} Capabilities: CallProvider MultiUser PlaceEmerg SimSub  Audio Routes: BESW Schemes: tel voicemail  Extras: Bundle[{android.telecom.extra.SUPPORTS_VIDEO_CALLING_FALLBACK=true}] GroupId: ***]: TSI.rPA@B+E
02-18 15:50:26.685  3203  3203 D ImsSmsDispatcher [0]: onImsDisconnected imsReasonInfo=ImsReasonInfo :: {1000 : CODE_REGISTRATION_ERROR, 0, }
02-18 15:50:26.685  3203  3203 D ImsRegCallbackHelper: updateRegistrationState: registration state from REGISTRATION_STATE_REGISTERED to REGISTRATION_STATE_NOT_REGISTERED
02-18 15:50:26.685  3203  3203 D ImsPhone: [0] handleImsUnregistered: onImsMmTelDisconnected imsReasonInfo=ImsReasonInfo :: {1000 : CODE_REGISTRATION_ERROR, 0, }
02-18 15:50:26.685  3203  3203 D ImsPhone: [0] updateDataServiceState: defSs = {mVoiceRegState=0(IN_SERVICE), mDataRegState=0(IN_SERVICE), mChannelNumber=1300, duplexMode()=1, mCellBandwidths=[20000], mOperatorAlphaLong=CMCC, mOperatorAlphaShort=CMCC, isManualNetworkSelection=false(automatic), getRilVoiceRadioTechnology=14(LTE), getRilDataRadioTechnology=14(LTE), mCssIndicator=unsupported, mNetworkId=-1, mSystemId=-1, mCdmaRoamingIndicator=-1, mCdmaDefaultRoamingIndicator=-1, mIsEmergencyOnly=false, isUsingCarrierAggregation=false, mArfcnRsrpBoost=0, mNetworkRegistrationInfos=[NetworkRegistrationInfo{ domain=PS transportType=WLAN registrationState=NOT_REG_OR_SEARCHING roamingType=NOT_ROAMING accessNetworkTechnology=IWLAN rejectCause=0 emergencyEnabled=false availableServices=[] cellIdentity=null voiceSpecificInfo=null dataSpecificInfo=null nrState=NONE rRplmn= isUsingCarrierAggregation=false}, NetworkRegistrationInfo{ domain=CS transportType=WWAN registrationState=HOME roamingType=NOT_ROAMING accessNetworkTechnology=LTE rejectCause=0 emergencyEnabled=false availableServices=[VOICE,SMS,VIDEO] cellIdentity=CellIdentityLte:{ mCi=175816562 mPci=231 mTac=37107 mEarfcn=1300 mBands=[3] mBandwidth=20000 mMcc=460 mMnc=00 mAlphaLong=CMCC mAlphaShort=CMCC mAdditionalPlmns={} mCsgInfo=null} voiceSpecificInfo=VoiceSpecificRegistrationInfo { mCssSupported=false mRoamingIndicator=0 mSystemIsInPrl=0 mDefaultRoamingIndicator=0} dataSpecificInfo=null nrState=NONE rRplmn=46000 isUsingCarrierAggregation=false}, NetworkRegistrationInfo{ domain=PS transportType=WWAN registrationState=HOME roamingType=NOT_ROAMING accessNetworkTechnology=LTE rejectCause=0 emergencyEnabled=false availableServices=[DATA] cellIdentity=CellIdentityLte:{ mCi=175816562 mPci=231 mTac=37107 mEarfcn=1300 mBands=[3] mBandwidth=20000 mMcc=460 mMnc=00 mAlphaLong=CMCC mAlphaShort=CMCC mAdditionalPlmns={} mCsgInfo=null} voiceSpecificInfo=null dataSpecificInfo=android.telephony.DataSpecificRegistrationInfo :{ maxDataCalls = 16 isDcNrRestricted = false isNrAvailable = false isEnDcAvailable = false LteVopsSupportInfo :  mVopsSupport = 2 mEmcBearerSupport = 3 } nrState=NONE rRplmn=46000 isUsingCarrierAggregation=false}], mNrFrequencyRange=0, mOperatorAlphaLongRaw=CMCC, mOperatorAlphaShortRaw=CMCC, mIsDataRoamingFromRegistration=false, mIsIwlanPreferred=false} imsSs = {mVoiceRegState=1(OUT_OF_SERVICE), mDataRegState=0(IN_SERVICE), mChannelNumber=-1, duplexMode()=0, mCellBandwidths=[], mOperatorAlphaLong=null, mOperatorAlphaShort=null, isManualNetworkSelection=false(automatic), getRilVoiceRadioTechnology=0(Unknown), getRilDataRadioTechnology=14(LTE), mCssIndicator=unsupported, mNetworkId=-1, mSystemId=-1, mCdmaRoamingIndicator=-1, mCdmaDefaultRoamingIndicator=-1, mIsEmergencyOnly=false, isUsingCarrierAggregation=false, mArfcnRsrpBoost=0, mNetworkRegistrationInfos=[NetworkRegistrationInfo{ domain=CS transportType=WWAN registrationState=UNKNOWN roamingType=NOT_ROAMING accessNetworkTechnology=UNKNOWN rejectCause=0 emergencyEnabled=false availableServices=[] cellIdentity=null voiceSpecificInfo=null dataSpecificInfo=null nrState=NONE rRplmn= isUsingCarrierAggregation=false}, NetworkRegistrationInfo{ domain=PS transportType=WLAN registrationState=NOT_REG_OR_SEARCHING roamingType=NOT_ROAMING accessNetworkTechnology=IWLAN rejectCause=0 emergencyEnabled=false availableServices=[] cellIdentity=null voiceSpecificInfo=null dataSpecificInfo=null nrState=NONE rRplmn= isUsingCarrierAggregation=false}, NetworkRegistrationInfo{ domain=PS transportType=WWAN registrationState=HOME roamingType=NOT_ROAMING accessNetworkTechnology=LTE rejectCause=0 emergencyEnabled=false availableServices=[DATA] cellIdentity=CellIdentityLte:{ mCi=175816562 mPci=231 mTac=37107 mEarfcn=1300 mBands=[3] mBandwidth=20000 mMcc=460 mMnc=00 mAlphaLong=CMCC mAlphaShort=CMCC mAdditionalPlmns={} mCsgInfo=null} voiceSpecificInfo=null dataSpecificInfo=android.telephony.DataSpecificRegistrationInfo :{ maxDataCalls = 16 isDcNrRestricted = false isNrAvailable = false isEnDcAvailable = false LteVopsSupportInfo :  mVopsSupport = 2 mEmcBeare
02-18 15:50:26.686  3203  3203 D TelephonyProvider: query: url=content://telephony/siminfo, projectionIn=[Ljava.lang.String;@978312, selection=_id=?selectionArgs=[Ljava.lang.String;@c5e7ae3, sort=null
02-18 15:50:26.686  3203  3203 D TelephonyProvider: Using old permission behavior for telephony provider compat
02-18 15:50:26.691  3203  3203 D SubscriptionController: getSubscriptionProperty Query value = -1
02-18 15:50:26.693  3203  3203 D SST     : [0] setImsRegistrationState: {registered=false mImsRegistrationOnOff=false}
02-18 15:50:26.693  3203  3203 W ImsStats: [0] conclude: discarding transient stats, duration=30
02-18 15:50:26.694  3203  3203 D ImsRegCallbackHelper: updateRegistrationState: registration state from REGISTRATION_STATE_NOT_REGISTERED to REGISTRATION_STATE_NOT_REGISTERED
02-18 15:50:26.694  3203  3203 D ImsPhone: [0] handleImsUnregistered: onImsMmTelDisconnected imsReasonInfo=ImsReasonInfo :: {1000 : CODE_REGISTRATION_ERROR, 0, null}
02-18 15:50:26.694  3203  3203 D ImsPhone: [0] updateDataServiceState: defSs = {mVoiceRegState=0(IN_SERVICE), mDataRegState=0(IN_SERVICE), mChannelNumber=1300, duplexMode()=1, mCellBandwidths=[20000], mOperatorAlphaLong=CMCC, mOperatorAlphaShort=CMCC, isManualNetworkSelection=false(automatic), getRilVoiceRadioTechnology=14(LTE), getRilDataRadioTechnology=14(LTE), mCssIndicator=unsupported, mNetworkId=-1, mSystemId=-1, mCdmaRoamingIndicator=-1, mCdmaDefaultRoamingIndicator=-1, mIsEmergencyOnly=false, isUsingCarrierAggregation=false, mArfcnRsrpBoost=0, mNetworkRegistrationInfos=[NetworkRegistrationInfo{ domain=PS transportType=WLAN registrationState=NOT_REG_OR_SEARCHING roamingType=NOT_ROAMING accessNetworkTechnology=IWLAN rejectCause=0 emergencyEnabled=false availableServices=[] cellIdentity=null voiceSpecificInfo=null dataSpecificInfo=null nrState=NONE rRplmn= isUsingCarrierAggregation=false}, NetworkRegistrationInfo{ domain=CS transportType=WWAN registrationState=HOME roamingType=NOT_ROAMING accessNetworkTechnology=LTE rejectCause=0 emergencyEnabled=false availableServices=[VOICE,SMS,VIDEO] cellIdentity=CellIdentityLte:{ mCi=175816562 mPci=231 mTac=37107 mEarfcn=1300 mBands=[3] mBandwidth=20000 mMcc=460 mMnc=00 mAlphaLong=CMCC mAlphaShort=CMCC mAdditionalPlmns={} mCsgInfo=null} voiceSpecificInfo=VoiceSpecificRegistrationInfo { mCssSupported=false mRoamingIndicator=0 mSystemIsInPrl=0 mDefaultRoamingIndicator=0} dataSpecificInfo=null nrState=NONE rRplmn=46000 isUsingCarrierAggregation=false}, NetworkRegistrationInfo{ domain=PS transportType=WWAN registrationState=HOME roamingType=NOT_ROAMING accessNetworkTechnology=LTE rejectCause=0 emergencyEnabled=false availableServices=[DATA] cellIdentity=CellIdentityLte:{ mCi=175816562 mPci=231 mTac=37107 mEarfcn=1300 mBands=[3] mBandwidth=20000 mMcc=460 mMnc=00 mAlphaLong=CMCC mAlphaShort=CMCC mAdditionalPlmns={} mCsgInfo=null} voiceSpecificInfo=null dataSpecificInfo=android.telephony.DataSpecificRegistrationInfo :{ maxDataCalls = 16 isDcNrRestricted = false isNrAvailable = false isEnDcAvailable = false LteVopsSupportInfo :  mVopsSupport = 2 mEmcBearerSupport = 3 } nrState=NONE rRplmn=46000 isUsingCarrierAggregation=false}], mNrFrequencyRange=0, mOperatorAlphaLongRaw=CMCC, mOperatorAlphaShortRaw=CMCC, mIsDataRoamingFromRegistration=false, mIsIwlanPreferred=false} imsSs = {mVoiceRegState=1(OUT_OF_SERVICE), mDataRegState=0(IN_SERVICE), mChannelNumber=-1, duplexMode()=0, mCellBandwidths=[], mOperatorAlphaLong=null, mOperatorAlphaShort=null, isManualNetworkSelection=false(automatic), getRilVoiceRadioTechnology=0(Unknown), getRilDataRadioTechnology=14(LTE), mCssIndicator=unsupported, mNetworkId=-1, mSystemId=-1, mCdmaRoamingIndicator=-1, mCdmaDefaultRoamingIndicator=-1, mIsEmergencyOnly=false, isUsingCarrierAggregation=false, mArfcnRsrpBoost=0, mNetworkRegistrationInfos=[NetworkRegistrationInfo{ domain=CS transportType=WWAN registrationState=UNKNOWN roamingType=NOT_ROAMING accessNetworkTechnology=UNKNOWN rejectCause=0 emergencyEnabled=false availableServices=[] cellIdentity=null voiceSpecificInfo=null dataSpecificInfo=null nrState=NONE rRplmn= isUsingCarrierAggregation=false}, NetworkRegistrationInfo{ domain=PS transportType=WLAN registrationState=NOT_REG_OR_SEARCHING roamingType=NOT_ROAMING accessNetworkTechnology=IWLAN rejectCause=0 emergencyEnabled=false availableServices=[] cellIdentity=null voiceSpecificInfo=null dataSpecificInfo=null nrState=NONE rRplmn= isUsingCarrierAggregation=false}, NetworkRegistrationInfo{ domain=PS transportType=WWAN registrationState=HOME roamingType=NOT_ROAMING accessNetworkTechnology=LTE rejectCause=0 emergencyEnabled=false availableServices=[DATA] cellIdentity=CellIdentityLte:{ mCi=175816562 mPci=231 mTac=37107 mEarfcn=1300 mBands=[3] mBandwidth=20000 mMcc=460 mMnc=00 mAlphaLong=CMCC mAlphaShort=CMCC mAdditionalPlmns={} mCsgInfo=null} voiceSpecificInfo=null dataSpecificInfo=android.telephony.DataSpecificRegistrationInfo :{ maxDataCalls = 16 isDcNrRestricted = false isNrAvailable = false isEnDcAvailable = false LteVopsSupportInfo :  mVopsSupport = 2 mEmcBeare
02-18 15:50:26.694  3203  3203 D SST     : [0] setImsRegistrationState: {registered=false mImsRegistrationOnOff=false}
02-18 15:50:26.694  3203  3203 D ImsSmsDispatcher [0]: onImsDisconnected imsReasonInfo=ImsReasonInfo :: {1000 : CODE_REGISTRATION_ERROR, 0, null}
02-18 15:50:26.695  3203  3203 D Phone   : isWifiCallingEnabled =false
02-18 15:50:26.695  3203  3203 D CSST    : isPhoneRegisteredForWifiCalling: false
02-18 15:50:26.695  3203  3203 D Phone   : isWifiCallingEnabled =false
02-18 15:50:26.695  3203  3203 I CSST    : EmergencyNetworkNotification: sendMessage() w/values: ,-1,false,true,false
02-18 15:50:26.695  3203  3203 I CSST    : canceling notifications: 1001
02-18 15:50:26.695  3203  3203 D SST     : [0] handleMessage: received event 48
02-18 15:50:26.695  3203  3203 D SST     : [0] EVENT_IMS_CAPABILITY_CHANGED
02-18 15:50:26.697  3203  3203 D SST     : [0] updateSpnDisplayLegacy+
02-18 15:50:26.700  3203  3203 D SST     : [0] updateSpnDisplay: rawPlmn = CMCC
02-18 15:50:26.702  3203  3203 D SST     : [0] updateSpnDisplay: rawSpn = CMCC
02-18 15:50:26.702  3203  3203 D SST     : [0] updateSpnDisplayLegacy-
02-18 15:50:26.703  3203  3203 D Phone   : isVoiceOverCellularImsEnabled=false
02-18 15:50:26.703  3203  3203 D Phone   : isWifiCallingEnabled =false
02-18 15:50:26.703  3203  3203 D SST     : [0] handleMessage: received event 53
02-18 15:50:26.703  3203  3203 D SST     : [0] EVENT_IMS_SERVICE_STATE_CHANGED
02-18 15:50:26.704  3203  3203 D PhoneSwitcher: handle event - 120
02-18 15:50:26.710     0     0 I [charger info] usb: present=1 type=4 batt:present = 1 health = 1 charge_type = 1
02-18 15:50:26.710     0     0 I         : [charger info] batt_soc=100 batt_voltage=4404246 batt_current=0 batt_temp=303 usb_voltage=4860192 usb_current=479130
02-18 15:50:26.705  3203  3203 D PhoneSwitcher: isPhoneInVoiceCall: phoneid=0, tmpSwitchProperty=false, dataDuringCallsEnabled=false
02-18 15:50:26.705  3203  3203 D PhoneSwitcher: isPhoneInVoiceCall: phoneid=0, tmpSwitchProperty=false, dataDuringCallsEnabled=false
02-18 15:50:26.706  3203  3203 D Phone   : isWifiCallingEnabled =false
02-18 15:50:26.706  3203  3203 D CSST    : isPhoneRegisteredForWifiCalling: false
02-18 15:50:26.706  3203  3203 D Phone   : isWifiCallingEnabled =false
02-18 15:50:26.706  3203  3203 I CSST    : EmergencyNetworkNotification: sendMessage() w/values: ,-1,false,true,false
02-18 15:50:26.706  3203  3203 I CSST    : canceling notifications: 1001
02-18 15:50:26.710  2547  2547 D InterruptionStateProvider: No bubble up: not allowed to bubble: 0|com.google.android.setupwizard|9|null|10214
02-18 15:50:26.710  2547  2547 D InterruptionStateProvider: No heads up: unimportant notification: 0|com.google.android.setupwizard|9|null|10214
02-18 15:50:26.714  2547  2720 D PeopleSpaceWidgetMgr: Sbn doesn't contain valid PeopleTileKey: null/0/com.google.android.setupwizard
02-18 15:50:26.781  1549  1718 E Diag_Lib: [imsd] |ImsQmiDcmServiceImpl.cpp | 317 | | 1718 |IMS DCM Service: onClientRequest msgId[33]
02-18 15:50:26.781  1549  1718 E Diag_Lib: [imsd] |ImsQmiDcmServiceImpl.cpp | 472 | | 1718 |IMS DCM Service: QMI_IMS_DCM_PDP_DEACTIVATE_REQ_V01 Id ==> 33, Client Hande [x1]
02-18 15:50:26.781  1549  1718 E Diag_Lib: [imsd] |ImsQmiDcmServiceImpl.cpp | 1425 | | 1718 |IMS DCM Service:GetInstanceId: Event 33, instanceId [1]
02-18 15:50:26.781  1549  1718 E Diag_Lib: [imsd] |ImsCommonDef.h | 452 | | 1718 |Current [0xa17443f0], Appid[0]
02-18 15:50:26.781  1549  1718 E Diag_Lib: [imsd] |ImsCommonDef.h | 453 | | 1718 |Other [0x3294cbec], Appid[21]
02-18 15:50:26.781  1549  1718 E Diag_Lib: [imsd] |ImsPdnFactoryImpl.cpp | 359 | | 1718 |ImsPdnFactoryImpl::isPdnCreatedById Pdp id 21, pdn found = 1, PdnIdMap size = 2
02-18 15:50:26.781  1549  1718 E Diag_Lib: [imsd] |ImsQmiDcmServiceImpl.cpp | 528 | | 1718 |IMS DCM Service: imsQmiDcmPdpDeactivateHandler| PDP entry 21
02-18 15:50:26.781  1549  1718 E Diag_Lib: [imsd] |ImsQmiDcmServiceImpl.cpp | 536 | | 1718 |IMS DCM Service: imsQmiDcmPdpDeactivateHandler| response pdp id[250]
02-18 15:50:26.782  1549  1718 E Diag_Lib: [imsd] |ImsQmiDcmServiceImpl.cpp | 551 | | 1718 |IMS DCM Service: imsQmiDcmPdpDeactivateHandler | qmi_csi_send_resp success : 0
02-18 15:50:26.782  1549  1738 E Diag_Lib: [imsd] |ImsMain.cpp | 664 | | 1738 |ImsMain: handleEvent Switched to Ims Main thread [ImsDcmServiceEvent]
02-18 15:50:26.782  1549  1718 E Diag_Lib: [imsd] |ImsQmiService.cpp | 35 | | 1718 |ImsQmiService: notifyListeners ret 1 ==>
02-18 15:50:26.782  1549  1738 E Diag_Lib: [imsd] |ImsMain.cpp | 694 | | 1738 |ImsMain:Handle Event sName[ImsDcmServiceEvent]
02-18 15:50:26.782  1549  1738 E Diag_Lib: [imsd] |ImsCommonDef.h | 452 | | 1738 |Current [0x9f646810], Appid[0]
02-18 15:50:26.782  1549  1738 E Diag_Lib: [imsd] |ImsCommonDef.h | 453 | | 1738 |Other [0x629541f0], Appid[21]
02-18 15:50:26.782  1549  1738 E Diag_Lib: [imsd] |ImsMain.cpp | 697 | | 1738 |ImsMain:Handle Event sName[2]
02-18 15:50:26.782  1549  1738 E Diag_Lib: [imsd] |ImsMain.cpp | 927 | | 1738 |ImsMain: handlePdpDeActivateReq Pdp Id 21
02-18 15:50:26.782  1549  1738 E Diag_Lib: [imsd] |ImsPdnFactoryImpl.cpp | 170 | | 1738 |ImsPdnFactoryImpl::releasePdn called Pdp Id = 21 client = b29486f8, PdnInfoMap size = 2
02-18 15:50:26.782  1549  1738 E Diag_Lib: [imsd] |ImsPdnFactoryImpl.cpp | 180 | | 1738 |ImsPdnFactoryImpl::releasePdn iterating over Pdp Id = 21 pdn refcount 2
02-18 15:50:26.782  1549  1738 E Diag_Lib: [imsd] |ImsPdnFactoryImpl.cpp | 183 | | 1738 |ImsPdnFactoryImpl : AppId matched, pdn refcount 2
02-18 15:50:26.782  1549  1738 E Diag_Lib: [imsd] |ImsPdnFactoryImpl.cpp | 189 | | 1738 |ImsPdnFactoryImpl: Reference count decremented ref count 1
02-18 15:50:26.782  1549  1738 E Diag_Lib: [imsd] |ImsMain.cpp | 936 | | 1738 |ImsMain: handlePdpDeActivateReq Pdn release request succeeded 
02-18 15:50:26.782  1549  1738 E Diag_Lib: [imsd] |ImsMain.cpp | 941 | | 1738 |ImsMain: handlePdpDeActivateReq pdpActivateReqs size: 0
02-18 15:50:26.783  1549  1738 E Diag_Lib: [imsd] |ImsIpcReqHandler.cpp | 115 | | 1738 |ImsIpcReqHandler: PDN already present, Pdp Id 21
02-18 15:50:26.783  1549  1738 E Diag_Lib: [imsd] |ImsIpcReqHandler.cpp | 143 | | 1738 |ImsIpcReqHandler: RELEASE_PDP_EVENT received
02-18 15:50:26.783  1549  1738 E Diag_Lib: [imsd] |ImsIpcReqHandler.cpp | 146 | | 1738 |releasing Appid[21]
02-18 15:50:26.783  1549  1738 E Diag_Lib: [imsd] |ImsPdnFactoryImpl.cpp | 170 | | 1738 |ImsPdnFactoryImpl::releasePdn called Pdp Id = 21 client = 8294cc00, PdnInfoMap size = 2
02-18 15:50:26.783  1549  1738 E Diag_Lib: [imsd] |ImsPdnFactoryImpl.cpp | 180 | | 1738 |ImsPdnFactoryImpl::releasePdn iterating over Pdp Id = 21 pdn refcount 1
