03-04 15:08:09.874  1093 10924 W APM_AudioPolicyManager: stopAudioSource unknown source for port ID 0
03-04 15:08:09.874  2160  2160 I Telecom : InCallController: onConnected to ComponentInfo{com.android.server.telecom/com.android.server.telecom.AmInCallService$InCallServiceImpl}: ICSBC.oSC(cast)@CT8
03-04 15:08:09.875  2160  2160 I Telecom : InCallController: Adding 1 calls to InCallService after onConnected: ComponentInfo{com.android.server.telecom/com.android.server.telecom.AmInCallService$InCallServiceImpl}, including external calls: ICSBC.oSC(cast)@CT8
03-04 15:08:09.875  2160  2160 W Telecom : Call: maybeOnInCallServiceTrackingChanged() request on a call without a connection service.: ICSBC.oSC(cast)@CT8
03-04 15:08:09.875  2160  2160 I Telecom : InCallController: 1 calls sent to InCallService.: ICSBC.oSC(cast)@CT8
03-04 15:08:09.877  2160  2160 I Telecom : CallerInfoLookupHelper: CI query for handle tel:*********06 has completed; notifying all listeners.: TSI.pC->CILH.sL->CILH.oQC@CTw
03-04 15:08:09.877  2160  2160 I Telecom : Call: CallerInfo received for tel:*********06: android.telecom.CallerInfo@bb708c2 { name null, phoneNumber non-null }: TSI.pC->CILH.sL->CILH.oQC@CTw
03-04 15:08:09.877  4951  4951 D OsAgent : onReceive: android.intent.action.NEW_OUTGOING_CALL
03-04 15:08:09.877  2160  2160 I Telecom : CallerInfoLookupHelper: There is no photo for this contact, skipping photo query: TSI.pC->CILH.sL->CILH.oQC@CTw
03-04 15:08:09.878  4951  5442 D LocSvc_NiH: onReceive: 2
03-04 15:08:09.878  4951  5442 D LocSvc_NiH: bundle != null
03-04 15:08:09.881  2160  2160 I Telecom : CallsManager: Outgoing caller ID complete: TSI.pC->CILH.sL->CILH.oQC->CM.pCSB@CTw
03-04 15:08:09.883  2160  4540 D CompatibilityInfo: mCompatibilityFlags - 0
03-04 15:08:09.884  2160  4540 D CompatibilityInfo: applicationDensity - 300
03-04 15:08:09.884  2160  4540 D CompatibilityInfo: applicationScale - 1.0
03-04 15:08:09.889  3176  3176 D TransmitPower: AccSensorObserverBHH_DETECTION:onBHHDetected() : isDetected = false
03-04 15:08:09.889  3176  3176 D TransmitPower: AccSensorObserverBHH_DIRECTION:onBHHStateChanged() : isRightSide = false
03-04 15:08:09.889  3176  3176 D TransmitPower: AccSensorObserverMOTION_DETECTION:onMotionStateChanged() : isStable = false
03-04 15:08:09.896  2160 10929 D CompatibilityInfo: mCompatibilityFlags - 0
03-04 15:08:09.896  2160 10929 D CompatibilityInfo: applicationDensity - 300
03-04 15:08:09.896  2160 10929 D CompatibilityInfo: applicationScale - 1.0
03-04 15:08:09.899  2160  2160 I Telecom : NewOutgoingCallBroadcastIntentReceiver: Received new-outgoing-call-broadcast for [Call id=TC@5, state=CONNECTING, tpac=ComponentInfo{com.android.phone/com.android.services.telephony.TelephonyConnectionService}, ***, UserHandle{0}, cmgr=null, handle=tel:*********06, vidst=A, childs(0), has_parent(false), cap=[], prop=[]] with data ***: NOCBIR.oR@CUA
03-04 15:08:09.900  2160  2160 I Telecom : NewOutgoingCallIntentBroadcaster: Placing call immediately instead of waiting for OutgoingCallBroadcastReceiver: NOCBIR.oR@CUA
03-04 15:08:09.900  2160  2160 I Telecom : CallsManager: Creating a new outgoing call with handle: tel:*********06: NOCBIR.oR@CUA
03-04 15:08:09.905  2160  2160 I Telecom : PhoneAccountRegistrar: getSimCallManager: SimCallManager for subId 2 queried, returning: null: NOCBIR.oR@CUA
03-04 15:08:09.906  2160  2160 I Telecom : CreateConnectionProcessor: Trying attempt CallAttemptRecord(ComponentInfo{com.android.phone/com.android.services.telephony.TelephonyConnectionService}, ***, UserHandle{0},ComponentInfo{com.android.phone/com.android.services.telephony.TelephonyConnectionService}, ***, UserHandle{0}): NOCBIR.oR@CUA
03-04 15:08:09.907  2160  3387 I Telecom : ConnectionServiceFocusManager: handleRequestFocus req = com.android.server.telecom.ConnectionServiceFocusManager$FocusRequest@bf76210: NOCBIR.oR->CSFM.rF@CUA
03-04 15:08:09.907  2160  3387 I Telecom : Logging.Events: Non-call EVENT: BIND_CS, ComponentInfo{com.android.phone/com.android.services.telephony.TelephonyConnectionService}: NOCBIR.oR->CSFM.rF@CUA
03-04 15:08:09.910  2160  3387 D CompatibilityInfo: mCompatibilityFlags - 0
03-04 15:08:09.910  2160  3387 D CompatibilityInfo: applicationDensity - 300
03-04 15:08:09.910  2160  3387 D CompatibilityInfo: applicationScale - 1.0
03-04 15:08:09.913  2160  3387 I Telecom : ConnectionServiceWrapper: createConnection([Call id=TC@5, state=CONNECTING, tpac=ComponentInfo{com.android.phone/com.android.services.telephony.TelephonyConnectionService}, ***, UserHandle{0}, cmgr=ComponentInfo{com.android.phone/com.android.services.telephony.TelephonyConnectionService}, ***, UserHandle{0}, handle=tel:*********06, vidst=A, childs(0), has_parent(false), cap=[], prop=[]]) via ComponentInfo{com.android.phone/com.android.services.telephony.TelephonyConnectionService}.: NOCBIR.oR->CSFM.rF@CUA
03-04 15:08:09.918  2160  2160 I Telecom : ServiceBinderConnection: Service bound ComponentInfo{com.android.phone/com.android.services.telephony.TelephonyConnectionService}: SBC.oSC(cap)@CUE
03-04 15:08:09.918  2160  2160 I Telecom : Logging.Events: Non-call EVENT: CS_BOUND, ComponentInfo{com.android.phone/com.android.services.telephony.TelephonyConnectionService}: SBC.oSC(cap)@CUE
03-04 15:08:09.919  2160  2160 I Telecom : Event: RecordEntry TC@5: START_CONNECTION, tel:*********06 via:com.android.phone: SBC.oSC(cap)@CUE
03-04 15:08:09.926  2160  4540 I Telecom : PhoneAccountRegistrar: getSimCallManager: SimCallManager for subId 2 queried, returning: null: (...->CS.aCSA->H.CS.aCSA)->CSW.qRCS(cap)@E-E-CUE
03-04 15:08:09.927  2160  4540 W Telecom : ConnectionServiceWrapper: call provider also detected as SIM call manager: [ConnectionServiceWrapper componentName=ComponentInfo{com.android.phone/com.android.services.telephony.TelephonyConnectionService}]: (...->CS.aCSA->H.CS.aCSA)->CSW.qRCS(cap)@E-E-CUE
03-04 15:08:09.929 10726 10726 I TelecomFramework: TelephonyConnectionService: createConnection, callManagerAccount: ComponentInfo{com.android.phone/com.android.services.telephony.TelephonyConnectionService}, ***, UserHandle{0}, callId: TC@5_1, request: ConnectionRequest xxxxxxxxxxxxxxx Bundle[org.codeaurora.extra.CALL_DOMAIN=0, android.telecom.extra.START_CALL_WITH_VIDEO_STATE=0, android.telecom.extra.CALL_TELECOM_ROUTING_END_TIME_MILLIS=649343, android.telecom.extra.CALL_CREATED_TIME_MILLIS=649305, android.telecom.extra.CALL_TELECOM_ROUTING_START_TIME_MILLIS=649342, com.android.dialer.callintent.CALL_SPECIFIC_APP_DATA=[B@b2dc12d, ] isAdhocConf: N, isIncoming: false, isUnknown: false, isLegacyHandover: false, isHandover: false,  addSelfManaged: true: (SBC.oSC)->CS.crCo->H.CS.crCo->H.CS.crCo.pICR(cap/cast)@E-CUE
03-04 15:08:09.929 10726 10726 I Telephony: onCreateOutgoingConnection, request: ConnectionRequest xxxxxxxxxxxxxxx Bundle[org.codeaurora.extra.CALL_DOMAIN=0, android.telecom.extra.START_CALL_WITH_VIDEO_STATE=0, android.telecom.extra.CALL_TELECOM_ROUTING_END_TIME_MILLIS=649343, android.telecom.extra.CALL_CREATED_TIME_MILLIS=649305, android.telecom.extra.CALL_TELECOM_ROUTING_START_TIME_MILLIS=649342, com.android.dialer.callintent.CALL_SPECIFIC_APP_DATA=[B@b2dc12d, ] isAdhocConf: N
03-04 15:08:09.930 10726 10726 D SubscriptionController: [getSubId]- numSubIds == 0, return null slotIndex=1
03-04 15:08:09.932 10726 10726 V Telephony: onStateChanged, state: INITIALIZING
03-04 15:08:09.932 10726 10726 D Telephony: buildConnectionCapabilities: isHoldable = false State = 0 capabilities = 0
03-04 15:08:09.932 10726 10726 I Telephony: updatePhoneAccount setPhoneAccountHandle, account = ComponentInfo{com.android.phone/com.android.services.telephony.TelephonyConnectionService}, ***, UserHandle{0}
03-04 15:08:09.939 10726 10726 D TelephonyProvider: Using old permission behavior for telephony provider compat
03-04 15:08:09.943 10726 10726 D SubscriptionController: getSubscriptionProperty Query value = 0
03-04 15:08:09.943 10726 10726 D ImsManagerIM [0]: getLocalImsConfigKeInt() for key:68, result: 0
03-04 15:08:09.951 10726 10726 D TelephonyProvider: Using old permission behavior for telephony provider compat
03-04 15:08:09.954 10726 10726 D SubscriptionController: getSubscriptionProperty Query value = -1
03-04 15:08:09.963 10726 10726 D TelephonyProvider: Using old permission behavior for telephony provider compat
03-04 15:08:09.965 10726 10726 D SubscriptionController: getSubscriptionProperty Query value = 0
03-04 15:08:09.967  3176  3176 D TransmitPower: AccSensorObserverBHH_DETECTION:onBHHDetected() : isDetected = false
03-04 15:08:09.967 10726 10726 D TelephonyProvider: Using old permission behavior for telephony provider compat
03-04 15:08:09.967  3176  3176 D TransmitPower: AccSensorObserverBHH_DIRECTION:onBHHStateChanged() : isRightSide = false
03-04 15:08:09.967  3176  3176 D TransmitPower: AccSensorObserverMOTION_DETECTION:onMotionStateChanged() : isStable = false
03-04 15:08:09.970 10726 10726 D SubscriptionController: getSubscriptionProperty Query value = 0
03-04 15:08:09.970 10726 10726 D ImsManagerIM [0]: getLocalImsConfigKeInt() for key:68, result: 0
03-04 15:08:09.975 10726 10726 D TelephonyProvider: Using old permission behavior for telephony provider compat
03-04 15:08:09.975  1001 15292 D audio_hw_primary: out_set_parameters: enter: usecase(1: low-latency-playback) kvpairs: suspend_playback=true
03-04 15:08:09.977 10726 10726 D SubscriptionController: getSubscriptionProperty Query value = -1
03-04 15:08:09.985 10726 10726 D TelephonyProvider: Using old permission behavior for telephony provider compat
03-04 15:08:09.987 10726 10726 D SubscriptionController: getSubscriptionProperty Query value = 0
03-04 15:08:09.988 10726 10726 D GsmCdmaPhone: [0] useImsForCall=false, useImsForPsOnlyCall=false, isEmergency=false, useImsForEmergency=false, useImsForUt=false, isUt=false, isSuppServiceCode=false, isPotentialUssdCode=false, isWpsCall=false, allowWpsOverIms=true, imsPhone=Handler (com.android.internal.telephony.imsphone.ImsPhone) {28385c9}, imsPhone.isVoiceOverCellularImsEnabled()=false, imsPhone.isVowifiEnabled()=false, imsPhone.isVideoEnabled()=false, imsPhone.getServiceState().getState()=1
03-04 15:08:09.992 10726 10726 D GsmCdmaPhone: [0] Trying (non-IMS) CS call
03-04 15:08:09.992 10726 10726 I Telephony: GsmConnection: registerForCallEvents; phone=Handler (com.qualcomm.qti.internal.telephony.QtiGsmCdmaPhone) {71951f3}
03-04 15:08:09.993 10726 10726 D GsmMmiCode: isTwoDigitShortCode
03-04 15:08:09.993 10726 10726 D GsmCdmaPhone: [0] dialInternal: dialing w/ mmi 'null'...
03-04 15:08:09.993 10726 10726 D GsmCdmaCallTracker: [0] update phone state, old=IDLE new=IDLE
03-04 15:08:09.996  1001 15292 D audio_hw_primary: out_set_parameters: enter: usecase(1: low-latency-playback) kvpairs: suspend_playback=false
03-04 15:08:09.997  1001  2514 D audio_hw_primary: adev_create_audio_patch: enter: num sources 1, num_sinks 1, handle 1
03-04 15:08:09.997  1001  2514 D audio_hw_primary: adev_create_audio_patch: Playback patch from mix handle 13 to device 1
03-04 15:08:09.997  1001  2514 D audio_hw_primary: route_output_stream: enter: usecase(1: low-latency-playback) devices 1
03-04 15:08:09.997  1001  2514 D voice_extn: update_calls: enter:
03-04 15:08:09.998  1001  2514 D voice_extn: update_calls: cur_state=1 new_state=1 vsid=10c01000
03-04 15:08:09.998  1001  2514 D voice_extn: update_calls: cur_state=1 new_state=1 vsid=10dc1000
03-04 15:08:09.998  1001  2514 D voice_extn: update_calls: cur_state=1 new_state=1 vsid=10c02000
03-04 15:08:09.998  1001  2514 D voice_extn: update_calls: cur_state=1 new_state=1 vsid=10803000
03-04 15:08:09.998  1001  2514 D voice_extn: update_calls: cur_state=1 new_state=1 vsid=10002000
03-04 15:08:09.998  1001  2514 D voice_extn: update_calls: cur_state=1 new_state=1 vsid=11c05000
03-04 15:08:09.998  1001  2514 D voice_extn: update_calls: cur_state=1 new_state=1 vsid=11dc5000
03-04 15:08:09.998 10726 10726 D GsmCdmaCallTracker: [0] convertNumberIfNecessary convertMaps is null
03-04 15:08:09.998 10726 10726 D GsmCdmaConnection: [GsmCdmaConn] acquireWakeLock
03-04 15:08:09.998  1001  2514 D audio_hw_primary: select_devices for use case (low-latency-playback)
03-04 15:08:09.999  1001  2514 D msm8974_platform: is_operator_tmus: tmus mccmnc 46002
03-04 15:08:09.999  1001  2514 D audio_hw_primary: select_devices: changing use case low-latency-playback output device from(2: speaker, acdb 14) to (20: voice-handset, acdb 7)
03-04 15:08:09.999  1001  2514 D audio_hw_primary: disable_audio_route: reset and update mixer path: low-latency-playback
03-04 15:08:10.002 10726 10726 D GsmCdmaPhone: [0] getCsCallRadioTech, current vrs=0, vrat=16
03-04 15:08:10.002 10726 10726 D GsmCdmaPhone: [0] getCsCallRadioTech, result calcVrat=16
03-04 15:08:10.002 10726 10726 D GsmCdmaCallTracker: dialGsm - emergency dialer: false
03-04 15:08:10.005 10726 10726 D RILJ    : [1413]> SET_MUTE enableMute = false [PHONE0]
03-04 15:08:10.005 10726 10726 D ScbmHandler: isInScbm: false
03-04 15:08:10.006 10726 10726 D RILJ    : [1414]> DIAL [PHONE0]
03-04 15:08:10.006 10726 10857 D RILJ    : [1413]< SET_MUTE  [PHONE0]
03-04 15:08:10.007 10726 10726 D GsmCdmaCallTracker: [0] update phone state, old=IDLE new=OFFHOOK
03-04 15:08:10.009  2160 10701 D TelephonyRegistry: onDataConnectionStateChanged(SUSPENDED, EDGE) subId=2, phoneId=0
03-04 15:08:10.009  2160  2160 E MboOceController: onDataConnectionStateChanged unexpected State: 3
03-04 15:08:10.010  2160  2494 E WifiDataStall: onDataConnectionStateChanged unexpected State: 3
03-04 15:08:10.013  2160 10701 W ContextImpl: Calling a method in the system process without a qualified user: android.app.ContextImpl.sendBroadcastMultiplePermissions:1256 com.android.server.TelephonyRegistry.broadcastDataConnectionStateChanged:3024 com.android.server.TelephonyRegistry.notifyDataConnectionForSubscriber:2051 com.android.internal.telephony.ITelephonyRegistry$Stub.onTransact:544 android.os.Binder.execTransactInternal:1184 
03-04 15:08:10.014  2932  3432 D QcRilAudio: setParameters with: vsid=297816064;call_state=1;call_type=UNKNOWN[slot1]
03-04 15:08:10.015  2873  2873 W DPMJ    : |SERVICE| DPM received unexpected action: android.intent.action.ANY_DATA_STATE
03-04 15:08:10.016  2160 10701 D TelephonyRegistry: notifyDataConnectionForSubscriber: phoneId=0 subId=2  state: SUSPENDED, transport: WWAN, id: 0, network type: EDGE, APN Setting: [ApnSettingV7]  (China Mobile) NET, 2732, 46002, cmnet, , null, , null, null, -1, supl | hipri | default, IPV4V6, IPV4V6, true, 0, false, 0, 0, 0, 0, null, null, false, 0, 0, 1435, -1, link properties: {InterfaceName: rmnet_data2 LinkAddresses: [ 10.100.227.187/29 ] DnsAddresses: [ /211.137.130.18,/211.137.130.2 ] Domains: null MTU: 1358 TcpBufferSizes: 4093,26280,35040,4096,16384,35040 Routes: [ 0.0.0.0/0 -> 10.100.227.188 rmnet_data2 mtu 1358 ]}, fail cause: NONE
03-04 15:08:10.016  4751  4924 I android_os_HwBinder: HwBinder: Starting thread pool for getting: vendor.semc.system.idd@1.0::IIdd/default
03-04 15:08:10.016 10726 10857 D RILJ    : Unsol response received; Sending ack to ril.cpp [PHONE0]
03-04 15:08:10.016 10726 10857 D RILJ    : [UNSL]< UNSOL_RESPONSE_CALL_STATE_CHANGED [PHONE0]
03-04 15:08:10.017  2873  2873 W DPMJ    : |SERVICE| DPM received unexpected action: android.intent.action.ANY_DATA_STATE
03-04 15:08:10.018 10726 10726 I Telephony: setOriginalConnection: TelephonyConnection, originalConnection:  callId: null objId: 139420659 isExternal: N incoming: false state: DIALING post dial state: NOT_STARTED
03-04 15:08:10.018 10726 10726 I Telephony: registerForCallEvents - same phone requested forregistration, ignoring.
03-04 15:08:10.018 10726 10726 D Telephony: buildConnectionCapabilities: isHoldable = false State = 0 capabilities = 0
03-04 15:08:10.020 10726 10726 D Telephony: GsmConnection: setIsNetworkIdentifiedEmergencyCall; callId=TC@5_1, isNetworkIdentifiedEmergencyCall=false
03-04 15:08:10.021 10726 10726 V Telephony: GsmConnection: Update state from IDLE to DIALING for TC@5_1
03-04 15:08:10.021 10726 11161 D Phone   : isImsCapabilityAvailable, capability=1, regTech=1, isAvailable=false
03-04 15:08:10.021 10726 10726 V Telephony: onStateChanged, state: DIALING
03-04 15:08:10.021 10726 10726 D Telephony: buildConnectionCapabilities: isHoldable = false State = 3 capabilities = 0
03-04 15:08:10.022 10726 10749 D Phone   : isImsCapabilityAvailable, capability=2, regTech=1, isAvailable=false
03-04 15:08:10.022 10726 10909 D DcNetworkAgent-106: Changed from [ Transports: CELLULAR Capabilities: SUPL&INTERNET&NOT_RESTRICTED&TRUSTED&NOT_VPN&NOT_ROAMING&NOT_CONGESTED&NOT_SUSPENDED&NOT_VCN_MANAGED LinkUpBandwidth>=18Kbps LinkDnBandwidth>=70Kbps Specifier: <TelephonyNetworkSpecifier [mSubId = 2]> SubscriptionIds: {2}] to [ Transports: CELLULAR Capabilities: SUPL&INTERNET&NOT_RESTRICTED&TRUSTED&NOT_VPN&NOT_ROAMING&NOT_CONGESTED&NOT_VCN_MANAGED LinkUpBandwidth>=18Kbps LinkDnBandwidth>=70Kbps Specifier: <TelephonyNetworkSpecifier [mSubId = 2]> SubscriptionIds: {2}], Data RAT=2, dc=DC-C-1
03-04 15:08:10.023 10726 10726 D Telephony: buildConnectionCapabilities: isHoldable = false State = 3 capabilities = 0
03-04 15:08:10.024 10726 10726 V Telephony: updateAddress, caller display name changed
03-04 15:08:10.026  1001  2514 D soundtrigger: audio_extn_sound_trigger_update_stream_status: uc_info->id 1 of type 0 for Event 2, with Raise=0
03-04 15:08:10.026  1001  2514 D hardware_info: hw_info_append_hw_type : device_name = speaker
03-04 15:08:10.027  1001  2514 D audio_hw_primary: disable_snd_device: snd_device(2: speaker)
03-04 15:08:10.028 10726 10726 V Telephony: GsmConnection: refreshConferenceSupported : isConfSupp=true, isImsConfSupp=true, isVidConfSupp=false, isMergeOfWifiAllowed=true, isWifi=false, isVoWifiEnabled=false
03-04 15:08:10.028 10726 10726 D Telephony: refreshConferenceSupported = true.
03-04 15:08:10.029 10726 10726 D Telephony: Adding GSM connection to conference controller: [TelephonyConnection objId:187943088 telecomCallID:TC@5_1 type:gsm state:DIALING capabilities:[Capabilities: CAPABILITY_SUPPORT_HOLD CAPABILITY_MUTE CAPABILITY_CANNOT_DOWNGRADE_VIDEO_TO_AUDIO] properties:[Properties:] address:[TF3A1ha73W1ua5P7X95kCVM5Ob0] originalConnection: callId: TC@5_1 objId: 139420659 isExternal: N incoming: false state: DIALING post dial state: NOT_STARTED partOfConf:N confSupported:Y isAdhocConf:N]
03-04 15:08:10.029 10726 10726 D Telephony: Adding GSM connection to conference controller: [TelephonyConnection objId:187943088 telecomCallID:TC@5_1 type:gsm state:DIALING capabilities:[Capabilities: CAPABILITY_SUPPORT_HOLD CAPABILITY_MUTE CAPABILITY_CANNOT_DOWNGRADE_VIDEO_TO_AUDIO] properties:[Properties:] address:[TF3A1ha73W1ua5P7X95kCVM5Ob0] originalConnection: callId: TC@5_1 objId: 139420659 isExternal: N incoming: false state: DIALING post dial state: NOT_STARTED partOfConf:N confSupported:Y isAdhocConf:N]
03-04 15:08:10.029 10726 10726 W Telephony: TelephonyConferenceController: add - connection already tracked; connection=[TelephonyConnection objId:187943088 telecomCallID:TC@5_1 type:gsm state:DIALING capabilities:[Capabilities: CAPABILITY_SUPPORT_HOLD CAPABILITY_MUTE CAPABILITY_CANNOT_DOWNGRADE_VIDEO_TO_AUDIO] properties:[Properties:] address:[TF3A1ha73W1ua5P7X95kCVM5Ob0] originalConnection: callId: TC@5_1 objId: 139420659 isExternal: N incoming: false state: DIALING post dial state: NOT_STARTED partOfConf:N confSupported:Y isAdhocConf:N]
03-04 15:08:10.029  2902  5500 D QCNEJ/WwanInfoRelay: onCapabilitiesChanged: 106 [ Transports: CELLULAR Capabilities: SUPL&INTERNET&NOT_RESTRICTED&TRUSTED&NOT_VPN&NOT_ROAMING&FOREGROUND&NOT_CONGESTED&NOT_VCN_MANAGED LinkUpBandwidth>=18Kbps LinkDnBandwidth>=70Kbps Specifier: <TelephonyNetworkSpecifier [mSubId = 2]>]
03-04 15:08:10.030 10726 10726 D Telephony: Removing connection from IMS conference controller: [TelephonyConnection objId:187943088 telecomCallID:TC@5_1 type:gsm state:DIALING capabilities:[Capabilities: CAPABILITY_SUPPORT_HOLD CAPABILITY_MUTE CAPABILITY_CANNOT_DOWNGRADE_VIDEO_TO_AUDIO] properties:[Properties:] address:[TF3A1ha73W1ua5P7X95kCVM5Ob0] originalConnection: callId: TC@5_1 objId: 139420659 isExternal: N incoming: false state: DIALING post dial state: NOT_STARTED partOfConf:N confSupported:Y isAdhocConf:N]
03-04 15:08:10.030 10726 10726 D Telephony: ImsConferenceController: remove - connection not tracked; connection=[TelephonyConnection objId:187943088 telecomCallID:TC@5_1 type:gsm state:DIALING capabilities:[Capabilities: CAPABILITY_SUPPORT_HOLD CAPABILITY_MUTE CAPABILITY_CANNOT_DOWNGRADE_VIDEO_TO_AUDIO] properties:[Properties:] address:[TF3A1ha73W1ua5P7X95kCVM5Ob0] originalConnection: callId: TC@5_1 objId: 139420659 isExternal: N incoming: false state: DIALING post dial state: NOT_STARTED partOfConf:N confSupported:Y isAdhocConf:N]
03-04 15:08:10.030 10726 10726 D Telephony: TelephonyConferenceController: Recalculate conference calls null [].
03-04 15:08:10.030 10726 10726 D Telephony: Is there a match for all connections in connection service true
03-04 15:08:10.030 10726 10726 D Telephony: not enough connections to be a conference!
03-04 15:08:10.031 10726 10726 V Telephony: TelephonyConferenceController: recalculateConferenceable : 1
03-04 15:08:10.031 10726 10726 D Telephony: TelephonyConferenceController: recalc - 3 [TelephonyConnection objId:187943088 telecomCallID:TC@5_1 type:gsm state:DIALING capabilities:[Capabilities: CAPABILITY_SUPPORT_HOLD CAPABILITY_MUTE CAPABILITY_CANNOT_DOWNGRADE_VIDEO_TO_AUDIO] properties:[Properties:] address:[TF3A1ha73W1ua5P7X95kCVM5Ob0] originalConnection: callId: TC@5_1 objId: 139420659 isExternal: N incoming: false state: DIALING post dial state: NOT_STARTED partOfConf:N confSupported:Y isAdhocConf:N] supportsConf? true
03-04 15:08:10.031 10726 10726 V Telephony: conferenceable: 0
03-04 15:08:10.031 10726 10726 D Telephony: Removing connection from IMS conference controller: [TelephonyConnection objId:187943088 telecomCallID:TC@5_1 type:gsm state:DIALING capabilities:[Capabilities: CAPABILITY_SUPPORT_HOLD CAPABILITY_MUTE CAPABILITY_CANNOT_DOWNGRADE_VIDEO_TO_AUDIO] properties:[Properties:] address:[TF3A1ha73W1ua5P7X95kCVM5Ob0] originalConnection: callId: TC@5_1 objId: 139420659 isExternal: N incoming: false state: DIALING post dial state: NOT_STARTED partOfConf:N confSupported:Y isAdhocConf:N]
03-04 15:08:10.031  2902  5500 I QCNEJ/WwanInfoRelay: cacheWwanInfo subId = 2 phoneId = 0 slotId = 0
03-04 15:08:10.032 10726 10726 D Telephony: ImsConferenceController: remove - connection not tracked; connection=[TelephonyConnection objId:187943088 telecomCallID:TC@5_1 type:gsm state:DIALING capabilities:[Capabilities: CAPABILITY_SUPPORT_HOLD CAPABILITY_MUTE CAPABILITY_CANNOT_DOWNGRADE_VIDEO_TO_AUDIO] properties:[Properties:] address:[TF3A1ha73W1ua5P7X95kCVM5Ob0] originalConnection: callId: TC@5_1 objId: 139420659 isExternal: N incoming: false state: DIALING post dial state: NOT_STARTED partOfConf:N confSupported:Y isAdhocConf:N]
03-04 15:08:10.032 10726 10726 D Telephony: topHoldableCount = 1
03-04 15:08:10.032 10726 10726 D Telephony: buildConnectionCapabilities: isHoldable = true State = 3 capabilities = 0
03-04 15:08:10.036     0     0 I [aw87xxx_pa_1_58]aw87xxx_show_current_mode: aw87559_i2c1@0x58 current_mode: 1, pa_channel: 0
03-04 15:08:10.036     0     0 I aw87xxx_mode_get_0: get mode:1
03-04 15:08:10.037     0     0 I         : [aw87xxx_pa_1_58]aw87xxx_audio_scene_load enter, mode=0, pa_channel=0
03-04 15:08:10.038     0     0 I         : [aw87xxx_pa_1_58]aw87xxx_hw_off enter
03-04 15:08:10.040     0     0 I         : [aw87xxx_pa_1_58]aw87xxx_monitor_stop enter, dev_i2c1@0x58
03-04 15:08:10.035 10726 10726 D PhoneSwitcher: handle event - 109
03-04 15:08:10.035  1001  2514 I soundtrigger: audio_extn_sound_trigger_update_device_status: device 0x2 of type 0 for Event 0, with Raise=0
03-04 15:08:10.035  1001  2514 I msm8974_platform: platform_check_and_set_codec_backend_cfg:becf: afe: bitwidth 16, samplerate 48000 channels 2, backend_idx 0 usecase = 1 device (voice-handset)
03-04 15:08:10.035  1001  2514 I msm8974_platform: platform_check_and_set_codec_backend_cfg: new_snd_devices[0] is 20
03-04 15:08:10.035  1001  2514 I msm8974_platform: platform_check_codec_backend_cfg:becf: afe: bitwidth 16, samplerate 48000 channels 2, backend_idx 0 usecase = 1 device (voice-handset)
03-04 15:08:10.036 10726 10726 D PhoneSwitcher: isPhoneInVoiceCall: phoneid=0, tmpSwitchProperty=false, dataDuringCallsEnabled=false
03-04 15:08:10.036  1001  2514 D msm8974_platform: platform_check_codec_backend_cfg:becf: updated afe: bitwidth 16, samplerate 48000 channels 2,backend_idx 0 usecase = 1 device (voice-handset)
03-04 15:08:10.036  1001  2514 I msm8974_platform: platform_check_codec_backend_cfg:becf: afe: Codec selected backend: 0 updated bit width: 16 and sample rate: 48000
03-04 15:08:10.036  1001  2514 D audio_hw_primary: check_usecases_codec_backend:becf: force routing 0
03-04 15:08:10.036  1001  2514 D audio_hw_primary: check_usecases_codec_backend:becf: (85) check_usecases curr device: voice-handset, usecase device:speaker backends match 0
03-04 15:08:10.036  1001  2514 D audio_hw_primary: check_usecases_codec_backend:becf: check_usecases num.of Usecases to switch 0
03-04 15:08:10.036  1001  2514 D hardware_info: hw_info_append_hw_type : device_name = voice-handset
03-04 15:08:10.037  1001  2514 D audio_hw_primary: enable_snd_device: snd_device(20: voice-handset)
03-04 15:08:10.037  1001  2514 D msm8974_platform: platform_get_island_cfg_on_device:island cfg status on snd_device = (voice-handset 0)
03-04 15:08:10.037  1001  2514 I soundtrigger: audio_extn_sound_trigger_update_device_status: device 0x14 of type 0 for Event 1, with Raise=0
03-04 15:08:10.037 10726 10726 D PhoneSwitcher: isPhoneInVoiceCall: phoneid=0, tmpSwitchProperty=false, dataDuringCallsEnabled=false
03-04 15:08:10.037  1001  2514 D audio_route: Apply path: voice-handset
03-04 15:08:10.037 10726 10726 D PhoneSwitcher: isPhoneInVoiceCall: phoneid=1, tmpSwitchProperty=false, dataDuringCallsEnabled=false
03-04 15:08:10.038 10726 10726 D PhoneSwitcher: isPhoneInVoiceCall: phoneid=1, tmpSwitchProperty=false, dataDuringCallsEnabled=false
03-04 15:08:10.038 10726 10726 V Telephony: MSG_PRECISE_CALL_STATE_CHANGED
03-04 15:08:10.039 10726 10726 V Telephony: GsmConnection: Update state from DIALING to DIALING for TC@5_1
03-04 15:08:10.039  2160 10929 I Telecom : InCallController: Sending updateCall [Call id=TC@5, state=CONNECTING, tpac=ComponentInfo{com.android.phone/com.android.services.telephony.TelephonyConnectionService}, ***, UserHandle{0}, cmgr=ComponentInfo{com.android.phone/com.android.services.telephony.TelephonyConnectionService}, ***, UserHandle{0}, handle=tel:*********06, vidst=A, childs(0), has_parent(false), cap=[], prop=[]]: (...->CS.crCo->H.CS.crCo->H.CS.crCo.pICR)->CSW.hCCC(cap/cast)@E-E-CUE
03-04 15:08:10.039 10726 10726 D Telephony: buildConnectionCapabilities: isHoldable = true State = 3 capabilities = 0
03-04 15:08:10.041  2160 10929 I Telecom : InCallController: Components updated: [ComponentInfo{com.sonymobile.telephony.extension/com.sonymobile.telephony.extension.analytics.CallAnalyticsManagerService}, ComponentInfo{com.sonymobile.transmitpower/com.sonymobile.transmitpower.util.InCallServiceObserver$InCallServiceImpl}, ComponentInfo{com.android.server.telecom/com.android.server.telecom.AmInCallService$InCallServiceImpl}]: (...->CS.crCo->H.CS.crCo->H.CS.crCo.pICR)->CSW.hCCC(cap/cast)@E-E-CUE
03-04 15:08:10.041  1001  2514 D soundtrigger: audio_extn_sound_trigger_update_stream_status: uc_info->id 1 of type 0 for Event 3, with Raise=0
03-04 15:08:10.041  1001  2514 D audio_hw_utils: audio_extn_utils_send_app_type_cfg: usecase->out_snd_device voice-handset
03-04 15:08:10.041  1001  2514 I audio_hw_utils: send_app_type_cfg_for_device PLAYBACK app_type 69937, acdb_dev_id 7, sample_rate 48000, snd_device_be_idx 187
03-04 15:08:10.041  2160 10929 I Telecom : InCallController: Sending updateCall [Call id=TC@5, state=CONNECTING, tpac=ComponentInfo{com.android.phone/com.android.services.telephony.TelephonyConnectionService}, ***, UserHandle{0}, cmgr=ComponentInfo{com.android.phone/com.android.services.telephony.TelephonyConnectionService}, ***, UserHandle{0}, handle=tel:*********06, vidst=A, childs(0), has_parent(false), cap=[ sup_hld mut !v2a], prop=[]]: (...->CS.crCo->H.CS.crCo->H.CS.crCo.pICR)->CSW.hCCC(cap/cast)@E-E-CUE
03-04 15:08:10.041 10726 10726 D Telephony: buildConnectionCapabilities: isHoldable = true State = 3 capabilities = 0
03-04 15:08:10.042  1001  2514 D ACDB-LOADER: ACDB -> send_audio_cal, acdb_id = 7, path = 0, app id = 0x11131, sample rate = 48000, use_case = 0,buffer_idx_w_path =0, afe_sample_rate = 48000, cal_mode = 1, offset_index = 0
03-04 15:08:10.042  1001  2514 D ACDB-LOADER: ACDB -> send_asm_topology
03-04 15:08:10.042  1001  2514 D ACDB-LOADER: ACDB -> ACDB_CMD_GET_AUDPROC_STREAM_TOPOLOGY_ID
03-04 15:08:10.042  1001  2514 D ACDB-LOADER: ACDB -> send_adm_topology
03-04 15:08:10.042  1001  2514 D ACDB-LOADER: ACDB -> ACDB_CMD_GET_AUDPROC_COMMON_TOPOLOGY_ID
03-04 15:08:10.042  1001  2514 D ACDB-LOADER: ACDB -> send_audtable
03-04 15:08:10.042  1001  2514 D ACDB-LOADER: ACDB -> ACDB_CMD_GET_AUDPROC_INSTANCE_COMMON_TABLE_SIZE
03-04 15:08:10.042  1001  2514 D ACDB-LOADER: ACDB -> ACDB_CMD_GET_AUDPROC_INSTANCE_COMMON_TABLE
03-04 15:08:10.042  1001  2514 D ACDB-LOADER: ACDB -> AUDIO_SET_AUDPROC_CAL cal_type[11] acdb_id[7] app_type[69937]
03-04 15:08:10.042  1001  2514 D ACDB-LOADER: ACDB -> send_audvoltable
03-04 15:08:10.042  1001  2514 D ACDB-LOADER: ACDB -> ACDB_CMD_GET_AUDPROC_INSTANCE_GAIN_DEP_STEP_TABLE_SIZE
03-04 15:08:10.042  1001  2514 D ACDB-LOADER: ACDB -> ACDB_CMD_GET_AUDPROC_INSTANCE_GAIN_DEP_STEP_TABLE, vol index 0
03-04 15:08:10.042  1001  2514 D ACDB-LOADER: ACDB -> AUDIO_SET_VOL_CAL cal type = 12
03-04 15:08:10.042  1001  2514 D ACDB-LOADER: ACDB -> ACDB_CMD_GET_AUDPROC_INSTANCE_STREAM_TABLE_SIZE
03-04 15:08:10.042  1001  2514 D ACDB-LOADER: ACDB -> send_audstrmtable
03-04 15:08:10.042  1001  2514 D ACDB-LOADER: ACDB -> ACDB_CMD_GET_AUDPROC_INSTANCE_STREAM_TABLE
03-04 15:08:10.042  1001  2514 D ACDB-LOADER: ACDB -> audstrm_cal->cal_type.cal_data.cal_size = 20
03-04 15:08:10.042  1001  2514 D ACDB-LOADER: ACDB -> send_afe_topology
03-04 15:08:10.042  1001  2514 D ACDB-LOADER: ACDB -> ACDB_CMD_GET_AFE_TOPOLOGY_ID
03-04 15:08:10.042  1001  2514 D ACDB-LOADER: ACDB -> GET_AFE_TOPOLOGY_ID for adcd_id 7, Topology Id 112fc
03-04 15:08:10.042  1001  2514 D ACDB-LOADER: ACDB -> send_afe_cal
03-04 15:08:10.042  1001  2514 D ACDB-LOADER: ACDB -> ACDB_CMD_GET_AFE_INSTANCE_COMMON_TABLE_SIZE
03-04 15:08:10.043  1001  2514 D android.hardware.audio.service: Failed to fetch the lookup information of the device 00000007 
03-04 15:08:10.043  1001  2514 D ACDB-LOADER: Error: ACDB_CMD_GET_AFE_INSTANCE_COMMON_TABLE_SIZE Returned = -19
03-04 15:08:10.043  1001  2514 D ACDB-LOADER: ACDB -> ACDB_CMD_GET_AFE_INSTANCE_COMMON_TABLE
03-04 15:08:10.043  1001  2514 D android.hardware.audio.service: Failed to fetch the lookup information of the device 00000007 
03-04 15:08:10.043  1001  2514 D ACDB-LOADER: Error: ACDB AFE returned = -19
03-04 15:08:10.043  1001  2514 D ACDB-LOADER: ACDB -> AUDIO_SET_AFE_CAL cal_type[16] acdb_id[7]
03-04 15:08:10.043  1001  2514 D ACDB-LOADER: ACDB -> send_hw_delay : acdb_id = 7 path = 0
03-04 15:08:10.043  1001  2514 D ACDB-LOADER: ACDB -> ACDB_AVSYNC_INFO: ACDB_CMD_GET_DEVICE_PROPERTY
03-04 15:08:10.043  1001  2514 D audio_hw_primary: enable_audio_route: apply mixer and update path: low-latency-playback handset
03-04 15:08:10.043  2160 10929 I Telecom : InCallController: Components updated: [ComponentInfo{com.sonymobile.telephony.extension/com.sonymobile.telephony.extension.analytics.CallAnalyticsManagerService}, ComponentInfo{com.sonymobile.transmitpower/com.sonymobile.transmitpower.util.InCallServiceObserver$InCallServiceImpl}, ComponentInfo{com.android.server.telecom/com.android.server.telecom.AmInCallService$InCallServiceImpl}]: (...->CS.crCo->H.CS.crCo->H.CS.crCo.pICR)->CSW.hCCC(cap/cast)@E-E-CUE
03-04 15:08:10.043  1001  2514 D audio_route: Apply path: low-latency-playback handset
03-04 15:08:10.043  4751  5399 I android_os_HwBinder: HwBinder: Starting thread pool for getting: vendor.semc.system.idd@1.0::IIdd/default
03-04 15:08:10.043  2160 10929 I Telecom : Event: RecordEntry TC@5: CAPABILITY_CHANGE, Current: [[ sup_hld mut !v2a]], Removed [[]], Added [[ sup_hld mut !v2a]]: (...->CS.crCo->H.CS.crCo->H.CS.crCo.pICR)->CSW.hCCC(cap/cast)@E-E-CUE
03-04 15:08:10.044  2160  3386 I Telecom : CallAudioModeStateMachine: Message received: FOREGROUND_VOIP_MODE_CHANGE.: (...->CS.crCo->H.CS.crCo->H.CS.crCo.pICR)->CSW.hCCC->CAMSM.pM_4001(cap/cast)@E-E-CUE
03-04 15:08:10.044  2160 10929 I Telecom : InCallController: Sending updateCall [Call id=TC@5, state=CONNECTING, tpac=ComponentInfo{com.android.phone/com.android.services.telephony.TelephonyConnectionService}, ***, UserHandle{0}, cmgr=ComponentInfo{com.android.phone/com.android.services.telephony.TelephonyConnectionService}, ***, UserHandle{0}, handle=tel:*********06, vidst=A, childs(0), has_parent(false), cap=[ sup_hld mut !v2a], prop=[]]: (...->CS.crCo->H.CS.crCo->H.CS.crCo.pICR)->CSW.hCCC(cap/cast)@E-E-CUE
03-04 15:08:10.046  2160 10929 I Telecom : InCallController: Components updated: [ComponentInfo{com.sonymobile.telephony.extension/com.sonymobile.telephony.extension.analytics.CallAnalyticsManagerService}, ComponentInfo{com.sonymobile.transmitpower/com.sonymobile.transmitpower.util.InCallServiceObserver$InCallServiceImpl}, ComponentInfo{com.android.server.telecom/com.android.server.telecom.AmInCallService$InCallServiceImpl}]: (...->CS.crCo->H.CS.crCo->H.CS.crCo.pICR)->CSW.hCCC(cap/cast)@E-E-CUE
03-04 15:08:10.046  2160 10929 I Telecom : InCallController: Sending updateCall [Call id=TC@5, state=CONNECTING, tpac=ComponentInfo{com.android.phone/com.android.services.telephony.TelephonyConnectionService}, ***, UserHandle{0}, cmgr=ComponentInfo{com.android.phone/com.android.services.telephony.TelephonyConnectionService}, ***, UserHandle{0}, handle=tel:*********06, vidst=A, childs(0), has_parent(false), cap=[ sup_hld mut !v2a], prop=[]]: (...->CS.crCo->H.CS.crCo->H.CS.crCo.pICR)->CSW.hCCC(cap/cast)@E-E-CUE
03-04 15:08:10.047  3985  5510 I CarrierServices: [198] cew.d: (PEv2-SM-244575010): DisabledState: event Connectivity event [null]
03-04 15:08:10.048 10726 10726 V Telephony: GsmConnection: refreshConferenceSupported : isConfSupp=true, isImsConfSupp=true, isVidConfSupp=false, isMergeOfWifiAllowed=true, isWifi=false, isVoWifiEnabled=false
03-04 15:08:10.048 10726 10726 D Telephony: refreshConferenceSupported = true.
03-04 15:08:10.049 10726 10726 D QtiDCT-C: [0]onVoiceCallStarted
03-04 15:08:10.049 10726 10726 D QtiDCT-C: [0]onVoiceCallStarted stop polling
03-04 15:08:10.049  3985  5568 I CarrierServices: [201] bwc.c: Connected state: [1], networkType: [MOBILE]
03-04 15:08:10.049 10726 10726 D QtiDCT-C: [0]stopNetStatPoll
03-04 15:08:10.049  3985  5567 I CarrierServices: [200] cln.e: RCS Configuration storage in Bugle is disabled by p/h flag, using ProvisioningEngineStateCacheUtil.getProvisioningConfigurationForGivenSimIfExist()
03-04 15:08:10.049  2160 10929 I Telecom : InCallController: Components updated: [ComponentInfo{com.sonymobile.telephony.extension/com.sonymobile.telephony.extension.analytics.CallAnalyticsManagerService}, ComponentInfo{com.sonymobile.transmitpower/com.sonymobile.transmitpower.util.InCallServiceObserver$InCallServiceImpl}, ComponentInfo{com.android.server.telecom/com.android.server.telecom.AmInCallService$InCallServiceImpl}]: (...->CS.crCo->H.CS.crCo->H.CS.crCo.pICR)->CSW.hCCC(cap/cast)@E-E-CUE
03-04 15:08:10.050  2160 10929 I Telecom : InCallController: Sending updateCall [Call id=TC@5, state=CONNECTING, tpac=ComponentInfo{com.android.phone/com.android.services.telephony.TelephonyConnectionService}, ***, UserHandle{0}, cmgr=ComponentInfo{com.android.phone/com.android.services.telephony.TelephonyConnectionService}, ***, UserHandle{0}, handle=tel:*********06, vidst=A, childs(0), has_parent(false), cap=[ sup_hld mut !v2a], prop=[]]: (...->CS.crCo->H.CS.crCo->H.CS.crCo.pICR)->CSW.hCCC(cap/cast)@E-E-CUE
03-04 15:08:10.052 10726 10726 D QtiDCT-I: [0]onVoiceCallStarted
03-04 15:08:10.052  2160 10929 I Telecom : InCallController: Components updated: [ComponentInfo{com.sonymobile.telephony.extension/com.sonymobile.telephony.extension.analytics.CallAnalyticsManagerService}, ComponentInfo{com.sonymobile.transmitpower/com.sonymobile.transmitpower.util.InCallServiceObserver$InCallServiceImpl}, ComponentInfo{com.android.server.telecom/com.android.server.telecom.AmInCallService$InCallServiceImpl}]: (...->CS.crCo->H.CS.crCo->H.CS.crCo.pICR)->CSW.hCCC(cap/cast)@E-E-CUE
03-04 15:08:10.053  2160 10929 I Telecom : InCallController: Sending updateCall [Call id=TC@5, state=CONNECTING, tpac=ComponentInfo{com.android.phone/com.android.services.telephony.TelephonyConnectionService}, ***, UserHandle{0}, cmgr=ComponentInfo{com.android.phone/com.android.services.telephony.TelephonyConnectionService}, ***, UserHandle{0}, handle=tel:*********06, vidst=A, childs(0), has_parent(false), cap=[ sup_hld mut !v2a], prop=[]]: (...->CS.crCo->H.CS.crCo->H.CS.crCo.pICR)->CSW.hCCC(cap/cast)@E-E-CUE
03-04 15:08:10.054  3176  3176 D TransmitPower: ProperSensorInfoNotifier:getProperSensorInfo() E : isCallActive = false, isScreenOn = true, isDataActive = true
03-04 15:08:10.054  3176  3176 D TransmitPower: ProperSensorInfoNotifier:getProperSensorInfo() X : shouldPowerOn = true, properDetectedValue = -1
03-04 15:08:10.054  3176  3176 D TransmitPower: AccSensorManager:onProperSensorInfoChanged()
03-04 15:08:10.054  3176  3176 D TransmitPower: AccSensorObserverMOTION_DETECTION:update(): detectedValue = -1
03-04 15:08:10.054  3176  3176 D TransmitPower: AccSensorObserverBHH_DETECTION:update(): detectedValue = -1
03-04 15:08:10.054  3176  3176 D TransmitPower: AccSensorObserverBHH_DIRECTION:update(): detectedValue = -1
03-04 15:08:10.054  3176  3176 D TransmitPower: TelephonyManagerObserver:onDataActivity() : subId = 2, isDataActive = true
03-04 15:08:10.055  2160 10929 I Telecom : InCallController: Components updated: [ComponentInfo{com.sonymobile.telephony.extension/com.sonymobile.telephony.extension.analytics.CallAnalyticsManagerService}, ComponentInfo{com.sonymobile.transmitpower/com.sonymobile.transmitpower.util.InCallServiceObserver$InCallServiceImpl}, ComponentInfo{com.android.server.telecom/com.android.server.telecom.AmInCallService$InCallServiceImpl}]: (...->CS.crCo->H.CS.crCo->H.CS.crCo.pICR)->CSW.hCCC(cap/cast)@E-E-CUE
03-04 15:08:10.055 10726 10726 D QcDataStatusNotification Service: onCallStateChange: state=2
03-04 15:08:10.055 10726 10726 D QcDataStatusNotification Service: updateDataStatus: phoneId=0, subId=2, ddsSubId=2
03-04 15:08:10.055 10726 10726 D QcDataStatusNotification Service: updateDataStatus: skip processing
03-04 15:08:10.055  2160 10929 I Telecom : CallsManager: setCallState CONNECTING -> DIALING, call: [Call id=TC@5, state=CONNECTING, tpac=ComponentInfo{com.android.phone/com.android.services.telephony.TelephonyConnectionService}, ***, UserHandle{0}, cmgr=ComponentInfo{com.android.phone/com.android.services.telephony.TelephonyConnectionService}, ***, UserHandle{0}, handle=tel:*********06, vidst=A, childs(0), has_parent(false), cap=[ sup_hld mut !v2a], prop=[]]: (...->CS.crCo->H.CS.crCo->H.CS.crCo.pICR)->CSW.hCCC(cap/cast)@E-E-CUE
03-04 15:08:10.055 10726 10726 D PhoneSwitcher: handle event - 109
03-04 15:08:10.056  2160 10929 I Telecom : Event: RecordEntry TC@5: SET_DIALING, successful outgoing call: (...->CS.crCo->H.CS.crCo->H.CS.crCo.pICR)->CSW.hCCC(cap/cast)@E-E-CUE
03-04 15:08:10.057  2160  2501 D ConnectivityService: [106 CELLULAR] EVENT_NETWORK_INFO_CHANGED, going from CONNECTED to SUSPENDED
03-04 15:08:10.057  2160  2501 D ConnectivityService: Sending SUSPENDED broadcast for type 0 [106 CELLULAR] isDefaultNetwork=true
03-04 15:08:10.058  2160  2501 W ContextImpl: Calling a method in the system process without a qualified user: android.app.ContextImpl.sendStickyBroadcast:1559 com.android.server.ConnectivityService.sendStickyBroadcast:2787 com.android.server.ConnectivityService.sendGeneralBroadcast:2762 com.android.server.ConnectivityService.sendConnectedBroadcast:2735 com.android.server.ConnectivityService.sendLegacyNetworkBroadcast:8796 
03-04 15:08:10.058  2160 10929 I Telecom : InCallController: Sending updateCall [Call id=TC@5, state=DIALING, tpac=ComponentInfo{com.android.phone/com.android.services.telephony.TelephonyConnectionService}, ***, UserHandle{0}, cmgr=ComponentInfo{com.android.phone/com.android.services.telephony.TelephonyConnectionService}, ***, UserHandle{0}, handle=tel:*********06, vidst=A, childs(0), has_parent(false), cap=[ sup_hld mut !v2a], prop=[]]: (...->CS.crCo->H.CS.crCo->H.CS.crCo.pICR)->CSW.hCCC(cap/cast)@E-E-CUE
03-04 15:08:10.058  4751  4924 I android_os_HwBinder: HwBinder: Starting thread pool for getting: vendor.semc.system.idd@1.0::IIdd/default
03-04 15:08:10.058  2160  3386 I Telecom : CallAudioModeStateMachine: Message received: NEW_ACTIVE_OR_DIALING_CALL.: (...->CS.crCo->H.CS.crCo->H.CS.crCo.pICR)->CSW.hCCC->CAMSM.pM_2001(cap/cast)@E-E-CUE
03-04 15:08:10.058 10726 10726 D PhoneSwitcher: isPhoneInVoiceCall: phoneid=0, tmpSwitchProperty=false, dataDuringCallsEnabled=false
03-04 15:08:10.059 10726 10726 D PhoneSwitcher: isPhoneInVoiceCall: phoneid=0, tmpSwitchProperty=false, dataDuringCallsEnabled=false
03-04 15:08:10.059  2160 10929 I Telecom : InCallController: Components updated: [ComponentInfo{com.sonymobile.telephony.extension/com.sonymobile.telephony.extension.analytics.CallAnalyticsManagerService}, ComponentInfo{com.sonymobile.transmitpower/com.sonymobile.transmitpower.util.InCallServiceObserver$InCallServiceImpl}, ComponentInfo{com.android.server.telecom/com.android.server.telecom.AmInCallService$InCallServiceImpl}]: (...->CS.crCo->H.CS.crCo->H.CS.crCo.pICR)->CSW.hCCC(cap/cast)@E-E-CUE
03-04 15:08:10.059 10726 10726 D PhoneSwitcher: isPhoneInVoiceCall: phoneid=1, tmpSwitchProperty=false, dataDuringCallsEnabled=false
03-04 15:08:10.059  2160 10929 I Telecom : TelecomWakeLock: WakeLock already released with id: 26: (...->CS.crCo->H.CS.crCo->H.CS.crCo.pICR)->CSW.hCCC(cap/cast)@E-E-CUE
03-04 15:08:10.059  2160 10929 I Telecom : InCallWakeLockController: Releasing full wake lock: (...->CS.crCo->H.CS.crCo->H.CS.crCo.pICR)->CSW.hCCC(cap/cast)@E-E-CUE
03-04 15:08:10.059  2160 10929 I Telecom : IncomingCallNotifier: updateIncomingCall: foundIncomingcall = null: (...->CS.crCo->H.CS.crCo->H.CS.crCo.pICR)->CSW.hCCC(cap/cast)@E-E-CUE
03-04 15:08:10.059 10726 10726 D PhoneSwitcher: isPhoneInVoiceCall: phoneid=1, tmpSwitchProperty=false, dataDuringCallsEnabled=false
03-04 15:08:10.059  3176  3176 D TransmitPower: InCallServiceObserver:onStateChanged() E : state = 1
03-04 15:08:10.060  3176  3176 D TransmitPower: InCallServiceObserver:onStateChanged() X : Call state is not active
03-04 15:08:10.060 10726 10726 V Telephony: MSG_PRECISE_CALL_STATE_CHANGED
03-04 15:08:10.060 10726 10726 V Telephony: GsmConnection: Update state from DIALING to DIALING for TC@5_1
03-04 15:08:10.060 10726 10726 D Telephony: buildConnectionCapabilities: isHoldable = true State = 3 capabilities = 0
03-04 15:08:10.063 10726 10726 D Telephony: buildConnectionCapabilities: isHoldable = true State = 3 capabilities = 0
03-04 15:08:10.064  2160  2362 W BroadcastQueue: Target SDK mismatch: receiver ActivityInfo{9d111ca com.google.android.apps.photos.actionqueue.impl.SystemReceiver} targets 31 but delivery restricted to [0, 23] broadcasting Intent { act=android.net.conn.CONNECTIVITY_CHANGE flg=0x4200010 (has extras) } from android (pid=2160, uid=1000) to com.google.android.apps.photos/.actionqueue.impl.SystemReceiver
03-04 15:08:10.065  6058  6058 I DeviceStatusMonitor: DeviceStatusMonitor$1.onReceive():58 onReceive() : Action = android.net.conn.CONNECTIVITY_CHANGE
03-04 15:08:10.066  8265  8265 I SetupWizard: [SetupNotificationService] createNotification startedForegroundService=true
03-04 15:08:10.066  3635  3635 W GCM     : ACTIVE NETWORK NOT CONNECTED
03-04 15:08:10.040     0     0 I aw87xxx_mode_set_0: set mode:0 success
03-04 15:08:10.093     0     0 I afe_get_cal_topology_id: port_id = 0xb030 acdb_id = 7 topology_id = 0x112fc cal_type_index=8 ret=0
03-04 15:08:10.093     0     0 E send_afe_cal_type: No cal sent for cal_index 0, port_id = 0xb030! ret -22
03-04 15:08:10.071 10726 10726 V Telephony: GsmConnection: refreshConferenceSupported : isConfSupp=true, isImsConfSupp=true, isVidConfSupp=false, isMergeOfWifiAllowed=true, isWifi=false, isVoWifiEnabled=false
03-04 15:08:10.071 10726 10726 D Telephony: refreshConferenceSupported = true.
03-04 15:08:10.071 10726 10726 D Telephony: updateExtras extras: null
03-04 15:08:10.072 10726 10726 V CallAnalyticsManagerService: onDetailsChanged call : Call [id: TC@5, state: DIALING, details: [id: TC@5, state: DIALING, pa: ComponentInfo{com.android.phone/com.android.services.telephony.TelephonyConnectionService}, ***, UserHandle{0}, hdl: tel:*********06, hdlPres: 1, videoState: Audio Only, caps: [Capabilities: CAPABILITY_SUPPORT_HOLD CAPABILITY_MUTE CAPABILITY_CANNOT_DOWNGRADE_VIDEO_TO_AUDIO], props: [Properties:]]], details: [id: TC@5, state: CONNECTING, pa: ComponentInfo{com.android.phone/com.android.services.telephony.TelephonyConnectionService}, ***, UserHandle{0}, hdl: tel:*********06, hdlPres: 1, videoState: Audio Only, caps: [Capabilities:], props: [Properties:]]
03-04 15:08:10.072 10726 10726 V CallAnalyticsManagerService: onDetailsChanged call : Call [id: TC@5, state: DIALING, details: [id: TC@5, state: DIALING, pa: ComponentInfo{com.android.phone/com.android.services.telephony.TelephonyConnectionService}, ***, UserHandle{0}, hdl: tel:*********06, hdlPres: 1, videoState: Audio Only, caps: [Capabilities: CAPABILITY_SUPPORT_HOLD CAPABILITY_MUTE CAPABILITY_CANNOT_DOWNGRADE_VIDEO_TO_AUDIO], props: [Properties:]]], details: [id: TC@5, state: CONNECTING, pa: ComponentInfo{com.android.phone/com.android.services.telephony.TelephonyConnectionService}, ***, UserHandle{0}, hdl: tel:*********06, hdlPres: 1, videoState: Audio Only, caps: [Capabilities: CAPABILITY_SUPPORT_HOLD CAPABILITY_MUTE CAPABILITY_CANNOT_DOWNGRADE_VIDEO_TO_AUDIO], props: [Properties:]]
03-04 15:08:10.072 10726 10726 V CallAnalyticsManagerService: onDetailsChanged call : Call [id: TC@5, state: DIALING, details: [id: TC@5, state: DIALING, pa: ComponentInfo{com.android.phone/com.android.services.telephony.TelephonyConnectionService}, ***, UserHandle{0}, hdl: tel:*********06, hdlPres: 1, videoState: Audio Only, caps: [Capabilities: CAPABILITY_SUPPORT_HOLD CAPABILITY_MUTE CAPABILITY_CANNOT_DOWNGRADE_VIDEO_TO_AUDIO], props: [Properties:]]], details: [id: TC@5, state: CONNECTING, pa: ComponentInfo{com.android.phone/com.android.services.telephony.TelephonyConnectionService}, ***, UserHandle{0}, hdl: tel:*********06, hdlPres: 1, videoState: Audio Only, caps: [Capabilities: CAPABILITY_SUPPORT_HOLD CAPABILITY_MUTE CAPABILITY_CANNOT_DOWNGRADE_VIDEO_TO_AUDIO], props: [Properties:]]
03-04 15:08:10.072 10726 10726 V CallAnalyticsManagerService: onDetailsChanged call : Call [id: TC@5, state: DIALING, details: [id: TC@5, state: DIALING, pa: ComponentInfo{com.android.phone/com.android.services.telephony.TelephonyConnectionService}, ***, UserHandle{0}, hdl: tel:*********06, hdlPres: 1, videoState: Audio Only, caps: [Capabilities: CAPABILITY_SUPPORT_HOLD CAPABILITY_MUTE CAPABILITY_CANNOT_DOWNGRADE_VIDEO_TO_AUDIO], props: [Properties:]]], details: [id: TC@5, state: CONNECTING, pa: ComponentInfo{com.android.phone/com.android.services.telephony.TelephonyConnectionService}, ***, UserHandle{0}, hdl: tel:*********06, hdlPres: 1, videoState: Audio Only, caps: [Capabilities: CAPABILITY_SUPPORT_HOLD CAPABILITY_MUTE CAPABILITY_CANNOT_DOWNGRADE_VIDEO_TO_AUDIO], props: [Properties:]]
03-04 15:08:10.072 10726 10726 V CallAnalyticsManagerService: onDetailsChanged call : Call [id: TC@5, state: DIALING, details: [id: TC@5, state: DIALING, pa: ComponentInfo{com.android.phone/com.android.services.telephony.TelephonyConnectionService}, ***, UserHandle{0}, hdl: tel:*********06, hdlPres: 1, videoState: Audio Only, caps: [Capabilities: CAPABILITY_SUPPORT_HOLD CAPABILITY_MUTE CAPABILITY_CANNOT_DOWNGRADE_VIDEO_TO_AUDIO], props: [Properties:]]], details: [id: TC@5, state: CONNECTING, pa: ComponentInfo{com.android.phone/com.android.services.telephony.TelephonyConnectionService}, ***, UserHandle{0}, hdl: tel:*********06, hdlPres: 1, videoState: Audio Only, caps: [Capabilities: CAPABILITY_SUPPORT_HOLD CAPABILITY_MUTE CAPABILITY_CANNOT_DOWNGRADE_VIDEO_TO_AUDIO], props: [Properties:]]
03-04 15:08:10.073 10726 10726 V CallAnalyticsManagerService: onDetailsChanged call : Call [id: TC@5, state: DIALING, details: [id: TC@5, state: DIALING, pa: ComponentInfo{com.android.phone/com.android.services.telephony.TelephonyConnectionService}, ***, UserHandle{0}, hdl: tel:*********06, hdlPres: 1, videoState: Audio Only, caps: [Capabilities: CAPABILITY_SUPPORT_HOLD CAPABILITY_MUTE CAPABILITY_CANNOT_DOWNGRADE_VIDEO_TO_AUDIO], props: [Properties:]]], details: [id: TC@5, state: CONNECTING, pa: ComponentInfo{com.android.phone/com.android.services.telephony.TelephonyConnectionService}, ***, UserHandle{0}, hdl: tel:*********06, hdlPres: 1, videoState: Audio Only, caps: [Capabilities: CAPABILITY_SUPPORT_HOLD CAPABILITY_MUTE CAPABILITY_CANNOT_DOWNGRADE_VIDEO_TO_AUDIO], props: [Properties:]]
