03-04 15:08:10.455 20799 20799 I DialerContactInfoCache: com.android.incallui.ContactInfoCache.updateCallerInfoInCacheOnAnyThread:408 updateCallerInfoInCacheOnAnyThread
03-04 15:08:10.456 20799 20799 I DialerContactInfoCache: com.android.incallui.ContactInfoCache.sendInfoNotifications:618 sendInfoNotifications
03-04 15:08:10.459 20799 20799 I DialerLegacyActiveCallSource: com.android.dialer.audio.impl.LegacyActiveCallSource.update:94 no active call
03-04 15:08:10.459 20799 20799 I DialerInCallPresenter: com.android.incallui.InCallPresenter.isActivityStarted:1459 inCallActivity == null
03-04 15:08:10.459 20799 20799 I DialerInCallPresenter: com.android.incallui.InCallPresenter.startOrFinishUi:1863 Start in call UI
03-04 15:08:10.459 20799 20799 I DialerInCallPresenter: com.android.incallui.InCallPresenter.showInCall:1980 Showing LegacyInCallActivity
03-04 15:08:10.461  2160  6939 I ActivityTaskManager: START u0 {act=android.intent.action.MAIN flg=0x10040000 cmp=com.google.android.dialer/com.android.incallui.LegacyInCallActivity (has extras)} from uid 10149
03-04 15:08:10.463  1041  1041 E ANDR-PERF-REQUEST: Translate to physical failed
03-04 15:08:10.463  1041  1041 E ANDR-PERF-REQUEST: Translate to physical failed
03-04 15:08:10.463  1041  1128 E ANDR-PERF-RESOURCEQS: Failed to apply optimization [2, 0]
03-04 15:08:10.463  1041  1128 E ANDR-PERF-RESOURCEQS: Failed to apply optimization [2, 0]
03-04 15:08:10.463  1041  1128 E ANDR-PERF-RESOURCEQS: Failed to apply optimization [2, 0]
03-04 15:08:10.463  1041  1128 E ANDR-PERF-RESOURCEQS: Failed to apply optimization [2, 0]
03-04 15:08:10.463  1041  1128 E ANDR-PERF-RESOURCEQS: Failed to apply optimization [2, 0]
03-04 15:08:10.463  1041  1128 E ANDR-PERF-RESOURCEQS: Failed to apply optimization [2, 0]
03-04 15:08:10.463 20799 20844 I DialerContactInfoCache: com.android.incallui.ContactInfoCache.updateCallerInfoInCacheOnAnyThread:408 updateCallerInfoInCacheOnAnyThread
03-04 15:08:10.464  2160  6939 I wm_new_intent: [0,89733613,48,com.google.android.dialer/com.android.incallui.LegacyInCallActivity,android.intent.action.MAIN,NULL,NULL,277610496]
03-04 15:08:10.465  2160  6939 I wm_task_moved: [48,1,7]
03-04 15:08:10.465  9580 20543 D CallLogProvider: Answering machine Call Log entry skipped
03-04 15:08:10.465  2160  6939 I wm_set_resumed_activity: [0,com.google.android.dialer/com.android.incallui.LegacyInCallActivity,positionChildAt]
03-04 15:08:10.466 20799 20838 I DialerInCallLoggingImpl: com.android.dialer.incall.logging.impl.InCallLoggingImpl.logImpression:57 InCall-Impression: DIALER_GATEWAY_CALL_INFO_LOOKUP_SERVICE_REQUEST_GENERATED, CallId: DialerCall_3
03-04 15:08:10.477 20799 20799 I DialerInCallPresenter: com.android.incallui.InCallPresenter.dontAddToThisMethodOrYoullBeSorry:1055 Phone switching state: PENDING_OUTGOING -> OUTGOING
03-04 15:08:10.477 20799 20799 I DialerSafetyHubAutoAssistedEmergencyCallDataParser: com.android.dialer.autoassistedemergencycall.impl.SafetyHubAutoAssistedEmergencyCallDataParser.getAutoAssistedEmergencyCallData:57 Failed to return data - bundle does not contain Assisted emergency call data
03-04 15:08:10.477 20799 20799 I DialerContactInfoCache: com.android.incallui.ContactInfoCache.findInfo:328 findInfo
03-04 15:08:10.478 20799 20838 I DialerLegacyCountryDetector: com.android.dialer.location.LegacyCountryDetector.getCurrentCountryIso:123 returning Redacted-2-chars
03-04 15:08:10.480 20799 20799 I DialerVideoPauseController: com.android.incallui.VideoPauseController.onStateChange:162 hasPrimaryCallChanged: true, videoCanPause: false, isInBackground: false
03-04 15:08:10.480 20799 20799 I DialerVideoPauseController: com.android.incallui.VideoPauseController.onPrimaryCallChanged:194 new call: [DialerCall_3, DIALING, [Capabilities: CAPABILITY_SUPPORT_HOLD CAPABILITY_MUTE CAPABILITY_CANNOT_DOWNGRADE_VIDEO_TO_AUDIO], [Properties:], children:[], parent:null, conferenceable:[], videoState:Audio Only, SessionModificationState:0, CameraDir:-1], old call: null, isInBackground: false
03-04 15:08:10.480 20799 20799 I DialerMotorolaInCallUiNotifier: com.android.incallui.MotorolaInCallUiNotifier.onStateChange:67 PENDING_OUTGOING to OUTGOING
03-04 15:08:10.481 20799 20863 I DialerCompositeSpam: com.android.dialer.spam.composite.CompositeSpam.lambda$checkSpamStatus$4:270 performing full compose
03-04 15:08:10.482 20799 20863 I DialerCompositeSpam: com.android.dialer.spam.composite.CompositeSpam.checkSpamStatusPatronusCatchingAll:324 patronusSpam disabled
03-04 15:08:10.484  1026  1026 I sensors-hal: batch:247, android.sensor.accelerometer/11, period=200000000, max_latency=0
03-04 15:08:10.484  1026  1026 I sensors-hal: set_config:63, sample_period_ns is adjusted to 200000000 based on min/max delay_ns
03-04 15:08:10.484  1026  1026 I sensors-hal: send_sync_sensor_request:358, send sync request
03-04 15:08:10.485  1026  1026 I sensors-hal: send_sync_sensor_request:384, wait for notification of response
03-04 15:08:10.485  1026 20117 I sensors-hal: ssc_conn_resp_cb:663, resp_value = 0
03-04 15:08:10.486  1026  1026 I sensors-hal: send_sync_sensor_request:390, takes 0 ms to receive the response with 0
03-04 15:08:10.486  1026  1026 I sensors-hal: batch:256, android.sensor.accelerometer/11, period=200000000, max_latency=0 request completed
03-04 15:08:10.487  1026  1026 I sensors-hal: flush:276, android.sensor.accelerometer/11
03-04 15:08:10.487  1026  1026 I sensors-hal: send_sync_sensor_request:358, send sync request
03-04 15:08:10.488  1026  1026 I sensors-hal: send_sync_sensor_request:384, wait for notification of response
03-04 15:08:10.488 20799 20838 I DialerFilteredNumberAsyncQueryHandler: com.android.dialer.blocking.FilteredNumberAsyncQueryHandler.lambda$getBlockedNumberDatabaseId$1:215 checking blocked number - completed
03-04 15:08:10.488  3635 21963 E GCM     : Missing checkin config file
03-04 15:08:10.489  1026 20117 I sensors-hal: ssc_conn_resp_cb:663, resp_value = 0
03-04 15:08:10.489  1026  1026 I sensors-hal: send_sync_sensor_request:390, takes 1 ms to receive the response with 0
03-04 15:08:10.489  1026  1026 I sensors-hal: flush:282, android.sensor.accelerometer/11 completed
03-04 15:08:10.489  3635 21963 W GCM     : GCM FAILED TO INITIALIZE - missing checkin
03-04 15:08:10.489  3635 21963 E WakeLock: GCM_HB_ALARM release without a matched acquire!
03-04 15:08:10.489  3635 21963 W WakeLock: GCM_HB_ALARM counter does not exist
03-04 15:08:10.491 20799 20799 I DialerLegacyProximitySensor: com.android.incallui.LegacyProximitySensor.updateProximitySensorMode:315 screenOnImmediately: false, dialPadVisible: false, offHook: true, horizontal: false, uiShowing: false, audioRoute: EARPIECE, videoCall: false
03-04 15:08:10.491 20799 20799 I DialerLegacyProximitySensor: com.android.incallui.LegacyProximitySensor.turnOnProximitySensor:252 acquiring wake lock
03-04 15:08:10.492 20799 20799 I DialerInCallLoggingImpl: com.android.dialer.incall.logging.impl.InCallLoggingImpl.logImpression:57 InCall-Impression: LEGACY_IN_CALL_PROXIMITY_SENSOR_TURNED_ON, CallId: DialerCall_3
03-04 15:08:10.493 20799 20799 I DialerLegacyStatusBarNotifier: com.android.incallui.LegacyStatusBarNotifier.getCallToShow:1016 state of call to show: DIALING
03-04 15:08:10.493  9580 16120 D CallLogProvider: Answering machine Call Log added to List
03-04 15:08:10.493 20799 20799 I DialerLegacyStatusBarNotifier: com.android.incallui.LegacyStatusBarNotifier.showNotification:283 showNotification
03-04 15:08:10.493 20799 20799 I DialerContactInfoCache: com.android.incallui.ContactInfoCache.findInfo:328 findInfo
03-04 15:08:10.493 20799 20799 I DialerLegacyStatusBarNotifier: com.android.incallui.LegacyStatusBarNotifier$ContactInfoCacheCallbackImpl.onContactInfoComplete:1412 onContactInfoComplete
03-04 15:08:10.493 20799 20799 I DialerLegacyStatusBarNotifier: com.android.incallui.LegacyStatusBarNotifier.buildAndSendNotification:320 buildAndSendNotification
03-04 15:08:10.493 20799 20799 I DialerLegacyStatusBarNotifier: com.android.incallui.LegacyStatusBarNotifier.getCallToShow:1016 state of call to show: DIALING
03-04 15:08:10.493 20799 20799 I DialerLegacyStatusBarNotifier: com.android.incallui.LegacyStatusBarNotifier.buildAndSendNotification:347 notificationType=ONGOING_CALL
03-04 15:08:10.494 20799 20799 I DialerCompositeSpamStatus: com.android.dialer.spam.composite.CompositeSpamStatus.getSpamStatusSourceOfTruth:49 enter
03-04 15:08:10.494 20799 20799 I DialerCompositeSpamStatus: com.android.dialer.spam.composite.CompositeSpamStatus.getSpamStatusSourceOfTruth:68 patronus is source of truth
03-04 15:08:10.494 20799 20799 I DialerCompositeSpamStatus: com.android.dialer.spam.composite.CompositeSpamStatus.mergeStirShakenWith:86 merging stirShaken status with other metadata
03-04 15:08:10.494 20799 20799 I DialerCompositeSpamStatus: com.android.dialer.spam.composite.CompositeSpamStatus.mergeStirShakenWith:91 failed to merge stirShaken status
03-04 15:08:10.494  1026  1026 I sensors-hal: batch:247, android.sensor.proximity/82, period=200000000, max_latency=0
03-04 15:08:10.494  1026  1026 I sensors-hal: set_config:63, sample_period_ns is adjusted to 0 based on min/max delay_ns
03-04 15:08:10.494  1026  1026 I sensors-hal: batch:256, android.sensor.proximity/82, period=200000000, max_latency=0 request completed
03-04 15:08:10.495  1026  1026 I sensors-hal: activate:214, android.sensor.proximity/82 en=1
03-04 15:08:10.498 20799 20847 I DialerSystemCallLogDataSource: com.android.dialer.calllog.datasources.systemcalllog.SystemCallLogDataSource.lambda$fill$2:211 found 5 existing annotated call log ids
03-04 15:08:10.499 20799 20799 I DialerLegacyStatusBarNotifier: com.android.incallui.LegacyStatusBarNotifier.addPersonReference:682 Contact info user type: 0
03-04 15:08:10.499 20799 20799 I DialerLegacyStatusBarNotifier: com.android.incallui.LegacyStatusBarNotifier.addPersonReference:687 Added person reference from number
03-04 15:08:10.501 20799 20799 I DialerLegacyStatusBarNotifier: com.android.incallui.LegacyStatusBarNotifier.sendNotification:488 displaying notification for ONGOING_CALL while NotificationManager is configured as [interruptionFilter: 1, priorityCategories: 1101000, priorityCallSenders: 1]
03-04 15:08:10.501 20799 20799 I DialerLogcatLoggingBindings: com.android.dialer.logging.logcat.LogcatLoggingBindings.logImpression:46 Impression: CALL_NOTIFICATION_SHOWN_OR_UPDATED
03-04 15:08:10.505 20799 20799 I DialerInCallPresenter: com.android.incallui.InCallPresenter.isActivityStarted:1459 inCallActivity == null
03-04 15:08:10.505 20799 20799 I DialerLocaleProvider: com.android.dialer.callrecording.impl.localeprovider.LocaleProvider.getSupportedLocaleFromCountryCode:163 builtInAudio - unsupported country: CN
03-04 15:08:10.505 20799 20799 I DialerLocaleProvider: com.android.dialer.callrecording.impl.localeprovider.LocaleProvider.getSupportedLocaleFromCountryCode:163 supported - unsupported country: CN
03-04 15:08:10.505  9580  9602 D CallLogProvider: Answering machine Call Log added to List
03-04 15:08:10.505 20799 20799 I DialerCanRecord: com.android.dialer.callrecording.impl.canrecord.CanRecord.canRecordCall:70 Call recording is disabled in the current country
03-04 15:08:10.506 20799 20799 I DialerInCallPresenter: com.android.incallui.InCallPresenter.setBoundAndWaitingForOutgoingCall:1353 setBoundAndWaitingForOutgoingCall: false
03-04 15:08:10.506  1026  1026 I sensors-hal: send_sync_sensor_request:358, send sync request
03-04 15:08:10.506  1026  1026 I sensors-hal: send_sync_sensor_request:384, wait for notification of response
03-04 15:08:10.506 20799 20799 I DialerAudioModeProvider: com.android.dialer.incall.core.audiomode.AudioModeProvider.onAudioStateChanged:79 audioState: [AudioState isMuted: false, route: EARPIECE, supportedRouteMask: EARPIECE, SPEAKER, activeBluetoothDevice: [null], supportedBluetoothDevices: []]
03-04 15:08:10.507 20799 20799 I DialerLegacyInCallServicePeer: com.android.incallui.LegacyInCallServicePeer.onCallAudioStateChanged:83 onCallAudioStateChanged
03-04 15:08:10.507 20799 20799 I DialerLegacyProximitySensor: com.android.incallui.LegacyProximitySensor.updateProximitySensorMode:315 screenOnImmediately: false, dialPadVisible: false, offHook: true, horizontal: false, uiShowing: false, audioRoute: EARPIECE, videoCall: false
03-04 15:08:10.507 20799 20799 I DialerLegacyProximitySensor: com.android.incallui.LegacyProximitySensor.turnOnProximitySensor:256 wake lock already acquired
03-04 15:08:10.507 20799 20799 I DialerLegacyActiveCallSource: com.android.dialer.audio.impl.LegacyActiveCallSource.update:94 no active call
03-04 15:08:10.507 20799 20799 I DialerLegacyStatusBarNotifier: com.android.incallui.LegacyStatusBarNotifier.getCallToShow:1016 state of call to show: DIALING
03-04 15:08:10.507 20799 20799 I DialerLegacyStatusBarNotifier: com.android.incallui.LegacyStatusBarNotifier.showNotification:283 showNotification
03-04 15:08:10.507  1026 21966 I sensors-hal: ssc_conn_resp_cb:663, resp_value = 0
03-04 15:08:10.507 20799 20799 I DialerContactInfoCache: com.android.incallui.ContactInfoCache.findInfo:328 findInfo
03-04 15:08:10.508  1026  1026 I sensors-hal: send_sync_sensor_request:390, takes 1 ms to receive the response with 0
03-04 15:08:10.508  1026  1026 I sensors-hal: activate:225, android.sensor.proximity/82 en=1 completed
03-04 15:08:10.508 20799 20799 I DialerLegacyStatusBarNotifier: com.android.incallui.LegacyStatusBarNotifier$ContactInfoCacheCallbackImpl.onContactInfoComplete:1412 onContactInfoComplete
03-04 15:08:10.508 20799 20799 I DialerLegacyStatusBarNotifier: com.android.incallui.LegacyStatusBarNotifier.buildAndSendNotification:320 buildAndSendNotification
03-04 15:08:10.508 20799 20799 I DialerLegacyStatusBarNotifier: com.android.incallui.LegacyStatusBarNotifier.getCallToShow:1016 state of call to show: DIALING
03-04 15:08:10.508 20799 20799 I DialerLegacyStatusBarNotifier: com.android.incallui.LegacyStatusBarNotifier.buildAndSendNotification:347 notificationType=ONGOING_CALL
03-04 15:08:10.508 20799 20841 I DialerSystemCallLogDataSource: com.android.dialer.calllog.datasources.systemcalllog.SystemCallLogDataSource.handleInsertsAndUpdatesInternal:421 found 5 entries for REGULAR_CALL
03-04 15:08:10.509  3176  3176 D TransmitPower: AccSensorObserverBHH_DETECTION:onBHHDetected() : isDetected = false
03-04 15:08:10.510  3176  3176 D TransmitPower: AccSensorObserverBHH_DIRECTION:onBHHStateChanged() : isRightSide = false
03-04 15:08:10.510  3176  3176 D TransmitPower: AccSensorObserverMOTION_DETECTION:onMotionStateChanged() : isStable = false
03-04 15:08:10.513 20799 20799 I DialerLegacyStatusBarNotifier: com.android.incallui.LegacyStatusBarNotifier.addPersonReference:682 Contact info user type: 0
03-04 15:08:10.513 20799 20799 I DialerLegacyStatusBarNotifier: com.android.incallui.LegacyStatusBarNotifier.addPersonReference:687 Added person reference from number
03-04 15:08:10.514 20799 20799 I DialerLegacyStatusBarNotifier: com.android.incallui.LegacyStatusBarNotifier.sendNotification:488 displaying notification for ONGOING_CALL while NotificationManager is configured as [interruptionFilter: 1, priorityCategories: 1101000, priorityCallSenders: 1]
03-04 15:08:10.514  2160  2160 I notification_enqueue: [10149,20799,com.google.android.dialer,1,NULL,0,Notification(channel=phone_ongoing_call shortcut=null contentView=null vibrate=null sound=null defaults=0x0 flags=0x4a color=0xff00796b actions=1 vis=PRIVATE publicVersion=Notification(channel=null shortcut=null contentView=null vibrate=null sound=null defaults=0x0 flags=0x0 color=0xffb5cad7 vis=PRIVATE)),0]
03-04 15:08:10.515 20799 20799 I DialerLogcatLoggingBindings: com.android.dialer.logging.logcat.LogcatLoggingBindings.logImpression:46 Impression: CALL_NOTIFICATION_SHOWN_OR_UPDATED
03-04 15:08:10.517  2160  4532 D CompatibilityInfo: mCompatibilityFlags - 0
03-04 15:08:10.517  2160  4532 D CompatibilityInfo: applicationDensity - 300
03-04 15:08:10.517  2160  4532 D CompatibilityInfo: applicationScale - 1.0
03-04 15:08:10.520 20799 20799 I DialerLegacyInCallServicePeer: com.android.incallui.LegacyInCallServicePeer.onCanAddCallChanged:123 onCanAddCallChanged
03-04 15:08:10.521  3635 21963 I gtalk_connection: 16778495
03-04 15:08:10.521  9580  9644 D CallLogProvider: Answering machine Call Log added to List
03-04 15:08:10.523  2160  2160 I notification_enqueue: [10149,20799,com.google.android.dialer,1,NULL,0,Notification(channel=phone_ongoing_call shortcut=null contentView=null vibrate=null sound=null defaults=0x0 flags=0x4a color=0xff00796b actions=2 vis=PRIVATE publicVersion=Notification(channel=null shortcut=null contentView=null vibrate=null sound=null defaults=0x0 flags=0x0 color=0xffb5cad7 vis=PRIVATE)),0]
03-04 15:08:10.525 20799 20838 I DialerSystemCallLogDataSource: com.android.dialer.calllog.datasources.systemcalllog.SystemCallLogDataSource.handleInsertsAndUpdatesInternal:415 no results for CALL_IN_DIRECT_BOOT_MODE
03-04 15:08:10.532 20799 20799 I DialerLegacyInCallActivityPeer: com.android.incallui.LegacyInCallActivityPeer.onCreate:400 enter
03-04 15:08:10.532 20799 20845 E SpatulaClientInterceptor: Error getting spatula header
03-04 15:08:10.532 20799 20845 E SpatulaClientInterceptor: java.util.concurrent.ExecutionException: jyn: 3006: 
03-04 15:08:10.532 20799 20845 E SpatulaClientInterceptor: 	at kko.b(PG:2)
03-04 15:08:10.532 20799 20845 E SpatulaClientInterceptor: 	at kko.q(PG:8)
03-04 15:08:10.532 20799 20845 E SpatulaClientInterceptor: 	at ksl.b(PG:8)
03-04 15:08:10.532 20799 20845 E SpatulaClientInterceptor: 	at ksk.c(PG:2)
03-04 15:08:10.532 20799 20845 E SpatulaClientInterceptor: 	at rhj.e(PG:2)
03-04 15:08:10.532 20799 20845 E SpatulaClientInterceptor: 	at rhj.a(Unknown Source:10)
03-04 15:08:10.532 20799 20845 E SpatulaClientInterceptor: 	at esn.a(PG:97)
03-04 15:08:10.532 20799 20845 E SpatulaClientInterceptor: 	at nvx.a(PG:26)
03-04 15:08:10.532 20799 20845 E SpatulaClientInterceptor: 	at owo.a(PG:2)
03-04 15:08:10.532 20799 20845 E SpatulaClientInterceptor: 	at ovu.run(PG:3)
03-04 15:08:10.532 20799 20845 E SpatulaClientInterceptor: 	at owq.run(Unknown Source:4)
03-04 15:08:10.532 20799 20845 E SpatulaClientInterceptor: 	at kpi.run(PG:4)
03-04 15:08:10.532 20799 20845 E SpatulaClientInterceptor: 	at java.util.concurrent.ThreadPoolExecutor.runWorker(ThreadPoolExecutor.java:1167)
03-04 15:08:10.532 20799 20845 E SpatulaClientInterceptor: 	at java.util.concurrent.ThreadPoolExecutor$Worker.run(ThreadPoolExecutor.java:641)
03-04 15:08:10.532 20799 20845 E SpatulaClientInterceptor: 	at koq.run(PG:37)
03-04 15:08:10.532 20799 20845 E SpatulaClientInterceptor: 	at kov.run(PG:5)
03-04 15:08:10.532 20799 20845 E SpatulaClientInterceptor: 	at java.lang.Thread.run(Thread.java:920)
03-04 15:08:10.532 20799 20845 E SpatulaClientInterceptor: Caused by: jyn: 3006: 
03-04 15:08:10.532 20799 20845 E SpatulaClientInterceptor: 	at kcz.au(PG:2)
03-04 15:08:10.532 20799 20845 E SpatulaClientInterceptor: 	at juu.a(Unknown Source:14)
03-04 15:08:10.532 20799 20845 E SpatulaClientInterceptor: 	at jur.dY(PG:1)
03-04 15:08:10.532 20799 20845 E SpatulaClientInterceptor: 	at jrt.onTransact(PG:4)
03-04 15:08:10.532 20799 20845 E SpatulaClientInterceptor: 	at android.os.Binder.execTransactInternal(Binder.java:1179)
03-04 15:08:10.532 20799 20845 E SpatulaClientInterceptor: 	at android.os.Binder.execTransact(Binder.java:1143)
03-04 15:08:10.532 20799 20856 I DialerSuggestContactsGlobalContentObserver: com.android.dialer.suggestcontacts.impl.SuggestContactsGlobalContentObserver$1$1.onSuccess:63 successfully calculated and saved score
03-04 15:08:10.532 20799 20838 I DialerSystemCallLogDataSource: com.android.dialer.calllog.datasources.systemcalllog.SystemCallLogDataSource.lambda$handleDeletes$6:684 found 0 call log entries to remove
03-04 15:08:10.533 20799 20799 I DialerLegacyInCallActivityPeer: com.android.incallui.LegacyInCallActivityPeer.onCreate:409 attaching headless fragments
03-04 15:08:10.533 20799 20848 E DialerCallInfoLookupServicePhoneLookupContributor: com.android.dialer.phonelookup.dialergatewayserver.CallInfoLookupServicePhoneLookupContributor.handleRuntimeException:397 SpatulaAuthException
03-04 15:08:10.533 20799 20848 E DialerCallInfoLookupServicePhoneLookupContributor: java.lang.IllegalStateException: ksj
03-04 15:08:10.533 20799 20848 E DialerCallInfoLookupServicePhoneLookupContributor: 	at fzz.a(PG:12)
03-04 15:08:10.533 20799 20848 E DialerCallInfoLookupServicePhoneLookupContributor: 	at oui.a(PG:3)
03-04 15:08:10.533 20799 20848 E DialerCallInfoLookupServicePhoneLookupContributor: 	at oui.a(PG:3)
03-04 15:08:10.533 20799 20848 E DialerCallInfoLookupServicePhoneLookupContributor: 	at osz.b(PG:2)
03-04 15:08:10.533 20799 20848 E DialerCallInfoLookupServicePhoneLookupContributor: 	at otb.run(PG:10)
03-04 15:08:10.533 20799 20848 E DialerCallInfoLookupServicePhoneLookupContributor: 	at kpi.run(PG:4)
03-04 15:08:10.533 20799 20848 E DialerCallInfoLookupServicePhoneLookupContributor: 	at java.util.concurrent.ThreadPoolExecutor.runWorker(ThreadPoolExecutor.java:1167)
03-04 15:08:10.533 20799 20848 E DialerCallInfoLookupServicePhoneLookupContributor: 	at java.util.concurrent.ThreadPoolExecutor$Worker.run(ThreadPoolExecutor.java:641)
03-04 15:08:10.533 20799 20848 E DialerCallInfoLookupServicePhoneLookupContributor: 	at knc.run(PG:16)
03-04 15:08:10.533 20799 20848 E DialerCallInfoLookupServicePhoneLookupContributor: 	at kov.run(PG:5)
03-04 15:08:10.533 20799 20848 E DialerCallInfoLookupServicePhoneLookupContributor: 	at java.lang.Thread.run(Thread.java:920)
03-04 15:08:10.533 20799 20848 E DialerCallInfoLookupServicePhoneLookupContributor: Caused by: ksj
03-04 15:08:10.533 20799 20848 E DialerCallInfoLookupServicePhoneLookupContributor: 	at ksk.c(PG:5)
03-04 15:08:10.533 20799 20848 E DialerCallInfoLookupServicePhoneLookupContributor: 	at rhj.e(PG:2)
03-04 15:08:10.533 20799 20848 E DialerCallInfoLookupServicePhoneLookupContributor: 	at rhj.a(Unknown Source:10)
03-04 15:08:10.533 20799 20848 E DialerCallInfoLookupServicePhoneLookupContributor: 	at esn.a(PG:97)
03-04 15:08:10.533 20799 20848 E DialerCallInfoLookupServicePhoneLookupContributor: 	at nvx.a(PG:26)
03-04 15:08:10.533 20799 20848 E DialerCallInfoLookupServicePhoneLookupContributor: 	at owo.a(PG:2)
03-04 15:08:10.533 20799 20848 E DialerCallInfoLookupServicePhoneLookupContributor: 	at ovu.run(PG:3)
03-04 15:08:10.533 20799 20848 E DialerCallInfoLookupServicePhoneLookupContributor: 	at owq.run(Unknown Source:4)
03-04 15:08:10.533 20799 20848 E DialerCallInfoLookupServicePhoneLookupContributor: 	at kpi.run(PG:4)
03-04 15:08:10.533 20799 20848 E DialerCallInfoLookupServicePhoneLookupContributor: 	at java.util.concurrent.ThreadPoolExecutor.runWorker(ThreadPoolExecutor.java:1167)
03-04 15:08:10.533 20799 20848 E DialerCallInfoLookupServicePhoneLookupContributor: 	at java.util.concurrent.ThreadPoolExecutor$Worker.run(ThreadPoolExecutor.java:641)
03-04 15:08:10.533 20799 20848 E DialerCallInfoLookupServicePhoneLookupContributor: 	at koq.run(PG:37)
03-04 15:08:10.533 20799 20848 E DialerCallInfoLookupServicePhoneLookupContributor: 	... 2 more
03-04 15:08:10.533 20799 20799 I DialerLegacyInCallActivityPeer: com.android.incallui.LegacyInCallActivityPeer.onCreate:411 headless fragment is attached : fes
03-04 15:08:10.534 20799 20799 I DialerSupportUiListener: com.android.dialer.common.concurrent.SupportUiListener.create:83 creating new SupportUiListener for preferredAccountWorkerResultListener
03-04 15:08:10.535 20799 20847 I DialerCallList: com.android.incallui.call.CallList$3.onSuccess:349 shortcut usage reporter successful
03-04 15:08:10.536 20799 20848 I DialerLogcatLoggingBindings: com.android.dialer.logging.logcat.LogcatLoggingBindings.logImpression:41 Impression: DIALER_GATEWAY_CALL_INFO_LOOKUP_SERVICE_PHONE_LOOKUP_FAILED
03-04 15:08:10.547     0     0 W audit   : audit_lost=2024 audit_rate_limit=5 audit_backlog_limit=64
03-04 15:08:10.547     0     0 E audit   : rate limit exceeded
03-04 15:08:10.531  1041  1041 I auditd  : type=1400 audit(0.0:2433): avc: denied { search } for comm=41646170744C61756E636820566D name="2338" dev="proc" ino=729222 scontext=u:r:vendor_hal_perf_default:s0 tcontext=u:r:system_server:s0 tclass=dir permissive=0
03-04 15:08:10.531  1041  1041 W /vendor/bin/hw/vendor.qti.hardware.perf@2.2-service: type=1400 audit(0.0:2433): avc: denied { search } for comm=41646170744C61756E636820566D name="2338" dev="proc" ino=729222 scontext=u:r:vendor_hal_perf_default:s0 tcontext=u:r:system_server:s0 tclass=dir permissive=0
03-04 15:08:10.531  1041  1041 I auditd  : type=1400 audit(0.0:2434): avc: denied { search } for comm=41646170744C61756E636820566D name="2339" dev="proc" ino=711099 scontext=u:r:vendor_hal_perf_default:s0 tcontext=u:r:system_server:s0 tclass=dir permissive=0
03-04 15:08:10.531  1041  1041 W /vendor/bin/hw/vendor.qti.hardware.perf@2.2-service: type=1400 audit(0.0:2434): avc: denied { search } for comm=41646170744C61756E636820566D name="2339" dev="proc" ino=711099 scontext=u:r:vendor_hal_perf_default:s0 tcontext=u:r:system_server:s0 tclass=dir permissive=0
03-04 15:08:10.531  1041  1041 I auditd  : type=1400 audit(0.0:2435): avc: denied { search } for comm=41646170744C61756E636820566D name="2338" dev="proc" ino=729222 scontext=u:r:vendor_hal_perf_default:s0 tcontext=u:r:system_server:s0 tclass=dir permissive=0
03-04 15:08:10.531  1041  1041 W /vendor/bin/hw/vendor.qti.hardware.perf@2.2-service: type=1400 audit(0.0:2435): avc: denied { search } for comm=41646170744C61756E636820566D name="2338" dev="proc" ino=729222 scontext=u:r:vendor_hal_perf_default:s0 tcontext=u:r:system_server:s0 tclass=dir permissive=0
03-04 15:08:10.552 20799 20799 I DialerLegacyInCallActivityPeer: com.android.incallui.LegacyInCallActivityPeer$AtlasUiStateBroadcastReceiver.register:2279 register
03-04 15:08:10.553 20799 20799 I wm_on_create_called: [89733613,com.android.incallui.LegacyInCallActivity,performCreate]
03-04 15:08:10.555 20799 20843 I DialerDialerBlockedNumberPhoneLookupContributor: com.android.dialer.phonelookup.blockednumber.DialerBlockedNumberPhoneLookupContributor.getMostRecentInfo:99 getMostRecentInfo
03-04 15:08:10.531  1041  1041 I auditd  : type=1400 audit(0.0:2436): avc: denied { search } for comm=41646170744C61756E636820566D name="2340" dev="proc" ino=711100 scontext=u:r:vendor_hal_perf_default:s0 tcontext=u:r:system_server:s0 tclass=dir permissive=0
03-04 15:08:10.531  1041  1041 W /vendor/bin/hw/vendor.qti.hardware.perf@2.2-service: type=1400 audit(0.0:2436): avc: denied { search } for comm=41646170744C61756E636820566D name="2340" dev="proc" ino=711100 scontext=u:r:vendor_hal_perf_default:s0 tcontext=u:r:system_server:s0 tclass=dir permissive=0
03-04 15:08:10.535  1041  1041 I auditd  : type=1400 audit(0.0:2437): avc: denied { search } for comm=41646170744C61756E636820566D name="2339" dev="proc" ino=711099 scontext=u:r:vendor_hal_perf_default:s0 tcontext=u:r:system_server:s0 tclass=dir permissive=0
03-04 15:08:10.535  1041  1041 W /vendor/bin/hw/vendor.qti.hardware.perf@2.2-service: type=1400 audit(0.0:2437): avc: denied { search } for comm=41646170744C61756E636820566D name="2339" dev="proc" ino=711099 scontext=u:r:vendor_hal_perf_default:s0 tcontext=u:r:system_server:s0 tclass=dir permissive=0
03-04 15:08:10.557 20799 20799 I DialerLegacyInCallActivityPeer: com.android.incallui.LegacyInCallActivityPeer$InCallUiLockSubscriberFragmentPeer$1.onNewData:298 In call UI locked changed: false
03-04 15:08:10.557 20799 20799 I DialerLegacyInCallActivityPeer: com.android.incallui.LegacyInCallActivityPeer$InCallUiLockSubscriberFragmentPeer$1.onNewData:300 unlocked
03-04 15:08:10.557 20799 20799 I DialerInCallPresenter: com.android.incallui.InCallPresenter.handleInCallUiUnlocked:2384 all locks released
03-04 15:08:10.558 20799 20799 I DialerLegacyInCallActivityPeer: com.android.incallui.LegacyInCallActivityPeer.onStart:770 enter
03-04 15:08:10.558 20799 20799 I DialerLegacyInCallActivityPeer: com.android.incallui.LegacyInCallActivityPeer.showMainInCallFragment:1667 shouldShowTidepodsScreen: false, shouldshowCliNotSupportedUi: false, shouldShowAnswerUi: false, shouldShowVideoUi: false, shouldShowCallScreenUi: false, didShowTidepodsScreen: false, didShowCliNotSupportedScreen: false, didShowAnswerScreen: false, didShowInCallScreen: false, didShowVideoCallScreen: false, didShowCallScreen: false
03-04 15:08:10.558 20799 20841 I DialerLegacyCountryDetector: com.android.dialer.location.LegacyCountryDetector.getCurrentCountryIso:123 returning Redacted-2-chars
03-04 15:08:10.559 20799 20799 I DialerLegacyInCallActivityPeer: com.android.incallui.LegacyInCallActivityPeer.setAllowOrientationChange:1583 Setting requested orientation to portrait
03-04 15:08:10.559 20799 20843 I DialerSystemBlockedNumberPhoneLookupContributor: com.android.dialer.phonelookup.blockednumber.SystemBlockedNumberPhoneLookupContributor.getMostRecentInfo:104 getMostRecentInfo
03-04 15:08:10.562 20799 20799 I DialerCallCardPresenter: com.android.incallui.CallCardPresenter.<init>:166 CallCardPresenter
03-04 15:08:10.563 20799 20799 I DialerSupportUiListener: com.android.dialer.common.concurrent.SupportUiListener.create:83 creating new SupportUiListener for InCallFragment.checkIsAtlasNumber
03-04 15:08:10.563 20799 20799 I DialerSupportUiListener: com.android.dialer.common.concurrent.SupportUiListener.create:83 creating new SupportUiListener for InCallFragment.getPrideModeOn
03-04 15:08:10.564 20799 20799 I DialerInCallFragment: com.android.incallui.incall.impl.InCallFragment.onCreateView:274 onCreateView
03-04 15:08:10.569  3176  3176 D TransmitPower: AccSensorObserverBHH_DETECTION:onBHHDetected() : isDetected = false
03-04 15:08:10.569  3176  3176 D TransmitPower: AccSensorObserverBHH_DIRECTION:onBHHStateChanged() : isRightSide = false
03-04 15:08:10.570  3176  3176 D TransmitPower: AccSensorObserverMOTION_DETECTION:onMotionStateChanged() : isStable = false
03-04 15:08:10.578 20799 20863 I DialerSpamCallDataSource: com.android.dialer.calllog.datasources.spamcall.SpamCallDataSource.fill:81 fill
03-04 15:08:10.578 20799 20863 I DialerSpamCallDataSource: com.android.dialer.calllog.datasources.spamcall.SpamCallDataSource.handleInserts:87 handleInserts
03-04 15:08:10.579 20799 20862 W DialerCallingNetworksStorage: com.android.dialer.callingnetworks.impl.CallingNetworksStorage.deleteAllMatching:301 Nothing to delete
03-04 15:08:10.584 20799 20847 I DialerCallRecordingDataSource: com.android.dialer.callrecording.impl.calllog.CallRecordingDataSource.fill:97 enter
03-04 15:08:10.584 20799 20847 I DialerCallRecordingDataSource: com.android.dialer.callrecording.impl.calllog.CallRecordingDataSource.handleInsertsAndUpdatesFromAnnotatedCallLog:112 enter
03-04 15:08:10.584 20799 20847 I DialerCallRecordingDataSourceStatusService: com.android.dialer.callrecording.impl.calllog.CallRecordingDataSourceStatusService.lambda$getTimestampOfLastSyncedCallRecordingInfoMillis$6:117 lastSyncedCallRecordingInfoTimestamp 0
03-04 15:08:10.585 20799 20840 I DialerCallRecordingDataSource: com.android.dialer.callrecording.impl.calllog.CallRecordingDataSource.lambda$getAnnotatedCallLogIdsToCallRecordingInfoMap$13:333 lastSyncedCallRecordingInfoTimestamp 0
03-04 15:08:10.588 20799 20847 I DialerCallRecordingDataSource: com.android.dialer.callrecording.impl.calllog.CallRecordingDataSource.handleDeletesFromAnnotatedCallLog:152 enter
03-04 15:08:10.590 20799 20863 I DialerCallRecordingInfoStorage: com.android.dialer.callrecording.impl.storage.CallRecordingInfoStorage.deleteCallLogInitiated:447 enter
03-04 15:08:10.590 20799 20863 I DialerCallHistoryCoalescer: com.android.dialer.calllog.coalescer.CallHistoryCoalescer.coalesce:107 coalesce
03-04 15:08:10.591 20799 20863 I DialerCallHistoryCoalescer: com.android.dialer.calllog.coalescer.CallHistoryCoalescer.coalesceWithSelection:164 coalesceWithSelection
03-04 15:08:10.591 20799 20863 I DialerCallHistoryCoalescer: com.android.dialer.calllog.coalescer.CallHistoryCoalescer.coalesceWithSelection:164 coalesceWithSelection
03-04 15:08:10.591 20799 20847 I DialerConversationHistoryCoalescer: com.android.dialer.calllog.coalescer.ConversationHistoryCoalescer.coalesce:99 coalesce
03-04 15:08:10.592 20799 20863 I DialerCallRecordingDataSource: com.android.dialer.callrecording.impl.calllog.CallRecordingDataSource.onSuccessfulFill:219 enter
03-04 15:08:10.592 20799 20841 I DialerConversationHistoryCoalescer: com.android.dialer.calllog.coalescer.ConversationHistoryCoalescer.coalesceInternal:124 coalesceInternal
03-04 15:08:10.596 20799 20838 I DialerCallerIdFeedbackPhoneLookupContributor: com.android.dialer.calleridfeedback.impl.phonelookup.CallerIdFeedbackPhoneLookupContributor.onSuccessfulBulkUpdate:133 Writing timestampOfLastCallerIdFeedbackLookup : 1646377690563
03-04 15:08:10.599 20799 20840 I DialerCallHistoryCoalescer: com.android.dialer.calllog.coalescer.CallHistoryCoalescer.coalesceInternal:202 coalesceInternal
03-04 15:08:10.601 20799 20843 I DialerCallHistoryCoalescer: com.android.dialer.calllog.coalescer.CallHistoryCoalescer.coalesceInternal:202 coalesceInternal
03-04 15:08:10.601 20799 20848 I DialerCoalescedRowsDao: com.android.dialer.calllog.coalescer.CoalescedRowsDao.saveToFileForMissedCalls:118 saveToFileForMissedCalls
03-04 15:08:10.602 20799 20799 I DialerTidePodsLegacyContactGridFragmentPeer: com.android.dialer.incall.tidepodslegacycontactgrid.ui.TidePodsLegacyContactGridFragmentPeer.<init>:48 enter
03-04 15:08:10.602 20799 20840 I DialerCoalescedRowsDao: com.android.dialer.calllog.coalescer.CoalescedRowsDao.save:159 start writing coalesced_rows_for_missed_calls
03-04 15:08:10.603 20799 20840 I DialerCoalescedRowsDao: com.android.dialer.calllog.coalescer.CoalescedRowsDao.save:164 finished writing coalesced_rows_for_missed_calls
03-04 15:08:10.603 20799 20862 I DialerCoalescedRowsUpdatedNotifier: com.android.dialer.calllog.coalescer.CoalescedRowsUpdatedNotifier.notifyForCallLogMissedCalls:68 notifyForCallLogMissedCalls
03-04 15:08:10.605 20799 20856 I DialerCoalescedRowsDao: com.android.dialer.calllog.coalescer.CoalescedRowsDao.saveToFileForAllCallsInConversationHistory:139 saveToFileForAllCallsInConversationHistory
03-04 15:08:10.607 20799 20799 I DialerContactGridSubscriber: com.android.dialer.incall.contactgrid.ContactGridSubscriber.lambda$updateBottomRow$40:613 updating to 0 icons with color scheme: UNKNOWN
03-04 15:08:10.607 20799 20840 I DialerCoalescedRowsDao: com.android.dialer.calllog.coalescer.CoalescedRowsDao.save:159 start writing coalesced_rows_for_conversation_history_all_calls
03-04 15:08:10.607 20799 20799 W DialerInCallFragment: com.android.incallui.incall.impl.InCallFragment.handleMultiWindowModeState:1120 fragment not initialized and cannot handle multiwindow change
03-04 15:08:10.610 20799 20840 I DialerCoalescedRowsDao: com.android.dialer.calllog.coalescer.CoalescedRowsDao.save:164 finished writing coalesced_rows_for_conversation_history_all_calls
03-04 15:08:10.610 20799 20842 I DialerCoalescedRowsUpdatedNotifier: com.android.dialer.calllog.coalescer.CoalescedRowsUpdatedNotifier.notifyForConversationHistory:79 notifyForConversationHistory
03-04 15:08:10.615 20799 20799 I DialerInCallFragment: com.android.incallui.incall.impl.InCallFragment$AtlasUiStateBroadcastReceiver.register:1388 register
03-04 15:08:10.616 20799 20799 I DialerInCallFragment: com.android.incallui.incall.impl.InCallFragment.onViewCreated:463 onViewCreated
03-04 15:08:10.616 20799 20799 I DialerCallCardPresenter: com.android.incallui.CallCardPresenter.onInCallScreenDelegateInit:188 onInCallScreenDelegateInit
03-04 15:08:10.616 20799 20799 I DialerCallScopesImpl: com.android.dialer.incall.core.callscope.callscopes.impl.CallScopesImpl.setLegacyPrimaryCallScope:295 Legacy primary call set as DialerCall_3
03-04 15:08:10.616 20799 20799 I DialerContactInfoCache: com.android.incallui.ContactInfoCache.findInfo:328 findInfo
03-04 15:08:10.617 20799 20848 I DialerCoalescedRowsDao: com.android.dialer.calllog.coalescer.CoalescedRowsDao.saveToFileForAllCalls:98 saveToFileForAllCalls
03-04 15:08:10.617 20799 20799 I DialerCallCardPresenter: com.android.incallui.CallCardPresenter.shouldShowLocation:731 shouldn't show location
03-04 15:08:10.617 20799 20799 I DialerInCallFragment: com.android.incallui.incall.impl.InCallFragment.setPrimary:667 primaryInfo: PrimaryInfo, number: *** **** ****, name: Redacted-13-chars, photo: null, photoType: 0
03-04 15:08:10.618 20799 20799 I DialerButtonChooserFactory: com.android.incallui.incall.impl.ButtonChooserFactory.newButtonChooser:69 voice network type: 16, isWiFi: false, isRttSupported: false
03-04 15:08:10.618 20799 20841 I DialerCoalescedRowsDao: com.android.dialer.calllog.coalescer.CoalescedRowsDao.save:159 start writing coalesced_rows_for_all_calls
03-04 15:08:10.618 20799 20799 I DialerButtonChooserFactory: com.android.incallui.incall.impl.ButtonChooserFactory.newButtonChooser:87 Using GsmButtonChooser
03-04 15:08:10.618 20799 20799 I DialerCallCardPresenter: com.android.incallui.CallCardPresenter.updatePrimaryDisplayInfo:705 UI not ready, not showing location or emergency panel
03-04 15:08:10.619 20799 20799 I DialerCallCardPresenter: com.android.incallui.CallCardPresenter.handleInCallStateChange:349 oldState: null, newState: OUTGOING
03-04 15:08:10.619 20799 20841 I DialerCoalescedRowsDao: com.android.dialer.calllog.coalescer.CoalescedRowsDao.save:164 finished writing coalesced_rows_for_all_calls
03-04 15:08:10.620 20799 20862 I DialerCoalescedRowsUpdatedNotifier: com.android.dialer.calllog.coalescer.CoalescedRowsUpdatedNotifier.notifyForCallLogAllCalls:57 notifyForCallLogAllCalls
03-04 15:08:10.620 20799 20799 I DialerLegacyCountryDetector: com.android.dialer.location.LegacyCountryDetector.getCurrentCountryIso:123 returning Redacted-2-chars
03-04 15:08:10.621 20799 20840 I DialerSystemCallLogUpdater: com.android.dialer.calllog.refresh.impl.SystemCallLogUpdater.getCallTypeUpdates:182 There are no system call log mutations
03-04 15:08:10.622 20799 20799 I DialerCallCardPresenter: com.android.incallui.CallCardPresenter.shouldShowLocation:731 shouldn't show location
03-04 15:08:10.622 20799 20799 I DialerInCallFragment: com.android.incallui.incall.impl.InCallFragment.setPrimary:667 primaryInfo: PrimaryInfo, number: *** **** ****, name: Redacted-13-chars, photo: null, photoType: 0
03-04 15:08:10.622 20799 20799 I DialerButtonChooserFactory: com.android.incallui.incall.impl.ButtonChooserFactory.newButtonChooser:69 voice network type: 16, isWiFi: false, isRttSupported: false
03-04 15:08:10.622 20799 20799 I DialerButtonChooserFactory: com.android.incallui.incall.impl.ButtonChooserFactory.newButtonChooser:87 Using GsmButtonChooser
03-04 15:08:10.622 20799 20838 I DialerLogcatLoggingBindings: com.android.dialer.logging.logcat.LogcatLoggingBindings.logImpression:41 Impression: ANNOTATED_CALL_LOG_FORCE_REFRESH_NO_CHANGES_NEEDED
03-04 15:08:10.623 20799 20799 I DialerCallCardPresenter: com.android.incallui.CallCardPresenter.updatePrimaryDisplayInfo:705 UI not ready, not showing location or emergency panel
03-04 15:08:10.623 20799 20799 I DialerContactInfoCache: com.android.incallui.ContactInfoCache.findInfo:328 findInfo
03-04 15:08:10.623 20799 20799 I DialerCallCardPresenter: com.android.incallui.CallCardPresenter.shouldShowLocation:731 shouldn't show location
03-04 15:08:10.624 20799 20799 I DialerInCallFragment: com.android.incallui.incall.impl.InCallFragment.setPrimary:667 primaryInfo: PrimaryInfo, number: *** **** ****, name: Redacted-13-chars, photo: null, photoType: 0
03-04 15:08:10.624 20799 20799 I DialerButtonChooserFactory: com.android.incallui.incall.impl.ButtonChooserFactory.newButtonChooser:69 voice network type: 16, isWiFi: false, isRttSupported: false
03-04 15:08:10.624 20799 20799 I DialerButtonChooserFactory: com.android.incallui.incall.impl.ButtonChooserFactory.newButtonChooser:87 Using GsmButtonChooser
03-04 15:08:10.624 20799 20799 I DialerCallCardPresenter: com.android.incallui.CallCardPresenter.updatePrimaryDisplayInfo:705 UI not ready, not showing location or emergency panel
03-04 15:08:10.626 20799 20840 I DialerSystemCallLogUpdater: com.android.dialer.calllog.refresh.impl.SystemCallLogUpdater.updateSystemCallLog:209 updated 0 rows
03-04 15:08:10.626 20799 20799 I DialerInCallFragment: com.android.incallui.incall.impl.InCallFragment.setCallState:718 primaryCallState: PrimaryCallState, state: DIALING
03-04 15:08:10.626 20799 20799 I DialerRttConfigurationCacheImpl: com.android.dialer.rtt.settings.impl.configuration.RttConfigurationCacheImpl.getCachedRttConfiguration:60 successfully fetched rtt configuration: UNSUPPORTED
03-04 15:08:10.627 20799 20799 I DialerInCallFragment: com.android.incallui.incall.impl.InCallFragment.setCallState:742 Atlas layout - config for a new call
03-04 15:08:10.627 20799 20799 I DialerInCallFragment: com.android.incallui.incall.impl.InCallFragment.configLayoutForAtlas:1149 Atlas layout - feature absent
03-04 15:08:10.627 20799 20799 I DialerButtonChooserFactory: com.android.incallui.incall.impl.ButtonChooserFactory.newButtonChooser:69 voice network type: 16, isWiFi: false, isRttSupported: false
03-04 15:08:10.627 20799 20799 I DialerButtonChooserFactory: com.android.incallui.incall.impl.ButtonChooserFactory.newButtonChooser:87 Using GsmButtonChooser
03-04 15:08:10.627 20799 20799 I DialerLegacyInCallActivityPeer: com.android.incallui.LegacyInCallActivityPeer.onPrimaryCallStateChanged:1534 enter
03-04 15:08:10.628 20799 20799 I DialerLegacyInCallActivityPeer: com.android.incallui.LegacyInCallActivityPeer.showMainInCallFragment:1658 already in method, bailing
03-04 15:08:10.628 20799 20799 I DialerButtonChooserFactory: com.android.incallui.incall.impl.ButtonChooserFactory.newButtonChooser:69 voice network type: 16, isWiFi: false, isRttSupported: false
03-04 15:08:10.628 20799 20799 I DialerButtonChooserFactory: com.android.incallui.incall.impl.ButtonChooserFactory.newButtonChooser:87 Using GsmButtonChooser
03-04 15:08:10.629 20799 20799 I DialerLegacyCountryDetector: com.android.dialer.location.LegacyCountryDetector.getCurrentPhysicalCountryIso:166 returning Redacted-2-chars
03-04 15:08:10.629 20799 20799 I DialerEmergencyVoiceAssistConstraints: com.android.dialer.emergencyvoiceassist.impl.EmergencyVoiceAssistConstraints.shouldEnableFeature:88 EmergencyVoiceAssist disabled by flag
03-04 15:08:10.629 20799 20799 I DialerCallCardPresenter: com.android.incallui.CallCardPresenter.onInCallScreenReady:217 onInCallScreenReady
03-04 15:08:10.630 20799 20799 I DialerCallCardPresenter: com.android.incallui.CallCardPresenter.shouldShowLocation:731 shouldn't show location
03-04 15:08:10.630 20799 20799 I DialerInCallFragment: com.android.incallui.incall.impl.InCallFragment.setPrimary:667 primaryInfo: PrimaryInfo, number: *** **** ****, name: Redacted-13-chars, photo: null, photoType: 0
03-04 15:08:10.630 20799 20799 I DialerButtonChooserFactory: com.android.incallui.incall.impl.ButtonChooserFactory.newButtonChooser:69 voice network type: 16, isWiFi: false, isRttSupported: false
03-04 15:08:10.630 20799 20799 I DialerButtonChooserFactory: com.android.incallui.incall.impl.ButtonChooserFactory.newButtonChooser:87 Using GsmButtonChooser
03-04 15:08:10.631 20799 20799 I DialerCallCardPresenter: com.android.incallui.CallCardPresenter.updatePrimaryDisplayInfo:705 UI not ready, not showing location or emergency panel
03-04 15:08:10.632 20799 20799 I DialerLegacyCountryDetector: com.android.dialer.location.LegacyCountryDetector.getCurrentPhysicalCountryIso:166 returning Redacted-2-chars
03-04 15:08:10.632 20799 20799 I DialerEmergencyVoiceAssistConstraints: com.android.dialer.emergencyvoiceassist.impl.EmergencyVoiceAssistConstraints.shouldEnableFeature:88 EmergencyVoiceAssist disabled by flag
03-04 15:08:10.632 20799 20799 I DialerCallCardPresenter: com.android.incallui.CallCardPresenter.maybeShowEmergencyPanel:769 emergency panel isPresent=false
03-04 15:08:10.632 20799 20799 I DialerCallCardPresenter: com.android.incallui.CallCardPresenter.shouldShowLocation:731 shouldn't show location
03-04 15:08:10.632 20799 20799 I DialerSupportUiListener: com.android.dialer.common.concurrent.SupportUiListener.create:83 creating new SupportUiListener for CallButtonPresenter.callAudio
03-04 15:08:10.633 20799 20799 I DialerSupportUiListener: com.android.dialer.common.concurrent.SupportUiListener.create:83 creating new SupportUiListener for CallButtonPresenter.playbackEnded
03-04 15:08:10.633 20799 20799 I DialerSupportUiListener: com.android.dialer.common.concurrent.SupportUiListener.create:83 creating new SupportUiListener for CallButtonPresenter.getCallRecordingDisclaimerAgreed
03-04 15:08:10.633 20799 20799 I DialerSupportUiListener: com.android.dialer.common.concurrent.SupportUiListener.create:83 creating new SupportUiListener for CallButtonPresenter.shouldShowAddPrompt
03-04 15:08:10.633 20799 20799 I DialerSupportUiListener: com.android.dialer.common.concurrent.SupportUiListener.create:83 creating new SupportUiListener for CallButtonPresenter.suppressRttMergeDialogResultListener
03-04 15:08:10.633 20799 20799 I DialerButtonChooserFactory: com.android.incallui.incall.impl.ButtonChooserFactory.newButtonChooser:69 voice network type: 16, isWiFi: false, isRttSupported: false
03-04 15:08:10.634 20799 20799 I DialerButtonChooserFactory: com.android.incallui.incall.impl.ButtonChooserFactory.newButtonChooser:87 Using GsmButtonChooser
03-04 15:08:10.634 20799 20799 I DialerInCallFragment: com.android.incallui.incall.impl.InCallFragment.setAudioState:849 audioState: [AudioState isMuted: false, route: EARPIECE, supportedRouteMask: EARPIECE, SPEAKER, activeBluetoothDevice: [null], supportedBluetoothDevices: []]
03-04 15:08:10.634 20799 20799 I DialerCallButtonPresenter: com.android.incallui.CallButtonPresenter.onStateChange:377 onStateChange
03-04 15:08:10.634 20799 20799 I DialerCallButtonPresenter: com.android.incallui.CallButtonPresenter.updateUi:1142 state: OUTGOING
03-04 15:08:10.634 20799 20799 I DialerCallButtonPresenter: 	call: [DialerCall_3, DIALING, [Capabilities: CAPABILITY_SUPPORT_HOLD CAPABILITY_MUTE CAPABILITY_CANNOT_DOWNGRADE_VIDEO_TO_AUDIO], [Properties:], children:[], parent:null, conferenceable:[], videoState:Audio Only, SessionModificationState:0, CameraDir:-1]
03-04 15:08:10.635 20799 20799 I DialerCallButtonPresenter: com.android.incallui.CallButtonPresenter.updateButtonsState:1170 call: [DialerCall_3, DIALING, [Capabilities: CAPABILITY_SUPPORT_HOLD CAPABILITY_MUTE CAPABILITY_CANNOT_DOWNGRADE_VIDEO_TO_AUDIO], [Properties:], children:[], parent:null, conferenceable:[], videoState:Audio Only, SessionModificationState:0, CameraDir:-1]
03-04 15:08:10.635 20799 20799 I DialerCallButtonPresenter: com.android.incallui.CallButtonPresenter.isAddCallAllowed:1508 can't add more calls
03-04 15:08:10.635 20799 20799 I DialerCallButtonPresenter: com.android.incallui.CallButtonPresenter.canShowMerge:1347 DialerCall has no CAPABILITY_MERGE_CONFERENCE
03-04 15:08:10.635 20799 20799 I DialerVideoStateCapability: com.android.incallui.video.VideoStateCapability.isReceptionAvailable:63 Video reception state supported
03-04 15:08:10.639 20799 20799 I DialerDialerCall: com.android.incallui.call.DialerCall.canUpgradeToRttCall:1570 phone account not RTT capable
03-04 15:08:10.639 20799 20799 I DialerCallButtonPresenter: com.android.incallui.CallButtonPresenter.updateButtonsState:1270 showUpgradetoRtt:false - isRttSettingOnByUser:false - featurePresent:true - canUpgradeToRttCall:false - callState:DIALING - allowUpgrade: true - wasVideoCall:false
03-04 15:08:10.640 20799 20799 I DialerLocaleProvider: com.android.dialer.callrecording.impl.localeprovider.LocaleProvider.getSupportedLocaleFromCountryCode:163 builtInAudio - unsupported country: CN
03-04 15:08:10.640 20799 20799 I DialerLocaleProvider: com.android.dialer.callrecording.impl.localeprovider.LocaleProvider.getSupportedLocaleFromCountryCode:163 supported - unsupported country: CN
03-04 15:08:10.640 20799 20799 I DialerCanRecord: com.android.dialer.callrecording.impl.canrecord.CanRecord.canRecordCall:70 Call recording is disabled in the current country
03-04 15:08:10.640 20799 20799 I DialerButtonChooserFactory: com.android.incallui.incall.impl.ButtonChooserFactory.newButtonChooser:69 voice network type: 16, isWiFi: false, isRttSupported: false
03-04 15:08:10.640 20799 20799 I DialerButtonChooserFactory: com.android.incallui.incall.impl.ButtonChooserFactory.newButtonChooser:87 Using GsmButtonChooser
03-04 15:08:10.641 20799 20799 I DialerLocaleProvider: com.android.dialer.callrecording.impl.localeprovider.LocaleProvider.getSupportedLocaleFromCountryCode:163 builtInAudio - unsupported country: CN
03-04 15:08:10.641 20799 20799 I DialerLocaleProvider: com.android.dialer.callrecording.impl.localeprovider.LocaleProvider.getSupportedLocaleFromCountryCode:163 supported - unsupported country: CN
03-04 15:08:10.641 20799 20799 I DialerCanRecord: com.android.dialer.callrecording.impl.canrecord.CanRecord.canRecordCall:70 Call recording is disabled in the current country
03-04 15:08:10.641 20799 20799 I DialerButtonChooserFactory: com.android.incallui.incall.impl.ButtonChooserFactory.newButtonChooser:69 voice network type: 16, isWiFi: false, isRttSupported: false
03-04 15:08:10.641 20799 20799 I DialerButtonChooserFactory: com.android.incallui.incall.impl.ButtonChooserFactory.newButtonChooser:87 Using GsmButtonChooser
03-04 15:08:10.648 20799 20799 I DialerContactGridSubscriber: com.android.dialer.incall.contactgrid.ContactGridSubscriber.lambda$updateBottomRow$40:613 updating to 0 icons with color scheme: UNKNOWN
03-04 15:08:10.651 20799 20799 I DialerInCallPresenter: com.android.incallui.InCallPresenter.updateActivity:623 updateActivity
03-04 15:08:10.651 20799 20799 I DialerInCallPresenter: com.android.incallui.InCallPresenter.updateActivity:631 UI Initialized
