03-05 20:02:59.752   461   947 I Telecom : CallAudioRouteStateMachine: Ignoring speakerphone request -- already true: TSI.pC->CM.fOCP->CM.sOCPA->CM.dSMCP->CM.dSPA->CM.pASP->CAMSM.pM_2001->CARSM.pM_SWITCH_FOCUS@BAo
03-05 20:02:59.753   461   947 I Telecom : CallAudioRouteStateMachine: setSystemAudioState: changing from [AudioState isMuted: false, route: SPEAKER, supportedRouteMask: SPEAKER, activeBluetoothDevice: [null], supportedBluetoothDevices: []] to [AudioState isMuted: false, route: SPEAKER, supportedRouteMask: SPEAKER, activeBluetoothDevice: [null], supportedBluetoothDevices: []]: TSI.pC->CM.fOCP->CM.sOCPA->CM.dSMCP->CM.dSPA->CM.pASP->CAMSM.pM_2001->CARSM.pM_SWITCH_FOCUS@BAo
03-05 20:02:59.754   269   307 D goldfish-address-space: allocate: Ask for block of size 0x7e9000
03-05 20:02:59.754   269   307 D goldfish-address-space: allocate: ioctl allocate returned offset 0x3f815c000 size 0x7ea000
03-05 20:02:59.787   461   486 I wm_activity_launch_time: [0,71052193,com.android.dialer/com.android.incallui.InCallActivity,389]
03-05 20:02:59.788   461   461 W Looper  : Slow dispatch took 508ms main h=android.os.Handler c=android.telecom.Logging.Runnable$1@3962514 m=0
03-05 20:02:59.791   850  1076 D PhoneFactory: getPhone:- phoneId != DEFAULT_PHONE_ID return sPhones[phoneId] phoneId=0 phone=Handler (com.android.internal.telephony.GsmCdmaPhone) {84d053}
03-05 20:02:59.791   850  1076 D SubscriptionController: [getSubId]+ slotIndex=0
03-05 20:02:59.792   850  1076 D SubscriptionController: [getSubId]- subIdArr=[I@1250926
03-05 20:02:59.792   850  1076 D PhoneFactory: getPhone:- phoneId != DEFAULT_PHONE_ID return sPhones[phoneId] phoneId=0 phone=Handler (com.android.internal.telephony.GsmCdmaPhone) {84d053}
03-05 20:02:59.794   461  1485 I service_manager_stats: [100,107,16896]
03-05 20:02:59.794   850  1076 D PhoneFactory: getPhone:- phoneId != DEFAULT_PHONE_ID return sPhones[phoneId] phoneId=0 phone=Handler (com.android.internal.telephony.GsmCdmaPhone) {84d053}
03-05 20:02:59.794   850  1076 D SubscriptionController: [getSubId]+ slotIndex=0
03-05 20:02:59.794   850  1076 D SubscriptionController: [getSubId]- subIdArr=[I@ef2a967
03-05 20:02:59.794   850  1076 D PhoneFactory: getPhone:- phoneId != DEFAULT_PHONE_ID return sPhones[phoneId] phoneId=0 phone=Handler (com.android.internal.telephony.GsmCdmaPhone) {84d053}
03-05 20:02:59.805  1222  1240 I service_manager_slow: [105,telecom]
03-05 20:02:59.806   461   461 W Looper  : Slow delivery took 468ms main h=android.telecom.CallerInfoAsyncQuery$CallerInfoAsyncQueryHandler c=null m=0
03-05 20:02:59.816   461  1201 V InputMethodManagerService: startInputOrWindowGainedFocusInternalLocked: reason=WINDOW_FOCUS_GAIN client=android.os.BinderProxy@58c8492 inputContext=null missingMethods= attribute=android.view.inputmethod.EditorInfo@d6753b2 startInputFlags=VIEW_HAS_FOCUS|INITIAL_CONNECTION softInputMode=STATE_UNSPECIFIED|ADJUST_RESIZE|IS_FORWARD_NAVIGATION windowFlags=#81b98100 unverifiedTargetSdkVersion=28
03-05 20:02:59.816   461  1201 V InputMethodManagerService: IME PreRendering MASTER flag: false, LowRam: false
03-05 20:02:59.816   461  1201 V InputMethodManagerService: Unspecified window will hide input
03-05 20:02:59.819   461  1201 D PowerManagerService: releaseWakeLockInternal: lock=180970848 [*launch*], flags=0x0
03-05 20:02:59.820   461  1201 D PowerManagerService: updateWakeLockSummaryLocked: mWakefulness=Awake, mWakeLockSummary=0x11
03-05 20:02:59.820   461  1201 D PowerManagerService: updateUserActivitySummaryLocked: mWakefulness=Awake, mUserActivitySummary=0x1, nextTimeout=2147682522 (in 2147475932 ms)
03-05 20:02:59.820   461  1201 D PowerManagerService: updateDisplayPowerStateLocked: mDisplayReady=true, policy=3, mWakefulness=1, mWakeLockSummary=0x11, mUserActivitySummary=0x1, mBootCompleted=true, screenBrightnessOverride=NaN, useAutoBrightness=false, mScreenBrightnessBoostInProgress=false, mIsVrModeEnabled= false, sQuiescent=false
03-05 20:02:59.820   461  1201 I wm_stop_activity: [0,93312071,com.android.dialer/.main.impl.MainActivity]
03-05 20:02:59.826  1251  1251 I Dialer  : PermissionsUtil.unregisterPermissionReceiver
03-05 20:02:59.826  1251  1251 I Dialer  : CallLogFragment.onStop - enter
03-05 20:02:59.827  1251  1251 I Dialer  : DialpadFragment.onStop - enter
03-05 20:02:59.831  1251  1251 I Dialer  : CallLogNotificationsService.cancelAllMissedCalls - enter
03-05 20:02:59.831  1251  1251 I wm_on_stop_called: [93312071,com.android.dialer.main.impl.MainActivity,STOP_ACTIVITY_ITEM]
03-05 20:02:59.832  1251  1251 I Dialer  : CallLogAdapter.onSaveInstanceState - saved: 0, selectedItemsSize:0
03-05 20:02:59.833  1251  1944 I Dialer  : CallLogNotificationsService.cancelAllMissedCallsBackground - enter
03-05 20:02:59.835   461   803 D AppOps  : noteOperation: allowing code 7 uid 10066 package com.android.providers.userdictionary
03-05 20:02:59.836   461   803 D AppOps  : noteOperation: allowing code 7 uid 10104 package com.android.dialer
03-05 20:02:59.836   461   803 D AppOps  : noteOperation: allowing code 7 uid 10066 package com.android.providers.userdictionary
03-05 20:02:59.836   461   803 D AppOps  : noteOperation: allowing code 7 uid 10104 package com.android.dialer
03-05 20:02:59.847   461   803 D AppOps  : noteOperation: allowing code 7 uid 10066 package com.android.providers.userdictionary
03-05 20:02:59.847   461   803 D AppOps  : noteOperation: allowing code 7 uid 10104 package com.android.dialer
03-05 20:02:59.848   461  1201 D AppOps  : noteOperation: allowing code 7 uid 10066 package com.android.providers.userdictionary
03-05 20:02:59.848   461  1201 D AppOps  : noteOperation: allowing code 7 uid 10104 package com.android.dialer
03-05 20:02:59.849   461   461 I Telecom : InCallController: onConnected to ComponentInfo{com.android.dialer/com.android.incallui.InCallServiceImpl}: ICSBC.oSC(cad)@BA0
03-05 20:02:59.849   461   461 I Telecom : InCallController: trackCallingUserInterfaceStarted: com.android.dialer is now calling UX.: ICSBC.oSC(cad)@BA0
03-05 20:02:59.849   461   486 I ActivityTaskManager: Displayed com.android.dialer/com.android.incallui.InCallActivity: +389ms
03-05 20:02:59.850   461   486 D UsageStatsService: User[0] Got usage event for com.android.dialer[206616]: ACTIVITY_STOPPED
03-05 20:02:59.850   461   461 I Telecom : InCallController: Adding 1 calls to InCallService after onConnected: ComponentInfo{com.android.dialer/com.android.incallui.InCallServiceImpl}, including external calls: ICSBC.oSC(cad)@BA0
03-05 20:02:59.850   461   461 D AppOps  : startOperation: allowing code 100 uid 1000 package com.android.server.telecom
03-05 20:02:59.852   850  1529 D SubscriptionController: [getDefaultVoiceSubId] subId=1
03-05 20:02:59.852   850  1529 D SubscriptionController: [getDefaultSubId] isVoiceCapable subId=1
03-05 20:02:59.852   850  1529 D SubscriptionController: [isActiveSubId]- true
03-05 20:02:59.852   850  1529 V SubscriptionController: [getDefaultSubId]- value = 1
03-05 20:02:59.852   850  1529 D SubscriptionController: [getSubId]+ slotIndex=0
03-05 20:02:59.852   850  1529 D SubscriptionController: [getSubId]- subIdArr=[I@999b314
03-05 20:02:59.854  1251  1251 I Dialer  : ImsVideoCall.isAvailable - null video call
03-05 20:02:59.854   850  1529 D SubscriptionController: [getDefaultVoiceSubId] subId=1
03-05 20:02:59.854  1251  1251 D SubscriptionManager: getDefaultVoiceSubscriptionId, sub id = 1
03-05 20:02:59.865   850  1076 D SubscriptionController: [getDefaultVoiceSubId] subId=1
03-05 20:02:59.865   850  1076 D SubscriptionController: [getDefaultSubId] isVoiceCapable subId=1
03-05 20:02:59.866   850  1076 D SubscriptionController: [isActiveSubId]- true
03-05 20:02:59.866   850  1076 V SubscriptionController: [getDefaultSubId]- value = 1
03-05 20:02:59.866   850  1076 D SubscriptionController: [getPhoneId] subId=1
03-05 20:02:59.866   850  1076 D SubscriptionController: [getPhoneId]- found subId=1 phoneId=0
03-05 20:02:59.866   850  1076 D PhoneFactory: getPhone:- phoneId != DEFAULT_PHONE_ID return sPhones[phoneId] phoneId=0 phone=Handler (com.android.internal.telephony.GsmCdmaPhone) {84d053}
03-05 20:02:59.866   850  1076 D SubscriptionController: [getSubId]+ slotIndex=0
03-05 20:02:59.866   850  1076 D SubscriptionController: [getSubId]- subIdArr=[I@7987bd
03-05 20:02:59.867   850  1076 D SubscriptionController: [getSlotIndex] subId=1
03-05 20:02:59.867   850  1076 V SubscriptionController: [getSlotIndex]- return = 0
03-05 20:02:59.867   850  1076 D EmergencyNumberTracker: slotId:0 country:us emergencyNumbers: 
03-05 20:02:59.867   850  1076 D EmergencyNumberTracker: System property doesn't provide any emergency numbers. Use embedded logic for determining ones.
03-05 20:02:59.875   461   461 I Telecom : InCallController: 1 calls sent to InCallService.: ICSBC.oSC(cad)@BA0
03-05 20:02:59.877   850  1529 D SubscriptionController: [getDefaultVoiceSubId] subId=1
03-05 20:02:59.877   850  1529 D SubscriptionController: [getDefaultSubId] isVoiceCapable subId=1
03-05 20:02:59.877   850  1529 D SubscriptionController: [isActiveSubId]- true
03-05 20:02:59.877   850  1529 V SubscriptionController: [getDefaultSubId]- value = 1
03-05 20:02:59.877   850  1529 D SubscriptionController: [getSubId]+ slotIndex=0
03-05 20:02:59.877   850  1529 D SubscriptionController: [getSubId]- subIdArr=[I@44891b2
03-05 20:02:59.888   850  1077 D PhoneFactory: getPhone:- phoneId != DEFAULT_PHONE_ID return sPhones[phoneId] phoneId=0 phone=Handler (com.android.internal.telephony.GsmCdmaPhone) {84d053}
03-05 20:02:59.888   850  1077 D SubscriptionController: [getSubId]+ slotIndex=0
03-05 20:02:59.888   850  1077 D SubscriptionController: [getSubId]- subIdArr=[I@f67503
03-05 20:02:59.891   850  1077 D PhoneFactory: getPhone:- phoneId != DEFAULT_PHONE_ID return sPhones[phoneId] phoneId=0 phone=Handler (com.android.internal.telephony.GsmCdmaPhone) {84d053}
03-05 20:02:59.895  1251  1251 I Dialer  : ImsVideoCall.isAvailable - null video call
03-05 20:02:59.895  1251  1251 I Dialer  : CallList.onUpdateCall - [DialerCall_3, CONNECTING, [Capabilities:], [Properties:], children:[], parent:null, conferenceable:[], videoState:Audio Only, mSessionModificationState:0, CameraDir:-1]
03-05 20:02:59.895  1251  1251 I Dialer  : InCallPresenter.onCallListChange - Phone switching state: PENDING_OUTGOING -> PENDING_OUTGOING
03-05 20:02:59.898  1251  1251 I Dialer  : VideoPauseController.onStateChange - hasPrimaryCallChanged: true, videoCanPause: false, isInBackground: false
03-05 20:02:59.899  1251  1251 I Dialer  : VideoPauseController.onPrimaryCallChanged - new call: [DialerCall_3, CONNECTING, [Capabilities:], [Properties:], children:[], parent:null, conferenceable:[], videoState:Audio Only, mSessionModificationState:0, CameraDir:-1], old call: null, mIsInBackground: false
03-05 20:02:59.901   850  1076 D SubscriptionController: [getDefaultVoiceSubId] subId=1
03-05 20:02:59.901   850  1076 D SubscriptionController: [getDefaultSubId] isVoiceCapable subId=1
03-05 20:02:59.902   850  1076 D SubscriptionController: [isActiveSubId]- true
03-05 20:02:59.902   850  1076 V SubscriptionController: [getDefaultSubId]- value = 1
03-05 20:02:59.902   850  1076 D SubscriptionController: [getSubId]+ slotIndex=0
03-05 20:02:59.902   850  1076 D SubscriptionController: [getSubId]- subIdArr=[I@3e8ec80
03-05 20:02:59.903   850  1076 D SubscriptionController: [getSubId]+ slotIndex=0
03-05 20:02:59.903   850  1076 D SubscriptionController: [getSubId]- subIdArr=[I@d3be2b9
03-05 20:02:59.903   850  1076 D PhoneFactory: getPhone:- phoneId != DEFAULT_PHONE_ID return sPhones[phoneId] phoneId=0 phone=Handler (com.android.internal.telephony.GsmCdmaPhone) {84d053}
03-05 20:02:59.905  1251  1251 I Dialer  : CallCardPresenter.getLocationFragment - shouldn't show location
03-05 20:02:59.905  1251  1251 I Dialer  : InCallFragment.setPrimary - PrimaryInfo, number: (***) ***-****, name: Redacted-14-chars, location: null, label: null, photo: null, photoType: 0, isPhotoVisible: true, MultimediaData: null
03-05 20:02:59.909  1251  1251 I Dialer  : CallCardPresenter.getLocationFragment - shouldn't show location
03-05 20:02:59.910   850  1076 D SubscriptionController: [getDefaultVoiceSubId] subId=1
03-05 20:02:59.910   850  1076 D SubscriptionController: [getDefaultSubId] isVoiceCapable subId=1
03-05 20:02:59.910   850  1076 D SubscriptionController: [isActiveSubId]- true
03-05 20:02:59.910   850  1076 V SubscriptionController: [getDefaultSubId]- value = 1
03-05 20:02:59.910   850  1076 D SubscriptionController: [getSubId]+ slotIndex=0
03-05 20:02:59.910   850  1076 D SubscriptionController: [getSubId]- subIdArr=[I@5aa16fe
03-05 20:02:59.911   850  1076 D SubscriptionController: [getSubId]+ slotIndex=0
03-05 20:02:59.911   850  1076 D SubscriptionController: [getSubId]- subIdArr=[I@2e15e5f
03-05 20:02:59.911   850  1076 D PhoneFactory: getPhone:- phoneId != DEFAULT_PHONE_ID return sPhones[phoneId] phoneId=0 phone=Handler (com.android.internal.telephony.GsmCdmaPhone) {84d053}
03-05 20:02:59.914   850  1076 D SubscriptionController: [getDefaultVoiceSubId] subId=1
03-05 20:02:59.915  1251  1251 D SubscriptionManager: getDefaultVoiceSubscriptionId, sub id = 1
03-05 20:02:59.915   850  1076 D SubscriptionController: [getDefaultVoiceSubId] subId=1
03-05 20:02:59.915   850  1076 D SubscriptionController: [getDefaultSubId] isVoiceCapable subId=1
03-05 20:02:59.915   850  1076 D SubscriptionController: [isActiveSubId]- true
03-05 20:02:59.915   850  1076 V SubscriptionController: [getDefaultSubId]- value = 1
03-05 20:02:59.915   850  1076 D SubscriptionController: [getPhoneId] subId=1
03-05 20:02:59.915   850  1076 D SubscriptionController: [getPhoneId]- found subId=1 phoneId=0
03-05 20:02:59.915   850  1076 D PhoneFactory: getPhone:- phoneId != DEFAULT_PHONE_ID return sPhones[phoneId] phoneId=0 phone=Handler (com.android.internal.telephony.GsmCdmaPhone) {84d053}
03-05 20:02:59.915   850  1076 D SubscriptionController: [getSubId]+ slotIndex=0
03-05 20:02:59.916   850  1076 D SubscriptionController: [getSubId]- subIdArr=[I@13050ac
03-05 20:02:59.916   850  1076 D SubscriptionController: [getSlotIndex] subId=1
03-05 20:02:59.916   850  1076 V SubscriptionController: [getSlotIndex]- return = 0
03-05 20:02:59.916   850  1076 D EmergencyNumberTracker: slotId:0 country:us emergencyNumbers: 
03-05 20:02:59.916   850  1076 D EmergencyNumberTracker: System property doesn't provide any emergency numbers. Use embedded logic for determining ones.
03-05 20:02:59.917  1251  1251 I Dialer  : CallCardPresenter.getLocationFragment - shouldn't show location
03-05 20:02:59.917  1251  1251 I Dialer  : InCallFragment.setPrimary - PrimaryInfo, number: (***) ***-****, name: Redacted-14-chars, location: null, label: null, photo: null, photoType: 0, isPhotoVisible: true, MultimediaData: null
03-05 20:02:59.918  1251  1251 I Dialer  : CallCardPresenter.getLocationFragment - shouldn't show location
03-05 20:02:59.920   461  1201 D AppOps  : noteOperation: allowing code 4 uid 10066 package com.android.providers.userdictionary
03-05 20:02:59.920   461  1201 D AppOps  : noteOperation: allowing code 4 uid 10104 package com.android.dialer
03-05 20:02:59.921   461  1201 D AppOps  : noteOperation: allowing code 4 uid 10066 package com.android.providers.userdictionary
03-05 20:02:59.921   461  1201 D AppOps  : noteOperation: allowing code 4 uid 10104 package com.android.dialer
03-05 20:02:59.926   850  1076 D SubscriptionController: [getDefaultVoiceSubId] subId=1
03-05 20:02:59.926   850  1076 D SubscriptionController: [getDefaultSubId] isVoiceCapable subId=1
03-05 20:02:59.926   850  1076 D SubscriptionController: [isActiveSubId]- true
03-05 20:02:59.926   850  1076 V SubscriptionController: [getDefaultSubId]- value = 1
03-05 20:02:59.926   850  1076 D SubscriptionController: [getSubId]+ slotIndex=0
03-05 20:02:59.926   850  1076 D SubscriptionController: [getSubId]- subIdArr=[I@b2ef175
03-05 20:02:59.927  1251  1251 I Dialer  : InCallFragment.setCallState - PrimaryCallState, state: 13, connectionLabel: 
03-05 20:02:59.928  1251  1251 I Dialer  : InCallActivity.showMainInCallFragment - shouldShowAnswerUi: false, shouldShowRttUi: false, shouldShowVideoUi: false, shouldShowSpeakEasyUi: false, didShowAnswerScreen: false, didShowInCallScreen: true, didShowRttCallScreen: false, didShowVideoCallScreen: false, didShowSpeakEasyScreen: false
03-05 20:02:59.929  1251  1251 I Dialer  : ReturnToCallController.hide - hide() called without calling show()
03-05 20:02:59.929  1251  1251 I Dialer  : InCallPresenter.setBoundAndWaitingForOutgoingCall - setBoundAndWaitingForOutgoingCall: false
03-05 20:02:59.929  1251  1251 I Dialer  : ProximitySensor.updateProximitySensorMode - screenOnImmediately: true, dialPadVisible: false, offHook: true, horizontal: false, uiShowing: true, audioRoute: SPEAKER
03-05 20:02:59.929  1251  1251 I Dialer  : ProximitySensor.turnOffProximitySensor - releasing wake lock
03-05 20:02:59.930   461   518 D PowerManagerService: releaseWakeLockInternal: lock=185478775 [ProximitySensor], flags=0x0
03-05 20:02:59.930   461   518 D PowerManagerService: updateWakeLockSummaryLocked: mWakefulness=Awake, mWakeLockSummary=0x1
03-05 20:02:59.930   461   518 D PowerManagerService: updateUserActivitySummaryLocked: mWakefulness=Awake, mUserActivitySummary=0x1, nextTimeout=2147682522 (in 2147475821 ms)
03-05 20:02:59.930   461   518 D PowerManagerService: updateDisplayPowerStateLocked: mDisplayReady=false, policy=3, mWakefulness=1, mWakeLockSummary=0x1, mUserActivitySummary=0x1, mBootCompleted=true, screenBrightnessOverride=NaN, useAutoBrightness=false, mScreenBrightnessBoostInProgress=false, mIsVrModeEnabled= false, sQuiescent=false
03-05 20:02:59.932   461   500 D PowerManagerService: updateDisplayPowerStateLocked: mDisplayReady=true, policy=3, mWakefulness=1, mWakeLockSummary=0x1, mUserActivitySummary=0x1, mBootCompleted=true, screenBrightnessOverride=NaN, useAutoBrightness=false, mScreenBrightnessBoostInProgress=false, mIsVrModeEnabled= false, sQuiescent=false
03-05 20:02:59.935  1251  1251 I Dialer  : ReturnToCallController.hide - hide() called without calling show()
03-05 20:02:59.935  1251  1251 I Dialer  : InCallFragment.setAudioState - audioState: [AudioState isMuted: false, route: SPEAKER, supportedRouteMask: SPEAKER, activeBluetoothDevice: [null], supportedBluetoothDevices: []]
03-05 20:02:59.948   461   518 D InputMethodManagerService: --- calledFromForegroundUserOrSystemProcess ? calling uid = 10104 system uid = 1000 calling userId = 0, foreground user id = 0, calling pid = 0com.android.server.inputmethod.InputMethodManagerService.reportPerceptible(InputMethodManagerService.java:3167)
03-05 20:02:59.948   461   518 D InputMethodManagerService: IME window vis: 0 active: 0 inv: 0 displayId: 0
03-05 20:02:59.988   461   461 W Looper  : Slow dispatch took 181ms main h=android.app.ActivityThread$H c=android.app.LoadedApk$ServiceDispatcher$RunConnection@3599d98 m=0
03-05 20:02:59.988   461   461 D MediaSessionService: Global priority session is updated, active=true
03-05 20:02:59.992   604   604 I AvrcpMediaPlayerList: onMediaKeyEventSessionChanged: token=com.android.server.telecom
03-05 20:02:59.992   604   604 W AvrcpMediaPlayerList: com.android.server.telecom is already the active player
03-05 20:03:00.000   461   545 D PowerManagerService: acquireWakeLockInternal: lock=157547997, flags=0x1, tag="*alarm*", ws=WorkSource{1000}, uid=1000, pid=461
03-05 20:03:00.000   461   545 D PowerManagerService: updateWakeLockSummaryLocked: mWakefulness=Awake, mWakeLockSummary=0x1
03-05 20:03:00.000   461   545 D PowerManagerService: updateUserActivitySummaryLocked: mWakefulness=Awake, mUserActivitySummary=0x1, nextTimeout=2147682522 (in 2147475752 ms)
03-05 20:03:00.000   461   545 D PowerManagerService: updateDisplayPowerStateLocked: mDisplayReady=true, policy=3, mWakefulness=1, mWakeLockSummary=0x1, mUserActivitySummary=0x1, mBootCompleted=true, screenBrightnessOverride=NaN, useAutoBrightness=false, mScreenBrightnessBoostInProgress=false, mIsVrModeEnabled= false, sQuiescent=false
03-05 20:03:00.004   850  1529 D SubscriptionController: [getDefaultVoiceSubId] subId=1
03-05 20:03:00.004   461   461 D SubscriptionManager: getDefaultVoiceSubscriptionId, sub id = 1
03-05 20:03:00.018   461  1201 D AppOps  : noteOperation: allowing code 4 uid 10066 package com.android.providers.userdictionary
03-05 20:03:00.019   461  1201 D AppOps  : noteOperation: allowing code 4 uid 10104 package com.android.dialer
03-05 20:03:00.019   461   461 I service_manager_slow: [14,phone]
03-05 20:03:00.019   850  1529 D SubscriptionController: [getDefaultVoiceSubId] subId=1
03-05 20:03:00.020   850  1529 D SubscriptionController: [getDefaultSubId] isVoiceCapable subId=1
03-05 20:03:00.020   850  1529 D SubscriptionController: [isActiveSubId]- true
03-05 20:03:00.020   850  1529 V SubscriptionController: [getDefaultSubId]- value = 1
03-05 20:03:00.020   850  1529 D SubscriptionController: [getPhoneId] subId=1
03-05 20:03:00.020   850  1529 D SubscriptionController: [getPhoneId]- found subId=1 phoneId=0
03-05 20:03:00.020   850  1529 D PhoneFactory: getPhone:- phoneId != DEFAULT_PHONE_ID return sPhones[phoneId] phoneId=0 phone=Handler (com.android.internal.telephony.GsmCdmaPhone) {84d053}
03-05 20:03:00.020   850  1529 D SubscriptionController: [getSubId]+ slotIndex=0
03-05 20:03:00.020   850  1529 D SubscriptionController: [getSubId]- subIdArr=[I@60ca50a
03-05 20:03:00.020   850  1529 D SubscriptionController: [getSlotIndex] subId=1
03-05 20:03:00.020   850  1529 V SubscriptionController: [getSlotIndex]- return = 0
03-05 20:03:00.020   850  1529 D EmergencyNumberTracker: slotId:0 country:us emergencyNumbers: 
03-05 20:03:00.020   850  1529 D EmergencyNumberTracker: System property doesn't provide any emergency numbers. Use embedded logic for determining ones.
03-05 20:03:00.021   461   461 D AppOps  : noteOperation: allowing code 54 uid 10104 package com.android.dialer
03-05 20:03:00.041   461   518 D AppOps  : noteOperation: allowing code 4 uid 10066 package com.android.providers.userdictionary
03-05 20:03:00.041   461   518 D AppOps  : noteOperation: allowing code 4 uid 10104 package com.android.dialer
03-05 20:03:00.041   461   803 D AppOps  : noteOperation: allowing code 4 uid 10066 package com.android.providers.userdictionary
03-05 20:03:00.041   461   803 D AppOps  : noteOperation: allowing code 4 uid 10104 package com.android.dialer
03-05 20:03:00.043   461  1201 D AppOps  : noteOperation: allowing code 4 uid 10066 package com.android.providers.userdictionary
03-05 20:03:00.043   461  1201 D AppOps  : noteOperation: allowing code 4 uid 10104 package com.android.dialer
03-05 20:03:00.065  1251  1251 I Dialer  : CallCardPresenter.getLocationFragment - shouldn't show location
03-05 20:03:00.065  1251  1251 I Dialer  : InCallFragment.setPrimary - PrimaryInfo, number: (***) ***-****, name: Redacted-14-chars, location: Redacted-10-chars, label: null, photo: null, photoType: 0, isPhotoVisible: true, MultimediaData: null
03-05 20:03:00.067  1251  1251 I Dialer  : CallCardPresenter.getLocationFragment - shouldn't show location
03-05 20:03:00.081   461   461 D PowerManagerService: releaseWakeLockInternal: lock=157547997 [*alarm*], flags=0x0
03-05 20:03:00.081   461   461 D PowerManagerService: updateWakeLockSummaryLocked: mWakefulness=Awake, mWakeLockSummary=0x1
03-05 20:03:00.081   461   461 D PowerManagerService: updateUserActivitySummaryLocked: mWakefulness=Awake, mUserActivitySummary=0x1, nextTimeout=2147682522 (in 2147475670 ms)
03-05 20:03:00.081   461   461 D PowerManagerService: updateDisplayPowerStateLocked: mDisplayReady=true, policy=3, mWakefulness=1, mWakeLockSummary=0x1, mUserActivitySummary=0x1, mBootCompleted=true, screenBrightnessOverride=NaN, useAutoBrightness=false, mScreenBrightnessBoostInProgress=false, mIsVrModeEnabled= false, sQuiescent=false
03-05 20:03:00.083   604   604 V AvrcpMediaPlayerList: onActiveSessionsChanged: number of controllers: 1
03-05 20:03:00.083   604   604 D AvrcpMediaPlayerList: onActiveSessionsChanged: controller: com.android.server.telecom
03-05 20:03:00.083   604   604 D AvrcpMediaPlayerList: Already have a controller for the player: com.android.server.telecom, updating instead
03-05 20:03:00.084   604   604 D AvrcpMediaPlayerList: sendMediaUpdate
03-05 20:03:00.084   604   604 I AvrcpMediaPlayerList: sendMediaUpdate: Creating a one item queue for a player with no queue
03-05 20:03:00.084   604   604 D AvrcpMediaPlayerList: sendMediaUpdate state=null
03-05 20:03:00.084   604   604 D AvrcpTargetService: onMediaUpdated: track_changed=false state=false queue=false
03-05 20:03:00.084   604   604 D AvrcpNativeInterface: sendMediaUpdate: metadata=false playStatus=false queue=false
03-05 20:03:00.085   604   604 D AvrcpTargetJni: sendMediaUpdateNative
03-05 20:03:00.085   604   604 I bt_stack: [INFO:avrcp_service.cc(346)] virtual void bluetooth::avrcp::AvrcpService::SendMediaUpdate(bool, bool, bool) track_changed=0 :  play_state=0 :  queue=0
03-05 20:03:00.088   461   461 I Telecom : CallerInfoLookupHelper: CI query for handle tel:********12 has completed; notifying all listeners.: TSI.pC->CILH.sL->CILH.oQC@BAo
03-05 20:03:00.088   461   461 I Telecom : Call: CallerInfo received for tel:********12: android.telecom.CallerInfo@7b211bd { name null, phoneNumber non-null }: TSI.pC->CILH.sL->CILH.oQC@BAo
03-05 20:03:00.090   461   461 I Telecom : CallerInfoLookupHelper: There is no photo for this contact, skipping photo query: TSI.pC->CILH.sL->CILH.oQC@BAo
03-05 20:03:00.090   461   461 W Looper  : Drained
03-05 20:03:00.091   461   461 I Telecom : CallsManager: Outgoing caller ID complete: TSI.pC->CILH.sL->CILH.oQC->CM.pCSB@BAo
03-05 20:03:00.116   461   461 I Telecom : NewOutgoingCallBroadcastIntentReceiver: Received new-outgoing-call-broadcast for [Call id=TC@4, state=CONNECTING, tpac=ComponentInfo{com.android.phone/com.android.services.telephony.TelephonyConnectionService}, ***, UserHandle{0}, cmgr=null, handle=tel:********12, vidst=A, childs(0), has_parent(false), cap=[], prop=[]] with data ***: NOCBIR.oR@BBc
03-05 20:03:00.116   850  1529 D SubscriptionController: [getDefaultVoiceSubId] subId=1
03-05 20:03:00.116   850  1529 D SubscriptionController: [getDefaultSubId] isVoiceCapable subId=1
03-05 20:03:00.116   850  1529 D SubscriptionController: [isActiveSubId]- true
03-05 20:03:00.116   850  1529 V SubscriptionController: [getDefaultSubId]- value = 1
03-05 20:03:00.117   850  1529 D SubscriptionController: [getPhoneId] subId=1
03-05 20:03:00.117   850  1529 D SubscriptionController: [getPhoneId]- found subId=1 phoneId=0
03-05 20:03:00.117   850  1529 D PhoneFactory: getPhone:- phoneId != DEFAULT_PHONE_ID return sPhones[phoneId] phoneId=0 phone=Handler (com.android.internal.telephony.GsmCdmaPhone) {84d053}
03-05 20:03:00.117   850  1529 D SubscriptionController: [getSubId]+ slotIndex=0
03-05 20:03:00.117   850  1529 D SubscriptionController: [getSubId]- subIdArr=[I@d67817b
03-05 20:03:00.117   850  1529 D SubscriptionController: [getSubId]+ slotIndex=0
03-05 20:03:00.117   850  1529 D SubscriptionController: [getSubId]- subIdArr=[I@ea7cb98
03-05 20:03:00.117   850  1529 D SubscriptionController: [getSlotIndex] subId=1
03-05 20:03:00.117   850  1529 V SubscriptionController: [getSlotIndex]- return = 0
03-05 20:03:00.117   850  1529 D EmergencyNumberTracker: slotId:0 country:us emergencyNumbers: 
03-05 20:03:00.117   850  1529 D EmergencyNumberTracker: System property doesn't provide any emergency numbers. Use embedded logic for determining ones.
03-05 20:03:00.118   461   461 I Telecom : NewOutgoingCallIntentBroadcaster: Placing call immediately instead of waiting for OutgoingCallBroadcastReceiver: NOCBIR.oR@BBc
03-05 20:03:00.118   461   461 I Telecom : CallsManager: Creating a new outgoing call with handle: tel:********12: NOCBIR.oR@BBc
03-05 20:03:00.119   850  1529 D SubscriptionController: [getDefaultVoiceSubId] subId=1
03-05 20:03:00.119   850  1529 D SubscriptionController: [getDefaultSubId] isVoiceCapable subId=1
03-05 20:03:00.119   850  1529 D SubscriptionController: [isActiveSubId]- true
03-05 20:03:00.119   850  1529 V SubscriptionController: [getDefaultSubId]- value = 1
03-05 20:03:00.119   850  1529 D SubscriptionController: [getSubId]+ slotIndex=0
03-05 20:03:00.119   850  1529 D SubscriptionController: [getSubId]- subIdArr=[I@d0a2ff1
03-05 20:03:00.136   461   461 I Telecom : PhoneAccountRegistrar: getSimCallManager: SimCallManager for subId 1 queried, returning: null: NOCBIR.oR@BBc
03-05 20:03:00.136   461   461 I Telecom : CreateConnectionProcessor: Trying attempt CallAttemptRecord(ComponentInfo{com.android.phone/com.android.services.telephony.TelephonyConnectionService}, ***, UserHandle{0},ComponentInfo{com.android.phone/com.android.services.telephony.TelephonyConnectionService}, ***, UserHandle{0}): NOCBIR.oR@BBc
03-05 20:03:00.137   461   953 I Telecom : Logging.Events: Non-call EVENT: BIND_CS, ComponentInfo{com.android.phone/com.android.services.telephony.TelephonyConnectionService}: NOCBIR.oR->CSFM.rF@BBc
03-05 20:03:00.142   461   953 I Telecom : ConnectionServiceWrapper: createConnection([Call id=TC@4, state=CONNECTING, tpac=ComponentInfo{com.android.phone/com.android.services.telephony.TelephonyConnectionService}, ***, UserHandle{0}, cmgr=ComponentInfo{com.android.phone/com.android.services.telephony.TelephonyConnectionService}, ***, UserHandle{0}, handle=tel:********12, vidst=A, childs(0), has_parent(false), cap=[], prop=[]]) via ComponentInfo{com.android.phone/com.android.services.telephony.TelephonyConnectionService}.: NOCBIR.oR->CSFM.rF@BBc
03-05 20:03:00.146   461   817 W Telecom : MissedCallNotifierImpl: Showing missed calls through default dialer.: TSI.cMCN@BBk
03-05 20:03:00.147   461   487 D AppOps  : noteOperation: allowing code 51 uid 10104 package com.android.dialer
03-05 20:03:00.148  1251  1251 I Dialer  : MissedCallNotificationReceiver.onReceive - enter
03-05 20:03:00.149   850  1529 D PhoneFactory: getPhone:- phoneId != DEFAULT_PHONE_ID return sPhones[phoneId] phoneId=0 phone=Handler (com.android.internal.telephony.GsmCdmaPhone) {84d053}
03-05 20:03:00.149   850  1077 D SubscriptionController: [getSubId]+ slotIndex=0
03-05 20:03:00.149   850  1077 D SubscriptionController: [getSubId]- subIdArr=[I@31a0944
03-05 20:03:00.149   850  1077 D PhoneFactory: getPhone:- phoneId != DEFAULT_PHONE_ID return sPhones[phoneId] phoneId=0 phone=Handler (com.android.internal.telephony.GsmCdmaPhone) {84d053}
03-05 20:03:00.149  1251  1317 I Dialer  : MissedCallNotifier.updateMissedCallNotification - enter
03-05 20:03:00.151   461   817 D AppOps  : noteOperation: allowing code 6 uid 10066 package com.android.providers.userdictionary
03-05 20:03:00.151   461   817 D AppOps  : noteOperation: allowing code 6 uid 10104 package com.android.dialer
03-05 20:03:00.151   461   817 D AppOps  : noteOperation: allowing code 6 uid 10066 package com.android.providers.userdictionary
03-05 20:03:00.151   461   817 D AppOps  : noteOperation: allowing code 6 uid 10104 package com.android.dialer
03-05 20:03:00.158   461   461 I Telecom : ServiceBinderConnection: Service bound ComponentInfo{com.android.phone/com.android.services.telephony.TelephonyConnectionService}: SBC.oSC(cap)@BBw
03-05 20:03:00.158   461   461 I Telecom : Logging.Events: Non-call EVENT: CS_BOUND, ComponentInfo{com.android.phone/com.android.services.telephony.TelephonyConnectionService}: SBC.oSC(cap)@BBw
03-05 20:03:00.159   461   461 I Telecom : Event: RecordEntry TC@4: START_CONNECTION, tel:********12 via:com.android.phone: SBC.oSC(cap)@BBw
03-05 20:03:00.161   850  1077 D SubscriptionController: [getDefaultVoiceSubId] subId=1
03-05 20:03:00.161   850  1077 D SubscriptionController: [getDefaultSubId] isVoiceCapable subId=1
03-05 20:03:00.161   850  1077 D SubscriptionController: [isActiveSubId]- true
03-05 20:03:00.161   850  1077 V SubscriptionController: [getDefaultSubId]- value = 1
03-05 20:03:00.161   850  1077 D SubscriptionController: [getSubId]+ slotIndex=0
03-05 20:03:00.161   850  1077 D SubscriptionController: [getSubId]- subIdArr=[I@d6ea4f3
03-05 20:03:00.168   461  1201 I Telecom : PhoneAccountRegistrar: getSimCallManager: SimCallManager for subId 1 queried, returning: null: (...->CS.aCSA->H.CS.aCSA)->CSW.qRCS(cap)@E-E-BBw
03-05 20:03:00.168   461  1201 W Telecom : ConnectionServiceWrapper: call provider also detected as SIM call manager: [ConnectionServiceWrapper componentName=ComponentInfo{com.android.phone/com.android.services.telephony.TelephonyConnectionService}]: (...->CS.aCSA->H.CS.aCSA)->CSW.qRCS(cap)@E-E-BBw
03-05 20:03:00.169   850   850 I Telephony: onCreateOutgoingConnection, request: ConnectionRequest xxxxxxxxxxxxxx Bundle[android.telecom.extra.START_CALL_WITH_VIDEO_STATE=0, android.telecom.extra.CALL_TELECOM_ROUTING_END_TIME_MILLIS=206137, android.telecom.extra.CALL_CREATED_TIME_MILLIS=205991, android.telecom.extra.CALL_TELECOM_ROUTING_START_TIME_MILLIS=206137, com.android.dialer.callintent.CALL_SPECIFIC_APP_DATA=[B@55075b0, ] isAdhocConf: N
03-05 20:03:00.170   850   850 D SubscriptionController: [getSubId]+ slotIndex=0
03-05 20:03:00.170   850   850 D SubscriptionController: [getSubId]- subIdArr=[I@d3dec29
03-05 20:03:00.170   850   850 D PhoneFactory: getPhone:- phoneId != DEFAULT_PHONE_ID return sPhones[phoneId] phoneId=0 phone=Handler (com.android.internal.telephony.GsmCdmaPhone) {84d053}
03-05 20:03:00.170   850   850 D SubscriptionController: [getDefaultVoiceSubId] subId=1
03-05 20:03:00.170   850   850 D SubscriptionController: [getDefaultSubId] isVoiceCapable subId=1
03-05 20:03:00.170   850   850 D SubscriptionController: [isActiveSubId]- true
03-05 20:03:00.170   850   850 V SubscriptionController: [getDefaultSubId]- value = 1
03-05 20:03:00.170   850   850 D SubscriptionController: [getPhoneId] subId=1
03-05 20:03:00.170   850   850 D SubscriptionController: [getPhoneId]- found subId=1 phoneId=0
03-05 20:03:00.170   850   850 D PhoneFactory: getPhone:- phoneId != DEFAULT_PHONE_ID return sPhones[phoneId] phoneId=0 phone=Handler (com.android.internal.telephony.GsmCdmaPhone) {84d053}
03-05 20:03:00.170   850   850 D SubscriptionController: [getSubId]+ slotIndex=0
03-05 20:03:00.170   850   850 D SubscriptionController: [getSubId]- subIdArr=[I@2083bae
03-05 20:03:00.170   850   850 D SubscriptionController: [getSlotIndex] subId=1
03-05 20:03:00.170   850   850 V SubscriptionController: [getSlotIndex]- return = 0
03-05 20:03:00.171   850   850 D EmergencyNumberTracker: slotId:0 country:us emergencyNumbers: 
03-05 20:03:00.171   850   850 D EmergencyNumberTracker: System property doesn't provide any emergency numbers. Use embedded logic for determining ones.
03-05 20:03:00.171   850   850 D SubscriptionController: [getDefaultVoiceSubId] subId=1
03-05 20:03:00.171   850   850 D SubscriptionController: [getDefaultSubId] isVoiceCapable subId=1
03-05 20:03:00.171   850   850 D SubscriptionController: [isActiveSubId]- true
03-05 20:03:00.171   850   850 V SubscriptionController: [getDefaultSubId]- value = 1
03-05 20:03:00.171   850   850 D SubscriptionController: [getSubId]+ slotIndex=0
03-05 20:03:00.171   850   850 D SubscriptionController: [getSubId]- subIdArr=[I@6449d4f
03-05 20:03:00.171   850   850 D SubscriptionController: [getSlotIndex] subId=1
03-05 20:03:00.171   850   850 V SubscriptionController: [getSlotIndex]- return = 0
03-05 20:03:00.172   850   850 D SubscriptionController: [getSubId]+ slotIndex=0
03-05 20:03:00.172   850   850 D SubscriptionController: [getSubId]- subIdArr=[I@d3f3cdc
03-05 20:03:00.172   850   850 D SubscriptionController: [getSubId]+ slotIndex=0
03-05 20:03:00.172   850   850 D SubscriptionController: [getSubId]- subIdArr=[I@6a021e5
03-05 20:03:00.172   850   850 D SubscriptionController: [getSlotIndex] subId=1
03-05 20:03:00.172   850   850 V SubscriptionController: [getSlotIndex]- return = 0
03-05 20:03:00.173   850   850 D SubscriptionController: [getSubId]+ slotIndex=0
03-05 20:03:00.173   850   850 D SubscriptionController: [getSubId]- subIdArr=[I@8a064ba
03-05 20:03:00.173   850   850 D PhoneFactory: getPhone:- phoneId != DEFAULT_PHONE_ID return sPhones[phoneId] phoneId=0 phone=Handler (com.android.internal.telephony.GsmCdmaPhone) {84d053}
03-05 20:03:00.173   850   850 V Telephony: onStateChanged, state: INITIALIZING
03-05 20:03:00.174   850   850 D Telephony: buildConnectionCapabilities: isHoldable = false State = 0 capabilities = 0
03-05 20:03:00.174   850   850 D SubscriptionController: [getSubId]+ slotIndex=0
03-05 20:03:00.174   850   850 D SubscriptionController: [getSubId]- subIdArr=[I@bf14ac8
03-05 20:03:00.174   850   850 D SubscriptionController: [getSlotIndex] subId=1
03-05 20:03:00.174   850   850 V SubscriptionController: [getSlotIndex]- return = 0
03-05 20:03:00.174   850   850 D SubscriptionController: [getSubId]+ slotIndex=0
03-05 20:03:00.174   850   850 D SubscriptionController: [getSubId]- subIdArr=[I@935f761
03-05 20:03:00.175   850   850 D SubscriptionController: [getDefaultVoiceSubId] subId=1
03-05 20:03:00.175   850   850 D SubscriptionController: [getDefaultSubId] isVoiceCapable subId=1
03-05 20:03:00.175   850   850 D SubscriptionController: [isActiveSubId]- true
03-05 20:03:00.175   850   850 V SubscriptionController: [getDefaultSubId]- value = 1
03-05 20:03:00.175   850   850 D SubscriptionController: [getPhoneId] subId=1
03-05 20:03:00.175   850   850 D SubscriptionController: [getPhoneId]- found subId=1 phoneId=0
03-05 20:03:00.175   850   850 D PhoneFactory: getPhone:- phoneId != DEFAULT_PHONE_ID return sPhones[phoneId] phoneId=0 phone=Handler (com.android.internal.telephony.GsmCdmaPhone) {84d053}
03-05 20:03:00.175   850   850 D SubscriptionController: [getSubId]+ slotIndex=0
03-05 20:03:00.175   850   850 D SubscriptionController: [getSubId]- subIdArr=[I@3601286
03-05 20:03:00.175   850   850 D SubscriptionController: [getSlotIndex] subId=1
03-05 20:03:00.175   850   850 V SubscriptionController: [getSlotIndex]- return = 0
03-05 20:03:00.175   850   850 D EmergencyNumberTracker: slotId:0 country:us emergencyNumbers: 
03-05 20:03:00.175   850   850 D EmergencyNumberTracker: System property doesn't provide any emergency numbers. Use embedded logic for determining ones.
03-05 20:03:00.175   850   850 D SubscriptionController: [getSubId]+ slotIndex=0
03-05 20:03:00.175   850   850 D SubscriptionController: [getSubId]- subIdArr=[I@f30e747
03-05 20:03:00.177   850   850 D SubscriptionController: [getSubId]+ slotIndex=0
03-05 20:03:00.177   850   850 D SubscriptionController: [getSubId]- subIdArr=[I@6344b74
03-05 20:03:00.201   461  1201 D AppOps  : noteOperation: allowing code 4 uid 10066 package com.android.providers.userdictionary
03-05 20:03:00.201   461  1201 D AppOps  : noteOperation: allowing code 4 uid 10104 package com.android.dialer
03-05 20:03:00.202   461  1201 D AppOps  : noteOperation: allowing code 4 uid 10066 package com.android.providers.userdictionary
03-05 20:03:00.202   461  1201 D AppOps  : noteOperation: allowing code 4 uid 10104 package com.android.dialer
03-05 20:03:00.267   850   850 D GsmCdmaPhone: [0] useImsForCall=false, isEmergency=false, useImsForEmergency=false, useImsForUt=false, isUt=false, isSuppServiceCode=false, isPotentialUssdCode=false, isWpsCall=false, allowWpsOverIms=true, imsPhone=null, imsPhone.isVolteEnabled()=N/A, imsPhone.isVowifiEnabled()=N/A, imsPhone.isVideoEnabled()=N/A, imsPhone.getServiceState().getState()=N/A
03-05 20:03:00.267   850   850 D GsmCdmaPhone: [0] Trying (non-IMS) CS call
03-05 20:03:00.268   850   850 D SubscriptionController: [getSubId]+ slotIndex=0
03-05 20:03:00.268   850   850 D SubscriptionController: [getSubId]- subIdArr=[I@2f9a89d
03-05 20:03:00.268   850   850 D GsmMmiCode: isTwoDigitShortCode
03-05 20:03:00.268   850   850 D SubscriptionController: [getDefaultVoiceSubId] subId=1
03-05 20:03:00.268   850   850 D SubscriptionManager: getDefaultVoiceSubscriptionId, sub id = 1
03-05 20:03:00.283   850   850 I service_manager_slow: [15,phone]
03-05 20:03:00.283   850   850 D SubscriptionController: [getDefaultVoiceSubId] subId=1
03-05 20:03:00.283   850   850 D SubscriptionController: [getDefaultSubId] isVoiceCapable subId=1
03-05 20:03:00.284   850   850 D SubscriptionController: [isActiveSubId]- true
03-05 20:03:00.284   850   850 V SubscriptionController: [getDefaultSubId]- value = 1
03-05 20:03:00.284   850   850 D SubscriptionController: [getPhoneId] subId=1
03-05 20:03:00.284   850   850 D SubscriptionController: [getPhoneId]- found subId=1 phoneId=0
03-05 20:03:00.284   850   850 D PhoneFactory: getPhone:- phoneId != DEFAULT_PHONE_ID return sPhones[phoneId] phoneId=0 phone=Handler (com.android.internal.telephony.GsmCdmaPhone) {84d053}
03-05 20:03:00.284   850   850 D SubscriptionController: [getSubId]+ slotIndex=0
03-05 20:03:00.284   850   850 D SubscriptionController: [getSubId]- subIdArr=[I@c1ad112
03-05 20:03:00.284   850   850 D SubscriptionController: [getSlotIndex] subId=1
03-05 20:03:00.284   850   850 V SubscriptionController: [getSlotIndex]- return = 0
03-05 20:03:00.286   850   850 D EmergencyNumberTracker: slotId:0 country:us emergencyNumbers: 
03-05 20:03:00.286   850   850 D EmergencyNumberTracker: System property doesn't provide any emergency numbers. Use embedded logic for determining ones.
03-05 20:03:00.286   850   850 D GsmCdmaPhone: [0] dialInternal: dialing w/ mmi 'null'...
03-05 20:03:00.286   850   850 D GsmCdmaCallTracker: [0] update phone state, old=IDLE new=IDLE
03-05 20:03:00.287   850   850 D SubscriptionController: [getSubId]+ slotIndex=0
03-05 20:03:00.287   850   850 D SubscriptionController: [getSubId]- subIdArr=[I@90ab0e3
03-05 20:03:00.300   850   850 D SubscriptionController: [getDefaultVoiceSubId] subId=1
03-05 20:03:00.301   850   850 D SubscriptionManager: getDefaultVoiceSubscriptionId, sub id = 1
03-05 20:03:00.301   850   850 D SubscriptionController: [getDefaultVoiceSubId] subId=1
03-05 20:03:00.301   850   850 D SubscriptionController: [getDefaultSubId] isVoiceCapable subId=1
03-05 20:03:00.301   850   850 D SubscriptionController: [isActiveSubId]- true
03-05 20:03:00.302   850   850 V SubscriptionController: [getDefaultSubId]- value = 1
03-05 20:03:00.302   850   850 D SubscriptionController: [getPhoneId] subId=1
03-05 20:03:00.302   850   850 D SubscriptionController: [getPhoneId]- found subId=1 phoneId=0
03-05 20:03:00.302   850   850 D PhoneFactory: getPhone:- phoneId != DEFAULT_PHONE_ID return sPhones[phoneId] phoneId=0 phone=Handler (com.android.internal.telephony.GsmCdmaPhone) {84d053}
03-05 20:03:00.302   850   850 D SubscriptionController: [getSubId]+ slotIndex=0
03-05 20:03:00.304   850   850 D SubscriptionController: [getSubId]- subIdArr=[I@e04aae0
03-05 20:03:00.304   850   850 D SubscriptionController: [getSlotIndex] subId=1
03-05 20:03:00.304   850   850 V SubscriptionController: [getSlotIndex]- return = 0
03-05 20:03:00.304   850   850 D EmergencyNumberTracker: slotId:0 country:us emergencyNumbers: 
03-05 20:03:00.304   850   850 D EmergencyNumberTracker: System property doesn't provide any emergency numbers. Use embedded logic for determining ones.
03-05 20:03:00.309   850   850 D SubscriptionController: [getSubId]+ slotIndex=0
03-05 20:03:00.309   850   850 D SubscriptionController: [getSubId]- subIdArr=[I@d4d3199
03-05 20:03:00.319   850   850 D GsmCdmaCallTracker: [0] convertNumberIfNecessary convertMaps is null
03-05 20:03:00.319   850   850 D GsmCdmaConnection: [GsmCdmaConn] acquireWakeLock
03-05 20:03:00.319   461   817 D PowerManagerService: acquireWakeLockInternal: lock=130192146, flags=0x1, tag="GsmCdmaConnection", ws=null, uid=1001, pid=850
03-05 20:03:00.320   461   817 D PowerManagerService: updateWakeLockSummaryLocked: mWakefulness=Awake, mWakeLockSummary=0x1
03-05 20:03:00.320   461   817 D PowerManagerService: updateUserActivitySummaryLocked: mWakefulness=Awake, mUserActivitySummary=0x1, nextTimeout=2147682522 (in 2147475432 ms)
03-05 20:03:00.320   461   817 D PowerManagerService: updateDisplayPowerStateLocked: mDisplayReady=true, policy=3, mWakefulness=1, mWakeLockSummary=0x1, mUserActivitySummary=0x1, mBootCompleted=true, screenBrightnessOverride=NaN, useAutoBrightness=false, mScreenBrightnessBoostInProgress=false, mIsVrModeEnabled= false, sQuiescent=false
03-05 20:03:00.320   461   817 D AppOps  : startOperation: allowing code 40 uid 1001 package com.android.phone
03-05 20:03:00.327   850   850 D SubscriptionController: [getSubId]+ slotIndex=0
03-05 20:03:00.327   850   850 D SubscriptionController: [getSubId]- subIdArr=[I@450ec5e
03-05 20:03:00.344   461   817 D AppOps  : noteOperation: allowing code 7 uid 10066 package com.android.providers.userdictionary
03-05 20:03:00.344   461   817 D AppOps  : noteOperation: allowing code 7 uid 10104 package com.android.dialer
03-05 20:03:00.345   461   817 D AppOps  : noteOperation: allowing code 7 uid 10066 package com.android.providers.userdictionary
03-05 20:03:00.345   461   817 D AppOps  : noteOperation: allowing code 7 uid 10104 package com.android.dialer
03-05 20:03:00.346   850   850 D GsmCdmaPhone: [0] getCsCallRadioTech, current vrs=0, vrat=0
03-05 20:03:00.347   850   850 D GsmCdmaPhone: [0] getCsCallRadioTech, result calcVrat=0
03-05 20:03:00.348   850   850 D GsmCdmaCallTracker: dialGsm - emergency dialer: false
03-05 20:03:00.348   850   850 V TelephonyMetrics: Starting a new call session on phone 0
03-05 20:03:00.348   850   850 V TelephonyMetrics: Logging Dial Connection =  callId: null isExternal: N incoming: false state: DIALING post dial state: NOT_STARTED
03-05 20:03:00.348   850   850 V TelephonyMetrics: Logged Dial event
03-05 20:03:00.349   461   817 D PowerManagerService: acquireWakeLockInternal: lock=135726337, flags=0x1, tag="*telephony-radio*", ws=WorkSource{1001 com.android.phone}, uid=1001, pid=850
03-05 20:03:00.349   461   817 D PowerManagerService: updateWakeLockSummaryLocked: mWakefulness=Awake, mWakeLockSummary=0x1
03-05 20:03:00.349   461   817 D PowerManagerService: updateUserActivitySummaryLocked: mWakefulness=Awake, mUserActivitySummary=0x1, nextTimeout=2147682522 (in 2147475403 ms)
03-05 20:03:00.349   461   817 D PowerManagerService: updateDisplayPowerStateLocked: mDisplayReady=true, policy=3, mWakefulness=1, mWakeLockSummary=0x1, mUserActivitySummary=0x1, mBootCompleted=true, screenBrightnessOverride=NaN, useAutoBrightness=false, mScreenBrightnessBoostInProgress=false, mIsVrModeEnabled= false, sQuiescent=false
03-05 20:03:00.351   850   850 D RILJ    : [0257]> SET_MUTE enableMute = false [PHONE0]
03-05 20:03:00.352   369   369 D RIL     : onRequest: SET_MUTE
03-05 20:03:00.352   369   369 D RIL     : Request not supported. Tech: 1
03-05 20:03:00.352   850   963 D RILJ    : [0257]< SET_MUTE error 6 [PHONE0]
03-05 20:03:00.352   850   963 D RilRequest: [0257]< SET_MUTE error: com.android.internal.telephony.CommandException: REQUEST_NOT_SUPPORTED ret=
03-05 20:03:00.358   850   850 D GsmCdmaCallTracker: [0] obtainCompleteMessage: pendingOperations=1, needsPoll=true
03-05 20:03:00.359   461   817 D PowerManagerService: acquireWakeLockInternal: lock=135726337, flags=0x1, tag="*telephony-radio*", ws=WorkSource{1001 com.android.phone}, uid=1001, pid=850
03-05 20:03:00.359   461   817 D PowerManagerService: updateWakeLockSummaryLocked: mWakefulness=Awake, mWakeLockSummary=0x1
03-05 20:03:00.359   461   817 D PowerManagerService: updateUserActivitySummaryLocked: mWakefulness=Awake, mUserActivitySummary=0x1, nextTimeout=2147682522 (in 2147475392 ms)
03-05 20:03:00.359   461   817 D PowerManagerService: updateDisplayPowerStateLocked: mDisplayReady=true, policy=3, mWakefulness=1, mWakeLockSummary=0x1, mUserActivitySummary=0x1, mBootCompleted=true, screenBrightnessOverride=NaN, useAutoBrightness=false, mScreenBrightnessBoostInProgress=false, mIsVrModeEnabled= false, sQuiescent=false
03-05 20:03:00.360   850   850 D RILJ    : [0258]> DIAL [PHONE0]
03-05 20:03:00.360   369   369 D RIL     : onRequest: DIAL
03-05 20:03:00.361   369   369 D AT      : AT> ATD6505551212;
03-05 20:03:00.361   369   449 D AT      : AT< OK
03-05 20:03:00.361   850   963 D RILJ    : [0258]< DIAL  [PHONE0]
03-05 20:03:00.362   850   993 D SubscriptionController: [getSubId]+ slotIndex=0
03-05 20:03:00.362   850   993 D SubscriptionController: [getSubId]- subIdArr=[I@d2d783f
03-05 20:03:00.362   850   993 D ApnSetting: isMeteredApnType: isRoaming=false
03-05 20:03:00.364   850   993 D ApnSetting: For subId = 1, metered APN types are [default, mms, supl, dun]
03-05 20:03:00.364   850   993 D ApnSetting: mms is metered.
03-05 20:03:00.366   850   850 D GsmCdmaCallTracker: [0] update phone state, old=IDLE new=OFFHOOK
03-05 20:03:00.366   850   850 D SubscriptionController: [getSubId]+ slotIndex=0
03-05 20:03:00.366   850   850 D SubscriptionController: [getSubId]- subIdArr=[I@6b9950c
03-05 20:03:00.366   461   817 D AppOps  : noteOperation: allowing code 6 uid 1001 package com.android.phone
03-05 20:03:00.367   461   817 D AppOps  : noteOperation: allowing code 6 uid 10126 package com.android.systemui
03-05 20:03:00.371   850   850 D SubscriptionController: [getSubId]+ slotIndex=0
03-05 20:03:00.372   850   850 D SubscriptionController: [getSubId]- subIdArr=[I@bb64e55
03-05 20:03:00.379   850   850 V Telephony: new TelephonyConnection, originalConnection:  callId: null isExternal: N incoming: false state: DIALING post dial state: NOT_STARTED
03-05 20:03:00.380   850   850 D Telephony: buildConnectionCapabilities: isHoldable = false State = 0 capabilities = 0
03-05 20:03:00.380   850   850 D Telephony: GsmConnection: setIsNetworkIdentifiedEmergencyCall; callId=TC@4_1, isNetworkIdentifiedEmergencyCall=false
03-05 20:03:00.380   850   850 D SubscriptionController: [getDefaultVoiceSubId] subId=1
03-05 20:03:00.380   850   850 D SubscriptionManager: getDefaultVoiceSubscriptionId, sub id = 1
