03-04 15:08:07.400  3176  3176 D TransmitPower: AccSensorObserverBHH_DETECTION:onBHHDetected() : isDetected = false
03-04 15:08:07.400  3176  3176 D TransmitPower: AccSensorObserverBHH_DIRECTION:onBHHStateChanged() : isRightSide = false
03-04 15:08:07.400  3176  3176 D TransmitPower: AccSensorObserverMOTION_DETECTION:onMotionStateChanged() : isStable = false
03-04 15:08:07.415  1106  2258 W VsyncModulator: setTransactionSchedule: Unexpected EarlyEnd
03-04 15:08:07.480  3176  3176 D TransmitPower: AccSensorObserverBHH_DETECTION:onBHHDetected() : isDetected = false
03-04 15:08:07.480  3176  3176 D TransmitPower: AccSensorObserverBHH_DIRECTION:onBHHStateChanged() : isRightSide = false
03-04 15:08:07.480  3176  3176 D TransmitPower: AccSensorObserverMOTION_DETECTION:onMotionStateChanged() : isStable = false
03-04 15:08:07.506  5035  5035 D BoundBrokerSvc: onUnbind: Intent { act=com.google.android.gms.measurement.START pkg=com.google.android.gms }
03-04 15:08:07.571     0     0 I         : <I>CTS-Core ESD protection work
03-04 15:08:07.642  3176  3176 D TransmitPower: AccSensorObserverBHH_DETECTION:onBHHDetected() : isDetected = false
03-04 15:08:07.643  3176  3176 D TransmitPower: AccSensorObserverBHH_DIRECTION:onBHHStateChanged() : isRightSide = false
03-04 15:08:07.643  3176  3176 D TransmitPower: AccSensorObserverMOTION_DETECTION:onMotionStateChanged() : isStable = false
03-04 15:08:07.723  3176  3176 D TransmitPower: AccSensorObserverBHH_DETECTION:onBHHDetected() : isDetected = false
03-04 15:08:07.723  3176  3176 D TransmitPower: AccSensorObserverBHH_DIRECTION:onBHHStateChanged() : isRightSide = false
03-04 15:08:07.723  3176  3176 D TransmitPower: AccSensorObserverMOTION_DETECTION:onMotionStateChanged() : isStable = false
03-04 15:08:07.803  3176  3176 D TransmitPower: AccSensorObserverBHH_DETECTION:onBHHDetected() : isDetected = false
03-04 15:08:07.803  3176  3176 D TransmitPower: AccSensorObserverBHH_DIRECTION:onBHHStateChanged() : isRightSide = false
03-04 15:08:07.803  3176  3176 D TransmitPower: AccSensorObserverMOTION_DETECTION:onMotionStateChanged() : isStable = false
03-04 15:08:07.884  3176  3176 D TransmitPower: AccSensorObserverBHH_DETECTION:onBHHDetected() : isDetected = false
03-04 15:08:07.884  3176  3176 D TransmitPower: AccSensorObserverBHH_DIRECTION:onBHHStateChanged() : isRightSide = false
03-04 15:08:07.884  3176  3176 D TransmitPower: AccSensorObserverMOTION_DETECTION:onMotionStateChanged() : isStable = false
03-04 15:08:08.044  3176  3176 D TransmitPower: AccSensorObserverBHH_DETECTION:onBHHDetected() : isDetected = false
03-04 15:08:08.044  3176  3176 D TransmitPower: AccSensorObserverBHH_DIRECTION:onBHHStateChanged() : isRightSide = false
03-04 15:08:08.044  3176  3176 D TransmitPower: AccSensorObserverMOTION_DETECTION:onMotionStateChanged() : isStable = false
03-04 15:08:08.122  3176  3176 D TransmitPower: AccSensorObserverBHH_DETECTION:onBHHDetected() : isDetected = false
03-04 15:08:08.122  3176  3176 D TransmitPower: AccSensorObserverBHH_DIRECTION:onBHHStateChanged() : isRightSide = false
03-04 15:08:08.123  3176  3176 D TransmitPower: AccSensorObserverMOTION_DETECTION:onMotionStateChanged() : isStable = false
03-04 15:08:08.204  3176  3176 D TransmitPower: AccSensorObserverBHH_DETECTION:onBHHDetected() : isDetected = false
03-04 15:08:08.204  3176  3176 D TransmitPower: AccSensorObserverBHH_DIRECTION:onBHHStateChanged() : isRightSide = false
03-04 15:08:08.204  3176  3176 D TransmitPower: AccSensorObserverMOTION_DETECTION:onMotionStateChanged() : isStable = false
03-04 15:08:08.278     0     0 I QG-K    : qg_somc_jeita_step_charge_work: [Charging] condition=3, chip->target_idx=17
03-04 15:08:08.285  3176  3176 D TransmitPower: AccSensorObserverBHH_DETECTION:onBHHDetected() : isDetected = false
03-04 15:08:08.286  3176  3176 D TransmitPower: AccSensorObserverBHH_DIRECTION:onBHHStateChanged() : isRightSide = false
03-04 15:08:08.286  3176  3176 D TransmitPower: AccSensorObserverMOTION_DETECTION:onMotionStateChanged() : isStable = false
03-04 15:08:08.371     0     0 I         : smblib_usb_ov_and_uv_detect_work start..
03-04 15:08:08.389  2160  2470 I input_interaction: Interaction with: ae81cf6 com.google.android.dialer/com.google.android.dialer.extensions.GoogleDialtactsActivity (server), PointerEventDispatcher0 (server), 
03-04 15:08:08.392  1041  1129 W ANDR-PERF-LM: FeatureState: readState() 151: warning: appName is NULL, returning default State
03-04 15:08:08.393  1041  1129 W ANDR-PERF-LM: FeatureState: readState() 151: warning: appName is NULL, returning default State
03-04 15:08:08.397  4751  4924 I android_os_HwBinder: HwBinder: Starting thread pool for getting: vendor.semc.system.idd@1.0::IIdd/default
03-04 15:08:08.401  3176  3176 D TransmitPower: ProperSensorInfoNotifier:getProperSensorInfo() E : isCallActive = false, isScreenOn = true, isDataActive = false
03-04 15:08:08.401  3176  3176 D TransmitPower: ProperSensorInfoNotifier:getProperSensorInfo() X : shouldPowerOn = false, properDetectedValue = 0
03-04 15:08:08.401  3176  3176 D TransmitPower: AccSensorManager:onProperSensorInfoChanged()
03-04 15:08:08.403   852 21767 I resolv  : retrying_poll: 81 retrying_poll timeout
03-04 15:08:08.403   852 21767 D resolv  : send_dg: 1
03-04 15:08:08.403   852 21767 I resolv  : res_nsend: used send_dg 0 terrno: 110
03-04 15:08:08.403   852 21767 D resolv  : doQuery: rcode=0, ancount=0
03-04 15:08:08.403   852 21884 I resolv  : resolv_populate_res_for_net: netid=106
03-04 15:08:08.404   852 21884 I resolv  : res_stats_usable_server: NS stats: S 0 + E 0 + T 8 + I 0 = 8, rtt = -1, min_samples = 8
03-04 15:08:08.404   852 21884 I resolv  : res_stats_usable_server: success rate 0
03-04 15:08:08.404   852 21884 I resolv  : res_stats_usable_server: too many resolution errors, ignoring server
03-04 15:08:08.404   852 21884 I resolv  : res_stats_usable_server: NS stats: S 0 + E 0 + T 8 + I 0 = 8, rtt = -1, min_samples = 8
03-04 15:08:08.404   852 21766 I resolv  : resolv_populate_res_for_net: netid=106
03-04 15:08:08.404   852 21884 I resolv  : res_stats_usable_server: success rate 0
03-04 15:08:08.404   852 21884 I resolv  : res_stats_usable_server: too many resolution errors, ignoring server
03-04 15:08:08.404   852 21871 I resolv  : resolv_populate_res_for_net: netid=106
03-04 15:08:08.404   852 21884 D resolv  : res_nsend: Querying server (# 1) address = 211.137.130.18:53
03-04 15:08:08.404   852 21871 I resolv  : res_stats_usable_server: NS stats: S 0 + E 0 + T 8 + I 0 = 8, rtt = -1, min_samples = 8
03-04 15:08:08.404   852 21871 I resolv  : res_stats_usable_server: success rate 0
03-04 15:08:08.404   852 21871 I resolv  : res_stats_usable_server: too many resolution errors, ignoring server
03-04 15:08:08.404   852 21871 I resolv  : res_stats_usable_server: NS stats: S 0 + E 0 + T 8 + I 0 = 8, rtt = -1, min_samples = 8
03-04 15:08:08.404   852 21871 I resolv  : res_stats_usable_server: success rate 0
03-04 15:08:08.404   852 21871 I resolv  : res_stats_usable_server: too many resolution errors, ignoring server
03-04 15:08:08.404   852 21871 D resolv  : res_nsend: Querying server (# 1) address = 211.137.130.18:53
03-04 15:08:08.404   852 21884 D resolv  : send_dg: new DG socket
03-04 15:08:08.404   852 21871 D resolv  : send_dg: new DG socket
03-04 15:08:08.405   852 21871 I resolv  : get_timeout: using timeout of 5000 msec
03-04 15:08:08.405   852 21884 I resolv  : get_timeout: using timeout of 5000 msec
03-04 15:08:08.405   852 21884 I resolv  : retrying_poll: 62 retrying_poll
03-04 15:08:08.405   852 21871 I resolv  : retrying_poll: 63 retrying_poll
03-04 15:08:08.405   852 21849 I resolv  : resolv_populate_res_for_net: netid=106
03-04 15:08:08.405   852 21844 I resolv  : resolv_populate_res_for_net: netid=106
03-04 15:08:08.405   852 21849 I resolv  : res_stats_usable_server: NS stats: S 0 + E 0 + T 8 + I 0 = 8, rtt = -1, min_samples = 8
03-04 15:08:08.405   852 21844 I resolv  : res_stats_usable_server: NS stats: S 0 + E 0 + T 8 + I 0 = 8, rtt = -1, min_samples = 8
03-04 15:08:08.405   852 21849 I resolv  : res_stats_usable_server: success rate 0
03-04 15:08:08.405   852 21844 I resolv  : res_stats_usable_server: success rate 0
03-04 15:08:08.405   852 21849 I resolv  : res_stats_usable_server: too many resolution errors, ignoring server
03-04 15:08:08.405   852 21844 I resolv  : res_stats_usable_server: too many resolution errors, ignoring server
03-04 15:08:08.405   852 21849 I resolv  : res_stats_usable_server: NS stats: S 0 + E 0 + T 8 + I 0 = 8, rtt = -1, min_samples = 8
03-04 15:08:08.405   852 21844 I resolv  : res_stats_usable_server: NS stats: S 0 + E 0 + T 8 + I 0 = 8, rtt = -1, min_samples = 8
03-04 15:08:08.405   852 21844 I resolv  : res_stats_usable_server: success rate 0
03-04 15:08:08.405   852 21849 I resolv  : res_stats_usable_server: success rate 0
03-04 15:08:08.405   852 21844 I resolv  : res_stats_usable_server: too many resolution errors, ignoring server
03-04 15:08:08.405   852 21849 I resolv  : res_stats_usable_server: too many resolution errors, ignoring server
03-04 15:08:08.405   852 21849 D resolv  : res_nsend: Querying server (# 1) address = 211.137.130.18:53
03-04 15:08:08.405   852 21844 D resolv  : res_nsend: Querying server (# 1) address = 211.137.130.18:53
03-04 15:08:08.405   852 21844 D resolv  : send_dg: new DG socket
03-04 15:08:08.406   852 21849 D resolv  : send_dg: new DG socket
03-04 15:08:08.406  1026  1026 I sensors-hal: activate:214, com.sonymoble.sensor.accelerometer/2012 en=0
03-04 15:08:08.406   852 21844 I resolv  : get_timeout: using timeout of 5000 msec
03-04 15:08:08.406   852 21849 I resolv  : get_timeout: using timeout of 5000 msec
03-04 15:08:08.406   852 21844 I resolv  : retrying_poll: 66 retrying_poll
03-04 15:08:08.406   852 21849 I resolv  : retrying_poll: 64 retrying_poll
03-04 15:08:08.407  1026  1026 I sensors-hal: activate:225, com.sonymoble.sensor.accelerometer/2012 en=0 completed
03-04 15:08:08.408  3635 21452 W czys    : [{0}] Failed to resolve name. status={1}
03-04 15:08:08.410  3176  3176 D TransmitPower: AccSensor(14476380):setAccSensorPower() : Power OFF
03-04 15:08:08.410  3176  3176 D TransmitPower: AccSensorObserverMOTION_DETECTION:update(): detectedValue = 0
03-04 15:08:08.412  3176  3176 D TransmitPower: TransmitPowerObserver:sendPowerBackOffFactor() : key = 8, value = 0, mCurrentValue = 0
03-04 15:08:08.412  3176  3176 D TransmitPower: AccSensorObserverBHH_DETECTION:update(): detectedValue = 0
03-04 15:08:08.412  3176  3176 D TransmitPower: AccSensorObserverBHH_DIRECTION:update(): detectedValue = 0
03-04 15:08:08.412  3176  3176 D TransmitPower: TelephonyManagerObserver:onDataActivity() : subId = 2, isDataActive = false
03-04 15:08:08.413  3176  4130 D TransmitPower: TransmitPowerService:setPowerBackOffFactor() : key = 8, value = 0
03-04 15:08:08.414  3176  4130 D TransmitPower: TransmitPowerService:calculateMCC() : simCount = 2, mMccList = {0=460}, result = 0
03-04 15:08:08.414  3176  4130 D TransmitPower: TransmitPowerService:setBackOffDsi() : index = 0, mBackOffDsi = 0, newBackOffDsi = 2
03-04 15:08:08.414  2932  2932 D QcrilMsgTunnelIfaceManager: handleMessage what = 1
03-04 15:08:08.415  2932  2932 I QcrilOemhookMsgTunnel: [0]invokeOemRilRequestRaw: serial=1185 length=24
03-04 15:08:08.416  1106  2258 W VsyncModulator: setTransactionSchedule: Unexpected EarlyEnd
03-04 15:08:08.418  2932  3432 I QcrilOemhookMsgTunnel: [0]processOemHookResponse serial no: 1185 error: 40length=0
03-04 15:08:08.418  2932  3432 E QcRilRequest: [1185] < OEM_HOOK_RAW error: org.codeaurora.telephony.utils.CommandException: MODEM_ERR
03-04 15:08:08.418  2932  2932 D QcrilMsgTunnelIfaceManager: handleMessage what = 2
03-04 15:08:08.419  3176  4130 D QC_RIL_OEM_HOOK: sendOemRilRequestRaw returns value = -39
03-04 15:08:08.419  3176  4130 D TransmitPower: TransmitPowerService:setBackOffDsi failure.
03-04 15:08:08.473 20799 20799 I DialerLogcatLoggingBindings: com.android.dialer.logging.logcat.LogcatLoggingBindings.logImpression:41 Impression: CALL_LOG_EXPAND_DROPDOWN_MENU
03-04 15:08:08.475 20799 20799 I DialerCountryCodeProvider: com.android.dialer.assisteddialing.CountryCodeProvider.<init>:55 Using country codes: {CA, ES, GB, IN, JP, US}
03-04 15:08:08.476 20799 20799 I DialerWarnForOutgoingCallsToBlockedNumbersPreCallActionImplEnabledFn: com.android.dialer.blocking.precall.impl.WarnForOutgoingCallsToBlockedNumbersPreCallActionImplEnabledFn.isEnabled:39 disabled by flag [CONTEXT ratelimit_period="1 MINUTES [skipped: 3]" ]
03-04 15:08:08.476 20799 20799 I DialerViltePresenceOptinEnabledFn: com.android.dialer.viltepresenceoptin.impl.ViltePresenceOptinEnabledFn.isEnabled:38 disabled by flag [CONTEXT ratelimit_period="1 MINUTES [skipped: 3]" ]
03-04 15:08:08.477 20799 20799 I DialerCountryCodeProvider: com.android.dialer.assisteddialing.CountryCodeProvider.<init>:55 Using country codes: {CA, ES, GB, IN, JP, US}
03-04 15:08:08.502  1001 15292 D audio_hw_primary: adev_create_audio_patch: enter: num sources 1, num_sinks 1, handle 1
03-04 15:08:08.503  1001 15292 D audio_hw_primary: adev_create_audio_patch: Playback patch from mix handle 13 to device 2
03-04 15:08:08.503  1001 15292 D audio_hw_primary: route_output_stream: enter: usecase(1: low-latency-playback) devices 2
03-04 15:08:08.510  1001  4343 D audio_hw_primary: start_output_stream: enter: stream(0xea484330)usecase(1: low-latency-playback) devices(0x2) is_haptic_usecase(0)
03-04 15:08:08.510  1001  4343 D audio_hw_primary: select_devices for use case (low-latency-playback)
03-04 15:08:08.510  1001  4343 D audio_hw_primary: select_devices: changing use case low-latency-playback output device from(1: handset, acdb 7) to (2: speaker, acdb 14)
03-04 15:08:08.510  1001  4343 I msm8974_platform: platform_check_and_set_codec_backend_cfg:becf: afe: bitwidth 16, samplerate 48000 channels 2, backend_idx 0 usecase = 1 device (speaker)
03-04 15:08:08.510  1001  4343 I msm8974_platform: platform_check_and_set_codec_backend_cfg: new_snd_devices[0] is 2
03-04 15:08:08.510  1001  4343 I msm8974_platform: platform_check_codec_backend_cfg:becf: afe: bitwidth 16, samplerate 48000 channels 2, backend_idx 0 usecase = 1 device (speaker)
03-04 15:08:08.511  1001  4343 D msm8974_platform: platform_check_codec_backend_cfg:becf: updated afe: bitwidth 16, samplerate 48000 channels 2,backend_idx 0 usecase = 1 device (speaker)
03-04 15:08:08.511  1001  4343 I msm8974_platform: platform_check_codec_backend_cfg:becf: afe: Codec selected backend: 0 updated bit width: 16 and sample rate: 48000
03-04 15:08:08.511  1001  4343 D audio_hw_primary: check_usecases_codec_backend:becf: force routing 0
03-04 15:08:08.511  1001  4343 D audio_hw_primary: check_usecases_codec_backend:becf: (85) check_usecases curr device: speaker, usecase device: backends match 0
03-04 15:08:08.511  1001  4343 D audio_hw_primary: check_usecases_codec_backend:becf: check_usecases num.of Usecases to switch 0
03-04 15:08:08.511  1001  4343 W msm8974_platform: platform_get_backend_index:napb: Invalid device - 0 
03-04 15:08:08.511  1001  4343 D hardware_info: hw_info_append_hw_type : device_name = speaker
03-04 15:08:08.511  1001  4343 D audio_hw_primary: enable_snd_device: snd_device(2: speaker)
03-04 15:08:08.511  1001  4343 D msm8974_platform: platform_get_island_cfg_on_device:island cfg status on snd_device = (speaker 0)
03-04 15:08:08.511  1001  4343 I soundtrigger: audio_extn_sound_trigger_update_device_status: device 0x2 of type 0 for Event 1, with Raise=0
03-04 15:08:08.511  1001  4343 D audio_route: Apply path: speaker
03-04 15:08:08.526     0     0 I [aw87xxx_pa_1_58]aw87xxx_show_current_mode: aw87559_i2c1@0x58 current_mode: 0, pa_channel: 0
03-04 15:08:08.526     0     0 I aw87xxx_mode_get_0: get mode:0
03-04 15:08:08.526     0     0 I         : [aw87xxx_pa_1_58]aw87xxx_audio_scene_load enter, mode=1, pa_channel=0
03-04 15:08:08.526     0     0 I         : [aw87xxx_pa_1_58]aw87xxx_scene_reg_update enter, mode: 1
03-04 15:08:08.526     0     0 I         : [aw87xxx_pa_1_58]aw87xxx_hw_on enter
03-04 15:08:08.530  1001  4343 D soundtrigger: audio_extn_sound_trigger_update_stream_status: uc_info->id 1 of type 0 for Event 3, with Raise=0
03-04 15:08:08.530  1001  4343 D audio_hw_utils: audio_extn_utils_send_app_type_cfg: usecase->out_snd_device speaker
03-04 15:08:08.530  1001  4343 I audio_hw_utils: send_app_type_cfg_for_device PLAYBACK app_type 69937, acdb_dev_id 14, sample_rate 48000, snd_device_be_idx 189
03-04 15:08:08.530  1001  4343 D ACDB-LOADER: ACDB -> send_audio_cal, acdb_id = 14, path = 0, app id = 0x11131, sample rate = 48000, use_case = 0,buffer_idx_w_path =0, afe_sample_rate = 48000, cal_mode = 1, offset_index = 0
03-04 15:08:08.530  1001  4343 D ACDB-LOADER: ACDB -> send_asm_topology
03-04 15:08:08.530  1001  4343 D ACDB-LOADER: ACDB -> ACDB_CMD_GET_AUDPROC_STREAM_TOPOLOGY_ID
03-04 15:08:08.531  1001  4343 D ACDB-LOADER: ACDB -> send_adm_topology
03-04 15:08:08.531  1001  4343 D ACDB-LOADER: ACDB -> ACDB_CMD_GET_AUDPROC_COMMON_TOPOLOGY_ID
03-04 15:08:08.531  1001  4343 D ACDB-LOADER: ACDB -> send_audtable
03-04 15:08:08.531  1001  4343 D ACDB-LOADER: ACDB -> ACDB_CMD_GET_AUDPROC_INSTANCE_COMMON_TABLE_SIZE
03-04 15:08:08.531  1001  4343 D ACDB-LOADER: ACDB -> ACDB_CMD_GET_AUDPROC_INSTANCE_COMMON_TABLE
03-04 15:08:08.531  1001  4343 D ACDB-LOADER: ACDB -> AUDIO_SET_AUDPROC_CAL cal_type[11] acdb_id[14] app_type[69937]
03-04 15:08:08.531  1001  4343 D ACDB-LOADER: ACDB -> send_audvoltable
03-04 15:08:08.531  1001  4343 D ACDB-LOADER: ACDB -> ACDB_CMD_GET_AUDPROC_INSTANCE_GAIN_DEP_STEP_TABLE_SIZE
03-04 15:08:08.531  1001  4343 D android.hardware.audio.service: Failed to fetch the lookup information of the device 0000000E 
03-04 15:08:08.531  1001  4343 D ACDB-LOADER: Error: ACDB_CMD_GET_AUDPROC_INSTANCE_GAIN_DEP_STEP_TABLE_SIZE Returned = -19
03-04 15:08:08.531  1001  4343 D ACDB-LOADER: ACDB -> ACDB_CMD_GET_AUDPROC_INSTANCE_GAIN_DEP_STEP_TABLE, vol index 0
03-04 15:08:08.531  1001  4343 D android.hardware.audio.service: Failed to fetch the lookup information of the device 0000000E 
03-04 15:08:08.531  1001  4343 D ACDB-LOADER: Error: ACDB AudProc vol returned = -19
03-04 15:08:08.531  1001  4343 D ACDB-LOADER: ACDB -> AUDIO_SET_VOL_CAL cal type = 12
03-04 15:08:08.531  1001  4343 D ACDB-LOADER: ACDB -> ACDB_CMD_GET_AUDPROC_INSTANCE_STREAM_TABLE_SIZE
03-04 15:08:08.531  1001  4343 D ACDB-LOADER: ACDB -> send_audstrmtable
03-04 15:08:08.531  1001  4343 D ACDB-LOADER: ACDB -> ACDB_CMD_GET_AUDPROC_INSTANCE_STREAM_TABLE
03-04 15:08:08.531  1001  4343 D ACDB-LOADER: ACDB -> audstrm_cal->cal_type.cal_data.cal_size = 20
03-04 15:08:08.531  1001  4343 D ACDB-LOADER: ACDB -> send_afe_topology
03-04 15:08:08.531  1001  4343 D ACDB-LOADER: ACDB -> ACDB_CMD_GET_AFE_TOPOLOGY_ID
03-04 15:08:08.531  1001  4343 D ACDB-LOADER: ACDB -> GET_AFE_TOPOLOGY_ID for adcd_id 14, Topology Id 1000ff01
03-04 15:08:08.531  1001  4343 D ACDB-LOADER: ACDB -> send_afe_cal
03-04 15:08:08.531  1001  4343 D ACDB-LOADER: ACDB -> ACDB_CMD_GET_AFE_INSTANCE_COMMON_TABLE_SIZE
03-04 15:08:08.531  1001  4343 D ACDB-LOADER: ACDB -> ACDB_CMD_GET_AFE_INSTANCE_COMMON_TABLE
03-04 15:08:08.531  1001  4343 D ACDB-LOADER: ACDB -> AUDIO_SET_AFE_CAL cal_type[16] acdb_id[14]
03-04 15:08:08.531  1001  4343 D ACDB-LOADER: ACDB -> send_hw_delay : acdb_id = 14 path = 0
03-04 15:08:08.531  1001  4343 D ACDB-LOADER: ACDB -> ACDB_AVSYNC_INFO: ACDB_CMD_GET_DEVICE_PROPERTY
03-04 15:08:08.531  1001  4343 D audio_hw_primary: enable_audio_route: apply mixer and update path: low-latency-playback
03-04 15:08:08.531  1001  4343 D audio_route: Apply path: low-latency-playback
03-04 15:08:08.532  1106  2258 W VsyncModulator: setTransactionSchedule: Unexpected EarlyEnd
03-04 15:08:08.532  1001  4343 D audio_hw_primary: select_devices: done
03-04 15:08:08.532  1001  4343 D msm8974_platform: platform_set_channel_map mixer_ctl_name:Playback Channel Map9
03-04 15:08:08.532  1001  4343 D msm8974_platform: platform_set_channel_map: set mapping(1 2 0 0 0 0 0 0) for channel:2
03-04 15:08:08.538     0     0 I aw87xxx_mode_set_0: set mode:1 success
03-04 15:08:08.558     0     0 I afe_get_cal_topology_id: port_id = 0xb032 acdb_id = 14 topology_id = 0x1000ff01 cal_type_index=8 ret=0
03-04 15:08:08.560     0     0 I afe_send_hw_delay: port_id 0xb032 rate 48000 delay_usec 0 status 0
03-04 15:08:08.567     0     0 E q6asm_find_cal_by_buf_number: Can't find ASM Cal for cal_index 0 app_type 0 buffer_number 4
03-04 15:08:08.578     0     0 E q6asm_find_cal_by_buf_number: Can't find ASM Cal for cal_index 2 app_type 69937 buffer_number 8
03-04 15:08:08.590  1001  4343 D audio_hw_primary: start_output_stream: exit
03-04 15:08:08.590  1001  4343 D audio_hw_primary: out_write: retry previous failed cal level set
03-04 15:08:08.782  1001  2513 D audio_hw_primary: out_set_parameters: enter: usecase(1: low-latency-playback) kvpairs: suspend_playback=true
03-04 15:08:09.410  3176  3176 D TransmitPower: ProperSensorInfoNotifier:getProperSensorInfo() E : isCallActive = false, isScreenOn = true, isDataActive = true
03-04 15:08:09.410  3176  3176 D TransmitPower: ProperSensorInfoNotifier:getProperSensorInfo() X : shouldPowerOn = true, properDetectedValue = -1
03-04 15:08:09.410  3176  3176 D TransmitPower: AccSensorManager:onProperSensorInfoChanged()
03-04 15:08:09.413  2160 10927 W ServiceManager: Permission failure: android.permission.HIGH_SAMPLING_RATE_SENSORS from uid=10273 pid=3176
03-04 15:08:09.414  4751  4924 I android_os_HwBinder: HwBinder: Starting thread pool for getting: vendor.semc.system.idd@1.0::IIdd/default
03-04 15:08:09.416  1026  1026 I sensors-hal: batch:247, com.sonymoble.sensor.accelerometer/2012, period=100000000, max_latency=0
03-04 15:08:09.416  1026  1026 I sensors-hal: set_config:63, sample_period_ns is adjusted to 100000000 based on min/max delay_ns
03-04 15:08:09.416  1026  1026 I sensors-hal: batch:256, com.sonymoble.sensor.accelerometer/2012, period=100000000, max_latency=0 request completed
03-04 15:08:09.416  1026  1026 I sensors-hal: activate:214, com.sonymoble.sensor.accelerometer/2012 en=1
03-04 15:08:09.430  1026  1026 I sensors-hal: send_sync_sensor_request:358, send sync request
03-04 15:08:09.431  1026  1026 I sensors-hal: send_sync_sensor_request:384, wait for notification of response
03-04 15:08:09.432  1026 21940 I sensors-hal: ssc_conn_resp_cb:663, resp_value = 0
03-04 15:08:09.433  1026  1026 I sensors-hal: send_sync_sensor_request:390, takes 1 ms to receive the response with 0
03-04 15:08:09.433  1026  1026 I sensors-hal: activate:225, com.sonymoble.sensor.accelerometer/2012 en=1 completed
03-04 15:08:09.434  3176  3176 D TransmitPower: AccSensor(14476380):setAccSensorPower() : Power ON
03-04 15:08:09.434  3176  3176 D TransmitPower: AccSensorObserverMOTION_DETECTION:update(): detectedValue = -1
03-04 15:08:09.434  3176  3176 D TransmitPower: AccSensorObserverBHH_DETECTION:update(): detectedValue = -1
03-04 15:08:09.434  3176  3176 D TransmitPower: AccSensorObserverBHH_DIRECTION:update(): detectedValue = -1
03-04 15:08:09.434  3176  3176 D TransmitPower: TelephonyManagerObserver:onDataActivity() : subId = 2, isDataActive = true
03-04 15:08:09.438  1106  2258 W VsyncModulator: setTransactionSchedule: Unexpected EarlyEnd
03-04 15:08:09.488  3176  3176 D TransmitPower: AccSensorObserverBHH_DETECTION:onBHHDetected() : isDetected = true
03-04 15:08:09.490  3176  3176 D TransmitPower: TransmitPowerObserver:sendPowerBackOffFactor() : key = 2048, value = 2048, mCurrentValue = 2048
03-04 15:08:09.491  3176  3176 D TransmitPower: AccSensorObserverBHH_DIRECTION:onBHHStateChanged() : isRightSide = true
03-04 15:08:09.492  3176  4130 D TransmitPower: TransmitPowerService:setPowerBackOffFactor() : key = 2048, value = 2048
03-04 15:08:09.492  3176  4130 D TransmitPower: TransmitPowerService:calculateMCC() : simCount = 2, mMccList = {0=460}, result = 0
03-04 15:08:09.492  3176  4130 D TransmitPower: TransmitPowerService:ASDIV_VALUE_TABLE is null.
03-04 15:08:09.492  3176  3176 D TransmitPower: TransmitPowerObserver:sendPowerBackOffFactor() : key = 4096, value = 4096, mCurrentValue = 4096
03-04 15:08:09.492  3176  3176 D TransmitPower: AccSensorObserverMOTION_DETECTION:onMotionStateChanged() : isStable = false
03-04 15:08:09.493  3176  4130 D TransmitPower: TransmitPowerService:setPowerBackOffFactor() : key = 4096, value = 4096
03-04 15:08:09.494  3176  4130 D TransmitPower: TransmitPowerService:calculateMCC() : simCount = 2, mMccList = {0=460}, result = 0
03-04 15:08:09.494  3176  4130 D TransmitPower: TransmitPowerService:ASDIV_VALUE_TABLE is null.
03-04 15:08:09.494  3176  3176 D TransmitPower: TransmitPowerObserver:sendPowerBackOffFactor() : key = 8, value = 8, mCurrentValue = 8
03-04 15:08:09.495  3176  4130 D TransmitPower: TransmitPowerService:setPowerBackOffFactor() : key = 8, value = 8
03-04 15:08:09.495  3176  4130 D TransmitPower: TransmitPowerService:calculateMCC() : simCount = 2, mMccList = {0=460}, result = 0
03-04 15:08:09.496  3176  4130 D TransmitPower: TransmitPowerService:setBackOffDsi() : index = 4, mBackOffDsi = 0, newBackOffDsi = 4
03-04 15:08:09.497  2932  2932 D QcrilMsgTunnelIfaceManager: handleMessage what = 1
03-04 15:08:09.497  2932  2932 I QcrilOemhookMsgTunnel: [0]invokeOemRilRequestRaw: serial=1186 length=24
03-04 15:08:09.501  2932  3432 I QcrilOemhookMsgTunnel: [0]processOemHookResponse serial no: 1186 error: 40length=0
03-04 15:08:09.502  2932  3432 E QcRilRequest: [1186] < OEM_HOOK_RAW error: org.codeaurora.telephony.utils.CommandException: MODEM_ERR
03-04 15:08:09.502  2932  2932 D QcrilMsgTunnelIfaceManager: handleMessage what = 2
03-04 15:08:09.503  3176  4130 D QC_RIL_OEM_HOOK: sendOemRilRequestRaw returns value = -39
03-04 15:08:09.503  3176  4130 D TransmitPower: TransmitPowerService:setBackOffDsi failure.
03-04 15:08:09.587     0     0 I         : <I>CTS-Core ESD protection work
03-04 15:08:09.595   852 21927 I resolv  : retrying_poll: 61 retrying_poll timeout
03-04 15:08:09.595   852 21927 D resolv  : send_dg: 1
03-04 15:08:09.595   852 21927 I resolv  : res_nsend: used send_dg 0 terrno: 110
03-04 15:08:09.595   852 21927 I resolv  : res_stats_set_sample: rcode = 255, sec = 0
03-04 15:08:09.595   852 21927 I resolv  : res_cache_add_stats_sample_locked: adding sample to stats, next = 8, count = 8
03-04 15:08:09.596   852 21927 D resolv  : res_nsend: Querying server (# 2) address = 211.137.130.2:53
03-04 15:08:09.597   852 21927 I resolv  : get_timeout: using timeout of 5000 msec
03-04 15:08:09.597   852 21927 I resolv  : retrying_poll: 61 retrying_poll
03-04 15:08:09.783  1001  2513 D audio_hw_primary: out_set_parameters: enter: usecase(1: low-latency-playback) kvpairs: suspend_playback=false
03-04 15:08:09.784  1001  4343 W audio_hw_primary: out_write: underrun(226) frames_by_time(48307) > out->last_fifo_frames_remaining(384)
03-04 15:08:09.787 20799 20799 I DialerCallLogRowActions: com.android.dialer.calllogutils.CallLogRowActions.startCallForRow:94 Phone account component name: com.android.phone/com.android.services.telephony.TelephonyConnectionService
03-04 15:08:09.789 20799 20799 I DialerLogcatLoggingBindings: com.android.dialer.logging.logcat.LogcatLoggingBindings.logImpression:46 Impression: OUTGOING_CALL_STARTED_WITHOUT_CALLEE_ID
03-04 15:08:09.789  1106  2258 W VsyncModulator: setTransactionSchedule: Unexpected EarlyEnd
03-04 15:08:09.789 20799 20799 I DialerLogcatLoggingBindings: com.android.dialer.logging.logcat.LogcatLoggingBindings.logImpression:41 Impression: PRECALL_INITIATED
03-04 15:08:09.796 20799 20799 I DialerPreCallImpl: com.android.dialer.precall.impl.PreCallImpl.buildIntent:118 No UI requested, running pre-call directly
03-04 15:08:09.796 20799 20799 I DialerRttConfigurationCacheImpl: com.android.dialer.rtt.settings.impl.configuration.RttConfigurationCacheImpl.getCachedRttConfiguration:60 successfully fetched rtt configuration: UNSUPPORTED
--------- beginning of system
03-04 15:08:09.803  2160  4540 I Telecom : UserCallIntentProcessor: sendIntentToDestination: send intent to Telecom directly.: TSI.pC@CTw
03-04 15:08:09.803  2160  4540 I Telecom : CallIntentProcessor: onReceive - isUnknownCall: false: TSI.pC@CTw
03-04 15:08:09.805 10726 10749 D SubscriptionController: [getSubId]- numSubIds == 0, return null slotIndex=1
03-04 15:08:09.805  3176  3176 D TransmitPower: AccSensorObserverBHH_DETECTION:onBHHDetected() : isDetected = false
03-04 15:08:09.806  2160  4540 I Telecom : TelecomAnalytics: Starting analytics for call TC@5: TSI.pC@CTw
03-04 15:08:09.806  2160  4540 I Telecom : LogUtils: EventRecord added as Call: [Call id=TC@5, state=NEW, tpac=null, cmgr=null, handle=tel:*********06, vidst=A, childs(0), has_parent(false), cap=[], prop=[]]: TSI.pC@CTw
03-04 15:08:09.806  2160  2160 I Telecom : TelecomSystem: CallerInfoAsyncQuery.startQuery number=*** cookie=TSI.pC->CILH.sL->CILH.sL@CTw: TSI.pC->CILH.sL@CTw
03-04 15:08:09.806  2160  4540 I Telecom : Event: RecordEntry TC@5: CREATED, com.google.android.dialer: TSI.pC@CTw
03-04 15:08:09.806  3176  3176 D TransmitPower: TransmitPowerObserver:sendPowerBackOffFactor() : key = 2048, value = 0, mCurrentValue = 0
03-04 15:08:09.806  3176  3176 D TransmitPower: AccSensorObserverBHH_DIRECTION:onBHHStateChanged() : isRightSide = false
03-04 15:08:09.807  2160  4540 I Telecom : CallerInfoLookupHelper: There is a previously incomplete query for handle tel:*********06. Adding to listeners for this query.: TSI.pC@CTw
03-04 15:08:09.807  3176  4130 D TransmitPower: TransmitPowerService:setPowerBackOffFactor() : key = 2048, value = 0
03-04 15:08:09.807  3176  4130 D TransmitPower: TransmitPowerService:calculateMCC() : simCount = 2, mMccList = {0=460}, result = 0
03-04 15:08:09.807  3176  4130 D TransmitPower: TransmitPowerService:ASDIV_VALUE_TABLE is null.
03-04 15:08:09.808  3176  3176 D TransmitPower: TransmitPowerObserver:sendPowerBackOffFactor() : key = 4096, value = 0, mCurrentValue = 0
03-04 15:08:09.808 10726 11235 D GsmCdmaPhone: [0] getVoiceMailNumber: from IccRecords number=[hQGjAiI_A49KEp4PWGhsPrjL2Lg]
03-04 15:08:09.808  3176  3176 D TransmitPower: AccSensorObserverMOTION_DETECTION:onMotionStateChanged() : isStable = false
03-04 15:08:09.808  3176  4130 D TransmitPower: TransmitPowerService:setPowerBackOffFactor() : key = 4096, value = 0
03-04 15:08:09.808  3176  4130 D TransmitPower: TransmitPowerService:calculateMCC() : simCount = 2, mMccList = {0=460}, result = 0
03-04 15:08:09.808  3176  4130 D TransmitPower: TransmitPowerService:ASDIV_VALUE_TABLE is null.
03-04 15:08:09.817  2160  2160 I Telecom : CallsManager: call outgoing call suggestion service stage: TSI.pC->CM.fOCP->CM.cOCSS@CTw
03-04 15:08:09.817  2160  2160 I Telecom : CallsManager: set outgoing call phone acct stage: TSI.pC->CM.fOCP->CM.sOCPA@CTw
03-04 15:08:09.818  2160  2160 I Telecom : Event: RecordEntry TC@5: CONNECTION_EVENT, org.codeaurora.telecom.event.EVENT_PHONE_ACCOUNT_CHANGED: TSI.pC->CM.fOCP->CM.sOCPA@CTw
03-04 15:08:09.819  2160  2160 I Telecom : CallsManager: make room for outgoing call stage: TSI.pC->CM.fOCP->CM.sOCPA->CM.dSMCP@CTw
03-04 15:08:09.820  2160  2160 I Telecom : CallsManager: dialer phone acct select stage: TSI.pC->CM.fOCP->CM.sOCPA->CM.dSMCP->CM.dSPA@CTw
03-04 15:08:09.820  2160  2160 I Telecom : CallsManager: post acct selection stage: TSI.pC->CM.fOCP->CM.sOCPA->CM.dSMCP->CM.dSPA->CM.pASP@CTw
03-04 15:08:09.820  2160  2160 I Telecom : Event: RecordEntry TC@5: SET_CONNECTING, ComponentInfo{com.android.phone/com.android.services.telephony.TelephonyConnectionService}, ***, UserHandle{0}: TSI.pC->CM.fOCP->CM.sOCPA->CM.dSMCP->CM.dSPA->CM.pASP@CTw
03-04 15:08:09.823 10726 11235 D GsmCdmaPhone: [0] getVoiceMailNumber: from IccRecords number=[hQGjAiI_A49KEp4PWGhsPrjL2Lg]
03-04 15:08:09.834  2160  2160 I Telecom : CallsManager: addCall([Call id=TC@5, state=CONNECTING, tpac=ComponentInfo{com.android.phone/com.android.services.telephony.TelephonyConnectionService}, ***, UserHandle{0}, cmgr=null, handle=tel:*********06, vidst=A, childs(0), has_parent(false), cap=[], prop=[]]): TSI.pC->CM.fOCP->CM.sOCPA->CM.dSMCP->CM.dSPA->CM.pASP@CTw
03-04 15:08:09.835  2160  3383 I Telecom : CallAudioRouteStateMachine: Message received: UPDATE_SYSTEM_AUDIO_ROUTE=1201, arg1=0: TSI.pC->CM.fOCP->CM.sOCPA->CM.dSMCP->CM.dSPA->CM.pASP->CARSM.pM_UPDATE_SYSTEM_AUDIO_ROUTE@CTw
03-04 15:08:09.835  2160  3383 I Telecom : QuiescentEarpieceRoute: Processing message UPDATE_SYSTEM_AUDIO_ROUTE: TSI.pC->CM.fOCP->CM.sOCPA->CM.dSMCP->CM.dSPA->CM.pASP->CARSM.pM_UPDATE_SYSTEM_AUDIO_ROUTE@CTw
03-04 15:08:09.835  2160  3383 I Telecom : BluetoothRouteManager: getBluetoothAudioConnectedDevice: no service available.: TSI.pC->CM.fOCP->CM.sOCPA->CM.dSMCP->CM.dSPA->CM.pASP->CARSM.pM_UPDATE_SYSTEM_AUDIO_ROUTE@CTw
03-04 15:08:09.836  2160  3386 I Telecom : CallAudioModeStateMachine: Message received: NEW_ACTIVE_OR_DIALING_CALL.: TSI.pC->CM.fOCP->CM.sOCPA->CM.dSMCP->CM.dSPA->CM.pASP->CAMSM.pM_2001@CTw
03-04 15:08:09.836  2160  3386 I Telecom : CallAudioModeStateMachine: Audio focus entering SIM CALL state: TSI.pC->CM.fOCP->CM.sOCPA->CM.dSMCP->CM.dSPA->CM.pASP->CAMSM.pM_2001@CTw
03-04 15:08:09.836  2160  2160 I Telecom : InCallController: onCallAdded: [Call id=TC@5, state=CONNECTING, tpac=ComponentInfo{com.android.phone/com.android.services.telephony.TelephonyConnectionService}, ***, UserHandle{0}, cmgr=null, handle=tel:*********06, vidst=A, childs(0), has_parent(false), cap=[], prop=[]]; not bound or connected.: TSI.pC->CM.fOCP->CM.sOCPA->CM.dSMCP->CM.dSPA->CM.pASP@CTw
03-04 15:08:09.836  2160  2160 I Telecom : InCallController: defaultDialer: [ComponentInfo{com.google.android.dialer/com.android.incallui.InCallServiceImpl} supportsExternal? true supportsSelfMg?false]: TSI.pC->CM.fOCP->CM.sOCPA->CM.dSMCP->CM.dSPA->CM.pASP@CTw
03-04 15:08:09.837  2160  2160 I Telecom : InCallController: defaultDialer: null: TSI.pC->CM.fOCP->CM.sOCPA->CM.dSMCP->CM.dSPA->CM.pASP@CTw
03-04 15:08:09.837  2160  3386 I MediaFocusControl: requestAudioFocus() from uid/pid 1000/2160 AA=USAGE_VOICE_COMMUNICATION/CONTENT_TYPE_SPEECH clientId=AudioFocus_For_Phone_Ring_And_Calls callingPack=com.android.server.telecom req=2 flags=0x4 sdk=0
03-04 15:08:09.837  2160  3386 I AudioService.FadeOutManager: unfadeOutUid() uid:1000
03-04 15:08:09.838  2160  2160 I Telecom : CarSwappingInCallServiceConnection: chooseInitialInCallService: false => false: TSI.pC->CM.fOCP->CM.sOCPA->CM.dSMCP->CM.dSPA->CM.pASP@CTw
03-04 15:08:09.839  2160  2160 I Telecom : EmergencyCallHelper: ShouldGrantTemporaryLocationPermission, not emergency: TSI.pC->CM.fOCP->CM.sOCPA->CM.dSMCP->CM.dSPA->CM.pASP@CTw
03-04 15:08:09.839  2160  2160 I Telecom : EmergencyInCallServiceConnection: Attempting to bind to InCall [ComponentInfo{com.google.android.dialer/com.android.incallui.InCallServiceImpl} supportsExternal? true supportsSelfMg?false], with Intent { act=android.telecom.InCallService cmp=com.google.android.dialer/com.android.incallui.InCallServiceImpl (has extras) }: TSI.pC->CM.fOCP->CM.sOCPA->CM.dSMCP->CM.dSPA->CM.pASP@CTw
03-04 15:08:09.840  2160  2160 D CompatibilityInfo: mCompatibilityFlags - 0
03-04 15:08:09.840  2160  2160 D CompatibilityInfo: applicationDensity - 300
03-04 15:08:09.840  2160  2160 D CompatibilityInfo: applicationScale - 1.0
03-04 15:08:09.841  1001  2513 D audio_hw_primary: adev_get_parameters:vr_audio_mode_on
03-04 15:08:09.841  1093  3307 I hash_map_utils: system/bt/osi/src/hash_map_utils.cc:81 hash_map_utils_dump_string_keys_string_values: key: 'vr_audio_mode_on' value: ''
03-04 15:08:09.841  2160  2160 I Telecom : EmergencyInCallServiceConnection: mCall: [Call id=TC@5, state=CONNECTING, tpac=ComponentInfo{com.android.phone/com.android.services.telephony.TelephonyConnectionService}, ***, UserHandle{0}, cmgr=null, handle=tel:*********06, vidst=A, childs(0), has_parent(false), cap=[], prop=[]], mIsConnected: true: TSI.pC->CM.fOCP->CM.sOCPA->CM.dSMCP->CM.dSPA->CM.pASP@CTw
03-04 15:08:09.844  2160  2160 I Telecom : InCallServiceBindingConnection: Attempting to bind to InCall [ComponentInfo{com.android.server.telecom/com.android.server.telecom.AmInCallService$InCallServiceImpl} supportsExternal? false supportsSelfMg?false], with Intent { act=android.telecom.InCallService cmp=com.android.server.telecom/.AmInCallService$InCallServiceImpl (has extras) }: TSI.pC->CM.fOCP->CM.sOCPA->CM.dSMCP->CM.dSPA->CM.pASP@CTw
03-04 15:08:09.844  1093  3307 D AudioFlinger: Client defaulted notificationFrames to 192 for frameCount 960
03-04 15:08:09.844  1001  2513 D audio_hw_primary: adev_set_mode: mode 2 , prev_mode 0 
03-04 15:08:09.846  2160  2160 D CompatibilityInfo: mCompatibilityFlags - 0
03-04 15:08:09.846  2160  2160 D CompatibilityInfo: applicationDensity - 300
03-04 15:08:09.846  2160  2160 D CompatibilityInfo: applicationScale - 1.0
03-04 15:08:09.847  1093  3307 D AF::TrackHandle: OpPlayAudio: track:78 usage:3 not muted
03-04 15:08:09.847  2160  2160 I Telecom : InCallServiceBindingConnection: mCall: [Call id=TC@5, state=CONNECTING, tpac=ComponentInfo{com.android.phone/com.android.services.telephony.TelephonyConnectionService}, ***, UserHandle{0}, cmgr=null, handle=tel:*********06, vidst=A, childs(0), has_parent(false), cap=[], prop=[]], mIsConnected: true: TSI.pC->CM.fOCP->CM.sOCPA->CM.dSMCP->CM.dSPA->CM.pASP@CTw
03-04 15:08:09.847  2160  2160 I Telecom : InCallServiceBindingConnection: Attempting to bind to InCall [ComponentInfo{com.sonymobile.telephony.extension/com.sonymobile.telephony.extension.analytics.CallAnalyticsManagerService} supportsExternal? false supportsSelfMg?false], with Intent { act=android.telecom.InCallService cmp=com.sonymobile.telephony.extension/.analytics.CallAnalyticsManagerService (has extras) }: TSI.pC->CM.fOCP->CM.sOCPA->CM.dSMCP->CM.dSPA->CM.pASP@CTw
03-04 15:08:09.848 20799 20799 I DialerPrivate: com.android.dialer.callqualityrating.impl.legacy.LegacyCallQualityRatingImplModule.provideCallQualityRatingListener:30 returning impl
03-04 15:08:09.848 20799 20799 I DialerWhisperCallScreenModule: com.android.incallui.callscreen.module.impl.WhisperCallScreenModule.provideCallScreenManager:75 returning CallScreenManagerStub
03-04 15:08:09.849 20799 20799 I DialerDialerGlobalContentObservers: com.android.dialer.globalcontentobserver.DialerGlobalContentObservers.registerAll:49 registering DialerBlockedNumberGlobalContentObserver
03-04 15:08:09.849 20799 20799 I DialerDialerGlobalContentObservers: com.android.dialer.globalcontentobserver.DialerGlobalContentObservers.lambda$registerAll$1:55 DialerBlockedNumberGlobalContentObserver already registered
03-04 15:08:09.849 20799 20799 I DialerDialerGlobalContentObservers: com.android.dialer.globalcontentobserver.DialerGlobalContentObservers.registerAll:49 registering SuggestContactsGlobalContentObserver
03-04 15:08:09.849 20799 20799 I DialerDialerGlobalContentObservers: com.android.dialer.globalcontentobserver.DialerGlobalContentObservers.lambda$registerAll$1:55 SuggestContactsGlobalContentObserver already registered
03-04 15:08:09.849 20799 20799 I DialerDialerGlobalContentObservers: com.android.dialer.globalcontentobserver.DialerGlobalContentObservers.registerAll:49 registering SystemBlockedNumberGlobalContentObserver
03-04 15:08:09.849 20799 20799 I DialerDialerGlobalContentObservers: com.android.dialer.globalcontentobserver.DialerGlobalContentObservers.lambda$registerAll$1:55 SystemBlockedNumberGlobalContentObserver already registered
03-04 15:08:09.849 20799 20799 I DialerDialerGlobalContentObservers: com.android.dialer.globalcontentobserver.DialerGlobalContentObservers.registerAll:49 registering SystemCallLogGlobalContentObserver
03-04 15:08:09.849 20799 20799 I DialerDialerGlobalContentObservers: com.android.dialer.globalcontentobserver.DialerGlobalContentObservers.lambda$registerAll$1:55 SystemCallLogGlobalContentObserver already registered
03-04 15:08:09.849 20799 20799 I DialerDialerGlobalContentObservers: com.android.dialer.globalcontentobserver.DialerGlobalContentObservers.registerAll:49 registering DialerBlockedNumberGlobalContentObserver
03-04 15:08:09.849 20799 20799 I DialerDialerGlobalContentObservers: com.android.dialer.globalcontentobserver.DialerGlobalContentObservers.lambda$registerAll$1:55 DialerBlockedNumberGlobalContentObserver already registered
03-04 15:08:09.850 20799 20799 I DialerDialerGlobalContentObservers: com.android.dialer.globalcontentobserver.DialerGlobalContentObservers.registerAll:49 registering SuggestContactsGlobalContentObserver
03-04 15:08:09.850  2160  2160 D CompatibilityInfo: mCompatibilityFlags - 0
03-04 15:08:09.850  2160  2160 D CompatibilityInfo: applicationDensity - 300
03-04 15:08:09.850 20799 20799 I DialerDialerGlobalContentObservers: com.android.dialer.globalcontentobserver.DialerGlobalContentObservers.lambda$registerAll$1:55 SuggestContactsGlobalContentObserver already registered
03-04 15:08:09.850  2160  2160 D CompatibilityInfo: applicationScale - 1.0
03-04 15:08:09.850 20799 20799 I DialerDialerGlobalContentObservers: com.android.dialer.globalcontentobserver.DialerGlobalContentObservers.registerAll:49 registering SystemBlockedNumberGlobalContentObserver
03-04 15:08:09.850 20799 20799 I DialerDialerGlobalContentObservers: com.android.dialer.globalcontentobserver.DialerGlobalContentObservers.lambda$registerAll$1:55 SystemBlockedNumberGlobalContentObserver already registered
03-04 15:08:09.850 20799 20799 I DialerDialerGlobalContentObservers: com.android.dialer.globalcontentobserver.DialerGlobalContentObservers.registerAll:49 registering SystemCallLogGlobalContentObserver
03-04 15:08:09.851 20799 20799 I DialerDialerGlobalContentObservers: com.android.dialer.globalcontentobserver.DialerGlobalContentObservers.lambda$registerAll$1:55 SystemCallLogGlobalContentObserver already registered
03-04 15:08:09.851  2160 16476 I AudioTrack: createTrack_l(8): AUDIO_OUTPUT_FLAG_FAST successful; frameCount 960 -> 960
03-04 15:08:09.851  2160  2160 I Telecom : InCallServiceBindingConnection: mCall: [Call id=TC@5, state=CONNECTING, tpac=ComponentInfo{com.android.phone/com.android.services.telephony.TelephonyConnectionService}, ***, UserHandle{0}, cmgr=null, handle=tel:*********06, vidst=A, childs(0), has_parent(false), cap=[], prop=[]], mIsConnected: true: TSI.pC->CM.fOCP->CM.sOCPA->CM.dSMCP->CM.dSPA->CM.pASP@CTw
03-04 15:08:09.851  2160  2160 I Telecom : InCallServiceBindingConnection: Attempting to bind to InCall [ComponentInfo{com.sonymobile.transmitpower/com.sonymobile.transmitpower.util.InCallServiceObserver$InCallServiceImpl} supportsExternal? false supportsSelfMg?true], with Intent { act=android.telecom.InCallService cmp=com.sonymobile.transmitpower/.util.InCallServiceObserver$InCallServiceImpl (has extras) }: TSI.pC->CM.fOCP->CM.sOCPA->CM.dSMCP->CM.dSPA->CM.pASP@CTw
03-04 15:08:09.854  2160  2160 I service_manager_stats: [100,178,25876]
03-04 15:08:09.854  2160  2160 D CompatibilityInfo: mCompatibilityFlags - 0
03-04 15:08:09.854  2160  2160 D CompatibilityInfo: applicationDensity - 300
03-04 15:08:09.854  2160  2160 D CompatibilityInfo: applicationScale - 1.0
03-04 15:08:09.855  2160  2160 I Telecom : InCallServiceBindingConnection: mCall: [Call id=TC@5, state=CONNECTING, tpac=ComponentInfo{com.android.phone/com.android.services.telephony.TelephonyConnectionService}, ***, UserHandle{0}, cmgr=null, handle=tel:*********06, vidst=A, childs(0), has_parent(false), cap=[], prop=[]], mIsConnected: true: TSI.pC->CM.fOCP->CM.sOCPA->CM.dSMCP->CM.dSPA->CM.pASP@CTw
03-04 15:08:09.856  2160  2160 I Telecom : CallDiagnosticServiceController: bindCallDiagnosticService: no package; skip binding.: TSI.pC->CM.fOCP->CM.sOCPA->CM.dSMCP->CM.dSPA->CM.pASP@CTw
03-04 15:08:09.856  2160  2160 I Telecom : TelecomWakeLock: WakeLock already released with id: 26: TSI.pC->CM.fOCP->CM.sOCPA->CM.dSMCP->CM.dSPA->CM.pASP@CTw
03-04 15:08:09.856  2160  2160 I Telecom : InCallWakeLockController: Releasing full wake lock: TSI.pC->CM.fOCP->CM.sOCPA->CM.dSMCP->CM.dSPA->CM.pASP@CTw
03-04 15:08:09.856  2160  2160 I Telecom : IncomingCallNotifier: updateIncomingCall: foundIncomingcall = null: TSI.pC->CM.fOCP->CM.sOCPA->CM.dSMCP->CM.dSPA->CM.pASP@CTw
03-04 15:08:09.857  2160  2160 I Telecom : CallRedirectionProcessorHelper: formatNumberToE164, original number: ***: TSI.pC->CIP.sNOCI@CTw
03-04 15:08:09.858  2160  2160 I Telecom : CallRedirectionProcessorHelper: formatNumberToE164, formatted E164 number: null: TSI.pC->CIP.sNOCI@CTw
03-04 15:08:09.858  2160  2160 I Telecom : CallRedirectionProcessorHelper: removePostDialDigits, number after being extracted post dial digits: ***: TSI.pC->CIP.sNOCI@CTw
03-04 15:08:09.858  2160  2160 I Telecom : CallRedirectionProcessorHelper: PackageName is empty. Not performing user-defined call redirection.: TSI.pC->CIP.sNOCI@CTw
03-04 15:08:09.861  2160  2160 I Telecom : CallRedirectionProcessorHelper: Cannot get carrier componentNameString.: TSI.pC->CIP.sNOCI@CTw
03-04 15:08:09.861  2160  2160 I Telecom : CallRedirectionProcessor: Can make call redirection with any available service: false: TSI.pC->CIP.sNOCI@CTw
03-04 15:08:09.861  2160  2160 I Telecom : NewOutgoingCallIntentBroadcaster: Sending NewOutgoingCallBroadcast for [Call id=TC@5, state=CONNECTING, tpac=ComponentInfo{com.android.phone/com.android.services.telephony.TelephonyConnectionService}, ***, UserHandle{0}, cmgr=null, handle=tel:*********06, vidst=A, childs(0), has_parent(false), cap=[], prop=[]] to UserHandle{0}: TSI.pC->CIP.sNOCI@CTw
03-04 15:08:09.862  2160  2160 W Telecom : Logging: Log.endSession was called with no session active.
03-04 15:08:09.862  2160  2362 W BroadcastQueue: Permission Denial: receiving Intent { act=android.intent.action.NEW_OUTGOING_CALL flg=0x11000010 (has extras) } to jp.softbank.mb.parentalcontrols/jp.co.daj.consumer.ifilter.blocker.CallReceiver requires android.permission.PROCESS_OUTGOING_CALLS due to sender android (uid 1000)
03-04 15:08:09.863  2160  3383 I Telecom : CallAudioRouteStateMachine: setSystemAudioState: changing from [AudioState isMuted: false, route: EARPIECE, supportedRouteMask: EARPIECE, SPEAKER, activeBluetoothDevice: [null], supportedBluetoothDevices: []] to [AudioState isMuted: false, route: EARPIECE, supportedRouteMask: EARPIECE, SPEAKER, activeBluetoothDevice: [null], supportedBluetoothDevices: []]: TSI.pC->CM.fOCP->CM.sOCPA->CM.dSMCP->CM.dSPA->CM.pASP->CARSM.pM_UPDATE_SYSTEM_AUDIO_ROUTE@CTw
03-04 15:08:09.864  2160  3383 I Telecom : CallAudioRouteStateMachine: Message received: SWITCH_FOCUS=4001, arg1=2: TSI.pC->CM.fOCP->CM.sOCPA->CM.dSMCP->CM.dSPA->CM.pASP->CAMSM.pM_2001->CARSM.pM_SWITCH_FOCUS@CTw
03-04 15:08:09.864  2160  3383 I Telecom : QuiescentEarpieceRoute: Processing message SWITCH_FOCUS: TSI.pC->CM.fOCP->CM.sOCPA->CM.dSMCP->CM.dSPA->CM.pASP->CAMSM.pM_2001->CARSM.pM_SWITCH_FOCUS@CTw
03-04 15:08:09.865  2160  2160 D MediaSessionService: Global priority session is updated, active=true
03-04 15:08:09.865  2160  3383 I Telecom : Event: RecordEntry TC@5: AUDIO_ROUTE, Leaving state QuiescentEarpieceRoute: TSI.pC->CM.fOCP->CM.sOCPA->CM.dSMCP->CM.dSPA->CM.pASP->CAMSM.pM_2001->CARSM.pM_SWITCH_FOCUS@CTw
03-04 15:08:09.865  2160  3383 I Telecom : Event: RecordEntry TC@5: AUDIO_ROUTE, Entering state ActiveEarpieceRoute: TSI.pC->CM.fOCP->CM.sOCPA->CM.dSMCP->CM.dSPA->CM.pASP->CAMSM.pM_2001->CARSM.pM_SWITCH_FOCUS@CTw
03-04 15:08:09.866  2160  3383 I Telecom : Event: RecordEntry TC@5: AUDIO_ROUTE_EARPIECE, null: TSI.pC->CM.fOCP->CM.sOCPA->CM.dSMCP->CM.dSPA->CM.pASP->CAMSM.pM_2001->CARSM.pM_SWITCH_FOCUS@CTw
03-04 15:08:09.866  2160  3383 I Telecom : CallAudioRouteStateMachine: turning speaker phone false: TSI.pC->CM.fOCP->CM.sOCPA->CM.dSMCP->CM.dSPA->CM.pASP->CAMSM.pM_2001->CARSM.pM_SWITCH_FOCUS@CTw
03-04 15:08:09.866  2160  3383 I AudioManager: In setSpeakerphoneOn(), on: false, calling application: com.android.server.telecom
03-04 15:08:09.866  2160  3383 I AS.AudioService: In setSpeakerphoneOn(), on: false, eventSource: setSpeakerphoneOn(false) from u/pid:1000/2160
03-04 15:08:09.869  2160  2160 I Telecom : InCallController: onConnected to ComponentInfo{com.sonymobile.telephony.extension/com.sonymobile.telephony.extension.analytics.CallAnalyticsManagerService}: ICSBC.oSC(cste)@CT0
03-04 15:08:09.869  2160  2160 I Telecom : InCallController: Adding 1 calls to InCallService after onConnected: ComponentInfo{com.sonymobile.telephony.extension/com.sonymobile.telephony.extension.analytics.CallAnalyticsManagerService}, including external calls: ICSBC.oSC(cste)@CT0
03-04 15:08:09.870  2160  2160 W Telecom : Call: maybeOnInCallServiceTrackingChanged() request on a call without a connection service.: ICSBC.oSC(cste)@CT0
03-04 15:08:09.871  2160  2160 I Telecom : InCallController: 1 calls sent to InCallService.: ICSBC.oSC(cste)@CT0
03-04 15:08:09.871  2160  2160 I Telecom : InCallController: onConnected to ComponentInfo{com.sonymobile.transmitpower/com.sonymobile.transmitpower.util.InCallServiceObserver$InCallServiceImpl}: ICSBC.oSC(cst)@CT4
03-04 15:08:09.871  2160  2160 I Telecom : InCallController: Adding 1 calls to InCallService after onConnected: ComponentInfo{com.sonymobile.transmitpower/com.sonymobile.transmitpower.util.InCallServiceObserver$InCallServiceImpl}, including external calls: ICSBC.oSC(cst)@CT4
03-04 15:08:09.872  2160  2160 W Telecom : Call: maybeOnInCallServiceTrackingChanged() request on a call without a connection service.: ICSBC.oSC(cst)@CT4
03-04 15:08:09.872  2160  2160 I Telecom : InCallController: 1 calls sent to InCallService.: ICSBC.oSC(cst)@CT4
03-04 15:08:09.873  3176  3176 D TransmitPower: InCallServiceObserver:onCallAudioStateChanged() E : CallAudioState = [AudioState isMuted: false, route: EARPIECE, supportedRouteMask: EARPIECE, SPEAKER, activeBluetoothDevice: [null], supportedBluetoothDevices: []]
03-04 15:08:09.873  3176  3176 D TransmitPower: InCallServiceObserver:onCallAudioStateChanged() X : Call state is not ACTIVE
