03-05 20:02:51.887   850  1529 D PhoneFactory: getPhone:- phoneId != DEFAULT_PHONE_ID return sPhones[phoneId] phoneId=0 phone=Handler (com.android.internal.telephony.GsmCdmaPhone) {84d053}
03-05 20:02:52.243   461   552 I WatchlistLoggingHandler: handleNetworkEvent with host: null, uid: 1073
03-05 20:02:52.638   850   850 D DCT-C-0 : updateDataActivity: curTxRxSum={txSum=269 rxSum=151} preTxRxSum={txSum=267 rxSum=151}
03-05 20:02:52.638   850   850 D DCT-C-0 : updateDataActivity: sent=2 received=0
03-05 20:02:52.638   850   850 D DCT-C-0 : updateDataActivity: newActivity=DATAOUT
03-05 20:02:52.638   850   850 D SubscriptionController: [getSubId]+ slotIndex=0
03-05 20:02:52.638   850   850 D SubscriptionController: [getSubId]- subIdArr=[I@26b5138
03-05 20:02:52.639   461  1201 D SubscriptionManager: [getActiveSubscriptionInfo]+ subId=1
03-05 20:02:52.640   850   850 D SubscriptionController: [getActiveSubscriptionInfo]+ subId=1 subInfo={id=1 iccId=89014103211118510720 simSlotIndex=0 carrierId=1 displayName=T-Mobile carrierName=T-Mobile nameSource=3 iconTint=-16746133 number=+15555215554 dataRoaming=0 iconBitmap=android.graphics.Bitmap@5bf6bb5 mcc=310 mnc=260 countryIso=us isEmbedded=false nativeAccessRules=null cardString=89014103211118510720 cardId=-1 isOpportunistic=false groupUUID=null isGroupDisabled=false profileClass=-1 ehplmns=null hplmns=null subscriptionType=0 groupOwner=null carrierConfigAccessRules=null areUiccApplicationsEnabled=true}
03-05 20:02:52.859   461  1964 I commit_sys_config_file: [appops,7]
03-05 20:02:53.647   850   850 D DCT-C-0 : updateDataActivity: curTxRxSum={txSum=270 rxSum=152} preTxRxSum={txSum=269 rxSum=151}
03-05 20:02:53.647   850   850 D DCT-C-0 : updateDataActivity: sent=1 received=1
03-05 20:02:53.647   850   850 D DCT-C-0 : updateDataActivity: newActivity=DATAINANDOUT
03-05 20:02:53.647   850   850 D SubscriptionController: [getSubId]+ slotIndex=0
03-05 20:02:53.648   850   850 D SubscriptionController: [getSubId]- subIdArr=[I@3c0d511
03-05 20:02:53.648   461  1201 D SubscriptionManager: [getActiveSubscriptionInfo]+ subId=1
03-05 20:02:53.650   850   850 D SubscriptionController: [getActiveSubscriptionInfo]+ subId=1 subInfo={id=1 iccId=89014103211118510720 simSlotIndex=0 carrierId=1 displayName=T-Mobile carrierName=T-Mobile nameSource=3 iconTint=-16746133 number=+15555215554 dataRoaming=0 iconBitmap=android.graphics.Bitmap@5bf6bb5 mcc=310 mnc=260 countryIso=us isEmbedded=false nativeAccessRules=null cardString=89014103211118510720 cardId=-1 isOpportunistic=false groupUUID=null isGroupDisabled=false profileClass=-1 ehplmns=null hplmns=null subscriptionType=0 groupOwner=null carrierConfigAccessRules=null areUiccApplicationsEnabled=true}
03-05 20:02:54.658   850   850 D DCT-C-0 : updateDataActivity: curTxRxSum={txSum=271 rxSum=153} preTxRxSum={txSum=270 rxSum=152}
03-05 20:02:54.658   850   850 D DCT-C-0 : updateDataActivity: sent=1 received=1
--------- beginning of kernel
03-05 20:02:50.931     0     0 I chatty  : uid=0(root) logd identical 4 lines
03-05 20:02:51.001     0     0 I init    : processing action (sys.sysctl.tcp_def_init_rwnd=*) from (/system/etc/init/hw/init.rc:994)
03-05 20:02:55.269     0     0 D logd    : logdr: UID=0 GID=0 PID=2016 b tail=0 logMask=ff pid=0 start=0ns timeout=0ns
03-05 20:02:55.662   850   850 D DCT-C-0 : updateDataActivity: curTxRxSum={txSum=272 rxSum=153} preTxRxSum={txSum=271 rxSum=153}
03-05 20:02:55.662   850   850 D DCT-C-0 : updateDataActivity: sent=1 received=0
03-05 20:02:55.662   850   850 D DCT-C-0 : updateDataActivity: newActivity=DATAOUT
03-05 20:02:55.663   850   850 D SubscriptionController: [getSubId]+ slotIndex=0
03-05 20:02:55.663   850   850 D SubscriptionController: [getSubId]- subIdArr=[I@62c1676
03-05 20:02:55.664   461  1201 D SubscriptionManager: [getActiveSubscriptionInfo]+ subId=1
03-05 20:02:55.665   850   850 D SubscriptionController: [getActiveSubscriptionInfo]+ subId=1 subInfo={id=1 iccId=89014103211118510720 simSlotIndex=0 carrierId=1 displayName=T-Mobile carrierName=T-Mobile nameSource=3 iconTint=-16746133 number=+15555215554 dataRoaming=0 iconBitmap=android.graphics.Bitmap@5bf6bb5 mcc=310 mnc=260 countryIso=us isEmbedded=false nativeAccessRules=null cardString=89014103211118510720 cardId=-1 isOpportunistic=false groupUUID=null isGroupDisabled=false profileClass=-1 ehplmns=null hplmns=null subscriptionType=0 groupOwner=null carrierConfigAccessRules=null areUiccApplicationsEnabled=true}
03-05 20:02:56.669   850   850 D DCT-C-0 : updateDataActivity: curTxRxSum={txSum=273 rxSum=153} preTxRxSum={txSum=272 rxSum=153}
03-05 20:02:56.669   850   850 D DCT-C-0 : updateDataActivity: sent=1 received=0
03-05 20:02:57.673   850   850 D DCT-C-0 : updateDataActivity: curTxRxSum={txSum=273 rxSum=153} preTxRxSum={txSum=273 rxSum=153}
03-05 20:02:57.673   850   850 D DCT-C-0 : updateDataActivity: sent=0 received=0
03-05 20:02:57.673   850   850 D DCT-C-0 : updateDataActivity: newActivity=NONE
03-05 20:02:57.673   850   850 D SubscriptionController: [getSubId]+ slotIndex=0
03-05 20:02:57.673   850   850 D SubscriptionController: [getSubId]- subIdArr=[I@4e1b477
03-05 20:02:57.675   461  1201 D SubscriptionManager: [getActiveSubscriptionInfo]+ subId=1
03-05 20:02:57.676   850   850 D SubscriptionController: [getActiveSubscriptionInfo]+ subId=1 subInfo={id=1 iccId=89014103211118510720 simSlotIndex=0 carrierId=1 displayName=T-Mobile carrierName=T-Mobile nameSource=3 iconTint=-16746133 number=+15555215554 dataRoaming=0 iconBitmap=android.graphics.Bitmap@5bf6bb5 mcc=310 mnc=260 countryIso=us isEmbedded=false nativeAccessRules=null cardString=89014103211118510720 cardId=-1 isOpportunistic=false groupUUID=null isGroupDisabled=false profileClass=-1 ehplmns=null hplmns=null subscriptionType=0 groupOwner=null carrierConfigAccessRules=null areUiccApplicationsEnabled=true}
03-05 20:02:58.682   850   850 D DCT-C-0 : updateDataActivity: curTxRxSum={txSum=273 rxSum=153} preTxRxSum={txSum=273 rxSum=153}
03-05 20:02:58.682   850   850 D DCT-C-0 : updateDataActivity: sent=0 received=0
03-05 20:02:59.107   461   546 D PowerManagerService: userActivityNoUpdateLocked: eventTime=205875, event=2, flags=0x0, uid=1000
03-05 20:02:59.107   461   546 D PowerManagerService: updateUserActivitySummaryLocked: mWakefulness=Awake, mUserActivitySummary=0x1, nextTimeout=2147682522 (in 2147476645 ms)
03-05 20:02:59.107   461   546 D PowerManagerService: updateDisplayPowerStateLocked: mDisplayReady=true, policy=3, mWakefulness=1, mWakeLockSummary=0x1, mUserActivitySummary=0x1, mBootCompleted=true, screenBrightnessOverride=NaN, useAutoBrightness=false, mScreenBrightnessBoostInProgress=false, mIsVrModeEnabled= false, sQuiescent=false
03-05 20:02:59.218   850  1076 D SubscriptionController: [getDefaultVoiceSubId] subId=1
03-05 20:02:59.218  1251  1251 D SubscriptionManager: getDefaultVoiceSubscriptionId, sub id = 1
03-05 20:02:59.218   850  1076 D SubscriptionController: [getDefaultVoiceSubId] subId=1
03-05 20:02:59.218   850  1076 D SubscriptionController: [getDefaultSubId] isVoiceCapable subId=1
03-05 20:02:59.219   850  1076 D SubscriptionController: [isActiveSubId]- true
03-05 20:02:59.219   850  1076 V SubscriptionController: [getDefaultSubId]- value = 1
03-05 20:02:59.219   850  1076 D SubscriptionController: [getPhoneId] subId=1
03-05 20:02:59.219   850  1076 D SubscriptionController: [getPhoneId]- found subId=1 phoneId=0
03-05 20:02:59.219   850  1076 D PhoneFactory: getPhone:- phoneId != DEFAULT_PHONE_ID return sPhones[phoneId] phoneId=0 phone=Handler (com.android.internal.telephony.GsmCdmaPhone) {84d053}
03-05 20:02:59.219   850  1076 D SubscriptionController: [getSubId]+ slotIndex=0
03-05 20:02:59.219   850  1076 D SubscriptionController: [getSubId]- subIdArr=[I@42048e4
03-05 20:02:59.219   850  1076 D SubscriptionController: [getSlotIndex] subId=1
03-05 20:02:59.219   850  1076 V SubscriptionController: [getSlotIndex]- return = 0
03-05 20:02:59.219   850  1076 D EmergencyNumberTracker: slotId:0 country:us emergencyNumbers: 
03-05 20:02:59.219   850  1076 D EmergencyNumberTracker: System property doesn't provide any emergency numbers. Use embedded logic for determining ones.
03-05 20:02:59.220  1251  1251 I Dialer  : PreCallImpl.buildIntent - No UI requested, running pre-call directly
03-05 20:02:59.222   461  1201 D AppOps  : noteOperation: allowing code 13 uid 10104 package com.android.dialer
03-05 20:02:59.223   850  1076 D SubscriptionController: [getDefaultVoiceSubId] subId=1
03-05 20:02:59.223   850  1076 D SubscriptionController: [getDefaultSubId] isVoiceCapable subId=1
03-05 20:02:59.223   850  1076 D SubscriptionController: [isActiveSubId]- true
03-05 20:02:59.223   850  1076 V SubscriptionController: [getDefaultSubId]- value = 1
03-05 20:02:59.223   850  1076 D SubscriptionController: [getPhoneId] subId=1
03-05 20:02:59.223   850  1076 D SubscriptionController: [getPhoneId]- found subId=1 phoneId=0
03-05 20:02:59.223   850  1076 D PhoneFactory: getPhone:- phoneId != DEFAULT_PHONE_ID return sPhones[phoneId] phoneId=0 phone=Handler (com.android.internal.telephony.GsmCdmaPhone) {84d053}
03-05 20:02:59.223   850  1076 D SubscriptionController: [getSubId]+ slotIndex=0
03-05 20:02:59.223   850  1076 D SubscriptionController: [getSubId]- subIdArr=[I@c4cb14d
03-05 20:02:59.223   850  1076 D SubscriptionController: [getSlotIndex] subId=1
03-05 20:02:59.223   850  1076 V SubscriptionController: [getSlotIndex]- return = 0
03-05 20:02:59.223   850  1076 D EmergencyNumberTracker: slotId:0 country:us emergencyNumbers: 
03-05 20:02:59.223   850  1076 D EmergencyNumberTracker: System property doesn't provide any emergency numbers. Use embedded logic for determining ones.
03-05 20:02:59.224   461  1201 I Telecom : UserCallIntentProcessor: sendIntentToDestination: send intent to Telecom directly.: TSI.pC@BAo
03-05 20:02:59.224   461  1201 I Telecom : CallIntentProcessor: onReceive - isUnknownCall: false: TSI.pC@BAo
03-05 20:02:59.225   850  1076 D SubscriptionController: [getDefaultVoiceSubId] subId=1
03-05 20:02:59.225   850  1076 D SubscriptionController: [getDefaultSubId] isVoiceCapable subId=1
03-05 20:02:59.225   850  1076 D SubscriptionController: [isActiveSubId]- true
03-05 20:02:59.225   850  1076 V SubscriptionController: [getDefaultSubId]- value = 1
03-05 20:02:59.225   850  1076 D SubscriptionController: [getPhoneId] subId=1
03-05 20:02:59.225   850  1076 D SubscriptionController: [getPhoneId]- found subId=1 phoneId=0
03-05 20:02:59.225   850  1076 D PhoneFactory: getPhone:- phoneId != DEFAULT_PHONE_ID return sPhones[phoneId] phoneId=0 phone=Handler (com.android.internal.telephony.GsmCdmaPhone) {84d053}
03-05 20:02:59.225   850  1076 D SubscriptionController: [getSubId]+ slotIndex=0
03-05 20:02:59.225   850  1076 D SubscriptionController: [getSubId]- subIdArr=[I@93b2402
03-05 20:02:59.225   850  1076 D SubscriptionController: [getSubId]+ slotIndex=0
03-05 20:02:59.225   850  1076 D SubscriptionController: [getSubId]- subIdArr=[I@eb32113
03-05 20:02:59.225   850  1076 D SubscriptionController: [getSlotIndex] subId=1
03-05 20:02:59.225   850  1076 V SubscriptionController: [getSlotIndex]- return = 0
03-05 20:02:59.225   850  1076 D EmergencyNumberTracker: slotId:0 country:us emergencyNumbers: 
03-05 20:02:59.225   850  1076 D EmergencyNumberTracker: System property doesn't provide any emergency numbers. Use embedded logic for determining ones.
03-05 20:02:59.226   850  1076 D SubscriptionController: [getDefaultVoiceSubId] subId=1
03-05 20:02:59.226   850  1076 D SubscriptionController: [getDefaultSubId] isVoiceCapable subId=1
03-05 20:02:59.226   850  1076 D SubscriptionController: [isActiveSubId]- true
03-05 20:02:59.226   850  1076 V SubscriptionController: [getDefaultSubId]- value = 1
03-05 20:02:59.226   850  1076 D SubscriptionController: [getPhoneId] subId=1
03-05 20:02:59.226   850  1076 D SubscriptionController: [getPhoneId]- found subId=1 phoneId=0
03-05 20:02:59.226   850  1076 D PhoneFactory: getPhone:- phoneId != DEFAULT_PHONE_ID return sPhones[phoneId] phoneId=0 phone=Handler (com.android.internal.telephony.GsmCdmaPhone) {84d053}
03-05 20:02:59.226   850  1076 D SubscriptionController: [getSubId]+ slotIndex=0
03-05 20:02:59.226   850  1076 D SubscriptionController: [getSubId]- subIdArr=[I@e0b0f50
03-05 20:02:59.226   850  1076 D SubscriptionController: [getSlotIndex] subId=1
03-05 20:02:59.226   850  1076 V SubscriptionController: [getSlotIndex]- return = 0
03-05 20:02:59.226   850  1076 D EmergencyNumberTracker: slotId:0 country:us emergencyNumbers: 
03-05 20:02:59.226   850  1076 D EmergencyNumberTracker: System property doesn't provide any emergency numbers. Use embedded logic for determining ones.
03-05 20:02:59.227   850  1076 D SubscriptionController: [getDefaultVoiceSubId] subId=1
03-05 20:02:59.227   850  1076 D SubscriptionController: [getDefaultSubId] isVoiceCapable subId=1
03-05 20:02:59.227   850  1076 D SubscriptionController: [isActiveSubId]- true
03-05 20:02:59.227   850  1076 V SubscriptionController: [getDefaultSubId]- value = 1
03-05 20:02:59.227   850  1076 D SubscriptionController: [getSubId]+ slotIndex=0
03-05 20:02:59.227   850  1076 D SubscriptionController: [getSubId]- subIdArr=[I@1401549
03-05 20:02:59.227   850  1076 D SubscriptionController: [getSlotIndex] subId=1
03-05 20:02:59.227   850  1076 V SubscriptionController: [getSlotIndex]- return = 0
03-05 20:02:59.227   850  1076 D SubscriptionController: [getSubId]+ slotIndex=0
03-05 20:02:59.227   850  1076 D SubscriptionController: [getSubId]- subIdArr=[I@e3b7e4e
03-05 20:02:59.227   850  1076 D SubscriptionController: [getSubId]+ slotIndex=0
03-05 20:02:59.227   850  1076 D SubscriptionController: [getSubId]- subIdArr=[I@e24bb6f
03-05 20:02:59.227   850  1076 D SubscriptionController: [getSlotIndex] subId=1
03-05 20:02:59.228   850  1076 V SubscriptionController: [getSlotIndex]- return = 0
03-05 20:02:59.228   461   475 D PowerManagerService: acquireWakeLockInternal: lock=258076322, flags=0x1, tag="AudioMix", ws=null, uid=1041, pid=0
03-05 20:02:59.228   461   475 D PowerManagerService: updateWakeLockSummaryLocked: mWakefulness=Awake, mWakeLockSummary=0x1
03-05 20:02:59.228   461   475 D PowerManagerService: updateUserActivitySummaryLocked: mWakefulness=Awake, mUserActivitySummary=0x1, nextTimeout=2147682522 (in 2147476523 ms)
03-05 20:02:59.228   461   475 D PowerManagerService: updateDisplayPowerStateLocked: mDisplayReady=true, policy=3, mWakefulness=1, mWakeLockSummary=0x1, mUserActivitySummary=0x1, mBootCompleted=true, screenBrightnessOverride=NaN, useAutoBrightness=false, mScreenBrightnessBoostInProgress=false, mIsVrModeEnabled= false, sQuiescent=false
03-05 20:02:59.229   461   475 D AppOps  : startOperation: allowing code 40 uid 1041 package audioserver
03-05 20:02:59.229   461   475 I system_server: oneway function results will be dropped but finished with status OK and parcel size 4
03-05 20:02:59.229   461   475 D PowerManagerService: updateWakeLockWorkSourceInternal: lock=258076322 [AudioMix], ws=null
03-05 20:02:59.230   461  1201 I Telecom : LogUtils: EventRecord added as Call: [Call id=TC@4, state=NEW, tpac=null, cmgr=null, handle=tel:********12, vidst=A, childs(0), has_parent(false), cap=[], prop=[]]: TSI.pC@BAo
03-05 20:02:59.230   461  1201 I Telecom : Event: RecordEntry TC@4: CREATED, com.android.dialer: TSI.pC@BAo
03-05 20:02:59.230   461  1201 I Telecom : CallerInfoLookupHelper: There is a previously incomplete query for handle tel:********12. Adding to listeners for this query.: TSI.pC@BAo
03-05 20:02:59.231   461   461 I Telecom : TelecomSystem: CallerInfoAsyncQuery.startQuery number=*** cookie=TSI.pC->CILH.sL->CILH.sL@BAo: TSI.pC->CILH.sL@BAo
03-05 20:02:59.231   850  1076 D SubscriptionController: [getDefaultVoiceSubId] subId=1
03-05 20:02:59.231   461   461 D SubscriptionManager: getDefaultVoiceSubscriptionId, sub id = 1
03-05 20:02:59.231   850  1529 D SubscriptionController: [getDefaultVoiceSubId] subId=1
03-05 20:02:59.231   850  1529 D SubscriptionController: [getDefaultSubId] isVoiceCapable subId=1
03-05 20:02:59.232   850  1529 D SubscriptionController: [isActiveSubId]- true
03-05 20:02:59.232   850  1529 V SubscriptionController: [getDefaultSubId]- value = 1
03-05 20:02:59.232   850  1529 D SubscriptionController: [getPhoneId] subId=1
03-05 20:02:59.232   850  1529 D SubscriptionController: [getPhoneId]- found subId=1 phoneId=0
03-05 20:02:59.232   850  1529 D PhoneFactory: getPhone:- phoneId != DEFAULT_PHONE_ID return sPhones[phoneId] phoneId=0 phone=Handler (com.android.internal.telephony.GsmCdmaPhone) {84d053}
03-05 20:02:59.232   850  1529 D SubscriptionController: [getSubId]+ slotIndex=0
03-05 20:02:59.232   850  1529 D SubscriptionController: [getSubId]- subIdArr=[I@d99d07c
03-05 20:02:59.232   850  1529 D SubscriptionController: [getSlotIndex] subId=1
03-05 20:02:59.232   850  1529 V SubscriptionController: [getSlotIndex]- return = 0
03-05 20:02:59.232   850  1529 D EmergencyNumberTracker: slotId:0 country:us emergencyNumbers: 
03-05 20:02:59.232   850  1529 D EmergencyNumberTracker: System property doesn't provide any emergency numbers. Use embedded logic for determining ones.
03-05 20:02:59.232   461   461 D PhoneNumberUtils: isVoiceMailNumber: tm from context
03-05 20:02:59.232   850  1077 D PhoneFactory: getPhone:- phoneId != DEFAULT_PHONE_ID return sPhones[phoneId] phoneId=0 phone=Handler (com.android.internal.telephony.GsmCdmaPhone) {84d053}
03-05 20:02:59.233   850  1077 D GsmCdmaPhone: [0] getVoiceMailNumber: from IccRecords number=+15552175049
03-05 20:02:59.233   850  1077 D PhoneSubInfoController: VM: getVoiceMailNUmber: +15552175049
03-05 20:02:59.233   850  1529 D SubscriptionController: [getPhoneId] subId=1
03-05 20:02:59.233   850  1529 D SubscriptionController: [getPhoneId]- found subId=1 phoneId=0
03-05 20:02:59.233   850  1529 D PhoneFactory: getPhone:- phoneId != DEFAULT_PHONE_ID return sPhones[phoneId] phoneId=0 phone=Handler (com.android.internal.telephony.GsmCdmaPhone) {84d053}
03-05 20:02:59.229   461   475 I system_server: oneway function results will be dropped but finished with status OK and parcel size 4
03-05 20:02:59.233   850  1529 D PhoneInterfaceManager: [PhoneIntfMgr] carrier_number_89014103211118510720 :getLine1NumberForDisplay returning null
03-05 20:02:59.234   850  1077 D PhoneFactory: getPhone:- phoneId != DEFAULT_PHONE_ID return sPhones[phoneId] phoneId=0 phone=Handler (com.android.internal.telephony.GsmCdmaPhone) {84d053}
03-05 20:02:59.234   461   461 D PhoneNumberUtils: isVoiceMailNumber: mdn=+15555215554, vmNumber=+15552175049, number=6505551212
03-05 20:02:59.241   461  1201 D PowerManagerService: updateWakeLockWorkSourceInternal: lock=258076322 [AudioMix], ws=WorkSource{1000}
03-05 20:02:59.241   461  1201 I system_server: oneway function results will be dropped but finished with status OK and parcel size 4
03-05 20:02:59.257   461   461 D PhoneNumberUtils: isVoiceMailNumber: compareWithMdn=false
03-05 20:02:59.258   461   461 D PhoneNumberUtils: isVoiceMailNumber: returning regular compare
03-05 20:02:59.258   461   461 I Telecom : CallsManager: call outgoing call suggestion service stage: TSI.pC->CM.fOCP->CM.cOCSS@BAo
03-05 20:02:59.261   461  1485 D AppOps  : noteOperation: allowing code 4 uid 10066 package com.android.providers.userdictionary
03-05 20:02:59.261   461  1485 D AppOps  : noteOperation: allowing code 4 uid 1000 package com.android.server.telecom
03-05 20:02:59.261   461  1485 D AppOps  : noteOperation: allowing code 4 uid 10066 package com.android.providers.userdictionary
03-05 20:02:59.261   461  1485 D AppOps  : noteOperation: allowing code 4 uid 1000 package com.android.server.telecom
03-05 20:02:59.278   461   461 I Telecom : CallsManager: set outgoing call phone acct stage: TSI.pC->CM.fOCP->CM.sOCPA@BAo
03-05 20:02:59.278   461   461 I Telecom : CallsManager: make room for outgoing call stage: TSI.pC->CM.fOCP->CM.sOCPA->CM.dSMCP@BAo
03-05 20:02:59.278   461   461 I Telecom : CallsManager: dialer phone acct select stage: TSI.pC->CM.fOCP->CM.sOCPA->CM.dSMCP->CM.dSPA@BAo
03-05 20:02:59.279   461   461 I Telecom : CallsManager: post acct selection stage: TSI.pC->CM.fOCP->CM.sOCPA->CM.dSMCP->CM.dSPA->CM.pASP@BAo
03-05 20:02:59.279   461   461 I Telecom : Event: RecordEntry TC@4: SET_CONNECTING, ComponentInfo{com.android.phone/com.android.services.telephony.TelephonyConnectionService}, ***, UserHandle{0}: TSI.pC->CM.fOCP->CM.sOCPA->CM.dSMCP->CM.dSPA->CM.pASP@BAo
03-05 20:02:59.284   461  1201 D AppOps  : noteOperation: allowing code 7 uid 10066 package com.android.providers.userdictionary
03-05 20:02:59.284   461  1201 D AppOps  : noteOperation: allowing code 7 uid 10104 package com.android.dialer
03-05 20:02:59.285   850  1076 D SubscriptionController: [getDefaultVoiceSubId] subId=1
03-05 20:02:59.285   850  1076 D SubscriptionController: [getDefaultSubId] isVoiceCapable subId=1
03-05 20:02:59.285   850  1076 D SubscriptionController: [isActiveSubId]- true
03-05 20:02:59.285   850  1076 V SubscriptionController: [getDefaultSubId]- value = 1
03-05 20:02:59.285   850  1076 D SubscriptionController: [getSubId]+ slotIndex=0
03-05 20:02:59.285   850  1076 D SubscriptionController: [getSubId]- subIdArr=[I@3ebbd05
03-05 20:02:59.285   461   461 D PhoneNumberUtils: isVoiceMailNumber: tm from context
03-05 20:02:59.285   850  1076 D PhoneFactory: getPhone:- phoneId != DEFAULT_PHONE_ID return sPhones[phoneId] phoneId=0 phone=Handler (com.android.internal.telephony.GsmCdmaPhone) {84d053}
03-05 20:02:59.285   850  1076 D GsmCdmaPhone: [0] getVoiceMailNumber: from IccRecords number=+15552175049
03-05 20:02:59.285   850  1076 D PhoneSubInfoController: VM: getVoiceMailNUmber: +15552175049
03-05 20:02:59.286   850  1076 D SubscriptionController: [getPhoneId] subId=1
03-05 20:02:59.286   850  1076 D SubscriptionController: [getPhoneId]- found subId=1 phoneId=0
03-05 20:02:59.286   850  1076 D PhoneFactory: getPhone:- phoneId != DEFAULT_PHONE_ID return sPhones[phoneId] phoneId=0 phone=Handler (com.android.internal.telephony.GsmCdmaPhone) {84d053}
03-05 20:02:59.286   850  1076 D PhoneInterfaceManager: [PhoneIntfMgr] carrier_number_89014103211118510720 :getLine1NumberForDisplay returning null
03-05 20:02:59.286   850  1076 D PhoneFactory: getPhone:- phoneId != DEFAULT_PHONE_ID return sPhones[phoneId] phoneId=0 phone=Handler (com.android.internal.telephony.GsmCdmaPhone) {84d053}
03-05 20:02:59.286   461   461 D PhoneNumberUtils: isVoiceMailNumber: mdn=+15555215554, vmNumber=+15552175049, number=6505551212
03-05 20:02:59.294   384   418 W APM::AudioPolicyEngine: getDevicesForStrategy() unknown strategy: -1
03-05 20:02:59.295   781  1972 D NetworkMonitor/100: PROBE_HTTPS https://www.google.com/generate_204 Probe failed with exception java.net.SocketTimeoutException: failed to connect to www.google.com/2001::4a75:b6ea (port 443) from /fec0::e101:17ee:d889:a680 (port 41684) after 10000ms
03-05 20:02:59.297   461  1201 D PowerManagerService: updateWakeLockWorkSourceInternal: lock=258076322 [AudioMix], ws=null
03-05 20:02:59.297   461  1201 D AppOps  : startOperation: allowing code 40 uid 1041 package audioserver
03-05 20:02:59.297   461  1201 I system_server: oneway function results will be dropped but finished with status OK and parcel size 4
03-05 20:02:59.333   461   461 D PhoneNumberUtils: isVoiceMailNumber: compareWithMdn=false
03-05 20:02:59.333   461   461 D PhoneNumberUtils: isVoiceMailNumber: returning regular compare
03-05 20:02:59.334   850  1529 D SubscriptionController: [getDefaultVoiceSubId] subId=1
03-05 20:02:59.334   850  1529 D SubscriptionController: [getDefaultSubId] isVoiceCapable subId=1
03-05 20:02:59.335   850  1529 D SubscriptionController: [isActiveSubId]- true
03-05 20:02:59.335   850  1529 V SubscriptionController: [getDefaultSubId]- value = 1
03-05 20:02:59.335   850  1529 D SubscriptionController: [getSubId]+ slotIndex=0
03-05 20:02:59.335   850  1529 D SubscriptionController: [getSubId]- subIdArr=[I@5d5315a
03-05 20:02:59.358   461  1201 D AppOps  : noteOperation: allowing code 7 uid 10066 package com.android.providers.userdictionary
03-05 20:02:59.358   461  1201 D AppOps  : noteOperation: allowing code 7 uid 10104 package com.android.dialer
03-05 20:02:59.367   461   461 I Telecom : InCallController: onCallAdded: [Call id=TC@4, state=CONNECTING, tpac=ComponentInfo{com.android.phone/com.android.services.telephony.TelephonyConnectionService}, ***, UserHandle{0}, cmgr=null, handle=tel:********12, vidst=A, childs(0), has_parent(false), cap=[], prop=[]]; not bound or connected.: TSI.pC->CM.fOCP->CM.sOCPA->CM.dSMCP->CM.dSPA->CM.pASP@BAo
03-05 20:02:59.368   461   461 I Telecom : InCallController: defaultDialer: [ComponentInfo{com.android.dialer/com.android.incallui.InCallServiceImpl} supportsExternal? true supportsSelfMg?false]: TSI.pC->CM.fOCP->CM.sOCPA->CM.dSMCP->CM.dSPA->CM.pASP@BAo
03-05 20:02:59.368   461   461 I Telecom : InCallController: defaultDialer: null: TSI.pC->CM.fOCP->CM.sOCPA->CM.dSMCP->CM.dSPA->CM.pASP@BAo
03-05 20:02:59.368   461   461 I Telecom : CarSwappingInCallServiceConnection: chooseInitialInCallService: false => false: TSI.pC->CM.fOCP->CM.sOCPA->CM.dSMCP->CM.dSPA->CM.pASP@BAo
03-05 20:02:59.368   461   461 I Telecom : EmergencyCallHelper: ShouldGrantTemporaryLocationPermission, disabled by config: TSI.pC->CM.fOCP->CM.sOCPA->CM.dSMCP->CM.dSPA->CM.pASP@BAo
03-05 20:02:59.368   461   461 I Telecom : EmergencyInCallServiceConnection: Attempting to bind to InCall [ComponentInfo{com.android.dialer/com.android.incallui.InCallServiceImpl} supportsExternal? true supportsSelfMg?false], with Intent { act=android.telecom.InCallService cmp=com.android.dialer/com.android.incallui.InCallServiceImpl (has extras) }: TSI.pC->CM.fOCP->CM.sOCPA->CM.dSMCP->CM.dSPA->CM.pASP@BAo
03-05 20:02:59.374  1251  1251 I Dialer  : AudioModeProvider.getApproximatedAudioRoute - Routing to earpiece
03-05 20:02:59.375  1251  1251 I Dialer  : ProximitySensor.updateProximitySensorMode - screenOnImmediately: false, dialPadVisible: false, offHook: false, horizontal: false, uiShowing: false, audioRoute: EARPIECE
03-05 20:02:59.375  1251  1251 I Dialer  : ProximitySensor.turnOffProximitySensor - wake lock already released
03-05 20:02:59.375  1251  1251 I Dialer  : InCallPresenter.onCallListChange - Phone switching state: NO_CALLS -> NO_CALLS
03-05 20:02:59.375  1251  1251 I Dialer  : VideoPauseController.setUp - enter
03-05 20:02:59.376   461   803 D SubscriptionManager: [getActiveSubscriptionInfo]+ subId=1
03-05 20:02:59.376   850  1076 D SubscriptionController: [getActiveSubscriptionInfo]+ subId=1 subInfo={id=1 iccId=89014103211118510720 simSlotIndex=0 carrierId=1 displayName=T-Mobile carrierName=T-Mobile nameSource=3 iconTint=-16746133 number=+15555215554 dataRoaming=0 iconBitmap=android.graphics.Bitmap@5bf6bb5 mcc=310 mnc=260 countryIso=us isEmbedded=false nativeAccessRules=null cardString=89014103211118510720 cardId=-1 isOpportunistic=false groupUUID=null isGroupDisabled=false profileClass=-1 ehplmns=null hplmns=null subscriptionType=0 groupOwner=null carrierConfigAccessRules=null areUiccApplicationsEnabled=true}
03-05 20:02:59.377   461   803 D AppOps  : noteOperation: allowing code 6 uid 10104 package com.android.dialer
03-05 20:02:59.377  1251  1251 I Dialer  : InCallPresenter.setBoundAndWaitingForOutgoingCall - setBoundAndWaitingForOutgoingCall: true
03-05 20:02:59.378   461   803 V UriGrantsManagerService: Checking URI perm to data=null clip=null from Intent { act=android.intent.action.MAIN flg=0x10040000 cmp=com.android.dialer/com.android.incallui.InCallActivity (has extras) }; flags=0x10040000
03-05 20:02:59.378   461   803 I ActivityTaskManager: START u0 {act=android.intent.action.MAIN flg=0x10040000 cmp=com.android.dialer/com.android.incallui.InCallActivity (has extras)} from uid 10104
03-05 20:02:59.379   461   803 I wm_task_created: [18,-1]
03-05 20:02:59.379   461   803 I wm_stack_created: 18
03-05 20:02:59.382   461   803 I wm_create_task: [0,18]
03-05 20:02:59.382   461   803 I wm_create_activity: [0,71052193,18,com.android.dialer/com.android.incallui.InCallActivity,android.intent.action.MAIN,NULL,NULL,277086208]
03-05 20:02:59.382   461   803 I wm_pause_activity: [0,93312071,com.android.dialer/.main.impl.MainActivity,userLeaving=false]
03-05 20:02:59.382   461   803 D PowerManagerService: acquireWakeLockInternal: lock=180970848, flags=0x1, tag="*launch*", ws=WorkSource{10104}, uid=1000, pid=461
03-05 20:02:59.382   461   803 D PowerManagerService: updateWakeLockSummaryLocked: mWakefulness=Awake, mWakeLockSummary=0x1
03-05 20:02:59.383   461   803 D PowerManagerService: updateUserActivitySummaryLocked: mWakefulness=Awake, mUserActivitySummary=0x1, nextTimeout=2147682522 (in 2147476369 ms)
03-05 20:02:59.383   461   803 D PowerManagerService: updateDisplayPowerStateLocked: mDisplayReady=true, policy=3, mWakefulness=1, mWakeLockSummary=0x1, mUserActivitySummary=0x1, mBootCompleted=true, screenBrightnessOverride=NaN, useAutoBrightness=false, mScreenBrightnessBoostInProgress=false, mIsVrModeEnabled= false, sQuiescent=false
03-05 20:02:59.386  1251  1251 I Dialer  : ReturnToCallController.hide - hide() called without calling show()
03-05 20:02:59.386  1251  1251 I Dialer  : ReturnToCallController.hide - hide() called without calling show()
03-05 20:02:59.386  1251  1251 I Dialer  : StubFeedbackModule.provideCallFeedbackListener - returning stub
03-05 20:02:59.412   269   412 D goldfish-address-space: allocate: Ask for block of size 0x7e9000
03-05 20:02:59.412   269   412 D goldfish-address-space: allocate: ioctl allocate returned offset 0x3fa104000 size 0x7ea000
03-05 20:02:59.484  1251  1251 I wm_on_top_resumed_lost_called: [93312071,com.android.dialer.main.impl.MainActivity,topStateChangedWhenResumed]
03-05 20:02:59.484  1251  1251 I Dialer  : CallLogFragment.onPause - enter
03-05 20:02:59.486  1251  1251 I Dialer  : CallLogFragment.onPageUnselected - enter
03-05 20:02:59.486  1251  1251 I Dialer  : MainSearchController.onActivityPause - enter
03-05 20:02:59.487   461  1201 D InputMethodManagerService: --- calledFromForegroundUserOrSystemProcess ? calling uid = 10104 system uid = 1000 calling userId = 0, foreground user id = 0, calling pid = 1251com.android.server.inputmethod.InputMethodManagerService.hideSoftInput(InputMethodManagerService.java:3244)
03-05 20:02:59.487   461  1201 V InputMethodManagerService: Client requesting input be hidden
03-05 20:02:59.487  1251  1251 I wm_on_paused_called: [93312071,com.android.dialer.main.impl.MainActivity,performPause]
03-05 20:02:59.488   461  1201 W ActivityTaskManager: Tried to set launchTime (0) < mLastActivityLaunchTime (189101)
03-05 20:02:59.488   461  1201 I wm_add_to_stopping: [0,93312071,com.android.dialer/.main.impl.MainActivity,makeInvisible]
03-05 20:02:59.491   461   486 D UsageStatsService: User[0] Got usage event for com.android.dialer[206261]: ACTIVITY_PAUSED
03-05 20:02:59.492   461  1201 W InputReader: Device virtio_input_multi_touch_10 is associated with display ADISPLAY_ID_NONE.
03-05 20:02:59.492   461  1201 W InputReader: Device virtio_input_multi_touch_4 is associated with display ADISPLAY_ID_NONE.
03-05 20:02:59.492   461  1201 W InputReader: Device virtio_input_multi_touch_3 is associated with display ADISPLAY_ID_NONE.
03-05 20:02:59.492   461  1201 W InputReader: Device virtio_input_multi_touch_11 is associated with display ADISPLAY_ID_NONE.
03-05 20:02:59.492   461  1201 W InputReader: Device virtio_input_multi_touch_8 is associated with display ADISPLAY_ID_NONE.
03-05 20:02:59.492   461  1201 W InputReader: Device virtio_input_multi_touch_2 is associated with display ADISPLAY_ID_NONE.
03-05 20:02:59.492   461  1201 W InputReader: Device virtio_input_multi_touch_9 is associated with display ADISPLAY_ID_NONE.
03-05 20:02:59.492   461  1201 W InputReader: Device virtio_input_multi_touch_6 is associated with display ADISPLAY_ID_NONE.
03-05 20:02:59.492   461  1201 W InputReader: Device virtio_input_multi_touch_7 is associated with display ADISPLAY_ID_NONE.
03-05 20:02:59.492   461  1201 W InputReader: Device virtio_input_multi_touch_5 is associated with display ADISPLAY_ID_NONE.
03-05 20:02:59.492   461  1201 W InputReader: Device virtio_input_multi_touch_10 is associated with display ADISPLAY_ID_NONE.
03-05 20:02:59.492   461  1201 W InputReader: Device virtio_input_multi_touch_4 is associated with display ADISPLAY_ID_NONE.
03-05 20:02:59.492   461  1201 W InputReader: Device virtio_input_multi_touch_3 is associated with display ADISPLAY_ID_NONE.
03-05 20:02:59.492   461  1201 W InputReader: Device virtio_input_multi_touch_11 is associated with display ADISPLAY_ID_NONE.
03-05 20:02:59.492   461  1201 W InputReader: Device virtio_input_multi_touch_8 is associated with display ADISPLAY_ID_NONE.
03-05 20:02:59.492   461  1201 W InputReader: Device virtio_input_multi_touch_2 is associated with display ADISPLAY_ID_NONE.
03-05 20:02:59.492   461  1201 W InputReader: Device virtio_input_multi_touch_9 is associated with display ADISPLAY_ID_NONE.
03-05 20:02:59.492   461  1201 W InputReader: Device virtio_input_multi_touch_6 is associated with display ADISPLAY_ID_NONE.
03-05 20:02:59.492   461  1201 W InputReader: Device virtio_input_multi_touch_7 is associated with display ADISPLAY_ID_NONE.
03-05 20:02:59.492   461  1201 W InputReader: Device virtio_input_multi_touch_5 is associated with display ADISPLAY_ID_NONE.
03-05 20:02:59.493   461  1201 I wm_restart_activity: [0,71052193,18,com.android.dialer/com.android.incallui.InCallActivity]
03-05 20:02:59.495   461  1201 I wm_set_resumed_activity: [0,com.android.dialer/com.android.incallui.InCallActivity,minimalResumeActivityLocked]
03-05 20:02:59.498   461   481 I sysui_multi_action: [757,803,799,window_time_0,802,12]
03-05 20:02:59.502  1251  1251 I Dialer  : UiListener.create - creating new UiListener for preferredAccountWorkerResultListener
03-05 20:02:59.513  1251  1251 I wm_on_create_called: [71052193,com.android.incallui.InCallActivity,performCreate]
03-05 20:02:59.515  1251  1251 I Dialer  : InCallActivity.getShouldShowVideoUi - null call
03-05 20:02:59.515  1251  1251 I Dialer  : InCallActivity.getShouldShowRttUi - null call
03-05 20:02:59.515  1251  1251 I Dialer  : InCallActivity.showMainInCallFragment - shouldShowAnswerUi: false, shouldShowRttUi: false, shouldShowVideoUi: false, shouldShowSpeakEasyUi: false, didShowAnswerScreen: false, didShowInCallScreen: false, didShowRttCallScreen: false, didShowVideoCallScreen: false, didShowSpeakEasyScreen: false
03-05 20:02:59.516  1251  1251 I Dialer  : InCallFragment.onCreateView
03-05 20:02:59.523   850  1076 D SubscriptionController: [getPhoneId] subId=1
03-05 20:02:59.523   850  1076 D SubscriptionController: [getPhoneId]- found subId=1 phoneId=0
03-05 20:02:59.523   850  1076 D PhoneFactory: getPhone:- phoneId != DEFAULT_PHONE_ID return sPhones[phoneId] phoneId=0 phone=Handler (com.android.internal.telephony.GsmCdmaPhone) {84d053}
03-05 20:02:59.524  1251  1251 I Dialer  : InCallFragment.onViewCreated
03-05 20:02:59.524  1251  1251 I Dialer  : CallCardPresenter.constructor
03-05 20:02:59.524  1251  1251 I Dialer  : InCallFragment.setCallState - PrimaryCallState, state: 2, connectionLabel: null
03-05 20:02:59.525  1251  1251 I Dialer  : CallCardPresenter.onInCallScreenReady
03-05 20:02:59.525  1251  1251 I Dialer  : CallCardPresenter.getLocationFragment - shouldn't show location
03-05 20:02:59.525  1251  1251 I Dialer  : InCallPresenter.updateActivity - UI Initialized
03-05 20:02:59.527  1251  1251 I Dialer  : InCallPresenter.onCallListChange - Phone switching state: PENDING_OUTGOING -> PENDING_OUTGOING
03-05 20:02:59.528  1251  1251 I Dialer  : VideoPauseController.onStateChange - hasPrimaryCallChanged: false, videoCanPause: false, isInBackground: false
03-05 20:02:59.528  1251  1251 I Dialer  : InCallFragment.setCallState - PrimaryCallState, state: 2, connectionLabel: null
03-05 20:02:59.529  1251  1251 I Dialer  : ProximitySensor.updateProximitySensorMode - screenOnImmediately: false, dialPadVisible: false, offHook: true, horizontal: false, uiShowing: false, audioRoute: EARPIECE
03-05 20:02:59.530  1251  1251 I Dialer  : ProximitySensor.turnOnProximitySensor - acquiring wake lock
03-05 20:02:59.530   461  1201 D PowerManagerService: acquireWakeLockInternal: lock=185478775, flags=0x20, tag="ProximitySensor", ws=null, uid=10104, pid=1251
03-05 20:02:59.530   461  1201 D PowerManagerService: updateWakeLockSummaryLocked: mWakefulness=Awake, mWakeLockSummary=0x11
03-05 20:02:59.530   461  1201 D PowerManagerService: updateUserActivitySummaryLocked: mWakefulness=Awake, mUserActivitySummary=0x1, nextTimeout=2147682522 (in 2147476222 ms)
03-05 20:02:59.534   461   461 I Telecom : EmergencyInCallServiceConnection: mCall: [Call id=TC@4, state=CONNECTING, tpac=ComponentInfo{com.android.phone/com.android.services.telephony.TelephonyConnectionService}, ***, UserHandle{0}, cmgr=null, handle=tel:********12, vidst=A, childs(0), has_parent(false), cap=[], prop=[]], mIsConnected: true: TSI.pC->CM.fOCP->CM.sOCPA->CM.dSMCP->CM.dSPA->CM.pASP@BAo
03-05 20:02:59.535   461   486 D UsageStatsService: User[0] Got usage event for com.android.dialer[206268]: ACTIVITY_RESUMED
03-05 20:02:59.539   461  1201 D PowerManagerService: updateDisplayPowerStateLocked: mDisplayReady=false, policy=3, mWakefulness=1, mWakeLockSummary=0x11, mUserActivitySummary=0x1, mBootCompleted=true, screenBrightnessOverride=NaN, useAutoBrightness=false, mScreenBrightnessBoostInProgress=false, mIsVrModeEnabled= false, sQuiescent=false
03-05 20:02:59.539   461  1201 D AppOps  : startOperation: allowing code 40 uid 10104 package com.android.dialer
03-05 20:02:59.539   461   500 D PowerManagerService: updateDisplayPowerStateLocked: mDisplayReady=true, policy=3, mWakefulness=1, mWakeLockSummary=0x11, mUserActivitySummary=0x1, mBootCompleted=true, screenBrightnessOverride=NaN, useAutoBrightness=false, mScreenBrightnessBoostInProgress=false, mIsVrModeEnabled= false, sQuiescent=false
03-05 20:02:59.539  1251  1251 I Dialer  : ProximitySensor.updateProximitySensorMode - screenOnImmediately: false, dialPadVisible: false, offHook: true, horizontal: false, uiShowing: true, audioRoute: EARPIECE
03-05 20:02:59.539  1251  1251 I Dialer  : ProximitySensor.turnOnProximitySensor - wake lock already acquired
03-05 20:02:59.540  1251  1251 I Dialer  : InCallPresenter.refreshMuteState - refreshMuteStateAfterAddCall: false addCallClicked: false
03-05 20:02:59.540  1251  1251 I Dialer  : ReturnToCallController.hide - hide() called without calling show()
03-05 20:02:59.540  1251  1251 I Dialer  : InCallActivity.getShouldShowVideoUi - null call
03-05 20:02:59.540  1251  1251 I Dialer  : InCallActivity.getShouldShowRttUi - null call
03-05 20:02:59.540  1251  1251 I Dialer  : InCallActivity.showMainInCallFragment - shouldShowAnswerUi: false, shouldShowRttUi: false, shouldShowVideoUi: false, shouldShowSpeakEasyUi: false, didShowAnswerScreen: false, didShowInCallScreen: true, didShowRttCallScreen: false, didShowVideoCallScreen: false, didShowSpeakEasyScreen: false
03-05 20:02:59.540  1251  1251 I wm_on_start_called: [71052193,com.android.incallui.InCallActivity,handleStartActivity]
03-05 20:02:59.542  1251  1251 I Dialer  : InCallActivity.onPseudoScreenStateChanged - isOn: true
03-05 20:02:59.543  1251  1251 I wm_on_resume_called: [71052193,com.android.incallui.InCallActivity,RESUME_ACTIVITY]
03-05 20:02:59.543  1251  1251 I Dialer  : InCallFragment.setPrimary - PrimaryInfo, number: null, name: null, location: null, label: null, photo: null, photoType: 0, isPhotoVisible: false, MultimediaData: null
03-05 20:02:59.543   461   461 I Telecom : IncomingCallNotifier: updateIncomingCall: foundIncomingcall = null: TSI.pC->CM.fOCP->CM.sOCPA->CM.dSMCP->CM.dSPA->CM.pASP@BAo
03-05 20:02:59.565   461   947 I Telecom : CallAudioRouteStateMachine: Message received: UPDATE_SYSTEM_AUDIO_ROUTE=1201, arg1=0: TSI.pC->CM.fOCP->CM.sOCPA->CM.dSMCP->CM.dSPA->CM.pASP->CARSM.pM_UPDATE_SYSTEM_AUDIO_ROUTE@BAo
03-05 20:02:59.565   461   947 I Telecom : QuiescentSpeakerRoute: Processing message UPDATE_SYSTEM_AUDIO_ROUTE: TSI.pC->CM.fOCP->CM.sOCPA->CM.dSMCP->CM.dSPA->CM.pASP->CARSM.pM_UPDATE_SYSTEM_AUDIO_ROUTE@BAo
03-05 20:02:59.574   384   423 W AudioFlinger: createTrack_l(): mismatch between requested flags (00000004) and output flags (00000002)
03-05 20:02:59.574   384   423 D AudioFlinger: Client defaulted notificationFrames to 882 for frameCount 1956
03-05 20:02:59.575   384   423 D AF::TrackHandle: OpPlayAudio: track:66 usage:3 not muted
03-05 20:02:59.576   461  1828 D AudioTrack: createTrack_l(1): AUDIO_OUTPUT_FLAG_FAST denied by server; frameCount 882 -> 1956
03-05 20:02:59.579   461  1201 V KeyguardServiceDelegate: setOccluded(true) animate=false
03-05 20:02:59.580   621  1120 D KeyguardViewMediator: setOccluded true
03-05 20:02:59.582   621   621 D KeyguardViewMediator: adjustStatusBarLocked: mShowing=false mOccluded=true isSecure=false force=false --> flags=0x0
03-05 20:02:59.585  1251  1251 I wm_on_top_resumed_gained_called: [71052193,com.android.incallui.InCallActivity,topStateChangedWhenResumed]
03-05 20:02:59.601  1251  1251 I Dialer  : InCallFragment.onButtonGridCreated - InCallUiReady
03-05 20:02:59.601  1251  1251 I Dialer  : InCallFragment.setAudioState - audioState: [AudioState isMuted: false, route: EARPIECE, supportedRouteMask: EARPIECE, BLUETOOTH, WIRED_HEADSET, SPEAKER, activeBluetoothDevice: [null], supportedBluetoothDevices: []]
03-05 20:02:59.610   461   952 I Telecom : CallAudioModeStateMachine: Message received: NEW_ACTIVE_OR_DIALING_CALL.: TSI.pC->CM.fOCP->CM.sOCPA->CM.dSMCP->CM.dSPA->CM.pASP->CAMSM.pM_2001@BAo
03-05 20:02:59.610   461   952 I Telecom : CallAudioModeStateMachine: Audio focus entering SIM CALL state: TSI.pC->CM.fOCP->CM.sOCPA->CM.dSMCP->CM.dSPA->CM.pASP->CAMSM.pM_2001@BAo
03-05 20:02:59.611   461   952 I MediaFocusControl: requestAudioFocus() from uid/pid 1000/461 clientId=AudioFocus_For_Phone_Ring_And_Calls callingPack=com.android.server.telecom req=2 flags=0x4 sdk=0
03-05 20:02:59.611   461   952 D AppOps  : noteOperation: allowing code 32 uid 1000 package com.android.server.telecom
03-05 20:02:59.612   384   423 W APM::AudioPolicyEngine: getDevicesForStrategy() unknown strategy: -1
03-05 20:02:59.614   461   461 I Telecom : TelecomWakeLock: WakeLock already released with id: 26: TSI.pC->CM.fOCP->CM.sOCPA->CM.dSMCP->CM.dSPA->CM.pASP@BAo
03-05 20:02:59.614   461   461 I Telecom : InCallWakeLockController: Releasing full wake lock: TSI.pC->CM.fOCP->CM.sOCPA->CM.dSMCP->CM.dSPA->CM.pASP@BAo
03-05 20:02:59.614   461   461 I Telecom : BluetoothPhoneService: updateHeadsetWithCallState numActive 0, numHeld 0, callState 2, ringing number ***, ringing type 128, ringing name null: TSI.pC->CM.fOCP->CM.sOCPA->CM.dSMCP->CM.dSPA->CM.pASP@BAo
03-05 20:02:59.622   461   461 I Telecom : BluetoothPhoneService: updateHeadsetWithCallState numActive 0, numHeld 0, callState 3, ringing number ***, ringing type 128, ringing name null: TSI.pC->CM.fOCP->CM.sOCPA->CM.dSMCP->CM.dSPA->CM.pASP@BAo
03-05 20:02:59.612   384   423 I chatty  : uid=1041(audioserver) Binder:384_1 identical 2 lines
03-05 20:02:59.613   384   423 W APM::AudioPolicyEngine: getDevicesForStrategy() unknown strategy: -1
03-05 20:02:59.633   269   412 D goldfish-address-space: allocate: Ask for block of size 0x7e9000
03-05 20:02:59.633   269   412 D goldfish-address-space: allocate: ioctl allocate returned offset 0x3fb0d8000 size 0x7ea000
03-05 20:02:59.643   269   412 D goldfish-address-space: allocate: Ask for block of size 0x7e9000
03-05 20:02:59.643   269   412 D goldfish-address-space: allocate: ioctl allocate returned offset 0x3f9130000 size 0x7ea000
03-05 20:02:59.659   461   461 I Telecom : CallRedirectionProcessorHelper: formatNumberToE164, original number: ***: TSI.pC->CIP.sNOCI@BAo
03-05 20:02:59.524   850  1076 D PhoneFactory: getPhone:- phoneId != DEFAULT_PHONE_ID return sPhones[phoneId] phoneId=0 phone=Handler (com.android.internal.telephony.GsmCdmaPhone) {84d053}
03-05 20:02:59.665   850  1529 D SubscriptionController: [getSubId]+ slotIndex=0
03-05 20:02:59.665   850  1529 D SubscriptionController: [getSubId]- subIdArr=[I@66b9f8b
03-05 20:02:59.666   850  1529 D PhoneFactory: getPhone:- phoneId != DEFAULT_PHONE_ID return sPhones[phoneId] phoneId=0 phone=Handler (com.android.internal.telephony.GsmCdmaPhone) {84d053}
03-05 20:02:59.671   384   423 W APM::AudioPolicyEngine: getDevicesForStrategy() unknown strategy: -1
03-05 20:02:59.677   461   461 I Telecom : CallRedirectionProcessorHelper: formatNumberToE164, formatted E164 number: null: TSI.pC->CIP.sNOCI@BAo
03-05 20:02:59.677   461   461 I Telecom : CallRedirectionProcessorHelper: removePostDialDigits, number after being extracted post dial digits: ***: TSI.pC->CIP.sNOCI@BAo
03-05 20:02:59.677   461   461 I Telecom : CallRedirectionProcessorHelper: PackageName is empty. Not performing user-defined call redirection.: TSI.pC->CIP.sNOCI@BAo
03-05 20:02:59.683   850  1529 D SubscriptionController: [getDefaultVoiceSubId] subId=1
03-05 20:02:59.683   850  1529 D SubscriptionController: [getDefaultSubId] isVoiceCapable subId=1
03-05 20:02:59.684   850   850 D DCT-C-0 : updateDataActivity: curTxRxSum={txSum=274 rxSum=153} preTxRxSum={txSum=273 rxSum=153}
03-05 20:02:59.684   850   850 D DCT-C-0 : updateDataActivity: sent=1 received=0
03-05 20:02:59.684   850   850 D DCT-C-0 : updateDataActivity: newActivity=DATAOUT
03-05 20:02:59.684   850   850 D SubscriptionController: [getSubId]+ slotIndex=0
03-05 20:02:59.684   850   850 D SubscriptionController: [getSubId]- subIdArr=[I@6f17868
03-05 20:02:59.684   461   518 D SubscriptionManager: [getActiveSubscriptionInfo]+ subId=1
03-05 20:02:59.685   850   850 D SubscriptionController: [getActiveSubscriptionInfo]+ subId=1 subInfo={id=1 iccId=89014103211118510720 simSlotIndex=0 carrierId=1 displayName=T-Mobile carrierName=T-Mobile nameSource=3 iconTint=-16746133 number=+15555215554 dataRoaming=0 iconBitmap=android.graphics.Bitmap@5bf6bb5 mcc=310 mnc=260 countryIso=us isEmbedded=false nativeAccessRules=null cardString=89014103211118510720 cardId=-1 isOpportunistic=false groupUUID=null isGroupDisabled=false profileClass=-1 ehplmns=null hplmns=null subscriptionType=0 groupOwner=null carrierConfigAccessRules=null areUiccApplicationsEnabled=true}
03-05 20:02:59.686   850  1529 D SubscriptionController: [isActiveSubId]- true
03-05 20:02:59.686   850  1529 V SubscriptionController: [getDefaultSubId]- value = 1
03-05 20:02:59.686   850  1529 D SubscriptionController: [getSubId]+ slotIndex=0
03-05 20:02:59.686   850  1529 D SubscriptionController: [getSubId]- subIdArr=[I@ff02481
03-05 20:02:59.698   461   461 I Telecom : CallRedirectionProcessorHelper: Cannot get carrier componentNameString.: TSI.pC->CIP.sNOCI@BAo
03-05 20:02:59.698   461   461 I Telecom : CallRedirectionProcessor: Can make call redirection with any available service: false: TSI.pC->CIP.sNOCI@BAo
03-05 20:02:59.698   461   461 I Telecom : NewOutgoingCallIntentBroadcaster: Sending NewOutgoingCallBroadcast for [Call id=TC@4, state=CONNECTING, tpac=ComponentInfo{com.android.phone/com.android.services.telephony.TelephonyConnectionService}, ***, UserHandle{0}, cmgr=null, handle=tel:********12, vidst=A, childs(0), has_parent(false), cap=[], prop=[]] to UserHandle{0}: TSI.pC->CIP.sNOCI@BAo
03-05 20:02:59.700   269   307 D goldfish-address-space: allocate: Ask for block of size 0x7e9000
03-05 20:02:59.701   269   307 D goldfish-address-space: allocate: ioctl allocate returned offset 0x3f8946000 size 0x7ea000
03-05 20:02:59.719   461   481 I dvm_lock_sample: [system_server,1,android.display,39,WindowManagerService.java,5069,void com.android.server.wm.WindowManagerService$H.handleMessage(android.os.Message),WindowSurfacePlacer.java,59,void com.android.server.wm.WindowSurfacePlacer$Traverser.run(),7]
03-05 20:02:59.745   461   487 I dvm_lock_sample: [system_server,1,ActivityManager,46,MessageQueue.java,337,android.os.Message android.os.MessageQueue.next(),-,600,boolean android.os.MessageQueue.enqueueMessage(android.os.Message, long),9]
03-05 20:02:59.745   461   487 D AppOps  : noteOperation: allowing code 54 uid 1000 package android.LocationService
03-05 20:02:59.745   461   461 W Telecom : Logging: Log.endSession was called with no session active.
03-05 20:02:59.745   461   947 I Telecom : CallAudioRouteStateMachine: setSystemAudioState: changing from [AudioState isMuted: false, route: SPEAKER, supportedRouteMask: SPEAKER, activeBluetoothDevice: [null], supportedBluetoothDevices: []] to [AudioState isMuted: false, route: SPEAKER, supportedRouteMask: SPEAKER, activeBluetoothDevice: [null], supportedBluetoothDevices: []]: TSI.pC->CM.fOCP->CM.sOCPA->CM.dSMCP->CM.dSPA->CM.pASP->CARSM.pM_UPDATE_SYSTEM_AUDIO_ROUTE@BAo
03-05 20:02:59.751   461   947 I Telecom : CallAudioRouteStateMachine: Message received: SWITCH_FOCUS=4001, arg1=2: TSI.pC->CM.fOCP->CM.sOCPA->CM.dSMCP->CM.dSPA->CM.pASP->CAMSM.pM_2001->CARSM.pM_SWITCH_FOCUS@BAo
03-05 20:02:59.752   461   947 I Telecom : QuiescentSpeakerRoute: Processing message SWITCH_FOCUS: TSI.pC->CM.fOCP->CM.sOCPA->CM.dSMCP->CM.dSPA->CM.pASP->CAMSM.pM_2001->CARSM.pM_SWITCH_FOCUS@BAo
03-05 20:02:59.752   461   947 I Telecom : Event: RecordEntry TC@4: AUDIO_ROUTE, Leaving state QuiescentSpeakerRoute: TSI.pC->CM.fOCP->CM.sOCPA->CM.dSMCP->CM.dSPA->CM.pASP->CAMSM.pM_2001->CARSM.pM_SWITCH_FOCUS@BAo
03-05 20:02:59.752   461   947 I Telecom : Event: RecordEntry TC@4: AUDIO_ROUTE, Entering state ActiveSpeakerRoute: TSI.pC->CM.fOCP->CM.sOCPA->CM.dSMCP->CM.dSPA->CM.pASP->CAMSM.pM_2001->CARSM.pM_SWITCH_FOCUS@BAo
03-05 20:02:59.752   461   947 I Telecom : Event: RecordEntry TC@4: AUDIO_ROUTE_SPEAKER, null: TSI.pC->CM.fOCP->CM.sOCPA->CM.dSMCP->CM.dSPA->CM.pASP->CAMSM.pM_2001->CARSM.pM_SWITCH_FOCUS@BAo
