03-05 20:03:07.936   365  1764 V MediaPlayerService: Create new client(10) from pid 461, uid 1000, 
03-05 20:03:07.937   365  1764 V MediaPlayerService: setDataSource fd=7 (/system/priv-app/Telecom/Telecom.apk), offset=3043764, length=19653
03-05 20:03:07.937   365  1764 V MediaPlayerService: st_dev  = 64768
03-05 20:03:07.937   365  1764 V MediaPlayerService: st_mode = 33188
03-05 20:03:07.937   365  1764 V MediaPlayerService: st_uid  = 0
03-05 20:03:07.937   365  1764 V MediaPlayerService: st_gid  = 0
03-05 20:03:07.937   365  1764 V MediaPlayerService: st_size = 8630526
03-05 20:03:07.937   365  1764 V MediaPlayerService: player type = 4
03-05 20:03:07.937   365  1764 V MediaPlayerFactory:  create NuPlayer
03-05 20:03:07.937   365  1764 D NuPlayerDriver: NuPlayerDriver(0xee8c1cc0) created, clientPid(461)
03-05 20:03:07.942   365  1764 V AudioSink: AudioOutput(169)
03-05 20:03:07.943   850  2028 D CallNotifier: SignalInfoTonePlayer.run(toneId = 98)...
03-05 20:03:07.943   850  2028 D CallNotifier: mSignalInfoToneGenerator created already, hence skipping
03-05 20:03:07.945   461   803 I Telecom : InCallController: Sending updateCall [Call id=TC@4, state=DISCONNECTED, tpac=ComponentInfo{com.android.phone/com.android.services.telephony.TelephonyConnectionService}, ***, UserHandle{0}, cmgr=ComponentInfo{com.android.phone/com.android.services.telephony.TelephonyConnectionService}, ***, UserHandle{0}, handle=tel:********12, vidst=A, childs(0), has_parent(false), cap=[ hld sup_hld mut !v2a], prop=[]]: CSW.sCC(cap)@BQw
03-05 20:03:07.945   850  1077 D SubscriptionController: [getDefaultVoiceSubId] subId=1
03-05 20:03:07.945   850  1077 D SubscriptionController: [getDefaultSubId] isVoiceCapable subId=1
03-05 20:03:07.945   850  1077 D SubscriptionController: [isActiveSubId]- true
03-05 20:03:07.946   850  1077 V SubscriptionController: [getDefaultSubId]- value = 1
03-05 20:03:07.946   850  1077 D SubscriptionController: [getSubId]+ slotIndex=0
03-05 20:03:07.946   850  1077 D SubscriptionController: [getSubId]- subIdArr=[I@bd496af
03-05 20:03:07.946   461   803 I Telecom : InCallController: Components updated: [ComponentInfo{com.android.dialer/com.android.incallui.InCallServiceImpl}]: CSW.sCC(cap)@BQw
03-05 20:03:07.947   461   803 I Telecom : InCallController: Sending updateCall [Call id=TC@4, state=DISCONNECTED, tpac=ComponentInfo{com.android.phone/com.android.services.telephony.TelephonyConnectionService}, ***, UserHandle{0}, cmgr=ComponentInfo{com.android.phone/com.android.services.telephony.TelephonyConnectionService}, ***, UserHandle{0}, handle=tel:********12, vidst=A, childs(0), has_parent(false), cap=[ hld sup_hld mut !v2a], prop=[]]: CSW.sCC(cap)@BQ0
03-05 20:03:07.948   850  1529 D SubscriptionController: [getDefaultVoiceSubId] subId=1
03-05 20:03:07.948   850  1529 D SubscriptionController: [getDefaultSubId] isVoiceCapable subId=1
03-05 20:03:07.948   850  1529 D SubscriptionController: [isActiveSubId]- true
03-05 20:03:07.948   850  1529 V SubscriptionController: [getDefaultSubId]- value = 1
03-05 20:03:07.948   850  1529 D SubscriptionController: [getSubId]+ slotIndex=0
03-05 20:03:07.948   850  1529 D SubscriptionController: [getSubId]- subIdArr=[I@9c7aabc
03-05 20:03:07.950   461   803 I Telecom : InCallController: Components updated: [ComponentInfo{com.android.dialer/com.android.incallui.InCallServiceImpl}]: CSW.sCC(cap)@BQ0
03-05 20:03:07.951   461   461 I Telecom : ConnectionServiceWrapper: Service unbound ComponentInfo{com.android.phone/com.android.services.telephony.TelephonyConnectionService}, from unbind.: CSW.rC->CM.mCAR(cap)@BQ4
03-05 20:03:07.953   365  1764 V MediaPlayerService:  setDataSource
03-05 20:03:07.953   365  1764 V MediaPlayerService: [10] setVideoSurfaceTexture(0x0)
03-05 20:03:07.953   365  1764 V MediaPlayerService: [10] setParameter(1400)
03-05 20:03:07.954   365  1764 V MediaPlayerService: setAudioAttributes_l() usage=2 content=1 flags=0x800 tags=
03-05 20:03:07.954   365  1764 V MediaPlayerService: [10] prepareAsync
03-05 20:03:07.955   365  2031 D GenericSource: FileSource remote
03-05 20:03:07.958   363   457 E Utils   : did not find channel-count and/or sample-rate
03-05 20:03:07.958   363   457 E Utils   : did not find channel-count and/or sample-rate
03-05 20:03:07.959   365  2030 V MediaPlayerService: [10] notify (1, 0, 0)
03-05 20:03:07.962   365  1764 V MediaPlayerService: [10] setLooping(0)
03-05 20:03:07.962   365  1764 V MediaPlayerService: getDuration
03-05 20:03:07.962   365  1764 V MediaPlayerService: [10] getDuration = 750
03-05 20:03:07.962   365  1764 V MediaPlayerService: [10] setLooping(0)
03-05 20:03:07.963   365  1764 V MediaPlayerService: [10] setVolume(1.000000, 1.000000)
03-05 20:03:07.963   365  1764 V AudioSink: setVolume(1.000000, 1.000000)
03-05 20:03:07.963   365  1764 V MediaPlayerService: [10] setAuxEffectSendLevel(0.000000)
03-05 20:03:07.963   365  1764 V AudioSink: setAuxEffectSendLevel(0.000000)
03-05 20:03:07.963   365  1764 V MediaPlayerService: [10] start
03-05 20:03:07.963   365  2030 I GenericSource: start
03-05 20:03:07.966   365  2035 I OMXClient: IOmx service obtained
03-05 20:03:07.967   368   446 I OMXMaster: makeComponentInstance(OMX.google.vorbis.decoder) in android.hardwar process
03-05 20:03:07.968   368   446 E OMXNodeInstance: setConfig(0xf47414a0:google.vorbis.decoder, ConfigPriority(0x6f800002)) ERROR: Undefined(0x80001001)
03-05 20:03:07.968   365  2035 I ACodec  : codec does not support config priority (err -2147483648)
03-05 20:03:07.969   368   446 E OMXNodeInstance: getConfig(0xf47414a0:google.vorbis.decoder, ConfigAndroidVendorExtension(0x6f100004)) ERROR: Undefined(0x80001001)
03-05 20:03:07.970   365  2035 I MediaCodec: MediaCodec will operate in async mode
03-05 20:03:07.975   461   461 I Telecom : CallsManager: handleConnectionServiceDeath: service [ConnectionServiceWrapper componentName=ComponentInfo{com.android.phone/com.android.services.telephony.TelephonyConnectionService}] died: CSW.rC->CM.mCAR(cap)@BQ4
03-05 20:03:07.976   461   461 I Telecom : Event: RecordEntry TC@4: DESTROYED, null: CSW.rC->CM.mCAR(cap)@BQ4
03-05 20:03:07.976   461   461 I Telecom : InCallController: onCallRemoved: [Call id=TC@4, state=DISCONNECTED, tpac=ComponentInfo{com.android.phone/com.android.services.telephony.TelephonyConnectionService}, ***, UserHandle{0}, cmgr=ComponentInfo{com.android.phone/com.android.services.telephony.TelephonyConnectionService}, ***, UserHandle{0}, handle=tel:********12, vidst=A, childs(0), has_parent(false), cap=[ hld sup_hld mut !v2a], prop=[]]: CSW.rC->CM.mCAR(cap)@BQ4
03-05 20:03:07.976   461   461 I Telecom : IncomingCallNotifier: updateIncomingCall: foundIncomingcall = null: CSW.rC->CM.mCAR(cap)@BQ4
03-05 20:03:07.976   461   461 I Telecom : TelecomWakeLock: WakeLock already released with id: 26: CSW.rC->CM.mCAR(cap)@BQ4
03-05 20:03:07.977   461   461 I Telecom : InCallWakeLockController: Releasing full wake lock: CSW.rC->CM.mCAR(cap)@BQ4
03-05 20:03:07.977   461   461 I Telecom : ProximitySensorManager: All calls removed, resetting proximity sensor to default state: CSW.rC->CM.mCAR(cap)@BQ4
03-05 20:03:07.977   461   461 I Telecom : TelecomWakeLock: WakeLock already released with id: 32: CSW.rC->CM.mCAR(cap)@BQ4
03-05 20:03:07.979   461   461 D MediaSessionService: Global priority session is updated, active=false
03-05 20:03:07.980   461   461 V MediaRouter: Selecting route: RouteInfo{ name=Phone, description=null, status=null, category=RouteCategory{ name=System types=ROUTE_TYPE_LIVE_AUDIO ROUTE_TYPE_LIVE_VIDEO  groupable=false }, supportedTypes=ROUTE_TYPE_LIVE_AUDIO ROUTE_TYPE_LIVE_VIDEO , presentationDisplay=null }
03-05 20:03:07.981   604   604 V AvrcpMediaPlayerList: onActiveSessionsChanged: number of controllers: 0
03-05 20:03:08.002   365  2033 V AudioSink: close
03-05 20:03:08.002   365  2033 V AudioSink: setPlaybackRate(1.000000 1.000000 2 0)
03-05 20:03:08.002   365  2033 V AudioSink: open(48000, 2, 0x3, 0x1, 0, 169 0x0)
03-05 20:03:08.003   365  2033 V AudioSink: no track available to recycle
03-05 20:03:08.003   365  2033 V AudioSink: creating new AudioTrack
03-05 20:03:08.004   384   423 D AudioFlinger: Client defaulted notificationFrames to 12213 for frameCount 24426
03-05 20:03:08.007   384   423 D AF::TrackHandle: OpPlayAudio: track:67 usage:2 not muted
03-05 20:03:08.012   365  2033 V AudioSink: deleteRecycledTrack_l
03-05 20:03:08.012   365  2033 V AudioSink: setVolume
03-05 20:03:08.012   365  2033 V AudioSink: updateTrack() DONE status 0
03-05 20:03:08.012   365  2033 V AudioSink: start
03-05 20:03:08.013   365  2030 V MediaPlayerService: [10] notify (6, 0, 0)
03-05 20:03:08.013   365  1764 V MediaPlayerService: getCurrentPosition
03-05 20:03:08.013   365  1764 V MediaPlayerService: [10] getCurrentPosition = 0
03-05 20:03:08.014   365  1764 V MediaPlayerService: [10] isPlaying: 1
03-05 20:03:08.024   461   518 D PowerManagerService: updateWakeLockWorkSourceInternal: lock=59156783 [AudioMix], ws=WorkSource{1000}
03-05 20:03:08.025   461   518 I system_server: oneway function results will be dropped but finished with status OK and parcel size 4
03-05 20:03:08.025   365  2033 D AudioTrack: getTimestamp_l(27): device stall time corrected using current time 214795723037
03-05 20:03:08.040   461  1964 D AppOps  : noteOperation: allowing code 7 uid 10066 package com.android.providers.userdictionary
03-05 20:03:08.040   461  1964 D AppOps  : noteOperation: allowing code 7 uid 1000 package com.android.server.telecom
03-05 20:03:08.041   461  1964 D AppOps  : noteOperation: allowing code 7 uid 10066 package com.android.providers.userdictionary
03-05 20:03:08.041   461  1964 D AppOps  : noteOperation: allowing code 7 uid 1000 package com.android.server.telecom
03-05 20:03:08.048   384   426 D AudioFlinger: mixer(0x734eb07e3040) throttle end: throttle time(44)
03-05 20:03:08.060   461   486 I am_pss  : [1222,10066,android.process.acore,16947200,12423168,0,124731392,0,3,2]
03-05 20:03:08.075   461  1964 D ContentService: Notifying update of [content://call_log/calls] for user 0, observer null, flags 0
03-05 20:03:08.075   461  1964 D ContentService: Collecting non-leaf observers @ #0 / call_log
03-05 20:03:08.075   461  1964 D ContentService: Collecting non-leaf observers @ #1 / calls
03-05 20:03:08.075   461  1964 D ContentService: Reporting to android.database.ContentObserver$Transport@bb5ed8f: leaf=false flags=0 desc=true
03-05 20:03:08.075   461  1964 D ContentService: Reporting to android.database.IContentObserver$Stub$Proxy@4fca441: leaf=false flags=0 desc=true
03-05 20:03:08.085   461   518 D AppOps  : noteOperation: allowing code 6 uid 10066 package com.android.providers.userdictionary
03-05 20:03:08.085   461   518 D AppOps  : noteOperation: allowing code 6 uid 10104 package com.android.dialer
03-05 20:03:08.086   461   518 D AppOps  : noteOperation: allowing code 6 uid 10066 package com.android.providers.userdictionary
03-05 20:03:08.086   461   518 D AppOps  : noteOperation: allowing code 6 uid 10104 package com.android.dialer
03-05 20:03:08.091   461   803 D AppOps  : noteOperation: allowing code 6 uid 10066 package com.android.providers.userdictionary
03-05 20:03:08.091   461   803 D AppOps  : noteOperation: allowing code 6 uid 10104 package com.android.dialer
03-05 20:03:08.092   461   803 D AppOps  : noteOperation: allowing code 6 uid 10066 package com.android.providers.userdictionary
03-05 20:03:08.092   461   803 D AppOps  : noteOperation: allowing code 6 uid 10104 package com.android.dialer
03-05 20:03:08.094   384   426 D AudioFlinger: mixer(0x734eb07e3040) throttle end: throttle time(11)
03-05 20:03:08.098  1251  1251 I Dialer  : InCallPresenter.attemptFinishActivity - Hide in call UI: true
03-05 20:03:08.100  1251  1251 I Dialer  : InCallActivity.shouldCloseActivityOnFinish - activity is visible and has no locks, allowing activity to close
03-05 20:03:08.100   461  1201 I wm_finish_activity: [0,71052193,18,com.android.dialer/com.android.incallui.InCallActivity,finish-activity]
03-05 20:03:08.101   461  1201 I wm_focused_stack: [0,0,15,18,finish-top adjustFocusToNextFocusableStack]
03-05 20:03:08.102   269   307 D goldfish-address-space: allocate: Ask for block of size 0x7e9000
03-05 20:03:08.102   269   307 D goldfish-address-space: allocate: ioctl allocate returned offset 0x3fa104000 size 0x7ea000
03-05 20:03:08.139   461  1201 I wm_pause_activity: [0,71052193,com.android.dialer/com.android.incallui.InCallActivity,userLeaving=false]
03-05 20:03:08.139   461  1201 D PowerManagerService: acquireWakeLockInternal: lock=180970848, flags=0x1, tag="*launch*", ws=WorkSource{10104}, uid=1000, pid=461
03-05 20:03:08.140   461  1201 D PowerManagerService: updateWakeLockSummaryLocked: mWakefulness=Awake, mWakeLockSummary=0x1
03-05 20:03:08.140   461  1201 D PowerManagerService: updateUserActivitySummaryLocked: mWakefulness=Awake, mUserActivitySummary=0x1, nextTimeout=2147690879 (in 2147475969 ms)
03-05 20:03:08.140   461  1201 D PowerManagerService: updateDisplayPowerStateLocked: mDisplayReady=true, policy=3, mWakefulness=1, mWakeLockSummary=0x1, mUserActivitySummary=0x1, mBootCompleted=true, screenBrightnessOverride=NaN, useAutoBrightness=false, mScreenBrightnessBoostInProgress=false, mIsVrModeEnabled= false, sQuiescent=false
03-05 20:03:08.150  1251  1251 I Dialer  : InCallPresenter.onCallListChange - Phone switching state: INCALL -> NO_CALLS
03-05 20:03:08.151  1251  1251 I Dialer  : VideoPauseController.onStateChange - hasPrimaryCallChanged: false, videoCanPause: false, isInBackground: false
03-05 20:03:08.151  1251  1251 I Dialer  : InCallFragment.setCallState - PrimaryCallState, state: 2, connectionLabel: null
03-05 20:03:08.153  1251  1251 I Dialer  : ReturnToCallController.hide - hide() called without calling show()
03-05 20:03:08.154   461   481 I sysui_multi_action: [757,803,799,window_time_0,802,8]
03-05 20:03:08.167  1251  1251 I wm_on_top_resumed_lost_called: [71052193,com.android.incallui.InCallActivity,topStateChangedWhenResumed]
03-05 20:03:08.168  1251  1251 I Dialer  : InCallPresenter.onCallListChange - Phone switching state: NO_CALLS -> NO_CALLS
03-05 20:03:08.168  1251  1251 I Dialer  : VideoPauseController.onStateChange - hasPrimaryCallChanged: false, videoCanPause: false, isInBackground: false
03-05 20:03:08.168  1251  1251 I Dialer  : InCallFragment.setCallState - PrimaryCallState, state: 2, connectionLabel: null
03-05 20:03:08.170  1251  1251 I Dialer  : ReturnToCallController.hide - hide() called without calling show()
03-05 20:03:08.170  1251  1251 I Dialer  : InCallPresenter.onCallListChange - Phone switching state: NO_CALLS -> NO_CALLS
03-05 20:03:08.170  1251  1251 I Dialer  : VideoPauseController.onStateChange - hasPrimaryCallChanged: false, videoCanPause: false, isInBackground: false
03-05 20:03:08.170  1251  1251 I Dialer  : InCallFragment.setCallState - PrimaryCallState, state: 2, connectionLabel: null
03-05 20:03:08.174  1251  1251 I Dialer  : ReturnToCallController.hide - hide() called without calling show()
03-05 20:03:08.175  1251  1251 I wm_on_paused_called: [71052193,com.android.incallui.InCallActivity,performPause]
03-05 20:03:08.175   461  1201 I wm_add_to_stopping: [0,71052193,com.android.dialer/com.android.incallui.InCallActivity,completeFinishing]
03-05 20:03:08.177   461  1201 I wm_set_resumed_activity: [0,com.android.dialer/.main.impl.MainActivity,resumeTopActivityInnerLocked]
03-05 20:03:08.177   461  1201 V KeyguardServiceDelegate: setOccluded(false) animate=false
03-05 20:03:08.177   461  1201 W InputReader: Device virtio_input_multi_touch_10 is associated with display ADISPLAY_ID_NONE.
03-05 20:03:08.177   461  1201 W InputReader: Device virtio_input_multi_touch_4 is associated with display ADISPLAY_ID_NONE.
03-05 20:03:08.177   461  1201 W InputReader: Device virtio_input_multi_touch_3 is associated with display ADISPLAY_ID_NONE.
03-05 20:03:08.177   461  1201 W InputReader: Device virtio_input_multi_touch_11 is associated with display ADISPLAY_ID_NONE.
03-05 20:03:08.177   461  1201 W InputReader: Device virtio_input_multi_touch_8 is associated with display ADISPLAY_ID_NONE.
03-05 20:03:08.177   461  1201 W InputReader: Device virtio_input_multi_touch_2 is associated with display ADISPLAY_ID_NONE.
03-05 20:03:08.177   461  1201 W InputReader: Device virtio_input_multi_touch_9 is associated with display ADISPLAY_ID_NONE.
03-05 20:03:08.177   461  1201 W InputReader: Device virtio_input_multi_touch_6 is associated with display ADISPLAY_ID_NONE.
03-05 20:03:08.177   461  1201 W InputReader: Device virtio_input_multi_touch_7 is associated with display ADISPLAY_ID_NONE.
03-05 20:03:08.177   461  1201 W InputReader: Device virtio_input_multi_touch_5 is associated with display ADISPLAY_ID_NONE.
03-05 20:03:08.178   461  1201 W InputReader: Device virtio_input_multi_touch_10 is associated with display ADISPLAY_ID_NONE.
03-05 20:03:08.178   461  1201 W InputReader: Device virtio_input_multi_touch_4 is associated with display ADISPLAY_ID_NONE.
03-05 20:03:08.178   461  1201 W InputReader: Device virtio_input_multi_touch_3 is associated with display ADISPLAY_ID_NONE.
03-05 20:03:08.178   461  1201 W InputReader: Device virtio_input_multi_touch_11 is associated with display ADISPLAY_ID_NONE.
03-05 20:03:08.178   461  1201 W InputReader: Device virtio_input_multi_touch_8 is associated with display ADISPLAY_ID_NONE.
03-05 20:03:08.178   461  1201 W InputReader: Device virtio_input_multi_touch_2 is associated with display ADISPLAY_ID_NONE.
03-05 20:03:08.178   461  1201 W InputReader: Device virtio_input_multi_touch_9 is associated with display ADISPLAY_ID_NONE.
03-05 20:03:08.178   461  1201 W InputReader: Device virtio_input_multi_touch_6 is associated with display ADISPLAY_ID_NONE.
03-05 20:03:08.178   461  1201 W InputReader: Device virtio_input_multi_touch_7 is associated with display ADISPLAY_ID_NONE.
03-05 20:03:08.178   461  1201 W InputReader: Device virtio_input_multi_touch_5 is associated with display ADISPLAY_ID_NONE.
03-05 20:03:08.178   461  1201 I wm_resume_activity: [0,93312071,15,com.android.dialer/.main.impl.MainActivity]
03-05 20:03:08.181   621   988 D KeyguardViewMediator: setOccluded false
03-05 20:03:08.184   461   481 I sysui_multi_action: [757,803,799,window_time_0,802,0]
03-05 20:03:08.188   621   621 D KeyguardViewMediator: adjustStatusBarLocked: mShowing=false mOccluded=false isSecure=false force=false --> flags=0x0
03-05 20:03:08.200  1251  1251 I wm_on_restart_called: [93312071,com.android.dialer.main.impl.MainActivity,performRestartActivity]
03-05 20:03:08.200  1251  1251 I wm_on_start_called: [93312071,com.android.dialer.main.impl.MainActivity,handleStartActivity]
03-05 20:03:08.200  1251  1251 I Dialer  : PermissionsUtil.registerPermissionReceiver - android.permission.READ_CONTACTS
03-05 20:03:08.201  1251  1251 I Dialer  : CallLogFragment.onStart - enter
03-05 20:03:08.201  1251  1251 I Dialer  : DialpadFragment.onStart - first launch: false
03-05 20:03:08.203   384   423 W AudioFlinger: createTrack_l(): mismatch between requested flags (00000004) and output flags (00000002)
03-05 20:03:08.203   384   423 D AudioFlinger: Client defaulted notificationFrames to 882 for frameCount 1956
03-05 20:03:08.203   384   423 D AF::TrackHandle: OpPlayAudio: track:68 usage:3 not muted
03-05 20:03:08.205  1251  1251 D AudioTrack: createTrack_l(1701601824): AUDIO_OUTPUT_FLAG_FAST denied by server; frameCount 882 -> 1956
03-05 20:03:08.208  1251  1251 I Dialer  : MainBottomNavBarBottomNavTabListener.onActivityResume - enter
03-05 20:03:08.208  1251  1251 I Dialer  : MainCallLogFragmentListener.onActivityResume - enter
03-05 20:03:08.208  1251  1251 I Dialer  : MainCallLogFragmentListener.registerVoicemailStatusContentObserver - enter
03-05 20:03:08.208  1251  1251 I Dialer  : MainCallLogFragmentListener.registerVoicemailStatusContentObserver - register
03-05 20:03:08.212   850   868 I service_manager_stats: [100,290,20346]
03-05 20:03:08.216  1251  1251 I Dialer  : CallLogQueryHandler.fetchVoicemailStatus - fetching voicemail status
03-05 20:03:08.216  1251  1463 I Dialer  : DialerDatabaseHelper.updateSmartDialDatabase - enter
03-05 20:03:08.216  1251  1463 I Dialer  : DialerDatabaseHelper.updateSmartDialDatabase - last updated at 0
03-05 20:03:08.218   850   868 D PhoneFactory: getPhone:- phoneId != DEFAULT_PHONE_ID return sPhones[phoneId] phoneId=0 phone=Handler (com.android.internal.telephony.GsmCdmaPhone) {84d053}
03-05 20:03:08.218   850   868 D SubscriptionController: getSimStateForSlotIndex:  simState=LOADED ordinal=10 slotIndex=0
03-05 20:03:08.219   850   868 D SubscriptionController: [getPhoneId] subId=0
03-05 20:03:08.219   850   868 D SubscriptionController: [getPhoneId]- subId=0 not found return default phoneId=2147483647
03-05 20:03:08.219   850   868 D PhoneFactory: getPhone:- phoneId == DEFAULT_PHONE_ID return sPhone phoneId=2147483647 phone=Handler (com.android.internal.telephony.GsmCdmaPhone) {84d053}
03-05 20:03:08.219   850   868 D SubscriptionController: [getSubId]+ slotIndex=0
03-05 20:03:08.219   850   868 D SubscriptionController: [getSubId]- subIdArr=[I@9712a45
03-05 20:03:08.220  1251  1251 I Dialer  : PostCall.promptUserToSendMessage - returned from call, showing post call SnackBar
03-05 20:03:08.220  1251  1251 I Dialer  : PostCall.promptUserToSendMessage - number: **********, capabilities: null
03-05 20:03:08.221   461   518 D AppOps  : noteOperation: allowing code 52 uid 10066 package com.android.providers.userdictionary
03-05 20:03:08.221   461   518 D AppOps  : noteOperation: allowing code 52 uid 10104 package com.android.dialer
03-05 20:03:08.224   461   518 D AppOps  : noteOperation: allowing code 52 uid 10066 package com.android.providers.userdictionary
03-05 20:03:08.224   461   518 D AppOps  : noteOperation: allowing code 52 uid 10104 package com.android.dialer
03-05 20:03:08.228  1251  1251 I wm_on_resume_called: [93312071,com.android.dialer.main.impl.MainActivity,RESUME_ACTIVITY]
03-05 20:03:08.228  1251  1251 I Dialer  : CallLogFragment.onResume - enter
03-05 20:03:08.230   461  1201 D AppOps  : noteOperation: allowing code 4 uid 10066 package com.android.providers.userdictionary
03-05 20:03:08.230   461  1201 D AppOps  : noteOperation: allowing code 4 uid 10104 package com.android.dialer
03-05 20:03:08.231   461  1201 D AppOps  : noteOperation: allowing code 4 uid 10066 package com.android.providers.userdictionary
03-05 20:03:08.231   461  1201 D AppOps  : noteOperation: allowing code 4 uid 10104 package com.android.dialer
03-05 20:03:08.244  1251  1251 I Dialer  : CallLogQueryHandler.fetchVoicemailStatus - fetching voicemail status
03-05 20:03:08.244  1251  1251 I Dialer  : CallLogFragment.onPageSelected - enter
03-05 20:03:08.245  1251  1251 I Dialer  : MainCallLogHost.enableFloatingButton - enabled: true
03-05 20:03:08.245  1251  1251 I Dialer  : NewSearchFragment.onCreateLoader - loading cursor: 0
03-05 20:03:08.245  1251  1251 I Dialer  : DialpadFragment.onResume - enter
03-05 20:03:08.246  1251  1251 I Dialer  : DialpadFragment.configureScreenFromIntent - action: android.intent.action.MAIN
03-05 20:03:08.247   461  1201 D AppOps  : noteOperation: allowing code 6 uid 10066 package com.android.providers.userdictionary
03-05 20:03:08.247   461  1201 D AppOps  : noteOperation: allowing code 6 uid 10104 package com.android.dialer
03-05 20:03:08.248   461   518 D AppOps  : noteOperation: allowing code 4 uid 10066 package com.android.providers.userdictionary
03-05 20:03:08.248   461   518 D AppOps  : noteOperation: allowing code 4 uid 10104 package com.android.dialer
03-05 20:03:08.249  1251  1251 I Dialer  : DialpadFragment.configureScreenFromIntent - Nothing to show
03-05 20:03:08.249  1251  1251 I Dialer  : DialpadFragment.showDialpadChooser - Displaying normal Dialer UI.
03-05 20:03:08.249  1251  1251 I Dialer  : DialpadFragment.showDialpadChooser - mDialpadView not null
03-05 20:03:08.250  1251  1251 I Dialer  : DialpadFragment.onResume - phone not in use
03-05 20:03:08.250  1251  1251 I Dialer  : DialpadFragment.showDialpadChooser - Displaying normal Dialer UI.
03-05 20:03:08.250  1251  1251 I Dialer  : DialpadFragment.showDialpadChooser - mDialpadView not null
03-05 20:03:08.259  1251  1251 I wm_on_top_resumed_gained_called: [93312071,com.android.dialer.main.impl.MainActivity,topWhenResuming]
03-05 20:03:08.267  1251  1251 I Ylw_Dialer: CallTypeIconsView: false
03-05 20:03:08.272   461   518 D AppOps  : noteOperation: allowing code 6 uid 10066 package com.android.providers.userdictionary
03-05 20:03:08.272   461   518 D AppOps  : noteOperation: allowing code 6 uid 10104 package com.android.dialer
03-05 20:03:08.273   850   868 D SubscriptionController: [getPhoneId] subId=0
03-05 20:03:08.273   850   868 D SubscriptionController: [getPhoneId]- subId=0 not found return default phoneId=2147483647
03-05 20:03:08.273   850   868 D PhoneFactory: getPhone:- phoneId == DEFAULT_PHONE_ID return sPhone phoneId=2147483647 phone=Handler (com.android.internal.telephony.GsmCdmaPhone) {84d053}
03-05 20:03:08.273   850   868 D SubscriptionController: [getSubId]+ slotIndex=0
03-05 20:03:08.273   850   868 D SubscriptionController: [getSubId]- subIdArr=[I@66e359a
03-05 20:03:08.277   461   803 D AppOps  : noteOperation: allowing code 52 uid 10066 package com.android.providers.userdictionary
03-05 20:03:08.277   461   803 D AppOps  : noteOperation: allowing code 52 uid 10104 package com.android.dialer
03-05 20:03:08.278   461   803 D AppOps  : noteOperation: allowing code 52 uid 10066 package com.android.providers.userdictionary
03-05 20:03:08.278   461   803 D AppOps  : noteOperation: allowing code 52 uid 10104 package com.android.dialer
03-05 20:03:08.285   850   868 D SubscriptionController: [getDefaultVoiceSubId] subId=1
03-05 20:03:08.285   850   868 D SubscriptionController: [getDefaultSubId] isVoiceCapable subId=1
03-05 20:03:08.285   850   868 D SubscriptionController: [isActiveSubId]- true
03-05 20:03:08.285   850   868 V SubscriptionController: [getDefaultSubId]- value = 1
03-05 20:03:08.285   850   868 D SubscriptionController: [getSubId]+ slotIndex=0
03-05 20:03:08.285   850   868 D SubscriptionController: [getSubId]- subIdArr=[I@5deecb
03-05 20:03:08.291   365  2033 V AudioSink: getPlayedOutDurationUs(265561) nowUs(215061886) frames(12747) framesAt(215061887)
03-05 20:03:08.291   365  2030 V MediaPlayerService: [10] notify (211, 0, 0)
03-05 20:03:08.298   365  2033 V AudioSink: getPlayedOutDurationUs(287703) nowUs(215068341) frames(13810) framesAt(215068346)
03-05 20:03:08.298   365  2033 V AudioSink: stop
03-05 20:03:08.298   365  2033 D AudioTrack: stop(27): called with 36000 frames delivered
03-05 20:03:08.299   461   518 I Telecom : PhoneAccountRegistrar: getSimCallManager: SimCallManager for subId 1 queried, returning: null: TSI.gDOPA@BTA
03-05 20:03:08.314   461   803 D AppOps  : noteOperation: allowing code 4 uid 10066 package com.android.providers.userdictionary
03-05 20:03:08.314   461   803 D AppOps  : noteOperation: allowing code 4 uid 10104 package com.android.dialer
03-05 20:03:08.314   461   518 D AppOps  : noteOperation: allowing code 6 uid 10066 package com.android.providers.userdictionary
03-05 20:03:08.314   461   518 D AppOps  : noteOperation: allowing code 6 uid 10104 package com.android.dialer
03-05 20:03:08.315   461   518 D AppOps  : noteOperation: allowing code 6 uid 10066 package com.android.providers.userdictionary
03-05 20:03:08.315   461   518 D AppOps  : noteOperation: allowing code 6 uid 10104 package com.android.dialer
03-05 20:03:08.317   269   307 D goldfish-address-space: allocate: Ask for block of size 0x7e9000
03-05 20:03:08.317   269   307 D goldfish-address-space: allocate: ioctl allocate returned offset 0x3fb8c2000 size 0x7ea000
03-05 20:03:08.332   269   307 D goldfish-address-space: allocate: Ask for block of size 0x7e9000
03-05 20:03:08.332   269   307 D goldfish-address-space: allocate: ioctl allocate returned offset 0x3fceae000 size 0x7ea000
03-05 20:03:08.337  1251  1251 I Ylw_Dialer: true:onDraw: useLargeIcons=false:showHd=false:showVideo=false:false:false:false
03-05 20:03:08.338  1251  1251 I Ylw_Dialer: true:onDraw: useLargeIcons=false:showHd=false:showVideo=false:false:false:false
03-05 20:03:08.338  1251  1251 I Ylw_Dialer: getCallTypeDrawable: 2 : false
03-05 20:03:08.343   269   412 D goldfish-address-space: allocate: Ask for block of size 0x7e9000
03-05 20:03:08.343   269   412 D goldfish-address-space: allocate: ioctl allocate returned offset 0x3f7972000 size 0x7ea000
03-05 20:03:08.353  1251  2039 I Dialer  : SmartDialCursor.newInstance - Cursor was null or empty
03-05 20:03:08.356  1251  1251 I Ylw_Dialer: true:onDraw: useLargeIcons=false:showHd=false:showVideo=false:false:false:false
03-05 20:03:08.357  1251  1251 I Ylw_Dialer: getCallTypeDrawable: 2 : false
03-05 20:03:08.357  1251  1251 I Ylw_Dialer: getCallTypeDrawable: 1 : false
03-05 20:03:08.357  1251  1251 I Ylw_Dialer: true:onDraw: useLargeIcons=false:showHd=false:showVideo=false:false:false:false
03-05 20:03:08.357  1251  1251 I Ylw_Dialer: getCallTypeDrawable: 2 : false
03-05 20:03:08.357  1251  1251 I Ylw_Dialer: true:onDraw: useLargeIcons=false:showHd=false:showVideo=false:false:false:false
03-05 20:03:08.358  1251  1251 I Ylw_Dialer: getCallTypeDrawable: 1 : false
03-05 20:03:08.358  1251  1251 I chatty  : uid=10104(com.android.dialer) identical 1 line
03-05 20:03:08.358  1251  1251 I Ylw_Dialer: getCallTypeDrawable: 1 : false
03-05 20:03:08.414   461  1926 D HostConnection: HostConnection::get() New Host Connection established 0x71608df255d0, tid 1926
03-05 20:03:08.421   461  1926 D HostConnection: HostComposition ext ANDROID_EMU_CHECKSUM_HELPER_v1 ANDROID_EMU_dma_v1 ANDROID_EMU_direct_mem ANDROID_EMU_host_composition_v1 ANDROID_EMU_host_composition_v2 ANDROID_EMU_YUV_Cache ANDROID_EMU_async_unmap_buffer GL_OES_EGL_image_external_essl3 GL_OES_vertex_array_object GL_KHR_texture_compression_astc_ldr ANDROID_EMU_host_side_tracing ANDROID_EMU_gles_max_version_3_1 
03-05 20:03:08.426   461  1926 W OpenGLRenderer: Failed to choose config with EGL_SWAP_BEHAVIOR_PRESERVED, retrying without...
03-05 20:03:08.427   461  1926 D EGL_emulation: eglCreateContext: 0x71608df24550: maj 3 min 1 rcv 4
03-05 20:03:08.461   461  1926 D EGL_emulation: eglMakeCurrent: 0x71608df24550: ver 3 1 (tinfo 0x71602df6f9d0) (first time)
03-05 20:03:08.479   461   803 D AppOps  : noteOperation: allowing code 6 uid 10066 package com.android.providers.userdictionary
03-05 20:03:08.479   461   803 D AppOps  : noteOperation: allowing code 6 uid 10104 package com.android.dialer
03-05 20:03:08.491  1251  1251 I Dialer  : OldMainActivityPeer.MainCallLogFragmentListener - onVoicemailStatusFetched
03-05 20:03:08.491  1251  1251 I Dialer  : OldMainActivityPeer.onVoicemailStatusFetched - hasActiveVoicemailProvider:true, number of active voicemail sources:1
03-05 20:03:08.492  1251  1251 I Dialer  : OldMainActivityPeer.showVoicemail - showing Tab:true
03-05 20:03:08.500  1251  1251 I Dialer  : NewSearchFragment.onLoadFinished - Loader finished: SearchContactsCursorLoader{9b44355 id=0}
03-05 20:03:08.501   461  1340 V InputMethodManagerService: startInputOrWindowGainedFocusInternalLocked: reason=WINDOW_FOCUS_GAIN client=android.os.BinderProxy@58c8492 inputContext=null missingMethods= attribute=android.view.inputmethod.EditorInfo@b3bfe34 startInputFlags=VIEW_HAS_FOCUS|INITIAL_CONNECTION softInputMode=STATE_ALWAYS_HIDDEN|ADJUST_NOTHING windowFlags=#81810100 unverifiedTargetSdkVersion=28
03-05 20:03:08.501   461  1340 V InputMethodManagerService: IME PreRendering MASTER flag: false, LowRam: false
03-05 20:03:08.501   461  1340 V InputMethodManagerService: Window asks to hide input
03-05 20:03:08.504   461   518 D AppOps  : noteOperation: allowing code 6 uid 10066 package com.android.providers.userdictionary
03-05 20:03:08.504   461   518 D AppOps  : noteOperation: allowing code 6 uid 10104 package com.android.dialer
03-05 20:03:08.513   461  1201 D AppOps  : noteOperation: allowing code 6 uid 10066 package com.android.providers.userdictionary
03-05 20:03:08.513   461  1201 D AppOps  : noteOperation: allowing code 6 uid 10104 package com.android.dialer
03-05 20:03:08.513   461  1201 D AppOps  : noteOperation: allowing code 6 uid 10066 package com.android.providers.userdictionary
03-05 20:03:08.513   461  1201 D AppOps  : noteOperation: allowing code 6 uid 10104 package com.android.dialer
03-05 20:03:08.535   461  1340 D InputMethodManagerService: --- calledFromForegroundUserOrSystemProcess ? calling uid = 10104 system uid = 1000 calling userId = 0, foreground user id = 0, calling pid = 0com.android.server.inputmethod.InputMethodManagerService.reportPerceptible(InputMethodManagerService.java:3167)
03-05 20:03:08.535   461  1340 D InputMethodManagerService: IME window vis: 0 active: 0 inv: 0 displayId: 0
03-05 20:03:08.552   850   868 D SubscriptionController: [getPhoneId] subId=0
03-05 20:03:08.552   850   868 D SubscriptionController: [getPhoneId]- subId=0 not found return default phoneId=2147483647
03-05 20:03:08.552   850   868 D PhoneFactory: getPhone:- phoneId == DEFAULT_PHONE_ID return sPhone phoneId=2147483647 phone=Handler (com.android.internal.telephony.GsmCdmaPhone) {84d053}
03-05 20:03:08.552   850   868 D SubscriptionController: [getSubId]+ slotIndex=0
03-05 20:03:08.552   850   868 D SubscriptionController: [getSubId]- subIdArr=[I@2c2b6a8
03-05 20:03:08.558   384   426 D AudioFlinger: mixer(0x734eb07e3040) throttle end: throttle time(11)
03-05 20:03:08.558   461  1964 D AppOps  : noteOperation: allowing code 7 uid 10066 package com.android.providers.userdictionary
03-05 20:03:08.558   461  1964 D AppOps  : noteOperation: allowing code 7 uid 1000 package com.android.server.telecom
03-05 20:03:08.569   461   518 D AppOps  : noteOperation: allowing code 52 uid 10066 package com.android.providers.userdictionary
03-05 20:03:08.569   461   518 D AppOps  : noteOperation: allowing code 52 uid 10104 package com.android.dialer
03-05 20:03:08.582   461  1201 D AppOps  : noteOperation: allowing code 52 uid 10066 package com.android.providers.userdictionary
03-05 20:03:08.582   461  1201 D AppOps  : noteOperation: allowing code 52 uid 10104 package com.android.dialer
03-05 20:03:08.611   461  1964 D AppOps  : noteOperation: allowing code 7 uid 10066 package com.android.providers.userdictionary
03-05 20:03:08.611   461  1964 D AppOps  : noteOperation: allowing code 7 uid 1000 package com.android.server.telecom
03-05 20:03:08.634   850   868 D SubscriptionController: [getPhoneId] subId=0
03-05 20:03:08.634   850   868 D SubscriptionController: [getPhoneId]- subId=0 not found return default phoneId=2147483647
03-05 20:03:08.634   850   868 D PhoneFactory: getPhone:- phoneId == DEFAULT_PHONE_ID return sPhone phoneId=2147483647 phone=Handler (com.android.internal.telephony.GsmCdmaPhone) {84d053}
03-05 20:03:08.634   850   868 D SubscriptionController: [getSubId]+ slotIndex=0
03-05 20:03:08.634   850   868 D SubscriptionController: [getSubId]- subIdArr=[I@e7f25c1
03-05 20:03:08.638   461  1201 D AppOps  : noteOperation: allowing code 52 uid 10066 package com.android.providers.userdictionary
03-05 20:03:08.638   461  1201 D AppOps  : noteOperation: allowing code 52 uid 10104 package com.android.dialer
03-05 20:03:08.663   461   481 I wm_destroy_activity: [0,71052193,18,com.android.dialer/com.android.incallui.InCallActivity,finish-imm:transit]
03-05 20:03:08.665   461  1201 D AppOps  : noteOperation: allowing code 52 uid 10066 package com.android.providers.userdictionary
03-05 20:03:08.665   461  1201 D AppOps  : noteOperation: allowing code 52 uid 10104 package com.android.dialer
03-05 20:03:08.704   461   518 D AppOps  : noteOperation: allowing code 6 uid 10066 package com.android.providers.userdictionary
03-05 20:03:08.705   461   518 D AppOps  : noteOperation: allowing code 6 uid 10104 package com.android.dialer
03-05 20:03:08.707   461   518 D AppOps  : noteOperation: allowing code 6 uid 10066 package com.android.providers.userdictionary
03-05 20:03:08.707   461   518 D AppOps  : noteOperation: allowing code 6 uid 10104 package com.android.dialer
03-05 20:03:08.711   850   868 D SubscriptionController: [getPhoneId] subId=0
03-05 20:03:08.712   850   868 D SubscriptionController: [getPhoneId]- subId=0 not found return default phoneId=2147483647
03-05 20:03:08.712   850   868 D PhoneFactory: getPhone:- phoneId == DEFAULT_PHONE_ID return sPhone phoneId=2147483647 phone=Handler (com.android.internal.telephony.GsmCdmaPhone) {84d053}
03-05 20:03:08.712   850   868 D SubscriptionController: [getSubId]+ slotIndex=0
03-05 20:03:08.712   850   868 D SubscriptionController: [getSubId]- subIdArr=[I@dea1166
03-05 20:03:08.712   461   518 D AppOps  : noteOperation: allowing code 52 uid 10066 package com.android.providers.userdictionary
03-05 20:03:08.712   461   518 D AppOps  : noteOperation: allowing code 52 uid 10104 package com.android.dialer
03-05 20:03:08.736  1251  1251 I Dialer  : ProximitySensor.updateProximitySensorMode - screenOnImmediately: true, dialPadVisible: false, offHook: false, horizontal: false, uiShowing: false, audioRoute: SPEAKER
03-05 20:03:08.736  1251  1251 I Dialer  : ProximitySensor.turnOffProximitySensor - wake lock already released
03-05 20:03:08.736  1251  1251 I Dialer  : ReturnToCallController.hide - hide() called without calling show()
03-05 20:03:08.737  1251  1251 I Dialer  : InCallActivity.showMainInCallFragment - not visible yet/anymore
03-05 20:03:08.737  1251  1251 I Dialer  : InCallPresenter.updateActivity - UI Destroyed
03-05 20:03:08.737  1251  1251 I Dialer  : InCallPresenter.onCallListChange - Phone switching state: NO_CALLS -> NO_CALLS
03-05 20:03:08.737  1251  1251 I Dialer  : VideoPauseController.onStateChange - hasPrimaryCallChanged: false, videoCanPause: false, isInBackground: true
03-05 20:03:08.738  1251  1251 I Dialer  : InCallFragment.setCallState - PrimaryCallState, state: 2, connectionLabel: null
03-05 20:03:08.743  1251  1251 I wm_on_stop_called: [71052193,com.android.incallui.InCallActivity,LIFECYCLER_STOP_ACTIVITY]
03-05 20:03:08.743  1251  1251 I Dialer  : UiListener.onDetach - enter
03-05 20:03:08.744  1251  1251 I Dialer  : InCallFragment.onButtonGridCreated - InCallUiUnready
03-05 20:03:08.744  1251  1251 I Dialer  : CallCardPresenter.onInCallScreenUnready
03-05 20:03:08.745  1251  1251 I Dialer  : InCallPresenter.unsetActivity - No InCallActivity currently set, no need to unset.
03-05 20:03:08.745  1251  1251 I wm_on_destroy_called: [71052193,com.android.incallui.InCallActivity,performDestroy]
03-05 20:03:08.751   461  1340 I wm_task_removed: [18,removeChild: last r=ActivityRecord{43c2ba1 u0 com.android.dialer/com.android.incallui.InCallActivity t-1 f}} in t=Task{a763f11 #18 visible=false type=standard mode=fullscreen translucent=true A=10104:com.android.incallui U=0 StackId=18 sz=0}]
03-05 20:03:08.751   461  1340 I wm_task_removed: [18,removeTask]
03-05 20:03:08.751   461  1340 I wm_task_removed: [18,removeTask]
03-05 20:03:08.751   461  1340 I wm_stack_removed: 18
03-05 20:03:08.762   365  2030 V MediaPlayerService: [10] notify (2, 0, 0)
03-05 20:03:08.762   365  2033 V AudioSink: pause
03-05 20:03:08.763   365  2030 V MediaPlayerService: [10] notify (211, 0, 0)
03-05 20:03:08.765   461   461 I Telecom : : playMediaTone: toneResourceId=2131689472 completed.
03-05 20:03:08.765   461   461 V MediaPlayer: resetDrmState:  mDrmInfo=null mDrmProvisioningThread=null mPrepareDrmInProgress=false mActiveDrmScheme=false
03-05 20:03:08.765   461   461 V MediaPlayer: cleanDrmObj: mDrmObj=null mDrmSessionId=null
03-05 20:03:08.766   365  1764 V MediaPlayerService: disconnect(10) from pid 461
03-05 20:03:08.766   365  1764 D NuPlayerDriver: reset(0xee8c1cc0) at state 6
03-05 20:03:08.767   365  2033 V AudioSink: pause
03-05 20:03:08.767   365  2033 V AudioSink: flush
03-05 20:03:08.767   365  2033 V AudioSink: stop
03-05 20:03:08.773   365  2030 D NuPlayerDriver: notifyResetComplete(0xee8c1cc0)
03-05 20:03:08.773   365  1764 W AMessage: failed to post message as target looper for handler 0 is gone.
03-05 20:03:08.776   365  1764 V MediaPlayerService: Client(10) destructor pid = 461
03-05 20:03:08.776   365  1764 V AudioSink: close
03-05 20:03:08.777   365  1764 V MediaPlayerService: disconnect(10) from pid 461
03-05 20:03:08.777   461   461 W MediaPlayer: mediaplayer went away with unhandled events
03-05 20:03:08.779   461   461 I Telecom : BluetoothPhoneService: updateHeadsetWithCallState numActive 0, numHeld 0, callState 6, ringing number ***, ringing type 128, ringing name null: CSW.sDc->ICTP.r->ICTP.cUTP(cap)@BQU
03-05 20:03:08.779   461   952 I Telecom : CallAudioModeStateMachine: Message received: TONE_STOPPED_PLAYING.: CSW.sDc->ICTP.r->ICTP.cUTP->CAMSM.pM_3002(cap)@BQU
03-05 20:03:08.780   461   947 I Telecom : CallAudioRouteStateMachine: Message received: SWITCH_FOCUS=4001, arg1=1: CSW.sDc->ICTP.r->ICTP.cUTP->CAMSM.pM_3002->CARSM.pM_SWITCH_FOCUS(cap)@BQU
03-05 20:03:08.780   461   947 I Telecom : ActiveSpeakerRoute: Processing message SWITCH_FOCUS: CSW.sDc->ICTP.r->ICTP.cUTP->CAMSM.pM_3002->CARSM.pM_SWITCH_FOCUS(cap)@BQU
03-05 20:03:08.780   461   947 I Telecom : CallAudioRouteStateMachine: Ignoring speakerphone request -- already true: CSW.sDc->ICTP.r->ICTP.cUTP->CAMSM.pM_3002->CARSM.pM_SWITCH_FOCUS(cap)@BQU
03-05 20:03:08.780   461   947 I Telecom : Logging.Events: Non-call EVENT: UNMUTE, null: CSW.sDc->ICTP.r->ICTP.cUTP->CAMSM.pM_3002->CARSM.pM_SWITCH_FOCUS(cap)@BQU
03-05 20:03:08.780   461   947 I Telecom : Logging.Events: Non-call EVENT: AUDIO_ROUTE, Leaving state ActiveSpeakerRoute: CSW.sDc->ICTP.r->ICTP.cUTP->CAMSM.pM_3002->CARSM.pM_SWITCH_FOCUS(cap)@BQU
03-05 20:03:08.780   461   947 I Telecom : Logging.Events: Non-call EVENT: AUDIO_ROUTE, Entering state QuiescentSpeakerRoute: CSW.sDc->ICTP.r->ICTP.cUTP->CAMSM.pM_3002->CARSM.pM_SWITCH_FOCUS(cap)@BQU
03-05 20:03:08.782   384   423 W APM::AudioPolicyEngine: getDevicesForStrategy() unknown strategy: -1
03-05 20:03:08.792   461  1340 D PowerManagerService: updateWakeLockWorkSourceInternal: lock=59156783 [AudioMix], ws=null
03-05 20:03:08.793   461  1340 D AppOps  : startOperation: allowing code 40 uid 1041 package audioserver
03-05 20:03:08.784   384   423 I chatty  : uid=1041(audioserver) Binder:384_1 identical 2 lines
03-05 20:03:08.784   384   423 W APM::AudioPolicyEngine: getDevicesForStrategy() unknown strategy: -1
03-05 20:03:08.793   461  1340 I system_server: oneway function results will be dropped but finished with status OK and parcel size 4
03-05 20:03:08.799   384   423 W APM::AudioPolicyEngine: getDevicesForStrategy() unknown strategy: -1
03-05 20:03:08.806   461   518 D AppOps  : noteOperation: allowing code 52 uid 10066 package com.android.providers.userdictionary
03-05 20:03:08.806   461   518 D AppOps  : noteOperation: allowing code 52 uid 10104 package com.android.dialer
03-05 20:03:08.811   384   423 W APM::AudioPolicyEngine: getDevicesForStrategy() unknown strategy: -1
03-05 20:03:08.812   384   418 W APM::AudioPolicyEngine: getDevicesForStrategy() unknown strategy: -1
03-05 20:03:08.825   461   952 I Telecom : CallAudioModeStateMachine: Message received: AUDIO_OPERATIONS_COMPLETE.: CSW.sDc->ICTP.r->ICTP.cUTP->CAMSM.pM_3002->CARSM.pM_SWITCH_FOCUS->CAMSM.pM_6001(cap)@BQU
03-05 20:03:08.825   461   952 I Telecom : CallAudioModeStateMachine: Abandoning audio focus: now UNFOCUSED: CSW.sDc->ICTP.r->ICTP.cUTP->CAMSM.pM_3002->CARSM.pM_SWITCH_FOCUS->CAMSM.pM_6001(cap)@BQU
03-05 20:03:08.825   461   952 I MediaFocusControl: abandonAudioFocus() from uid/pid 1000/461 clientId=AudioFocus_For_Phone_Ring_And_Calls
03-05 20:03:08.841   461   518 D PowerManagerService: releaseWakeLockInternal: lock=180970848 [*launch*], flags=0x0
03-05 20:03:08.842   461   518 D PowerManagerService: updateWakeLockSummaryLocked: mWakefulness=Awake, mWakeLockSummary=0x1
03-05 20:03:08.842   461   518 D PowerManagerService: updateUserActivitySummaryLocked: mWakefulness=Awake, mUserActivitySummary=0x1, nextTimeout=2147690879 (in 2147475267 ms)
03-05 20:03:08.842   461   518 D PowerManagerService: updateDisplayPowerStateLocked: mDisplayReady=true, policy=3, mWakefulness=1, mWakeLockSummary=0x1, mUserActivitySummary=0x1, mBootCompleted=true, screenBrightnessOverride=NaN, useAutoBrightness=false, mScreenBrightnessBoostInProgress=false, mIsVrModeEnabled= false, sQuiescent=false
03-05 20:03:08.869  1222  1760 I service_manager_slow: [182,telecom]
03-05 20:03:08.869  1222  1760 I service_manager_stats: [200,672,32939]
03-05 20:03:08.871  1251  1251 I Dialer  : ContactsFragment.onLoadFinished - enter
03-05 20:03:08.883   850   850 D DCT-C-0 : updateDataActivity: curTxRxSum={txSum=274 rxSum=155} preTxRxSum={txSum=274 rxSum=155}
03-05 20:03:08.883   850   850 D DCT-C-0 : updateDataActivity: sent=0 received=0
03-05 20:03:08.885   461   518 D AppOps  : noteOperation: allowing code 4 uid 10066 package com.android.providers.userdictionary
03-05 20:03:08.885   461   518 D AppOps  : noteOperation: allowing code 4 uid 10104 package com.android.dialer
03-05 20:03:08.891   461  2041 I commit_sys_config_file: [appops,283]
03-05 20:03:08.892   461   518 D AppOps  : noteOperation: allowing code 4 uid 10066 package com.android.providers.userdictionary
03-05 20:03:08.892   461   518 D AppOps  : noteOperation: allowing code 4 uid 10104 package com.android.dialer
03-05 20:03:08.902   461   486 I am_pss  : [1004,10122,com.android.launcher3,41111552,33378304,0,167055360,0,5,2]
03-05 20:03:08.912   461   486 D AppOps  : noteOperation: allowing code 6 uid 10066 package com.android.providers.userdictionary
03-05 20:03:08.912   461   486 D AppOps  : noteOperation: allowing code 6 uid 1000 package android
03-05 20:03:08.913   461   486 D AppOps  : noteOperation: allowing code 6 uid 10066 package com.android.providers.userdictionary
03-05 20:03:08.913   461   486 D AppOps  : noteOperation: allowing code 6 uid 1000 package android
03-05 20:03:08.954  1251  1463 I Dialer  : DialerDatabaseHelper.updateSmartDialDatabase - broadcasting smart dial update
03-05 20:03:08.957   621   634 I ndroid.systemu: NativeAlloc concurrent copying GC freed 23355(1171KB) AllocSpace objects, 4(80KB) LOS objects, 49% free, 8384KB/16MB, paused 39us total 811.131ms
03-05 20:03:08.964  1251  1251 I Ylw_Dialer: getCallTypeDrawable: 2 : false
03-05 20:03:08.965  1251  1251 I Ylw_Dialer_setShowHd: false:setShowHd: false
03-05 20:03:08.965   850   868 D SubscriptionController: [getDefaultVoiceSubId] subId=1
03-05 20:03:08.965  1251  1251 D SubscriptionManager: getDefaultVoiceSubscriptionId, sub id = 1
03-05 20:03:08.966   850   868 D SubscriptionController: [getDefaultVoiceSubId] subId=1
03-05 20:03:08.966   850   868 D SubscriptionController: [getDefaultSubId] isVoiceCapable subId=1
03-05 20:03:08.966   850   868 D SubscriptionController: [isActiveSubId]- true
03-05 20:03:08.966   850   868 V SubscriptionController: [getDefaultSubId]- value = 1
03-05 20:03:08.966   850   868 D SubscriptionController: [getPhoneId] subId=1
03-05 20:03:08.966   850   868 D SubscriptionController: [getPhoneId]- found subId=1 phoneId=0
03-05 20:03:08.966   850   868 D PhoneFactory: getPhone:- phoneId != DEFAULT_PHONE_ID return sPhones[phoneId] phoneId=0 phone=Handler (com.android.internal.telephony.GsmCdmaPhone) {84d053}
03-05 20:03:08.966   850   868 D SubscriptionController: [getSubId]+ slotIndex=0
03-05 20:03:08.967   850   868 D SubscriptionController: [getSubId]- subIdArr=[I@8daaca7
03-05 20:03:08.967   850   868 D SubscriptionController: [getSlotIndex] subId=1
03-05 20:03:08.967   850   868 V SubscriptionController: [getSlotIndex]- return = 0
03-05 20:03:08.967   850   868 D EmergencyNumberTracker: slotId:0 country:us emergencyNumbers: 
03-05 20:03:08.967   850   868 D EmergencyNumberTracker: System property doesn't provide any emergency numbers. Use embedded logic for determining ones.
03-05 20:03:08.976  1251  1251 I Ylw_Dialer: true:onDraw: useLargeIcons=false:showHd=false:showVideo=false:false:false:false
03-05 20:03:08.976  1251  1251 I Ylw_Dialer: getCallTypeDrawable: 2 : false
03-05 20:03:09.045   461   486 D UsageStatsService: User[0] Got usage event for com.android.dialer[214946]: ACTIVITY_PAUSED
03-05 20:03:09.053   461   486 D UsageStatsService: User[0] Got usage event for com.android.dialer[214954]: ACTIVITY_RESUMED
03-05 20:03:09.053   461   486 D UsageStatsService: User[0] Got usage event for com.android.dialer[215522]: ACTIVITY_STOPPED
03-05 20:03:09.066  1251  1251 I Ylw_Dialer: getCallTypeDrawable: 2 : false
03-05 20:03:09.066  1251  1251 I Ylw_Dialer_setShowHd: false:setShowHd: false
03-05 20:03:09.066   850   868 D SubscriptionController: [getDefaultVoiceSubId] subId=1
03-05 20:03:09.067  1251  1251 D SubscriptionManager: getDefaultVoiceSubscriptionId, sub id = 1
03-05 20:03:09.067   850   868 D SubscriptionController: [getDefaultVoiceSubId] subId=1
03-05 20:03:09.067   850   868 D SubscriptionController: [getDefaultSubId] isVoiceCapable subId=1
03-05 20:03:09.067   850   868 D SubscriptionController: [isActiveSubId]- true
03-05 20:03:09.067   850   868 V SubscriptionController: [getDefaultSubId]- value = 1
03-05 20:03:09.067   850   868 D SubscriptionController: [getPhoneId] subId=1
03-05 20:03:09.067   850   868 D SubscriptionController: [getPhoneId]- found subId=1 phoneId=0
03-05 20:03:09.068   850   868 D PhoneFactory: getPhone:- phoneId != DEFAULT_PHONE_ID return sPhones[phoneId] phoneId=0 phone=Handler (com.android.internal.telephony.GsmCdmaPhone) {84d053}
03-05 20:03:09.068   850   868 D SubscriptionController: [getSubId]+ slotIndex=0
03-05 20:03:09.068   850   868 D SubscriptionController: [getSubId]- subIdArr=[I@5e09554
03-05 20:03:09.068   850   868 D SubscriptionController: [getSlotIndex] subId=1
03-05 20:03:09.068   850   868 V SubscriptionController: [getSlotIndex]- return = 0
