03-04 15:08:10.073 10726 10726 V CallAnalyticsManagerService: onDetailsChanged call : Call [id: TC@5, state: DIALING, details: [id: TC@5, state: DIALING, pa: ComponentInfo{com.android.phone/com.android.services.telephony.TelephonyConnectionService}, ***, UserHandle{0}, hdl: tel:*********06, hdlPres: 1, videoState: Audio Only, caps: [Capabilities: CAPABILITY_SUPPORT_HOLD CAPABILITY_MUTE CAPABILITY_CANNOT_DOWNGRADE_VIDEO_TO_AUDIO], props: [Properties:]]], details: [id: TC@5, state: DIALING, pa: ComponentInfo{com.android.phone/com.android.services.telephony.TelephonyConnectionService}, ***, UserHandle{0}, hdl: tel:*********06, hdlPres: 1, videoState: Audio Only, caps: [Capabilities: CAPABILITY_SUPPORT_HOLD CAPABILITY_MUTE CAPABILITY_CANNOT_DOWNGRADE_VIDEO_TO_AUDIO], props: [Properties:]]
03-04 15:08:10.073  2160  2362 W BroadcastQueue: Target SDK mismatch: receiver ActivityInfo{dac4f3b com.google.android.apps.photos.jobqueue.JobServiceBroadcastReceiver} targets 31 but delivery restricted to [0, 23] broadcasting Intent { act=android.net.conn.CONNECTIVITY_CHANGE flg=0x4200010 (has extras) } from android (pid=2160, uid=1000) to com.google.android.apps.photos/.jobqueue.JobServiceBroadcastReceiver
03-04 15:08:10.074  2160  2362 W BroadcastQueue: Permission Denial: receiving Intent { act=android.intent.action.PHONE_STATE flg=0x1000010 (has extras) } to ProcessRecord{34619e5 4776:com.qualcomm.qti.services.systemhelper:systemhelper_service/u0a223} (pid=4776, uid=10223) requires android.permission.READ_PRIVILEGED_PHONE_STATE due to sender android (uid 1000)
03-04 15:08:10.075  2160  2362 W BroadcastQueue: Target SDK mismatch: receiver ActivityInfo{523e658 com.google.android.gms.gcm.ServiceAutoStarter} targets 31 but delivery restricted to [0, 23] broadcasting Intent { act=android.net.conn.CONNECTIVITY_CHANGE flg=0x4200010 (has extras) } from android (pid=2160, uid=1000) to com.google.android.gms/.gcm.ServiceAutoStarter
03-04 15:08:10.075  2160  2362 W BroadcastQueue: Target SDK mismatch: receiver ActivityInfo{8813b1 jp.co.yahoo.android.ymsetupman.NotificationBootBroadcastReceiver} targets 31 but delivery restricted to [0, 23] broadcasting Intent { act=android.net.conn.CONNECTIVITY_CHANGE flg=0x4200010 (has extras) } from android (pid=2160, uid=1000) to jp.co.yahoo.android.ymsetupman/.NotificationBootBroadcastReceiver
03-04 15:08:10.075  2160  2362 W BroadcastQueue: Target SDK mismatch: receiver ActivityInfo{bd68096 jp.co.daj.consumer.ifilter.service.AutoStarter} targets 31 but delivery restricted to [0, 23] broadcasting Intent { act=android.net.conn.CONNECTIVITY_CHANGE flg=0x4200010 (has extras) } from android (pid=2160, uid=1000) to jp.softbank.mb.parentalcontrols/jp.co.daj.consumer.ifilter.service.AutoStarter
03-04 15:08:10.076  4978  4978 D SecUISvc.CallReceiver: Off Hook
03-04 15:08:10.076  4978  4978 E SUI_svcsock: svc_sock_send_message(suisvc): invalid remote socket suitch
03-04 15:08:10.076  6058  6058 I DeviceStatusMonitor: DeviceStatusMonitor.notifyIfNetworkChanged():162 notifyIfNetworkChanged: newState = METERED, airplaneModeOn = false, notifyAnyway = false
03-04 15:08:10.077  4978  4978 E SUI_svcsock: svc_sock_send_message(suisvc): invalid remote socket suilst
03-04 15:08:10.078  2160  2362 D CompatibilityInfo: mCompatibilityFlags - 0
03-04 15:08:10.078  2160  2362 D CompatibilityInfo: applicationDensity - 300
03-04 15:08:10.078  2160  2362 D CompatibilityInfo: applicationScale - 1.0
03-04 15:08:10.080  2160  2362 W BroadcastQueue: Permission Denial: receiving Intent { act=android.intent.action.PHONE_STATE flg=0x1000010 (has extras) } to ProcessRecord{23fd22d 4751:com.sonyericsson.devicemonitor/u0a216} (pid=4751, uid=10216) requires android.permission.READ_PHONE_STATE due to sender android (uid 1000)
03-04 15:08:10.080  2160  2362 W BroadcastQueue: Permission Denial: receiving Intent { act=android.intent.action.PHONE_STATE flg=0x1000010 (has extras) } to ProcessRecord{cfa537b 10939:com.android.systemui/u0a234} (pid=10939, uid=10234) requires android.permission.READ_PHONE_STATE due to sender android (uid 1000)
03-04 15:08:10.080  2160  2362 W BroadcastQueue: Permission Denial: receiving Intent { act=android.intent.action.PHONE_STATE flg=0x1000010 (has extras) } to ProcessRecord{cfa537b 10939:com.android.systemui/u0a234} (pid=10939, uid=10234) requires android.permission.READ_PHONE_STATE due to sender android (uid 1000)
03-04 15:08:10.080  2160  2362 W BroadcastQueue: Permission Denial: receiving Intent { act=android.intent.action.PHONE_STATE flg=0x1000010 (has extras) } to ProcessRecord{933a0c4 18847:jp.softbank.mb.parentalcontrols/u0a214} (pid=18847, uid=10214) requires android.permission.READ_PHONE_STATE due to sender android (uid 1000)
03-04 15:08:10.081  4751  4924 I android_os_HwBinder: HwBinder: Starting thread pool for getting: vendor.semc.system.idd@1.0::IIdd/default
03-04 15:08:10.081  2160 10929 I Telecom : PhoneStateBroadcaster: Broadcasted state change: 2: (...->CS.crCo->H.CS.crCo->H.CS.crCo.pICR)->CSW.hCCC(cap/cast)@E-E-CUE
03-04 15:08:10.081  2160  2362 W BroadcastQueue: Permission Denial: receiving Intent { act=android.intent.action.PHONE_STATE flg=0x1000010 (has extras) } to ProcessRecord{23fd22d 4751:com.sonyericsson.devicemonitor/u0a216} (pid=4751, uid=10216) requires android.permission.READ_PHONE_STATE due to sender android (uid 1000)
03-04 15:08:10.081  4776  4776 D SysHelperService.CallReceiver: Off Hook
03-04 15:08:10.081  2160 10929 I Telecom : InCallController: Sending updateCall [Call id=TC@5, state=DIALING, tpac=ComponentInfo{com.android.phone/com.android.services.telephony.TelephonyConnectionService}, ***, UserHandle{0}, cmgr=ComponentInfo{com.android.phone/com.android.services.telephony.TelephonyConnectionService}, ***, UserHandle{0}, handle=tel:*********06, vidst=A, childs(0), has_parent(false), cap=[ sup_hld mut !v2a], prop=[]]: (...->CS.crCo->H.CS.crCo->H.CS.crCo.pICR)->CSW.hCCC(cap/cast)@E-E-CUE
03-04 15:08:10.082  2160  2362 W BroadcastQueue: Permission Denial: receiving Intent { act=android.intent.action.PHONE_STATE flg=0x1000010 (has extras) } to ProcessRecord{34619e5 4776:com.qualcomm.qti.services.systemhelper:systemhelper_service/u0a223} (pid=4776, uid=10223) requires android.permission.READ_CALL_LOG due to sender android (uid 1000)
03-04 15:08:10.082  2160  2362 W BroadcastQueue: Permission Denial: receiving Intent { act=android.intent.action.PHONE_STATE flg=0x1000010 (has extras) } to ProcessRecord{cfa537b 10939:com.android.systemui/u0a234} (pid=10939, uid=10234) requires android.permission.READ_PHONE_STATE due to sender android (uid 1000)
03-04 15:08:10.082  2160  2362 W BroadcastQueue: Permission Denial: receiving Intent { act=android.intent.action.PHONE_STATE flg=0x1000010 (has extras) } to ProcessRecord{cfa537b 10939:com.android.systemui/u0a234} (pid=10939, uid=10234) requires android.permission.READ_PHONE_STATE due to sender android (uid 1000)
03-04 15:08:10.082  2160  2362 W BroadcastQueue: Permission Denial: receiving Intent { act=android.intent.action.PHONE_STATE flg=0x1000010 (has extras) } to ProcessRecord{933a0c4 18847:jp.softbank.mb.parentalcontrols/u0a214} (pid=18847, uid=10214) requires android.permission.READ_PHONE_STATE due to sender android (uid 1000)
03-04 15:08:10.082  2160 10929 I Telecom : InCallController: Components updated: [ComponentInfo{com.sonymobile.telephony.extension/com.sonymobile.telephony.extension.analytics.CallAnalyticsManagerService}, ComponentInfo{com.sonymobile.transmitpower/com.sonymobile.transmitpower.util.InCallServiceObserver$InCallServiceImpl}, ComponentInfo{com.android.server.telecom/com.android.server.telecom.AmInCallService$InCallServiceImpl}]: (...->CS.crCo->H.CS.crCo->H.CS.crCo.pICR)->CSW.hCCC(cap/cast)@E-E-CUE
03-04 15:08:10.082  2160 10929 I Telecom : CallsManager: setCallState DIALING -> DIALING, call: [Call id=TC@5, state=DIALING, tpac=ComponentInfo{com.android.phone/com.android.services.telephony.TelephonyConnectionService}, ***, UserHandle{0}, cmgr=ComponentInfo{com.android.phone/com.android.services.telephony.TelephonyConnectionService}, ***, UserHandle{0}, handle=tel:*********06, vidst=A, childs(0), has_parent(false), cap=[ sup_hld mut !v2a], prop=[]]: (...->CS.crCo->H.CS.crCo->H.CS.crCo.pICR)->CSW.hCCC(cap/cast)@E-E-CUE
03-04 15:08:10.083 10726 10726 V CallAnalyticsManagerService: onDetailsChanged call : Call [id: TC@5, state: DIALING, details: [id: TC@5, state: DIALING, pa: ComponentInfo{com.android.phone/com.android.services.telephony.TelephonyConnectionService}, ***, UserHandle{0}, hdl: tel:*********06, hdlPres: 1, videoState: Audio Only, caps: [Capabilities: CAPABILITY_SUPPORT_HOLD CAPABILITY_MUTE CAPABILITY_CANNOT_DOWNGRADE_VIDEO_TO_AUDIO], props: [Properties:]]], details: [id: TC@5, state: DIALING, pa: ComponentInfo{com.android.phone/com.android.services.telephony.TelephonyConnectionService}, ***, UserHandle{0}, hdl: tel:*********06, hdlPres: 1, videoState: Audio Only, caps: [Capabilities: CAPABILITY_SUPPORT_HOLD CAPABILITY_MUTE CAPABILITY_CANNOT_DOWNGRADE_VIDEO_TO_AUDIO], props: [Properties:]]
03-04 15:08:10.084  4978  4978 D SecUISvc.CallReceiver: Off Hook
03-04 15:08:10.084  4776  4776 D SYS_EVENT: send event 2 notification to client
03-04 15:08:10.084  2160  2441 W BroadcastQueue: Permission Denial: receiving Intent { act=android.intent.action.PHONE_STATE flg=0x1000010 (has extras) } to jp.co.yahoo.android.ymsetupman/.NotificationBootBroadcastReceiver requires android.permission.READ_PRIVILEGED_PHONE_STATE due to sender android (uid 1000)
03-04 15:08:10.085  3635 21950 E GCM     : Missing checkin config file
03-04 15:08:10.085  4978  4978 E SUI_svcsock: svc_sock_send_message(suisvc): invalid remote socket suitch
03-04 15:08:10.085  3635 21950 W GCM     : GCM FAILED TO INITIALIZE - missing checkin
03-04 15:08:10.085  3635 21950 E WakeLock: GCM_HB_ALARM release without a matched acquire!
03-04 15:08:10.085  3635 21950 W WakeLock: GCM_HB_ALARM counter does not exist
03-04 15:08:10.086  4978  4978 E SUI_svcsock: svc_sock_send_message(suisvc): invalid remote socket suilst
03-04 15:08:10.086  4978  4978 D SecUISvc.CallReceiver: Off Hook
03-04 15:08:10.087  4978  4978 E SUI_svcsock: svc_sock_send_message(suisvc): invalid remote socket suitch
03-04 15:08:10.087  3635 21950 I gtalk_connection: 16778495
03-04 15:08:10.087  4978  4978 E SUI_svcsock: svc_sock_send_message(suisvc): invalid remote socket suilst
03-04 15:08:10.088  2160  2362 W BroadcastQueue: Permission Denial: receiving Intent { act=android.intent.action.PHONE_STATE flg=0x1000010 (has extras) } to jp.softbank.mb.parentalcontrols/jp.co.daj.consumer.ifilter.blocker.CallReceiver requires android.permission.READ_PHONE_STATE due to sender android (uid 1000)
03-04 15:08:10.088  2160  2362 W BroadcastQueue: Permission Denial: receiving Intent { act=android.intent.action.PHONE_STATE flg=0x1000010 (has extras) } to jp.co.yahoo.android.ymsetupman/.NotificationBootBroadcastReceiver requires android.permission.READ_PHONE_STATE due to sender android (uid 1000)
03-04 15:08:10.088  2160  2362 W BroadcastQueue: Permission Denial: receiving Intent { act=android.intent.action.PHONE_STATE flg=0x1000010 (has extras) } to jp.softbank.mb.parentalcontrols/jp.co.daj.consumer.ifilter.blocker.CallReceiver requires android.permission.READ_PHONE_STATE due to sender android (uid 1000)
03-04 15:08:10.088  2160  2362 W BroadcastQueue: Permission Denial: receiving Intent { act=android.intent.action.PHONE_STATE flg=0x1000010 (has extras) } to jp.co.yahoo.android.ymsetupman/.NotificationBootBroadcastReceiver requires android.permission.READ_PHONE_STATE due to sender android (uid 1000)
03-04 15:08:10.090   852   852 I netd    : bandwidthRemoveInterfaceQuota(rmnet_data2) <3.30ms>
03-04 15:08:10.093  2160  2160 I notification_enqueue: [10207,8265,com.google.android.setupwizard,9,NULL,0,Notification(channel=suw_consolidate_foreground_notification shortcut=null contentView=null vibrate=null sound=null defaults=0x0 flags=0x860 color=0xff1a73e8 vis=PRIVATE),1]
03-04 15:08:10.093   852   852 I netd    : bandwidthSetInterfaceQuota(rmnet_data2, 9223372036854775807) <2.88ms>
03-04 15:08:10.101     0     0 I afe_send_hw_delay: port_id 0xb030 rate 48000 delay_usec 474 status 0
03-04 15:08:10.099  1001  2514 D audio_hw_primary: select_devices: done
03-04 15:08:10.101  1001  4343 W audio_hw_primary: out_write: underrun(227) frames_by_time(6261) > out->last_fifo_frames_remaining(384)
03-04 15:08:10.101  1001  2514 D audio_hw_primary: adev_set_parameters: enter: call_state=1;call_type=UNKNOWN;vsid=297816064
03-04 15:08:10.101  1001  2514 D voice_extn: update_call_states is_call_active:0 in_call:1, mode:2
03-04 15:08:10.102  1001  2514 D voice_extn: update_calls: enter:
03-04 15:08:10.102  1001  2514 D voice_extn: update_calls: cur_state=1 new_state=1 vsid=10c01000
03-04 15:08:10.102  1001  2514 D voice_extn: update_calls: cur_state=1 new_state=1 vsid=10dc1000
03-04 15:08:10.102  1001  2514 D voice_extn: update_calls: cur_state=1 new_state=1 vsid=10c02000
03-04 15:08:10.102  1001  2514 D voice_extn: update_calls: cur_state=1 new_state=1 vsid=10803000
03-04 15:08:10.102  1001  2514 D voice_extn: update_calls: cur_state=1 new_state=1 vsid=10002000
03-04 15:08:10.102  1001  2514 D voice_extn: update_calls: cur_state=1 new_state=1 vsid=11c05000
03-04 15:08:10.102  1001  2514 D voice_extn: update_calls: cur_state=1 new_state=1 vsid=11dc5000
03-04 15:08:10.102  1001  2514 D voice_extn: voice_extn_set_parameters: call type is UNKNOWN
03-04 15:08:10.107  2932  3432 D QcRilAudio: setParameters with: vsid=297816064;call_state=1;call_type=UNKNOWN[slot1]
03-04 15:08:10.108  1001  2514 D audio_hw_primary: adev_set_parameters: enter: call_state=1;call_type=UNKNOWN;vsid=297816064
03-04 15:08:10.108  1001  2514 D voice_extn: update_call_states is_call_active:0 in_call:1, mode:2
03-04 15:08:10.108  1001  2514 D voice_extn: update_calls: enter:
03-04 15:08:10.108  1001  2514 D voice_extn: update_calls: cur_state=1 new_state=1 vsid=10c01000
03-04 15:08:10.108  1001  2514 D voice_extn: update_calls: cur_state=1 new_state=1 vsid=10dc1000
03-04 15:08:10.108  1001  2514 D voice_extn: update_calls: cur_state=1 new_state=1 vsid=10c02000
03-04 15:08:10.108  1001  2514 D voice_extn: update_calls: cur_state=1 new_state=1 vsid=10803000
03-04 15:08:10.108  1001  2514 D voice_extn: update_calls: cur_state=1 new_state=1 vsid=10002000
03-04 15:08:10.108  1001  2514 D voice_extn: update_calls: cur_state=1 new_state=1 vsid=11c05000
03-04 15:08:10.108  1001  2514 D voice_extn: update_calls: cur_state=1 new_state=1 vsid=11dc5000
03-04 15:08:10.108  1001  2514 D voice_extn: voice_extn_set_parameters: call type is UNKNOWN
03-04 15:08:10.114  2932  3432 D QcRilAudio: setParameters with: vsid=297816064;call_state=1;call_type=UNKNOWN[slot1]
03-04 15:08:10.114  1001  2514 D audio_hw_primary: adev_set_parameters: enter: call_state=1;call_type=UNKNOWN;vsid=297816064
03-04 15:08:10.114  1001  2514 D voice_extn: update_call_states is_call_active:0 in_call:1, mode:2
03-04 15:08:10.114  1001  2514 D voice_extn: update_calls: enter:
03-04 15:08:10.114  1001  2514 D voice_extn: update_calls: cur_state=1 new_state=1 vsid=10c01000
03-04 15:08:10.114  1001  2514 D voice_extn: update_calls: cur_state=1 new_state=1 vsid=10dc1000
03-04 15:08:10.115  1001  2514 D voice_extn: update_calls: cur_state=1 new_state=1 vsid=10c02000
03-04 15:08:10.115  1001  2514 D voice_extn: update_calls: cur_state=1 new_state=1 vsid=10803000
03-04 15:08:10.115  1001  2514 D voice_extn: update_calls: cur_state=1 new_state=1 vsid=10002000
03-04 15:08:10.115  1001  2514 D voice_extn: update_calls: cur_state=1 new_state=1 vsid=11c05000
03-04 15:08:10.115  1001  2514 D voice_extn: update_calls: cur_state=1 new_state=1 vsid=11dc5000
03-04 15:08:10.115  1001  2514 D voice_extn: voice_extn_set_parameters: call type is UNKNOWN
03-04 15:08:10.120 10726 10857 D RILJ    : [1414]< DIAL  [PHONE0]
03-04 15:08:10.121 10726 10726 D RILJ    : [1416]> GET_CURRENT_CALLS [PHONE0]
03-04 15:08:10.121  2932  3432 D QcRilAudio: setParameters with: vsid=297816064;call_state=2;call_type=GSM[slot1]
03-04 15:08:10.122  1001  2514 D audio_hw_primary: adev_set_parameters: enter: call_state=2;call_type=GSM;vsid=297816064
03-04 15:08:10.122  1001  2514 D voice_extn: update_call_states is_call_active:0 in_call:1, mode:2
03-04 15:08:10.122  1001  2514 D voice_extn: update_calls: enter:
03-04 15:08:10.122  1001  2514 D voice_extn: update_calls: cur_state=1 new_state=1 vsid=10c01000
03-04 15:08:10.122  1001  2514 D voice_extn: update_calls: cur_state=1 new_state=1 vsid=10dc1000
03-04 15:08:10.122  1001  2514 D voice_extn: update_calls: cur_state=1 new_state=1 vsid=10c02000
03-04 15:08:10.122  1001  2514 D voice_extn: update_calls: cur_state=1 new_state=1 vsid=10803000
03-04 15:08:10.122  1001  2514 D voice_extn: update_calls: cur_state=1 new_state=1 vsid=10002000
03-04 15:08:10.122  1001  2514 D voice_extn: update_calls: cur_state=1 new_state=2 vsid=11c05000
03-04 15:08:10.122  1001  2514 D voice_extn: update_calls: INACTIVE -> ACTIVE vsid:11c05000
03-04 15:08:10.122  1001  2514 D voice   : voice_start_usecase: enter usecase:voicemmode1-call
03-04 15:08:10.122  1001  2514 D audio_hw_primary: select_devices for use case (voicemmode1-call)
03-04 15:08:10.122  1001  2514 D msm8974_platform: is_operator_tmus: tmus mccmnc 46002
03-04 15:08:10.122 10726 10857 D RILJ    : Unsol response received; Sending ack to ril.cpp [PHONE0]
03-04 15:08:10.122  1001  2514 D msm8974_platform: is_operator_tmus: tmus mccmnc 46002
03-04 15:08:10.122  1001  2514 I msm8974_platform: platform_check_and_set_codec_backend_cfg:becf: afe: bitwidth 16, samplerate 48000 channels 2, backend_idx 0 usecase = 41 device (voice-handset)
03-04 15:08:10.122 10726 10857 D RILJ    : [UNSL]< UNSOL_RESPONSE_CALL_STATE_CHANGED [PHONE0]
03-04 15:08:10.122  1001  2514 I msm8974_platform: platform_check_and_set_codec_backend_cfg: new_snd_devices[0] is 20
03-04 15:08:10.122  1001  2514 I msm8974_platform: platform_check_codec_backend_cfg:becf: afe: bitwidth 16, samplerate 48000 channels 2, backend_idx 0 usecase = 41 device (voice-handset)
03-04 15:08:10.122  1001  2514 D msm8974_platform: is_operator_tmus: tmus mccmnc 46002
03-04 15:08:10.122  1001  2514 W msm8974_platform: platform_check_codec_backend_cfg:becf: afe:Use default bw and sr for voice/voip calls 
03-04 15:08:10.122  1001  2514 D msm8974_platform: is_operator_tmus: tmus mccmnc 46002
03-04 15:08:10.122  1001  2514 I msm8974_platform: platform_check_codec_backend_cfg:becf: afe: Codec selected backend: 0 updated bit width: 16 and sample rate: 48000
03-04 15:08:10.122  1001  2514 D audio_hw_primary: check_usecases_codec_backend:becf: force routing 0
03-04 15:08:10.123  1001  2514 D audio_hw_primary: check_usecases_codec_backend:becf: (85) check_usecases curr device: voice-handset, usecase device:voice-handset backends match 1
03-04 15:08:10.123  1001  2514 D audio_hw_primary: check_usecases_codec_backend:becf: (85) check_usecases curr device: voice-handset, usecase device: backends match 0
03-04 15:08:10.123  1001  2514 D audio_hw_primary: check_usecases_codec_backend:becf: check_usecases num.of Usecases to switch 0
03-04 15:08:10.123  1001  2514 W msm8974_platform: platform_get_backend_index:napb: Invalid device - 0 
03-04 15:08:10.123  1001  2514 D hardware_info: hw_info_append_hw_type : device_name = voice-handset
03-04 15:08:10.123  1001  2514 I msm8974_platform: platform_check_and_set_capture_codec_backend_cfg:txbecf: afe: bitwidth 16, samplerate 48000, channel 1 format 1, backend_idx 8 usecase = 41 device (voice-dmic-ef)
03-04 15:08:10.123  1001  2514 I msm8974_platform: platform_check_capture_codec_backend_cfg:txbecf: afe: Codec selected backend: 8 current bit width: 16 and sample rate: 48000, channels 1 format 1
03-04 15:08:10.123  1001  2514 W msm8974_platform: platform_check_capture_codec_backend_cfg:txbecf: afe: Use default bw and sr for voice/voip calls and for unprocessed/camera source
03-04 15:08:10.123  1001  2514 I msm8974_platform: platform_check_capture_codec_backend_cfg:txbecf: afe: current backend bit_width 16 sample_rate 48000 channels 1, format 0
03-04 15:08:10.123  1001  2514 I msm8974_platform: platform_check_capture_codec_backend_cfg:txbecf: afe: Codec backend needs to be updated. new bit width: 16 new sample rate: 48000 new channel: 1 new format: 1
03-04 15:08:10.123  1001  2514 I msm8974_platform: platform_set_codec_backend_cfg:becf: afe: bitwidth 16, samplerate 48000 channels 1 format 1, backend_idx 8 device (voice-dmic-ef)
03-04 15:08:10.123  1001  2514 D audio_hw_primary: check_usecases_capture_codec_backend:becf: force routing 0
03-04 15:08:10.123  1001  2514 D hardware_info: hw_info_append_hw_type : device_name = voice-dmic-ef
03-04 15:08:10.123  1001  2514 D audio_hw_primary: enable_snd_device: snd_device(171: voice-dmic-ef)
03-04 15:08:10.123  1001  2514 D msm8974_platform: platform_get_island_cfg_on_device:island cfg status on snd_device = (voice-dmic-ef 0)
03-04 15:08:10.123  1001  2514 D soundtrigger: audio HAL using same device 171 as ST
03-04 15:08:10.123  1001  2514 I soundtrigger: audio_extn_sound_trigger_update_device_status: device 0xab of type 1 for Event 1, with Raise=1
03-04 15:08:10.123  1001  2514 I sound_trigger_platform: platform_stdev_check_and_update_concurrency: Received DEVICE event, event type 1, usecase type 2
03-04 15:08:10.123  1001  2514 D sound_trigger_platform: platform_stdev_get_capture_device: Device = 0x80000004
03-04 15:08:10.123  1001  2514 D sound_trigger_platform: platform_stdev_get_capture_device: Available device = 0x80000004
03-04 15:08:10.123  1001  2514 D sound_trigger_platform: platform_stdev_check_and_update_concurrency: dedicated path 0, reset backend 1, tx 1, rx 0, concurrency session not allowed
03-04 15:08:10.123  1001  2514 D audio_route: Apply path: voice-dmic-ef
03-04 15:08:10.123 10726 10726 D RILJ    : [1418]> GET_CURRENT_CALLS [PHONE0]
03-04 15:08:10.129  1001 15292 D audio_hw_primary: out_set_parameters: enter: usecase(1: low-latency-playback) kvpairs: suspend_playback=true
03-04 15:08:10.129  3176  3176 D TransmitPower: AccSensorObserverBHH_DETECTION:onBHHDetected() : isDetected = false
03-04 15:08:10.129  3176  3176 D TransmitPower: AccSensorObserverBHH_DIRECTION:onBHHStateChanged() : isRightSide = false
03-04 15:08:10.129  3176  3176 D TransmitPower: AccSensorObserverMOTION_DETECTION:onMotionStateChanged() : isStable = false
03-04 15:08:10.130  1001  2514 D ACDB-LOADER: ACDB -> send_voice_cal, acdb_rx = 7, acdb_tx = 41, feature_set = 0
03-04 15:08:10.130  1001  2514 D ACDB-LOADER: ACDB -> send_voice_rx_topology
03-04 15:08:10.130  1001  2514 D ACDB-LOADER: ACDB -> ACDB_CMD_GET_VOCPROC_COMMON_TOPOLOGY_ID
03-04 15:08:10.130  1001  2514 D ACDB-LOADER: ACDB -> ACDB_CMD_GET_TARGET_SPECIFIC_DEVICE_INFO
03-04 15:08:10.130  1001  2514 D ACDB-LOADER: ACDB -> ACDB_CHANNEL_MAPPING_CONFIG_V2: GET_DEVICE_PROPERTY
03-04 15:08:10.131  1001  2514 D ACDB-LOADER: ACDB -> send_voice_tx_topology
03-04 15:08:10.131  1001  2514 D ACDB-LOADER: ACDB -> ACDB_CMD_GET_VOCPROC_COMMON_TOPOLOGY_ID
03-04 15:08:10.131  1001  2514 D ACDB-LOADER: ACDB -> ACDB_CMD_GET_TARGET_SPECIFIC_DEVICE_INFO
03-04 15:08:10.131  1001  2514 D ACDB-LOADER: ACDB -> ACDB_CHANNEL_MAPPING_CONFIG_V2: GET_DEVICE_PROPERTY
03-04 15:08:10.131  1001  2514 D ACDB-LOADER: ACDB -> AUDIO_SET_SIDETONE_IIR_CAL
03-04 15:08:10.131  1001  2514 D ACDB-LOADER: ACDB -> ACDB_CMD_GET_AFE_DATA
03-04 15:08:10.131  1001  2514 D ACDB-LOADER: ACDB -> AUDIO_SET_SIDETONE_CAL
03-04 15:08:10.131  1001  2514 D ACDB-LOADER: ACDB -> send_voice_columns, rxacdb_id 7, txacdb_id 41, table 8
03-04 15:08:10.131  1001  2514 D ACDB-LOADER: ACDB -> ACDB_CMD_GET_VOC_COLUMNS_INFO_V2
03-04 15:08:10.131  1001  2514 D ACDB-LOADER: ACDB -> ACDB_CMD_GET_VOC_PROC_STATIC_TABLE_SIZE
03-04 15:08:10.132  1574  1610 I audioadsprpcd: vendor/qcom/proprietary/adsprpc/src/apps_std_imp.c:848: Successfully opened file /vendor/dsp/adsp/fluence_ef_module_fvx.so.1
03-04 15:08:10.132  1001  2514 D ACDB-LOADER: ACDB -> ACDB_CMD_GET_VOC_PROC_STATIC_TABLE
03-04 15:08:10.134  1001  2514 D ACDB-LOADER: ACDB -> AUDIO_SET_VOCPROC_CAL
03-04 15:08:10.134  1001  2514 D ACDB-LOADER: ACDB -> ACDB_CMD_GET_VOC_PROC_DEVICE_CFG
03-04 15:08:10.134  1001  2514 D ACDB-LOADER: ACDB -> AUDIO_SET_VOCPROC_DEV_CFG_CAL
03-04 15:08:10.134  1001  2514 D ACDB-LOADER: ACDB -> send_voice_columns, rxacdb_id 7, txacdb_id 41, table 7
03-04 15:08:10.134  1001  2514 D ACDB-LOADER: ACDB -> ACDB_CMD_GET_VOC_COLUMNS_INFO_V2
03-04 15:08:10.134  1001  2514 D ACDB-LOADER: ACDB -> ACDB_CMD_GET_VOC_PROC_DYNAMIC_TABLE_SIZE
03-04 15:08:10.137  1001  2514 D ACDB-LOADER: ACDB -> ACDB_CMD_GET_VOC_PROC_DYNAMIC_TABLE
03-04 15:08:10.142  1001  2514 D ACDB-LOADER: ACDB -> AUDIO_SET_VOCPROC_VOL_CAL
03-04 15:08:10.142  1001  2514 D ACDB-LOADER: ACDB -> send_voice_columns, rxacdb_id 7, txacdb_id 41, table 9
03-04 15:08:10.142  1001  2514 D ACDB-LOADER: ACDB -> ACDB_CMD_GET_VOC_COLUMNS_INFO_V2
03-04 15:08:10.142  1001  2514 D ACDB-LOADER: ACDB -> ACDB_CMD_GET_VOC_STREAM_STATIC_TABLE_SIZE
03-04 15:08:10.142  1001  2514 D ACDB-LOADER: ACDB -> ACDB_CMD_GET_VOC_STREAM_STATIC_TABLE
03-04 15:08:10.142  1001  2514 D ACDB-LOADER: ACDB -> AUDIO_SET_VOCPROC_STREAM_CAL
03-04 15:08:10.142  1001  2514 D ACDB-LOADER: ACDB -> send_afe_topology
03-04 15:08:10.142  1001  2514 D ACDB-LOADER: ACDB -> ACDB_CMD_GET_AFE_TOPOLOGY_ID
03-04 15:08:10.142  1001  2514 D ACDB-LOADER: ACDB -> GET_AFE_TOPOLOGY_ID for adcd_id 41, Topology Id 112fb
03-04 15:08:10.142  1001  2514 D ACDB-LOADER: ACDB -> send_afe_cal
03-04 15:08:10.142  1001  2514 D ACDB-LOADER: ACDB -> ACDB_CMD_GET_AFE_INSTANCE_COMMON_TABLE_SIZE
03-04 15:08:10.142  1001  2514 D android.hardware.audio.service: Failed to fetch the lookup information of the device 00000029 
03-04 15:08:10.142  1001  2514 D ACDB-LOADER: Error: ACDB_CMD_GET_AFE_INSTANCE_COMMON_TABLE_SIZE Returned = -19
03-04 15:08:10.142  1001  2514 D ACDB-LOADER: ACDB -> ACDB_CMD_GET_AFE_INSTANCE_COMMON_TABLE
03-04 15:08:10.142  1001  2514 D android.hardware.audio.service: Failed to fetch the lookup information of the device 00000029 
03-04 15:08:10.142  1001  2514 D ACDB-LOADER: Error: ACDB AFE returned = -19
03-04 15:08:10.142  1001  2514 D ACDB-LOADER: ACDB -> AUDIO_SET_AFE_CAL cal_type[17] acdb_id[41]
03-04 15:08:10.142  1001  2514 D ACDB-LOADER: ACDB -> send_afe_topology
03-04 15:08:10.142  1001  2514 D ACDB-LOADER: ACDB -> ACDB_CMD_GET_AFE_TOPOLOGY_ID
03-04 15:08:10.142  1001  2514 D ACDB-LOADER: ACDB -> GET_AFE_TOPOLOGY_ID for adcd_id 7, Topology Id 112fc
03-04 15:08:10.142  1001  2514 D ACDB-LOADER: ACDB -> send_afe_cal
03-04 15:08:10.142  1001  2514 D ACDB-LOADER: ACDB -> ACDB_CMD_GET_AFE_INSTANCE_COMMON_TABLE_SIZE
03-04 15:08:10.143  1001  2514 D android.hardware.audio.service: Failed to fetch the lookup information of the device 00000007 
03-04 15:08:10.143  1001  2514 D ACDB-LOADER: Error: ACDB_CMD_GET_AFE_INSTANCE_COMMON_TABLE_SIZE Returned = -19
03-04 15:08:10.143  1001  2514 D ACDB-LOADER: ACDB -> ACDB_CMD_GET_AFE_INSTANCE_COMMON_TABLE
03-04 15:08:10.143  1001  2514 D android.hardware.audio.service: Failed to fetch the lookup information of the device 00000007 
03-04 15:08:10.143  1001  2514 D ACDB-LOADER: Error: ACDB AFE returned = -19
03-04 15:08:10.143  1001  2514 D ACDB-LOADER: ACDB -> AUDIO_SET_AFE_CAL cal_type[16] acdb_id[7]
03-04 15:08:10.143  1001  2514 D ACDB-LOADER: ACDB -> send_hw_delay : acdb_id = 41 path = 1
03-04 15:08:10.143  1001  2514 D ACDB-LOADER: ACDB -> ACDB_AVSYNC_INFO: ACDB_CMD_GET_DEVICE_PROPERTY
03-04 15:08:10.143  1001  2514 D ACDB-LOADER: ACDB -> send_hw_delay : acdb_id = 7 path = 0
03-04 15:08:10.143  1001  2514 D ACDB-LOADER: ACDB -> ACDB_AVSYNC_INFO: ACDB_CMD_GET_DEVICE_PROPERTY
03-04 15:08:10.143  1001  2514 D ACDB-LOADER: ACDB -> Sent VocProc Cal!
03-04 15:08:10.143  1001  2514 E audio_hw_utils: audio_extn_utils_update_stream_app_type_cfg_for_usecase: app type cfg not supported for usecase type (2)
03-04 15:08:10.143  1001  2514 D soundtrigger: audio HAL using same device 171 as ST
03-04 15:08:10.143  1001  2514 D soundtrigger: audio_extn_sound_trigger_update_stream_status: uc_info->id 41 of type 2 for Event 3, with Raise=1
03-04 15:08:10.143  1001  2514 D soundtrigger: audio_extn_sound_trigger_update_stream_status: send event 13: usecase id 41, type 2
03-04 15:08:10.143  1001  2514 I sound_trigger_platform: platform_stdev_check_and_update_concurrency: Received CAPTURE_STREAM event, event type 13, usecase type 2
03-04 15:08:10.143  1001  2514 D sound_trigger_platform: platform_stdev_get_capture_device: Device = 0x80000004
03-04 15:08:10.143  1001  2514 D sound_trigger_platform: platform_stdev_get_capture_device: Available device = 0x80000004
03-04 15:08:10.143  1001  2514 D sound_trigger_platform: platform_stdev_check_and_update_concurrency: dedicated path 0, reset backend 1, tx 1, rx 0, concurrency session not allowed
03-04 15:08:10.143  1001  2514 I audio_hw_utils: audio_extn_utils_send_app_type_cfg: not a playback/capture path, no need to cfg app type
03-04 15:08:10.143  1001  2514 D audio_hw_primary: enable_audio_route: apply mixer and update path: voicemmode1-call handset
03-04 15:08:10.143  1001  2514 D audio_route: Apply path: voicemmode1-call handset
03-04 15:08:10.148  1001  2514 D audio_hw_primary: select_devices: done
03-04 15:08:10.148  1001  2514 D voice   : voice_config.rate 8000
03-04 15:08:10.157     0     0 I afe_get_cal_topology_id: port_id = 0xb037 acdb_id = 41 topology_id = 0x112fb cal_type_index=8 ret=0
03-04 15:08:10.157     0     0 E send_afe_cal_type: No cal sent for cal_index 1, port_id = 0xb037! ret -22
03-04 15:08:10.166     0     0 I afe_send_hw_delay: port_id 0xb037 rate 48000 delay_usec 578 status 0
03-04 15:08:10.210  3176  3176 D TransmitPower: AccSensorObserverBHH_DETECTION:onBHHDetected() : isDetected = false
03-04 15:08:10.211  3176  3176 D TransmitPower: AccSensorObserverBHH_DIRECTION:onBHHStateChanged() : isRightSide = false
03-04 15:08:10.211  3176  3176 D TransmitPower: AccSensorObserverMOTION_DETECTION:onMotionStateChanged() : isStable = false
03-04 15:08:10.230  1001  2514 D voice   : voice_set_sidetone: enable, out_snd_device: 20
03-04 15:08:10.231  1001  2514 D audio_route: Apply path: sidetone-handset
03-04 15:08:10.243     0     0 E qdsp_cvp_callback: cmd = 0x112c2 returned error = 0x9
03-04 15:08:10.249     0     0 E voice_send_vol_step_cmd: DSP returned error[ADSP_EALREADY]
03-04 15:08:10.250  1001  2514 D voice   : voice_start_usecase: exit: status(0)
03-04 15:08:10.250  1001  2514 D voice_extn: update_calls: cur_state=1 new_state=1 vsid=11dc5000
03-04 15:08:10.250  1001  2514 D voice_extn: voice_extn_set_parameters: call type is GSM
03-04 15:08:10.250  1001  2514 D msm8974_platform: platform_set_gsm_mode: enabling gsm mode
03-04 15:08:10.250  1001  2514 D audio_route: Apply path: gsm-mode
03-04 15:08:10.255  1001 15292 D audio_hw_primary: out_set_parameters: enter: usecase(1: low-latency-playback) kvpairs: suspend_playback=false
03-04 15:08:10.256  1001  4343 W audio_hw_primary: out_write: underrun(228) frames_by_time(6158) > out->last_fifo_frames_remaining(384)
03-04 15:08:10.261  2160  2441 W system_server: Long monitor contention with owner Binder:2160_1F (10929) at void com.android.server.telecom.ConnectionServiceWrapper$Adapter.handleCreateConnectionComplete(java.lang.String, android.telecom.ConnectionRequest, android.telecom.ParcelableConnection, android.telecom.Logging.Session$Info)(ConnectionServiceWrapper.java:100) waiters=1 in java.lang.String com.android.server.telecom.DefaultDialerCache.refreshCacheForUser(int) for 173ms
03-04 15:08:10.262  2160  2441 I dvm_lock_sample: [system_server,1,Binder:2160_3,173,DefaultDialerCache.java,251,java.lang.String com.android.server.telecom.DefaultDialerCache.refreshCacheForUser(int),ConnectionServiceWrapper.java,100,void com.android.server.telecom.ConnectionServiceWrapper$Adapter.handleCreateConnectionComplete(java.lang.String, android.telecom.ConnectionRequest, android.telecom.ParcelableConnection, android.telecom.Logging.Session$Info),34]
03-04 15:08:10.264  2932  3432 I QcrilOemhookMsgTunnel: [0]processOemHookIndication length=67
03-04 15:08:10.265  2160 10929 I Telecom : InCallController: Sending updateCall [Call id=TC@5, state=DIALING, tpac=ComponentInfo{com.android.phone/com.android.services.telephony.TelephonyConnectionService}, ***, UserHandle{0}, cmgr=ComponentInfo{com.android.phone/com.android.services.telephony.TelephonyConnectionService}, ***, UserHandle{0}, handle=tel:*********06, vidst=A, childs(0), has_parent(false), cap=[ sup_hld mut !v2a], prop=[]]: CSW.sSH(cap)@CUU
03-04 15:08:10.266 10726 10857 V RILJ    : Incoming UUS : NOT present! [PHONE0]
03-04 15:08:10.266  2932  3432 I QcrilOemhookMsgTunnel: [0]processOemHookIndication length=67
03-04 15:08:10.267  2160 10929 I Telecom : InCallController: Components updated: [ComponentInfo{com.sonymobile.telephony.extension/com.sonymobile.telephony.extension.analytics.CallAnalyticsManagerService}, ComponentInfo{com.sonymobile.transmitpower/com.sonymobile.transmitpower.util.InCallServiceObserver$InCallServiceImpl}, ComponentInfo{com.android.server.telecom/com.android.server.telecom.AmInCallService$InCallServiceImpl}]: CSW.sSH(cap)@CUU
03-04 15:08:10.268  2932  3432 I QcrilOemhookMsgTunnel: [0]processOemHookIndication length=67
03-04 15:08:10.269  2160 10929 I Telecom : InCallController: Sending updateCall [Call id=TC@5, state=DIALING, tpac=ComponentInfo{com.android.phone/com.android.services.telephony.TelephonyConnectionService}, ***, UserHandle{0}, cmgr=ComponentInfo{com.android.phone/com.android.services.telephony.TelephonyConnectionService}, ***, UserHandle{0}, handle=tel:*********06, vidst=A, childs(0), has_parent(false), cap=[ sup_hld mut !v2a], prop=[]]: CSW.rE(cap)@CUc
03-04 15:08:10.271  2160 10929 I Telecom : InCallController: Components updated: [ComponentInfo{com.sonymobile.telephony.extension/com.sonymobile.telephony.extension.analytics.CallAnalyticsManagerService}, ComponentInfo{com.sonymobile.transmitpower/com.sonymobile.transmitpower.util.InCallServiceObserver$InCallServiceImpl}, ComponentInfo{com.android.server.telecom/com.android.server.telecom.AmInCallService$InCallServiceImpl}]: CSW.rE(cap)@CUc
03-04 15:08:10.272 20799 20799 I DialerAudioModeProvider: com.android.dialer.incall.core.audiomode.AudioModeProvider.getApproximatedAudioRoute:235 Routing to earpiece
03-04 15:08:10.272 20799 20799 I DialerAudioModeProvider: com.android.dialer.incall.core.audiomode.AudioModeProvider.onAudioStateChanged:79 audioState: [AudioState isMuted: false, route: EARPIECE, supportedRouteMask: EARPIECE, BLUETOOTH, WIRED_HEADSET, SPEAKER, activeBluetoothDevice: [null], supportedBluetoothDevices: []]
03-04 15:08:10.273 10726 10857 D RILJ    : InCall VoicePrivacy is disabled [PHONE0]
03-04 15:08:10.273 10726 10726 I TelecomFramework: TelephonyConnectionService: notifyCreateConnectionComplete TC@5_1: (...->CSW.hCCC)->CS.crCoC->H.CS.crCoC(cap/cast)@E-E-E-CUE
03-04 15:08:10.273  2160 10929 I Telecom : InCallController: Sending updateCall [Call id=TC@5, state=DIALING, tpac=ComponentInfo{com.android.phone/com.android.services.telephony.TelephonyConnectionService}, ***, UserHandle{0}, cmgr=ComponentInfo{com.android.phone/com.android.services.telephony.TelephonyConnectionService}, ***, UserHandle{0}, handle=tel:*********06, vidst=A, childs(0), has_parent(false), cap=[ sup_hld mut !v2a], prop=[]]: CSW.rE(cap)@CUg
03-04 15:08:10.273 10726 10857 D RILJ    : [1416]< GET_CURRENT_CALLS {[id=1,DIALING,toa=129,norm,mo,0,voc,noevp,,cli=1,,3,audioQuality=0] } [PHONE0]
03-04 15:08:10.273 20799 20799 I DialerLegacyInCallServicePeer: com.android.incallui.LegacyInCallServicePeer.onBind:168 onBind
03-04 15:08:10.273 10726 10857 V RILJ    : Incoming UUS : NOT present! [PHONE0]
03-04 15:08:10.273 10726 10857 D RILJ    : InCall VoicePrivacy is disabled [PHONE0]
03-04 15:08:10.274 10726 10857 D RILJ    : [1418]< GET_CURRENT_CALLS {[id=1,DIALING,toa=129,norm,mo,0,voc,noevp,,cli=1,,3,audioQuality=0] } [PHONE0]
03-04 15:08:10.274  2160 10929 I Telecom : InCallController: Components updated: [ComponentInfo{com.sonymobile.telephony.extension/com.sonymobile.telephony.extension.analytics.CallAnalyticsManagerService}, ComponentInfo{com.sonymobile.transmitpower/com.sonymobile.transmitpower.util.InCallServiceObserver$InCallServiceImpl}, ComponentInfo{com.android.server.telecom/com.android.server.telecom.AmInCallService$InCallServiceImpl}]: CSW.rE(cap)@CUg
03-04 15:08:10.276  2160 10929 I Telecom : InCallController: Sending updateCall [Call id=TC@5, state=DIALING, tpac=ComponentInfo{com.android.phone/com.android.services.telephony.TelephonyConnectionService}, ***, UserHandle{0}, cmgr=ComponentInfo{com.android.phone/com.android.services.telephony.TelephonyConnectionService}, ***, UserHandle{0}, handle=tel:*********06, vidst=A, childs(0), has_parent(false), cap=[ sup_hld mut !v2a], prop=[]]: CSW.sSH(cap)@CUk
03-04 15:08:10.277  2932  3432 I QcrilOemhookMsgTunnel: [0]processOemHookIndication length=63
03-04 15:08:10.277  2160 10929 I Telecom : InCallController: Components updated: [ComponentInfo{com.sonymobile.telephony.extension/com.sonymobile.telephony.extension.analytics.CallAnalyticsManagerService}, ComponentInfo{com.sonymobile.transmitpower/com.sonymobile.transmitpower.util.InCallServiceObserver$InCallServiceImpl}, ComponentInfo{com.android.server.telecom/com.android.server.telecom.AmInCallService$InCallServiceImpl}]: CSW.sSH(cap)@CUk
03-04 15:08:10.278 10726 10726 I Telephony: updatePhoneAccount setPhoneAccountHandle, account = ComponentInfo{com.android.phone/com.android.services.telephony.TelephonyConnectionService}, ***, UserHandle{0}
03-04 15:08:10.279  2160 10929 I Telecom : InCallController: Sending updateCall [Call id=TC@5, state=DIALING, tpac=ComponentInfo{com.android.phone/com.android.services.telephony.TelephonyConnectionService}, ***, UserHandle{0}, cmgr=ComponentInfo{com.android.phone/com.android.services.telephony.TelephonyConnectionService}, ***, UserHandle{0}, handle=tel:*********06, vidst=A, childs(0), has_parent(false), cap=[ sup_hld mut !v2a], prop=[]]: CSW.rE(cap)@CUo
03-04 15:08:10.279 10726 10726 D Telephony: MSG_CDMA_VOICE_PRIVACY_OFF received
03-04 15:08:10.279 10726 10726 D GsmCdmaCallTracker: Event EVENT_POLL_CALLS_RESULT Received
03-04 15:08:10.279 10726 10726 D Telephony: MSG_CDMA_VOICE_PRIVACY_OFF received
03-04 15:08:10.279 10726 10726 D GsmCdmaCallTracker: Event EVENT_POLL_CALLS_RESULT Received
03-04 15:08:10.279 10726 10726 D GsmCdmaConnection: [GsmCdmaConn] parent= DIALING, newParent= DIALING
03-04 15:08:10.279 10726 10726 D GsmCdmaConnection: [GsmCdmaConn] update: audioQuality # changed!:  standard
03-04 15:08:10.279 20799 20799 I DialerAudioModeProvider: com.android.incallui.audiomode.AudioModeProvider.getApproximatedAudioRoute:160 Routing to earpiece
03-04 15:08:10.280 10726 10726 D GsmCdmaConnection: [GsmCdmaConn] update: mForwardedNumber, # changed!
03-04 15:08:10.280 10726 10726 D GsmCdmaConnection: [GsmCdmaConn] --dssds----null
03-04 15:08:10.280 10726 10726 D GsmCdmaConnection: [GsmCdmaConn] update: parent=DIALING, hasNewParent=false, wasConnectingInOrOut=true, wasHolding=false, isConnectingInOrOut=true, changed=true
03-04 15:08:10.280 10726 10726 D GsmCdmaCallTracker: [0] update phone state, old=OFFHOOK new=OFFHOOK
03-04 15:08:10.282  2160 10929 I Telecom : InCallController: Components updated: [ComponentInfo{com.sonymobile.telephony.extension/com.sonymobile.telephony.extension.analytics.CallAnalyticsManagerService}, ComponentInfo{com.sonymobile.transmitpower/com.sonymobile.transmitpower.util.InCallServiceObserver$InCallServiceImpl}, ComponentInfo{com.android.server.telecom/com.android.server.telecom.AmInCallService$InCallServiceImpl}]: CSW.rE(cap)@CUo
03-04 15:08:10.282 20799 20799 I DialerCountryCodeProvider: com.android.dialer.businessvoice.verifiedcall.impl.i18n.CountryCodeProvider.getSimCountryCodeInternal:83 returning Redacted-2-chars
03-04 15:08:10.295     0     0 I QG-K    : qg_somc_jeita_step_charge_work: [Charging] condition=3, chip->target_idx=17
03-04 15:08:10.283 10726 10726 V CallAnalyticsManagerService: onDetailsChanged call : Call [id: TC@5, state: DIALING, details: [id: TC@5, state: DIALING, pa: ComponentInfo{com.android.phone/com.android.services.telephony.TelephonyConnectionService}, ***, UserHandle{0}, hdl: tel:*********06, hdlPres: 1, videoState: Audio Only, caps: [Capabilities: CAPABILITY_SUPPORT_HOLD CAPABILITY_MUTE CAPABILITY_CANNOT_DOWNGRADE_VIDEO_TO_AUDIO], props: [Properties:]]], details: [id: TC@5, state: DIALING, pa: ComponentInfo{com.android.phone/com.android.services.telephony.TelephonyConnectionService}, ***, UserHandle{0}, hdl: tel:*********06, hdlPres: 1, videoState: Audio Only, caps: [Capabilities: CAPABILITY_SUPPORT_HOLD CAPABILITY_MUTE CAPABILITY_CANNOT_DOWNGRADE_VIDEO_TO_AUDIO], props: [Properties:]]
03-04 15:08:10.284 10726 10726 D PhoneSwitcher: handle event - 109
03-04 15:08:10.284 10726 11157 D SubscriptionController: [getSubId]- numSubIds == 0, return null slotIndex=1
03-04 15:08:10.285 20799 20799 I DialerLegacyProximitySensor: com.android.incallui.LegacyProximitySensor.updateProximitySensorMode:315 screenOnImmediately: false, dialPadVisible: false, offHook: false, horizontal: false, uiShowing: false, audioRoute: EARPIECE, videoCall: false
03-04 15:08:10.285 20799 20799 I DialerLegacyProximitySensor: com.android.incallui.LegacyProximitySensor.turnOffProximitySensor:270 wake lock already released
03-04 15:08:10.285 10726 10726 D PhoneSwitcher: isPhoneInVoiceCall: phoneid=0, tmpSwitchProperty=false, dataDuringCallsEnabled=false
03-04 15:08:10.286 20799 20799 I DialerInCallPresenter: com.android.incallui.InCallPresenter.dontAddToThisMethodOrYoullBeSorry:1055 Phone switching state: NO_CALLS -> NO_CALLS
03-04 15:08:10.286 20799 20799 I DialerLegacyStatusBarNotifier: com.android.incallui.LegacyStatusBarNotifier.updateInCallNotification:266 canceling notification
03-04 15:08:10.286 20799 20799 I DialerInCallPresenter: com.android.incallui.InCallPresenter.isActivityStarted:1459 inCallActivity == null
03-04 15:08:10.286 10726 10726 D PhoneSwitcher: isPhoneInVoiceCall: phoneid=0, tmpSwitchProperty=false, dataDuringCallsEnabled=false
03-04 15:08:10.286  1001  2514 D audio_hw_primary: out_set_parameters: enter: usecase(1: low-latency-playback) kvpairs: suspend_playback=true
03-04 15:08:10.287 10726 10726 D PhoneSwitcher: isPhoneInVoiceCall: phoneid=1, tmpSwitchProperty=false, dataDuringCallsEnabled=false
03-04 15:08:10.288 20799 20799 I DialerLegacyActiveCallSource: com.android.dialer.audio.impl.LegacyActiveCallSource.update:94 no active call
03-04 15:08:10.288 10726 10726 D PhoneSwitcher: isPhoneInVoiceCall: phoneid=1, tmpSwitchProperty=false, dataDuringCallsEnabled=false
03-04 15:08:10.288 10726 10726 V Telephony: MSG_PRECISE_CALL_STATE_CHANGED
03-04 15:08:10.288  2160  6939 I Telecom : InCallController: Sending updateCall [Call id=TC@5, state=DIALING, tpac=ComponentInfo{com.android.phone/com.android.services.telephony.TelephonyConnectionService}, ***, UserHandle{0}, cmgr=ComponentInfo{com.android.phone/com.android.services.telephony.TelephonyConnectionService}, ***, UserHandle{0}, handle=tel:*********06, vidst=A, childs(0), has_parent(false), cap=[ sup_hld mut !v2a], prop=[]]: CSW.rE(cap)@CUs
03-04 15:08:10.288  3176  3176 D TransmitPower: AccSensorObserverBHH_DETECTION:onBHHDetected() : isDetected = false
03-04 15:08:10.288  3176  3176 D TransmitPower: AccSensorObserverBHH_DIRECTION:onBHHStateChanged() : isRightSide = false
03-04 15:08:10.289  3176  3176 D TransmitPower: AccSensorObserverMOTION_DETECTION:onMotionStateChanged() : isStable = false
03-04 15:08:10.289 10726 10726 V Telephony: GsmConnection: Update state from DIALING to DIALING for TC@5_1
03-04 15:08:10.289 20799 20799 I DialerLegacyActiveCallSource: com.android.dialer.audio.impl.LegacyActiveCallSource.update:94 no active call
03-04 15:08:10.290 10726 10726 D Telephony: buildConnectionCapabilities: isHoldable = true State = 3 capabilities = 0
03-04 15:08:10.290 20799 20799 I DialerLegacyActiveCallSource: com.android.dialer.audio.impl.LegacyActiveCallSource.update:94 no active call
03-04 15:08:10.290 20799 20799 I DialerLegacyActiveCallSource: com.android.dialer.audio.impl.LegacyActiveCallSource.update:94 no active call
03-04 15:08:10.290 20799 20799 I DialerVideoPauseController: com.android.incallui.VideoPauseController.setUp:100 setUp
03-04 15:08:10.290  2160  6939 I Telecom : InCallController: Components updated: [ComponentInfo{com.sonymobile.telephony.extension/com.sonymobile.telephony.extension.analytics.CallAnalyticsManagerService}, ComponentInfo{com.sonymobile.transmitpower/com.sonymobile.transmitpower.util.InCallServiceObserver$InCallServiceImpl}, ComponentInfo{com.android.server.telecom/com.android.server.telecom.AmInCallService$InCallServiceImpl}]: CSW.rE(cap)@CUs
03-04 15:08:10.291  1001  2514 D audio_hw_primary: adev_set_parameters: enter: BT_SCO=off
03-04 15:08:10.292 10726 10726 D Telephony: buildConnectionCapabilities: isHoldable = true State = 3 capabilities = 0
03-04 15:08:10.292  2160  6939 I Telecom : InCallController: Sending updateCall [Call id=TC@5, state=DIALING, tpac=ComponentInfo{com.android.phone/com.android.services.telephony.TelephonyConnectionService}, ***, UserHandle{0}, cmgr=ComponentInfo{com.android.phone/com.android.services.telephony.TelephonyConnectionService}, ***, UserHandle{0}, handle=tel:*********06, vidst=A, childs(0), has_parent(false), cap=[ sup_hld mut !v2a], prop=[]]: CSW.sSH(cap)@CUw
03-04 15:08:10.292  2160  3383 W system_server: Long monitor contention with owner AudioService (2511) at void com.android.server.audio.AudioService$AudioHandler.handleMessage(android.os.Message)(AudioService.java:7763) waiters=0 in void com.android.server.audio.AudioDeviceBroker.setSpeakerphoneOn(android.os.IBinder, int, boolean, java.lang.String) for 426ms
03-04 15:08:10.293  2160  2515 I AS.AudioDeviceInventory: removePreferredDevicesForStrategySync, strategy: 15
03-04 15:08:10.293  2160  3383 I dvm_lock_sample: [system_server,0,com.android.server.telecom.CallAudioRouteStateMachine,426,AudioDeviceBroker.java,244,void com.android.server.audio.AudioDeviceBroker.setSpeakerphoneOn(android.os.IBinder, int, boolean, java.lang.String),AudioService.java,7763,void com.android.server.audio.AudioService$AudioHandler.handleMessage(android.os.Message),85]
03-04 15:08:10.294  2160  6939 I Telecom : InCallController: Components updated: [ComponentInfo{com.sonymobile.telephony.extension/com.sonymobile.telephony.extension.analytics.CallAnalyticsManagerService}, ComponentInfo{com.sonymobile.transmitpower/com.sonymobile.transmitpower.util.InCallServiceObserver$InCallServiceImpl}, ComponentInfo{com.android.server.telecom/com.android.server.telecom.AmInCallService$InCallServiceImpl}]: CSW.sSH(cap)@CUw
03-04 15:08:10.294 10726 10726 V Telephony: updateAddress, caller display name changed
03-04 15:08:10.294  2160  3383 I Telecom : CallAudioRouteStateMachine: setSystemAudioState: changing from [AudioState isMuted: false, route: EARPIECE, supportedRouteMask: EARPIECE, SPEAKER, activeBluetoothDevice: [null], supportedBluetoothDevices: []] to [AudioState isMuted: false, route: EARPIECE, supportedRouteMask: EARPIECE, SPEAKER, activeBluetoothDevice: [null], supportedBluetoothDevices: []]: TSI.pC->CM.fOCP->CM.sOCPA->CM.dSMCP->CM.dSPA->CM.pASP->CAMSM.pM_2001->CARSM.pM_SWITCH_FOCUS@CTw
03-04 15:08:10.295  2160  3383 I Telecom : InCallController: Calling onAudioStateChanged, audioState: [AudioState isMuted: false, route: EARPIECE, supportedRouteMask: EARPIECE, SPEAKER, activeBluetoothDevice: [null], supportedBluetoothDevices: []] -> [AudioState isMuted: false, route: EARPIECE, supportedRouteMask: EARPIECE, SPEAKER, activeBluetoothDevice: [null], supportedBluetoothDevices: []]: TSI.pC->CM.fOCP->CM.sOCPA->CM.dSMCP->CM.dSPA->CM.pASP->CAMSM.pM_2001->CARSM.pM_SWITCH_FOCUS@CTw
03-04 15:08:10.297  2160  3383 I Telecom : BluetoothRouteManager: getBluetoothAudioConnectedDevice: no service available.: TSI.pC->CM.fOCP->CM.sOCPA->CM.dSMCP->CM.dSPA->CM.pASP->CAMSM.pM_2001->CARSM.pM_SWITCH_FOCUS@CTw
03-04 15:08:10.297  2160  6939 I Telecom : InCallController: Sending updateCall [Call id=TC@5, state=DIALING, tpac=ComponentInfo{com.android.phone/com.android.services.telephony.TelephonyConnectionService}, ***, UserHandle{0}, cmgr=ComponentInfo{com.android.phone/com.android.services.telephony.TelephonyConnectionService}, ***, UserHandle{0}, handle=tel:*********06, vidst=A, childs(0), has_parent(false), cap=[ sup_hld mut !v2a], prop=[]]: CSW.sCDN(cap)@CU0
03-04 15:08:10.297 20799 20799 I DialerLegacyStatusBarNotifier: com.android.incallui.LegacyStatusBarNotifier.updateInCallNotification:266 canceling notification
03-04 15:08:10.298 20799 20799 I DialerInCallPresenter: com.android.incallui.InCallPresenter$AtlasUiStateBroadcastReceiver.register:2478 register
03-04 15:08:10.298  2160  3383 I Telecom : CallAudioRouteStateMachine: Message received: UPDATE_SYSTEM_AUDIO_ROUTE=1201, arg1=0: (...->CS.crCo->H.CS.crCo->H.CS.crCo.pICR)->CSW.hCCC->CARSM.pM_UPDATE_SYSTEM_AUDIO_ROUTE(cap/cast)@E-E-CUE
03-04 15:08:10.298  2160  3383 I Telecom : ActiveEarpieceRoute: Processing message UPDATE_SYSTEM_AUDIO_ROUTE: (...->CS.crCo->H.CS.crCo->H.CS.crCo.pICR)->CSW.hCCC->CARSM.pM_UPDATE_SYSTEM_AUDIO_ROUTE(cap/cast)@E-E-CUE
03-04 15:08:10.298 20799 20799 I DialerInCallPresenter: com.android.incallui.InCallPresenter.setBoundAndWaitingForOutgoingCall:1353 setBoundAndWaitingForOutgoingCall: true
03-04 15:08:10.299  2160  3383 I Telecom : BluetoothRouteManager: getBluetoothAudioConnectedDevice: no service available.: (...->CS.crCo->H.CS.crCo->H.CS.crCo.pICR)->CSW.hCCC->CARSM.pM_UPDATE_SYSTEM_AUDIO_ROUTE(cap/cast)@E-E-CUE
