--------- beginning of main
03-05 20:02:47.918   269   412 D goldfish-address-space: allocate: Ask for block of size 0x7e9000
03-05 20:02:47.918   269   412 D goldfish-address-space: allocate: ioctl allocate returned offset 0x3fb8c2000 size 0x7ea000
03-05 20:02:47.940   269   412 D goldfish-address-space: allocate: Ask for block of size 0x7e9000
03-05 20:02:47.941   269   412 D goldfish-address-space: allocate: ioctl allocate returned offset 0x3fceae000 size 0x7ea000
03-05 20:02:47.947  1251  1251 I Ylw_Dialer: true:onDraw: useLargeIcons=false:showHd=false:showVideo=false:false:false:false
03-05 20:02:47.947  1251  1251 I Ylw_Dialer: getCallTypeDrawable: 2 : false
03-05 20:02:47.947  1251  1251 I Ylw_Dialer: getCallTypeDrawable: 1 : false
03-05 20:02:47.947  1251  1251 I Ylw_Dialer: true:onDraw: useLargeIcons=false:showHd=false:showVideo=false:false:false:false
03-05 20:02:47.947  1251  1251 I Ylw_Dialer: getCallTypeDrawable: 2 : false
03-05 20:02:47.948  1251  1251 I Ylw_Dialer: true:onDraw: useLargeIcons=false:showHd=false:showVideo=false:false:false:false
03-05 20:02:47.948  1251  1251 I Ylw_Dialer: getCallTypeDrawable: 1 : false
03-05 20:02:47.948  1251  1251 I chatty  : uid=10104(com.android.dialer) identical 1 line
03-05 20:02:47.948  1251  1251 I Ylw_Dialer: getCallTypeDrawable: 1 : false
03-05 20:02:47.955   621   621 D KeyguardViewMediator: adjustStatusBarLocked: mShowing=false mOccluded=false isSecure=false force=false --> flags=0x0
--------- beginning of system
03-05 20:02:47.967   461  1201 D AppOps  : noteOperation: allowing code 4 uid 10066 package com.android.providers.userdictionary
03-05 20:02:47.967   461  1201 D AppOps  : noteOperation: allowing code 4 uid 10104 package com.android.dialer
03-05 20:02:47.969   269   307 D goldfish-address-space: allocate: Ask for block of size 0x7e9000
03-05 20:02:47.969   269   307 D goldfish-address-space: allocate: ioctl allocate returned offset 0x3f7972000 size 0x7ea000
03-05 20:02:47.986   365  2001 V AudioSink: getPlayedOutDurationUs(265561) nowUs(194757065) frames(12747) framesAt(194757066)
03-05 20:02:47.986   365  1998 V MediaPlayerService: [9] notify (211, 0, 0)
03-05 20:02:47.996  1251  1251 I Dialer  : NewSearchFragment.onLoadFinished - Loader finished: DirectoryContactsCursorLoader{b82615 id=3}
03-05 20:02:48.012   461   803 D PowerManagerService: releaseWakeLockInternal: lock=180970848 [*launch*], flags=0x0
03-05 20:02:48.012   461   803 D PowerManagerService: updateWakeLockSummaryLocked: mWakefulness=Awake, mWakeLockSummary=0x1
03-05 20:02:48.012   461   803 D PowerManagerService: updateUserActivitySummaryLocked: mWakefulness=Awake, mUserActivitySummary=0x1, nextTimeout=2147670666 (in 2147475884 ms)
03-05 20:02:48.012   461   803 D PowerManagerService: updateDisplayPowerStateLocked: mDisplayReady=true, policy=3, mWakefulness=1, mWakeLockSummary=0x1, mUserActivitySummary=0x1, mBootCompleted=true, screenBrightnessOverride=NaN, useAutoBrightness=false, mScreenBrightnessBoostInProgress=false, mIsVrModeEnabled= false, sQuiescent=false
03-05 20:02:48.015   365  2001 V AudioSink: getPlayedOutDurationUs(309826) nowUs(194785817) frames(14872) framesAt(194785824)
03-05 20:02:48.015   365  1998 V MediaPlayerService: [9] notify (211, 0, 0)
03-05 20:02:48.026   461   803 V InputMethodManagerService: startInputOrWindowGainedFocusInternalLocked: reason=WINDOW_FOCUS_GAIN client=android.os.BinderProxy@58c8492 inputContext=null missingMethods= attribute=android.view.inputmethod.EditorInfo@fe6d385 startInputFlags=VIEW_HAS_FOCUS|INITIAL_CONNECTION softInputMode=STATE_ALWAYS_HIDDEN|ADJUST_NOTHING windowFlags=#81810100 unverifiedTargetSdkVersion=28
03-05 20:02:48.027   461   803 V InputMethodManagerService: IME PreRendering MASTER flag: false, LowRam: false
03-05 20:02:48.027   461   803 V InputMethodManagerService: Window asks to hide input
03-05 20:02:48.029   365  2001 V AudioSink: getPlayedOutDurationUs(309828) nowUs(194800119) frames(14872) framesAt(194800124)
03-05 20:02:48.029   365  2001 V AudioSink: stop
03-05 20:02:48.029   365  2001 D AudioTrack: stop(24): called with 36000 frames delivered
03-05 20:02:48.031  1251  2006 I Dialer  : SmartDialCursor.newInstance - Cursor was null or empty
03-05 20:02:48.036   461  1201 D AppOps  : noteOperation: allowing code 6 uid 10066 package com.android.providers.userdictionary
03-05 20:02:48.036   461  1201 D AppOps  : noteOperation: allowing code 6 uid 10104 package com.android.dialer
03-05 20:02:48.061  1251  1251 I Dialer  : NewSearchFragment.onLoadFinished - Loader finished: SearchContactsCursorLoader{340cd2a id=0}
03-05 20:02:48.063   461   803 D InputMethodManagerService: --- calledFromForegroundUserOrSystemProcess ? calling uid = 10104 system uid = 1000 calling userId = 0, foreground user id = 0, calling pid = 0com.android.server.inputmethod.InputMethodManagerService.reportPerceptible(InputMethodManagerService.java:3167)
03-05 20:02:48.063   461   803 D InputMethodManagerService: IME window vis: 0 active: 0 inv: 0 displayId: 0
03-05 20:02:48.112   461  1926 D HostConnection: HostConnection::get() New Host Connection established 0x71608df1e040, tid 1926
03-05 20:02:48.120   461  1926 D HostConnection: HostComposition ext ANDROID_EMU_CHECKSUM_HELPER_v1 ANDROID_EMU_dma_v1 ANDROID_EMU_direct_mem ANDROID_EMU_host_composition_v1 ANDROID_EMU_host_composition_v2 ANDROID_EMU_YUV_Cache ANDROID_EMU_async_unmap_buffer GL_OES_EGL_image_external_essl3 GL_OES_vertex_array_object GL_KHR_texture_compression_astc_ldr ANDROID_EMU_host_side_tracing ANDROID_EMU_gles_max_version_3_1 
03-05 20:02:48.121   461  1926 W OpenGLRenderer: Failed to choose config with EGL_SWAP_BEHAVIOR_PRESERVED, retrying without...
03-05 20:02:48.130   461  1926 D EGL_emulation: eglCreateContext: 0x71608df1f2d0: maj 3 min 1 rcv 4
03-05 20:02:48.161   461  1926 D EGL_emulation: eglMakeCurrent: 0x71608df1f2d0: ver 3 1 (tinfo 0x71602df6f9d0) (first time)
03-05 20:02:48.264  1251  1251 I Dialer  : OldMainActivityPeer.MainCallLogFragmentListener - onVoicemailStatusFetched
03-05 20:02:48.264  1251  1251 I Dialer  : OldMainActivityPeer.onVoicemailStatusFetched - hasActiveVoicemailProvider:true, number of active voicemail sources:1
03-05 20:02:48.264  1251  1251 I Dialer  : OldMainActivityPeer.showVoicemail - showing Tab:true
03-05 20:02:48.275   384   426 D AudioFlinger: mixer(0x734eb07e3040) throttle end: throttle time(1)
03-05 20:02:48.292   461   803 D AppOps  : noteOperation: allowing code 6 uid 10066 package com.android.providers.userdictionary
03-05 20:02:48.292   461   803 D AppOps  : noteOperation: allowing code 6 uid 10104 package com.android.dialer
03-05 20:02:48.294   461   803 D AppOps  : noteOperation: allowing code 6 uid 10066 package com.android.providers.userdictionary
03-05 20:02:48.294   461   803 D AppOps  : noteOperation: allowing code 6 uid 10104 package com.android.dialer
03-05 20:02:48.299   461   803 D AppOps  : noteOperation: allowing code 6 uid 10066 package com.android.providers.userdictionary
03-05 20:02:48.299   461   803 D AppOps  : noteOperation: allowing code 6 uid 10104 package com.android.dialer
03-05 20:02:48.299   461   803 D AppOps  : noteOperation: allowing code 6 uid 10066 package com.android.providers.userdictionary
03-05 20:02:48.300   461   803 D AppOps  : noteOperation: allowing code 6 uid 10104 package com.android.dialer
03-05 20:02:48.303  1251  1251 I Dialer  : ProximitySensor.updateProximitySensorMode - screenOnImmediately: true, dialPadVisible: false, offHook: false, horizontal: false, uiShowing: false, audioRoute: SPEAKER
03-05 20:02:48.303  1251  1251 I Dialer  : ProximitySensor.turnOffProximitySensor - wake lock already released
03-05 20:02:48.303  1251  1251 I Dialer  : ReturnToCallController.hide - hide() called without calling show()
03-05 20:02:48.303  1251  1251 I Dialer  : InCallActivity.showMainInCallFragment - not visible yet/anymore
03-05 20:02:48.303  1251  1251 I Dialer  : InCallPresenter.updateActivity - UI Destroyed
03-05 20:02:48.303  1251  1251 I Dialer  : InCallPresenter.onCallListChange - Phone switching state: NO_CALLS -> NO_CALLS
03-05 20:02:48.304  1251  1251 I Dialer  : VideoPauseController.onStateChange - hasPrimaryCallChanged: false, videoCanPause: false, isInBackground: true
03-05 20:02:48.304  1251  1251 I Dialer  : InCallFragment.setCallState - PrimaryCallState, state: 2, connectionLabel: null
03-05 20:02:48.309  1251  1251 I Dialer  : UiListener.onDetach - enter
03-05 20:02:48.309  1251  1251 I Dialer  : InCallFragment.onButtonGridCreated - InCallUiUnready
03-05 20:02:48.310  1251  1251 I Dialer  : CallCardPresenter.onInCallScreenUnready
03-05 20:02:48.311  1251  1251 I Dialer  : InCallPresenter.unsetActivity - No InCallActivity currently set, no need to unset.
03-05 20:02:48.334   461   486 D UsageStatsService: User[0] Got usage event for com.android.dialer[195103]: ACTIVITY_STOPPED
03-05 20:02:48.367   461  1201 D AppOps  : noteOperation: allowing code 6 uid 10066 package com.android.providers.userdictionary
03-05 20:02:48.367   461  1201 D AppOps  : noteOperation: allowing code 6 uid 10104 package com.android.dialer
03-05 20:02:48.367   461   803 D AppOps  : noteOperation: allowing code 6 uid 10066 package com.android.providers.userdictionary
03-05 20:02:48.367   461   803 D AppOps  : noteOperation: allowing code 6 uid 10104 package com.android.dialer
03-05 20:02:48.368   384   426 D AudioFlinger: mixer(0x734eb07e3040) throttle end: throttle time(15)
03-05 20:02:48.379  1251  1251 I Ylw_Dialer: true:onDraw: useLargeIcons=false:showHd=false:showVideo=false:false:false:false
03-05 20:02:48.379  1251  1251 I Ylw_Dialer: getCallTypeDrawable: 1 : false
03-05 20:02:48.397   461  1340 D AppOps  : noteOperation: allowing code 52 uid 10066 package com.android.providers.userdictionary
03-05 20:02:48.397   461  1340 D AppOps  : noteOperation: allowing code 52 uid 10104 package com.android.dialer
03-05 20:02:48.397   461  1340 D AppOps  : noteOperation: allowing code 52 uid 10066 package com.android.providers.userdictionary
03-05 20:02:48.397   461  1340 D AppOps  : noteOperation: allowing code 52 uid 10104 package com.android.dialer
03-05 20:02:48.405   461  1201 D AppOps  : noteOperation: allowing code 52 uid 10066 package com.android.providers.userdictionary
03-05 20:02:48.405   461  1201 D AppOps  : noteOperation: allowing code 52 uid 10104 package com.android.dialer
03-05 20:02:48.409   461  1201 D AppOps  : noteOperation: allowing code 52 uid 10066 package com.android.providers.userdictionary
03-05 20:02:48.409   461  1201 D AppOps  : noteOperation: allowing code 52 uid 10104 package com.android.dialer
03-05 20:02:48.416   461   803 D AppOps  : noteOperation: allowing code 6 uid 10066 package com.android.providers.userdictionary
03-05 20:02:48.416   461   803 D AppOps  : noteOperation: allowing code 6 uid 10104 package com.android.dialer
03-05 20:02:48.416   461   803 D AppOps  : noteOperation: allowing code 6 uid 10066 package com.android.providers.userdictionary
03-05 20:02:48.417   461   803 D AppOps  : noteOperation: allowing code 6 uid 10104 package com.android.dialer
03-05 20:02:48.423   461  1201 D AppOps  : noteOperation: allowing code 52 uid 10066 package com.android.providers.userdictionary
03-05 20:02:48.423   461  1201 D AppOps  : noteOperation: allowing code 52 uid 10104 package com.android.dialer
03-05 20:02:48.423   461  1201 D AppOps  : noteOperation: allowing code 52 uid 10066 package com.android.providers.userdictionary
03-05 20:02:48.423   461  1201 D AppOps  : noteOperation: allowing code 52 uid 10104 package com.android.dialer
03-05 20:02:48.428   461  1964 D ContentService: Notifying update of [content://call_log/calls] for user 0, observer null, flags 0
03-05 20:02:48.429   461  1964 D ContentService: Collecting non-leaf observers @ #0 / call_log
03-05 20:02:48.429   461  1964 D ContentService: Collecting non-leaf observers @ #1 / calls
03-05 20:02:48.429   461  1964 D ContentService: Reporting to android.database.ContentObserver$Transport@bb5ed8f: leaf=false flags=0 desc=true
03-05 20:02:48.429   461  1964 D ContentService: Reporting to android.database.IContentObserver$Stub$Proxy@2c8393a: leaf=false flags=0 desc=true
03-05 20:02:48.429   461  1964 D ContentService: Reporting to android.database.IContentObserver$Stub$Proxy@d8c39eb: leaf=false flags=0 desc=true
03-05 20:02:48.450   461   803 D AppOps  : noteOperation: allowing code 6 uid 10066 package com.android.providers.userdictionary
03-05 20:02:48.450   461   803 D AppOps  : noteOperation: allowing code 6 uid 10104 package com.android.dialer
03-05 20:02:48.450   461   803 D AppOps  : noteOperation: allowing code 6 uid 10066 package com.android.providers.userdictionary
03-05 20:02:48.450   461   803 D AppOps  : noteOperation: allowing code 6 uid 10104 package com.android.dialer
03-05 20:02:48.458   461  1340 D AppOps  : noteOperation: allowing code 6 uid 10066 package com.android.providers.userdictionary
03-05 20:02:48.458   461  1340 D AppOps  : noteOperation: allowing code 6 uid 10104 package com.android.dialer
03-05 20:02:48.459   461  1340 D AppOps  : noteOperation: allowing code 6 uid 10066 package com.android.providers.userdictionary
03-05 20:02:48.459   461  1340 D AppOps  : noteOperation: allowing code 6 uid 10104 package com.android.dialer
03-05 20:02:48.463   461  1340 D AppOps  : noteOperation: allowing code 52 uid 10066 package com.android.providers.userdictionary
03-05 20:02:48.463   461  1340 D AppOps  : noteOperation: allowing code 52 uid 10104 package com.android.dialer
03-05 20:02:48.463   461  1340 D AppOps  : noteOperation: allowing code 52 uid 10066 package com.android.providers.userdictionary
03-05 20:02:48.463   461  1340 D AppOps  : noteOperation: allowing code 52 uid 10104 package com.android.dialer
03-05 20:02:48.473   365  1998 V MediaPlayerService: [9] notify (2, 0, 0)
03-05 20:02:48.473   365  2001 V AudioSink: pause
03-05 20:02:48.474   365  1998 V MediaPlayerService: [9] notify (211, 0, 0)
03-05 20:02:48.480   384   418 W APM::AudioPolicyEngine: getDevicesForStrategy() unknown strategy: -1
03-05 20:02:48.481   461   461 I Telecom : : playMediaTone: toneResourceId=2131689472 completed.
03-05 20:02:48.483   461   461 V MediaPlayer: resetDrmState:  mDrmInfo=null mDrmProvisioningThread=null mPrepareDrmInProgress=false mActiveDrmScheme=false
03-05 20:02:48.483   461   461 V MediaPlayer: cleanDrmObj: mDrmObj=null mDrmSessionId=null
03-05 20:02:48.483   365  1764 V MediaPlayerService: disconnect(9) from pid 461
03-05 20:02:48.483   365  1764 D NuPlayerDriver: reset(0xee8c1cc0) at state 6
03-05 20:02:48.484   365  2001 V AudioSink: pause
03-05 20:02:48.484   365  2001 V AudioSink: flush
03-05 20:02:48.484   365  2001 V AudioSink: stop
03-05 20:02:48.491   365  1998 D NuPlayerDriver: notifyResetComplete(0xee8c1cc0)
03-05 20:02:48.491   365  1764 W AMessage: failed to post message as target looper for handler 0 is gone.
03-05 20:02:48.493   365  1764 V MediaPlayerService: Client(9) destructor pid = 461
03-05 20:02:48.494   365  1764 V AudioSink: close
03-05 20:02:48.496   461   461 W MediaPlayer: mediaplayer went away with unhandled events
03-05 20:02:48.497   461   461 I Telecom : BluetoothPhoneService: updateHeadsetWithCallState numActive 0, numHeld 0, callState 6, ringing number ***, ringing type 128, ringing name null: CSW.sDc->ICTP.r->ICTP.cUTP(cap)@A6U
03-05 20:02:48.497   461   952 I Telecom : CallAudioModeStateMachine: Message received: TONE_STOPPED_PLAYING.: CSW.sDc->ICTP.r->ICTP.cUTP->CAMSM.pM_3002(cap)@A6U
03-05 20:02:48.497   461   947 I Telecom : CallAudioRouteStateMachine: Message received: SWITCH_FOCUS=4001, arg1=1: CSW.sDc->ICTP.r->ICTP.cUTP->CAMSM.pM_3002->CARSM.pM_SWITCH_FOCUS(cap)@A6U
03-05 20:02:48.498   461   947 I Telecom : ActiveSpeakerRoute: Processing message SWITCH_FOCUS: CSW.sDc->ICTP.r->ICTP.cUTP->CAMSM.pM_3002->CARSM.pM_SWITCH_FOCUS(cap)@A6U
03-05 20:02:48.498   461   947 I Telecom : CallAudioRouteStateMachine: Ignoring speakerphone request -- already true: CSW.sDc->ICTP.r->ICTP.cUTP->CAMSM.pM_3002->CARSM.pM_SWITCH_FOCUS(cap)@A6U
03-05 20:02:48.498   461   947 I Telecom : Logging.Events: Non-call EVENT: UNMUTE, null: CSW.sDc->ICTP.r->ICTP.cUTP->CAMSM.pM_3002->CARSM.pM_SWITCH_FOCUS(cap)@A6U
03-05 20:02:48.498   461   947 I Telecom : Logging.Events: Non-call EVENT: AUDIO_ROUTE, Leaving state ActiveSpeakerRoute: CSW.sDc->ICTP.r->ICTP.cUTP->CAMSM.pM_3002->CARSM.pM_SWITCH_FOCUS(cap)@A6U
03-05 20:02:48.498   461   947 I Telecom : Logging.Events: Non-call EVENT: AUDIO_ROUTE, Entering state QuiescentSpeakerRoute: CSW.sDc->ICTP.r->ICTP.cUTP->CAMSM.pM_3002->CARSM.pM_SWITCH_FOCUS(cap)@A6U
03-05 20:02:48.499   384   520 W APM::AudioPolicyEngine: getDevicesForStrategy() unknown strategy: -1
03-05 20:02:48.499   384   520 I chatty  : uid=1041(audioserver) Binder:384_3 identical 2 lines
03-05 20:02:48.500   384   520 W APM::AudioPolicyEngine: getDevicesForStrategy() unknown strategy: -1
03-05 20:02:48.501   365  1764 V MediaPlayerService: disconnect(9) from pid 461
03-05 20:02:48.502   461   803 D PowerManagerService: updateWakeLockWorkSourceInternal: lock=168723066 [AudioMix], ws=null
03-05 20:02:48.503   461   803 D AppOps  : startOperation: allowing code 40 uid 1041 package audioserver
03-05 20:02:48.503   461   803 I system_server: oneway function results will be dropped but finished with status OK and parcel size 4
03-05 20:02:48.506   461   486 D AppOps  : noteOperation: allowing code 6 uid 10066 package com.android.providers.userdictionary
03-05 20:02:48.506   461   486 D AppOps  : noteOperation: allowing code 6 uid 1000 package android
03-05 20:02:48.507   461   486 D AppOps  : noteOperation: allowing code 6 uid 10066 package com.android.providers.userdictionary
03-05 20:02:48.507   461   486 D AppOps  : noteOperation: allowing code 6 uid 1000 package android
03-05 20:02:48.531   384   520 W APM::AudioPolicyEngine: getDevicesForStrategy() unknown strategy: -1
03-05 20:02:48.549   461   952 I Telecom : CallAudioModeStateMachine: Message received: AUDIO_OPERATIONS_COMPLETE.: CSW.sDc->ICTP.r->ICTP.cUTP->CAMSM.pM_3002->CARSM.pM_SWITCH_FOCUS->CAMSM.pM_6001(cap)@A6U
03-05 20:02:48.549   461   952 I Telecom : CallAudioModeStateMachine: Abandoning audio focus: now UNFOCUSED: CSW.sDc->ICTP.r->ICTP.cUTP->CAMSM.pM_3002->CARSM.pM_SWITCH_FOCUS->CAMSM.pM_6001(cap)@A6U
03-05 20:02:48.532   384   520 W APM::AudioPolicyEngine: getDevicesForStrategy() unknown strategy: -1
03-05 20:02:48.550   461   952 I MediaFocusControl: abandonAudioFocus() from uid/pid 1000/461 clientId=AudioFocus_For_Phone_Ring_And_Calls
03-05 20:02:48.552   461  1964 D AppOps  : noteOperation: allowing code 7 uid 10066 package com.android.providers.userdictionary
03-05 20:02:48.552   461  1964 D AppOps  : noteOperation: allowing code 7 uid 1000 package com.android.server.telecom
03-05 20:02:48.552   461  1964 D AppOps  : noteOperation: allowing code 7 uid 10066 package com.android.providers.userdictionary
03-05 20:02:48.552   461  1964 D AppOps  : noteOperation: allowing code 7 uid 1000 package com.android.server.telecom
03-05 20:02:48.703  1251  1251 I Dialer  : ContactsFragment.onLoadFinished - enter
03-05 20:02:48.728  1251  1251 I Ylw_Dialer: getCallTypeDrawable: 2 : false
03-05 20:02:48.729  1251  1251 I Ylw_Dialer: getCallTypeDrawable: 1 : false
03-05 20:02:48.729  1251  1251 I Ylw_Dialer_setShowHd: false:setShowHd: false
03-05 20:02:48.738  1251  1251 I Ylw_Dialer: true:onDraw: useLargeIcons=false:showHd=false:showVideo=false:false:false:false
03-05 20:02:48.738  1251  1251 I Ylw_Dialer: getCallTypeDrawable: 2 : false
03-05 20:02:48.738  1251  1251 I Ylw_Dialer: getCallTypeDrawable: 1 : false
03-05 20:02:48.791   461  1201 D AppOps  : noteOperation: allowing code 4 uid 10066 package com.android.providers.userdictionary
03-05 20:02:48.791   461  1201 D AppOps  : noteOperation: allowing code 4 uid 10104 package com.android.dialer
03-05 20:02:48.791   461   803 D AppOps  : noteOperation: allowing code 4 uid 10066 package com.android.providers.userdictionary
03-05 20:02:48.791   461   803 D AppOps  : noteOperation: allowing code 4 uid 10104 package com.android.dialer
03-05 20:02:48.815   621   634 I ndroid.systemu: NativeAlloc concurrent copying GC freed 21974(1131KB) AllocSpace objects, 3(60KB) LOS objects, 49% free, 8404KB/16MB, paused 38us total 933.764ms
03-05 20:02:48.834  1251  1251 I Ylw_Dialer: getCallTypeDrawable: 2 : false
03-05 20:02:48.834  1251  1251 I Ylw_Dialer_setShowHd: false:setShowHd: false
03-05 20:02:48.840  1251  1251 I Ylw_Dialer: true:onDraw: useLargeIcons=false:showHd=false:showVideo=false:false:false:false
03-05 20:02:48.841  1251  1251 I Ylw_Dialer: getCallTypeDrawable: 2 : false
03-05 20:02:48.863  1251  1251 I Ylw_Dialer: getCallTypeDrawable: 1 : false
03-05 20:02:48.864  1251  1251 I chatty  : uid=10104(com.android.dialer) identical 1 line
03-05 20:02:48.864  1251  1251 I Ylw_Dialer: getCallTypeDrawable: 1 : false
03-05 20:02:48.864  1251  1251 I Ylw_Dialer_setShowHd: false:setShowHd: false
03-05 20:02:48.874  1251  1251 I Ylw_Dialer: true:onDraw: useLargeIcons=false:showHd=false:showVideo=false:false:false:false
03-05 20:02:48.874  1251  1251 I Ylw_Dialer: getCallTypeDrawable: 1 : false
03-05 20:02:48.875  1251  1251 I chatty  : uid=10104(com.android.dialer) identical 1 line
03-05 20:02:48.875  1251  1251 I Ylw_Dialer: getCallTypeDrawable: 1 : false
03-05 20:02:48.882  1251  1935 I Dialer  : DialerDatabaseHelper.updateSmartDialDatabase - broadcasting smart dial update
03-05 20:02:48.914  1251  1251 I Ylw_Dialer: getCallTypeDrawable: 2 : false
03-05 20:02:48.914  1251  1251 I Ylw_Dialer_setShowHd: false:setShowHd: false
03-05 20:02:48.919   461   475 D AppOps  : noteOperation: allowing code 4 uid 10066 package com.android.providers.userdictionary
03-05 20:02:48.920   461   475 D AppOps  : noteOperation: allowing code 4 uid 10104 package com.android.dialer
03-05 20:02:48.925  1251  1251 I Ylw_Dialer: true:onDraw: useLargeIcons=false:showHd=false:showVideo=false:false:false:false
03-05 20:02:48.925  1251  1251 I Ylw_Dialer: getCallTypeDrawable: 2 : false
03-05 20:02:48.937  1251  1251 I Ylw_Dialer: getCallTypeDrawable: 2 : false
03-05 20:02:48.938  1251  1251 I Ylw_Dialer: getCallTypeDrawable: 1 : false
03-05 20:02:48.938  1251  1251 I Ylw_Dialer_setShowHd: false:setShowHd: false
03-05 20:02:48.945   461   475 D AppOps  : noteOperation: allowing code 4 uid 10066 package com.android.providers.userdictionary
03-05 20:02:48.945   461   475 D AppOps  : noteOperation: allowing code 4 uid 10104 package com.android.dialer
03-05 20:02:48.949   461   471 I system_server: NativeAlloc concurrent copying GC freed 177555(8401KB) AllocSpace objects, 28(1456KB) LOS objects, 49% free, 10MB/20MB, paused 37us total 379.006ms
03-05 20:02:48.957  1251  1251 I Ylw_Dialer: true:onDraw: useLargeIcons=false:showHd=false:showVideo=false:false:false:false
03-05 20:02:48.957  1251  1251 I Ylw_Dialer: getCallTypeDrawable: 2 : false
03-05 20:02:48.957  1251  1251 I Ylw_Dialer: getCallTypeDrawable: 1 : false
03-05 20:02:48.983   461   473 D StrictMode: StrictMode policy violation: android.os.strictmode.LeakedClosableViolation: A resource was acquired at attached stack trace but never released. See java.io.Closeable for information on avoiding resource leaks. Callsite: InsetsSourceControl
03-05 20:02:48.983   461   473 D StrictMode: 	at android.os.StrictMode$AndroidCloseGuardReporter.report(StrictMode.java:1929)
03-05 20:02:48.983   461   473 D StrictMode: 	at dalvik.system.CloseGuard.warnIfOpen(CloseGuard.java:305)
03-05 20:02:48.983   461   473 D StrictMode: 	at android.view.SurfaceControl.finalize(SurfaceControl.java:1104)
03-05 20:02:48.983   461   473 D StrictMode: 	at java.lang.Daemons$FinalizerDaemon.doFinalize(Daemons.java:291)
03-05 20:02:48.983   461   473 D StrictMode: 	at java.lang.Daemons$FinalizerDaemon.runInternal(Daemons.java:278)
03-05 20:02:48.983   461   473 D StrictMode: 	at java.lang.Daemons$Daemon.run(Daemons.java:139)
03-05 20:02:48.983   461   473 D StrictMode: 	at java.lang.Thread.run(Thread.java:923)
03-05 20:02:48.986  1251  1251 I Ylw_Dialer: getCallTypeDrawable: 2 : false
03-05 20:02:48.986  1251  1251 I Ylw_Dialer_setShowHd: false:setShowHd: false
03-05 20:02:48.999  1251  1251 I Ylw_Dialer: true:onDraw: useLargeIcons=false:showHd=false:showVideo=false:false:false:false
03-05 20:02:48.999  1251  1251 I Ylw_Dialer: getCallTypeDrawable: 2 : false
03-05 20:02:49.030  1251  1251 I Ylw_Dialer: getCallTypeDrawable: 1 : false
03-05 20:02:49.030  1251  1251 I chatty  : uid=10104(com.android.dialer) identical 1 line
03-05 20:02:49.030  1251  1251 I Ylw_Dialer: getCallTypeDrawable: 1 : false
03-05 20:02:49.031  1251  1251 I Ylw_Dialer_setShowHd: false:setShowHd: false
03-05 20:02:49.046  1251  1251 I Ylw_Dialer: true:onDraw: useLargeIcons=false:showHd=false:showVideo=false:false:false:false
03-05 20:02:49.046  1251  1251 I Ylw_Dialer: getCallTypeDrawable: 1 : false
03-05 20:02:49.046  1251  1251 I chatty  : uid=10104(com.android.dialer) identical 1 line
03-05 20:02:49.046  1251  1251 I Ylw_Dialer: getCallTypeDrawable: 1 : false
03-05 20:02:49.064  1251  1251 I Ylw_Dialer: getCallTypeDrawable: 2 : false
03-05 20:02:49.064  1251  1251 I Ylw_Dialer_setShowHd: false:setShowHd: false
03-05 20:02:49.074  1251  1251 I Ylw_Dialer: true:onDraw: useLargeIcons=false:showHd=false:showVideo=false:false:false:false
03-05 20:02:49.074  1251  1251 I Ylw_Dialer: getCallTypeDrawable: 2 : false
03-05 20:02:49.084  1251  1251 I Ylw_Dialer: getCallTypeDrawable: 2 : false
03-05 20:02:49.084  1251  1251 I Ylw_Dialer: getCallTypeDrawable: 1 : false
03-05 20:02:49.084  1251  1251 I Ylw_Dialer_setShowHd: false:setShowHd: false
03-05 20:02:49.093  1251  1251 I Ylw_Dialer: true:onDraw: useLargeIcons=false:showHd=false:showVideo=false:false:false:false
03-05 20:02:49.093  1251  1251 I Ylw_Dialer: getCallTypeDrawable: 2 : false
03-05 20:02:49.093  1251  1251 I Ylw_Dialer: getCallTypeDrawable: 1 : false
03-05 20:02:49.104  1251  1251 I Ylw_Dialer: getCallTypeDrawable: 2 : false
03-05 20:02:49.104  1251  1251 I Ylw_Dialer_setShowHd: false:setShowHd: false
03-05 20:02:49.124  1251  1251 I Ylw_Dialer: true:onDraw: useLargeIcons=false:showHd=false:showVideo=false:false:false:false
03-05 20:02:49.124  1251  1251 I Ylw_Dialer: getCallTypeDrawable: 2 : false
03-05 20:02:49.130  1251  1251 I Ylw_Dialer: getCallTypeDrawable: 1 : false
03-05 20:02:49.130  1251  1251 I chatty  : uid=10104(com.android.dialer) identical 1 line
03-05 20:02:49.130  1251  1251 I Ylw_Dialer: getCallTypeDrawable: 1 : false
03-05 20:02:49.130  1251  1251 I Ylw_Dialer_setShowHd: false:setShowHd: false
03-05 20:02:49.143  1251  1251 I Ylw_Dialer: true:onDraw: useLargeIcons=false:showHd=false:showVideo=false:false:false:false
03-05 20:02:49.143  1251  1251 I Ylw_Dialer: getCallTypeDrawable: 1 : false
03-05 20:02:49.201   461  1201 D AppOps  : noteOperation: allowing code 4 uid 10066 package com.android.providers.userdictionary
03-05 20:02:49.201   461  1201 D AppOps  : noteOperation: allowing code 4 uid 10104 package com.android.dialer
03-05 20:02:49.201   461  1201 D AppOps  : noteOperation: allowing code 4 uid 10066 package com.android.providers.userdictionary
03-05 20:02:49.202   461  1201 D AppOps  : noteOperation: allowing code 4 uid 10104 package com.android.dialer
03-05 20:02:49.208   461  1201 D AppOps  : noteOperation: allowing code 4 uid 10066 package com.android.providers.userdictionary
03-05 20:02:49.208   461  1201 D AppOps  : noteOperation: allowing code 4 uid 10104 package com.android.dialer
03-05 20:02:49.209   461  1201 D AppOps  : noteOperation: allowing code 4 uid 10066 package com.android.providers.userdictionary
03-05 20:02:49.209   461  1201 D AppOps  : noteOperation: allowing code 4 uid 10104 package com.android.dialer
03-05 20:02:49.216   461  1201 D AppOps  : noteOperation: allowing code 4 uid 10066 package com.android.providers.userdictionary
03-05 20:02:49.216   461  1201 D AppOps  : noteOperation: allowing code 4 uid 10104 package com.android.dialer
03-05 20:02:49.217   461  1201 D AppOps  : noteOperation: allowing code 4 uid 10066 package com.android.providers.userdictionary
03-05 20:02:49.217   461  1201 D AppOps  : noteOperation: allowing code 4 uid 10104 package com.android.dialer
03-05 20:02:49.224   461  1201 D AppOps  : noteOperation: allowing code 7 uid 10066 package com.android.providers.userdictionary
03-05 20:02:49.225   461  1201 D AppOps  : noteOperation: allowing code 7 uid 10104 package com.android.dialer
03-05 20:02:49.225   461  1201 D AppOps  : noteOperation: allowing code 7 uid 10066 package com.android.providers.userdictionary
03-05 20:02:49.225   461  1201 D AppOps  : noteOperation: allowing code 7 uid 10104 package com.android.dialer
03-05 20:02:49.231   461  1201 D ContentService: Notifying update of [content://call_log/calls] for user 0, observer null, flags 0
03-05 20:02:49.231   461  1201 D ContentService: Collecting non-leaf observers @ #0 / call_log
03-05 20:02:49.231   461  1201 D ContentService: Collecting non-leaf observers @ #1 / calls
03-05 20:02:49.231   461  1201 D ContentService: Reporting to android.database.ContentObserver$Transport@bb5ed8f: leaf=false flags=0 desc=true
03-05 20:02:49.231   461  1201 D ContentService: Reporting to android.database.IContentObserver$Stub$Proxy@2c8393a: leaf=false flags=0 desc=true
03-05 20:02:49.231   461  1201 D ContentService: Reporting to android.database.IContentObserver$Stub$Proxy@1e877a7: leaf=false flags=0 desc=true
03-05 20:02:49.244   461   803 D AppOps  : noteOperation: allowing code 6 uid 10066 package com.android.providers.userdictionary
03-05 20:02:49.244   461   803 D AppOps  : noteOperation: allowing code 6 uid 10104 package com.android.dialer
03-05 20:02:49.244   461   475 D AppOps  : noteOperation: allowing code 6 uid 10066 package com.android.providers.userdictionary
03-05 20:02:49.244   461   475 D AppOps  : noteOperation: allowing code 6 uid 10104 package com.android.dialer
03-05 20:02:49.250   461   486 D AppOps  : noteOperation: allowing code 6 uid 10066 package com.android.providers.userdictionary
03-05 20:02:49.250   461   486 D AppOps  : noteOperation: allowing code 6 uid 1000 package android
03-05 20:02:49.252   461   803 D AppOps  : noteOperation: allowing code 6 uid 10066 package com.android.providers.userdictionary
03-05 20:02:49.252   461   803 D AppOps  : noteOperation: allowing code 6 uid 10104 package com.android.dialer
03-05 20:02:49.253   461   803 D AppOps  : noteOperation: allowing code 6 uid 10066 package com.android.providers.userdictionary
03-05 20:02:49.253   461   803 D AppOps  : noteOperation: allowing code 6 uid 10104 package com.android.dialer
03-05 20:02:49.259   461   803 D AppOps  : noteOperation: allowing code 52 uid 10066 package com.android.providers.userdictionary
03-05 20:02:49.259   461   803 D AppOps  : noteOperation: allowing code 52 uid 10104 package com.android.dialer
03-05 20:02:49.259   461   803 D AppOps  : noteOperation: allowing code 52 uid 10066 package com.android.providers.userdictionary
03-05 20:02:49.260   461   803 D AppOps  : noteOperation: allowing code 52 uid 10104 package com.android.dialer
03-05 20:02:49.263   461   486 D AppOps  : noteOperation: allowing code 6 uid 10066 package com.android.providers.userdictionary
03-05 20:02:49.263   461   486 D AppOps  : noteOperation: allowing code 6 uid 1000 package android
03-05 20:02:49.288   461   552 I WatchlistLoggingHandler: handleNetworkEvent with host: null, uid: 1073
03-05 20:02:49.143  1251  1251 I chatty  : uid=10104(com.android.dialer) identical 1 line
03-05 20:02:49.143  1251  1251 I Ylw_Dialer: getCallTypeDrawable: 1 : false
03-05 20:02:49.296  1251  1251 I Ylw_Dialer: getCallTypeDrawable: 2 : false
03-05 20:02:49.296  1251  1251 I Ylw_Dialer_setShowHd: false:setShowHd: false
03-05 20:02:49.307  1251  1251 I Ylw_Dialer: true:onDraw: useLargeIcons=false:showHd=false:showVideo=false:false:false:false
03-05 20:02:49.308  1251  1251 I Ylw_Dialer: getCallTypeDrawable: 2 : false
03-05 20:02:49.314  1251  1251 I Ylw_Dialer: getCallTypeDrawable: 2 : false
03-05 20:02:49.314  1251  1251 I Ylw_Dialer: getCallTypeDrawable: 1 : false
03-05 20:02:49.314  1251  1251 I Ylw_Dialer_setShowHd: false:setShowHd: false
03-05 20:02:49.326  1251  1251 I Ylw_Dialer: true:onDraw: useLargeIcons=false:showHd=false:showVideo=false:false:false:false
03-05 20:02:49.326  1251  1251 I Ylw_Dialer: getCallTypeDrawable: 2 : false
03-05 20:02:49.327  1251  1251 I Ylw_Dialer: getCallTypeDrawable: 1 : false
03-05 20:02:49.334  1251  1251 I Ylw_Dialer: getCallTypeDrawable: 2 : false
03-05 20:02:49.334  1251  1251 I Ylw_Dialer_setShowHd: false:setShowHd: false
03-05 20:02:49.343  1251  1251 I Ylw_Dialer: true:onDraw: useLargeIcons=false:showHd=false:showVideo=false:false:false:false
03-05 20:02:49.343  1251  1251 I Ylw_Dialer: getCallTypeDrawable: 2 : false
03-05 20:02:49.352  1251  1251 I Ylw_Dialer: getCallTypeDrawable: 1 : false
03-05 20:02:49.352  1251  1251 I chatty  : uid=10104(com.android.dialer) identical 1 line
03-05 20:02:49.352  1251  1251 I Ylw_Dialer: getCallTypeDrawable: 1 : false
03-05 20:02:49.352  1251  1251 I Ylw_Dialer_setShowHd: false:setShowHd: false
03-05 20:02:49.361  1251  1251 I Ylw_Dialer: true:onDraw: useLargeIcons=false:showHd=false:showVideo=false:false:false:false
03-05 20:02:49.361  1251  1251 I Ylw_Dialer: getCallTypeDrawable: 1 : false
03-05 20:02:49.654   461   461 I Telecom : InCallController: CSICSC: disconnect com.android.server.telecom.InCallController$EmergencyInCallServiceConnection@175d1b5: CSW.rC->CM.mCAR->ICC.oCR(cap)@A7A
03-05 20:02:49.654   461   461 I Telecom : EmergencyInCallServiceConnection: Disconnect forced!: CSW.rC->CM.mCAR->ICC.oCR(cap)@A7A
03-05 20:02:49.655   461   461 I Telecom : InCallController: ICSBC#disconnect: unbinding after 7567 ms;[ComponentInfo{com.android.dialer/com.android.incallui.InCallServiceImpl} supportsExternal? true supportsSelfMg?false]. isCrashed: false: CSW.rC->CM.mCAR->ICC.oCR(cap)@A7A
03-05 20:02:49.361  1251  1251 I chatty  : uid=10104(com.android.dialer) identical 1 line
03-05 20:02:49.361  1251  1251 I Ylw_Dialer: getCallTypeDrawable: 1 : false
03-05 20:02:49.658  1251  1251 I Dialer  : InCallPresenter.setBoundAndWaitingForOutgoingCall - setBoundAndWaitingForOutgoingCall: false
03-05 20:02:49.659  1251  1251 I Dialer  : ReturnToCallController.hide - hide() called without calling show()
03-05 20:02:49.659  1251  1251 I Dialer  : InCallPresenter.onCallListChange - Phone switching state: NO_CALLS -> NO_CALLS
03-05 20:02:49.659  1251  1251 I Dialer  : VideoPauseController.onStateChange - hasPrimaryCallChanged: false, videoCanPause: false, isInBackground: true
03-05 20:02:49.662  1251  1251 I Dialer  : InCallPresenter.attemptCleanup - Cleaning up
03-05 20:02:49.662  1251  1251 I Dialer  : ProximitySensor.turnOffProximitySensor - wake lock already released
03-05 20:02:49.663  1251  1251 I Dialer  : VideoPauseController.tearDown - enter
03-05 20:02:49.663  1251  1251 I Dialer  : ReturnToCallController.hide - hide() called without calling show()
03-05 20:02:49.665   461   461 I Telecom : InCallController: onDisconnected from ComponentInfo{com.android.dialer/com.android.incallui.InCallServiceImpl}: CSW.rC->CM.mCAR->ICC.oCR(cap)@A7A
03-05 20:02:49.666   461   461 I Telecom : InCallController: trackCallingUserInterfaceStopped: com.android.dialer is no longer calling UX: CSW.rC->CM.mCAR->ICC.oCR(cap)@A7A
03-05 20:02:50.349   461   475 D WifiNl80211Manager: Scan result ready event
03-05 20:02:50.349   461   475 D WifiNative: Scan result ready event
03-05 20:02:50.771   461  1201 D PowerManagerService: acquireWakeLockInternal: lock=135726337, flags=0x1, tag="*telephony-radio*", ws=WorkSource{1001 com.android.phone}, uid=1001, pid=850
03-05 20:02:50.771   461  1201 D PowerManagerService: updateWakeLockSummaryLocked: mWakefulness=Awake, mWakeLockSummary=0x1
03-05 20:02:50.772   461  1201 D PowerManagerService: updateUserActivitySummaryLocked: mWakefulness=Awake, mUserActivitySummary=0x1, nextTimeout=2147670666 (in 2147473124 ms)
03-05 20:02:50.772   461  1201 D PowerManagerService: updateDisplayPowerStateLocked: mDisplayReady=true, policy=3, mWakefulness=1, mWakeLockSummary=0x1, mUserActivitySummary=0x1, mBootCompleted=true, screenBrightnessOverride=NaN, useAutoBrightness=false, mScreenBrightnessBoostInProgress=false, mIsVrModeEnabled= false, sQuiescent=false
03-05 20:02:50.790   461   567 D PowerManagerService: acquireWakeLockInternal: lock=202620513, flags=0x1, tag="NetworkStats", ws=null, uid=1000, pid=461
03-05 20:02:50.790   461   567 D PowerManagerService: updateWakeLockSummaryLocked: mWakefulness=Awake, mWakeLockSummary=0x1
03-05 20:02:50.790   461   567 D PowerManagerService: updateUserActivitySummaryLocked: mWakefulness=Awake, mUserActivitySummary=0x1, nextTimeout=2147670666 (in 2147473106 ms)
03-05 20:02:50.790   461   567 D PowerManagerService: updateDisplayPowerStateLocked: mDisplayReady=true, policy=3, mWakefulness=1, mWakeLockSummary=0x1, mUserActivitySummary=0x1, mBootCompleted=true, screenBrightnessOverride=NaN, useAutoBrightness=false, mScreenBrightnessBoostInProgress=false, mIsVrModeEnabled= false, sQuiescent=false
03-05 20:02:50.791   461   567 D AppOps  : startOperation: allowing code 40 uid 1000 package android
03-05 20:02:50.793   461   567 W BestClock: java.time.DateTimeException: Missing NTP fix
03-05 20:02:50.797   461   475 D AppOps  : noteOperation: allowing code 0 uid 10126 package com.android.systemui
03-05 20:02:50.801   461   567 D PowerManagerService: releaseWakeLockInternal: lock=202620513 [NetworkStats], flags=0x0
03-05 20:02:50.800   461   567 W BestClock: java.time.DateTimeException: Missing NTP fix
03-05 20:02:50.802   461   560 W BestClock: java.time.DateTimeException: Missing NTP fix
03-05 20:02:50.803   461   567 D PowerManagerService: updateWakeLockSummaryLocked: mWakefulness=Awake, mWakeLockSummary=0x1
03-05 20:02:50.803   461   567 D PowerManagerService: updateUserActivitySummaryLocked: mWakefulness=Awake, mUserActivitySummary=0x1, nextTimeout=2147670666 (in 2147473093 ms)
03-05 20:02:50.803   461   567 D PowerManagerService: updateDisplayPowerStateLocked: mDisplayReady=true, policy=3, mWakefulness=1, mWakeLockSummary=0x1, mUserActivitySummary=0x1, mBootCompleted=true, screenBrightnessOverride=NaN, useAutoBrightness=false, mScreenBrightnessBoostInProgress=false, mIsVrModeEnabled= false, sQuiescent=false
03-05 20:02:50.815   850  1076 D PhoneInterfaceManager: [PhoneIntfMgr] isDataEnabled: subId=1 phoneId=0
03-05 20:02:50.815   850  1076 D PhoneInterfaceManager: [PhoneIntfMgr] isDataEnabled: subId=1 retVal=true
03-05 20:02:50.818   461   487 D AppOps  : noteOperation: allowing code 51 uid 10126 package com.android.systemui
03-05 20:02:50.819   461   487 D AppOps  : noteOperation: allowing code 51 uid 1001 package com.android.phone
03-05 20:02:50.819   461   487 D AppOps  : noteOperation: allowing code 51 uid 10127 package com.android.cellbroadcastreceiver.module
03-05 20:02:50.823  1046  1046 D CellBroadcastReceiver: onReceive Intent { act=android.intent.action.SERVICE_STATE flg=0x1000010 cmp=com.android.cellbroadcastreceiver.module/com.android.cellbroadcastreceiver.CellBroadcastReceiver (has extras) }
03-05 20:02:50.829   461   560 W BestClock: java.time.DateTimeException: Missing NTP fix
03-05 20:02:50.849   461  1201 D AppOps  : noteOperation: allowing code 0 uid 10126 package com.android.systemui
03-05 20:02:50.854   461   567 W BestClock: java.time.DateTimeException: Missing NTP fix
03-05 20:02:50.858   461   567 D PowerManagerService: acquireWakeLockInternal: lock=202620513, flags=0x1, tag="NetworkStats", ws=null, uid=1000, pid=461
03-05 20:02:50.859   461   567 D PowerManagerService: updateWakeLockSummaryLocked: mWakefulness=Awake, mWakeLockSummary=0x1
03-05 20:02:50.859   461   567 D PowerManagerService: updateUserActivitySummaryLocked: mWakefulness=Awake, mUserActivitySummary=0x1, nextTimeout=2147670666 (in 2147473037 ms)
03-05 20:02:50.859   461   567 D PowerManagerService: updateDisplayPowerStateLocked: mDisplayReady=true, policy=3, mWakefulness=1, mWakeLockSummary=0x1, mUserActivitySummary=0x1, mBootCompleted=true, screenBrightnessOverride=NaN, useAutoBrightness=false, mScreenBrightnessBoostInProgress=false, mIsVrModeEnabled= false, sQuiescent=false
03-05 20:02:50.862   461   567 D AppOps  : startOperation: allowing code 40 uid 1000 package android
03-05 20:02:50.864   461   487 D AppOps  : noteOperation: allowing code 51 uid 10126 package com.android.systemui
03-05 20:02:50.865   461   487 D AppOps  : noteOperation: allowing code 51 uid 1001 package com.android.phone
03-05 20:02:50.866   461   487 D AppOps  : noteOperation: allowing code 51 uid 10127 package com.android.cellbroadcastreceiver.module
03-05 20:02:50.868  1046  1046 D CellBroadcastReceiver: onReceive Intent { act=android.intent.action.SERVICE_STATE flg=0x1000010 cmp=com.android.cellbroadcastreceiver.module/com.android.cellbroadcastreceiver.CellBroadcastReceiver (has extras) }
03-05 20:02:50.875   461   567 W BestClock: java.time.DateTimeException: Missing NTP fix
03-05 20:02:50.884   461   567 W BestClock: java.time.DateTimeException: Missing NTP fix
03-05 20:02:50.884   850  1076 D PhoneInterfaceManager: [PhoneIntfMgr] isDataEnabled: subId=1 phoneId=0
03-05 20:02:50.884   850  1076 D PhoneInterfaceManager: [PhoneIntfMgr] isDataEnabled: subId=1 retVal=true
03-05 20:02:50.885   461   567 D PowerManagerService: releaseWakeLockInternal: lock=202620513 [NetworkStats], flags=0x0
03-05 20:02:50.885   461   567 D PowerManagerService: updateWakeLockSummaryLocked: mWakefulness=Awake, mWakeLockSummary=0x1
03-05 20:02:50.885   461   567 D PowerManagerService: updateUserActivitySummaryLocked: mWakefulness=Awake, mUserActivitySummary=0x1, nextTimeout=2147670666 (in 2147473010 ms)
03-05 20:02:50.885   461   567 D PowerManagerService: updateDisplayPowerStateLocked: mDisplayReady=true, policy=3, mWakefulness=1, mWakeLockSummary=0x1, mUserActivitySummary=0x1, mBootCompleted=true, screenBrightnessOverride=NaN, useAutoBrightness=false, mScreenBrightnessBoostInProgress=false, mIsVrModeEnabled= false, sQuiescent=false
03-05 20:02:50.896   850   850 I Telephony: isRttCurrentlySupported -- regular acct, hasVoiceAvailability: false
03-05 20:02:50.896   850   850 I Telephony:  isRttSupported: false
03-05 20:02:50.896   850   850 I Telephony:  alwaysAllowWhileRoaming: false
03-05 20:02:50.896   850   850 I Telephony:  isRoaming: false
03-05 20:02:50.896   850   850 I Telephony:  isOnWfc: false
03-05 20:02:50.896   850   850 V PhoneGlobals: handleServiceStateChanged
03-05 20:02:50.897   850   850 D NotificationMgr: updateNetworkSelection()...state = 0 new network 
03-05 20:02:50.897   850   850 V PhoneGlobals: subId=1,mDefaultDataSubId=1,ss roaming=false
03-05 20:02:50.897   850   850 V PhoneGlobals: updateDataRoamingStatus
03-05 20:02:50.897   850   850 V PhoneGlobals: dataAllowed=true, reasons=Data allowed, reason: NORMAL
03-05 20:02:50.912   461   567 W BestClock: java.time.DateTimeException: Missing NTP fix
03-05 20:02:50.914   461   567 W BestClock: java.time.DateTimeException: Missing NTP fix
03-05 20:02:50.915   850   850 I Telephony: isRttCurrentlySupported -- regular acct, hasVoiceAvailability: false
03-05 20:02:50.915   850   850 I Telephony:  isRttSupported: false
03-05 20:02:50.915   850   850 I Telephony:  alwaysAllowWhileRoaming: false
03-05 20:02:50.915   850   850 I Telephony:  isRoaming: false
03-05 20:02:50.915   850   850 I Telephony:  isOnWfc: false
03-05 20:02:50.915   850   850 V PhoneGlobals: handleServiceStateChanged
03-05 20:02:50.916   850   850 D NotificationMgr: updateNetworkSelection()...state = 0 new network 
03-05 20:02:50.916   850   850 V PhoneGlobals: subId=1,mDefaultDataSubId=1,ss roaming=false
03-05 20:02:50.916   850   850 V PhoneGlobals: updateDataRoamingStatus
03-05 20:02:50.916   850   850 V PhoneGlobals: dataAllowed=true, reasons=Data allowed, reason: NORMAL
03-05 20:02:50.925   461   560 W BestClock: java.time.DateTimeException: Missing NTP fix
03-05 20:02:50.935   461   567 W BestClock: java.time.DateTimeException: Missing NTP fix
03-05 20:02:50.936   461   560 W BestClock: java.time.DateTimeException: Missing NTP fix
03-05 20:02:51.433   461  1201 D PowerManagerService: releaseWakeLockInternal: lock=168723066 [AudioMix], flags=0x0
03-05 20:02:51.434   461  1201 D PowerManagerService: updateWakeLockSummaryLocked: mWakefulness=Awake, mWakeLockSummary=0x1
03-05 20:02:51.434   461  1201 D PowerManagerService: updateUserActivitySummaryLocked: mWakefulness=Awake, mUserActivitySummary=0x1, nextTimeout=2147670666 (in 2147472462 ms)
03-05 20:02:51.435   461  1201 D PowerManagerService: updateDisplayPowerStateLocked: mDisplayReady=true, policy=3, mWakefulness=1, mWakeLockSummary=0x1, mUserActivitySummary=0x1, mBootCompleted=true, screenBrightnessOverride=NaN, useAutoBrightness=false, mScreenBrightnessBoostInProgress=false, mIsVrModeEnabled= false, sQuiescent=false
03-05 20:02:51.436   461  1201 I system_server: oneway function results will be dropped but finished with status OK and parcel size 4
--------- beginning of radio
03-05 20:02:51.627   850   850 D DCT-C-0 : updateDataActivity: curTxRxSum={txSum=267 rxSum=151} preTxRxSum={txSum=267 rxSum=151}
03-05 20:02:51.627   850   850 D DCT-C-0 : updateDataActivity: sent=0 received=0
03-05 20:02:51.627   850   850 D DCT-C-0 : updateDataActivity: newActivity=NONE
03-05 20:02:51.627   850   850 D SubscriptionController: [getSubId]+ slotIndex=0
03-05 20:02:51.627   850   850 D SubscriptionController: [getSubId]- subIdArr=[I@5d5199b
03-05 20:02:51.628   461   475 D SubscriptionManager: [getActiveSubscriptionInfo]+ subId=1
03-05 20:02:51.629   850   850 D SubscriptionController: [getActiveSubscriptionInfo]+ subId=1 subInfo={id=1 iccId=89014103211118510720 simSlotIndex=0 carrierId=1 displayName=T-Mobile carrierName=T-Mobile nameSource=3 iconTint=-16746133 number=+15555215554 dataRoaming=0 iconBitmap=android.graphics.Bitmap@5bf6bb5 mcc=310 mnc=260 countryIso=us isEmbedded=false nativeAccessRules=null cardString=89014103211118510720 cardId=-1 isOpportunistic=false groupUUID=null isGroupDisabled=false profileClass=-1 ehplmns=null hplmns=null subscriptionType=0 groupOwner=null carrierConfigAccessRules=null areUiccApplicationsEnabled=true}
--------- beginning of events
03-05 20:02:51.638   461   821 I ntp_failure: [time.android.com/216.239.35.8,java.net.SocketTimeoutException: Poll timed out]
03-05 20:02:51.638   461   821 D SntpClient: request time failed: java.net.SocketTimeoutException: Poll timed out
03-05 20:02:51.638   461   821 D PowerManagerService: releaseWakeLockInternal: lock=31172164 [NetworkTimeUpdateService], flags=0x0
03-05 20:02:51.638   461   821 D PowerManagerService: updateWakeLockSummaryLocked: mWakefulness=Awake, mWakeLockSummary=0x1
03-05 20:02:51.638   461   821 D PowerManagerService: updateUserActivitySummaryLocked: mWakefulness=Awake, mUserActivitySummary=0x1, nextTimeout=2147670666 (in 2147472257 ms)
03-05 20:02:51.638   461   821 D PowerManagerService: updateDisplayPowerStateLocked: mDisplayReady=true, policy=3, mWakefulness=1, mWakeLockSummary=0x1, mUserActivitySummary=0x1, mBootCompleted=true, screenBrightnessOverride=NaN, useAutoBrightness=false, mScreenBrightnessBoostInProgress=false, mIsVrModeEnabled= false, sQuiescent=false
03-05 20:02:51.798   461  1964 I commit_sys_config_file: [appops,7]
03-05 20:02:51.850   461   559 D PowerManagerService: acquireWakeLockInternal: lock=202620513, flags=0x1, tag="NetworkStats", ws=null, uid=1000, pid=461
03-05 20:02:51.850   461   559 D PowerManagerService: updateWakeLockSummaryLocked: mWakefulness=Awake, mWakeLockSummary=0x1
03-05 20:02:51.850   461   559 D PowerManagerService: updateUserActivitySummaryLocked: mWakefulness=Awake, mUserActivitySummary=0x1, nextTimeout=2147670666 (in 2147472045 ms)
03-05 20:02:51.850   461   559 D PowerManagerService: updateDisplayPowerStateLocked: mDisplayReady=true, policy=3, mWakefulness=1, mWakeLockSummary=0x1, mUserActivitySummary=0x1, mBootCompleted=true, screenBrightnessOverride=NaN, useAutoBrightness=false, mScreenBrightnessBoostInProgress=false, mIsVrModeEnabled= false, sQuiescent=false
03-05 20:02:51.852   461   559 D AppOps  : startOperation: allowing code 40 uid 1000 package android
03-05 20:02:51.855   461   559 W BestClock: java.time.DateTimeException: Missing NTP fix
03-05 20:02:51.870   461   559 I netstats_mobile_sample: [9127,84,18123,159,9127,84,18123,159,9476,60,14349,153,1646481771870]
03-05 20:02:51.870   461   559 I netstats_wifi_sample: [0,0,0,0,0,0,0,0,0,0,0,0,1646481771870]
03-05 20:02:51.871   461   559 D PowerManagerService: releaseWakeLockInternal: lock=202620513 [NetworkStats], flags=0x0
03-05 20:02:51.872   461   559 D PowerManagerService: updateWakeLockSummaryLocked: mWakefulness=Awake, mWakeLockSummary=0x1
03-05 20:02:51.872   461   559 D PowerManagerService: updateUserActivitySummaryLocked: mWakefulness=Awake, mUserActivitySummary=0x1, nextTimeout=2147670666 (in 2147472024 ms)
03-05 20:02:51.872   461   559 D PowerManagerService: updateDisplayPowerStateLocked: mDisplayReady=true, policy=3, mWakefulness=1, mWakeLockSummary=0x1, mUserActivitySummary=0x1, mBootCompleted=true, screenBrightnessOverride=NaN, useAutoBrightness=false, mScreenBrightnessBoostInProgress=false, mIsVrModeEnabled= false, sQuiescent=false
03-05 20:02:51.870   461   559 W BestClock: java.time.DateTimeException: Missing NTP fix
03-05 20:02:51.874   461   560 W BestClock: java.time.DateTimeException: Missing NTP fix
03-05 20:02:51.886   461   567 W BestClock: java.time.DateTimeException: Missing NTP fix
03-05 20:02:51.886   461   560 W BestClock: java.time.DateTimeException: Missing NTP fix
03-05 20:02:51.887   850  1529 D SubscriptionController: [getPhoneId] subId=1
03-05 20:02:51.887   850  1529 D SubscriptionController: [getPhoneId]- found subId=1 phoneId=0
