03-05 20:02:04.315   850   850 D SubscriptionController: [getDefaultDataSubId] subId=1
03-05 20:02:04.315   850   850 D SubscriptionController: [getSubId]+ slotIndex=0
03-05 20:02:04.315   850   850 D SubscriptionController: [getSubId]- subIdArr=[I@1385fcd
03-05 20:02:04.315   850   850 D SubscriptionController: [getPhoneId] subId=1
03-05 20:02:04.315   850   850 D SubscriptionController: [getPhoneId]- found subId=1 phoneId=0
03-05 20:02:04.315   850   850 D PhoneFactory: getPhone:- phoneId != DEFAULT_PHONE_ID return sPhones[phoneId] phoneId=0 phone=Handler (com.android.internal.telephony.GsmCdmaPhone) {84d053}
03-05 20:02:04.330   850   850 D SubscriptionController: [getSubId]+ slotIndex=0
03-05 20:02:04.330   850   850 D SubscriptionController: [getSubId]- subIdArr=[I@7bf7082
03-05 20:02:04.349   850   850 D SubscriptionController: [getActiveSubscriptionInfo]+ subId=1 subInfo={id=1 iccId=89014103211118510720 simSlotIndex=0 carrierId=1 displayName=T-Mobile carrierName=T-Mobile nameSource=3 iconTint=-16746133 number=+15555215554 dataRoaming=0 iconBitmap=android.graphics.Bitmap@5bf6bb5 mcc=310 mnc=260 countryIso=us isEmbedded=false nativeAccessRules=null cardString=89014103211118510720 cardId=-1 isOpportunistic=false groupUUID=null isGroupDisabled=false profileClass=-1 ehplmns=null hplmns=null subscriptionType=0 groupOwner=null carrierConfigAccessRules=null areUiccApplicationsEnabled=true}
03-05 20:02:04.357   850   850 D SubscriptionController: [getSubId]+ slotIndex=0
03-05 20:02:04.357   850   850 D SubscriptionController: [getSubId]- subIdArr=[I@756b393
03-05 20:02:04.357   850   850 D SubscriptionController: [getSubId]+ slotIndex=0
03-05 20:02:04.358   850   850 D SubscriptionController: [getSubId]- subIdArr=[I@1536fd0
03-05 20:02:04.369   850   850 V Telephony: MSG_PRECISE_CALL_STATE_CHANGED
03-05 20:02:04.369   850   850 V Telephony: GsmConnection: Update state from INCOMING to ACTIVE for TC@1_1
03-05 20:02:04.370   850   850 V Telephony: onStateChanged, state: ACTIVE
03-05 20:02:04.378   461   807 I Telecom : InCallController: Sending updateCall [Call id=TC@1, state=ANSWERED, tpac=ComponentInfo{com.android.phone/com.android.services.telephony.TelephonyConnectionService}, ***, UserHandle{0}, cmgr=ComponentInfo{com.android.phone/com.android.services.telephony.TelephonyConnectionService}, ***, UserHandle{0}, handle=tel:********12, vidst=A, childs(0), has_parent(false), cap=[ sup_hld mut !v2a spd_aud], prop=[]]: CSW.sSH(cap)@AH0
03-05 20:02:04.379   850   868 D SubscriptionController: [getDefaultVoiceSubId] subId=1
03-05 20:02:04.379   850   868 D SubscriptionController: [getDefaultSubId] isVoiceCapable subId=1
03-05 20:02:04.379   850   868 D SubscriptionController: [isActiveSubId]- true
03-05 20:02:04.379   850   868 V SubscriptionController: [getDefaultSubId]- value = 1
03-05 20:02:04.379   850   868 D SubscriptionController: [getSubId]+ slotIndex=0
03-05 20:02:04.379   850   868 D SubscriptionController: [getSubId]- subIdArr=[I@7782bc9
03-05 20:02:04.380   461   807 I Telecom : InCallController: Components updated: [ComponentInfo{com.android.dialer/com.android.incallui.InCallServiceImpl}]: CSW.sSH(cap)@AH0
03-05 20:02:04.381   850   850 V Telephony: onStateChange triggered in Conf Controller : connection = [TelephonyConnection objId:32198916 telecomCallID:TC@1_1 type:gsm state:ACTIVE capabilities:[Capabilities: CAPABILITY_SUPPORT_HOLD CAPABILITY_MUTE CAPABILITY_CANNOT_DOWNGRADE_VIDEO_TO_AUDIO CAPABILITY_SPEED_UP_MT_AUDIO] properties:[Properties:] address:[rWg7mA4P8gWccIHTj_uBeLXPPDY] originalConnection: callId: TC@1_1 isExternal: N incoming: true state: ACTIVE post dial state: NOT_STARTED partOfConf:N confSupported:Y isAdhocConf:N] state = 4
03-05 20:02:04.381   850   850 D Telephony: TelephonyConferenceController: Recalculate conference calls null [].
03-05 20:02:04.381   850   850 D Telephony: Is there a match for all connections in connection service true
03-05 20:02:04.381   850   850 D Telephony: not enough connections to be a conference!
03-05 20:02:04.381   850   850 V Telephony: TelephonyConferenceController: recalculateConferenceable : 1
03-05 20:02:04.381   850   850 D Telephony: TelephonyConferenceController: recalc - 4 [TelephonyConnection objId:32198916 telecomCallID:TC@1_1 type:gsm state:ACTIVE capabilities:[Capabilities: CAPABILITY_SUPPORT_HOLD CAPABILITY_MUTE CAPABILITY_CANNOT_DOWNGRADE_VIDEO_TO_AUDIO CAPABILITY_SPEED_UP_MT_AUDIO] properties:[Properties:] address:[rWg7mA4P8gWccIHTj_uBeLXPPDY] originalConnection: callId: TC@1_1 isExternal: N incoming: true state: ACTIVE post dial state: NOT_STARTED partOfConf:N confSupported:Y isAdhocConf:N] supportsConf? true
03-05 20:02:04.381   850   850 V Telephony: conferenceable: 1
03-05 20:02:04.382   461   807 I Telecom : CallsManager: setCallState ANSWERED -> ACTIVE, call: [Call id=TC@1, state=ANSWERED, tpac=ComponentInfo{com.android.phone/com.android.services.telephony.TelephonyConnectionService}, ***, UserHandle{0}, cmgr=ComponentInfo{com.android.phone/com.android.services.telephony.TelephonyConnectionService}, ***, UserHandle{0}, handle=tel:********12, vidst=A, childs(0), has_parent(false), cap=[ sup_hld mut !v2a spd_aud], prop=[]]: CSW.sA(cap)@AH4
03-05 20:02:04.382   461   807 I Telecom : Event: RecordEntry TC@1: SET_ACTIVE, active set explicitly: CSW.sA(cap)@AH4
03-05 20:02:04.383   461   807 D AppOps  : startOperation: allowing code 100 uid 1000 package com.android.server.telecom
03-05 20:02:04.383   461   807 I Telecom : InCallController: Sending updateCall [Call id=TC@1, state=ACTIVE, tpac=ComponentInfo{com.android.phone/com.android.services.telephony.TelephonyConnectionService}, ***, UserHandle{0}, cmgr=ComponentInfo{com.android.phone/com.android.services.telephony.TelephonyConnectionService}, ***, UserHandle{0}, handle=tel:********12, vidst=A, childs(0), has_parent(false), cap=[ sup_hld mut !v2a spd_aud], prop=[]]: CSW.sA(cap)@AH4
03-05 20:02:04.385  1251  1251 I Dialer  : AnswerScreenPresenter.constructor
03-05 20:02:04.386  1251  1251 I Dialer  : AnswerProximitySensor.shouldUse - display is already on
03-05 20:02:04.387  1251  1251 I Dialer  : AnswerFragment.onCreateView - STATUS_BAR permission granted, disabling nav bar
03-05 20:02:04.398   850   868 D SubscriptionController: [getDefaultVoiceSubId] subId=1
03-05 20:02:04.398   850   868 D SubscriptionController: [getDefaultSubId] isVoiceCapable subId=1
03-05 20:02:04.398   850   868 D SubscriptionController: [isActiveSubId]- true
03-05 20:02:04.398   850   868 V SubscriptionController: [getDefaultSubId]- value = 1
03-05 20:02:04.400  1251  1251 I Dialer  : CallCardPresenter.constructor
03-05 20:02:04.402   850   868 D SubscriptionController: [getSubId]+ slotIndex=0
03-05 20:02:04.402   850   868 D SubscriptionController: [getSubId]- subIdArr=[I@1f812ce
03-05 20:02:04.404  1251  1251 I Dialer  : CallCardPresenter.getLocationFragment - shouldn't show location
03-05 20:02:04.405  1251  1251 I Dialer  : AnswerFragment.setPrimary - PrimaryInfo, number: (***) ***-****, name: Redacted-14-chars, location: Redacted-10-chars, label: null, photo: null, photoType: 0, isPhotoVisible: true, MultimediaData: null
03-05 20:02:04.417  1251  1251 I Dialer  : AnswerFragment.updateDataFragment - enter
03-05 20:02:04.417  1251  1251 I Dialer  : AnswerFragment.updateDataFragment - Replacing avatar fragment
03-05 20:02:04.417  1251  1251 I Dialer  : CallCardPresenter.updatePrimaryDisplayInfo - UI not ready, not showing location
03-05 20:02:04.418   850   868 D SubscriptionController: [getDefaultVoiceSubId] subId=1
03-05 20:02:04.418   850   868 D SubscriptionController: [getDefaultSubId] isVoiceCapable subId=1
03-05 20:02:04.418   850   868 D SubscriptionController: [isActiveSubId]- true
03-05 20:02:04.418   850   868 V SubscriptionController: [getDefaultSubId]- value = 1
03-05 20:02:04.419   850   868 D SubscriptionController: [getSubId]+ slotIndex=0
03-05 20:02:04.419   850   868 D SubscriptionController: [getSubId]- subIdArr=[I@5aef5ef
03-05 20:02:04.419   850   868 D SubscriptionController: [getSubId]+ slotIndex=0
03-05 20:02:04.419   850   868 D SubscriptionController: [getSubId]- subIdArr=[I@47b8fc
03-05 20:02:04.419   850   868 D PhoneFactory: getPhone:- phoneId != DEFAULT_PHONE_ID return sPhones[phoneId] phoneId=0 phone=Handler (com.android.internal.telephony.GsmCdmaPhone) {84d053}
03-05 20:02:04.421   461   807 I Telecom : InCallController: Components updated: [ComponentInfo{com.android.dialer/com.android.incallui.InCallServiceImpl}]: CSW.sA(cap)@AH4
03-05 20:02:04.421   461   807 I Telecom : IncomingCallNotifier: updateIncomingCall: foundIncomingcall = null: CSW.sA(cap)@AH4
03-05 20:02:04.421   461   807 D AppOps  : noteOperation: allowing code 6 uid 1000 package android
03-05 20:02:04.421   461   807 D AppOps  : noteOperation: allowing code 6 uid 1000 package android.LocationService
03-05 20:02:04.421  1251  1251 I Dialer  : CallCardPresenter.getLocationFragment - shouldn't show location
03-05 20:02:04.434  1251  1251 I Dialer  : AnswerFragment.setPrimary - PrimaryInfo, number: (***) ***-****, name: Redacted-14-chars, location: null, label: null, photo: null, photoType: 0, isPhotoVisible: true, MultimediaData: null
03-05 20:02:04.435  1251  1251 I Dialer  : AnswerFragment.updateDataFragment - enter
03-05 20:02:04.435  1251  1251 I Dialer  : CallCardPresenter.updatePrimaryDisplayInfo - UI not ready, not showing location
03-05 20:02:04.435  1251  1251 I Dialer  : CallCardPresenter.getLocationFragment - shouldn't show location
03-05 20:02:04.435  1251  1251 I Dialer  : AnswerFragment.setPrimary - PrimaryInfo, number: (***) ***-****, name: Redacted-14-chars, location: Redacted-10-chars, label: null, photo: null, photoType: 0, isPhotoVisible: true, MultimediaData: null
03-05 20:02:04.436   850   850 D Telephony: buildConnectionCapabilities: isHoldable = true State = 4 capabilities = 262144
03-05 20:02:04.437  1251  1251 I Dialer  : AnswerFragment.updateDataFragment - enter
03-05 20:02:04.437  1251  1251 I Dialer  : CallCardPresenter.updatePrimaryDisplayInfo - UI not ready, not showing location
03-05 20:02:04.448   461   807 D AppOps  : noteOperation: allowing code 6 uid 10126 package com.android.systemui
03-05 20:02:04.449   850   850 D Telephony: buildConnectionCapabilities: isHoldable = true State = 4 capabilities = 262144
03-05 20:02:04.449   850   850 D SubscriptionController: [getSubId]+ slotIndex=0
03-05 20:02:04.449   850   850 D SubscriptionController: [getSubId]- subIdArr=[I@7cebb85
03-05 20:02:04.450   461   807 D AppOps  : noteOperation: allowing code 6 uid 10104 package com.android.dialer
03-05 20:02:04.452   461   487 D AppOps  : noteOperation: allowing code 51 uid 1000 package android
03-05 20:02:04.453   461   487 D AppOps  : noteOperation: allowing code 51 uid 10126 package com.android.systemui
03-05 20:02:04.453   461   487 D AppOps  : noteOperation: allowing code 51 uid 10126 package com.android.systemui
03-05 20:02:04.454   461   487 D AppOps  : noteOperation: allowing code 51 uid 1000 package android
03-05 20:02:04.454   461   487 D AppOps  : noteOperation: allowing code 6 uid 1000 package android
03-05 20:02:04.454   461   487 D AppOps  : noteOperation: allowing code 51 uid 10126 package com.android.systemui
03-05 20:02:04.454   461   487 D AppOps  : noteOperation: allowing code 6 uid 10126 package com.android.systemui
03-05 20:02:04.455   461   487 D AppOps  : noteOperation: allowing code 51 uid 10126 package com.android.systemui
03-05 20:02:04.459   461   487 D AppOps  : noteOperation: allowing code 6 uid 10126 package com.android.systemui
03-05 20:02:04.468   461   807 I Telecom : PhoneStateBroadcaster: Broadcasted state change: 2: CSW.sA(cap)@AH4
03-05 20:02:04.469   461   486 D UsageStatsService: User[0] Got usage event for com.android.dialer[150871]: ACTIVITY_RESUMED
03-05 20:02:04.471   461   952 I Telecom : CallAudioModeStateMachine: Message received: NO_MORE_RINGING_CALLS.: CSW.sA->CAMSM.pM_1002(cap)@AH4
03-05 20:02:04.471   461   952 I Telecom : CallAudioModeStateMachine: Message received: NEW_ACTIVE_OR_DIALING_CALL.: CSW.sA->CAMSM.pM_2001(cap)@AH4
03-05 20:02:04.471   461   807 D PowerManagerService: releaseWakeLockInternal: lock=34055954 [InCallWakeLockController], flags=0x0
03-05 20:02:04.471   461   807 D PowerManagerService: updateWakeLockSummaryLocked: mWakefulness=Awake, mWakeLockSummary=0x1
03-05 20:02:04.481   461   807 D PowerManagerService: updateUserActivitySummaryLocked: mWakefulness=Awake, mUserActivitySummary=0x1, nextTimeout=2147627265 (in 2147476013 ms)
03-05 20:02:04.481   461   807 D PowerManagerService: updateDisplayPowerStateLocked: mDisplayReady=true, policy=3, mWakefulness=1, mWakeLockSummary=0x1, mUserActivitySummary=0x1, mBootCompleted=true, screenBrightnessOverride=NaN, useAutoBrightness=false, mScreenBrightnessBoostInProgress=false, mIsVrModeEnabled= false, sQuiescent=false
03-05 20:02:04.482   461   807 I Telecom : TelecomWakeLock: Releasing WakeLock with id: 26: CSW.sA(cap)@AH4
03-05 20:02:04.482   461   807 I Telecom : InCallWakeLockController: Releasing full wake lock: CSW.sA(cap)@AH4
03-05 20:02:04.482   461   807 I Telecom : BluetoothPhoneService: updateHeadsetWithCallState numActive 1, numHeld 0, callState 6, ringing number ***, ringing type 128, ringing name null: CSW.sA(cap)@AH4
03-05 20:02:04.484   850   850 D SubscriptionController: [getDefaultVoiceSubId] subId=1
03-05 20:02:04.484   850   850 D SubscriptionManager: getDefaultVoiceSubscriptionId, sub id = 1
03-05 20:02:04.486   850   868 D SubscriptionController: [getDefaultVoiceSubId] subId=1
03-05 20:02:04.486   850   868 D SubscriptionController: [getDefaultSubId] isVoiceCapable subId=1
03-05 20:02:04.486   850   868 D SubscriptionController: [isActiveSubId]- true
03-05 20:02:04.487   850   868 V SubscriptionController: [getDefaultSubId]- value = 1
03-05 20:02:04.487   850   868 D SubscriptionController: [getSubId]+ slotIndex=0
03-05 20:02:04.487   850   868 D SubscriptionController: [getSubId]- subIdArr=[I@e068dda
03-05 20:02:04.488  1251  1251 I Dialer  : AnswerFragment.setCallState - PrimaryCallState, state: 4, connectionLabel: 
03-05 20:02:04.495  1251  1251 I Dialer  : InCallActivity.showMainInCallFragment - already in method, bailing
03-05 20:02:04.495  1251  1251 I Dialer  : CallCardPresenter.onInCallScreenReady
03-05 20:02:04.495  1251  1251 I Dialer  : CallCardPresenter.getLocationFragment - shouldn't show location
03-05 20:02:04.495  1251  1251 I Dialer  : AnswerFragment.setPrimary - PrimaryInfo, number: (***) ***-****, name: Redacted-14-chars, location: Redacted-10-chars, label: null, photo: null, photoType: 0, isPhotoVisible: true, MultimediaData: null
03-05 20:02:04.496  1251  1251 I Dialer  : AnswerFragment.updateDataFragment - enter
03-05 20:02:04.496  1251  1251 I Dialer  : CallCardPresenter.updatePrimaryDisplayInfo - UI not ready, not showing location
03-05 20:02:04.496  1251  1251 I Dialer  : CallCardPresenter.getLocationFragment - shouldn't show location
03-05 20:02:04.500  1251  1251 I Dialer  : AnswerFragment.updateDataFragment - enter
03-05 20:02:04.516  1251  1251 I Dialer  : FlingUpDownMethod.setAnimationState - animation state: 1
03-05 20:02:04.516  1251  1251 I Dialer  : FlingUpDownMethod.startSwipeToAnswerEntryAnimation - Swipe entry animation.
03-05 20:02:04.516  1251  1251 I Dialer  : FlingUpDownMethod.endAnimation - End animations.
03-05 20:02:04.519   461   518 I Telecom : InCallController: Sending updateCall [Call id=TC@1, state=ACTIVE, tpac=ComponentInfo{com.android.phone/com.android.services.telephony.TelephonyConnectionService}, ***, UserHandle{0}, cmgr=ComponentInfo{com.android.phone/com.android.services.telephony.TelephonyConnectionService}, ***, UserHandle{0}, handle=tel:********12, vidst=A, childs(0), has_parent(false), cap=[ sup_hld mut !v2a spd_aud], prop=[]]: CSW.sCC(cap)@AIA
03-05 20:02:04.520   850   868 D SubscriptionController: [getDefaultVoiceSubId] subId=1
03-05 20:02:04.520   850   868 D SubscriptionController: [getDefaultSubId] isVoiceCapable subId=1
03-05 20:02:04.520   850   868 D SubscriptionController: [isActiveSubId]- true
03-05 20:02:04.520   850   868 V SubscriptionController: [getDefaultSubId]- value = 1
03-05 20:02:04.520   850   868 D SubscriptionController: [getSubId]+ slotIndex=0
03-05 20:02:04.520   850   868 D SubscriptionController: [getSubId]- subIdArr=[I@89f020b
03-05 20:02:04.524   461   518 I Telecom : InCallController: Components updated: [ComponentInfo{com.android.dialer/com.android.incallui.InCallServiceImpl}]: CSW.sCC(cap)@AIA
03-05 20:02:04.525   461   518 I Telecom : InCallController: Sending updateCall [Call id=TC@1, state=ACTIVE, tpac=ComponentInfo{com.android.phone/com.android.services.telephony.TelephonyConnectionService}, ***, UserHandle{0}, cmgr=ComponentInfo{com.android.phone/com.android.services.telephony.TelephonyConnectionService}, ***, UserHandle{0}, handle=tel:********12, vidst=A, childs(0), has_parent(false), cap=[ sup_hld mut !v2a spd_aud], prop=[]]: CSW.sSH(cap)@AIE
03-05 20:02:04.525   850   868 D SubscriptionController: [getDefaultVoiceSubId] subId=1
03-05 20:02:04.525   850   868 D SubscriptionController: [getDefaultSubId] isVoiceCapable subId=1
03-05 20:02:04.526   850   868 D SubscriptionController: [isActiveSubId]- true
03-05 20:02:04.526   850   868 V SubscriptionController: [getDefaultSubId]- value = 1
03-05 20:02:04.526   850   868 D SubscriptionController: [getSubId]+ slotIndex=0
03-05 20:02:04.526   850   868 D SubscriptionController: [getSubId]- subIdArr=[I@dd568e8
03-05 20:02:04.527   461   518 I Telecom : InCallController: Components updated: [ComponentInfo{com.android.dialer/com.android.incallui.InCallServiceImpl}]: CSW.sSH(cap)@AIE
03-05 20:02:04.527   461   475 I Telecom : InCallController: Sending updateCall [Call id=TC@1, state=ACTIVE, tpac=ComponentInfo{com.android.phone/com.android.services.telephony.TelephonyConnectionService}, ***, UserHandle{0}, cmgr=ComponentInfo{com.android.phone/com.android.services.telephony.TelephonyConnectionService}, ***, UserHandle{0}, handle=tel:********12, vidst=A, childs(0), has_parent(false), cap=[ hld sup_hld mut !v2a spd_aud], prop=[]]: CSW.sCC(cap)@AII
03-05 20:02:04.528   850   868 D SubscriptionController: [getDefaultVoiceSubId] subId=1
03-05 20:02:04.528   850   868 D SubscriptionController: [getDefaultSubId] isVoiceCapable subId=1
03-05 20:02:04.528   850   868 D SubscriptionController: [isActiveSubId]- true
03-05 20:02:04.528   850   868 V SubscriptionController: [getDefaultSubId]- value = 1
03-05 20:02:04.528   850   868 D SubscriptionController: [getSubId]+ slotIndex=0
03-05 20:02:04.528   850   868 D SubscriptionController: [getSubId]- subIdArr=[I@5448b01
03-05 20:02:04.529   461   475 I Telecom : InCallController: Components updated: [ComponentInfo{com.android.dialer/com.android.incallui.InCallServiceImpl}]: CSW.sCC(cap)@AII
03-05 20:02:04.529   461   475 I Telecom : Event: RecordEntry TC@1: CAPABILITY_CHANGE, Current: [[ hld sup_hld mut !v2a spd_aud]], Removed [[]], Added [[ hld]]: CSW.sCC(cap)@AII
03-05 20:02:04.533  1251  1251 I Dialer  : AnswerFragment.onStart
03-05 20:02:04.534  1251  1251 I Dialer  : AnswerFragment.updateDataFragment - enter
03-05 20:02:04.537  1251  1251 I Dialer  : FlingUpDownMethod.startSwipeToAnswerEntryAnimation - Swipe entry animation.
03-05 20:02:04.537  1251  1251 I Dialer  : FlingUpDownMethod.endAnimation - End animations.
03-05 20:02:04.537  1251  1251 I Dialer  : InCallPresenter.updateActivity - UI Initialized
03-05 20:02:04.548  1251  1251 I Dialer  : InCallPresenter.onCallListChange - Phone switching state: INCOMING -> INCOMING
03-05 20:02:04.565  1251  1251 I Dialer  : StatusBarNotifier.buildAndSendNotification - notificationType=3
03-05 20:02:04.568  1251  1251 I Dialer  : DialerCall.isVoipCallNotSupportedBySpeakeasy - callid was empty
03-05 20:02:04.568  1251  1251 I Dialer  : StatusBarNotifier.buildAndSendNotification - displaying notification for 3
03-05 20:02:04.571   461   487 D AppOps  : noteOperation: reject #3 for code 43 (43) uid 1000 package android
03-05 20:02:04.574   461   461 I notification_enqueue: [10104,1251,com.android.dialer,1,NULL,0,Notification(channel=phone_ongoing_call shortcut=null contentView=null vibrate=null sound=null defaults=0x0 flags=0x4a color=0xff2a56c6 actions=2 vis=PRIVATE publicVersion=Notification(channel=null shortcut=null contentView=null vibrate=null sound=null defaults=0x0 flags=0x0 color=0xff2a56c6 vis=PRIVATE)),1]
03-05 20:02:04.584  1251  1251 I Dialer  : VideoPauseController.onStateChange - hasPrimaryCallChanged: false, videoCanPause: false, isInBackground: false
03-05 20:02:04.586   850   868 D SubscriptionController: [getDefaultVoiceSubId] subId=1
03-05 20:02:04.586   850   868 D SubscriptionController: [getDefaultSubId] isVoiceCapable subId=1
03-05 20:02:04.586   850   868 D SubscriptionController: [isActiveSubId]- true
03-05 20:02:04.586   850   868 V SubscriptionController: [getDefaultSubId]- value = 1
03-05 20:02:04.586   850   868 D SubscriptionController: [getSubId]+ slotIndex=0
03-05 20:02:04.586   850   868 D SubscriptionController: [getSubId]- subIdArr=[I@44fada6
03-05 20:02:04.587  1251  1251 I Dialer  : AnswerFragment.setCallState - PrimaryCallState, state: 4, connectionLabel: 
03-05 20:02:04.587   850   850 I service_manager_slow: [102,phone]
03-05 20:02:04.589   621  1354 I service_manager_slow: [119,telecom]
03-05 20:02:04.594   850   850 D SubscriptionController: [getDefaultVoiceSubId] subId=1
03-05 20:02:04.594   850   850 D SubscriptionController: [getDefaultSubId] isVoiceCapable subId=1
03-05 20:02:04.594   850   850 D SubscriptionController: [isActiveSubId]- true
03-05 20:02:04.594   850   850 V SubscriptionController: [getDefaultSubId]- value = 1
03-05 20:02:04.594   850   850 D SubscriptionController: [getPhoneId] subId=1
03-05 20:02:04.595   850   850 D SubscriptionController: [getPhoneId]- found subId=1 phoneId=0
03-05 20:02:04.595   850   850 D PhoneFactory: getPhone:- phoneId != DEFAULT_PHONE_ID return sPhones[phoneId] phoneId=0 phone=Handler (com.android.internal.telephony.GsmCdmaPhone) {84d053}
03-05 20:02:04.595   850   850 D SubscriptionController: [getSubId]+ slotIndex=0
03-05 20:02:04.595   850   850 D SubscriptionController: [getSubId]- subIdArr=[I@139b3e7
03-05 20:02:04.595   850   850 D SubscriptionController: [getSlotIndex] subId=1
03-05 20:02:04.595   850   850 V SubscriptionController: [getSlotIndex]- return = 0
03-05 20:02:04.595   850   850 D EmergencyNumberTracker: slotId:0 country:us emergencyNumbers: 
03-05 20:02:04.595   850   850 D EmergencyNumberTracker: System property doesn't provide any emergency numbers. Use embedded logic for determining ones.
03-05 20:02:04.595   850   850 D SubscriptionController: [getSubId]+ slotIndex=0
03-05 20:02:04.595   850   850 D SubscriptionController: [getSubId]- subIdArr=[I@60c2b94
03-05 20:02:04.596  1251  1251 I Dialer  : DialerCall.isVoipCallNotSupportedBySpeakeasy - callid was empty
03-05 20:02:04.596  1251  1251 I Dialer  : InCallActivity.getShouldShowAnswerUi - found incoming call
03-05 20:02:04.598  1251  1251 I Dialer  : DialerCall.isVoipCallNotSupportedBySpeakeasy - callid was empty
03-05 20:02:04.598  1251  1251 I Dialer  : InCallActivity.showMainInCallFragment - shouldShowAnswerUi: true, shouldShowRttUi: false, shouldShowVideoUi: false, shouldShowSpeakEasyUi: false, didShowAnswerScreen: true, didShowInCallScreen: false, didShowRttCallScreen: false, didShowVideoCallScreen: false, didShowSpeakEasyScreen: false
03-05 20:02:04.598  1251  1251 I Dialer  : ProximitySensor.updateProximitySensorMode - screenOnImmediately: true, dialPadVisible: false, offHook: false, horizontal: false, uiShowing: true, audioRoute: SPEAKER
03-05 20:02:04.599  1251  1251 I Dialer  : ProximitySensor.turnOffProximitySensor - wake lock already released
03-05 20:02:04.599  1251  1251 I Dialer  : InCallPresenter.refreshMuteState - refreshMuteStateAfterAddCall: false addCallClicked: false
03-05 20:02:04.599  1251  1251 I Dialer  : ReturnToCallController.hide - hide() called without calling show()
03-05 20:02:04.600  1251  1251 I Dialer  : DialerCall.isVoipCallNotSupportedBySpeakeasy - callid was empty
03-05 20:02:04.600  1251  1251 I Dialer  : InCallActivity.getShouldShowAnswerUi - found incoming call
03-05 20:02:04.601  1251  1251 I Dialer  : DialerCall.isVoipCallNotSupportedBySpeakeasy - callid was empty
03-05 20:02:04.601  1251  1251 I Dialer  : InCallActivity.showMainInCallFragment - shouldShowAnswerUi: true, shouldShowRttUi: false, shouldShowVideoUi: false, shouldShowSpeakEasyUi: false, didShowAnswerScreen: true, didShowInCallScreen: false, didShowRttCallScreen: false, didShowVideoCallScreen: false, didShowSpeakEasyScreen: false
03-05 20:02:04.601  1251  1251 I wm_on_start_called: [216516398,com.android.incallui.InCallActivity,handleStartActivity]
03-05 20:02:04.610  1251  1251 I Dialer  : InCallActivity.onPseudoScreenStateChanged - isOn: true
03-05 20:02:04.610  1251  1251 I wm_on_resume_called: [216516398,com.android.incallui.InCallActivity,RESUME_ACTIVITY]
03-05 20:02:04.610  1251  1251 I Dialer  : AnswerFragment.onResume
03-05 20:02:04.611  1251  1251 I Dialer  : CallCardPresenter.getLocationFragment - shouldn't show location
03-05 20:02:04.611  1251  1251 I Dialer  : AnswerFragment.setPrimary - PrimaryInfo, number: (***) ***-****, name: Redacted-14-chars, location: Redacted-10-chars, label: null, photo: null, photoType: 0, isPhotoVisible: true, MultimediaData: null
03-05 20:02:04.612  1251  1251 I Dialer  : AnswerFragment.updateDataFragment - enter
03-05 20:02:04.612  1251  1251 I Dialer  : CallCardPresenter.getLocationFragment - shouldn't show location
03-05 20:02:04.642   461   807 V KeyguardServiceDelegate: setOccluded(true) animate=false
03-05 20:02:04.642   621   999 D KeyguardViewMediator: setOccluded true
03-05 20:02:04.644  1251  1251 I wm_on_top_resumed_gained_called: [216516398,com.android.incallui.InCallActivity,topStateChangedWhenResumed]
03-05 20:02:04.644  1251  1251 I Dialer  : ImsVideoCall.isAvailable - null video call
03-05 20:02:04.648   850   868 D PhoneFactory: getPhone:- phoneId != DEFAULT_PHONE_ID return sPhones[phoneId] phoneId=0 phone=Handler (com.android.internal.telephony.GsmCdmaPhone) {84d053}
03-05 20:02:04.650   621   621 D KeyguardViewMediator: adjustStatusBarLocked: mShowing=false mOccluded=true isSecure=false force=false --> flags=0x0
03-05 20:02:04.653   850   868 D SubscriptionController: [getSubId]+ slotIndex=0
03-05 20:02:04.653   850   868 D SubscriptionController: [getSubId]- subIdArr=[I@edd63d
03-05 20:02:04.653   850   868 D PhoneFactory: getPhone:- phoneId != DEFAULT_PHONE_ID return sPhones[phoneId] phoneId=0 phone=Handler (com.android.internal.telephony.GsmCdmaPhone) {84d053}
03-05 20:02:04.653  1251  1251 I Dialer  : ImsVideoCall.isAvailable - null video call
03-05 20:02:04.653  1251  1251 I Dialer  : CallList.onUpdateCall - [DialerCall_0, INCOMING, [Capabilities: CAPABILITY_SUPPORT_HOLD CAPABILITY_MUTE CAPABILITY_CANNOT_DOWNGRADE_VIDEO_TO_AUDIO], [Properties:], children:[], parent:null, conferenceable:[], videoState:Audio Only, mSessionModificationState:0, CameraDir:-1]
03-05 20:02:04.654  1251  1251 I Dialer  : InCallPresenter.onCallListChange - Phone switching state: INCOMING -> INCOMING
03-05 20:02:04.670  1251  1251 I Dialer  : VideoPauseController.onStateChange - hasPrimaryCallChanged: false, videoCanPause: false, isInBackground: false
03-05 20:02:04.676   850   868 D SubscriptionController: [getDefaultVoiceSubId] subId=1
03-05 20:02:04.676   850   868 D SubscriptionController: [getDefaultSubId] isVoiceCapable subId=1
03-05 20:02:04.676   850   868 D SubscriptionController: [isActiveSubId]- true
03-05 20:02:04.676   850   868 V SubscriptionController: [getDefaultSubId]- value = 1
03-05 20:02:04.676   850   868 D SubscriptionController: [getSubId]+ slotIndex=0
03-05 20:02:04.676   850   868 D SubscriptionController: [getSubId]- subIdArr=[I@cb8fe32
03-05 20:02:04.677  1251  1251 I Dialer  : AnswerFragment.setCallState - PrimaryCallState, state: 4, connectionLabel: 
03-05 20:02:04.680  1251  1251 I Dialer  : DialerCall.isVoipCallNotSupportedBySpeakeasy - callid was empty
03-05 20:02:04.680  1251  1251 I Dialer  : InCallActivity.getShouldShowAnswerUi - found incoming call
03-05 20:02:04.681  1251  1251 I Dialer  : DialerCall.isVoipCallNotSupportedBySpeakeasy - callid was empty
03-05 20:02:04.682  1251  1251 I Dialer  : InCallActivity.showMainInCallFragment - shouldShowAnswerUi: true, shouldShowRttUi: false, shouldShowVideoUi: false, shouldShowSpeakEasyUi: false, didShowAnswerScreen: true, didShowInCallScreen: false, didShowRttCallScreen: false, didShowVideoCallScreen: false, didShowSpeakEasyScreen: false
03-05 20:02:04.682  1251  1251 I Dialer  : ReturnToCallController.hide - hide() called without calling show()
03-05 20:02:04.684   850   868 D SubscriptionController: [getDefaultVoiceSubId] subId=1
03-05 20:02:04.684   850   868 D SubscriptionController: [getDefaultSubId] isVoiceCapable subId=1
03-05 20:02:04.684   850   868 D SubscriptionController: [isActiveSubId]- true
03-05 20:02:04.684   850   868 V SubscriptionController: [getDefaultSubId]- value = 1
03-05 20:02:04.684   850   868 D SubscriptionController: [getSubId]+ slotIndex=0
03-05 20:02:04.684   850   868 D SubscriptionController: [getSubId]- subIdArr=[I@4e3a783
03-05 20:02:04.686  1251  1251 I Dialer  : AnswerFragment.setCallState - PrimaryCallState, state: 4, connectionLabel: 
03-05 20:02:04.692  1251  1251 I Dialer  : DialerCall.isVoipCallNotSupportedBySpeakeasy - callid was empty
03-05 20:02:04.692  1251  1251 I Dialer  : InCallActivity.getShouldShowAnswerUi - found incoming call
03-05 20:02:04.695  1251  1251 I Dialer  : DialerCall.isVoipCallNotSupportedBySpeakeasy - callid was empty
03-05 20:02:04.695  1251  1251 I Dialer  : InCallActivity.showMainInCallFragment - shouldShowAnswerUi: true, shouldShowRttUi: false, shouldShowVideoUi: false, shouldShowSpeakEasyUi: false, didShowAnswerScreen: true, didShowInCallScreen: false, didShowRttCallScreen: false, didShowVideoCallScreen: false, didShowSpeakEasyScreen: false
03-05 20:02:04.698   850   850 V Telephony: GsmConnection: refreshConferenceSupported : isConfSupp=true, isImsConfSupp=true, isVidConfSupp=false, isMergeOfWifiAllowed=true, isWifi=false, isVoWifiEnabled=false
03-05 20:02:04.698   850   850 D Telephony: refreshConferenceSupported = true.
03-05 20:02:04.699   850   850 D GsmCdmaCallTracker: [0] checkNoOperationsPending: pendingOperations=0
03-05 20:02:04.699   461   518 D PowerManagerService: acquireWakeLockInternal: lock=135726337, flags=0x1, tag="*telephony-radio*", ws=WorkSource{1001 com.android.phone}, uid=1001, pid=850
03-05 20:02:04.699   461   518 D PowerManagerService: updateWakeLockSummaryLocked: mWakefulness=Awake, mWakeLockSummary=0x1
03-05 20:02:04.699   461   518 D PowerManagerService: updateUserActivitySummaryLocked: mWakefulness=Awake, mUserActivitySummary=0x1, nextTimeout=2147627265 (in 2147475796 ms)
03-05 20:02:04.699   461   518 D PowerManagerService: updateDisplayPowerStateLocked: mDisplayReady=true, policy=3, mWakefulness=1, mWakeLockSummary=0x1, mUserActivitySummary=0x1, mBootCompleted=true, screenBrightnessOverride=NaN, useAutoBrightness=false, mScreenBrightnessBoostInProgress=false, mIsVrModeEnabled= false, sQuiescent=false
03-05 20:02:04.700   461   807 I Telecom : InCallController: Sending updateCall [Call id=TC@1, state=ACTIVE, tpac=ComponentInfo{com.android.phone/com.android.services.telephony.TelephonyConnectionService}, ***, UserHandle{0}, cmgr=ComponentInfo{com.android.phone/com.android.services.telephony.TelephonyConnectionService}, ***, UserHandle{0}, handle=tel:********12, vidst=A, childs(0), has_parent(false), cap=[ hld sup_hld mut !v2a spd_aud], prop=[]]: CSW.rE(cap)@AJA
03-05 20:02:04.700   850   868 D SubscriptionController: [getDefaultVoiceSubId] subId=1
03-05 20:02:04.700   850   868 D SubscriptionController: [getDefaultSubId] isVoiceCapable subId=1
03-05 20:02:04.700   850   868 D SubscriptionController: [isActiveSubId]- true
03-05 20:02:04.700   850   868 V SubscriptionController: [getDefaultSubId]- value = 1
03-05 20:02:04.701   850   868 D SubscriptionController: [getSubId]+ slotIndex=0
03-05 20:02:04.701   850   868 D SubscriptionController: [getSubId]- subIdArr=[I@44a6d00
03-05 20:02:04.702   850   850 D RILJ    : [0224]> GET_CURRENT_CALLS [PHONE0]
03-05 20:02:04.702   369   369 D RIL     : onRequest: GET_CURRENT_CALLS
03-05 20:02:04.702   369   369 D AT      : AT> AT+CLCC
03-05 20:02:04.702   369   449 D AT      : AT< +CLCC: 1,1,0,0,0,"6505551212",129
03-05 20:02:04.702   369   449 D AT      : AT< OK
03-05 20:02:04.703   850   963 V RILJ    : Incoming UUS : NOT present! [PHONE0]
03-05 20:02:04.703   850   963 D RILJ    : InCall VoicePrivacy is disabled [PHONE0]
03-05 20:02:04.703   850   963 D RILJ    : [0224]< GET_CURRENT_CALLS {[id=1,ACTIVE,toa=129,norm,mt,0,voc,noevp,,cli=1,,1,audioQuality=0] } [PHONE0]
03-05 20:02:04.713   461   807 I Telecom : InCallController: Components updated: [ComponentInfo{com.android.dialer/com.android.incallui.InCallServiceImpl}]: CSW.rE(cap)@AJA
03-05 20:02:04.718   621   621 D StatusBar: disable<e i a s B!H!R!c s > disable2<q i n >
03-05 20:02:04.736  1251  1883 D HostConnection: HostConnection::get() New Host Connection established 0x71608deeaf80, tid 1883
03-05 20:02:04.749  1251  1883 D HostConnection: HostComposition ext ANDROID_EMU_CHECKSUM_HELPER_v1 ANDROID_EMU_dma_v1 ANDROID_EMU_direct_mem ANDROID_EMU_host_composition_v1 ANDROID_EMU_host_composition_v2 ANDROID_EMU_YUV_Cache ANDROID_EMU_async_unmap_buffer GL_OES_EGL_image_external_essl3 GL_OES_vertex_array_object GL_KHR_texture_compression_astc_ldr ANDROID_EMU_host_side_tracing ANDROID_EMU_gles_max_version_3_1 
03-05 20:02:04.760  1251  1883 W OpenGLRenderer: Failed to choose config with EGL_SWAP_BEHAVIOR_PRESERVED, retrying without...
03-05 20:02:04.762  1251  1883 D EGL_emulation: eglCreateContext: 0x71608deea690: maj 3 min 1 rcv 4
03-05 20:02:04.799   621   621 D InterruptionStateProvider: No bubble up: not allowed to bubble: 0|com.android.dialer|1|null|10104
03-05 20:02:04.799   621   621 D InterruptionStateProvider: No heads up: unimportant notification: 0|com.android.dialer|1|null|10104
03-05 20:02:04.802   621   621 W TouchableRegionManager: onHeadsUpPinnedModeChanged
03-05 20:02:04.822  1251  1883 D EGL_emulation: eglMakeCurrent: 0x71608deea690: ver 3 1 (tinfo 0x71602ded6b50) (first time)
03-05 20:02:04.831   269   412 D goldfish-address-space: allocate: Ask for block of size 0x7e9000
03-05 20:02:04.831   269   412 D goldfish-address-space: allocate: ioctl allocate returned offset 0x3f9130000 size 0x7ea000
03-05 20:02:04.900   124   124 I hwservicemanager: getTransport: Cannot find entry android.hardware.graphics.mapper@4.0::IMapper/default in either framework or device manifest.
03-05 20:02:04.900  1251  1883 I Gralloc4: mapper 4.x is not supported
03-05 20:02:04.910  1251  1883 D HostConnection: createUnique: call
03-05 20:02:04.911  1251  1883 D HostConnection: HostConnection::get() New Host Connection established 0x71608dee98d0, tid 1883
03-05 20:02:04.911  1251  1883 D goldfish-address-space: allocate: Ask for block of size 0x100
03-05 20:02:04.911  1251  1883 D goldfish-address-space: allocate: ioctl allocate returned offset 0x3fd79d000 size 0x2000
03-05 20:02:04.942   621   621 W View    : requestLayout() improperly called by com.android.internal.widget.NotificationExpandButton{ed2acd8 VFED..C.. ......ID 942,40-1008,109 #1020295 android:id/expand_button} during layout: running second layout pass
03-05 20:02:04.942   621   621 W View    : requestLayout() improperly called by com.android.internal.widget.NotificationExpandButton{d3b3890 VFED..C.. ......ID 942,40-1008,109 #1020295 android:id/expand_button} during layout: running second layout pass
03-05 20:02:04.951  1251  1883 D HostConnection: HostComposition ext ANDROID_EMU_CHECKSUM_HELPER_v1 ANDROID_EMU_dma_v1 ANDROID_EMU_direct_mem ANDROID_EMU_host_composition_v1 ANDROID_EMU_host_composition_v2 ANDROID_EMU_YUV_Cache ANDROID_EMU_async_unmap_buffer GL_OES_EGL_image_external_essl3 GL_OES_vertex_array_object GL_KHR_texture_compression_astc_ldr ANDROID_EMU_host_side_tracing ANDROID_EMU_gles_max_version_3_1 
03-05 20:02:04.956   850   850 D DCT-C-0 : updateDataActivity: curTxRxSum={txSum=230 rxSum=131} preTxRxSum={txSum=229 rxSum=130}
03-05 20:02:04.956   850   850 D DCT-C-0 : updateDataActivity: sent=1 received=1
03-05 20:02:04.956   850   850 D CallManager:  handleMessage (EVENT_IN_CALL_VOICE_PRIVACY_OFF)
03-05 20:02:04.957   850   850 D Telephony: MSG_CDMA_VOICE_PRIVACY_OFF received
03-05 20:02:04.957   850   850 D GsmCdmaCallTracker: Event EVENT_POLL_CALLS_RESULT Received
03-05 20:02:04.957   850   850 D GsmCdmaCallTracker: [0] handle EVENT_POLL_CALL_RESULT: set needsPoll=F
03-05 20:02:04.957   850   850 D GsmCdmaCallTracker: [0] handlePollCalls
03-05 20:02:04.957   850   850 D GsmCdmaCallTracker: [0] poll: conn[i=0]= callId: TC@1_1 isExternal: N incoming: true state: ACTIVE post dial state: NOT_STARTED, dc=id=1,ACTIVE,toa=129,norm,mt,0,voc,noevp,,cli=1,,1,audioQuality=0
03-05 20:02:04.957   850   850 D GsmCdmaConnection: [GsmCdmaConn] parent= ACTIVE, newParent= ACTIVE
03-05 20:02:04.957   850   850 D GsmCdmaConnection: [GsmCdmaConn] --dssds----
03-05 20:02:04.957   850   850 D GsmCdmaConnection: [GsmCdmaConn] update: parent=ACTIVE, hasNewParent=false, wasConnectingInOrOut=false, wasHolding=false, isConnectingInOrOut=false, changed=false
03-05 20:02:04.957   850   850 D GsmCdmaCallTracker: [0] poll: conn[i=1]=null, dc=null
03-05 20:02:04.957   850   850 D GsmCdmaCallTracker: [0] poll: conn[i=2]=null, dc=null
03-05 20:02:04.957   850   850 D GsmCdmaCallTracker: [0] poll: conn[i=3]=null, dc=null
03-05 20:02:04.957   850   850 D GsmCdmaCallTracker: [0] poll: conn[i=4]=null, dc=null
03-05 20:02:04.957   850   850 D GsmCdmaCallTracker: [0] poll: conn[i=5]=null, dc=null
03-05 20:02:04.957   850   850 D GsmCdmaCallTracker: [0] poll: conn[i=6]=null, dc=null
03-05 20:02:04.957   850   850 D GsmCdmaCallTracker: [0] poll: conn[i=7]=null, dc=null
03-05 20:02:04.957   850   850 D GsmCdmaCallTracker: [0] poll: conn[i=8]=null, dc=null
03-05 20:02:04.957   850   850 D GsmCdmaCallTracker: [0] poll: conn[i=9]=null, dc=null
03-05 20:02:04.957   850   850 D GsmCdmaCallTracker: [0] poll: conn[i=10]=null, dc=null
03-05 20:02:04.957   850   850 D GsmCdmaCallTracker: [0] poll: conn[i=11]=null, dc=null
03-05 20:02:04.957   850   850 D GsmCdmaCallTracker: [0] poll: conn[i=12]=null, dc=null
03-05 20:02:04.957   850   850 D GsmCdmaCallTracker: [0] poll: conn[i=13]=null, dc=null
03-05 20:02:04.957   850   850 D GsmCdmaCallTracker: [0] poll: conn[i=14]=null, dc=null
03-05 20:02:04.958   850   850 D GsmCdmaCallTracker: [0] poll: conn[i=15]=null, dc=null
03-05 20:02:04.958   850   850 D GsmCdmaCallTracker: [0] poll: conn[i=16]=null, dc=null
03-05 20:02:05.011   850   850 D GsmCdmaCallTracker: [0] poll: conn[i=17]=null, dc=null
03-05 20:02:05.011   850   850 D GsmCdmaCallTracker: [0] poll: conn[i=18]=null, dc=null
03-05 20:02:05.011   850   850 D GsmCdmaCallTracker: [0] handlePollCalls calling updatePhoneState()
03-05 20:02:05.011   850   850 D GsmCdmaCallTracker: [0] update phone state, old=OFFHOOK new=OFFHOOK
03-05 20:02:05.012   850   850 D CallNotifier: handleMessage(10)
03-05 20:02:05.012   850   850 D CallNotifier: PHONE_ENHANCED_VP_OFF...
03-05 20:02:05.036   461   807 D PowerManagerService: releaseWakeLockInternal: lock=161197355 [AudioMix], flags=0x0
03-05 20:02:05.041   461   807 D PowerManagerService: updateWakeLockSummaryLocked: mWakefulness=Awake, mWakeLockSummary=0x1
03-05 20:02:05.041   461   807 D PowerManagerService: updateUserActivitySummaryLocked: mWakefulness=Awake, mUserActivitySummary=0x1, nextTimeout=2147627265 (in 2147475454 ms)
03-05 20:02:05.041   461   807 D PowerManagerService: updateDisplayPowerStateLocked: mDisplayReady=true, policy=3, mWakefulness=1, mWakeLockSummary=0x1, mUserActivitySummary=0x1, mBootCompleted=true, screenBrightnessOverride=NaN, useAutoBrightness=false, mScreenBrightnessBoostInProgress=false, mIsVrModeEnabled= false, sQuiescent=false
03-05 20:02:05.046   269   412 D goldfish-address-space: allocate: Ask for block of size 0x7e9000
03-05 20:02:05.046   269   412 D goldfish-address-space: allocate: ioctl allocate returned offset 0x3f8946000 size 0x7ea000
03-05 20:02:05.095  1251  1251 I Dialer  : ImsVideoCall.isAvailable - null video call
03-05 20:02:05.097   461   807 I system_server: oneway function results will be dropped but finished with status OK and parcel size 4
03-05 20:02:05.132   461   482 D PowerManagerService: acquireWakeLockInternal: lock=24690038, flags=0x2000000a, tag="WindowManager", ws=WorkSource{10104}, uid=1000, pid=461
03-05 20:02:05.132   461   482 D PowerManagerService: updateWakeLockSummaryLocked: mWakefulness=Awake, mWakeLockSummary=0x23
03-05 20:02:05.132   461   482 D PowerManagerService: updateUserActivitySummaryLocked: mWakefulness=Awake, mUserActivitySummary=0x1, nextTimeout=2147627265 (in 2147475363 ms)
03-05 20:02:05.132   461   482 D PowerManagerService: updateDisplayPowerStateLocked: mDisplayReady=true, policy=3, mWakefulness=1, mWakeLockSummary=0x23, mUserActivitySummary=0x1, mBootCompleted=true, screenBrightnessOverride=NaN, useAutoBrightness=false, mScreenBrightnessBoostInProgress=false, mIsVrModeEnabled= false, sQuiescent=false
03-05 20:02:05.179   850   868 D PhoneFactory: getPhone:- phoneId != DEFAULT_PHONE_ID return sPhones[phoneId] phoneId=0 phone=Handler (com.android.internal.telephony.GsmCdmaPhone) {84d053}
03-05 20:02:05.179   850   868 D SubscriptionController: [getSubId]+ slotIndex=0
03-05 20:02:05.179   850   868 D SubscriptionController: [getSubId]- subIdArr=[I@ee69939
03-05 20:02:05.179   850   868 D PhoneFactory: getPhone:- phoneId != DEFAULT_PHONE_ID return sPhones[phoneId] phoneId=0 phone=Handler (com.android.internal.telephony.GsmCdmaPhone) {84d053}
03-05 20:02:05.180  1251  1251 I Dialer  : ImsVideoCall.isAvailable - null video call
03-05 20:02:05.181  1251  1251 I Dialer  : CallList.onUpdateCall - [DialerCall_0, ACTIVE, [Capabilities: CAPABILITY_HOLD CAPABILITY_SUPPORT_HOLD CAPABILITY_MUTE CAPABILITY_CANNOT_DOWNGRADE_VIDEO_TO_AUDIO], [Properties:], children:[], parent:null, conferenceable:[], videoState:Audio Only, mSessionModificationState:0, CameraDir:-1]
03-05 20:02:05.181  1251  1251 I Dialer  : InCallPresenter.onCallListChange - Phone switching state: INCOMING -> INCALL
03-05 20:02:05.197  1251  1251 I Dialer  : StatusBarNotifier.buildAndSendNotification - notificationType=1
03-05 20:02:05.198  1251  1251 I Dialer  : StatusBarNotifier.buildAndSendNotification - displaying notification for 1
03-05 20:02:05.201   461   487 D AppOps  : noteOperation: reject #3 for code 43 (43) uid 1000 package android
03-05 20:02:05.202   461   461 I notification_enqueue: [10104,1251,com.android.dialer,1,NULL,0,Notification(channel=phone_ongoing_call shortcut=null contentView=null vibrate=null sound=null defaults=0x0 flags=0x4a color=0xff2a56c6 actions=2 vis=PRIVATE publicVersion=Notification(channel=null shortcut=null contentView=null vibrate=null sound=null defaults=0x0 flags=0x0 color=0xff2a56c6 vis=PRIVATE)),1]
03-05 20:02:05.207  1251  1251 I Dialer  : ProximitySensor.updateProximitySensorMode - screenOnImmediately: true, dialPadVisible: false, offHook: true, horizontal: false, uiShowing: true, audioRoute: SPEAKER
03-05 20:02:05.207  1251  1251 I Dialer  : ProximitySensor.turnOffProximitySensor - wake lock already released
03-05 20:02:05.207  1251  1251 I Dialer  : VideoPauseController.onStateChange - hasPrimaryCallChanged: false, videoCanPause: false, isInBackground: false
03-05 20:02:05.209   850   868 D SubscriptionController: [getDefaultVoiceSubId] subId=1
03-05 20:02:05.209   850   868 D SubscriptionController: [getDefaultSubId] isVoiceCapable subId=1
03-05 20:02:05.209   850   868 D SubscriptionController: [isActiveSubId]- true
03-05 20:02:05.209   850   868 V SubscriptionController: [getDefaultSubId]- value = 1
03-05 20:02:05.209   850   868 D SubscriptionController: [getSubId]+ slotIndex=0
03-05 20:02:05.209   850   868 D SubscriptionController: [getSubId]- subIdArr=[I@5f4cb7e
03-05 20:02:05.210  1251  1251 I Dialer  : AnswerFragment.setCallState - PrimaryCallState, state: 3, connectionLabel: 
03-05 20:02:05.211  1251  1251 I Dialer  : ContactGridManager.updateBottomRow - starting timer with base: 151153
03-05 20:02:05.213  1251  1251 I Dialer  : DialerCall.isVoipCallNotSupportedBySpeakeasy - callid was empty
03-05 20:02:05.213  1251  1251 I Dialer  : InCallActivity.showMainInCallFragment - shouldShowAnswerUi: false, shouldShowRttUi: false, shouldShowVideoUi: false, shouldShowSpeakEasyUi: false, didShowAnswerScreen: true, didShowInCallScreen: false, didShowRttCallScreen: false, didShowVideoCallScreen: false, didShowSpeakEasyScreen: false
03-05 20:02:05.219  1251  1251 I Dialer  : AnswerFragment.onPause
03-05 20:02:05.219  1251  1251 I Dialer  : FlingUpDownMethod.endAnimation - End animations.
03-05 20:02:05.224  1251  1251 I Dialer  : AnswerFragment.onStop
03-05 20:02:05.226  1251  1251 I Dialer  : AnswerFragment.onDestroyView
03-05 20:02:05.226  1251  1251 I Dialer  : CallCardPresenter.onInCallScreenUnready
03-05 20:02:05.227   335   371 W ServiceManager: Permission failure: android.permission.ACCESS_SURFACE_FLINGER from uid=10104 pid=1251
03-05 20:02:05.227   335   371 D PermissionCache: checking android.permission.ACCESS_SURFACE_FLINGER for uid=10104 => denied (309 us)
03-05 20:02:05.228  1251  1251 I Dialer  : InCallFragment.onCreateView
03-05 20:02:05.262   850   868 D SubscriptionController: [getPhoneId] subId=1
03-05 20:02:05.262   850   868 D SubscriptionController: [getPhoneId]- found subId=1 phoneId=0
03-05 20:02:05.262   850   868 D PhoneFactory: getPhone:- phoneId != DEFAULT_PHONE_ID return sPhones[phoneId] phoneId=0 phone=Handler (com.android.internal.telephony.GsmCdmaPhone) {84d053}
03-05 20:02:05.265  1251  1251 I Dialer  : InCallFragment.onViewCreated
03-05 20:02:05.265  1251  1251 I Dialer  : CallCardPresenter.constructor
03-05 20:02:05.267  1251  1251 I Dialer  : CallCardPresenter.getLocationFragment - shouldn't show location
03-05 20:02:05.267  1251  1251 I Dialer  : InCallFragment.setPrimary - PrimaryInfo, number: (***) ***-****, name: Redacted-14-chars, location: Redacted-10-chars, label: null, photo: null, photoType: 0, isPhotoVisible: true, MultimediaData: null
03-05 20:02:05.296  1251  1251 I Dialer  : CallCardPresenter.updatePrimaryDisplayInfo - UI not ready, not showing location
03-05 20:02:05.263   850   868 D PhoneFactory: getPhone:- phoneId != DEFAULT_PHONE_ID return sPhones[phoneId] phoneId=0 phone=Handler (com.android.internal.telephony.GsmCdmaPhone) {84d053}
03-05 20:02:05.297   850   868 D SubscriptionController: [getDefaultVoiceSubId] subId=1
03-05 20:02:05.297   850   868 D SubscriptionController: [getDefaultSubId] isVoiceCapable subId=1
03-05 20:02:05.297   850   868 D SubscriptionController: [isActiveSubId]- true
03-05 20:02:05.297   850   868 V SubscriptionController: [getDefaultSubId]- value = 1
03-05 20:02:05.297   850   868 D SubscriptionController: [getSubId]+ slotIndex=0
03-05 20:02:05.297   850   868 D SubscriptionController: [getSubId]- subIdArr=[I@af38df
03-05 20:02:05.298   850   868 D SubscriptionController: [getSubId]+ slotIndex=0
03-05 20:02:05.298   850   868 D SubscriptionController: [getSubId]- subIdArr=[I@969592c
03-05 20:02:05.298   850   868 D PhoneFactory: getPhone:- phoneId != DEFAULT_PHONE_ID return sPhones[phoneId] phoneId=0 phone=Handler (com.android.internal.telephony.GsmCdmaPhone) {84d053}
03-05 20:02:05.300  1251  1251 I Dialer  : CallCardPresenter.getLocationFragment - shouldn't show location
03-05 20:02:05.300  1251  1251 I Dialer  : InCallFragment.setPrimary - PrimaryInfo, number: (***) ***-****, name: Redacted-14-chars, location: null, label: null, photo: null, photoType: 0, isPhotoVisible: true, MultimediaData: null
03-05 20:02:05.301  1251  1251 I Dialer  : CallCardPresenter.updatePrimaryDisplayInfo - UI not ready, not showing location
03-05 20:02:05.302  1251  1251 I Dialer  : CallCardPresenter.getLocationFragment - shouldn't show location
03-05 20:02:05.302  1251  1251 I Dialer  : InCallFragment.setPrimary - PrimaryInfo, number: (***) ***-****, name: Redacted-14-chars, location: Redacted-10-chars, label: null, photo: null, photoType: 0, isPhotoVisible: true, MultimediaData: null
03-05 20:02:05.312  1251  1251 I Dialer  : CallCardPresenter.updatePrimaryDisplayInfo - UI not ready, not showing location
03-05 20:02:05.315   850   868 D SubscriptionController: [getDefaultVoiceSubId] subId=1
03-05 20:02:05.315   850   868 D SubscriptionController: [getDefaultSubId] isVoiceCapable subId=1
03-05 20:02:05.315   850   868 D SubscriptionController: [isActiveSubId]- true
03-05 20:02:05.315   850   868 V SubscriptionController: [getDefaultSubId]- value = 1
03-05 20:02:05.316   850   868 D SubscriptionController: [getSubId]+ slotIndex=0
03-05 20:02:05.316   850   868 D SubscriptionController: [getSubId]- subIdArr=[I@f0e8ff5
03-05 20:02:05.316  1251  1251 I Dialer  : InCallFragment.setCallState - PrimaryCallState, state: 3, connectionLabel: 
03-05 20:02:05.317  1251  1251 I Dialer  : ContactGridManager.updateBottomRow - starting timer with base: 151152
03-05 20:02:05.327  1251  1251 I Dialer  : InCallActivity.showMainInCallFragment - already in method, bailing
03-05 20:02:05.328  1251  1251 I Dialer  : CallCardPresenter.onInCallScreenReady
03-05 20:02:05.328  1251  1251 I Dialer  : CallCardPresenter.getLocationFragment - shouldn't show location
03-05 20:02:05.328  1251  1251 I Dialer  : InCallFragment.setPrimary - PrimaryInfo, number: (***) ***-****, name: Redacted-14-chars, location: Redacted-10-chars, label: null, photo: null, photoType: 0, isPhotoVisible: true, MultimediaData: null
