04-23 11:24:05.277  1461  1461 I Dialer  : AnswerFragment.updateDataFragment - Replacing avatar fragment
04-23 11:24:05.278  1461  1461 I Dialer  : CallCardPresenter.updatePrimaryDisplayInfo - UI not ready, not showing location
04-23 11:24:05.281   942  1562 D SubscriptionController: [getDefaultVoiceSubId] subId=1
04-23 11:24:05.281   942  1562 D SubscriptionController: [getDefaultSubId] isVoiceCapable subId=1
04-23 11:24:05.282   942  1562 D SubscriptionController: [isActiveSubId]- true
04-23 11:24:05.282   942  1562 V SubscriptionController: [getDefaultSubId]- value = 1
04-23 11:24:05.283   942  1562 D SubscriptionController: StackTrace - [getSubId]+ slotIndex=0
04-23 11:24:05.283   942  1562 D SubscriptionController: com.android.internal.telephony.SubscriptionController.getSubId(SubscriptionController.java:2299)
04-23 11:24:05.283   942  1562 D SubscriptionController: com.android.internal.telephony.SubscriptionController.getSubIdUsingPhoneId(SubscriptionController.java:2694)
04-23 11:24:05.283   942  1562 D SubscriptionController: com.android.internal.telephony.Phone.getSubId(Phone.java:3743)
04-23 11:24:05.283   942  1562 D SubscriptionController: com.android.phone.PhoneUtils.getSubIdForPhoneAccountHandle(PhoneUtils.java:739)
04-23 11:24:05.283   942  1562 D SubscriptionController: com.android.phone.PhoneInterfaceManager.getSubIdForPhoneAccountHandle(PhoneInterfaceManager.java:6548)
04-23 11:24:05.283   942  1562 D SubscriptionController: com.android.internal.telephony.ITelephony$Stub.onTransact(ITelephony.java:5702)
04-23 11:24:05.283   942  1562 D SubscriptionController: android.os.Binder.execTransactInternal(Binder.java:1159)
04-23 11:24:05.283   942  1562 D SubscriptionController: android.os.Binder.execTransact(Binder.java:1123)
04-23 11:24:05.283   942  1562 D SubscriptionController: [getSubId]- subIdArr=[I@2e5dc89
04-23 11:24:05.283   533  2148 D HostConnection: HostConnection::get() New Host Connection established 0x7012c7bd1750, tid 2148
04-23 11:24:05.286   942  1562 D SubscriptionController: StackTrace - [getSubId]+ slotIndex=0
04-23 11:24:05.286   942  1562 D SubscriptionController: com.android.internal.telephony.SubscriptionController.getSubId(SubscriptionController.java:2299)
04-23 11:24:05.286   942  1562 D SubscriptionController: com.android.internal.telephony.SubscriptionController.getSubIdUsingPhoneId(SubscriptionController.java:2694)
04-23 11:24:05.286   942  1562 D SubscriptionController: com.android.phone.PhoneInterfaceManager.getNetworkCountryIsoForPhone(PhoneInterfaceManager.java:2317)
04-23 11:24:05.286   942  1562 D SubscriptionController: com.android.internal.telephony.ITelephony$Stub.onTransact(ITelephony.java:4197)
04-23 11:24:05.286   942  1562 D SubscriptionController: android.os.Binder.execTransactInternal(Binder.java:1159)
04-23 11:24:05.286   942  1562 D SubscriptionController: android.os.Binder.execTransact(Binder.java:1123)
04-23 11:24:05.286   942  1562 D SubscriptionController: [getSubId]- subIdArr=[I@6d48e
04-23 11:24:05.287  1461  1461 I Dialer  : CallCardPresenter.getLocationFragment - shouldn't show location
04-23 11:24:05.288  1461  1461 I Dialer  : AnswerFragment.setPrimary - PrimaryInfo, number: (650) 555-1212, name: (650) 555-1212, location: null, label: null, photo: null, photoType: 0, isPhotoVisible: true, MultimediaData: null
04-23 11:24:05.289  1461  1461 I Dialer  : AnswerFragment.updateDataFragment - enter
04-23 11:24:05.289  1461  1461 I Dialer  : CallCardPresenter.updatePrimaryDisplayInfo - UI not ready, not showing location
04-23 11:24:05.290  1461  1461 I Dialer  : CallCardPresenter.getLocationFragment - shouldn't show location
04-23 11:24:05.290  1461  1461 I Dialer  : AnswerFragment.setPrimary - PrimaryInfo, number: (650) 555-1212, name: (650) 555-1212, location: California, label: null, photo: null, photoType: 0, isPhotoVisible: true, MultimediaData: null
04-23 11:24:05.290  1461  1461 I Dialer  : AnswerFragment.updateDataFragment - enter
04-23 11:24:05.291  1461  1461 I Dialer  : CallCardPresenter.updatePrimaryDisplayInfo - UI not ready, not showing location
04-23 11:24:05.292   533  2148 D HostConnection: HostComposition ext ANDROID_EMU_CHECKSUM_HELPER_v1 ANDROID_EMU_native_sync_v2 ANDROID_EMU_native_sync_v3 ANDROID_EMU_native_sync_v4 ANDROID_EMU_dma_v1 ANDROID_EMU_direct_mem ANDROID_EMU_host_composition_v1 ANDROID_EMU_host_composition_v2 ANDROID_EMU_YUV_Cache ANDROID_EMU_has_shared_slots_host_memory_allocator ANDROID_EMU_sync_buffer_data ANDROID_EMU_read_color_buffer_dma GL_OES_EGL_image_external_essl3 GL_OES_vertex_array_object GL_KHR_texture_compression_astc_ldr ANDROID_EMU_host_side_tracing ANDROID_EMU_gles_max_version_3_0 
04-23 11:24:05.294   533   548 D Telecom : Logging: START_SESSION
04-23 11:24:05.294   178   178 I hwservicemanager: getTransport: Cannot find entry android.hardware.configstore@1.0::ISurfaceFlingerConfigs/default in either framework or device manifest.
04-23 11:24:05.294   533   548 V Telecom : Logging: END_SUBSESSION (dur: 0 mS): TSI.gPA@AI8
04-23 11:24:05.294   533   548 D Telecom : Logging: END_SESSION (dur: 0 ms): TSI.gPA@AI8
04-23 11:24:05.295   533  2148 W OpenGLRenderer: Failed to choose config with EGL_SWAP_BEHAVIOR_PRESERVED, retrying without...
04-23 11:24:05.297   942  1562 D SubscriptionController: [getDefaultVoiceSubId] subId=1
04-23 11:24:05.297   942  1562 D SubscriptionController: [getDefaultSubId] isVoiceCapable subId=1
04-23 11:24:05.297   942  1562 D SubscriptionController: [isActiveSubId]- true
04-23 11:24:05.297   942  1562 V SubscriptionController: [getDefaultSubId]- value = 1
04-23 11:24:05.297   942  1562 D SubscriptionController: StackTrace - [getSubId]+ slotIndex=0
04-23 11:24:05.297   942  1562 D SubscriptionController: com.android.internal.telephony.SubscriptionController.getSubId(SubscriptionController.java:2299)
04-23 11:24:05.297   942  1562 D SubscriptionController: com.android.internal.telephony.SubscriptionController.getSubIdUsingPhoneId(SubscriptionController.java:2694)
04-23 11:24:05.298   942  1562 D SubscriptionController: com.android.internal.telephony.Phone.getSubId(Phone.java:3743)
04-23 11:24:05.298   942  1562 D SubscriptionController: com.android.phone.PhoneUtils.getSubIdForPhoneAccountHandle(PhoneUtils.java:739)
04-23 11:24:05.298   942  1562 D SubscriptionController: com.android.phone.PhoneInterfaceManager.getSubIdForPhoneAccountHandle(PhoneInterfaceManager.java:6548)
04-23 11:24:05.298   942  1562 D SubscriptionController: com.android.internal.telephony.ITelephony$Stub.onTransact(ITelephony.java:5702)
04-23 11:24:05.298   942  1562 D SubscriptionController: android.os.Binder.execTransactInternal(Binder.java:1159)
04-23 11:24:05.298   942  1562 D SubscriptionController: android.os.Binder.execTransact(Binder.java:1123)
04-23 11:24:05.298   942  1562 D SubscriptionController: [getSubId]- subIdArr=[I@b7ff4af
04-23 11:24:05.299  1461  1461 I Dialer  : AnswerFragment.setCallState - PrimaryCallState, state: 4, connectionLabel: 
04-23 11:24:05.301  1461  1461 I Dialer  : InCallActivity.showMainInCallFragment - already in method, bailing
04-23 11:24:05.301  1461  1461 I Dialer  : CallCardPresenter.onInCallScreenReady
04-23 11:24:05.302  1461  1461 I Dialer  : CallCardPresenter.getLocationFragment - shouldn't show location
04-23 11:24:05.302  1461  1461 I Dialer  : AnswerFragment.setPrimary - PrimaryInfo, number: (650) 555-1212, name: (650) 555-1212, location: California, label: null, photo: null, photoType: 0, isPhotoVisible: true, MultimediaData: null
04-23 11:24:05.302  1461  1461 I Dialer  : AnswerFragment.updateDataFragment - enter
04-23 11:24:05.302  1461  1461 I Dialer  : CallCardPresenter.updatePrimaryDisplayInfo - UI not ready, not showing location
04-23 11:24:05.302  1461  1461 I Dialer  : CallCardPresenter.getLocationFragment - shouldn't show location
04-23 11:24:05.303  1461  1461 I Dialer  : AnswerFragment.updateDataFragment - enter
04-23 11:24:05.312  1461  1461 I Dialer  : FlingUpDownMethod.setAnimationState - animation state: 1
04-23 11:24:05.313  1461  1461 I Dialer  : FlingUpDownMethod.startSwipeToAnswerEntryAnimation - Swipe entry animation.
04-23 11:24:05.313  1461  1461 I Dialer  : FlingUpDownMethod.endAnimation - End animations.
04-23 11:24:05.317  1461  1461 I Dialer  : AnswerFragment.onStart
04-23 11:24:05.319  1461  1461 I Dialer  : AnswerFragment.updateDataFragment - enter
04-23 11:24:05.324  1461  1461 I Dialer  : FlingUpDownMethod.startSwipeToAnswerEntryAnimation - Swipe entry animation.
04-23 11:24:05.324  1461  1461 I Dialer  : FlingUpDownMethod.endAnimation - End animations.
04-23 11:24:05.324   533  2148 D EGL_emulation: eglCreateContext: 0x7012b7bef390: maj 3 min 0 rcv 3
04-23 11:24:05.324  1461  1461 I Dialer  : InCallPresenter.updateActivity - UI Initialized
04-23 11:24:05.328   533  2148 D EGL_emulation: eglMakeCurrent: 0x7012b7bef390: ver 3 0 (tinfo 0x701257c3fe60) (first time)
04-23 11:24:05.331  1461  1461 I Dialer  : InCallPresenter.onCallListChange - Phone switching state: INCOMING -> INCOMING
04-23 11:24:05.335   533  2020 D Telecom : Logging: START_SESSION
04-23 11:24:05.336   533  2020 V Telecom : Logging: END_SUBSESSION (dur: 1 mS): TSI.gPA@AJA
04-23 11:24:05.336   533  2020 D Telecom : Logging: END_SESSION (dur: 1 ms): TSI.gPA@AJA
04-23 11:24:05.337   533  1015 D HostConnection: HostConnection::get() New Host Connection established 0x7012c7bd12d0, tid 1015
04-23 11:24:05.342   942  1562 D SubscriptionController: [getDefaultVoiceSubId] subId=1
04-23 11:24:05.343   942  1562 D SubscriptionController: [getDefaultSubId] isVoiceCapable subId=1
04-23 11:24:05.343   942  1562 D SubscriptionController: [isActiveSubId]- true
04-23 11:24:05.343   942  1562 V SubscriptionController: [getDefaultSubId]- value = 1
04-23 11:24:05.343   942  1562 D SubscriptionController: StackTrace - [getSubId]+ slotIndex=0
04-23 11:24:05.343   942  1562 D SubscriptionController: com.android.internal.telephony.SubscriptionController.getSubId(SubscriptionController.java:2299)
04-23 11:24:05.343   942  1562 D SubscriptionController: com.android.internal.telephony.SubscriptionController.getSubIdUsingPhoneId(SubscriptionController.java:2694)
04-23 11:24:05.343   942  1562 D SubscriptionController: com.android.internal.telephony.Phone.getSubId(Phone.java:3743)
04-23 11:24:05.343   942  1562 D SubscriptionController: com.android.phone.PhoneUtils.getSubIdForPhoneAccountHandle(PhoneUtils.java:739)
04-23 11:24:05.343   942  1562 D SubscriptionController: com.android.phone.PhoneInterfaceManager.getSubIdForPhoneAccountHandle(PhoneInterfaceManager.java:6548)
04-23 11:24:05.343   942  1562 D SubscriptionController: com.android.internal.telephony.ITelephony$Stub.onTransact(ITelephony.java:5702)
04-23 11:24:05.343   942  1562 D SubscriptionController: android.os.Binder.execTransactInternal(Binder.java:1159)
04-23 11:24:05.343   942  1562 D SubscriptionController: android.os.Binder.execTransact(Binder.java:1123)
04-23 11:24:05.343   942  1562 D SubscriptionController: [getSubId]- subIdArr=[I@62b0bc
04-23 11:24:05.344  1461  1461 I Dialer  : AnswerFragment.setCallState - PrimaryCallState, state: 4, connectionLabel: 
04-23 11:24:05.345   533  1015 D HostConnection: HostComposition ext ANDROID_EMU_CHECKSUM_HELPER_v1 ANDROID_EMU_native_sync_v2 ANDROID_EMU_native_sync_v3 ANDROID_EMU_native_sync_v4 ANDROID_EMU_dma_v1 ANDROID_EMU_direct_mem ANDROID_EMU_host_composition_v1 ANDROID_EMU_host_composition_v2 ANDROID_EMU_YUV_Cache ANDROID_EMU_has_shared_slots_host_memory_allocator ANDROID_EMU_sync_buffer_data ANDROID_EMU_read_color_buffer_dma GL_OES_EGL_image_external_essl3 GL_OES_vertex_array_object GL_KHR_texture_compression_astc_ldr ANDROID_EMU_host_side_tracing ANDROID_EMU_gles_max_version_3_0 
04-23 11:24:05.350   533  2020 D Telecom : Logging: START_SESSION
04-23 11:24:05.350   533  2020 V Telecom : Logging: END_SUBSESSION (dur: 0 mS): TSI.gPA@AJE
04-23 11:24:05.350   533  2020 D Telecom : Logging: END_SESSION (dur: 0 ms): TSI.gPA@AJE
04-23 11:24:05.362  1461  1461 I Dialer  : DialerCall.isVoipCallNotSupportedBySpeakeasy - callid was empty
04-23 11:24:05.362  1461  1461 I Dialer  : InCallActivity.getShouldShowAnswerUi - found incoming call
04-23 11:24:05.363   533   548 D Telecom : Logging: START_SESSION
04-23 11:24:05.363   533   548 V Telecom : Logging: END_SUBSESSION (dur: 0 mS): TSI.gPA@AJI
04-23 11:24:05.363   533   548 D Telecom : Logging: END_SESSION (dur: 0 ms): TSI.gPA@AJI
04-23 11:24:05.364  1461  1461 I Dialer  : DialerCall.isVoipCallNotSupportedBySpeakeasy - callid was empty
04-23 11:24:05.364  1461  1461 I Dialer  : InCallActivity.showMainInCallFragment - shouldShowAnswerUi: true, shouldShowRttUi: false, shouldShowVideoUi: false, shouldShowSpeakEasyUi: false, didShowAnswerScreen: true, didShowInCallScreen: false, didShowRttCallScreen: false, didShowVideoCallScreen: false, didShowSpeakEasyScreen: false
04-23 11:24:05.366   497   497 E wifi_forwarder: qemu_pipe_open_ns:62: Could not connect to the 'pipe:qemud:wififorward' service: Invalid argument
04-23 11:24:05.366   497   497 E wifi_forwarder: RemoteConnection failed to initialize: RemoteConnection failed to open pipe
04-23 11:24:05.369  1461  1461 I Dialer  : StatusBarNotifier.buildAndSendNotification - notificationType=3
04-23 11:24:05.375   533   548 D Telecom : Logging: START_SESSION
04-23 11:24:05.375   533   548 V Telecom : Logging: END_SUBSESSION (dur: 0 mS): TSI.gPA@AJM
04-23 11:24:05.375   533   548 D Telecom : Logging: END_SESSION (dur: 0 ms): TSI.gPA@AJM
04-23 11:24:05.376  1461  1461 I Dialer  : DialerCall.isVoipCallNotSupportedBySpeakeasy - callid was empty
04-23 11:24:05.377  1461  1461 I Dialer  : StatusBarNotifier.buildAndSendNotification - displaying notification for 3
04-23 11:24:05.381  1461  1461 I Dialer  : VideoPauseController.onStateChange - hasPrimaryCallChanged: false, videoCanPause: false, isInBackground: false
04-23 11:24:05.383  1461  1461 I Dialer  : ProximitySensor.updateProximitySensorMode - screenOnImmediately: true, dialPadVisible: false, offHook: false, horizontal: false, uiShowing: true, audioRoute: SPEAKER
04-23 11:24:05.383  1461  1461 I Dialer  : ProximitySensor.turnOffProximitySensor - wake lock already released
04-23 11:24:05.383  1461  1461 I Dialer  : InCallPresenter.refreshMuteState - refreshMuteStateAfterAddCall: false addCallClicked: false
04-23 11:24:05.384  1461  1461 I Dialer  : ReturnToCallController.hide - hide() called without calling show()
04-23 11:24:05.388   533   533 I notification_enqueue: [10099,1461,com.android.dialer,1,NULL,0,Notification(channel=phone_ongoing_call shortcut=null contentView=null vibrate=null sound=null defaults=0x0 flags=0x4a color=0xff2a56c6 actions=2 vis=PRIVATE publicVersion=Notification(channel=null shortcut=null contentView=null vibrate=null sound=null defaults=0x0 flags=0x0 color=0xff2a56c6 vis=PRIVATE)),1]
04-23 11:24:05.389   533  1015 D Telecom : Logging: START_SESSION
04-23 11:24:05.389   533  1015 V Telecom : Logging: END_SUBSESSION (dur: 0 mS): TSI.gPA@AJQ
04-23 11:24:05.389   533  1015 D Telecom : Logging: END_SESSION (dur: 0 ms): TSI.gPA@AJQ
04-23 11:24:05.390  1461  1461 I Dialer  : DialerCall.isVoipCallNotSupportedBySpeakeasy - callid was empty
04-23 11:24:05.390  1461  1461 I Dialer  : InCallActivity.getShouldShowAnswerUi - found incoming call
04-23 11:24:05.394   533  2020 D Telecom : Logging: START_SESSION
04-23 11:24:05.394   533  2020 V Telecom : Logging: END_SUBSESSION (dur: 0 mS): TSI.gPA@AJU
04-23 11:24:05.394   533  2020 D Telecom : Logging: END_SESSION (dur: 0 ms): TSI.gPA@AJU
04-23 11:24:05.395  1461  1461 I Dialer  : DialerCall.isVoipCallNotSupportedBySpeakeasy - callid was empty
04-23 11:24:05.395  1461  1461 I Dialer  : InCallActivity.showMainInCallFragment - shouldShowAnswerUi: true, shouldShowRttUi: false, shouldShowVideoUi: false, shouldShowSpeakEasyUi: false, didShowAnswerScreen: true, didShowInCallScreen: false, didShowRttCallScreen: false, didShowVideoCallScreen: false, didShowSpeakEasyScreen: false
04-23 11:24:05.395  1461  1461 I wm_on_start_called: [41245169,com.android.incallui.InCallActivity,handleStartActivity]
04-23 11:24:05.399  1461  1461 I Dialer  : InCallActivity.onPseudoScreenStateChanged - isOn: true
04-23 11:24:05.399  1461  1461 I wm_on_resume_called: [41245169,com.android.incallui.InCallActivity,RESUME_ACTIVITY]
04-23 11:24:05.399  1461  1461 I Dialer  : AnswerFragment.onResume
04-23 11:24:05.399  1461  1461 I Dialer  : CallCardPresenter.getLocationFragment - shouldn't show location
04-23 11:24:05.399  1461  1461 I Dialer  : AnswerFragment.setPrimary - PrimaryInfo, number: (650) 555-1212, name: (650) 555-1212, location: California, label: null, photo: null, photoType: 0, isPhotoVisible: true, MultimediaData: null
04-23 11:24:05.400  1461  1461 I Dialer  : AnswerFragment.updateDataFragment - enter
04-23 11:24:05.400  1461  1461 I Dialer  : CallCardPresenter.getLocationFragment - shouldn't show location
04-23 11:24:05.409   698   724 D KeyguardViewMediator: setOccluded true
04-23 11:24:05.410  1461  1461 I wm_on_top_resumed_gained_called: [41245169,com.android.incallui.InCallActivity,topStateChangedWhenResumed]
04-23 11:24:05.414   698   698 D KeyguardViewMediator: adjustStatusBarLocked: mShowing=false mOccluded=true isSecure=false force=false --> flags=0x0
04-23 11:24:05.444   698   698 D StatusBar: disable<e i a s B!H!R!c s > disable2<q i n >
04-23 11:24:05.452  1461  2142 D HostConnection: HostConnection::get() New Host Connection established 0x7012c7bcd6d0, tid 2142
04-23 11:24:05.461  1461  2142 D HostConnection: HostComposition ext ANDROID_EMU_CHECKSUM_HELPER_v1 ANDROID_EMU_native_sync_v2 ANDROID_EMU_native_sync_v3 ANDROID_EMU_native_sync_v4 ANDROID_EMU_dma_v1 ANDROID_EMU_direct_mem ANDROID_EMU_host_composition_v1 ANDROID_EMU_host_composition_v2 ANDROID_EMU_YUV_Cache ANDROID_EMU_has_shared_slots_host_memory_allocator ANDROID_EMU_sync_buffer_data ANDROID_EMU_read_color_buffer_dma GL_OES_EGL_image_external_essl3 GL_OES_vertex_array_object GL_KHR_texture_compression_astc_ldr ANDROID_EMU_host_side_tracing ANDROID_EMU_gles_max_version_3_0 
04-23 11:24:05.462   178   178 I hwservicemanager: getTransport: Cannot find entry android.hardware.configstore@1.0::ISurfaceFlingerConfigs/default in either framework or device manifest.
04-23 11:24:05.463  1461  2142 W OpenGLRenderer: Failed to choose config with EGL_SWAP_BEHAVIOR_PRESERVED, retrying without...
04-23 11:24:05.480  1461  2142 D EGL_emulation: eglCreateContext: 0x7012b7c26390: maj 3 min 0 rcv 3
04-23 11:24:05.482  1461  2142 D EGL_emulation: eglMakeCurrent: 0x7012b7c26390: ver 3 0 (tinfo 0x701257c252e0) (first time)
04-23 11:24:05.485   533   554 I dvm_lock_sample: [system_server,1,android.anim,16,WindowAnimator.java,105,void com.android.server.wm.WindowAnimator.lambda$new$1$WindowAnimator(long),WindowManagerService.java,5141,void com.android.server.wm.WindowManagerService$H.handleMessage(android.os.Message),3]
04-23 11:24:05.501   308   319 D goldfish-address-space: claimShared: Ask to claim region [0x3f9c2f000 0x3fa594000]
04-23 11:24:05.503   178   178 I hwservicemanager: getTransport: Cannot find entry android.hardware.graphics.mapper@4.0::IMapper/default in either framework or device manifest.
04-23 11:24:05.504  1461  2142 I Gralloc4: mapper 4.x is not supported
04-23 11:24:05.507  1461  2142 D HostConnection: createUnique: call
04-23 11:24:05.509  1461  2142 D HostConnection: HostConnection::get() New Host Connection established 0x7012c7bcd790, tid 2142
04-23 11:24:05.509  1461  2142 D goldfish-address-space: allocate: Ask for block of size 0x100
04-23 11:24:05.511  1461  2142 D goldfish-address-space: allocate: ioctl allocate returned offset 0x3f7ffe000 size 0x2000
04-23 11:24:05.519  1461  2142 D HostConnection: HostComposition ext ANDROID_EMU_CHECKSUM_HELPER_v1 ANDROID_EMU_native_sync_v2 ANDROID_EMU_native_sync_v3 ANDROID_EMU_native_sync_v4 ANDROID_EMU_dma_v1 ANDROID_EMU_direct_mem ANDROID_EMU_host_composition_v1 ANDROID_EMU_host_composition_v2 ANDROID_EMU_YUV_Cache ANDROID_EMU_has_shared_slots_host_memory_allocator ANDROID_EMU_sync_buffer_data ANDROID_EMU_read_color_buffer_dma GL_OES_EGL_image_external_essl3 GL_OES_vertex_array_object GL_KHR_texture_compression_astc_ldr ANDROID_EMU_host_side_tracing ANDROID_EMU_gles_max_version_3_0 
04-23 11:24:05.550   308   319 D goldfish-address-space: claimShared: Ask to claim region [0x3ff3d4000 0x3ffd39000]
04-23 11:24:05.557  1461  1461 I Dialer  : ImsVideoCall.isAvailable - null video call
04-23 11:24:05.561   533  2020 D Telecom : Logging: START_SESSION
04-23 11:24:05.561   533  2020 V Telecom : Logging: END_SUBSESSION (dur: 0 mS): TSI.gCCPA@AJY
04-23 11:24:05.561   533  2020 D Telecom : Logging: END_SESSION (dur: 0 ms): TSI.gCCPA@AJY
04-23 11:24:05.566   533   558 D ArtManagerInternalImpl: /data/misc/iorapd/com.android.dialer/2900000/com.android.incallui.InCallActivity/compiled_traces/compiled_trace.pb doesn't exist
04-23 11:24:05.566   533   558 I sysui_multi_action: [319,563,322,562,325,201,757,761,758,8,759,2,806,com.android.dialer,871,com.android.incallui.InCallActivity,904,com.android.dialer,905,0,1320,5,1321,1]
04-23 11:24:05.567   533   553 D EventSequenceValidator: Transition from ACTIVITY_LAUNCHED to ACTIVITY_FINISHED
04-23 11:24:05.569   942  1562 D SubscriptionController: StackTrace - [getSubId]+ slotIndex=0
04-23 11:24:05.569   942  1562 D SubscriptionController: com.android.internal.telephony.SubscriptionController.getSubId(SubscriptionController.java:2299)
04-23 11:24:05.569   942  1562 D SubscriptionController: com.android.internal.telephony.SubscriptionController.getSubIdUsingPhoneId(SubscriptionController.java:2694)
04-23 11:24:05.569   942  1562 D SubscriptionController: com.android.phone.PhoneInterfaceManager.getNetworkCountryIsoForPhone(PhoneInterfaceManager.java:2317)
04-23 11:24:05.569   942  1562 D SubscriptionController: com.android.internal.telephony.ITelephony$Stub.onTransact(ITelephony.java:4197)
04-23 11:24:05.569   942  1562 D SubscriptionController: android.os.Binder.execTransactInternal(Binder.java:1159)
04-23 11:24:05.569   942  1562 D SubscriptionController: android.os.Binder.execTransact(Binder.java:1123)
04-23 11:24:05.570   942  1562 D SubscriptionController: [getSubId]- subIdArr=[I@946b845
04-23 11:24:05.571  1461  1461 I Dialer  : ImsVideoCall.isAvailable - null video call
04-23 11:24:05.571  1461  1461 I Dialer  : CallList.onUpdateCall - [DialerCall_0, ACTIVE, [Capabilities: CAPABILITY_HOLD CAPABILITY_SUPPORT_HOLD CAPABILITY_MUTE CAPABILITY_CANNOT_DOWNGRADE_VIDEO_TO_AUDIO], [Properties:], children:[], parent:null, conferenceable:[], videoState:Audio Only, mSessionModificationState:0, CameraDir:-1]
04-23 11:24:05.571  1461  1461 I Dialer  : InCallPresenter.onCallListChange - Phone switching state: INCOMING -> INCALL
04-23 11:24:05.572   533   558 I wm_activity_launch_time: [0,41245169,com.android.dialer/com.android.incallui.InCallActivity,562]
04-23 11:24:05.573   533   558 I ActivityTaskManager: Displayed com.android.dialer/com.android.incallui.InCallActivity: +562ms
04-23 11:24:05.578   533  2020 D Telecom : Logging: START_SESSION
04-23 11:24:05.578   533  2020 V Telecom : Logging: END_SUBSESSION (dur: 0 mS): TSI.gPA@AJc
04-23 11:24:05.578   533  2020 D Telecom : Logging: END_SESSION (dur: 0 ms): TSI.gPA@AJc
04-23 11:24:05.582   942  1562 D SubscriptionController: [getDefaultVoiceSubId] subId=1
04-23 11:24:05.582   942  1562 D SubscriptionController: [getDefaultSubId] isVoiceCapable subId=1
04-23 11:24:05.582   942  1562 D SubscriptionController: [isActiveSubId]- true
04-23 11:24:05.582   942  1562 V SubscriptionController: [getDefaultSubId]- value = 1
04-23 11:24:05.582   942  1562 D SubscriptionController: StackTrace - [getSubId]+ slotIndex=0
04-23 11:24:05.582   942  1562 D SubscriptionController: com.android.internal.telephony.SubscriptionController.getSubId(SubscriptionController.java:2299)
04-23 11:24:05.582   942  1562 D SubscriptionController: com.android.internal.telephony.SubscriptionController.getSubIdUsingPhoneId(SubscriptionController.java:2694)
04-23 11:24:05.582   942  1562 D SubscriptionController: com.android.internal.telephony.Phone.getSubId(Phone.java:3743)
04-23 11:24:05.582   942  1562 D SubscriptionController: com.android.phone.PhoneUtils.getSubIdForPhoneAccountHandle(PhoneUtils.java:739)
04-23 11:24:05.582   942  1562 D SubscriptionController: com.android.phone.PhoneInterfaceManager.getSubIdForPhoneAccountHandle(PhoneInterfaceManager.java:6548)
04-23 11:24:05.582   942  1562 D SubscriptionController: com.android.internal.telephony.ITelephony$Stub.onTransact(ITelephony.java:5702)
04-23 11:24:05.582   942  1562 D SubscriptionController: android.os.Binder.execTransactInternal(Binder.java:1159)
04-23 11:24:05.583   942  1562 D SubscriptionController: android.os.Binder.execTransact(Binder.java:1123)
04-23 11:24:05.583   942  1562 D SubscriptionController: [getSubId]- subIdArr=[I@99fab9a
04-23 11:24:05.583  1461  1461 I Dialer  : AnswerFragment.setCallState - PrimaryCallState, state: 3, connectionLabel: 
04-23 11:24:05.585  1461  1461 I Dialer  : ContactGridManager.updateBottomRow - starting timer with base: 201361
04-23 11:24:05.590   533  1004 D Telecom : Logging: START_SESSION
04-23 11:24:05.590   533  1004 V Telecom : Logging: END_SUBSESSION (dur: 0 mS): TSI.gPA@AJg
04-23 11:24:05.590   533  1004 D Telecom : Logging: END_SESSION (dur: 0 ms): TSI.gPA@AJg
04-23 11:24:05.591  1461  1461 I Dialer  : DialerCall.isVoipCallNotSupportedBySpeakeasy - callid was empty
04-23 11:24:05.591  1461  1461 I Dialer  : InCallActivity.showMainInCallFragment - shouldShowAnswerUi: false, shouldShowRttUi: false, shouldShowVideoUi: false, shouldShowSpeakEasyUi: false, didShowAnswerScreen: true, didShowInCallScreen: false, didShowRttCallScreen: false, didShowVideoCallScreen: false, didShowSpeakEasyScreen: false
04-23 11:24:05.593  1461  1461 I Dialer  : AnswerFragment.onPause
04-23 11:24:05.593  1461  1461 I Dialer  : FlingUpDownMethod.endAnimation - End animations.
04-23 11:24:05.595  1461  1461 I Dialer  : AnswerFragment.onStop
04-23 11:24:05.598  1461  1461 I Dialer  : AnswerFragment.onDestroyView
04-23 11:24:05.598  1461  1461 I Dialer  : CallCardPresenter.onInCallScreenUnready
04-23 11:24:05.600   365  1054 W ServiceManager: Permission failure: android.permission.ACCESS_SURFACE_FLINGER from uid=10099 pid=1461
04-23 11:24:05.600   365  1054 D PermissionCache: checking android.permission.ACCESS_SURFACE_FLINGER for uid=10099 => denied (877 us)
04-23 11:24:05.605  1461  1461 I Dialer  : InCallFragment.onCreateView
04-23 11:24:05.615   942  1562 D SubscriptionController: StackTrace - [getPhoneId] subId=1
04-23 11:24:05.615   942  1562 D SubscriptionController: com.android.internal.telephony.SubscriptionController.getPhoneId(SubscriptionController.java:2347)
04-23 11:24:05.615   942  1562 D SubscriptionController: com.android.phone.PhoneInterfaceManager.getPhone(PhoneInterfaceManager.java:1705)
04-23 11:24:05.615   942  1562 D SubscriptionController: com.android.phone.PhoneInterfaceManager.getVoiceNetworkTypeForSubscriber(PhoneInterfaceManager.java:4311)
04-23 11:24:05.615   942  1562 D SubscriptionController: com.android.internal.telephony.ITelephony$Stub.onTransact(ITelephony.java:4614)
04-23 11:24:05.615   942  1562 D SubscriptionController: android.os.Binder.execTransactInternal(Binder.java:1159)
04-23 11:24:05.615   942  1562 D SubscriptionController: android.os.Binder.execTransact(Binder.java:1123)
04-23 11:24:05.615   942  1562 D SubscriptionController: [getPhoneId]- found subId=1 phoneId=0
04-23 11:24:05.620  1461  1461 I Dialer  : InCallFragment.onViewCreated
04-23 11:24:05.620  1461  1461 I Dialer  : CallCardPresenter.constructor
04-23 11:24:05.622  1461  1461 I Dialer  : CallCardPresenter.getLocationFragment - shouldn't show location
04-23 11:24:05.622   698   698 D InterruptionStateProvider: No bubble up: not allowed to bubble: 0|com.android.dialer|1|null|10099
04-23 11:24:05.623  1461  1461 I Dialer  : InCallFragment.setPrimary - PrimaryInfo, number: (650) 555-1212, name: (650) 555-1212, location: California, label: null, photo: null, photoType: 0, isPhotoVisible: true, MultimediaData: null
04-23 11:24:05.623   698   698 D InterruptionStateProvider: No heads up: unimportant notification: 0|com.android.dialer|1|null|10099
04-23 11:24:05.625   698   698 W TouchableRegionManager: onHeadsUpPinnedModeChanged
04-23 11:24:05.628  1461  1461 I Dialer  : CallCardPresenter.updatePrimaryDisplayInfo - UI not ready, not showing location
04-23 11:24:05.631   942  1562 D SubscriptionController: [getDefaultVoiceSubId] subId=1
04-23 11:24:05.631   942  1562 D SubscriptionController: [getDefaultSubId] isVoiceCapable subId=1
04-23 11:24:05.631   942  1562 D SubscriptionController: [isActiveSubId]- true
04-23 11:24:05.631   942  1562 V SubscriptionController: [getDefaultSubId]- value = 1
04-23 11:24:05.631   942  1562 D SubscriptionController: StackTrace - [getSubId]+ slotIndex=0
04-23 11:24:05.631   942  1562 D SubscriptionController: com.android.internal.telephony.SubscriptionController.getSubId(SubscriptionController.java:2299)
04-23 11:24:05.632   942  1562 D SubscriptionController: com.android.internal.telephony.SubscriptionController.getSubIdUsingPhoneId(SubscriptionController.java:2694)
04-23 11:24:05.632   942  1562 D SubscriptionController: com.android.internal.telephony.Phone.getSubId(Phone.java:3743)
04-23 11:24:05.632   942  1562 D SubscriptionController: com.android.phone.PhoneUtils.getSubIdForPhoneAccountHandle(PhoneUtils.java:739)
04-23 11:24:05.632   942  1562 D SubscriptionController: com.android.phone.PhoneInterfaceManager.getSubIdForPhoneAccountHandle(PhoneInterfaceManager.java:6548)
04-23 11:24:05.632   942  1562 D SubscriptionController: com.android.internal.telephony.ITelephony$Stub.onTransact(ITelephony.java:5702)
04-23 11:24:05.632   942  1562 D SubscriptionController: android.os.Binder.execTransactInternal(Binder.java:1159)
04-23 11:24:05.632   942  1562 D SubscriptionController: android.os.Binder.execTransact(Binder.java:1123)
04-23 11:24:05.632   942  1562 D SubscriptionController: [getSubId]- subIdArr=[I@2612ccb
04-23 11:24:05.634   942  1562 D SubscriptionController: StackTrace - [getSubId]+ slotIndex=0
04-23 11:24:05.634   942  1562 D SubscriptionController: com.android.internal.telephony.SubscriptionController.getSubId(SubscriptionController.java:2299)
04-23 11:24:05.634   942  1562 D SubscriptionController: com.android.internal.telephony.SubscriptionController.getSubIdUsingPhoneId(SubscriptionController.java:2694)
04-23 11:24:05.634   942  1562 D SubscriptionController: com.android.phone.PhoneInterfaceManager.getNetworkCountryIsoForPhone(PhoneInterfaceManager.java:2317)
04-23 11:24:05.634   942  1562 D SubscriptionController: com.android.internal.telephony.ITelephony$Stub.onTransact(ITelephony.java:4197)
04-23 11:24:05.634   942  1562 D SubscriptionController: android.os.Binder.execTransactInternal(Binder.java:1159)
04-23 11:24:05.634   942  1562 D SubscriptionController: android.os.Binder.execTransact(Binder.java:1123)
04-23 11:24:05.635   942  1562 D SubscriptionController: [getSubId]- subIdArr=[I@f081ca8
04-23 11:24:05.635  1461  1461 I Dialer  : CallCardPresenter.getLocationFragment - shouldn't show location
04-23 11:24:05.635  1461  1461 I Dialer  : InCallFragment.setPrimary - PrimaryInfo, number: (650) 555-1212, name: (650) 555-1212, location: null, label: null, photo: null, photoType: 0, isPhotoVisible: true, MultimediaData: null
04-23 11:24:05.636  1461  1461 I Dialer  : CallCardPresenter.updatePrimaryDisplayInfo - UI not ready, not showing location
04-23 11:24:05.636  1461  1461 I Dialer  : CallCardPresenter.getLocationFragment - shouldn't show location
04-23 11:24:05.636  1461  1461 I Dialer  : InCallFragment.setPrimary - PrimaryInfo, number: (650) 555-1212, name: (650) 555-1212, location: California, label: null, photo: null, photoType: 0, isPhotoVisible: true, MultimediaData: null
04-23 11:24:05.636  1461  1461 I Dialer  : CallCardPresenter.updatePrimaryDisplayInfo - UI not ready, not showing location
04-23 11:24:05.638   942  1562 D SubscriptionController: [getDefaultVoiceSubId] subId=1
04-23 11:24:05.639   942  1562 D SubscriptionController: [getDefaultSubId] isVoiceCapable subId=1
04-23 11:24:05.639   942  1562 D SubscriptionController: [isActiveSubId]- true
04-23 11:24:05.639   942  1562 V SubscriptionController: [getDefaultSubId]- value = 1
04-23 11:24:05.639   942  1562 D SubscriptionController: StackTrace - [getSubId]+ slotIndex=0
04-23 11:24:05.639   942  1562 D SubscriptionController: com.android.internal.telephony.SubscriptionController.getSubId(SubscriptionController.java:2299)
04-23 11:24:05.639   942  1562 D SubscriptionController: com.android.internal.telephony.SubscriptionController.getSubIdUsingPhoneId(SubscriptionController.java:2694)
04-23 11:24:05.639   942  1562 D SubscriptionController: com.android.internal.telephony.Phone.getSubId(Phone.java:3743)
04-23 11:24:05.639   942  1562 D SubscriptionController: com.android.phone.PhoneUtils.getSubIdForPhoneAccountHandle(PhoneUtils.java:739)
04-23 11:24:05.639   942  1562 D SubscriptionController: com.android.phone.PhoneInterfaceManager.getSubIdForPhoneAccountHandle(PhoneInterfaceManager.java:6548)
04-23 11:24:05.639   942  1562 D SubscriptionController: com.android.internal.telephony.ITelephony$Stub.onTransact(ITelephony.java:5702)
04-23 11:24:05.639   942  1562 D SubscriptionController: android.os.Binder.execTransactInternal(Binder.java:1159)
04-23 11:24:05.640   942  1562 D SubscriptionController: android.os.Binder.execTransact(Binder.java:1123)
04-23 11:24:05.640   942  1562 D SubscriptionController: [getSubId]- subIdArr=[I@11f93c1
04-23 11:24:05.640  1461  1461 I Dialer  : InCallFragment.setCallState - PrimaryCallState, state: 3, connectionLabel: 
04-23 11:24:05.641  1461  1461 I Dialer  : ContactGridManager.updateBottomRow - starting timer with base: 201361
04-23 11:24:05.643  1461  1461 I Dialer  : InCallActivity.showMainInCallFragment - already in method, bailing
04-23 11:24:05.643  1461  1461 I Dialer  : CallCardPresenter.onInCallScreenReady
04-23 11:24:05.643  1461  1461 I Dialer  : CallCardPresenter.getLocationFragment - shouldn't show location
04-23 11:24:05.643  1461  1461 I Dialer  : InCallFragment.setPrimary - PrimaryInfo, number: (650) 555-1212, name: (650) 555-1212, location: California, label: null, photo: null, photoType: 0, isPhotoVisible: true, MultimediaData: null
04-23 11:24:05.644  1461  1461 I Dialer  : CallCardPresenter.updatePrimaryDisplayInfo - UI not ready, not showing location
04-23 11:24:05.645  1461  1461 I Dialer  : CallCardPresenter.getLocationFragment - shouldn't show location
04-23 11:24:05.645  1461  1461 I Dialer  : CallCardPresenter.getLocationFragment - shouldn't show location
04-23 11:24:05.645  1461  1461 I Dialer  : InCallFragment.setPrimary - PrimaryInfo, number: (650) 555-1212, name: (650) 555-1212, location: California, label: null, photo: null, photoType: 0, isPhotoVisible: true, MultimediaData: null
04-23 11:24:05.645  1461  1461 I Dialer  : CallCardPresenter.getLocationFragment - shouldn't show location
04-23 11:24:05.654  1461  1461 I Dialer  : ProximitySensor.updateProximitySensorMode - screenOnImmediately: true, dialPadVisible: false, offHook: true, horizontal: false, uiShowing: true, audioRoute: SPEAKER
04-23 11:24:05.654  1461  1461 I Dialer  : ProximitySensor.turnOffProximitySensor - wake lock already released
04-23 11:24:05.656   942  1562 D SubscriptionController: [getDefaultVoiceSubId] subId=1
04-23 11:24:05.657   942  1562 D SubscriptionController: [getDefaultSubId] isVoiceCapable subId=1
04-23 11:24:05.657   942  1562 D SubscriptionController: [isActiveSubId]- true
04-23 11:24:05.657   942  1562 V SubscriptionController: [getDefaultSubId]- value = 1
04-23 11:24:05.657   942  1562 D SubscriptionController: StackTrace - [getSubId]+ slotIndex=0
04-23 11:24:05.657   942  1562 D SubscriptionController: com.android.internal.telephony.SubscriptionController.getSubId(SubscriptionController.java:2299)
04-23 11:24:05.657   942  1562 D SubscriptionController: com.android.internal.telephony.SubscriptionController.getSubIdUsingPhoneId(SubscriptionController.java:2694)
04-23 11:24:05.657   942  1562 D SubscriptionController: com.android.internal.telephony.Phone.getSubId(Phone.java:3743)
04-23 11:24:05.657   942  1562 D SubscriptionController: com.android.phone.PhoneUtils.getSubIdForPhoneAccountHandle(PhoneUtils.java:739)
04-23 11:24:05.657   942  1562 D SubscriptionController: com.android.phone.PhoneInterfaceManager.getSubIdForPhoneAccountHandle(PhoneInterfaceManager.java:6548)
04-23 11:24:05.657   942  1562 D SubscriptionController: com.android.internal.telephony.ITelephony$Stub.onTransact(ITelephony.java:5702)
04-23 11:24:05.657   942  1562 D SubscriptionController: android.os.Binder.execTransactInternal(Binder.java:1159)
04-23 11:24:05.657   942  1562 D SubscriptionController: android.os.Binder.execTransact(Binder.java:1123)
04-23 11:24:05.657   942  1562 D SubscriptionController: [getSubId]- subIdArr=[I@1bce766
04-23 11:24:05.658  1461  1461 I Dialer  : InCallFragment.setCallState - PrimaryCallState, state: 3, connectionLabel: 
04-23 11:24:05.661   533  2020 D Telecom : Logging: START_SESSION
04-23 11:24:05.662   533  2020 V Telecom : Logging: END_SUBSESSION (dur: 0 mS): TSI.gPA@AJk
04-23 11:24:05.662   533  2020 D Telecom : Logging: END_SESSION (dur: 0 ms): TSI.gPA@AJk
04-23 11:24:05.663  1461  1461 I Dialer  : DialerCall.isVoipCallNotSupportedBySpeakeasy - callid was empty
04-23 11:24:05.663  1461  1461 I Dialer  : InCallActivity.showMainInCallFragment - shouldShowAnswerUi: false, shouldShowRttUi: false, shouldShowVideoUi: false, shouldShowSpeakEasyUi: false, didShowAnswerScreen: false, didShowInCallScreen: true, didShowRttCallScreen: false, didShowVideoCallScreen: false, didShowSpeakEasyScreen: false
04-23 11:24:05.666  1461  1461 I Dialer  : StatusBarNotifier.buildAndSendNotification - notificationType=1
04-23 11:24:05.667  1461  1461 I Dialer  : StatusBarNotifier.buildAndSendNotification - displaying notification for 1
04-23 11:24:05.669  1461  1461 I Dialer  : VideoPauseController.onStateChange - hasPrimaryCallChanged: false, videoCanPause: false, isInBackground: false
04-23 11:24:05.669  1461  1461 I Dialer  : ReturnToCallController.hide - hide() called without calling show()
04-23 11:24:05.672   533   533 I notification_enqueue: [10099,1461,com.android.dialer,1,NULL,0,Notification(channel=phone_ongoing_call shortcut=null contentView=null vibrate=null sound=null defaults=0x0 flags=0x4a color=0xff2a56c6 actions=2 vis=PRIVATE publicVersion=Notification(channel=null shortcut=null contentView=null vibrate=null sound=null defaults=0x0 flags=0x0 color=0xff2a56c6 vis=PRIVATE)),1]
04-23 11:24:05.676   698   698 W View    : requestLayout() improperly called by com.android.internal.widget.NotificationExpandButton{b275e6e VFED..C.. ......ID 953,37-1014,101 #1020295 android:id/expand_button} during layout: running second layout pass
04-23 11:24:05.677   698   698 W View    : requestLayout() improperly called by com.android.internal.widget.NotificationExpandButton{56963e6 VFED..C.. ......ID 953,37-1014,101 #1020295 android:id/expand_button} during layout: running second layout pass
04-23 11:24:05.684   533   552 I DropBoxManagerService: add tag=system_app_strictmode isTagEnabled=true flags=0x2
04-23 11:24:05.689  1461  1461 I Dialer  : ImsVideoCall.isAvailable - null video call
04-23 11:24:05.689  1461  1461 I Dialer  : DialerCall.updateCallTiming - state is already active
04-23 11:24:05.692   533  2020 D Telecom : Logging: START_SESSION
04-23 11:24:05.692   533  2020 V Telecom : Logging: END_SUBSESSION (dur: 0 mS): TSI.gCCPA@AJo
04-23 11:24:05.692   533  2020 D Telecom : Logging: END_SESSION (dur: 0 ms): TSI.gCCPA@AJo
04-23 11:24:05.695   533   552 I DropBoxManagerService: add tag=system_app_strictmode isTagEnabled=true flags=0x2
04-23 11:24:05.696   942  1562 D SubscriptionController: StackTrace - [getSubId]+ slotIndex=0
04-23 11:24:05.697   942  1562 D SubscriptionController: com.android.internal.telephony.SubscriptionController.getSubId(SubscriptionController.java:2299)
04-23 11:24:05.697   942  1562 D SubscriptionController: com.android.internal.telephony.SubscriptionController.getSubIdUsingPhoneId(SubscriptionController.java:2694)
04-23 11:24:05.697   942  1562 D SubscriptionController: com.android.phone.PhoneInterfaceManager.getNetworkCountryIsoForPhone(PhoneInterfaceManager.java:2317)
04-23 11:24:05.697   942  1562 D SubscriptionController: com.android.internal.telephony.ITelephony$Stub.onTransact(ITelephony.java:4197)
04-23 11:24:05.697   942  1562 D SubscriptionController: android.os.Binder.execTransactInternal(Binder.java:1159)
04-23 11:24:05.697   942  1562 D SubscriptionController: android.os.Binder.execTransact(Binder.java:1123)
04-23 11:24:05.697   942  1562 D SubscriptionController: [getSubId]- subIdArr=[I@ad3caa7
04-23 11:24:05.697  1461  1461 I Dialer  : ImsVideoCall.isAvailable - null video call
04-23 11:24:05.697  1461  1461 I Dialer  : CallList.onUpdateCall - [DialerCall_0, ACTIVE, [Capabilities: CAPABILITY_HOLD CAPABILITY_SUPPORT_HOLD CAPABILITY_MUTE CAPABILITY_CANNOT_DOWNGRADE_VIDEO_TO_AUDIO], [Properties:], children:[], parent:null, conferenceable:[], videoState:Audio Only, mSessionModificationState:0, CameraDir:-1]
04-23 11:24:05.697  1461  1461 I Dialer  : InCallPresenter.onCallListChange - Phone switching state: INCALL -> INCALL
04-23 11:24:05.702   533  2020 D Telecom : Logging: START_SESSION
04-23 11:24:05.702   533  2020 V Telecom : Logging: END_SUBSESSION (dur: 0 mS): TSI.gPA@AJs
04-23 11:24:05.702   533  2020 D Telecom : Logging: END_SESSION (dur: 0 ms): TSI.gPA@AJs
04-23 11:24:05.710   942  1562 D SubscriptionController: [getDefaultVoiceSubId] subId=1
04-23 11:24:05.710   942  1562 D SubscriptionController: [getDefaultSubId] isVoiceCapable subId=1
04-23 11:24:05.710   942  1562 D SubscriptionController: [isActiveSubId]- true
04-23 11:24:05.710   942  1562 V SubscriptionController: [getDefaultSubId]- value = 1
04-23 11:24:05.710   942  1562 D SubscriptionController: StackTrace - [getSubId]+ slotIndex=0
04-23 11:24:05.710   942  1562 D SubscriptionController: com.android.internal.telephony.SubscriptionController.getSubId(SubscriptionController.java:2299)
04-23 11:24:05.710   942  1562 D SubscriptionController: com.android.internal.telephony.SubscriptionController.getSubIdUsingPhoneId(SubscriptionController.java:2694)
04-23 11:24:05.710   942  1562 D SubscriptionController: com.android.internal.telephony.Phone.getSubId(Phone.java:3743)
04-23 11:24:05.710   942  1562 D SubscriptionController: com.android.phone.PhoneUtils.getSubIdForPhoneAccountHandle(PhoneUtils.java:739)
04-23 11:24:05.710   942  1562 D SubscriptionController: com.android.phone.PhoneInterfaceManager.getSubIdForPhoneAccountHandle(PhoneInterfaceManager.java:6548)
04-23 11:24:05.710   942  1562 D SubscriptionController: com.android.internal.telephony.ITelephony$Stub.onTransact(ITelephony.java:5702)
04-23 11:24:05.710   942  1562 D SubscriptionController: android.os.Binder.execTransactInternal(Binder.java:1159)
04-23 11:24:05.710   942  1562 D SubscriptionController: android.os.Binder.execTransact(Binder.java:1123)
04-23 11:24:05.710   942  1562 D SubscriptionController: [getSubId]- subIdArr=[I@8165b54
04-23 11:24:05.711  1461  1461 I Dialer  : InCallFragment.setCallState - PrimaryCallState, state: 3, connectionLabel: 
04-23 11:24:05.717   533  2020 D Telecom : Logging: START_SESSION
04-23 11:24:05.717   533  2020 V Telecom : Logging: END_SUBSESSION (dur: 0 mS): TSI.gPA@AJw
04-23 11:24:05.717   533  2020 D Telecom : Logging: END_SESSION (dur: 0 ms): TSI.gPA@AJw
04-23 11:24:05.719  1461  1461 I Dialer  : DialerCall.isVoipCallNotSupportedBySpeakeasy - callid was empty
04-23 11:24:05.719  1461  1461 I Dialer  : InCallActivity.showMainInCallFragment - shouldShowAnswerUi: false, shouldShowRttUi: false, shouldShowVideoUi: false, shouldShowSpeakEasyUi: false, didShowAnswerScreen: false, didShowInCallScreen: true, didShowRttCallScreen: false, didShowVideoCallScreen: false, didShowSpeakEasyScreen: false
04-23 11:24:05.719  1461  1461 I Dialer  : VideoPauseController.onStateChange - hasPrimaryCallChanged: false, videoCanPause: false, isInBackground: false
04-23 11:24:05.720  1461  1461 I Dialer  : ReturnToCallController.hide - hide() called without calling show()
04-23 11:24:05.721   942  1562 D SubscriptionController: [getDefaultVoiceSubId] subId=1
04-23 11:24:05.721   942  1562 D SubscriptionController: [getDefaultSubId] isVoiceCapable subId=1
04-23 11:24:05.721   942  1562 D SubscriptionController: [isActiveSubId]- true
04-23 11:24:05.721   942  1562 V SubscriptionController: [getDefaultSubId]- value = 1
04-23 11:24:05.721   942  1562 D SubscriptionController: StackTrace - [getSubId]+ slotIndex=0
04-23 11:24:05.721   942  1562 D SubscriptionController: com.android.internal.telephony.SubscriptionController.getSubId(SubscriptionController.java:2299)
04-23 11:24:05.721   942  1562 D SubscriptionController: com.android.internal.telephony.SubscriptionController.getSubIdUsingPhoneId(SubscriptionController.java:2694)
04-23 11:24:05.721   942  1562 D SubscriptionController: com.android.internal.telephony.Phone.getSubId(Phone.java:3743)
04-23 11:24:05.721   942  1562 D SubscriptionController: com.android.phone.PhoneUtils.getSubIdForPhoneAccountHandle(PhoneUtils.java:739)
04-23 11:24:05.722   942  1562 D SubscriptionController: com.android.phone.PhoneInterfaceManager.getSubIdForPhoneAccountHandle(PhoneInterfaceManager.java:6548)
04-23 11:24:05.722   942  1562 D SubscriptionController: com.android.internal.telephony.ITelephony$Stub.onTransact(ITelephony.java:5702)
04-23 11:24:05.722   942  1562 D SubscriptionController: android.os.Binder.execTransactInternal(Binder.java:1159)
04-23 11:24:05.722   942  1562 D SubscriptionController: android.os.Binder.execTransact(Binder.java:1123)
04-23 11:24:05.722   942  1562 D SubscriptionController: [getSubId]- subIdArr=[I@850aafd
04-23 11:24:05.723  1461  1461 I Dialer  : InCallFragment.setCallState - PrimaryCallState, state: 3, connectionLabel: 
04-23 11:24:05.728   533  2020 D Telecom : Logging: START_SESSION
04-23 11:24:05.728   533  2020 V Telecom : Logging: END_SUBSESSION (dur: 0 mS): TSI.gPA@AJ0
04-23 11:24:05.728   533  2020 D Telecom : Logging: END_SESSION (dur: 0 ms): TSI.gPA@AJ0
04-23 11:24:05.729  1461  1461 I Dialer  : DialerCall.isVoipCallNotSupportedBySpeakeasy - callid was empty
04-23 11:24:05.730  1461  1461 I Dialer  : InCallActivity.showMainInCallFragment - shouldShowAnswerUi: false, shouldShowRttUi: false, shouldShowVideoUi: false, shouldShowSpeakEasyUi: false, didShowAnswerScreen: false, didShowInCallScreen: true, didShowRttCallScreen: false, didShowVideoCallScreen: false, didShowSpeakEasyScreen: false
04-23 11:24:05.730  1461  1461 I Dialer  : ImsVideoCall.isAvailable - null video call
04-23 11:24:05.730  1461  1461 I Dialer  : DialerCall.updateCallTiming - state is already active
04-23 11:24:05.732   533  2020 D Telecom : Logging: START_SESSION
04-23 11:24:05.733   533  2020 V Telecom : Logging: END_SUBSESSION (dur: 1 mS): TSI.gCCPA@AJ4
04-23 11:24:05.733   533  2020 D Telecom : Logging: END_SESSION (dur: 1 ms): TSI.gCCPA@AJ4
04-23 11:24:05.738   942  1562 D SubscriptionController: StackTrace - [getSubId]+ slotIndex=0
04-23 11:24:05.738   942  1562 D SubscriptionController: com.android.internal.telephony.SubscriptionController.getSubId(SubscriptionController.java:2299)
04-23 11:24:05.738   942  1562 D SubscriptionController: com.android.internal.telephony.SubscriptionController.getSubIdUsingPhoneId(SubscriptionController.java:2694)
04-23 11:24:05.738   942  1562 D SubscriptionController: com.android.phone.PhoneInterfaceManager.getNetworkCountryIsoForPhone(PhoneInterfaceManager.java:2317)
04-23 11:24:05.738   942  1562 D SubscriptionController: com.android.internal.telephony.ITelephony$Stub.onTransact(ITelephony.java:4197)
04-23 11:24:05.738   942  1562 D SubscriptionController: android.os.Binder.execTransactInternal(Binder.java:1159)
04-23 11:24:05.738   942  1562 D SubscriptionController: android.os.Binder.execTransact(Binder.java:1123)
04-23 11:24:05.738   942  1562 D SubscriptionController: [getSubId]- subIdArr=[I@b2013f2
04-23 11:24:05.739  1461  1461 I Dialer  : ImsVideoCall.isAvailable - null video call
04-23 11:24:05.739  1461  1461 I Dialer  : CallList.onUpdateCall - [DialerCall_0, ACTIVE, [Capabilities: CAPABILITY_HOLD CAPABILITY_SUPPORT_HOLD CAPABILITY_MUTE CAPABILITY_CANNOT_DOWNGRADE_VIDEO_TO_AUDIO], [Properties:], children:[], parent:null, conferenceable:[], videoState:Audio Only, mSessionModificationState:0, CameraDir:-1]
04-23 11:24:05.739  1461  1461 I Dialer  : InCallPresenter.onCallListChange - Phone switching state: INCALL -> INCALL
04-23 11:24:05.741   533  2020 D Telecom : Logging: START_SESSION
04-23 11:24:05.741   533  2020 V Telecom : Logging: END_SUBSESSION (dur: 0 mS): TSI.gPA@AJ8
04-23 11:24:05.741   533  2020 D Telecom : Logging: END_SESSION (dur: 0 ms): TSI.gPA@AJ8
04-23 11:24:05.747   942  1562 D SubscriptionController: [getDefaultVoiceSubId] subId=1
04-23 11:24:05.747   942  1562 D SubscriptionController: [getDefaultSubId] isVoiceCapable subId=1
04-23 11:24:05.747   942  1562 D SubscriptionController: [isActiveSubId]- true
04-23 11:24:05.747   942  1562 V SubscriptionController: [getDefaultSubId]- value = 1
04-23 11:24:05.747   942  1562 D SubscriptionController: StackTrace - [getSubId]+ slotIndex=0
04-23 11:24:05.748   942  1562 D SubscriptionController: com.android.internal.telephony.SubscriptionController.getSubId(SubscriptionController.java:2299)
04-23 11:24:05.748   942  1562 D SubscriptionController: com.android.internal.telephony.SubscriptionController.getSubIdUsingPhoneId(SubscriptionController.java:2694)
