03-05 20:02:05.329  1251  1251 I Dialer  : CallCardPresenter.updatePrimaryDisplayInfo - UI not ready, not showing location
03-05 20:02:05.329  1251  1251 I Dialer  : CallCardPresenter.getLocationFragment - shouldn't show location
03-05 20:02:05.329  1251  1251 I Dialer  : CallCardPresenter.getLocationFragment - shouldn't show location
03-05 20:02:05.329  1251  1251 I Dialer  : InCallFragment.setPrimary - PrimaryInfo, number: (***) ***-****, name: Redacted-14-chars, location: Redacted-10-chars, label: null, photo: null, photoType: 0, isPhotoVisible: true, MultimediaData: null
03-05 20:02:05.334  1251  1251 I Dialer  : CallCardPresenter.getLocationFragment - shouldn't show location
03-05 20:02:05.335  1251  1251 I Dialer  : ReturnToCallController.hide - hide() called without calling show()
03-05 20:02:05.345  1251  1251 D StrictMode: StrictMode policy violation; ~duration=78 ms: android.os.strictmode.ResourceMismatchViolation: TypedValue{t=0x3/d=0x5 ".3f" a=-1}
03-05 20:02:05.345  1251  1251 D StrictMode: 	at android.os.StrictMode$AndroidBlockGuardPolicy.onResourceMismatch(StrictMode.java:1574)
03-05 20:02:05.345  1251  1251 D StrictMode: 	at android.os.StrictMode.noteResourceMismatch(StrictMode.java:2572)
03-05 20:02:05.345  1251  1251 D StrictMode: 	at android.content.res.TypedArray.getFloat(TypedArray.java:474)
03-05 20:02:05.345  1251  1251 D StrictMode: 	at android.animation.AnimatorInflater.getPVH(AnimatorInflater.java:354)
03-05 20:02:05.345  1251  1251 D StrictMode: 	at android.animation.AnimatorInflater.parseAnimatorFromTypeArray(AnimatorInflater.java:422)
03-05 20:02:05.345  1251  1251 D StrictMode: 	at android.animation.AnimatorInflater.loadAnimator(AnimatorInflater.java:1053)
03-05 20:02:05.345  1251  1251 D StrictMode: 	at android.animation.AnimatorInflater.loadObjectAnimator(AnimatorInflater.java:1011)
03-05 20:02:05.345  1251  1251 D StrictMode: 	at android.animation.AnimatorInflater.createAnimatorFromXml(AnimatorInflater.java:667)
03-05 20:02:05.345  1251  1251 D StrictMode: 	at android.animation.AnimatorInflater.createAnimatorFromXml(AnimatorInflater.java:680)
03-05 20:02:05.345  1251  1251 D StrictMode: 	at android.animation.AnimatorInflater.createAnimatorFromXml(AnimatorInflater.java:642)
03-05 20:02:05.345  1251  1251 D StrictMode: 	at android.animation.AnimatorInflater.createStateListAnimatorFromXml(AnimatorInflater.java:237)
03-05 20:02:05.345  1251  1251 D StrictMode: 	at android.animation.AnimatorInflater.loadStateListAnimator(AnimatorInflater.java:170)
03-05 20:02:05.345  1251  1251 D StrictMode: 	at android.view.View.<init>(View.java:5855)
03-05 20:02:05.345  1251  1251 D StrictMode: 	at android.widget.ImageView.<init>(ImageView.java:195)
03-05 20:02:05.345  1251  1251 D StrictMode: 	at android.widget.ImageButton.<init>(ImageButton.java:86)
03-05 20:02:05.345  1251  1251 D StrictMode: 	at android.widget.ImageButton.<init>(ImageButton.java:82)
03-05 20:02:05.345  1251  1251 D StrictMode: 	at android.widget.ImageButton.<init>(ImageButton.java:78)
03-05 20:02:05.345  1251  1251 D StrictMode: 	at java.lang.reflect.Constructor.newInstance0(Native Method)
03-05 20:02:05.345  1251  1251 D StrictMode: 	at java.lang.reflect.Constructor.newInstance(Constructor.java:343)
03-05 20:02:05.345  1251  1251 D StrictMode: 	at android.view.LayoutInflater.createView(LayoutInflater.java:852)
03-05 20:02:05.345  1251  1251 D StrictMode: 	at android.view.LayoutInflater.createView(LayoutInflater.java:774)
03-05 20:02:05.345  1251  1251 D StrictMode: 	at com.android.internal.policy.PhoneLayoutInflater.onCreateView(PhoneLayoutInflater.java:58)
03-05 20:02:05.345  1251  1251 D StrictMode: 	at android.view.LayoutInflater.onCreateView(LayoutInflater.java:928)
03-05 20:02:05.345  1251  1251 D StrictMode: 	at android.view.LayoutInflater.onCreateView(LayoutInflater.java:948)
03-05 20:02:05.345  1251  1251 D StrictMode: 	at android.view.LayoutInflater.createViewFromTag(LayoutInflater.java:1002)
03-05 20:02:05.345  1251  1251 D StrictMode: 	at android.view.LayoutInflater.createViewFromTag(LayoutInflater.java:959)
03-05 20:02:05.345  1251  1251 D StrictMode: 	at android.view.LayoutInflater.rInflate(LayoutInflater.java:1121)
03-05 20:02:05.345  1251  1251 D StrictMode: 	at android.view.LayoutInflater.rInflateChildren(LayoutInflater.java:1082)
03-05 20:02:05.345  1251  1251 D StrictMode: 	at android.view.LayoutInflater.rInflate(LayoutInflater.java:1124)
03-05 20:02:05.345  1251  1251 D StrictMode: 	at android.view.LayoutInflater.rInflateChildren(LayoutInflater.java:1082)
03-05 20:02:05.345  1251  1251 D StrictMode: 	at android.view.LayoutInflater.inflate(LayoutInflater.java:680)
03-05 20:02:05.345  1251  1251 D StrictMode: 	at android.view.LayoutInflater.inflate(LayoutInflater.java:532)
03-05 20:02:05.345  1251  1251 D StrictMode: 	at com.android.incallui.incall.impl.InCallFragment.lambda$onCreateView$0(InCallFragment.java:155)
03-05 20:02:05.345  1251  1251 D StrictMode: 	at com.android.incallui.incall.impl.-$$Lambda$InCallFragment$x-6Y3KWuhUq3AZxvPXDKONI-u48.get(Unknown Source:4)
03-05 20:02:05.345  1251  1251 D StrictMode: 	at com.android.dialer.strictmode.StrictModeUtils.bypass(StrictModeUtils.java:60)
03-05 20:02:05.345  1251  1251 D StrictMode: 	at com.android.incallui.incall.impl.InCallFragment.onCreateView(InCallFragment.java:154)
03-05 20:02:05.345  1251  1251 D StrictMode: 	at android.support.v4.app.Fragment.performCreateView(Fragment.java:2426)
03-05 20:02:05.345  1251  1251 D StrictMode: 	at android.support.v4.app.FragmentManagerImpl.moveToState(FragmentManager.java:1460)
03-05 20:02:05.345  1251  1251 D StrictMode: 	at android.support.v4.app.FragmentManagerImpl.moveFragmentToExpectedState(FragmentManager.java:1795)
03-05 20:02:05.345  1251  1251 D StrictMode: 	at android.support.v4.app.FragmentManagerImpl.moveToState(FragmentManager.java:1863)
03-05 20:02:05.345  1251  1251 D StrictMode: 	at android.support.v4.app.BackStackRecord.executeOps(BackStackRecord.java:802)
03-05 20:02:05.345  1251  1251 D StrictMode: 	at android.support.v4.app.FragmentManagerImpl.executeOps(FragmentManager.java:2634)
03-05 20:02:05.345  1251  1251 D StrictMode: 	at android.support.v4.app.FragmentManagerImpl.executeOpsTogether(FragmentManager.java:2421)
03-05 20:02:05.345  1251  1251 D StrictMode: 	at android.support.v4.app.FragmentManagerImpl.removeRedundantOperationsAndExecute(FragmentManager.java:2376)
03-05 20:02:05.345  1251  1251 D StrictMode: 	at android.support.v4.app.FragmentManagerImpl.execSingleAction(FragmentManager.java:2253)
03-05 20:02:05.345  1251  1251 D StrictMode: 	at android.support.v4.app.BackStackRecord.commitNow(BackStackRecord.java:648)
03-05 20:02:05.345  1251  1251 D StrictMode: 	at com.android.incallui.InCallActivity.showMainInCallFragment(InCallActivity.java:1282)
03-05 20:02:05.345  1251  1251 D StrictMode: 	at com.android.incallui.InCallActivity.onPrimaryCallStateChanged(InCallActivity.java:1130)
03-05 20:02:05.345  1251  1251 D StrictMode: 	at com.android.incallui.CallCardPresenter.updatePrimaryCallState(CallCardPresenter.java:506)
03-05 20:02:05.345  1251  1251 D StrictMode: 	at com.android.incallui.CallCardPresenter.onStateChange(CallCardPresenter.java:344)
03-05 20:02:05.345  1251  1251 D StrictMode: 	at com.android.incallui.InCallPresenter.onCallListChange(InCallPresenter.java:889)
03-05 20:02:05.345  1251  1251 D StrictMode: 	at com.android.incallui.call.CallList.notifyGenericListeners(CallList.java:619)
03-05 20:02:05.345  1251  1251 D StrictMode: 	at com.android.incallui.call.CallList.access$100(CallList.java:64)
03-05 20:02:05.345  1251  1251 D StrictMode: 	at com.android.incallui.call.CallList$DialerCallListenerImpl.onDialerCallUpdate(CallList.java:820)
03-05 20:02:05.345  1251  1251 D StrictMode: 	at com.android.incallui.call.DialerCall.update(DialerCall.java:587)
03-05 20:02:05.345  1251  1251 D StrictMode: 	at com.android.incallui.call.DialerCall.access$000(DialerCall.java:112)
03-05 20:02:05.345  1251  1251 D StrictMode: 	at com.android.incallui.call.DialerCall$1.onStateChanged(DialerCall.java:242)
03-05 20:02:05.345  1251  1251 D StrictMode: 	at android.telecom.Call$1.run(Call.java:2506)
03-05 20:02:05.345  1251  1251 D StrictMode: 	at android.os.Handler.handleCallback(Handler.java:938)
03-05 20:02:05.345  1251  1251 D StrictMode: 	at android.os.Handler.dispatchMessage(Handler.java:99)
03-05 20:02:05.345  1251  1251 D StrictMode: 	at android.os.Looper.loop(Looper.java:223)
03-05 20:02:05.345  1251  1251 D StrictMode: 	at android.app.ActivityThread.main(ActivityThread.java:7664)
03-05 20:02:05.345  1251  1251 D StrictMode: 	at java.lang.reflect.Method.invoke(Native Method)
03-05 20:02:05.345  1251  1251 D StrictMode: 	at com.android.internal.os.RuntimeInit$MethodAndArgsCaller.run(RuntimeInit.java:592)
03-05 20:02:05.345  1251  1251 D StrictMode: 	at com.android.internal.os.ZygoteInit.main(ZygoteInit.java:947)
03-05 20:02:05.352   461  1366 I commit_sys_config_file: [appops,717]
03-05 20:02:05.360   621   621 E KeyguardBouncer: onFullyShown when view was null
03-05 20:02:05.361   461   518 I am_wtf  : [0,621,com.android.systemui,818462221,KeyguardBouncer,onFullyShown when view was null]
03-05 20:02:05.363   621   621 D StatusBar: disable<e i a s B H R c s > disable2<q i n >
03-05 20:02:05.364   621   621 D KeyguardUpdateMonitor: onKeyguardVisibilityChanged(false)
03-05 20:02:05.365   621   621 I sysui_multi_action: [757,196,758,2,759,0]
03-05 20:02:05.366   621   621 I sysui_status_bar_state: [0,0,1,0,0,1]
03-05 20:02:05.370   461   480 I DropBoxManagerService: add tag=system_app_strictmode isTagEnabled=true flags=0x2
03-05 20:02:05.381  1251  1251 D StrictMode: StrictMode policy violation; ~duration=77 ms: android.os.strictmode.ResourceMismatchViolation: TypedValue{t=0x3/d=0x6 "1f" a=-1}
03-05 20:02:05.381  1251  1251 D StrictMode: 	at android.os.StrictMode$AndroidBlockGuardPolicy.onResourceMismatch(StrictMode.java:1574)
03-05 20:02:05.381  1251  1251 D StrictMode: 	at android.os.StrictMode.noteResourceMismatch(StrictMode.java:2572)
03-05 20:02:05.381  1251  1251 D StrictMode: 	at android.content.res.TypedArray.getFloat(TypedArray.java:474)
03-05 20:02:05.381  1251  1251 D StrictMode: 	at android.animation.AnimatorInflater.getPVH(AnimatorInflater.java:354)
03-05 20:02:05.381  1251  1251 D StrictMode: 	at android.animation.AnimatorInflater.parseAnimatorFromTypeArray(AnimatorInflater.java:422)
03-05 20:02:05.381  1251  1251 D StrictMode: 	at android.animation.AnimatorInflater.loadAnimator(AnimatorInflater.java:1053)
03-05 20:02:05.381  1251  1251 D StrictMode: 	at android.animation.AnimatorInflater.loadObjectAnimator(AnimatorInflater.java:1011)
03-05 20:02:05.381  1251  1251 D StrictMode: 	at android.animation.AnimatorInflater.createAnimatorFromXml(AnimatorInflater.java:667)
03-05 20:02:05.381  1251  1251 D StrictMode: 	at android.animation.AnimatorInflater.createAnimatorFromXml(AnimatorInflater.java:680)
03-05 20:02:05.381  1251  1251 D StrictMode: 	at android.animation.AnimatorInflater.createAnimatorFromXml(AnimatorInflater.java:642)
03-05 20:02:05.381  1251  1251 D StrictMode: 	at android.animation.AnimatorInflater.createStateListAnimatorFromXml(AnimatorInflater.java:237)
03-05 20:02:05.381  1251  1251 D StrictMode: 	at android.animation.AnimatorInflater.loadStateListAnimator(AnimatorInflater.java:170)
03-05 20:02:05.381  1251  1251 D StrictMode: 	at android.view.View.<init>(View.java:5855)
03-05 20:02:05.381  1251  1251 D StrictMode: 	at android.widget.ImageView.<init>(ImageView.java:195)
03-05 20:02:05.381  1251  1251 D StrictMode: 	at android.widget.ImageButton.<init>(ImageButton.java:86)
03-05 20:02:05.381  1251  1251 D StrictMode: 	at android.widget.ImageButton.<init>(ImageButton.java:82)
03-05 20:02:05.381  1251  1251 D StrictMode: 	at android.widget.ImageButton.<init>(ImageButton.java:78)
03-05 20:02:05.381  1251  1251 D StrictMode: 	at java.lang.reflect.Constructor.newInstance0(Native Method)
03-05 20:02:05.381  1251  1251 D StrictMode: 	at java.lang.reflect.Constructor.newInstance(Constructor.java:343)
03-05 20:02:05.381  1251  1251 D StrictMode: 	at android.view.LayoutInflater.createView(LayoutInflater.java:852)
03-05 20:02:05.381  1251  1251 D StrictMode: 	at android.view.LayoutInflater.createView(LayoutInflater.java:774)
03-05 20:02:05.381  1251  1251 D StrictMode: 	at com.android.internal.policy.PhoneLayoutInflater.onCreateView(PhoneLayoutInflater.java:58)
03-05 20:02:05.381  1251  1251 D StrictMode: 	at android.view.LayoutInflater.onCreateView(LayoutInflater.java:928)
03-05 20:02:05.381  1251  1251 D StrictMode: 	at android.view.LayoutInflater.onCreateView(LayoutInflater.java:948)
03-05 20:02:05.381  1251  1251 D StrictMode: 	at android.view.LayoutInflater.createViewFromTag(LayoutInflater.java:1002)
03-05 20:02:05.381  1251  1251 D StrictMode: 	at android.view.LayoutInflater.createViewFromTag(LayoutInflater.java:959)
03-05 20:02:05.381  1251  1251 D StrictMode: 	at android.view.LayoutInflater.rInflate(LayoutInflater.java:1121)
03-05 20:02:05.381  1251  1251 D StrictMode: 	at android.view.LayoutInflater.rInflateChildren(LayoutInflater.java:1082)
03-05 20:02:05.381  1251  1251 D StrictMode: 	at android.view.LayoutInflater.rInflate(LayoutInflater.java:1124)
03-05 20:02:05.381  1251  1251 D StrictMode: 	at android.view.LayoutInflater.rInflateChildren(LayoutInflater.java:1082)
03-05 20:02:05.381  1251  1251 D StrictMode: 	at android.view.LayoutInflater.inflate(LayoutInflater.java:680)
03-05 20:02:05.381  1251  1251 D StrictMode: 	at android.view.LayoutInflater.inflate(LayoutInflater.java:532)
03-05 20:02:05.381  1251  1251 D StrictMode: 	at com.android.incallui.incall.impl.InCallFragment.lambda$onCreateView$0(InCallFragment.java:155)
03-05 20:02:05.381  1251  1251 D StrictMode: 	at com.android.incallui.incall.impl.-$$Lambda$InCallFragment$x-6Y3KWuhUq3AZxvPXDKONI-u48.get(Unknown Source:4)
03-05 20:02:05.381  1251  1251 D StrictMode: 	at com.android.dialer.strictmode.StrictModeUtils.bypass(StrictModeUtils.java:60)
03-05 20:02:05.381  1251  1251 D StrictMode: 	at com.android.incallui.incall.impl.InCallFragment.onCreateView(InCallFragment.java:154)
03-05 20:02:05.381  1251  1251 D StrictMode: 	at android.support.v4.app.Fragment.performCreateView(Fragment.java:2426)
03-05 20:02:05.381  1251  1251 D StrictMode: 	at android.support.v4.app.FragmentManagerImpl.moveToState(FragmentManager.java:1460)
03-05 20:02:05.381  1251  1251 D StrictMode: 	at android.support.v4.app.FragmentManagerImpl.moveFragmentToExpectedState(FragmentManager.java:1795)
03-05 20:02:05.381  1251  1251 D StrictMode: 	at android.support.v4.app.FragmentManagerImpl.moveToState(FragmentManager.java:1863)
03-05 20:02:05.381  1251  1251 D StrictMode: 	at android.support.v4.app.BackStackRecord.executeOps(BackStackRecord.java:802)
03-05 20:02:05.381  1251  1251 D StrictMode: 	at android.support.v4.app.FragmentManagerImpl.executeOps(FragmentManager.java:2634)
03-05 20:02:05.381  1251  1251 D StrictMode: 	at android.support.v4.app.FragmentManagerImpl.executeOpsTogether(FragmentManager.java:2421)
03-05 20:02:05.381  1251  1251 D StrictMode: 	at android.support.v4.app.FragmentManagerImpl.removeRedundantOperationsAndExecute(FragmentManager.java:2376)
03-05 20:02:05.381  1251  1251 D StrictMode: 	at android.support.v4.app.FragmentManagerImpl.execSingleAction(FragmentManager.java:2253)
03-05 20:02:05.381  1251  1251 D StrictMode: 	at android.support.v4.app.BackStackRecord.commitNow(BackStackRecord.java:648)
03-05 20:02:05.381  1251  1251 D StrictMode: 	at com.android.incallui.InCallActivity.showMainInCallFragment(InCallActivity.java:1282)
03-05 20:02:05.381  1251  1251 D StrictMode: 	at com.android.incallui.InCallActivity.onPrimaryCallStateChanged(InCallActivity.java:1130)
03-05 20:02:05.381  1251  1251 D StrictMode: 	at com.android.incallui.CallCardPresenter.updatePrimaryCallState(CallCardPresenter.java:506)
03-05 20:02:05.381  1251  1251 D StrictMode: 	at com.android.incallui.CallCardPresenter.onStateChange(CallCardPresenter.java:344)
03-05 20:02:05.381  1251  1251 D StrictMode: 	at com.android.incallui.InCallPresenter.onCallListChange(InCallPresenter.java:889)
03-05 20:02:05.381  1251  1251 D StrictMode: 	at com.android.incallui.call.CallList.notifyGenericListeners(CallList.java:619)
03-05 20:02:05.381  1251  1251 D StrictMode: 	at com.android.incallui.call.CallList.access$100(CallList.java:64)
03-05 20:02:05.381  1251  1251 D StrictMode: 	at com.android.incallui.call.CallList$DialerCallListenerImpl.onDialerCallUpdate(CallList.java:820)
03-05 20:02:05.381  1251  1251 D StrictMode: 	at com.android.incallui.call.DialerCall.update(DialerCall.java:587)
03-05 20:02:05.381  1251  1251 D StrictMode: 	at com.android.incallui.call.DialerCall.access$000(DialerCall.java:112)
03-05 20:02:05.381  1251  1251 D StrictMode: 	at com.android.incallui.call.DialerCall$1.onStateChanged(DialerCall.java:242)
03-05 20:02:05.381  1251  1251 D StrictMode: 	at android.telecom.Call$1.run(Call.java:2506)
03-05 20:02:05.381  1251  1251 D StrictMode: 	at android.os.Handler.handleCallback(Handler.java:938)
03-05 20:02:05.381  1251  1251 D StrictMode: 	at android.os.Handler.dispatchMessage(Handler.java:99)
03-05 20:02:05.381  1251  1251 D StrictMode: 	at android.os.Looper.loop(Looper.java:223)
03-05 20:02:05.381  1251  1251 D StrictMode: 	at android.app.ActivityThread.main(ActivityThread.java:7664)
03-05 20:02:05.381  1251  1251 D StrictMode: 	at java.lang.reflect.Method.invoke(Native Method)
03-05 20:02:05.381  1251  1251 D StrictMode: 	at com.android.internal.os.RuntimeInit$MethodAndArgsCaller.run(RuntimeInit.java:592)
03-05 20:02:05.381  1251  1251 D StrictMode: 	at com.android.internal.os.ZygoteInit.main(ZygoteInit.java:947)
03-05 20:02:05.385  1251  1251 I Dialer  : ImsVideoCall.isAvailable - null video call
03-05 20:02:05.385  1251  1251 I Dialer  : DialerCall.updateCallTiming - state is already active
03-05 20:02:05.383   461   480 I DropBoxManagerService: add tag=system_app_strictmode isTagEnabled=true flags=0x2
03-05 20:02:05.389   461  1888 I DropBoxManagerService: add tag=system_app_wtf isTagEnabled=true flags=0x2
03-05 20:02:05.419   461   475 I sysui_multi_action: [757,128,758,2,793,3052,794,2103,795,218,796,1,798,0,806,com.android.dialer,857,phone_ongoing_call,858,3,947,0,1395,2,1500,218,1688,1,1744,1]
03-05 20:02:05.420   461   475 I notification_visibility: [0|com.android.dialer|1|null|10104,0,3052,218,0,0]
03-05 20:02:05.421   850   868 D PhoneFactory: getPhone:- phoneId != DEFAULT_PHONE_ID return sPhones[phoneId] phoneId=0 phone=Handler (com.android.internal.telephony.GsmCdmaPhone) {84d053}
03-05 20:02:05.424   850   868 D SubscriptionController: [getSubId]+ slotIndex=0
03-05 20:02:05.424   850   868 D SubscriptionController: [getSubId]- subIdArr=[I@58e218a
03-05 20:02:05.424   850   868 D PhoneFactory: getPhone:- phoneId != DEFAULT_PHONE_ID return sPhones[phoneId] phoneId=0 phone=Handler (com.android.internal.telephony.GsmCdmaPhone) {84d053}
03-05 20:02:05.425  1251  1251 I Dialer  : ImsVideoCall.isAvailable - null video call
03-05 20:02:05.425  1251  1251 I Dialer  : CallList.onUpdateCall - [DialerCall_0, ACTIVE, [Capabilities: CAPABILITY_HOLD CAPABILITY_SUPPORT_HOLD CAPABILITY_MUTE CAPABILITY_CANNOT_DOWNGRADE_VIDEO_TO_AUDIO], [Properties:], children:[], parent:null, conferenceable:[], videoState:Audio Only, mSessionModificationState:0, CameraDir:-1]
03-05 20:02:05.425  1251  1251 I Dialer  : InCallPresenter.onCallListChange - Phone switching state: INCALL -> INCALL
03-05 20:02:05.435   621   621 D StatusBar: disable<e i a s B H R c s > disable2<q i n >
03-05 20:02:05.441   850   868 D SubscriptionController: [getDefaultVoiceSubId] subId=1
03-05 20:02:05.441   850   868 D SubscriptionController: [getDefaultSubId] isVoiceCapable subId=1
03-05 20:02:05.441   850   868 D SubscriptionController: [isActiveSubId]- true
03-05 20:02:05.441   850   868 V SubscriptionController: [getDefaultSubId]- value = 1
03-05 20:02:05.441   850   868 D SubscriptionController: [getSubId]+ slotIndex=0
03-05 20:02:05.441   850   868 D SubscriptionController: [getSubId]- subIdArr=[I@67883fb
03-05 20:02:05.445  1251  1251 I Dialer  : InCallFragment.setCallState - PrimaryCallState, state: 3, connectionLabel: 
03-05 20:02:05.448  1251  1251 I Dialer  : DialerCall.isVoipCallNotSupportedBySpeakeasy - callid was empty
03-05 20:02:05.448  1251  1251 I Dialer  : InCallActivity.showMainInCallFragment - shouldShowAnswerUi: false, shouldShowRttUi: false, shouldShowVideoUi: false, shouldShowSpeakEasyUi: false, didShowAnswerScreen: false, didShowInCallScreen: true, didShowRttCallScreen: false, didShowVideoCallScreen: false, didShowSpeakEasyScreen: false
03-05 20:02:05.448  1251  1251 I Dialer  : VideoPauseController.onStateChange - hasPrimaryCallChanged: false, videoCanPause: false, isInBackground: false
03-05 20:02:05.448  1251  1251 I Dialer  : ReturnToCallController.hide - hide() called without calling show()
03-05 20:02:05.449   461   475 I sysui_multi_action: [757,127,758,2]
03-05 20:02:05.449   461   475 I notification_panel_hidden: 
03-05 20:02:05.450   850   868 D SubscriptionController: [getDefaultVoiceSubId] subId=1
03-05 20:02:05.450   850   868 D SubscriptionController: [getDefaultSubId] isVoiceCapable subId=1
03-05 20:02:05.450   850   868 D SubscriptionController: [isActiveSubId]- true
03-05 20:02:05.451   850   868 V SubscriptionController: [getDefaultSubId]- value = 1
03-05 20:02:05.451   850   868 D SubscriptionController: [getSubId]+ slotIndex=0
03-05 20:02:05.451   850   868 D SubscriptionController: [getSubId]- subIdArr=[I@8a8dc18
03-05 20:02:05.452  1251  1251 I Dialer  : InCallFragment.setCallState - PrimaryCallState, state: 3, connectionLabel: 
03-05 20:02:05.455  1251  1251 I Dialer  : DialerCall.isVoipCallNotSupportedBySpeakeasy - callid was empty
03-05 20:02:05.455  1251  1251 I Dialer  : InCallActivity.showMainInCallFragment - shouldShowAnswerUi: false, shouldShowRttUi: false, shouldShowVideoUi: false, shouldShowSpeakEasyUi: false, didShowAnswerScreen: false, didShowInCallScreen: true, didShowRttCallScreen: false, didShowVideoCallScreen: false, didShowSpeakEasyScreen: false
03-05 20:02:05.455  1251  1251 I Choreographer: Skipped 45 frames!  The application may be doing too much work on its main thread.
03-05 20:02:05.503  1251  1251 I Dialer  : InCallFragment.onButtonGridCreated - InCallUiReady
03-05 20:02:05.509  1251  1251 I Dialer  : InCallFragment.setAudioState - audioState: [AudioState isMuted: false, route: SPEAKER, supportedRouteMask: SPEAKER, activeBluetoothDevice: [null], supportedBluetoothDevices: []]
03-05 20:02:05.513  1251  1251 I Dialer  : DialerCall.isVoipCallNotSupportedBySpeakeasy - callid was empty
03-05 20:02:05.546   461   475 D PowerManagerService: releaseWakeLockInternal: lock=24690038 [WindowManager], flags=0x0
03-05 20:02:05.546   461   475 D PowerManagerService: userActivityNoUpdateLocked: eventTime=152317, event=0, flags=0x1, uid=1000
03-05 20:02:05.550   461   475 D PowerManagerService: updateWakeLockSummaryLocked: mWakefulness=Awake, mWakeLockSummary=0x1
03-05 20:02:05.550   461   475 D PowerManagerService: updateUserActivitySummaryLocked: mWakefulness=Awake, mUserActivitySummary=0x1, nextTimeout=2147627265 (in 2147474944 ms)
03-05 20:02:05.550   461   475 D PowerManagerService: updateDisplayPowerStateLocked: mDisplayReady=true, policy=3, mWakefulness=1, mWakeLockSummary=0x1, mUserActivitySummary=0x1, mBootCompleted=true, screenBrightnessOverride=NaN, useAutoBrightness=false, mScreenBrightnessBoostInProgress=false, mIsVrModeEnabled= false, sQuiescent=false
03-05 20:02:05.603   269   412 D goldfish-address-space: allocate: Ask for block of size 0x7e9000
03-05 20:02:05.603   269   412 D goldfish-address-space: allocate: ioctl allocate returned offset 0x3fb8c2000 size 0x7ea000
03-05 20:02:05.625  1251  1883 I OpenGLRenderer: Davey! duration=920ms; Flags=1, IntendedVsync=151475454889, Vsync=152225454859, OldestInputEvent=9223372036854775807, NewestInputEvent=0, HandleInputStart=152225712554, AnimationStart=152225714000, PerformTraversalsStart=152225813645, DrawStart=152331460982, SyncQueued=152335506309, SyncStart=152335706578, IssueDrawCommandsStart=152336503168, SwapBuffers=152366174278, FrameCompleted=152395658614, DequeueBufferDuration=22243883, QueueBufferDuration=349064, GpuCompleted=0, 
03-05 20:02:05.628  1251  1251 I Dialer  : ImsVideoCall.isAvailable - null video call
03-05 20:02:05.628  1251  1251 I Dialer  : DialerCall.updateCallTiming - state is already active
03-05 20:02:05.631   850   868 D PhoneFactory: getPhone:- phoneId != DEFAULT_PHONE_ID return sPhones[phoneId] phoneId=0 phone=Handler (com.android.internal.telephony.GsmCdmaPhone) {84d053}
03-05 20:02:05.632   461   482 I dvm_lock_sample: [system_server,1,android.anim,47,WindowAnimator.java,105,void com.android.server.wm.WindowAnimator.lambda$new$1$WindowAnimator(long),ActivityTaskManagerService.java,972,android.content.res.Configuration com.android.server.wm.ActivityTaskManagerService.getGlobalConfigurationForPid(int),9]
03-05 20:02:05.634   850   868 D SubscriptionController: [getSubId]+ slotIndex=0
03-05 20:02:05.634   850   868 D SubscriptionController: [getSubId]- subIdArr=[I@5853671
03-05 20:02:05.634   850   868 D PhoneFactory: getPhone:- phoneId != DEFAULT_PHONE_ID return sPhones[phoneId] phoneId=0 phone=Handler (com.android.internal.telephony.GsmCdmaPhone) {84d053}
03-05 20:02:05.635  1251  1251 I Dialer  : ImsVideoCall.isAvailable - null video call
03-05 20:02:05.635  1251  1251 I Dialer  : CallList.onUpdateCall - [DialerCall_0, ACTIVE, [Capabilities: CAPABILITY_HOLD CAPABILITY_SUPPORT_HOLD CAPABILITY_MUTE CAPABILITY_CANNOT_DOWNGRADE_VIDEO_TO_AUDIO], [Properties:], children:[], parent:null, conferenceable:[], videoState:Audio Only, mSessionModificationState:0, CameraDir:-1]
03-05 20:02:05.635  1251  1251 I Dialer  : InCallPresenter.onCallListChange - Phone switching state: INCALL -> INCALL
03-05 20:02:05.650   850   868 D SubscriptionController: [getDefaultVoiceSubId] subId=1
03-05 20:02:05.650   850   868 D SubscriptionController: [getDefaultSubId] isVoiceCapable subId=1
03-05 20:02:05.651   850   868 D SubscriptionController: [isActiveSubId]- true
03-05 20:02:05.651   850   868 V SubscriptionController: [getDefaultSubId]- value = 1
03-05 20:02:05.651   850   868 D SubscriptionController: [getSubId]+ slotIndex=0
03-05 20:02:05.651   850   868 D SubscriptionController: [getSubId]- subIdArr=[I@cb4cc56
03-05 20:02:05.652  1251  1251 I Dialer  : InCallFragment.setCallState - PrimaryCallState, state: 3, connectionLabel: 
03-05 20:02:05.660  1251  1251 I Dialer  : DialerCall.isVoipCallNotSupportedBySpeakeasy - callid was empty
03-05 20:02:05.660  1251  1251 I Dialer  : InCallActivity.showMainInCallFragment - shouldShowAnswerUi: false, shouldShowRttUi: false, shouldShowVideoUi: false, shouldShowSpeakEasyUi: false, didShowAnswerScreen: false, didShowInCallScreen: true, didShowRttCallScreen: false, didShowVideoCallScreen: false, didShowSpeakEasyScreen: false
03-05 20:02:05.661  1251  1251 I Dialer  : VideoPauseController.onStateChange - hasPrimaryCallChanged: false, videoCanPause: false, isInBackground: false
03-05 20:02:05.663  1251  1251 I Dialer  : DialerCall.isVoipCallNotSupportedBySpeakeasy - callid was empty
03-05 20:02:05.667  1251  1251 I Dialer  : ReturnToCallController.hide - hide() called without calling show()
03-05 20:02:05.669   850   868 D SubscriptionController: [getDefaultVoiceSubId] subId=1
03-05 20:02:05.669   850   868 D SubscriptionController: [getDefaultSubId] isVoiceCapable subId=1
03-05 20:02:05.669   850   868 D SubscriptionController: [isActiveSubId]- true
03-05 20:02:05.669   850   868 V SubscriptionController: [getDefaultSubId]- value = 1
03-05 20:02:05.669   850   868 D SubscriptionController: [getSubId]+ slotIndex=0
03-05 20:02:05.669   850   868 D SubscriptionController: [getSubId]- subIdArr=[I@fc164d7
03-05 20:02:05.671  1251  1251 I Dialer  : InCallFragment.setCallState - PrimaryCallState, state: 3, connectionLabel: 
03-05 20:02:05.678  1251  1251 I Dialer  : DialerCall.isVoipCallNotSupportedBySpeakeasy - callid was empty
03-05 20:02:05.678  1251  1251 I Dialer  : InCallActivity.showMainInCallFragment - shouldShowAnswerUi: false, shouldShowRttUi: false, shouldShowVideoUi: false, shouldShowSpeakEasyUi: false, didShowAnswerScreen: false, didShowInCallScreen: true, didShowRttCallScreen: false, didShowVideoCallScreen: false, didShowSpeakEasyScreen: false
03-05 20:02:05.687  1251  1251 I Dialer  : DialerCall.isVoipCallNotSupportedBySpeakeasy - callid was empty
03-05 20:02:05.696   461   475 V InputMethodManagerService: startInputOrWindowGainedFocusInternalLocked: reason=WINDOW_FOCUS_GAIN client=android.os.BinderProxy@58c8492 inputContext=null missingMethods= attribute=android.view.inputmethod.EditorInfo@ff660ec startInputFlags=VIEW_HAS_FOCUS|INITIAL_CONNECTION softInputMode=STATE_UNSPECIFIED|ADJUST_RESIZE|IS_FORWARD_NAVIGATION windowFlags=#81f98100 unverifiedTargetSdkVersion=28
03-05 20:02:05.696   461   475 V InputMethodManagerService: IME PreRendering MASTER flag: false, LowRam: false
03-05 20:02:05.696   461   475 V InputMethodManagerService: Unspecified window will hide input
03-05 20:02:05.696   461   475 V InputMethodManagerService: unbindCurrentInputLocked: client=android.os.BinderProxy@211e156
03-05 20:02:05.697   461   475 V InputMethodManagerService: Hide switching menu
03-05 20:02:05.697   461   475 D InputMethodManagerService: IME window vis: 0 active: 0 inv: 0 displayId: 0
03-05 20:02:05.698   461   475 V InputMethodManagerService: switching to client: client=android.os.BinderProxy@58c8492 keyguard=false
03-05 20:02:05.698   461   475 V InputMethodManagerService: Creating new session for client ClientState{ff75cb5 uid=10104 pid=1251 displayId=0}
03-05 20:02:05.699   461   518 V InputMethodManagerService: Disabling: SessionState{uid 10122 pid 1004 method a682d3c session 7be1650 channel ClientState{90f1302 uid=10122 pid=1004 displayId=0} (server)}
03-05 20:02:05.699   461   518 V InputMethodManagerService: Enabling: SessionState{uid 10104 pid 1251 method a682d3c session 29ffebb channel ClientState{ff75cb5 uid=10104 pid=1251 displayId=0} (server)}
03-05 20:02:05.718   461   518 D InputMethodManagerService: --- calledFromForegroundUserOrSystemProcess ? calling uid = 10104 system uid = 1000 calling userId = 0, foreground user id = 0, calling pid = 0com.android.server.inputmethod.InputMethodManagerService.reportPerceptible(InputMethodManagerService.java:3167)
03-05 20:02:05.718   461   518 D InputMethodManagerService: IME window vis: 0 active: 0 inv: 0 displayId: 0
03-05 20:02:05.733   269   412 D goldfish-address-space: allocate: Ask for block of size 0x7e9000
03-05 20:02:05.733   269   412 D goldfish-address-space: allocate: ioctl allocate returned offset 0x3fb8c2000 size 0x7ea000
03-05 20:02:05.773   269   412 D goldfish-address-space: allocate: Ask for block of size 0x7e9000
03-05 20:02:05.773   269   412 D goldfish-address-space: allocate: ioctl allocate returned offset 0x3fceae000 size 0x7ea000
03-05 20:02:05.817   269   412 D goldfish-address-space: allocate: Ask for block of size 0x7e9000
03-05 20:02:05.818   269   412 D goldfish-address-space: allocate: ioctl allocate returned offset 0x3fa8ee000 size 0x7ea000
03-05 20:02:05.844   461   475 D InputMethodManagerService: --- calledFromForegroundUserOrSystemProcess ? calling uid = 10104 system uid = 1000 calling userId = 0, foreground user id = 0, calling pid = 0com.android.server.inputmethod.InputMethodManagerService.reportPerceptible(InputMethodManagerService.java:3167)
03-05 20:02:05.871   621   621 D StatusBar: disable<e i a s b!h!r!c s > disable2<q i n >
03-05 20:02:05.882   461   475 D PowerManagerService: releaseWakeLockInternal: lock=180970848 [*launch*], flags=0x0
03-05 20:02:05.884   461   475 D PowerManagerService: updateWakeLockSummaryLocked: mWakefulness=Awake, mWakeLockSummary=0x1
03-05 20:02:05.884   461   475 D PowerManagerService: updateUserActivitySummaryLocked: mWakefulness=Awake, mUserActivitySummary=0x1, nextTimeout=2147627265 (in 2147474610 ms)
03-05 20:02:05.884   461   475 D PowerManagerService: updateDisplayPowerStateLocked: mDisplayReady=true, policy=3, mWakefulness=1, mWakeLockSummary=0x1, mUserActivitySummary=0x1, mBootCompleted=true, screenBrightnessOverride=NaN, useAutoBrightness=false, mScreenBrightnessBoostInProgress=false, mIsVrModeEnabled= false, sQuiescent=false
03-05 20:02:05.886   461   475 I wm_stop_activity: [0,230380735,com.android.launcher3/.uioverrides.QuickstepLauncher]
03-05 20:02:05.893   461   518 I AppWidgetServiceImpl: stopListening() 0
03-05 20:02:05.893   461   518 I AppWidgetServiceImpl: Pruning host HostId{user:0, app:10122, hostId:1024, pkg:com.android.launcher3}
03-05 20:02:05.893  1004  1004 I wm_on_stop_called: [230380735,com.android.launcher3.uioverrides.QuickstepLauncher,STOP_ACTIVITY_ITEM]
03-05 20:02:05.921   461   552 I WatchlistLoggingHandler: handleNetworkEvent with host: null, uid: 1073
03-05 20:02:05.925   461   552 I WatchlistLoggingHandler: handleNetworkEvent with host: play.googleapis.com, uid: 1073
03-05 20:02:05.935   461   486 I sysui_multi_action: [319,1054,322,1054,325,150,757,761,758,8,759,2,806,com.android.dialer,871,com.android.incallui.InCallActivity,904,com.android.dialer,905,0,1320,3,1321,3]
03-05 20:02:05.961   850   850 D DCT-C-0 : updateDataActivity: curTxRxSum={txSum=232 rxSum=132} preTxRxSum={txSum=230 rxSum=131}
03-05 20:02:05.961   850   850 D DCT-C-0 : updateDataActivity: sent=2 received=1
03-05 20:02:05.981   621   634 I ndroid.systemu: Background young concurrent copying GC freed 16430(912KB) AllocSpace objects, 3(60KB) LOS objects, 4% free, 9458KB/9905KB, paused 40us total 1.972s
03-05 20:02:05.998   621   621 D InterruptionStateProvider: No bubble up: not allowed to bubble: 0|com.android.dialer|1|null|10104
03-05 20:02:05.998   621   621 D InterruptionStateProvider: No heads up: unimportant notification: 0|com.android.dialer|1|null|10104
03-05 20:02:06.016   269   412 D goldfish-address-space: allocate: Ask for block of size 0x8140
03-05 20:02:06.016   269   412 D goldfish-address-space: allocate: ioctl allocate returned offset 0x3fd795000 size 0xa000
03-05 20:02:06.020   621  1483 D HostConnection: HostConnection::get() New Host Connection established 0x71608df26860, tid 1483
03-05 20:02:06.026   621  1483 D HostConnection: HostComposition ext ANDROID_EMU_CHECKSUM_HELPER_v1 ANDROID_EMU_dma_v1 ANDROID_EMU_direct_mem ANDROID_EMU_host_composition_v1 ANDROID_EMU_host_composition_v2 ANDROID_EMU_YUV_Cache ANDROID_EMU_async_unmap_buffer GL_OES_EGL_image_external_essl3 GL_OES_vertex_array_object GL_KHR_texture_compression_astc_ldr ANDROID_EMU_host_side_tracing ANDROID_EMU_gles_max_version_3_1 
03-05 20:02:06.027   621  1483 W OpenGLRenderer: Failed to choose config with EGL_SWAP_BEHAVIOR_PRESERVED, retrying without...
03-05 20:02:06.028   621  1483 D EGL_emulation: eglCreateContext: 0x71608df25940: maj 3 min 1 rcv 4
03-05 20:02:06.031   461   486 I wm_activity_launch_time: [0,216516398,com.android.dialer/com.android.incallui.InCallActivity,1054]
03-05 20:02:06.031   461   486 I ActivityTaskManager: Displayed com.android.dialer/com.android.incallui.InCallActivity: +1s54ms
03-05 20:02:06.032   461   486 D UsageStatsService: User[0] Got usage event for com.android.launcher3[152683]: ACTIVITY_STOPPED
03-05 20:02:06.048   621  1483 D EGL_emulation: eglMakeCurrent: 0x71608df25940: ver 3 1 (tinfo 0x71602defc6b0) (first time)
03-05 20:02:06.059   269   412 D goldfish-address-space: allocate: Ask for block of size 0x8140
03-05 20:02:06.059   269   412 D goldfish-address-space: allocate: ioctl allocate returned offset 0x3fd78b000 size 0xa000
03-05 20:02:06.062   269   412 D goldfish-address-space: allocate: Ask for block of size 0x8140
03-05 20:02:06.063   269   412 D goldfish-address-space: allocate: ioctl allocate returned offset 0x3fd781000 size 0xa000
03-05 20:02:06.065   269   412 D goldfish-address-space: allocate: Ask for block of size 0x8140
03-05 20:02:06.066   269   412 D goldfish-address-space: allocate: ioctl allocate returned offset 0x3fd777000 size 0xa000
03-05 20:02:06.071   269   412 D goldfish-address-space: allocate: Ask for block of size 0x8140
03-05 20:02:06.071   269   412 D goldfish-address-space: allocate: ioctl allocate returned offset 0x3fd76d000 size 0xa000
03-05 20:02:06.074   269   412 D goldfish-address-space: allocate: Ask for block of size 0x8140
03-05 20:02:06.074   269   412 D goldfish-address-space: allocate: ioctl allocate returned offset 0x3fd763000 size 0xa000
03-05 20:02:06.095   461  1366 I commit_sys_config_file: [appops,53]
03-05 20:02:06.200   621   634 I ndroid.systemu: Background concurrent copying GC freed 32039(1446KB) AllocSpace objects, 1(20KB) LOS objects, 49% free, 8120KB/15MB, paused 43us total 212.113ms
03-05 20:02:06.203   621   636 D StrictMode: StrictMode policy violation: android.os.strictmode.LeakedClosableViolation: A resource was acquired at attached stack trace but never released. See java.io.Closeable for information on avoiding resource leaks. Callsite: readFromParcel
03-05 20:02:06.203   621   636 D StrictMode: 	at android.os.StrictMode$AndroidCloseGuardReporter.report(StrictMode.java:1929)
03-05 20:02:06.203   621   636 D StrictMode: 	at dalvik.system.CloseGuard.warnIfOpen(CloseGuard.java:305)
03-05 20:02:06.203   621   636 D StrictMode: 	at android.view.SurfaceControl.finalize(SurfaceControl.java:1104)
03-05 20:02:06.203   621   636 D StrictMode: 	at java.lang.Daemons$FinalizerDaemon.doFinalize(Daemons.java:291)
03-05 20:02:06.203   621   636 D StrictMode: 	at java.lang.Daemons$FinalizerDaemon.runInternal(Daemons.java:278)
03-05 20:02:06.203   621   636 D StrictMode: 	at java.lang.Daemons$Daemon.run(Daemons.java:139)
03-05 20:02:06.203   621   636 D StrictMode: 	at java.lang.Thread.run(Thread.java:923)
03-05 20:02:06.270   461   480 I DropBoxManagerService: add tag=system_app_strictmode isTagEnabled=true flags=0x2
03-05 20:02:06.967   850   850 D DCT-C-0 : updateDataActivity: curTxRxSum={txSum=234 rxSum=132} preTxRxSum={txSum=232 rxSum=132}
03-05 20:02:06.968   850   850 D DCT-C-0 : updateDataActivity: sent=2 received=0
03-05 20:02:06.968   850   850 D DCT-C-0 : updateDataActivity: newActivity=DATAOUT
03-05 20:02:06.968   850   850 D SubscriptionController: [getSubId]+ slotIndex=0
03-05 20:02:06.968   850   850 D SubscriptionController: [getSubId]- subIdArr=[I@75ba1c4
03-05 20:02:06.972   461   807 D SubscriptionManager: [getActiveSubscriptionInfo]+ subId=1
03-05 20:02:06.975   850   850 D SubscriptionController: [getActiveSubscriptionInfo]+ subId=1 subInfo={id=1 iccId=89014103211118510720 simSlotIndex=0 carrierId=1 displayName=T-Mobile carrierName=T-Mobile nameSource=3 iconTint=-16746133 number=+15555215554 dataRoaming=0 iconBitmap=android.graphics.Bitmap@5bf6bb5 mcc=310 mnc=260 countryIso=us isEmbedded=false nativeAccessRules=null cardString=89014103211118510720 cardId=-1 isOpportunistic=false groupUUID=null isGroupDisabled=false profileClass=-1 ehplmns=null hplmns=null subscriptionType=0 groupOwner=null carrierConfigAccessRules=null areUiccApplicationsEnabled=true}
03-05 20:02:07.129   461   807 D PowerManagerService: releaseWakeLockInternal: lock=216822138 [AudioMix], flags=0x0
03-05 20:02:07.133   461   807 D PowerManagerService: updateWakeLockSummaryLocked: mWakefulness=Awake, mWakeLockSummary=0x1
03-05 20:02:07.133   461   807 D PowerManagerService: updateUserActivitySummaryLocked: mWakefulness=Awake, mUserActivitySummary=0x1, nextTimeout=2147627265 (in 2147473362 ms)
03-05 20:02:07.133   461   807 D PowerManagerService: updateDisplayPowerStateLocked: mDisplayReady=true, policy=3, mWakefulness=1, mWakeLockSummary=0x1, mUserActivitySummary=0x1, mBootCompleted=true, screenBrightnessOverride=NaN, useAutoBrightness=false, mScreenBrightnessBoostInProgress=false, mIsVrModeEnabled= false, sQuiescent=false
03-05 20:02:07.135   461   807 I system_server: oneway function results will be dropped but finished with status OK and parcel size 4
03-05 20:02:07.982   850   850 D DCT-C-0 : updateDataActivity: curTxRxSum={txSum=234 rxSum=132} preTxRxSum={txSum=234 rxSum=132}
03-05 20:02:07.983   850   850 D DCT-C-0 : updateDataActivity: sent=0 received=0
03-05 20:02:07.983   850   850 D DCT-C-0 : updateDataActivity: newActivity=NONE
03-05 20:02:07.983   850   850 D SubscriptionController: [getSubId]+ slotIndex=0
03-05 20:02:07.983   850   850 D SubscriptionController: [getSubId]- subIdArr=[I@ee5c8ad
03-05 20:02:07.985   461   807 D SubscriptionManager: [getActiveSubscriptionInfo]+ subId=1
03-05 20:02:07.986   850   850 D SubscriptionController: [getActiveSubscriptionInfo]+ subId=1 subInfo={id=1 iccId=89014103211118510720 simSlotIndex=0 carrierId=1 displayName=T-Mobile carrierName=T-Mobile nameSource=3 iconTint=-16746133 number=+15555215554 dataRoaming=0 iconBitmap=android.graphics.Bitmap@5bf6bb5 mcc=310 mnc=260 countryIso=us isEmbedded=false nativeAccessRules=null cardString=89014103211118510720 cardId=-1 isOpportunistic=false groupUUID=null isGroupDisabled=false profileClass=-1 ehplmns=null hplmns=null subscriptionType=0 groupOwner=null carrierConfigAccessRules=null areUiccApplicationsEnabled=true}
03-05 20:02:08.141   461  1366 I commit_sys_config_file: [appops,7]
03-05 20:02:08.992   850   850 D DCT-C-0 : updateDataActivity: curTxRxSum={txSum=235 rxSum=132} preTxRxSum={txSum=234 rxSum=132}
03-05 20:02:08.992   850   850 D DCT-C-0 : updateDataActivity: sent=1 received=0
03-05 20:02:08.992   850   850 D DCT-C-0 : updateDataActivity: newActivity=DATAOUT
03-05 20:02:08.993   850   850 D SubscriptionController: [getSubId]+ slotIndex=0
03-05 20:02:08.993   850   850 D SubscriptionController: [getSubId]- subIdArr=[I@dc957e2
03-05 20:02:08.995   461   807 D SubscriptionManager: [getActiveSubscriptionInfo]+ subId=1
03-05 20:02:08.996   850   850 D SubscriptionController: [getActiveSubscriptionInfo]+ subId=1 subInfo={id=1 iccId=89014103211118510720 simSlotIndex=0 carrierId=1 displayName=T-Mobile carrierName=T-Mobile nameSource=3 iconTint=-16746133 number=+15555215554 dataRoaming=0 iconBitmap=android.graphics.Bitmap@5bf6bb5 mcc=310 mnc=260 countryIso=us isEmbedded=false nativeAccessRules=null cardString=89014103211118510720 cardId=-1 isOpportunistic=false groupUUID=null isGroupDisabled=false profileClass=-1 ehplmns=null hplmns=null subscriptionType=0 groupOwner=null carrierConfigAccessRules=null areUiccApplicationsEnabled=true}
03-05 20:02:09.526   369   449 D AT      : AT< RING
03-05 20:02:09.531   850   963 D RILJ    : [UNSL]< UNSOL_RESPONSE_CALL_STATE_CHANGED [PHONE0]
03-05 20:02:09.531   850   850 D GsmCdmaCallTracker: [0] checkNoOperationsPending: pendingOperations=0
03-05 20:02:09.533   461   807 D PowerManagerService: acquireWakeLockInternal: lock=135726337, flags=0x1, tag="*telephony-radio*", ws=WorkSource{1001 com.android.phone}, uid=1001, pid=850
03-05 20:02:09.533   461   807 D PowerManagerService: updateWakeLockSummaryLocked: mWakefulness=Awake, mWakeLockSummary=0x1
03-05 20:02:09.533   461   807 D PowerManagerService: updateUserActivitySummaryLocked: mWakefulness=Awake, mUserActivitySummary=0x1, nextTimeout=2147627265 (in 2147470961 ms)
03-05 20:02:09.534   461   807 D PowerManagerService: updateDisplayPowerStateLocked: mDisplayReady=true, policy=3, mWakefulness=1, mWakeLockSummary=0x1, mUserActivitySummary=0x1, mBootCompleted=true, screenBrightnessOverride=NaN, useAutoBrightness=false, mScreenBrightnessBoostInProgress=false, mIsVrModeEnabled= false, sQuiescent=false
03-05 20:02:09.538   850   850 D RILJ    : [0225]> GET_CURRENT_CALLS [PHONE0]
03-05 20:02:09.538   369   369 D RIL     : onRequest: GET_CURRENT_CALLS
03-05 20:02:09.539   369   369 D AT      : AT> AT+CLCC
03-05 20:02:09.539   369   449 D AT      : AT< OK
03-05 20:02:09.540   850   963 D RILJ    : [0225]< GET_CURRENT_CALLS {} [PHONE0]
03-05 20:02:09.540   850   850 D GsmCdmaCallTracker: Event EVENT_POLL_CALLS_RESULT Received
03-05 20:02:09.540   850   850 D GsmCdmaCallTracker: [0] handle EVENT_POLL_CALL_RESULT: set needsPoll=F
03-05 20:02:09.540   850   850 D GsmCdmaCallTracker: [0] handlePollCalls
03-05 20:02:09.540   850   850 D GsmCdmaCallTracker: [0] poll: conn[i=0]= callId: TC@1_1 isExternal: N incoming: true state: ACTIVE post dial state: NOT_STARTED, dc=null
03-05 20:02:09.540   850   850 D GsmCdmaCallTracker: [0] poll: conn[i=1]=null, dc=null
03-05 20:02:09.540   850   850 D GsmCdmaCallTracker: [0] poll: conn[i=2]=null, dc=null
03-05 20:02:09.540   850   850 D GsmCdmaCallTracker: [0] poll: conn[i=3]=null, dc=null
03-05 20:02:09.540   850   850 D GsmCdmaCallTracker: [0] poll: conn[i=4]=null, dc=null
03-05 20:02:09.540   850   850 D GsmCdmaCallTracker: [0] poll: conn[i=5]=null, dc=null
03-05 20:02:09.540   850   850 D GsmCdmaCallTracker: [0] poll: conn[i=6]=null, dc=null
03-05 20:02:09.540   850   850 D GsmCdmaCallTracker: [0] poll: conn[i=7]=null, dc=null
03-05 20:02:09.540   850   850 D GsmCdmaCallTracker: [0] poll: conn[i=8]=null, dc=null
03-05 20:02:09.540   850   850 D GsmCdmaCallTracker: [0] poll: conn[i=9]=null, dc=null
03-05 20:02:09.540   850   850 D GsmCdmaCallTracker: [0] poll: conn[i=10]=null, dc=null
03-05 20:02:09.540   850   850 D GsmCdmaCallTracker: [0] poll: conn[i=11]=null, dc=null
03-05 20:02:09.541   850   850 D GsmCdmaCallTracker: [0] poll: conn[i=12]=null, dc=null
03-05 20:02:09.541   850   850 D GsmCdmaCallTracker: [0] poll: conn[i=13]=null, dc=null
03-05 20:02:09.541   850   850 D GsmCdmaCallTracker: [0] poll: conn[i=14]=null, dc=null
03-05 20:02:09.541   850   850 D GsmCdmaCallTracker: [0] poll: conn[i=15]=null, dc=null
03-05 20:02:09.541   850   850 D GsmCdmaCallTracker: [0] poll: conn[i=16]=null, dc=null
03-05 20:02:09.541   850   850 D GsmCdmaCallTracker: [0] poll: conn[i=17]=null, dc=null
03-05 20:02:09.541   850   850 D GsmCdmaCallTracker: [0] poll: conn[i=18]=null, dc=null
03-05 20:02:09.541   461   807 D PowerManagerService: acquireWakeLockInternal: lock=135726337, flags=0x1, tag="*telephony-radio*", ws=WorkSource{1001 com.android.phone}, uid=1001, pid=850
03-05 20:02:09.541   461   807 D PowerManagerService: updateWakeLockSummaryLocked: mWakefulness=Awake, mWakeLockSummary=0x1
03-05 20:02:09.542   461   807 D PowerManagerService: updateUserActivitySummaryLocked: mWakefulness=Awake, mUserActivitySummary=0x1, nextTimeout=2147627265 (in 2147470953 ms)
03-05 20:02:09.542   461   807 D PowerManagerService: updateDisplayPowerStateLocked: mDisplayReady=true, policy=3, mWakefulness=1, mWakeLockSummary=0x1, mUserActivitySummary=0x1, mBootCompleted=true, screenBrightnessOverride=NaN, useAutoBrightness=false, mScreenBrightnessBoostInProgress=false, mIsVrModeEnabled= false, sQuiescent=false
03-05 20:02:09.542   850   850 D RILJ    : [0226]> LAST_CALL_FAIL_CAUSE [PHONE0]
03-05 20:02:09.542   369   369 D RIL     : onRequest: LAST_CALL_FAIL_CAUSE
03-05 20:02:09.542   369   369 D RIL     : Request not supported. Tech: 1
03-05 20:02:09.542   369   369 E RILC    : getCurrentCallsResponse Invalid response: NULL
03-05 20:02:09.543   850   963 D RILJ    : [0226]< LAST_CALL_FAIL_CAUSE error 6 [PHONE0]
03-05 20:02:09.543   850   963 D RilRequest: [0226]< LAST_CALL_FAIL_CAUSE error: com.android.internal.telephony.CommandException: REQUEST_NOT_SUPPORTED ret=com.android.internal.telephony.LastCallFailCause@24d7773 causeCode: 0 vendorCause: 
03-05 20:02:09.543   850   850 D GsmCdmaCallTracker: [0] handlePollCalls calling updatePhoneState()
03-05 20:02:09.544   850   850 D GsmCdmaCallTracker: [0] update phone state, old=OFFHOOK new=OFFHOOK
03-05 20:02:09.544   850   850 D GsmCdmaCallTracker: [0] operationComplete: pendingOperations=0, needsPoll=false
03-05 20:02:09.544   850   850 D GsmCdmaConnection: onDisconnect: cause=2
03-05 20:02:09.544   850   850 D SubscriptionController: [getSubId]+ slotIndex=0
03-05 20:02:09.544   850   850 D SubscriptionController: [getSubId]- subIdArr=[I@b531630
03-05 20:02:09.545   850   850 I Connection: notifyDisconnect: callId=TC@1_1, reason=2
03-05 20:02:09.545   850   850 I Telephony: : onDisconnect: callId=TC@1_1, cause=NORMAL
03-05 20:02:09.545   850   993 D SubscriptionController: [getSubId]+ slotIndex=0
03-05 20:02:09.545   850   993 D SubscriptionController: [getSubId]- subIdArr=[I@c4342a9
03-05 20:02:09.545   850   993 D ApnSetting: isMeteredApnType: isRoaming=false
03-05 20:02:09.549   850   993 D ApnSetting: For subId = 1, metered APN types are [default, mms, supl, dun]
03-05 20:02:09.549   850   993 D ApnSetting: mms is metered.
03-05 20:02:09.549   850   850 D GsmCdmaCallTracker: [0] update phone state, old=OFFHOOK new=IDLE
03-05 20:02:09.549   850   850 D SubscriptionController: [getSubId]+ slotIndex=0
03-05 20:02:09.549   850   850 D SubscriptionController: [getSubId]- subIdArr=[I@ea9102e
03-05 20:02:09.550   461   807 D AppOps  : noteOperation: allowing code 6 uid 1001 package com.android.phone
03-05 20:02:09.550   461   807 D AppOps  : noteOperation: allowing code 6 uid 10126 package com.android.systemui
03-05 20:02:09.551   850   850 D SubscriptionController: [getSubId]+ slotIndex=0
03-05 20:02:09.552   850   850 D SubscriptionController: [getSubId]- subIdArr=[I@27e17cf
03-05 20:02:09.552   850   850 V TelephonyMetrics: Logging CallList Changed Connections Size = 1
03-05 20:02:09.552   850   850 V TelephonyMetrics: Logged Call list changed
03-05 20:02:09.552   850   850 V TelephonyMetrics: Call session finished
03-05 20:02:09.556   850   850 D CallManager:  handleMessage (EVENT_DISCONNECT)
03-05 20:02:09.556   850   850 V Telephony: GsmConnection: Update state from ACTIVE to DISCONNECTED for TC@1_1
03-05 20:02:09.557   850   850 D PhoneFactory: getPhone:- phoneId != DEFAULT_PHONE_ID return sPhones[phoneId] phoneId=0 phone=Handler (com.android.internal.telephony.GsmCdmaPhone) {84d053}
03-05 20:02:09.557   850   850 D SubscriptionController: [getSubId]+ slotIndex=0
