04-23 11:24:05.127   942   942 D SubscriptionController: java.lang.reflect.Method.invoke(Native Method)
04-23 11:24:05.127   942   942 D SubscriptionController: com.android.internal.os.RuntimeInit$MethodAndArgsCaller.run(RuntimeInit.java:592)
04-23 11:24:05.127   942   942 D SubscriptionController: com.android.internal.os.ZygoteInit.main(ZygoteInit.java:947)
04-23 11:24:05.128   942   942 D SubscriptionController: [getSubId]- subIdArr=[I@c192fd5
04-23 11:24:05.128   533  1092 V Telecom : Logging: CREATE_SUBSESSION (Invisible subsession): ICA.aC->CSFM.rF->CAMSM.pM_1002(cad)@AIM_0_2
04-23 11:24:05.128   533  1092 V Telecom : Logging: CONTINUE_SUBSESSION (Invisible Subsession) with Method TSI.iIC: ICA.aC->CSFM.rF->CAMSM.pM_1002(cad)@AIM_0_2
04-23 11:24:05.128   533  1092 V Telecom : Logging: END_SUBSESSION (Invisible Subsession) (dur: 0 ms): ICA.aC->CSFM.rF->CAMSM.pM_1002(cad)@AIM_0_2
04-23 11:24:05.129  1461  2144 D libEGL  : loaded /vendor/lib64/egl/libGLESv1_CM_emulation.so
04-23 11:24:05.131   942   942 D SubscriptionController: [getActiveSubscriptionInfo]+ subId=1 subInfo={id=1 iccId=89014103211118510720 simSlotIndex=0 carrierId=1 displayName=T-Mobile carrierName=T-Mobile nameSource=3 iconTint=-16746133 number=+15555215554 dataRoaming=0 iconBitmap=android.graphics.Bitmap@b1bb555 mcc=310 mnc=260 countryIso=us isEmbedded=false nativeAccessRules=null cardString=89014103211118510720 cardId=-1 isOpportunistic=false groupUUID=null isGroupDisabled=false profileClass=-1 ehplmns=null hplmns=null subscriptionType=0 groupOwner=null carrierConfigAccessRules=null areUiccApplicationsEnabled=true}
04-23 11:24:05.131   942   942 D SubscriptionController: StackTrace - [getSubId]+ slotIndex=0
04-23 11:24:05.131   942   942 D SubscriptionController: com.android.internal.telephony.SubscriptionController.getSubId(SubscriptionController.java:2299)
04-23 11:24:05.131   942   942 D SubscriptionController: com.android.internal.telephony.SubscriptionController.getSubIdUsingPhoneId(SubscriptionController.java:2694)
04-23 11:24:05.132   942   942 D SubscriptionController: com.android.internal.telephony.Phone.getSubId(Phone.java:3743)
04-23 11:24:05.132  1461  2144 D libEGL  : loaded /vendor/lib64/egl/libGLESv2_emulation.so
04-23 11:24:05.133   942   942 D SubscriptionController: com.android.internal.telephony.dataconnection.DataEnabledSettings.isUserDataEnabled(DataEnabledSettings.java:243)
04-23 11:24:05.133   942   942 D SubscriptionController: com.android.internal.telephony.GsmCdmaPhone.isUserDataEnabled(GsmCdmaPhone.java:2459)
04-23 11:24:05.133   942   942 D SubscriptionController: com.android.internal.telephony.dataconnection.DataEnabledOverride.getCurrentConditions(DataEnabledOverride.java:397)
04-23 11:24:05.133   942   942 D SubscriptionController: com.android.internal.telephony.dataconnection.DataEnabledOverride.shouldOverrideDataEnabledSettings(DataEnabledOverride.java:422)
04-23 11:24:05.133   942   942 D SubscriptionController: com.android.internal.telephony.dataconnection.DataEnabledSettings.isDataEnabled(DataEnabledSettings.java:469)
04-23 11:24:05.134   942   942 D SubscriptionController: com.android.internal.telephony.PhoneSwitcher.updatePreferredDataPhoneId(PhoneSwitcher.java:1072)
04-23 11:24:05.134   942   942 D SubscriptionController: com.android.internal.telephony.PhoneSwitcher.onEvaluate(PhoneSwitcher.java:836)
04-23 11:24:05.134   942   942 D SubscriptionController: com.android.internal.telephony.PhoneSwitcher.handleMessage(PhoneSwitcher.java:526)
04-23 11:24:05.134   942   942 D SubscriptionController: android.os.Handler.dispatchMessage(Handler.java:106)
04-23 11:24:05.134   942   942 D SubscriptionController: android.os.Looper.loop(Looper.java:223)
04-23 11:24:05.134   942   942 D SubscriptionController: android.app.ActivityThread.main(ActivityThread.java:7656)
04-23 11:24:05.134   942   942 D SubscriptionController: java.lang.reflect.Method.invoke(Native Method)
04-23 11:24:05.134   942   942 D SubscriptionController: com.android.internal.os.RuntimeInit$MethodAndArgsCaller.run(RuntimeInit.java:592)
04-23 11:24:05.137   942   942 D SubscriptionController: com.android.internal.os.ZygoteInit.main(ZygoteInit.java:947)
04-23 11:24:05.137   942   942 D SubscriptionController: [getSubId]- subIdArr=[I@70a73ea
04-23 11:24:05.137   942   942 D SubscriptionController: StackTrace - [getSubId]+ slotIndex=0
04-23 11:24:05.137   942   942 D SubscriptionController: com.android.internal.telephony.SubscriptionController.getSubId(SubscriptionController.java:2299)
04-23 11:24:05.137   942   942 D SubscriptionController: com.android.internal.telephony.SubscriptionController.getSubIdUsingPhoneId(SubscriptionController.java:2694)
04-23 11:24:05.137   942   942 D SubscriptionController: com.android.internal.telephony.PhoneSwitcher.updatePreferredDataPhoneId(PhoneSwitcher.java:1096)
04-23 11:24:05.137   942   942 D SubscriptionController: com.android.internal.telephony.PhoneSwitcher.onEvaluate(PhoneSwitcher.java:836)
04-23 11:24:05.139   942   942 D SubscriptionController: com.android.internal.telephony.PhoneSwitcher.handleMessage(PhoneSwitcher.java:526)
04-23 11:24:05.139   942   942 D SubscriptionController: android.os.Handler.dispatchMessage(Handler.java:106)
04-23 11:24:05.139   942   942 D SubscriptionController: android.os.Looper.loop(Looper.java:223)
04-23 11:24:05.139   942   942 D SubscriptionController: android.app.ActivityThread.main(ActivityThread.java:7656)
04-23 11:24:05.139   942   942 D SubscriptionController: java.lang.reflect.Method.invoke(Native Method)
04-23 11:24:05.139   942   942 D SubscriptionController: com.android.internal.os.RuntimeInit$MethodAndArgsCaller.run(RuntimeInit.java:592)
04-23 11:24:05.140   942   942 D SubscriptionController: com.android.internal.os.ZygoteInit.main(ZygoteInit.java:947)
04-23 11:24:05.140   942   942 D SubscriptionController: [getSubId]- subIdArr=[I@fc0d6db
04-23 11:24:05.144   942   942 V Telephony: MSG_PRECISE_CALL_STATE_CHANGED
04-23 11:24:05.144   942   942 V Telephony: GsmConnection: Update state from INCOMING to ACTIVE for TC@1_1
04-23 11:24:05.144   942   942 D TelecomFramework: GsmConnection: setState: ACTIVE
04-23 11:24:05.144   942   942 V Telephony: onStateChanged, state: ACTIVE
04-23 11:24:05.144   942   942 D TelecomFramework: Logging: Log.getExternalSession was called with no session active.
04-23 11:24:05.144   942   942 D TelecomFramework: : Adapter set state TC@1_1 ACTIVE
04-23 11:24:05.144   942   942 D TelecomFramework: Logging: Log.getExternalSession was called with no session active.
04-23 11:24:05.144   942   942 V Telephony: onStateChange triggered in Conf Controller : connection = [TelephonyConnection objId:243402796 telecomCallID:TC@1_1 type:gsm state:ACTIVE capabilities:[Capabilities: CAPABILITY_SUPPORT_HOLD CAPABILITY_MUTE CAPABILITY_CANNOT_DOWNGRADE_VIDEO_TO_AUDIO CAPABILITY_SPEED_UP_MT_AUDIO] properties:[Properties:] address:[rWg7mA4P8gWccIHTj_uBeLXPPDY] originalConnection: callId: TC@1_1 isExternal: N incoming: true state: ACTIVE post dial state: NOT_STARTED partOfConf:N confSupported:Y isAdhocConf:N] state = 4
04-23 11:24:05.145   942   942 D Telephony: TelephonyConferenceController: Recalculate conference calls null [].
04-23 11:24:05.145   942   942 D Telephony: Is there a match for all connections in connection service true
04-23 11:24:05.145   942   942 D Telephony: not enough connections to be a conference!
04-23 11:24:05.145   942   942 V Telephony: TelephonyConferenceController: recalculateConferenceable : 1
04-23 11:24:05.145   942   942 D Telephony: TelephonyConferenceController: recalc - 4 [TelephonyConnection objId:243402796 telecomCallID:TC@1_1 type:gsm state:ACTIVE capabilities:[Capabilities: CAPABILITY_SUPPORT_HOLD CAPABILITY_MUTE CAPABILITY_CANNOT_DOWNGRADE_VIDEO_TO_AUDIO CAPABILITY_SPEED_UP_MT_AUDIO] properties:[Properties:] address:[rWg7mA4P8gWccIHTj_uBeLXPPDY] originalConnection: callId: TC@1_1 isExternal: N incoming: true state: ACTIVE post dial state: NOT_STARTED partOfConf:N confSupported:Y isAdhocConf:N] supportsConf? true
04-23 11:24:05.145   942   942 V Telephony: conferenceable: 1
04-23 11:24:05.146   942   942 V TelecomFramework: ConnectionServiceAdapter: setConferenceableConnections: TC@1_1, []
04-23 11:24:05.146   942   942 D TelecomFramework: Logging: Log.getExternalSession was called with no session active.
04-23 11:24:05.146   942   942 D Telephony: buildConnectionCapabilities: isHoldable = true State = 4 capabilities = 262144
04-23 11:24:05.146   942   942 D TelecomFramework: Logging: Log.getExternalSession was called with no session active.
04-23 11:24:05.146   942   942 D TelecomFramework: : capabilities: parcelableconnection: [Capabilities: CAPABILITY_HOLD CAPABILITY_SUPPORT_HOLD CAPABILITY_MUTE CAPABILITY_CANNOT_DOWNGRADE_VIDEO_TO_AUDIO CAPABILITY_SPEED_UP_MT_AUDIO]
04-23 11:24:05.146   942   942 D TelecomFramework: Logging: Log.getExternalSession was called with no session active.
04-23 11:24:05.146   942   942 D SubscriptionController: StackTrace - [getSubId]+ slotIndex=0
04-23 11:24:05.146   942   942 D SubscriptionController: com.android.internal.telephony.SubscriptionController.getSubId(SubscriptionController.java:2299)
04-23 11:24:05.146   942   942 D SubscriptionController: com.android.internal.telephony.SubscriptionController.getSubIdUsingPhoneId(SubscriptionController.java:2694)
04-23 11:24:05.147   942   942 D SubscriptionController: com.android.internal.telephony.Phone.getSubId(Phone.java:3743)
04-23 11:24:05.147   942   942 D SubscriptionController: com.android.services.telephony.TelephonyConnection.getCarrierConfig(TelephonyConnection.java:1744)
04-23 11:24:05.147   942   942 D SubscriptionController: com.android.services.telephony.TelephonyConnection.filterCnapName(TelephonyConnection.java:1428)
04-23 11:24:05.147   942   942 D SubscriptionController: com.android.services.telephony.TelephonyConnection.updateAddress(TelephonyConnection.java:1311)
04-23 11:24:05.147   942   942 D SubscriptionController: com.android.services.telephony.TelephonyConnection.updateState(TelephonyConnection.java:2182)
04-23 11:24:05.147   533  1092 V Telecom : Logging: CREATE_SUBSESSION (Invisible subsession): ICA.aC->CSFM.rF->CAMSM.pM_1002(cad)@AIM_0_2
04-23 11:24:05.147   942   942 D SubscriptionController: com.android.services.telephony.TelephonyConnection$1.handleMessage(TelephonyConnection.java:129)
04-23 11:24:05.147   942   942 D SubscriptionController: android.os.Handler.dispatchMessage(Handler.java:106)
04-23 11:24:05.147   942   942 D SubscriptionController: android.os.Looper.loop(Looper.java:223)
04-23 11:24:05.147   533  1092 V Telecom : Logging: CONTINUE_SUBSESSION (Invisible Subsession) with Method TSI.iIC: ICA.aC->CSFM.rF->CAMSM.pM_1002(cad)@AIM_0_2
04-23 11:24:05.147   942   942 D SubscriptionController: android.app.ActivityThread.main(ActivityThread.java:7656)
04-23 11:24:05.147   942   942 D SubscriptionController: java.lang.reflect.Method.invoke(Native Method)
04-23 11:24:05.147   942   942 D SubscriptionController: com.android.internal.os.RuntimeInit$MethodAndArgsCaller.run(RuntimeInit.java:592)
04-23 11:24:05.147   942   942 D SubscriptionController: com.android.internal.os.ZygoteInit.main(ZygoteInit.java:947)
04-23 11:24:05.147   942   942 D SubscriptionController: [getSubId]- subIdArr=[I@ef46578
04-23 11:24:05.147   533  1092 V Telecom : Logging: END_SUBSESSION (Invisible Subsession) (dur: 0 ms): ICA.aC->CSFM.rF->CAMSM.pM_1002(cad)@AIM_0_2
04-23 11:24:05.147   533  2020 D Telecom : Logging: START_SESSION
04-23 11:24:05.148   533  2020 D Telecom : ConnectionServiceWrapper: CS -> TC[cap]: setStatusHints TC@1_1 null: CSW.sSH(cap)@AIY
04-23 11:24:05.148   533  2020 I Telecom : InCallController: Sending updateCall [Call id=TC@1, state=ANSWERED, tpac=ComponentInfo{com.android.phone/com.android.services.telephony.TelephonyConnectionService}, 89014103211118510720, UserHandle{0}, cmgr=ComponentInfo{com.android.phone/com.android.services.telephony.TelephonyConnectionService}, 89014103211118510720, UserHandle{0}, handle=tel:6505551212, vidst=A, childs(0), has_parent(false), cap=[ sup_hld mut !v2a spd_aud], prop=[]]: CSW.sSH(cap)@AIY
04-23 11:24:05.154   942  1562 D SubscriptionController: [getDefaultVoiceSubId] subId=1
04-23 11:24:05.155   942  1562 D SubscriptionController: [getDefaultSubId] isVoiceCapable subId=1
04-23 11:24:05.155   942  1562 D SubscriptionController: [isActiveSubId]- true
04-23 11:24:05.155   942  1562 V SubscriptionController: [getDefaultSubId]- value = 1
04-23 11:24:05.155   942  1562 D SubscriptionController: StackTrace - [getSubId]+ slotIndex=0
04-23 11:24:05.155   942  1562 D SubscriptionController: com.android.internal.telephony.SubscriptionController.getSubId(SubscriptionController.java:2299)
04-23 11:24:05.155   942  1562 D SubscriptionController: com.android.internal.telephony.SubscriptionController.getSubIdUsingPhoneId(SubscriptionController.java:2694)
04-23 11:24:05.155   942  1562 D SubscriptionController: com.android.internal.telephony.Phone.getSubId(Phone.java:3743)
04-23 11:24:05.156   942  1562 D SubscriptionController: com.android.phone.PhoneUtils.getSubIdForPhoneAccountHandle(PhoneUtils.java:739)
04-23 11:24:05.156   942  1562 D SubscriptionController: com.android.phone.PhoneInterfaceManager.getSubIdForPhoneAccountHandle(PhoneInterfaceManager.java:6548)
04-23 11:24:05.156   942  1562 D SubscriptionController: com.android.internal.telephony.ITelephony$Stub.onTransact(ITelephony.java:5702)
04-23 11:24:05.156   942  1562 D SubscriptionController: android.os.Binder.execTransactInternal(Binder.java:1159)
04-23 11:24:05.146   942   942 D Telephony: buildConnectionCapabilities: isHoldable = true State = 4 capabilities = 262144
04-23 11:24:05.156   533  1015 I system_server: oneway function results will be dropped but finished with status OK and parcel size 4
04-23 11:24:05.156   942  1562 D SubscriptionController: android.os.Binder.execTransact(Binder.java:1123)
04-23 11:24:05.156   942  1562 D SubscriptionController: [getSubId]- subIdArr=[I@7c9f451
04-23 11:24:05.162   942   942 D SubscriptionController: [getDefaultVoiceSubId] subId=1
04-23 11:24:05.165   942   942 D SubscriptionController: [getDefaultVoiceSubId] subId=1
04-23 11:24:05.165   942   942 D SubscriptionController: [getDefaultSubId] isVoiceCapable subId=1
04-23 11:24:05.165   942   942 D SubscriptionController: [isActiveSubId]- true
04-23 11:24:05.165   942   942 V SubscriptionController: [getDefaultSubId]- value = 1
04-23 11:24:05.165   942   942 D SubscriptionController: StackTrace - [getPhoneId] subId=1
04-23 11:24:05.166  1461  1461 I wm_on_create_called: [41245169,com.android.incallui.InCallActivity,performCreate]
04-23 11:24:05.165   942   942 D SubscriptionController: com.android.internal.telephony.SubscriptionController.getPhoneId(SubscriptionController.java:2347)
04-23 11:24:05.167   942   942 D SubscriptionController: com.android.phone.PhoneInterfaceManager.getPhone(PhoneInterfaceManager.java:1705)
04-23 11:24:05.167   942   942 D SubscriptionController: com.android.phone.PhoneInterfaceManager.getDefaultPhone(PhoneInterfaceManager.java:1671)
04-23 11:24:05.167   942   942 D SubscriptionController: com.android.phone.PhoneInterfaceManager.isEmergencyNumber(PhoneInterfaceManager.java:7845)
04-23 11:24:05.167   942   942 D SubscriptionController: android.telephony.TelephonyManager.isEmergencyNumber(TelephonyManager.java:12118)
04-23 11:24:05.168   942   942 D SubscriptionController: android.telephony.PhoneNumberUtils.isEmergencyNumberInternal(PhoneNumberUtils.java:2036)
04-23 11:24:05.168   942   942 D SubscriptionController: android.telephony.PhoneNumberUtils.isEmergencyNumberInternal(PhoneNumberUtils.java:1888)
04-23 11:24:05.168   942   942 D SubscriptionController: android.telephony.PhoneNumberUtils.isEmergencyNumber(PhoneNumberUtils.java:1780)
04-23 11:24:05.168   942   942 D SubscriptionController: android.telephony.PhoneNumberUtils.isEmergencyNumber(PhoneNumberUtils.java:1758)
04-23 11:24:05.168   942   942 D SubscriptionController: com.android.services.telephony.TelephonyConnection.updateAddress(TelephonyConnection.java:1319)
04-23 11:24:05.168   942   942 D SubscriptionController: com.android.services.telephony.TelephonyConnection.updateState(TelephonyConnection.java:2182)
04-23 11:24:05.168   942   942 D SubscriptionController: com.android.services.telephony.TelephonyConnection$1.handleMessage(TelephonyConnection.java:129)
04-23 11:24:05.168   942   942 D SubscriptionController: android.os.Handler.dispatchMessage(Handler.java:106)
04-23 11:24:05.168   942   942 D SubscriptionController: android.os.Looper.loop(Looper.java:223)
04-23 11:24:05.168   942   942 D SubscriptionController: android.app.ActivityThread.main(ActivityThread.java:7656)
04-23 11:24:05.168   942   942 D SubscriptionController: java.lang.reflect.Method.invoke(Native Method)
04-23 11:24:05.168   942   942 D SubscriptionController: com.android.internal.os.RuntimeInit$MethodAndArgsCaller.run(RuntimeInit.java:592)
04-23 11:24:05.168   942   942 D SubscriptionController: com.android.internal.os.ZygoteInit.main(ZygoteInit.java:947)
04-23 11:24:05.168   942   942 D SubscriptionController: [getPhoneId]- found subId=1 phoneId=0
04-23 11:24:05.171   942   942 D SubscriptionController: StackTrace - [getSubId]+ slotIndex=0
04-23 11:24:05.171   942   942 D SubscriptionController: com.android.internal.telephony.SubscriptionController.getSubId(SubscriptionController.java:2299)
04-23 11:24:05.171   942   942 D SubscriptionController: com.android.internal.telephony.SubscriptionController.getSubIdUsingPhoneId(SubscriptionController.java:2694)
04-23 11:24:05.171   942   942 D SubscriptionController: com.android.internal.telephony.Phone.getSubId(Phone.java:3743)
04-23 11:24:05.171   942   942 D SubscriptionController: com.android.internal.telephony.emergency.EmergencyNumberTracker.isEmergencyNumberFromEccList(EmergencyNumberTracker.java:950)
04-23 11:24:05.171   942   942 D SubscriptionController: com.android.internal.telephony.emergency.EmergencyNumberTracker.isEmergencyNumber(EmergencyNumberTracker.java:741)
04-23 11:24:05.173   533  2020 I Telecom : InCallController: Components updated: [ComponentInfo{com.android.dialer/com.android.incallui.InCallServiceImpl}]: CSW.sSH(cap)@AIY
04-23 11:24:05.173   533  2020 V Telecom : Logging: END_SUBSESSION (dur: 25 mS): CSW.sSH(cap)@AIY
04-23 11:24:05.173   533  2020 D Telecom : Logging: END_SESSION (dur: 25 ms): CSW.sSH(cap)@AIY
04-23 11:24:05.173   533  2020 D Telecom : Logging: START_SESSION
04-23 11:24:05.173   533  2020 D Telecom : ConnectionServiceWrapper: CS -> TC[cap]: setActive TC@1_1: CSW.sA(cap)@AIc
04-23 11:24:05.174   942   942 D SubscriptionController: com.android.phone.PhoneInterfaceManager.isEmergencyNumber(PhoneInterfaceManager.java:7856)
04-23 11:24:05.174   942   942 D SubscriptionController: android.telephony.TelephonyManager.isEmergencyNumber(TelephonyManager.java:12118)
04-23 11:24:05.174   942   942 D SubscriptionController: android.telephony.PhoneNumberUtils.isEmergencyNumberInternal(PhoneNumberUtils.java:2036)
04-23 11:24:05.174   942   942 D SubscriptionController: android.telephony.PhoneNumberUtils.isEmergencyNumberInternal(PhoneNumberUtils.java:1888)
04-23 11:24:05.174   942   942 D SubscriptionController: android.telephony.PhoneNumberUtils.isEmergencyNumber(PhoneNumberUtils.java:1780)
04-23 11:24:05.174   942   942 D SubscriptionController: android.telephony.PhoneNumberUtils.isEmergencyNumber(PhoneNumberUtils.java:1758)
04-23 11:24:05.174   533  2020 I Telecom : CallsManager: setCallState ANSWERED -> ACTIVE, call: [Call id=TC@1, state=ANSWERED, tpac=ComponentInfo{com.android.phone/com.android.services.telephony.TelephonyConnectionService}, 89014103211118510720, UserHandle{0}, cmgr=ComponentInfo{com.android.phone/com.android.services.telephony.TelephonyConnectionService}, 89014103211118510720, UserHandle{0}, handle=tel:6505551212, vidst=A, childs(0), has_parent(false), cap=[ sup_hld mut !v2a spd_aud], prop=[]]: CSW.sA(cap)@AIc
04-23 11:24:05.174   942   942 D SubscriptionController: com.android.services.telephony.TelephonyConnection.updateAddress(TelephonyConnection.java:1319)
04-23 11:24:05.174   533  2020 V Telecom : Call: setState ANSWERED -> ACTIVE: CSW.sA(cap)@AIc
04-23 11:24:05.174   942   942 D SubscriptionController: com.android.services.telephony.TelephonyConnection.updateState(TelephonyConnection.java:2182)
04-23 11:24:05.174   942   942 D SubscriptionController: com.android.services.telephony.TelephonyConnection$1.handleMessage(TelephonyConnection.java:129)
04-23 11:24:05.174   533  2020 D Telecom : Call: maybeLoadCannedSmsResponses: doing nothing: CSW.sA(cap)@AIc
04-23 11:24:05.174   942   942 D SubscriptionController: android.os.Handler.dispatchMessage(Handler.java:106)
04-23 11:24:05.174   942   942 D SubscriptionController: android.os.Looper.loop(Looper.java:223)
04-23 11:24:05.174   942   942 D SubscriptionController: android.app.ActivityThread.main(ActivityThread.java:7656)
04-23 11:24:05.174   942   942 D SubscriptionController: java.lang.reflect.Method.invoke(Native Method)
04-23 11:24:05.174   942   942 D SubscriptionController: com.android.internal.os.RuntimeInit$MethodAndArgsCaller.run(RuntimeInit.java:592)
04-23 11:24:05.174   942   942 D SubscriptionController: com.android.internal.os.ZygoteInit.main(ZygoteInit.java:947)
04-23 11:24:05.174   942   942 D SubscriptionController: [getSubId]- subIdArr=[I@113e4b6
04-23 11:24:05.174   942   942 D SubscriptionController: StackTrace - [getSlotIndex] subId=1
04-23 11:24:05.174   942   942 D SubscriptionController: com.android.internal.telephony.SubscriptionController.getSlotIndex(SubscriptionController.java:2260)
04-23 11:24:05.175   942   942 D SubscriptionController: com.android.internal.telephony.emergency.EmergencyNumberTracker.isEmergencyNumberFromEccList(EmergencyNumberTracker.java:950)
04-23 11:24:05.175   942   942 D SubscriptionController: com.android.internal.telephony.emergency.EmergencyNumberTracker.isEmergencyNumber(EmergencyNumberTracker.java:741)
04-23 11:24:05.175   942   942 D SubscriptionController: com.android.phone.PhoneInterfaceManager.isEmergencyNumber(PhoneInterfaceManager.java:7856)
04-23 11:24:05.175   942   942 D SubscriptionController: android.telephony.TelephonyManager.isEmergencyNumber(TelephonyManager.java:12118)
04-23 11:24:05.175   942   942 D SubscriptionController: android.telephony.PhoneNumberUtils.isEmergencyNumberInternal(PhoneNumberUtils.java:2036)
04-23 11:24:05.175   942   942 D SubscriptionController: android.telephony.PhoneNumberUtils.isEmergencyNumberInternal(PhoneNumberUtils.java:1888)
04-23 11:24:05.175   942   942 D SubscriptionController: android.telephony.PhoneNumberUtils.isEmergencyNumber(PhoneNumberUtils.java:1780)
04-23 11:24:05.175   942   942 D SubscriptionController: android.telephony.PhoneNumberUtils.isEmergencyNumber(PhoneNumberUtils.java:1758)
04-23 11:24:05.175   942   942 D SubscriptionController: com.android.services.telephony.TelephonyConnection.updateAddress(TelephonyConnection.java:1319)
04-23 11:24:05.175   942   942 D SubscriptionController: com.android.services.telephony.TelephonyConnection.updateState(TelephonyConnection.java:2182)
04-23 11:24:05.175   942   942 D SubscriptionController: com.android.services.telephony.TelephonyConnection$1.handleMessage(TelephonyConnection.java:129)
04-23 11:24:05.175   942   942 D SubscriptionController: android.os.Handler.dispatchMessage(Handler.java:106)
04-23 11:24:05.175   942   942 D SubscriptionController: android.os.Looper.loop(Looper.java:223)
04-23 11:24:05.175   942   942 D SubscriptionController: android.app.ActivityThread.main(ActivityThread.java:7656)
04-23 11:24:05.175   942   942 D SubscriptionController: java.lang.reflect.Method.invoke(Native Method)
04-23 11:24:05.175   942   942 D SubscriptionController: com.android.internal.os.RuntimeInit$MethodAndArgsCaller.run(RuntimeInit.java:592)
04-23 11:24:05.175   942   942 D SubscriptionController: com.android.internal.os.ZygoteInit.main(ZygoteInit.java:947)
04-23 11:24:05.175   942   942 V SubscriptionController: [getSlotIndex]- return = 0
04-23 11:24:05.175   942   942 D EmergencyNumberTracker: slotId:0 country:us emergencyNumbers: 
04-23 11:24:05.175   942   942 D EmergencyNumberTracker: System property doesn't provide any emergency numbers. Use embedded logic for determining ones.
04-23 11:24:05.175   942   942 D SubscriptionController: StackTrace - [getSubId]+ slotIndex=0
04-23 11:24:05.176   533  2020 D Telecom : TelecomAnalytics: setting startTime for call TC@1 to 1650713045176: CSW.sA(cap)@AIc
04-23 11:24:05.176   533  2020 I Telecom : Event: RecordEntry TC@1: SET_ACTIVE, active set explicitly: CSW.sA(cap)@AIc
04-23 11:24:05.179   942  1106 D RILJ    : [UNSL]< UNSOL_RESPONSE_CALL_STATE_CHANGED [PHONE0]
04-23 11:24:05.179   942   942 D SubscriptionController: com.android.internal.telephony.SubscriptionController.getSubId(SubscriptionController.java:2299)
04-23 11:24:05.179   942   942 D SubscriptionController: com.android.internal.telephony.SubscriptionController.getSubIdUsingPhoneId(SubscriptionController.java:2694)
04-23 11:24:05.180   942   942 D SubscriptionController: com.android.internal.telephony.Phone.getSubId(Phone.java:3743)
04-23 11:24:05.180   942   942 D SubscriptionController: com.android.services.telephony.TelephonyConnection.getCarrierConfig(TelephonyConnection.java:1744)
04-23 11:24:05.180   942   942 D SubscriptionController: com.android.services.telephony.TelephonyConnection.refreshConferenceSupported(TelephonyConnection.java:2718)
04-23 11:24:05.180   942   942 D SubscriptionController: com.android.services.telephony.TelephonyConnection.updateAddress(TelephonyConnection.java:1325)
04-23 11:24:05.180   942   942 D SubscriptionController: com.android.services.telephony.TelephonyConnection.updateState(TelephonyConnection.java:2182)
04-23 11:24:05.180   942   942 D SubscriptionController: com.android.services.telephony.TelephonyConnection$1.handleMessage(TelephonyConnection.java:129)
04-23 11:24:05.180   942   942 D SubscriptionController: android.os.Handler.dispatchMessage(Handler.java:106)
04-23 11:24:05.180   942   942 D SubscriptionController: android.os.Looper.loop(Looper.java:223)
04-23 11:24:05.180   942   942 D SubscriptionController: android.app.ActivityThread.main(ActivityThread.java:7656)
04-23 11:24:05.180   942   942 D SubscriptionController: java.lang.reflect.Method.invoke(Native Method)
04-23 11:24:05.180   942   942 D SubscriptionController: com.android.internal.os.RuntimeInit$MethodAndArgsCaller.run(RuntimeInit.java:592)
04-23 11:24:05.180   942   942 D SubscriptionController: com.android.internal.os.ZygoteInit.main(ZygoteInit.java:947)
04-23 11:24:05.180   942   942 D SubscriptionController: [getSubId]- subIdArr=[I@fec05b7
04-23 11:24:05.180   533  2020 I Telecom : PhoneStateBroadcaster: Broadcasted state change: 2: CSW.sA(cap)@AIc
04-23 11:24:05.182   533  2020 V Telecom : Logging: CREATE_SUBSESSION CSW.sA->CSW.sA(cap)@AIc_0: CSW.sA(cap)@AIc
04-23 11:24:05.183   533  2020 D Telecom : CallAudioManager: Call state changed for TC@TC@1: ANSWERED -> ACTIVE: CSW.sA(cap)@AIc
04-23 11:24:05.183   533  2020 V Telecom : Logging: CREATE_SUBSESSION CSW.sA->CSW.sA(cap)@AIc_1: CSW.sA(cap)@AIc
04-23 11:24:05.183   533  2020 V Telecom : Logging: CREATE_SUBSESSION CSW.sA->CSW.sA(cap)@AIc_2: CSW.sA(cap)@AIc
04-23 11:24:05.183   533  2020 I Telecom : BluetoothPhoneService: updateHeadsetWithCallState numActive 1, numHeld 0, callState 6, ringing number , ringing type 128, ringing name null: CSW.sA(cap)@AIc
04-23 11:24:05.184   533  1093 V Telecom : Logging: CONTINUE_SUBSESSION: CSW.sA->CSFM.oCSS(cap)@AIc_0
04-23 11:24:05.184   533  1093 D Telecom : ConnectionServiceFocusManager: handleCallStateChanged [Call id=TC@1, state=ACTIVE, tpac=ComponentInfo{com.android.phone/com.android.services.telephony.TelephonyConnectionService}, 89014103211118510720, UserHandle{0}, cmgr=ComponentInfo{com.android.phone/com.android.services.telephony.TelephonyConnectionService}, 89014103211118510720, UserHandle{0}, handle=tel:6505551212, vidst=A, childs(0), has_parent(false), cap=[ sup_hld mut !v2a spd_aud], prop=[]], oldState = 11, newState = 5: CSW.sA->CSFM.oCSS(cap)@AIc_0
04-23 11:24:05.184   533  1093 D Telecom : ConnectionServiceFocusManager: updateCurrentFocusCall [Call id=TC@1, state=ACTIVE, tpac=ComponentInfo{com.android.phone/com.android.services.telephony.TelephonyConnectionService}, 89014103211118510720, UserHandle{0}, cmgr=ComponentInfo{com.android.phone/com.android.services.telephony.TelephonyConnectionService}, 89014103211118510720, UserHandle{0}, handle=tel:6505551212, vidst=A, childs(0), has_parent(false), cap=[ sup_hld mut !v2a spd_aud], prop=[]]: CSW.sA->CSFM.oCSS(cap)@AIc_0
04-23 11:24:05.184   533  1093 V Telecom : Logging: END_SUBSESSION (dur: 1 mS): CSW.sA->CSFM.oCSS(cap)@AIc_0
04-23 11:24:05.184   533  2020 I Telecom : InCallController: Sending updateCall [Call id=TC@1, state=ACTIVE, tpac=ComponentInfo{com.android.phone/com.android.services.telephony.TelephonyConnectionService}, 89014103211118510720, UserHandle{0}, cmgr=ComponentInfo{com.android.phone/com.android.services.telephony.TelephonyConnectionService}, 89014103211118510720, UserHandle{0}, handle=tel:6505551212, vidst=A, childs(0), has_parent(false), cap=[ sup_hld mut !v2a spd_aud], prop=[]]: CSW.sA(cap)@AIc
04-23 11:24:05.192   942   942 V Telephony: GsmConnection: refreshConferenceSupported : isConfSupp=true, isImsConfSupp=true, isVidConfSupp=false, isMergeOfWifiAllowed=true, isWifi=false, isVoWifiEnabled=false
04-23 11:24:05.192   942   942 D Telephony: refreshConferenceSupported = true.
04-23 11:24:05.193   533  1092 V Telecom : Logging: CREATE_SUBSESSION ICA.aC->CSFM.rF->CAMSM.pM_1002->CAMSM.pM_1002(cad)@AIM_0_2_2: ICA.aC->CSFM.rF->CAMSM.pM_1002(cad)@AIM_0_2
04-23 11:24:05.193   533  1092 V Telecom : Logging: END_SUBSESSION (dur: 176 mS): ICA.aC->CSFM.rF->CAMSM.pM_1002(cad)@AIM_0_2
04-23 11:24:05.193   533  1092 V Telecom : Logging: CONTINUE_SUBSESSION: ICA.aC->CSFM.rF->CAMSM.pM_2001(cad)@AIM_0_3
04-23 11:24:05.193   533  1092 I Telecom : CallAudioModeStateMachine: Message received: NEW_ACTIVE_OR_DIALING_CALL.: ICA.aC->CSFM.rF->CAMSM.pM_2001(cad)@AIM_0_3
04-23 11:24:05.193   533  1092 V Telecom : Logging: END_SUBSESSION (dur: 0 mS): ICA.aC->CSFM.rF->CAMSM.pM_2001(cad)@AIM_0_3
04-23 11:24:05.194   533  1092 V Telecom : Logging: CONTINUE_SUBSESSION: CSW.sA->CAMSM.pM_1002(cap)@AIc_1
04-23 11:24:05.194   533  1092 I Telecom : CallAudioModeStateMachine: Message received: NO_MORE_RINGING_CALLS.: CSW.sA->CAMSM.pM_1002(cap)@AIc_1
04-23 11:24:05.194   942   942 V TelecomFramework: ConnectionServiceAdapter: removeExtras: TC@1_1 [android.telecom.extra.DISABLE_ADD_CALL]
04-23 11:24:05.194   533  1090 V Telecom : Logging: CONTINUE_SUBSESSION: ICA.aC->CSFM.rF->CAMSM.pM_1002->CARSM.pM_SWITCH_FOCUS(cad)@AIM_0_2_2
04-23 11:24:05.194   533  1090 I Telecom : CallAudioRouteStateMachine: Message received: SWITCH_FOCUS=4001, arg1=2: ICA.aC->CSFM.rF->CAMSM.pM_1002->CARSM.pM_SWITCH_FOCUS(cad)@AIM_0_2_2
04-23 11:24:05.194   533  1090 I Telecom : ActiveSpeakerRoute: Processing message SWITCH_FOCUS: ICA.aC->CSFM.rF->CAMSM.pM_1002->CARSM.pM_SWITCH_FOCUS(cad)@AIM_0_2_2
04-23 11:24:05.194   942   942 D TelecomFramework: Logging: Log.getExternalSession was called with no session active.
04-23 11:24:05.194   533  1090 V Telecom : Logging: END_SUBSESSION (dur: 0 mS): ICA.aC->CSFM.rF->CAMSM.pM_1002->CARSM.pM_SWITCH_FOCUS(cad)@AIM_0_2_2
04-23 11:24:05.194   533  1090 D Telecom : Logging: END_SESSION (dur: 200 ms): ICA.aC(cad)@AIM
04-23 11:24:05.194   942  1562 D SubscriptionController: [getDefaultVoiceSubId] subId=1
04-23 11:24:05.195   942  1562 D SubscriptionController: [getDefaultSubId] isVoiceCapable subId=1
04-23 11:24:05.195   942  1562 D SubscriptionController: [isActiveSubId]- true
04-23 11:24:05.195   942  1562 V SubscriptionController: [getDefaultSubId]- value = 1
04-23 11:24:05.196   533  1092 V Telecom : Logging: END_SUBSESSION (dur: 2 mS): CSW.sA->CAMSM.pM_1002(cap)@AIc_1
04-23 11:24:05.196   533  1092 V Telecom : Logging: CONTINUE_SUBSESSION: CSW.sA->CAMSM.pM_2001(cap)@AIc_2
04-23 11:24:05.196   533  1092 I Telecom : CallAudioModeStateMachine: Message received: NEW_ACTIVE_OR_DIALING_CALL.: CSW.sA->CAMSM.pM_2001(cap)@AIc_2
04-23 11:24:05.196   533  1092 V Telecom : Logging: END_SUBSESSION (dur: 0 mS): CSW.sA->CAMSM.pM_2001(cap)@AIc_2
04-23 11:24:05.197   942  1562 D SubscriptionController: StackTrace - [getSubId]+ slotIndex=0
04-23 11:24:05.198   942  1562 D SubscriptionController: com.android.internal.telephony.SubscriptionController.getSubId(SubscriptionController.java:2299)
04-23 11:24:05.198   942  1562 D SubscriptionController: com.android.internal.telephony.SubscriptionController.getSubIdUsingPhoneId(SubscriptionController.java:2694)
04-23 11:24:05.198   942  1562 D SubscriptionController: com.android.internal.telephony.Phone.getSubId(Phone.java:3743)
04-23 11:24:05.198   942  1562 D SubscriptionController: com.android.phone.PhoneUtils.getSubIdForPhoneAccountHandle(PhoneUtils.java:739)
04-23 11:24:05.198   942  1562 D SubscriptionController: com.android.phone.PhoneInterfaceManager.getSubIdForPhoneAccountHandle(PhoneInterfaceManager.java:6548)
04-23 11:24:05.198   942  1562 D SubscriptionController: com.android.internal.telephony.ITelephony$Stub.onTransact(ITelephony.java:5702)
04-23 11:24:05.198   942  1562 D SubscriptionController: android.os.Binder.execTransactInternal(Binder.java:1159)
04-23 11:24:05.198   942  1562 D SubscriptionController: android.os.Binder.execTransact(Binder.java:1123)
04-23 11:24:05.198   942  1562 D SubscriptionController: [getSubId]- subIdArr=[I@3c66124
04-23 11:24:05.199   942   942 D RILJ    : [0199]> GET_CURRENT_CALLS [PHONE0]
04-23 11:24:05.199   466   466 D RIL     : onRequest: GET_CURRENT_CALLS
04-23 11:24:05.200   466   466 D AT      : AT> AT+CLCC
04-23 11:24:05.201   533   548 D Telecom : Logging: START_SESSION
04-23 11:24:05.201   533  2020 I Telecom : InCallController: Components updated: [ComponentInfo{com.android.dialer/com.android.incallui.InCallServiceImpl}]: CSW.sA(cap)@AIc
04-23 11:24:05.202   466   520 D AT      : AT< +CLCC: 1,1,0,0,0,"6505551212",129
04-23 11:24:05.204   466   520 D AT      : AT< OK
04-23 11:24:05.205   942  1106 V RILJ    : Incoming UUS : NOT present! [PHONE0]
04-23 11:24:05.206   533  2020 I Telecom : TelecomWakeLock: Releasing WakeLock with id: 26: CSW.sA(cap)@AIc
04-23 11:24:05.206   533  2020 I Telecom : InCallWakeLockController: Releasing full wake lock: CSW.sA(cap)@AIc
04-23 11:24:05.206   942  1106 D RILJ    : InCall VoicePrivacy is disabled [PHONE0]
04-23 11:24:05.206   533  2020 I Telecom : IncomingCallNotifier: updateIncomingCall: foundIncomingcall = null: CSW.sA(cap)@AIc
04-23 11:24:05.207   942   942 D Telephony: MSG_CDMA_VOICE_PRIVACY_OFF received
04-23 11:24:05.208   942  1106 D RILJ    : [0199]< GET_CURRENT_CALLS {[id=1,ACTIVE,toa=129,norm,mt,0,voc,noevp,,cli=1,,1,audioQuality=0] } [PHONE0]
04-23 11:24:05.209   942   942 D GsmCdmaCallTracker: Event EVENT_POLL_CALLS_RESULT Received
04-23 11:24:05.209   942   942 D GsmCdmaConnection: [GsmCdmaConn] parent= ACTIVE, newParent= ACTIVE
04-23 11:24:05.209   942   942 D GsmCdmaConnection: [GsmCdmaConn] --dssds----
04-23 11:24:05.209   942   942 D GsmCdmaConnection: [GsmCdmaConn] update: parent=ACTIVE, hasNewParent=false, wasConnectingInOrOut=false, wasHolding=false, isConnectingInOrOut=false, changed=false
04-23 11:24:05.209   942   942 D GsmCdmaCallTracker: [0] update phone state, old=OFFHOOK new=OFFHOOK
04-23 11:24:05.211   533  1171 D Telecom : Logging: START_SESSION
04-23 11:24:05.211   533  1171 V Telecom : Logging: END_SUBSESSION (dur: 0 mS): TSI.gPA@AIk
04-23 11:24:05.211   533  1171 D Telecom : Logging: END_SESSION (dur: 0 ms): TSI.gPA@AIk
04-23 11:24:05.212   533   548 V Telecom : Logging: END_SUBSESSION (dur: 10 mS): TSI.getCallState@AIg
04-23 11:24:05.212  1461  1461 I Dialer  : DialerCall.isVoipCallNotSupportedBySpeakeasy - callid was empty
04-23 11:24:05.212  1461  1461 I Dialer  : InCallActivity.getShouldShowAnswerUi - found incoming call
04-23 11:24:05.212   533   548 D Telecom : Logging: END_SESSION (dur: 11 ms): TSI.getCallState@AIg
04-23 11:24:05.212   533  2020 V Telecom : Logging: END_SUBSESSION (dur: 39 mS): CSW.sA(cap)@AIc
04-23 11:24:05.212   533  2020 D Telecom : Logging: END_SESSION (dur: 39 ms): CSW.sA(cap)@AIc
04-23 11:24:05.214   533  2020 D Telecom : Logging: START_SESSION
04-23 11:24:05.214   533  2020 D Telecom : ConnectionServiceWrapper: CS -> TC[cap]: setConferenceableConnections TC@1_1 []: CSW.sCC(cap)@AIo
04-23 11:24:05.216   533  2020 I Telecom : InCallController: Sending updateCall [Call id=TC@1, state=ACTIVE, tpac=ComponentInfo{com.android.phone/com.android.services.telephony.TelephonyConnectionService}, 89014103211118510720, UserHandle{0}, cmgr=ComponentInfo{com.android.phone/com.android.services.telephony.TelephonyConnectionService}, 89014103211118510720, UserHandle{0}, handle=tel:6505551212, vidst=A, childs(0), has_parent(false), cap=[ sup_hld mut !v2a spd_aud], prop=[]]: CSW.sCC(cap)@AIo
04-23 11:24:05.221   942  1562 D SubscriptionController: [getDefaultVoiceSubId] subId=1
04-23 11:24:05.221   942  1562 D SubscriptionController: [getDefaultSubId] isVoiceCapable subId=1
04-23 11:24:05.221   942  1562 D SubscriptionController: [isActiveSubId]- true
04-23 11:24:05.221   942  1562 V SubscriptionController: [getDefaultSubId]- value = 1
04-23 11:24:05.222   942  1562 D SubscriptionController: StackTrace - [getSubId]+ slotIndex=0
04-23 11:24:05.222   942  1562 D SubscriptionController: com.android.internal.telephony.SubscriptionController.getSubId(SubscriptionController.java:2299)
04-23 11:24:05.222   942  1562 D SubscriptionController: com.android.internal.telephony.SubscriptionController.getSubIdUsingPhoneId(SubscriptionController.java:2694)
04-23 11:24:05.222   942  1562 D SubscriptionController: com.android.internal.telephony.Phone.getSubId(Phone.java:3743)
04-23 11:24:05.222   942  1562 D SubscriptionController: com.android.phone.PhoneUtils.getSubIdForPhoneAccountHandle(PhoneUtils.java:739)
04-23 11:24:05.222   942  1562 D SubscriptionController: com.android.phone.PhoneInterfaceManager.getSubIdForPhoneAccountHandle(PhoneInterfaceManager.java:6548)
04-23 11:24:05.222   942  1562 D SubscriptionController: com.android.internal.telephony.ITelephony$Stub.onTransact(ITelephony.java:5702)
04-23 11:24:05.222   942  1562 D SubscriptionController: android.os.Binder.execTransactInternal(Binder.java:1159)
04-23 11:24:05.223   942  1562 D SubscriptionController: android.os.Binder.execTransact(Binder.java:1123)
04-23 11:24:05.223   942  1562 D SubscriptionController: [getSubId]- subIdArr=[I@2e8848d
04-23 11:24:05.225   533  2020 I Telecom : InCallController: Components updated: [ComponentInfo{com.android.dialer/com.android.incallui.InCallServiceImpl}]: CSW.sCC(cap)@AIo
04-23 11:24:05.225   533  2020 V Telecom : Logging: END_SUBSESSION (dur: 11 mS): CSW.sCC(cap)@AIo
04-23 11:24:05.225   533  2020 D Telecom : Logging: END_SESSION (dur: 11 ms): CSW.sCC(cap)@AIo
04-23 11:24:05.225   533   548 D Telecom : Logging: START_SESSION
04-23 11:24:05.225   533   548 V Telecom : Logging: END_SUBSESSION (dur: 0 mS): TSI.gPA@AIs
04-23 11:24:05.225   533   548 D Telecom : Logging: END_SESSION (dur: 0 ms): TSI.gPA@AIs
04-23 11:24:05.225   533  2020 D Telecom : Logging: START_SESSION
04-23 11:24:05.226   533  2020 D Telecom : ConnectionServiceWrapper: CS -> TC[cap]: setStatusHints TC@1_1 null: CSW.sSH(cap)@AIw
04-23 11:24:05.226   533  2020 I Telecom : InCallController: Sending updateCall [Call id=TC@1, state=ACTIVE, tpac=ComponentInfo{com.android.phone/com.android.services.telephony.TelephonyConnectionService}, 89014103211118510720, UserHandle{0}, cmgr=ComponentInfo{com.android.phone/com.android.services.telephony.TelephonyConnectionService}, 89014103211118510720, UserHandle{0}, handle=tel:6505551212, vidst=A, childs(0), has_parent(false), cap=[ sup_hld mut !v2a spd_aud], prop=[]]: CSW.sSH(cap)@AIw
04-23 11:24:05.226  1461  1461 I Dialer  : DialerCall.isVoipCallNotSupportedBySpeakeasy - callid was empty
04-23 11:24:05.227  1461  1461 I Dialer  : InCallActivity.showMainInCallFragment - shouldShowAnswerUi: true, shouldShowRttUi: false, shouldShowVideoUi: false, shouldShowSpeakEasyUi: false, didShowAnswerScreen: false, didShowInCallScreen: false, didShowRttCallScreen: false, didShowVideoCallScreen: false, didShowSpeakEasyScreen: false
04-23 11:24:05.227  1461  1461 I Dialer  : InCallActivity.shouldAllowAnswerAndRelease - no active call
04-23 11:24:05.228   942  1562 D SubscriptionController: [getDefaultVoiceSubId] subId=1
04-23 11:24:05.228   942  1562 D SubscriptionController: [getDefaultSubId] isVoiceCapable subId=1
04-23 11:24:05.228   942  1562 D SubscriptionController: [isActiveSubId]- true
04-23 11:24:05.231   942  1562 V SubscriptionController: [getDefaultSubId]- value = 1
04-23 11:24:05.231   942  1562 D SubscriptionController: StackTrace - [getSubId]+ slotIndex=0
04-23 11:24:05.232   942  1562 D SubscriptionController: com.android.internal.telephony.SubscriptionController.getSubId(SubscriptionController.java:2299)
04-23 11:24:05.232   942  1562 D SubscriptionController: com.android.internal.telephony.SubscriptionController.getSubIdUsingPhoneId(SubscriptionController.java:2694)
04-23 11:24:05.232   942  1562 D SubscriptionController: com.android.internal.telephony.Phone.getSubId(Phone.java:3743)
04-23 11:24:05.232   942  1562 D SubscriptionController: com.android.phone.PhoneUtils.getSubIdForPhoneAccountHandle(PhoneUtils.java:739)
04-23 11:24:05.232   942  1562 D SubscriptionController: com.android.phone.PhoneInterfaceManager.getSubIdForPhoneAccountHandle(PhoneInterfaceManager.java:6548)
04-23 11:24:05.232   942  1562 D SubscriptionController: com.android.internal.telephony.ITelephony$Stub.onTransact(ITelephony.java:5702)
04-23 11:24:05.232   942  1562 D SubscriptionController: android.os.Binder.execTransactInternal(Binder.java:1159)
04-23 11:24:05.232   942  1562 D SubscriptionController: android.os.Binder.execTransact(Binder.java:1123)
04-23 11:24:05.232   942  1562 D SubscriptionController: [getSubId]- subIdArr=[I@7719642
04-23 11:24:05.234   533  2020 I Telecom : InCallController: Components updated: [ComponentInfo{com.android.dialer/com.android.incallui.InCallServiceImpl}]: CSW.sSH(cap)@AIw
04-23 11:24:05.235   533  2020 V Telecom : Logging: END_SUBSESSION (dur: 8 mS): CSW.sSH(cap)@AIw
04-23 11:24:05.235   533  2020 D Telecom : Logging: END_SESSION (dur: 9 ms): CSW.sSH(cap)@AIw
04-23 11:24:05.235   533   548 D Telecom : Logging: START_SESSION
04-23 11:24:05.235   533   548 D Telecom : ConnectionServiceWrapper: CS -> TC[cap]: setConnectionCapabilities TC@1_1 8663107: CSW.sCC(cap)@AI0
04-23 11:24:05.235   533   548 V Telecom : Call: setConnectionCapabilities: [Capabilities: CAPABILITY_HOLD CAPABILITY_SUPPORT_HOLD CAPABILITY_MUTE CAPABILITY_CANNOT_DOWNGRADE_VIDEO_TO_AUDIO CAPABILITY_SPEED_UP_MT_AUDIO]: CSW.sCC(cap)@AI0
04-23 11:24:05.235   533   548 I Telecom : InCallController: Sending updateCall [Call id=TC@1, state=ACTIVE, tpac=ComponentInfo{com.android.phone/com.android.services.telephony.TelephonyConnectionService}, 89014103211118510720, UserHandle{0}, cmgr=ComponentInfo{com.android.phone/com.android.services.telephony.TelephonyConnectionService}, 89014103211118510720, UserHandle{0}, handle=tel:6505551212, vidst=A, childs(0), has_parent(false), cap=[ hld sup_hld mut !v2a spd_aud], prop=[]]: CSW.sCC(cap)@AI0
04-23 11:24:05.239   942  1562 D SubscriptionController: [getDefaultVoiceSubId] subId=1
04-23 11:24:05.240   942  1562 D SubscriptionController: [getDefaultSubId] isVoiceCapable subId=1
04-23 11:24:05.240   942  1562 D SubscriptionController: [isActiveSubId]- true
04-23 11:24:05.240   942  1562 V SubscriptionController: [getDefaultSubId]- value = 1
04-23 11:24:05.240   942  1562 D SubscriptionController: StackTrace - [getSubId]+ slotIndex=0
04-23 11:24:05.240   942  1562 D SubscriptionController: com.android.internal.telephony.SubscriptionController.getSubId(SubscriptionController.java:2299)
04-23 11:24:05.240   942  1562 D SubscriptionController: com.android.internal.telephony.SubscriptionController.getSubIdUsingPhoneId(SubscriptionController.java:2694)
04-23 11:24:05.240   942  1562 D SubscriptionController: com.android.internal.telephony.Phone.getSubId(Phone.java:3743)
04-23 11:24:05.240   942  1562 D SubscriptionController: com.android.phone.PhoneUtils.getSubIdForPhoneAccountHandle(PhoneUtils.java:739)
04-23 11:24:05.240   942  1562 D SubscriptionController: com.android.phone.PhoneInterfaceManager.getSubIdForPhoneAccountHandle(PhoneInterfaceManager.java:6548)
04-23 11:24:05.240   942  1562 D SubscriptionController: com.android.internal.telephony.ITelephony$Stub.onTransact(ITelephony.java:5702)
04-23 11:24:05.240   942  1562 D SubscriptionController: android.os.Binder.execTransactInternal(Binder.java:1159)
04-23 11:24:05.241   942  1562 D SubscriptionController: android.os.Binder.execTransact(Binder.java:1123)
04-23 11:24:05.241   942  1562 D SubscriptionController: [getSubId]- subIdArr=[I@314653
04-23 11:24:05.243   533   548 I Telecom : InCallController: Components updated: [ComponentInfo{com.android.dialer/com.android.incallui.InCallServiceImpl}]: CSW.sCC(cap)@AI0
04-23 11:24:05.243   178   178 I hwservicemanager: getTransport: Cannot find entry android.hardware.graphics.allocator@4.0::IAllocator/default in either framework or device manifest.
04-23 11:24:05.243   533   548 I Telecom : Event: RecordEntry TC@1: CAPABILITY_CHANGE, Current: [[ hld sup_hld mut !v2a spd_aud]], Removed [[]], Added [[ hld]]: CSW.sCC(cap)@AI0
04-23 11:24:05.243   533   548 V Telecom : Logging: END_SUBSESSION (dur: 8 mS): CSW.sCC(cap)@AI0
04-23 11:24:05.243   533   548 D Telecom : Logging: END_SESSION (dur: 8 ms): CSW.sCC(cap)@AI0
04-23 11:24:05.243   533  1015 W Gralloc4: allocator 3.x is not supported
04-23 11:24:05.244   533   548 D Telecom : Logging: START_SESSION
04-23 11:24:05.244   533   548 D Telecom : ConnectionServiceWrapper: CS -> TC[cap]: removeExtra TC@1_1 [android.telecom.extra.DISABLE_ADD_CALL]: CSW.rE(cap)@AI4
04-23 11:24:05.244   533   548 I Telecom : InCallController: Sending updateCall [Call id=TC@1, state=ACTIVE, tpac=ComponentInfo{com.android.phone/com.android.services.telephony.TelephonyConnectionService}, 89014103211118510720, UserHandle{0}, cmgr=ComponentInfo{com.android.phone/com.android.services.telephony.TelephonyConnectionService}, 89014103211118510720, UserHandle{0}, handle=tel:6505551212, vidst=A, childs(0), has_parent(false), cap=[ hld sup_hld mut !v2a spd_aud], prop=[]]: CSW.rE(cap)@AI4
04-23 11:24:05.245   942  1562 D SubscriptionController: [getDefaultVoiceSubId] subId=1
04-23 11:24:05.245   942  1562 D SubscriptionController: [getDefaultSubId] isVoiceCapable subId=1
04-23 11:24:05.245   942  1562 D SubscriptionController: [isActiveSubId]- true
04-23 11:24:05.246   308   319 D goldfish-address-space: claimShared: Ask to claim region [0x3fbc20000 0x3fbe7a000]
04-23 11:24:05.248   942  1562 V SubscriptionController: [getDefaultSubId]- value = 1
04-23 11:24:05.248   942  1562 D SubscriptionController: StackTrace - [getSubId]+ slotIndex=0
04-23 11:24:05.248   942  1562 D SubscriptionController: com.android.internal.telephony.SubscriptionController.getSubId(SubscriptionController.java:2299)
04-23 11:24:05.248   942  1562 D SubscriptionController: com.android.internal.telephony.SubscriptionController.getSubIdUsingPhoneId(SubscriptionController.java:2694)
04-23 11:24:05.248   942  1562 D SubscriptionController: com.android.internal.telephony.Phone.getSubId(Phone.java:3743)
04-23 11:24:05.248   942  1562 D SubscriptionController: com.android.phone.PhoneUtils.getSubIdForPhoneAccountHandle(PhoneUtils.java:739)
04-23 11:24:05.248   942  1562 D SubscriptionController: com.android.phone.PhoneInterfaceManager.getSubIdForPhoneAccountHandle(PhoneInterfaceManager.java:6548)
04-23 11:24:05.248   942  1562 D SubscriptionController: com.android.internal.telephony.ITelephony$Stub.onTransact(ITelephony.java:5702)
04-23 11:24:05.248   942  1562 D SubscriptionController: android.os.Binder.execTransactInternal(Binder.java:1159)
04-23 11:24:05.248   942  1562 D SubscriptionController: android.os.Binder.execTransact(Binder.java:1123)
04-23 11:24:05.249   942  1562 D SubscriptionController: [getSubId]- subIdArr=[I@f9a6b90
04-23 11:24:05.250   533   548 I Telecom : InCallController: Components updated: [ComponentInfo{com.android.dialer/com.android.incallui.InCallServiceImpl}]: CSW.rE(cap)@AI4
04-23 11:24:05.252   533   548 V Telecom : Logging: END_SUBSESSION (dur: 8 mS): CSW.rE(cap)@AI4
04-23 11:24:05.252   533   548 D Telecom : Logging: END_SESSION (dur: 8 ms): CSW.rE(cap)@AI4
04-23 11:24:05.253   533  2148 D libEGL  : loaded /vendor/lib64/egl/libEGL_emulation.so
04-23 11:24:05.254   533  2148 D libEGL  : loaded /vendor/lib64/egl/libGLESv1_CM_emulation.so
04-23 11:24:05.258   533  2148 D libEGL  : loaded /vendor/lib64/egl/libGLESv2_emulation.so
04-23 11:24:05.267  1461  1461 I Dialer  : AnswerScreenPresenter.constructor
04-23 11:24:05.269  1461  1461 I Dialer  : AnswerProximitySensor.shouldUse - display is already on
04-23 11:24:05.272  1461  1461 I Dialer  : AnswerFragment.onCreateView - STATUS_BAR permission granted, disabling nav bar
04-23 11:24:05.274  1461  1461 I Dialer  : CallCardPresenter.constructor
04-23 11:24:05.275  1461  1461 I Dialer  : CallCardPresenter.getLocationFragment - shouldn't show location
04-23 11:24:05.275  1461  1461 I Dialer  : AnswerFragment.setPrimary - PrimaryInfo, number: (650) 555-1212, name: (650) 555-1212, location: California, label: null, photo: null, photoType: 0, isPhotoVisible: true, MultimediaData: null
04-23 11:24:05.277  1461  1461 I Dialer  : AnswerFragment.updateDataFragment - enter
