03-05 20:02:10.559   850   963 D RILJ    : [0227]< SIGNAL_STRENGTH SignalStrength:{mCdma=CellSignalStrengthCdma: cdmaDbm=2147483647 cdmaEcio=2147483647 evdoDbm=2147483647 evdoEcio=2147483647 evdoSnr=2147483647 level=0,mGsm=CellSignalStrengthGsm: rssi=2147483647 ber=2147483647 mTa=2147483647 mLevel=0,mWcdma=CellSignalStrengthWcdma: ss=2147483647 ber=2147483647 rscp=2147483647 ecno=2147483647 level=0,mTdscdma=CellSignalStrengthTdscdma: rssi=2147483647 ber=2147483647 rscp=2147483647 level=0,mLte=CellSignalStrengthLte: rssi=2147483647 rsrp=-80 rsrq=-20 rssnr=20 cqi=15 ta=50 level=4 parametersUseForLevel=1,mNr=CellSignalStrengthNr:{ csiRsrp = 2147483647 csiRsrq = 2147483647 csiSinr = 2147483647 ssRsrp = 2147483647 ssRsrq = 2147483647 ssSinr = 2147483647 level = 0 parametersUseForLevel = 1 },primary=CellSignalStrengthLte} [PHONE0]
03-05 20:02:10.559   850   850 D SST     : [0] received event 55
03-05 20:02:10.559   850   850 D SST     : [0] EVENT_PHYSICAL_CHANNEL_CONFIG: size=1 list=[{mConnectionStatus=PrimaryServing,mCellBandwidthDownlinkKhz=50000,mRat=NR,mFrequencyRange=MMWAVE,mChannelNumber=2147483647,mContextIds=[1],mPhysicalCellId=0}]
03-05 20:02:10.559   850   850 D SubscriptionController: [getSubId]+ slotIndex=0
03-05 20:02:10.559   850   850 D SubscriptionController: [getSubId]- subIdArr=[I@6c44678
03-05 20:02:10.559   850   850 D ApnSetting: isMeteredApnType: isRoaming=false
03-05 20:02:10.560   850   993 D DC-C-1  : updateTcpBufferSizes: lte_ca
03-05 20:02:10.560   850   993 D DC-C-1  : updateLinkBandwidthsFromCarrierConfig: LTE
03-05 20:02:10.560   850   993 D SubscriptionController: [getSubId]+ slotIndex=0
03-05 20:02:10.560   850   993 D SubscriptionController: [getSubId]- subIdArr=[I@7dac151
03-05 20:02:10.560   850   993 D ApnSetting: isMeteredApnType: isRoaming=false
03-05 20:02:10.565   461   567 D PowerManagerService: acquireWakeLockInternal: lock=202620513, flags=0x1, tag="NetworkStats", ws=null, uid=1000, pid=461
03-05 20:02:10.565   461   567 D PowerManagerService: updateWakeLockSummaryLocked: mWakefulness=Awake, mWakeLockSummary=0x1
03-05 20:02:10.565   461   567 D PowerManagerService: updateUserActivitySummaryLocked: mWakefulness=Awake, mUserActivitySummary=0x1, nextTimeout=2147627265 (in 2147469929 ms)
03-05 20:02:10.565   461   567 D PowerManagerService: updateDisplayPowerStateLocked: mDisplayReady=true, policy=3, mWakefulness=1, mWakeLockSummary=0x1, mUserActivitySummary=0x1, mBootCompleted=true, screenBrightnessOverride=NaN, useAutoBrightness=false, mScreenBrightnessBoostInProgress=false, mIsVrModeEnabled= false, sQuiescent=false
03-05 20:02:10.566   461   567 D AppOps  : startOperation: allowing code 40 uid 1000 package android
03-05 20:02:10.567   461   567 W BestClock: java.time.DateTimeException: Missing NTP fix
03-05 20:02:10.569   850   993 D ApnSetting: For subId = 1, metered APN types are [default, mms, supl, dun]
03-05 20:02:10.569   850   993 D ApnSetting: mms is metered.
03-05 20:02:10.569   850   993 D DcNetworkAgent-100: Changed from [ Transports: CELLULAR Capabilities: MMS&SUPL&DUN&FOTA&IMS&CBS&INTERNET&NOT_RESTRICTED&TRUSTED&NOT_VPN&NOT_ROAMING&NOT_CONGESTED&NOT_SUSPENDED LinkUpBandwidth>=60000Kbps LinkDnBandwidth>=145000Kbps Specifier: <TelephonyNetworkSpecifier [mSubId = 1]> RequestorUid: -1 RequestorPackageName: null] to [ Transports: CELLULAR Capabilities: MMS&SUPL&DUN&FOTA&IMS&CBS&INTERNET&NOT_RESTRICTED&TRUSTED&NOT_VPN&NOT_ROAMING&NOT_CONGESTED&NOT_SUSPENDED LinkUpBandwidth>=15000Kbps LinkDnBandwidth>=30000Kbps Specifier: <TelephonyNetworkSpecifier [mSubId = 1]> RequestorUid: -1 RequestorPackageName: null], Data RAT=14, dc=DC-C-1
03-05 20:02:10.571   850   850 I service_manager_slow: [11,carrier_config]
03-05 20:02:10.572   850   850 D ApnSetting: For subId = 1, metered APN types are [default, mms, supl, dun]
03-05 20:02:10.572   850   850 D ApnSetting: mms is metered.
03-05 20:02:10.573   850   850 D SubscriptionController: [getSubId]+ slotIndex=0
03-05 20:02:10.573   850   850 D SubscriptionController: [getSubId]- subIdArr=[I@4b12db6
03-05 20:02:10.573   850   850 D DefaultPhoneNotifier: notifyServiceStateForSubId: mRegistryMgr=android.telephony.TelephonyRegistryManager@9fce5dd ss={mVoiceRegState=0(IN_SERVICE), mDataRegState=0(IN_SERVICE), mChannelNumber=-1, duplexMode()=0, mCellBandwidths=[50000], mOperatorAlphaLong=Android, mOperatorAlphaShort=Android, isManualNetworkSelection=false(automatic), getRilVoiceRadioTechnology=0(Unknown), getRilDataRadioTechnology=14(LTE), mCssIndicator=unsupported, mNetworkId=-1, mSystemId=-1, mCdmaRoamingIndicator=-1, mCdmaDefaultRoamingIndicator=-1, mIsEmergencyOnly=false, isUsingCarrierAggregation=true, mLteEarfcnRsrpBoost=0, mNetworkRegistrationInfos=[NetworkRegistrationInfo{ domain=CS transportType=WWAN registrationState=HOME roamingType=NOT_ROAMING accessNetworkTechnology=UNKNOWN rejectCause=0 emergencyEnabled=false availableServices=[VOICE,SMS,VIDEO] cellIdentity=null voiceSpecificInfo=VoiceSpecificRegistrationInfo { mCssSupported=false mRoamingIndicator=-1 mSystemIsInPrl=0 mDefaultRoamingIndicator=0} dataSpecificInfo=null nrState=NONE rRplmn=}, NetworkRegistrationInfo{ domain=PS transportType=WWAN registrationState=HOME roamingType=NOT_ROAMING accessNetworkTechnology=LTE rejectCause=-1 emergencyEnabled=false availableServices=[DATA] cellIdentity=null voiceSpecificInfo=null dataSpecificInfo=android.telephony.DataSpecificRegistrationInfo :{ maxDataCalls = 1 isDcNrRestricted = false isNrAvailable = true isEnDcAvailable = true LteVopsSupportInfo :  mVopsSupport = 1 mEmcBearerSupport = 1 mIsUsingCarrierAggregation = true } nrState=NOT_RESTRICTED rRplmn=}], mNrFrequencyRange=4, mOperatorAlphaLongRaw=Android, mOperatorAlphaShortRaw=Android, mIsDataRoamingFromRegistration=false, mIsIwlanPreferred=false} sender=Handler (com.android.internal.telephony.GsmCdmaPhone) {84d053} phondId=0 subId=1
03-05 20:02:10.577   461   567 I netstats_mobile_sample: [6731,65,13660,128,6731,65,13660,128,6833,47,11144,124,1646481730577]
03-05 20:02:10.577   461   567 I netstats_wifi_sample: [0,0,0,0,0,0,0,0,0,0,0,0,1646481730577]
03-05 20:02:10.576   461   567 W BestClock: java.time.DateTimeException: Missing NTP fix
03-05 20:02:10.577   461   560 W BestClock: java.time.DateTimeException: Missing NTP fix
03-05 20:02:10.578   461   567 D PowerManagerService: releaseWakeLockInternal: lock=202620513 [NetworkStats], flags=0x0
03-05 20:02:10.578   461   807 D AppOps  : noteOperation: allowing code 0 uid 10126 package com.android.systemui
03-05 20:02:10.580   850  1529 D SubscriptionController: [getPhoneId] subId=1
03-05 20:02:10.580   850  1529 D SubscriptionController: [getPhoneId]- found subId=1 phoneId=0
03-05 20:02:10.580   850  1529 D PhoneInterfaceManager: [PhoneIntfMgr] isDataEnabled: subId=1 phoneId=0
03-05 20:02:10.580   850  1529 D PhoneFactory: getPhone:- phoneId != DEFAULT_PHONE_ID return sPhones[phoneId] phoneId=0 phone=Handler (com.android.internal.telephony.GsmCdmaPhone) {84d053}
03-05 20:02:10.580   850  1529 D PhoneInterfaceManager: [PhoneIntfMgr] isDataEnabled: subId=1 retVal=true
03-05 20:02:10.581   461   567 D PowerManagerService: updateWakeLockSummaryLocked: mWakefulness=Awake, mWakeLockSummary=0x1
03-05 20:02:10.581   461   567 D PowerManagerService: updateUserActivitySummaryLocked: mWakefulness=Awake, mUserActivitySummary=0x1, nextTimeout=2147627265 (in 2147469914 ms)
03-05 20:02:10.581   461   567 D PowerManagerService: updateDisplayPowerStateLocked: mDisplayReady=true, policy=3, mWakefulness=1, mWakeLockSummary=0x1, mUserActivitySummary=0x1, mBootCompleted=true, screenBrightnessOverride=NaN, useAutoBrightness=false, mScreenBrightnessBoostInProgress=false, mIsVrModeEnabled= false, sQuiescent=false
03-05 20:02:10.589   850   868 D PhoneFactory: getPhone:- phoneId != DEFAULT_PHONE_ID return sPhones[phoneId] phoneId=0 phone=Handler (com.android.internal.telephony.GsmCdmaPhone) {84d053}
03-05 20:02:10.590   850   868 D PhoneFactory: getPhone:- phoneId != DEFAULT_PHONE_ID return sPhones[phoneId] phoneId=0 phone=Handler (com.android.internal.telephony.GsmCdmaPhone) {84d053}
03-05 20:02:10.590   850   850 D PhoneFactory: getPhone:- phoneId != DEFAULT_PHONE_ID return sPhones[phoneId] phoneId=0 phone=Handler (com.android.internal.telephony.GsmCdmaPhone) {84d053}
03-05 20:02:10.590   850   850 D SubscriptionController: getSimStateForSlotIndex:  simState=LOADED ordinal=10 slotIndex=0
03-05 20:02:10.590   461   807 E PHONE   : ServiceState.getRadioTechnology() DEPRECATED will be removed *******
03-05 20:02:10.592   461   487 D AppOps  : noteOperation: allowing code 51 uid 10126 package com.android.systemui
03-05 20:02:10.593   461   487 D AppOps  : noteOperation: allowing code 51 uid 1001 package com.android.phone
03-05 20:02:10.594   461   487 D AppOps  : noteOperation: allowing code 51 uid 10127 package com.android.cellbroadcastreceiver.module
03-05 20:02:10.597  1046  1046 D CellBroadcastReceiver: onReceive Intent { act=android.intent.action.SERVICE_STATE flg=0x1000010 cmp=com.android.cellbroadcastreceiver.module/com.android.cellbroadcastreceiver.CellBroadcastReceiver (has extras) }
03-05 20:02:10.605   850   850 D SST     : [0] received event 55
03-05 20:02:10.605   850   850 D SST     : [0] EVENT_PHYSICAL_CHANNEL_CONFIG: size=1 list=[{mConnectionStatus=SecondaryServing,mCellBandwidthDownlinkKhz=50000,mRat=NR,mFrequencyRange=MMWAVE,mChannelNumber=2147483647,mContextIds=[1],mPhysicalCellId=0}]
03-05 20:02:10.605   850   993 D DC-C-1  : updateTcpBufferSizes: nr
03-05 20:02:10.605   850   993 D DC-C-1  : updateLinkBandwidthsFromCarrierConfig: NR_NSA_MMWAVE
03-05 20:02:10.605   850   993 D SubscriptionController: [getSubId]+ slotIndex=0
03-05 20:02:10.606   850   993 D SubscriptionController: [getSubId]- subIdArr=[I@c221ab7
03-05 20:02:10.606   850   993 D ApnSetting: isMeteredApnType: isRoaming=false
03-05 20:02:10.607   850   993 D ApnSetting: For subId = 1, metered APN types are [default, mms, supl, dun]
03-05 20:02:10.607   850   993 D ApnSetting: mms is metered.
03-05 20:02:10.607   850   993 D DcNetworkAgent-100: Changed from [ Transports: CELLULAR Capabilities: MMS&SUPL&DUN&FOTA&IMS&CBS&INTERNET&NOT_RESTRICTED&TRUSTED&NOT_VPN&NOT_ROAMING&NOT_CONGESTED&NOT_SUSPENDED LinkUpBandwidth>=15000Kbps LinkDnBandwidth>=30000Kbps Specifier: <TelephonyNetworkSpecifier [mSubId = 1]> RequestorUid: -1 RequestorPackageName: null] to [ Transports: CELLULAR Capabilities: MMS&SUPL&DUN&FOTA&IMS&CBS&INTERNET&NOT_RESTRICTED&TRUSTED&NOT_VPN&NOT_ROAMING&NOT_CONGESTED&NOT_SUSPENDED LinkUpBandwidth>=60000Kbps LinkDnBandwidth>=145000Kbps Specifier: <TelephonyNetworkSpecifier [mSubId = 1]> RequestorUid: -1 RequestorPackageName: null], Data RAT=14, dc=DC-C-1
03-05 20:02:10.608   850   850 D SubscriptionController: [getSubId]+ slotIndex=0
03-05 20:02:10.608   850   850 D SubscriptionController: [getSubId]- subIdArr=[I@f335224
03-05 20:02:10.608   850   850 D ApnSetting: isMeteredApnType: isRoaming=false
03-05 20:02:10.609   850   868 D SubscriptionController: [getSubId]+ slotIndex=0
03-05 20:02:10.609   850   868 D SubscriptionController: [getSubId]- subIdArr=[I@7b9218d
03-05 20:02:10.609   850   868 D PhoneFactory: getPhone:- phoneId != DEFAULT_PHONE_ID return sPhones[phoneId] phoneId=0 phone=Handler (com.android.internal.telephony.GsmCdmaPhone) {84d053}
03-05 20:02:10.613   461   560 W BestClock: java.time.DateTimeException: Missing NTP fix
03-05 20:02:10.614   850  1077 D SubscriptionController: [getPhoneId] subId=1
03-05 20:02:10.614   850  1077 D SubscriptionController: [getPhoneId]- found subId=1 phoneId=0
03-05 20:02:10.614   850  1077 D PhoneFactory: getPhone:- phoneId != DEFAULT_PHONE_ID return sPhones[phoneId] phoneId=0 phone=Handler (com.android.internal.telephony.GsmCdmaPhone) {84d053}
03-05 20:02:10.615   365  1896 V MediaPlayerService: [7] notify (2, 0, 0)
03-05 20:02:10.615   365  1899 V AudioSink: pause
03-05 20:02:10.616   365  1896 V MediaPlayerService: [7] notify (211, 0, 0)
03-05 20:02:10.616   384   418 W APM::AudioPolicyEngine: getDevicesForStrategy() unknown strategy: -1
03-05 20:02:10.616   461  1086 D PowerManagerService: updateWakeLockWorkSourceInternal: lock=32158644 [AudioMix], ws=null
03-05 20:02:10.617   461  1086 D AppOps  : startOperation: allowing code 40 uid 1041 package audioserver
03-05 20:02:10.617   461  1086 I system_server: oneway function results will be dropped but finished with status OK and parcel size 4
03-05 20:02:10.618   461   461 I Telecom : : playMediaTone: toneResourceId=2131689472 completed.
03-05 20:02:10.618   461   461 V MediaPlayer: resetDrmState:  mDrmInfo=null mDrmProvisioningThread=null mPrepareDrmInProgress=false mActiveDrmScheme=false
03-05 20:02:10.618   461   461 V MediaPlayer: cleanDrmObj: mDrmObj=null mDrmSessionId=null
03-05 20:02:10.618   365  1764 V MediaPlayerService: disconnect(7) from pid 461
03-05 20:02:10.618   365  1764 D NuPlayerDriver: reset(0xee8c1cc0) at state 6
03-05 20:02:10.619   365  1899 V AudioSink: pause
03-05 20:02:10.619   365  1899 V AudioSink: flush
03-05 20:02:10.619   365  1899 V AudioSink: stop
03-05 20:02:10.622   365  1896 D NuPlayerDriver: notifyResetComplete(0xee8c1cc0)
03-05 20:02:10.622   365  1764 W AMessage: failed to post message as target looper for handler 0 is gone.
03-05 20:02:10.623   365  1764 V MediaPlayerService: Client(7) destructor pid = 461
03-05 20:02:10.623   365  1764 V AudioSink: close
03-05 20:02:10.626   461   461 I Telecom : BluetoothPhoneService: updateHeadsetWithCallState numActive 0, numHeld 0, callState 6, ringing number ***, ringing type 128, ringing name null: CSW.sDc->ICTP.r->ICTP.cUTP(cap)@AKk
03-05 20:02:10.626   461   952 I Telecom : CallAudioModeStateMachine: Message received: TONE_STOPPED_PLAYING.: CSW.sDc->ICTP.r->ICTP.cUTP->CAMSM.pM_3002(cap)@AKk
03-05 20:02:10.626   461   947 I Telecom : CallAudioRouteStateMachine: Message received: SWITCH_FOCUS=4001, arg1=1: CSW.sDc->ICTP.r->ICTP.cUTP->CAMSM.pM_3002->CARSM.pM_SWITCH_FOCUS(cap)@AKk
03-05 20:02:10.626   461   947 I Telecom : ActiveSpeakerRoute: Processing message SWITCH_FOCUS: CSW.sDc->ICTP.r->ICTP.cUTP->CAMSM.pM_3002->CARSM.pM_SWITCH_FOCUS(cap)@AKk
03-05 20:02:10.626   461   947 I Telecom : CallAudioRouteStateMachine: Ignoring speakerphone request -- already true: CSW.sDc->ICTP.r->ICTP.cUTP->CAMSM.pM_3002->CARSM.pM_SWITCH_FOCUS(cap)@AKk
03-05 20:02:10.626   461   947 I Telecom : Logging.Events: Non-call EVENT: UNMUTE, null: CSW.sDc->ICTP.r->ICTP.cUTP->CAMSM.pM_3002->CARSM.pM_SWITCH_FOCUS(cap)@AKk
03-05 20:02:10.627   461   947 I Telecom : Logging.Events: Non-call EVENT: AUDIO_ROUTE, Leaving state ActiveSpeakerRoute: CSW.sDc->ICTP.r->ICTP.cUTP->CAMSM.pM_3002->CARSM.pM_SWITCH_FOCUS(cap)@AKk
03-05 20:02:10.627   461   947 I Telecom : Logging.Events: Non-call EVENT: AUDIO_ROUTE, Entering state QuiescentSpeakerRoute: CSW.sDc->ICTP.r->ICTP.cUTP->CAMSM.pM_3002->CARSM.pM_SWITCH_FOCUS(cap)@AKk
03-05 20:02:10.627   384   423 W APM::AudioPolicyEngine: getDevicesForStrategy() unknown strategy: -1
03-05 20:02:10.627   384   423 I chatty  : uid=1041(audioserver) Binder:384_1 identical 2 lines
03-05 20:02:10.628   384   423 W APM::AudioPolicyEngine: getDevicesForStrategy() unknown strategy: -1
03-05 20:02:10.629   365  1764 V MediaPlayerService: disconnect(7) from pid 461
03-05 20:02:10.638   850   850 D ApnSetting: For subId = 1, metered APN types are [default, mms, supl, dun]
03-05 20:02:10.638   850   850 D ApnSetting: mms is metered.
03-05 20:02:10.639   850   850 D SubscriptionController: [getSubId]+ slotIndex=0
03-05 20:02:10.639   850   850 D SubscriptionController: [getSubId]- subIdArr=[I@21a6f42
03-05 20:02:10.639   850   850 D DefaultPhoneNotifier: notifyServiceStateForSubId: mRegistryMgr=android.telephony.TelephonyRegistryManager@9fce5dd ss={mVoiceRegState=0(IN_SERVICE), mDataRegState=0(IN_SERVICE), mChannelNumber=-1, duplexMode()=0, mCellBandwidths=[50000], mOperatorAlphaLong=Android, mOperatorAlphaShort=Android, isManualNetworkSelection=false(automatic), getRilVoiceRadioTechnology=0(Unknown), getRilDataRadioTechnology=14(LTE), mCssIndicator=unsupported, mNetworkId=-1, mSystemId=-1, mCdmaRoamingIndicator=-1, mCdmaDefaultRoamingIndicator=-1, mIsEmergencyOnly=false, isUsingCarrierAggregation=true, mLteEarfcnRsrpBoost=0, mNetworkRegistrationInfos=[NetworkRegistrationInfo{ domain=CS transportType=WWAN registrationState=HOME roamingType=NOT_ROAMING accessNetworkTechnology=UNKNOWN rejectCause=0 emergencyEnabled=false availableServices=[VOICE,SMS,VIDEO] cellIdentity=null voiceSpecificInfo=VoiceSpecificRegistrationInfo { mCssSupported=false mRoamingIndicator=-1 mSystemIsInPrl=0 mDefaultRoamingIndicator=0} dataSpecificInfo=null nrState=NONE rRplmn=}, NetworkRegistrationInfo{ domain=PS transportType=WWAN registrationState=HOME roamingType=NOT_ROAMING accessNetworkTechnology=LTE rejectCause=-1 emergencyEnabled=false availableServices=[DATA] cellIdentity=null voiceSpecificInfo=null dataSpecificInfo=android.telephony.DataSpecificRegistrationInfo :{ maxDataCalls = 1 isDcNrRestricted = false isNrAvailable = true isEnDcAvailable = true LteVopsSupportInfo :  mVopsSupport = 1 mEmcBearerSupport = 1 mIsUsingCarrierAggregation = true } nrState=CONNECTED rRplmn=}], mNrFrequencyRange=4, mOperatorAlphaLongRaw=Android, mOperatorAlphaShortRaw=Android, mIsDataRoamingFromRegistration=false, mIsIwlanPreferred=false} sender=Handler (com.android.internal.telephony.GsmCdmaPhone) {84d053} phondId=0 subId=1
03-05 20:02:10.641   384   423 W APM::AudioPolicyEngine: getDevicesForStrategy() unknown strategy: -1
03-05 20:02:10.649   461   952 I Telecom : CallAudioModeStateMachine: Message received: AUDIO_OPERATIONS_COMPLETE.: CSW.sDc->ICTP.r->ICTP.cUTP->CAMSM.pM_3002->CARSM.pM_SWITCH_FOCUS->CAMSM.pM_6001(cap)@AKk
03-05 20:02:10.649   461   952 I Telecom : CallAudioModeStateMachine: Abandoning audio focus: now UNFOCUSED: CSW.sDc->ICTP.r->ICTP.cUTP->CAMSM.pM_3002->CARSM.pM_SWITCH_FOCUS->CAMSM.pM_6001(cap)@AKk
03-05 20:02:10.641   384   423 W APM::AudioPolicyEngine: getDevicesForStrategy() unknown strategy: -1
03-05 20:02:10.650   461   952 I MediaFocusControl: abandonAudioFocus() from uid/pid 1000/461 clientId=AudioFocus_For_Phone_Ring_And_Calls
03-05 20:02:10.658   461   807 D AppOps  : noteOperation: allowing code 0 uid 10126 package com.android.systemui
03-05 20:02:10.659   850   850 D PhoneFactory: getPhone:- phoneId != DEFAULT_PHONE_ID return sPhones[phoneId] phoneId=0 phone=Handler (com.android.internal.telephony.GsmCdmaPhone) {84d053}
03-05 20:02:10.659   850   850 D SubscriptionController: getSimStateForSlotIndex:  simState=LOADED ordinal=10 slotIndex=0
03-05 20:02:10.659   461   807 E PHONE   : ServiceState.getRadioTechnology() DEPRECATED will be removed *******
03-05 20:02:10.660   461   487 D AppOps  : noteOperation: allowing code 51 uid 10126 package com.android.systemui
03-05 20:02:10.661   461   487 D AppOps  : noteOperation: allowing code 51 uid 1001 package com.android.phone
03-05 20:02:10.662   461   487 D AppOps  : noteOperation: allowing code 51 uid 10127 package com.android.cellbroadcastreceiver.module
03-05 20:02:10.669   850   850 D SST     : [0] received event 3
03-05 20:02:10.669   850   850 D SubscriptionController: [getSubId]+ slotIndex=0
03-05 20:02:10.669   850   850 D SubscriptionController: [getSubId]- subIdArr=[I@233ab53
03-05 20:02:10.673   850   850 W CellSignalStrengthCdma: getCdmaLevel=0
03-05 20:02:10.673   850   850 W CellSignalStrengthCdma: getEvdoLevel=0
03-05 20:02:10.673   850   850 W CellSignalStrengthCdma: getCdmaLevel=0
03-05 20:02:10.673   850   850 I CellSignalStrengthLte: Using signal strength level: 1
03-05 20:02:10.673   850   850 I CellSignalStrengthLte: Applying LTE RSRP Thresholds: [-128, -118, -108, -98]
03-05 20:02:10.675   850   850 I CellSignalStrengthLte: Applying LTE RSRQ Thresholds: [-20, -17, -14, -11]
03-05 20:02:10.675   850   850 I CellSignalStrengthLte: Applying LTE RSSNR Thresholds: [-3, 1, 5, 13]
03-05 20:02:10.675   850   850 I CellSignalStrengthLte: Updated 4G LTE RSRP Level: 4
03-05 20:02:10.675   850   850 I CellSignalStrengthNr: Applying 5G NR SSRSRP Thresholds: [-110, -90, -80, -65]
03-05 20:02:10.675   850   850 I CellSignalStrengthNr: Applying 5G NR SSRSRQ Thresholds: [-31, -19, -7, 6]
03-05 20:02:10.675   850   850 I CellSignalStrengthNr: Applying 5G NR SSSINR Thresholds: [-5, 5, 15, 30]
03-05 20:02:10.676   850   850 I CellSignalStrengthNr: Updated 5G NR SSRSRP Level: 0
03-05 20:02:10.676   850   850 D NetworkTypeController: [0] NrConnectedState: process EVENT_NR_STATE_CHANGED
03-05 20:02:10.676   850   850 D NetworkTypeController: [0] Remove all timers
03-05 20:02:10.679  1046  1046 D CellBroadcastReceiver: onReceive Intent { act=android.intent.action.SERVICE_STATE flg=0x1000010 cmp=com.android.cellbroadcastreceiver.module/com.android.cellbroadcastreceiver.CellBroadcastReceiver (has extras) }
03-05 20:02:10.681   850   850 D LocaleTracker-0: updateLocale: countryIso = us, countryIsoDebugInfo = OperatorNumeric(310260): MccTable.countryCodeForMcc("310")
03-05 20:02:10.681   850   850 D LocaleTracker-0: updateLocale: timeZoneCountryIso = us, timeZoneCountryIsoDebugInfo = OperatorNumeric: MccTable.geoCountryCodeForMccMnc(MccMnc{mcc='310', mnc='260'})
03-05 20:02:10.681   850   850 D NewNitzStateMachineImpl: handleCountryDetected: countryIsoCode=us, mLatestNitzSignal=TimestampedValue{mReferenceTimeMillis=13442, mValue=NitzData{mOriginalString=22/03/05:11:59:46-32:0:Asia!Chongqing, mZoneOffset=-28800000, mDstOffset=0, mCurrentTimeMillis=1646481586000, mEmulatorHostTimeZone=libcore.util.ZoneInfo[id="Asia/Chongqing",mRawOffset=28800000,mEarliestRawOffset=29143000,mUseDst=false,mDstSavings=0,transitions=29]}}
03-05 20:02:10.682   850   850 D CallManager:  handleMessage (EVENT_SERVICE_STATE_CHANGED)
03-05 20:02:10.682   850   850 D SmsDispatchersController: reevaluateTimerStatus: currentTime: 1646481730682 mCurrentWaitElapsedDuration: 109766
03-05 20:02:10.682   850   850 D SmsDispatchersController: handleInService: timer expiry in 86290234ms
03-05 20:02:10.682   850   850 D SubscriptionController: [getSubId]+ slotIndex=0
03-05 20:02:10.682   850   850 D SubscriptionController: [getSubId]- subIdArr=[I@3656c90
03-05 20:02:10.682   850   850 D SubscriptionController: [getPhoneId] subId=1
03-05 20:02:10.682   850   850 D SubscriptionController: [getPhoneId]- found subId=1 phoneId=0
03-05 20:02:10.682   850   850 D PhoneFactory: getPhone:- phoneId != DEFAULT_PHONE_ID return sPhones[phoneId] phoneId=0 phone=Handler (com.android.internal.telephony.GsmCdmaPhone) {84d053}
03-05 20:02:10.685   850  1529 D PhoneFactory: getPhone:- phoneId != DEFAULT_PHONE_ID return sPhones[phoneId] phoneId=0 phone=Handler (com.android.internal.telephony.GsmCdmaPhone) {84d053}
03-05 20:02:10.689   461   567 D PowerManagerService: acquireWakeLockInternal: lock=202620513, flags=0x1, tag="NetworkStats", ws=null, uid=1000, pid=461
03-05 20:02:10.689   461   567 D PowerManagerService: updateWakeLockSummaryLocked: mWakefulness=Awake, mWakeLockSummary=0x1
03-05 20:02:10.689   461   567 D PowerManagerService: updateUserActivitySummaryLocked: mWakefulness=Awake, mUserActivitySummary=0x1, nextTimeout=2147627265 (in 2147469806 ms)
03-05 20:02:10.689   461   567 D PowerManagerService: updateDisplayPowerStateLocked: mDisplayReady=true, policy=3, mWakefulness=1, mWakeLockSummary=0x1, mUserActivitySummary=0x1, mBootCompleted=true, screenBrightnessOverride=NaN, useAutoBrightness=false, mScreenBrightnessBoostInProgress=false, mIsVrModeEnabled= false, sQuiescent=false
03-05 20:02:10.693   461   567 D AppOps  : startOperation: allowing code 40 uid 1000 package android
03-05 20:02:10.695   461   567 W BestClock: java.time.DateTimeException: Missing NTP fix
03-05 20:02:10.698   850  1529 D PhoneFactory: getPhone:- phoneId != DEFAULT_PHONE_ID return sPhones[phoneId] phoneId=0 phone=Handler (com.android.internal.telephony.GsmCdmaPhone) {84d053}
03-05 20:02:10.698   850   850 D SubscriptionController: [getSubId]+ slotIndex=0
03-05 20:02:10.698   850   850 D SubscriptionController: [getSubId]- subIdArr=[I@a34989
03-05 20:02:10.698   850   850 D Phone   : getImsRegistrationTechnology =-1
03-05 20:02:10.698   850   850 D SubscriptionController: [getSubId]+ slotIndex=0
03-05 20:02:10.698   850   850 D SubscriptionController: [getSubId]- subIdArr=[I@ee43d8e
03-05 20:02:10.699   850  1529 D SubscriptionController: [getPhoneId] subId=1
03-05 20:02:10.699   850  1529 D SubscriptionController: [getPhoneId]- found subId=1 phoneId=0
03-05 20:02:10.701   850   850 I Telephony: isRttCurrentlySupported -- regular acct, hasVoiceAvailability: false
03-05 20:02:10.701   850   850 I Telephony:  isRttSupported: false
03-05 20:02:10.701   850   850 I Telephony:  alwaysAllowWhileRoaming: false
03-05 20:02:10.701   850   850 I Telephony:  isRoaming: false
03-05 20:02:10.701   850   850 I Telephony:  isOnWfc: false
03-05 20:02:10.701   850   850 V PhoneGlobals: handleServiceStateChanged
03-05 20:02:10.702   850   850 D PhoneFactory: getPhone:- phoneId != DEFAULT_PHONE_ID return sPhones[phoneId] phoneId=0 phone=Handler (com.android.internal.telephony.GsmCdmaPhone) {84d053}
03-05 20:02:10.702   850   850 D NotificationMgr: updateNetworkSelection()...state = 0 new network 
03-05 20:02:10.702   850   850 V PhoneGlobals: subId=1,mDefaultDataSubId=1,ss roaming=false
03-05 20:02:10.702   850   850 V PhoneGlobals: updateDataRoamingStatus
03-05 20:02:10.702   850   850 D PhoneFactory: getPhone:- phoneId != DEFAULT_PHONE_ID return sPhones[phoneId] phoneId=0 phone=Handler (com.android.internal.telephony.GsmCdmaPhone) {84d053}
03-05 20:02:10.702   850   850 D DCT-C-0 : shouldRestrictDataForEcbm: isInEcm=false isInImsEcm=false
03-05 20:02:10.702   850   850 D SubscriptionController: [getSubId]+ slotIndex=0
03-05 20:02:10.702   850   850 D SubscriptionController: [getSubId]- subIdArr=[I@bc3a9af
03-05 20:02:10.703   850  1529 D PhoneInterfaceManager: [PhoneIntfMgr] isDataEnabled: subId=1 phoneId=0
03-05 20:02:10.704   850  1529 D PhoneFactory: getPhone:- phoneId != DEFAULT_PHONE_ID return sPhones[phoneId] phoneId=0 phone=Handler (com.android.internal.telephony.GsmCdmaPhone) {84d053}
03-05 20:02:10.704   850  1529 D PhoneInterfaceManager: [PhoneIntfMgr] isDataEnabled: subId=1 retVal=true
03-05 20:02:10.704   850   850 V PhoneGlobals: dataAllowed=true, reasons=Data allowed, reason: NORMAL
03-05 20:02:10.704   850   850 D PhoneFactory: getPhone:- phoneId != DEFAULT_PHONE_ID return sPhones[phoneId] phoneId=0 phone=Handler (com.android.internal.telephony.GsmCdmaPhone) {84d053}
03-05 20:02:10.705   850   850 D NetworkTypeController: [0] NrConnectedState: process EVENT_NR_STATE_CHANGED
03-05 20:02:10.705   850   850 D NetworkTypeController: [0] Remove all timers
03-05 20:02:10.705   850   850 D LocaleTracker-0: updateLocale: countryIso = us, countryIsoDebugInfo = OperatorNumeric(310260): MccTable.countryCodeForMcc("310")
03-05 20:02:10.705   850   850 D LocaleTracker-0: updateLocale: timeZoneCountryIso = us, timeZoneCountryIsoDebugInfo = OperatorNumeric: MccTable.geoCountryCodeForMccMnc(MccMnc{mcc='310', mnc='260'})
03-05 20:02:10.705   850   850 D NewNitzStateMachineImpl: handleCountryDetected: countryIsoCode=us, mLatestNitzSignal=TimestampedValue{mReferenceTimeMillis=13442, mValue=NitzData{mOriginalString=22/03/05:11:59:46-32:0:Asia!Chongqing, mZoneOffset=-28800000, mDstOffset=0, mCurrentTimeMillis=1646481586000, mEmulatorHostTimeZone=libcore.util.ZoneInfo[id="Asia/Chongqing",mRawOffset=28800000,mEarliestRawOffset=29143000,mUseDst=false,mDstSavings=0,transitions=29]}}
03-05 20:02:10.705   850   850 D CallManager:  handleMessage (EVENT_SERVICE_STATE_CHANGED)
03-05 20:02:10.705   850   850 D SmsDispatchersController: reevaluateTimerStatus: currentTime: 1646481730705 mCurrentWaitElapsedDuration: 109789
03-05 20:02:10.705   850   850 D SmsDispatchersController: handleInService: timer expiry in 86290211ms
03-05 20:02:10.705   850   850 D SubscriptionController: [getSubId]+ slotIndex=0
03-05 20:02:10.705   850   850 D SubscriptionController: [getSubId]- subIdArr=[I@c5cc1bc
03-05 20:02:10.705   850   850 D SubscriptionController: [getPhoneId] subId=1
03-05 20:02:10.705   850   850 D SubscriptionController: [getPhoneId]- found subId=1 phoneId=0
03-05 20:02:10.705   850   850 D PhoneFactory: getPhone:- phoneId != DEFAULT_PHONE_ID return sPhones[phoneId] phoneId=0 phone=Handler (com.android.internal.telephony.GsmCdmaPhone) {84d053}
03-05 20:02:10.708   461   567 W BestClock: java.time.DateTimeException: Missing NTP fix
03-05 20:02:10.708   461   567 I netstats_mobile_sample: [6731,65,13660,128,6731,65,13660,128,6833,47,11144,124,1646481730708]
03-05 20:02:10.709   461   567 I netstats_wifi_sample: [0,0,0,0,0,0,0,0,0,0,0,0,1646481730708]
03-05 20:02:10.709   461   560 W BestClock: java.time.DateTimeException: Missing NTP fix
03-05 20:02:10.709   461   567 D PowerManagerService: releaseWakeLockInternal: lock=202620513 [NetworkStats], flags=0x0
03-05 20:02:10.710   461   567 D PowerManagerService: updateWakeLockSummaryLocked: mWakefulness=Awake, mWakeLockSummary=0x1
03-05 20:02:10.710   461   567 D PowerManagerService: updateUserActivitySummaryLocked: mWakefulness=Awake, mUserActivitySummary=0x1, nextTimeout=2147627265 (in 2147469785 ms)
03-05 20:02:10.710   461   567 D PowerManagerService: updateDisplayPowerStateLocked: mDisplayReady=true, policy=3, mWakefulness=1, mWakeLockSummary=0x1, mUserActivitySummary=0x1, mBootCompleted=true, screenBrightnessOverride=NaN, useAutoBrightness=false, mScreenBrightnessBoostInProgress=false, mIsVrModeEnabled= false, sQuiescent=false
03-05 20:02:10.720   850  1076 D SubscriptionController: [getPhoneId] subId=1
03-05 20:02:10.720   850  1076 D SubscriptionController: [getPhoneId]- found subId=1 phoneId=0
03-05 20:02:10.720   850  1076 D PhoneFactory: getPhone:- phoneId != DEFAULT_PHONE_ID return sPhones[phoneId] phoneId=0 phone=Handler (com.android.internal.telephony.GsmCdmaPhone) {84d053}
03-05 20:02:10.725   850   850 I service_manager_slow: [19,phone]
03-05 20:02:10.727   850   868 D SubscriptionController: [getSubId]+ slotIndex=0
03-05 20:02:10.727   850   868 D SubscriptionController: [getSubId]- subIdArr=[I@9edf545
03-05 20:02:10.727   850   868 D PhoneFactory: getPhone:- phoneId != DEFAULT_PHONE_ID return sPhones[phoneId] phoneId=0 phone=Handler (com.android.internal.telephony.GsmCdmaPhone) {84d053}
03-05 20:02:10.730   850   850 D SubscriptionController: [getSubId]+ slotIndex=0
03-05 20:02:10.730   850   850 D SubscriptionController: [getSubId]- subIdArr=[I@36aa49a
03-05 20:02:10.731   850   850 D Phone   : getImsRegistrationTechnology =-1
03-05 20:02:10.731   850   850 D SubscriptionController: [getSubId]+ slotIndex=0
03-05 20:02:10.731   850   850 D SubscriptionController: [getSubId]- subIdArr=[I@bab31cb
03-05 20:02:10.720   461   560 W BestClock: java.time.DateTimeException: Missing NTP fix
03-05 20:02:10.733   850   850 I Telephony: isRttCurrentlySupported -- regular acct, hasVoiceAvailability: false
03-05 20:02:10.733   850   850 I Telephony:  isRttSupported: false
03-05 20:02:10.733   850   850 I Telephony:  alwaysAllowWhileRoaming: false
03-05 20:02:10.733   850   850 I Telephony:  isRoaming: false
03-05 20:02:10.733   850   850 I Telephony:  isOnWfc: false
03-05 20:02:10.733   850   850 V PhoneGlobals: handleServiceStateChanged
03-05 20:02:10.733   850   850 D PhoneFactory: getPhone:- phoneId != DEFAULT_PHONE_ID return sPhones[phoneId] phoneId=0 phone=Handler (com.android.internal.telephony.GsmCdmaPhone) {84d053}
03-05 20:02:10.734   850   850 D NotificationMgr: updateNetworkSelection()...state = 0 new network 
03-05 20:02:10.734   850   850 V PhoneGlobals: subId=1,mDefaultDataSubId=1,ss roaming=false
03-05 20:02:10.734   850   850 V PhoneGlobals: updateDataRoamingStatus
03-05 20:02:10.734   850   850 D PhoneFactory: getPhone:- phoneId != DEFAULT_PHONE_ID return sPhones[phoneId] phoneId=0 phone=Handler (com.android.internal.telephony.GsmCdmaPhone) {84d053}
03-05 20:02:10.737   850   850 D DCT-C-0 : shouldRestrictDataForEcbm: isInEcm=false isInImsEcm=false
03-05 20:02:10.737   850   850 D SubscriptionController: [getSubId]+ slotIndex=0
03-05 20:02:10.737   850   850 D SubscriptionController: [getSubId]- subIdArr=[I@f123da8
03-05 20:02:10.737   850   850 V PhoneGlobals: dataAllowed=true, reasons=Data allowed, reason: NORMAL
03-05 20:02:10.738   850   850 D PhoneFactory: getPhone:- phoneId != DEFAULT_PHONE_ID return sPhones[phoneId] phoneId=0 phone=Handler (com.android.internal.telephony.GsmCdmaPhone) {84d053}
03-05 20:02:10.739   461   567 W BestClock: java.time.DateTimeException: Missing NTP fix
03-05 20:02:10.747   461  1366 I commit_sys_config_file: [appops,193]
03-05 20:02:11.003   850   850 D DCT-C-0 : updateDataActivity: curTxRxSum={txSum=236 rxSum=132} preTxRxSum={txSum=235 rxSum=132}
03-05 20:02:11.003   850   850 D DCT-C-0 : updateDataActivity: sent=1 received=0
03-05 20:02:11.573   461  1366 I commit_sys_config_file: [appops,7]
03-05 20:02:10.739   461   567 I chatty  : uid=1000(system) ConnectivitySer identical 2 lines
03-05 20:02:10.740   461   567 W BestClock: java.time.DateTimeException: Missing NTP fix
03-05 20:02:11.632  1251  1251 I Dialer  : InCallPresenter.attemptFinishActivity - Hide in call UI: true
03-05 20:02:11.641  1251  1251 I Dialer  : InCallActivity.shouldCloseActivityOnFinish - activity is visible and has no locks, allowing activity to close
03-05 20:02:11.642   461   807 I wm_finish_activity: [0,216516398,14,com.android.dialer/com.android.incallui.InCallActivity,finish-activity]
03-05 20:02:11.643   461   807 I wm_focused_stack: [0,0,1,14,finish-top adjustFocusToNextFocusableStack]
03-05 20:02:11.643   461   807 I wm_task_moved: [12,1,2147483647]
03-05 20:02:11.644   461   807 I wm_set_resumed_activity: [0,com.android.launcher3/.uioverrides.QuickstepLauncher,finish-top adjustFocusToNextFocusableStack]
03-05 20:02:11.645   335   919 D PermissionCache: checking android.permission.READ_FRAME_BUFFER for uid=1000 => granted (106 us)
03-05 20:02:11.646   269   412 D goldfish-address-space: allocate: Ask for block of size 0x7e9000
03-05 20:02:11.646   269   412 D goldfish-address-space: allocate: ioctl allocate returned offset 0x3fb0d8000 size 0x7ea000
03-05 20:02:11.677   461   559 D PowerManagerService: acquireWakeLockInternal: lock=202620513, flags=0x1, tag="NetworkStats", ws=null, uid=1000, pid=461
03-05 20:02:11.677   461   559 D PowerManagerService: updateWakeLockSummaryLocked: mWakefulness=Awake, mWakeLockSummary=0x1
03-05 20:02:11.678   461   559 D PowerManagerService: updateUserActivitySummaryLocked: mWakefulness=Awake, mUserActivitySummary=0x1, nextTimeout=2147627265 (in 2147468817 ms)
03-05 20:02:11.678   461   559 D PowerManagerService: updateDisplayPowerStateLocked: mDisplayReady=true, policy=3, mWakefulness=1, mWakeLockSummary=0x1, mUserActivitySummary=0x1, mBootCompleted=true, screenBrightnessOverride=NaN, useAutoBrightness=false, mScreenBrightnessBoostInProgress=false, mIsVrModeEnabled= false, sQuiescent=false
03-05 20:02:11.678   461   461 I Telecom : InCallController: CSICSC: disconnect com.android.server.telecom.InCallController$EmergencyInCallServiceConnection@2b33c8b: CSW.rC->CM.mCAR->ICC.oCR(cap)@ALA
03-05 20:02:11.678   461   461 I Telecom : EmergencyInCallServiceConnection: Disconnect forced!: CSW.rC->CM.mCAR->ICC.oCR(cap)@ALA
03-05 20:02:11.678   461   461 I Telecom : InCallController: ICSBC#disconnect: unbinding after 10154 ms;[ComponentInfo{com.android.dialer/com.android.incallui.InCallServiceImpl} supportsExternal? true supportsSelfMg?false]. isCrashed: false: CSW.rC->CM.mCAR->ICC.oCR(cap)@ALA
03-05 20:02:11.679   461   559 D AppOps  : startOperation: allowing code 40 uid 1000 package android
03-05 20:02:11.680   461   807 I wm_pause_activity: [0,216516398,com.android.dialer/com.android.incallui.InCallActivity,userLeaving=false]
03-05 20:02:11.681   461   807 D PowerManagerService: acquireWakeLockInternal: lock=180970848, flags=0x1, tag="*launch*", ws=WorkSource{10104}, uid=1000, pid=461
03-05 20:02:11.681   461   807 D PowerManagerService: updateWakeLockSummaryLocked: mWakefulness=Awake, mWakeLockSummary=0x1
03-05 20:02:11.681   461   807 D PowerManagerService: updateUserActivitySummaryLocked: mWakefulness=Awake, mUserActivitySummary=0x1, nextTimeout=2147627265 (in 2147468814 ms)
03-05 20:02:11.681   461   807 D PowerManagerService: updateDisplayPowerStateLocked: mDisplayReady=true, policy=3, mWakefulness=1, mWakeLockSummary=0x1, mUserActivitySummary=0x1, mBootCompleted=true, screenBrightnessOverride=NaN, useAutoBrightness=false, mScreenBrightnessBoostInProgress=false, mIsVrModeEnabled= false, sQuiescent=false
03-05 20:02:11.685   461   481 I dvm_lock_sample: [system_server,1,android.display,41,WindowManagerService.java,4793,void com.android.server.wm.WindowManagerService$H.handleMessage(android.os.Message),TaskChangeNotificationController.java,351,void com.android.server.wm.TaskChangeNotificationController.forAllLocalListeners(com.android.server.wm.TaskChangeNotificationController$TaskStackConsumer, android.os.Message),8]
03-05 20:02:11.695  1251  1251 I Dialer  : InCallPresenter.onCallListChange - Phone switching state: INCALL -> NO_CALLS
03-05 20:02:11.695  1251  1251 I Dialer  : InCallFragment.setCallState - PrimaryCallState, state: 2, connectionLabel: null
03-05 20:02:11.700  1251  1251 I Dialer  : VideoPauseController.onStateChange - hasPrimaryCallChanged: false, videoCanPause: false, isInBackground: false
03-05 20:02:11.701  1251  1251 I Dialer  : ReturnToCallController.hide - hide() called without calling show()
03-05 20:02:11.703   461   559 W BestClock: java.time.DateTimeException: Missing NTP fix
03-05 20:02:11.703   461   481 I sysui_multi_action: [757,803,799,window_time_0,802,8]
03-05 20:02:11.705  1251  1251 I wm_on_top_resumed_lost_called: [216516398,com.android.incallui.InCallActivity,topStateChangedWhenResumed]
03-05 20:02:11.705   461   461 I Telecom : InCallController: onDisconnected from ComponentInfo{com.android.dialer/com.android.incallui.InCallServiceImpl}: CSW.rC->CM.mCAR->ICC.oCR(cap)@ALA
03-05 20:02:11.706   461   461 I Telecom : InCallController: trackCallingUserInterfaceStopped: com.android.dialer is no longer calling UX: CSW.rC->CM.mCAR->ICC.oCR(cap)@ALA
03-05 20:02:11.706  1251  1251 I wm_on_paused_called: [216516398,com.android.incallui.InCallActivity,performPause]
03-05 20:02:11.707   461   475 I wm_add_to_stopping: [0,216516398,com.android.dialer/com.android.incallui.InCallActivity,completeFinishing]
03-05 20:02:11.707   461   475 D PowerManagerService: updateWakeLockWorkSourceInternal: lock=180970848 [*launch*], ws=WorkSource{10122}
03-05 20:02:11.707   461   475 I wm_set_resumed_activity: [0,com.android.launcher3/.uioverrides.QuickstepLauncher,resumeTopActivityInnerLocked]
03-05 20:02:11.708   461   475 V KeyguardServiceDelegate: setOccluded(false) animate=false
03-05 20:02:11.708   461   475 W InputReader: Device virtio_input_multi_touch_10 is associated with display ADISPLAY_ID_NONE.
03-05 20:02:11.708   461   475 W InputReader: Device virtio_input_multi_touch_4 is associated with display ADISPLAY_ID_NONE.
03-05 20:02:11.708   461   475 W InputReader: Device virtio_input_multi_touch_3 is associated with display ADISPLAY_ID_NONE.
03-05 20:02:11.708   461   475 W InputReader: Device virtio_input_multi_touch_11 is associated with display ADISPLAY_ID_NONE.
03-05 20:02:11.708   461   475 W InputReader: Device virtio_input_multi_touch_8 is associated with display ADISPLAY_ID_NONE.
03-05 20:02:11.708   461   475 W InputReader: Device virtio_input_multi_touch_2 is associated with display ADISPLAY_ID_NONE.
03-05 20:02:11.708   461   475 W InputReader: Device virtio_input_multi_touch_9 is associated with display ADISPLAY_ID_NONE.
03-05 20:02:11.708   461   475 W InputReader: Device virtio_input_multi_touch_6 is associated with display ADISPLAY_ID_NONE.
03-05 20:02:11.708   461   475 W InputReader: Device virtio_input_multi_touch_7 is associated with display ADISPLAY_ID_NONE.
03-05 20:02:11.708   461   475 W InputReader: Device virtio_input_multi_touch_5 is associated with display ADISPLAY_ID_NONE.
03-05 20:02:11.708   461   475 W InputReader: Device virtio_input_multi_touch_10 is associated with display ADISPLAY_ID_NONE.
03-05 20:02:11.708   461   475 W InputReader: Device virtio_input_multi_touch_4 is associated with display ADISPLAY_ID_NONE.
03-05 20:02:11.708   461   475 W InputReader: Device virtio_input_multi_touch_3 is associated with display ADISPLAY_ID_NONE.
03-05 20:02:11.708   461   475 W InputReader: Device virtio_input_multi_touch_11 is associated with display ADISPLAY_ID_NONE.
03-05 20:02:11.709   461   475 W InputReader: Device virtio_input_multi_touch_8 is associated with display ADISPLAY_ID_NONE.
03-05 20:02:11.709   461   475 W InputReader: Device virtio_input_multi_touch_2 is associated with display ADISPLAY_ID_NONE.
03-05 20:02:11.709   461   475 W InputReader: Device virtio_input_multi_touch_9 is associated with display ADISPLAY_ID_NONE.
03-05 20:02:11.709   461   475 W InputReader: Device virtio_input_multi_touch_6 is associated with display ADISPLAY_ID_NONE.
03-05 20:02:11.709   461   475 W InputReader: Device virtio_input_multi_touch_7 is associated with display ADISPLAY_ID_NONE.
03-05 20:02:11.709   461   475 W InputReader: Device virtio_input_multi_touch_5 is associated with display ADISPLAY_ID_NONE.
03-05 20:02:11.709   461   475 I wm_resume_activity: [0,230380735,12,com.android.launcher3/.uioverrides.QuickstepLauncher]
03-05 20:02:11.712  1004  1004 I wm_on_restart_called: [230380735,com.android.launcher3.uioverrides.QuickstepLauncher,performRestartActivity]
03-05 20:02:11.712   621   639 D KeyguardViewMediator: setOccluded false
03-05 20:02:11.713   461   518 I AppWidgetServiceImpl: startListening() 0
03-05 20:02:11.713  1004  1004 I wm_on_start_called: [230380735,com.android.launcher3.uioverrides.QuickstepLauncher,handleStartActivity]
03-05 20:02:11.714  1004  1004 E Launcher: Ylw_onResume
03-05 20:02:11.714  1004  1004 I wm_on_resume_called: [230380735,com.android.launcher3.uioverrides.QuickstepLauncher,RESUME_ACTIVITY]
03-05 20:02:11.714  1004  1004 I wm_on_top_resumed_gained_called: [230380735,com.android.launcher3.uioverrides.QuickstepLauncher,topWhenResuming]
03-05 20:02:11.718   461   481 I sysui_multi_action: [757,803,799,window_time_0,802,0]
03-05 20:02:11.720   621   621 D KeyguardViewMediator: adjustStatusBarLocked: mShowing=false mOccluded=false isSecure=false force=false --> flags=0x0
03-05 20:02:11.721  1251  1251 I Dialer  : InCallPresenter.onCallListChange - Phone switching state: NO_CALLS -> NO_CALLS
03-05 20:02:11.721  1251  1251 I Dialer  : InCallFragment.setCallState - PrimaryCallState, state: 2, connectionLabel: null
03-05 20:02:11.731  1251  1251 I Dialer  : VideoPauseController.onStateChange - hasPrimaryCallChanged: false, videoCanPause: false, isInBackground: false
03-05 20:02:11.731  1251  1251 I Dialer  : ReturnToCallController.hide - hide() called without calling show()
03-05 20:02:11.746   269   412 D goldfish-address-space: allocate: Ask for block of size 0x7e9000
03-05 20:02:11.746   269   412 D goldfish-address-space: allocate: ioctl allocate returned offset 0x3fa104000 size 0x7ea000
03-05 20:02:11.779   269   307 D goldfish-address-space: allocate: Ask for block of size 0x7e9000
03-05 20:02:11.779   269   307 D goldfish-address-space: allocate: ioctl allocate returned offset 0x3f991a000 size 0x7ea000
03-05 20:02:11.835   461   807 D PowerManagerService: releaseWakeLockInternal: lock=180970848 [*launch*], flags=0x0
03-05 20:02:11.835   461   807 D PowerManagerService: updateWakeLockSummaryLocked: mWakefulness=Awake, mWakeLockSummary=0x1
03-05 20:02:11.835   461   807 D PowerManagerService: updateUserActivitySummaryLocked: mWakefulness=Awake, mUserActivitySummary=0x1, nextTimeout=2147627265 (in 2147468659 ms)
03-05 20:02:11.835   461   807 D PowerManagerService: updateDisplayPowerStateLocked: mDisplayReady=true, policy=3, mWakefulness=1, mWakeLockSummary=0x1, mUserActivitySummary=0x1, mBootCompleted=true, screenBrightnessOverride=NaN, useAutoBrightness=false, mScreenBrightnessBoostInProgress=false, mIsVrModeEnabled= false, sQuiescent=false
03-05 20:02:11.837   269   412 D goldfish-address-space: allocate: Ask for block of size 0x7e9000
03-05 20:02:11.837   269   412 D goldfish-address-space: allocate: ioctl allocate returned offset 0x3f9130000 size 0x7ea000
03-05 20:02:11.858   461   518 V InputMethodManagerService: startInputOrWindowGainedFocusInternalLocked: reason=WINDOW_FOCUS_GAIN client=android.os.BinderProxy@211e156 inputContext=null missingMethods= attribute=android.view.inputmethod.EditorInfo@d505e7b startInputFlags=VIEW_HAS_FOCUS|INITIAL_CONNECTION softInputMode=STATE_UNSPECIFIED|ADJUST_PAN windowFlags=#81910100 unverifiedTargetSdkVersion=30
03-05 20:02:11.858   461   518 V InputMethodManagerService: IME PreRendering MASTER flag: false, LowRam: false
03-05 20:02:11.858   461   518 V InputMethodManagerService: Unspecified window will hide input
03-05 20:02:11.858   461   518 V InputMethodManagerService: unbindCurrentInputLocked: client=android.os.BinderProxy@58c8492
03-05 20:02:11.858   461   518 V InputMethodManagerService: Hide switching menu
03-05 20:02:11.859   461   518 D InputMethodManagerService: IME window vis: 0 active: 0 inv: 0 displayId: 0
03-05 20:02:11.859   461   518 V InputMethodManagerService: switching to client: client=android.os.BinderProxy@211e156 keyguard=false
03-05 20:02:11.859   461   518 V InputMethodManagerService: Disabling: SessionState{uid 10104 pid 1251 method a682d3c session 29ffebb channel ClientState{ff75cb5 uid=10104 pid=1251 displayId=0} (server)}
03-05 20:02:11.859   461   518 V InputMethodManagerService: Enabling: SessionState{uid 10122 pid 1004 method a682d3c session 7be1650 channel ClientState{90f1302 uid=10122 pid=1004 displayId=0} (server)}
03-05 20:02:11.892   461   559 W BestClock: java.time.DateTimeException: Missing NTP fix
03-05 20:02:11.892   461   559 I netstats_mobile_sample: [8049,68,16176,132,8049,68,16176,132,8730,50,12402,126,1646481731892]
03-05 20:02:11.892   461   559 I netstats_wifi_sample: [0,0,0,0,0,0,0,0,0,0,0,0,1646481731892]
03-05 20:02:11.892   461   559 D PowerManagerService: releaseWakeLockInternal: lock=202620513 [NetworkStats], flags=0x0
03-05 20:02:11.892   461   559 D PowerManagerService: updateWakeLockSummaryLocked: mWakefulness=Awake, mWakeLockSummary=0x1
03-05 20:02:11.892   461   559 D PowerManagerService: updateUserActivitySummaryLocked: mWakefulness=Awake, mUserActivitySummary=0x1, nextTimeout=2147627265 (in 2147468603 ms)
03-05 20:02:11.892   461   559 D PowerManagerService: updateDisplayPowerStateLocked: mDisplayReady=true, policy=3, mWakefulness=1, mWakeLockSummary=0x1, mUserActivitySummary=0x1, mBootCompleted=true, screenBrightnessOverride=NaN, useAutoBrightness=false, mScreenBrightnessBoostInProgress=false, mIsVrModeEnabled= false, sQuiescent=false
03-05 20:02:11.892   461   561 W system_server: Long monitor contention with owner NetworkStats (559) at void com.android.server.net.NetworkStatsService.updateIfaces(android.net.Network[], android.net.NetworkState[], java.lang.String)(NetworkStatsService.java:1241) waiters=0 in void com.android.server.net.NetworkStatsService.setUidForeground(int, boolean) for 173ms
03-05 20:02:11.892   461   561 I dvm_lock_sample: [system_server,1,NetworkPolicy.uid,173,NetworkStatsService.java,927,void com.android.server.net.NetworkStatsService.setUidForeground(int, boolean),-,1241,void com.android.server.net.NetworkStatsService.updateIfaces(android.net.Network[], android.net.NetworkState[], java.lang.String),34]
03-05 20:02:11.898   461   560 W BestClock: java.time.DateTimeException: Missing NTP fix
03-05 20:02:11.910   461   518 D InputMethodManagerService: --- calledFromForegroundUserOrSystemProcess ? calling uid = 10122 system uid = 1000 calling userId = 0, foreground user id = 0, calling pid = 0com.android.server.inputmethod.InputMethodManagerService.reportPerceptible(InputMethodManagerService.java:3167)
03-05 20:02:11.910   461   518 D InputMethodManagerService: IME window vis: 0 active: 0 inv: 0 displayId: 0
03-05 20:02:11.917   461   567 W BestClock: java.time.DateTimeException: Missing NTP fix
03-05 20:02:11.917   461   560 W BestClock: java.time.DateTimeException: Missing NTP fix
03-05 20:02:11.918   850  1529 D SubscriptionController: [getPhoneId] subId=1
03-05 20:02:11.918   850  1529 D SubscriptionController: [getPhoneId]- found subId=1 phoneId=0
03-05 20:02:11.918   850  1529 D PhoneFactory: getPhone:- phoneId != DEFAULT_PHONE_ID return sPhones[phoneId] phoneId=0 phone=Handler (com.android.internal.telephony.GsmCdmaPhone) {84d053}
03-05 20:02:11.947  1251  1251 I Dialer  : InCallPresenter.setBoundAndWaitingForOutgoingCall - setBoundAndWaitingForOutgoingCall: false
03-05 20:02:11.947  1251  1251 I Dialer  : InCallPresenter.onCallListChange - Phone switching state: NO_CALLS -> NO_CALLS
03-05 20:02:11.947  1251  1251 I Dialer  : InCallFragment.setCallState - PrimaryCallState, state: 2, connectionLabel: null
03-05 20:02:11.952  1251  1251 I Dialer  : VideoPauseController.onStateChange - hasPrimaryCallChanged: false, videoCanPause: false, isInBackground: false
03-05 20:02:11.952  1251  1251 I Dialer  : ReturnToCallController.hide - hide() called without calling show()
03-05 20:02:11.961   461   486 D UsageStatsService: User[0] Got usage event for com.android.dialer[158488]: ACTIVITY_PAUSED
03-05 20:02:11.962  1251  1251 I service_manager_stats: [200,199,158732]
03-05 20:02:11.963  1251  1251 I Dialer  : VideoPauseController.tearDown - enter
03-05 20:02:11.963  1251  1251 I Dialer  : ReturnToCallController.hide - hide() called without calling show()
03-05 20:02:11.966  1251  1251 I Dialer  : InCallPresenter.onCallListChange - Phone switching state: NO_CALLS -> NO_CALLS
