03-05 20:02:01.777   365  1763 V MediaPlayerService: [4] setVolume(1.000000, 1.000000)
03-05 20:02:01.777   365  1763 V AudioSink: setVolume(1.000000, 1.000000)
03-05 20:02:01.777   365  1763 V MediaPlayerService: [4] setLooping(0)
03-05 20:02:01.778   365  1763 V MediaPlayerService: [4] setVideoSurfaceTexture(0x0)
03-05 20:02:01.778   365  1763 V MediaPlayerService: [4] setParameter(1400)
03-05 20:02:01.778   365  1763 V MediaPlayerService: setAudioAttributes_l() usage=6 content=4 flags=0x800 tags=
03-05 20:02:01.778   365  1763 V MediaPlayerService: [4] prepareAsync
03-05 20:02:01.778   365  1764 V MediaPlayerService:  setDataSource
03-05 20:02:01.779   365  1764 V MediaPlayerService: [5] setParameter(1400)
03-05 20:02:01.779   365  1764 V MediaPlayerService: setAudioAttributes_l() usage=6 content=4 flags=0x800 tags=
03-05 20:02:01.779   365  1764 V MediaPlayerService: [5] setVolume(1.000000, 1.000000)
03-05 20:02:01.779   365  1764 V AudioSink: setVolume(1.000000, 1.000000)
03-05 20:02:01.779   365  1764 V MediaPlayerService: [5] setLooping(0)
03-05 20:02:01.779   365  1764 V MediaPlayerService: [5] setVideoSurfaceTexture(0x0)
03-05 20:02:01.779   365  1764 V MediaPlayerService: [5] setParameter(1400)
03-05 20:02:01.779   365  1764 V MediaPlayerService: setAudioAttributes_l() usage=6 content=4 flags=0x800 tags=
03-05 20:02:01.780   365  1764 V MediaPlayerService: [5] prepareAsync
03-05 20:02:01.781   365  1850 D GenericSource: FileSource remote
03-05 20:02:01.781   365  1851 D GenericSource: FileSource remote
03-05 20:02:01.783   363  1835 E Utils   : did not find channel-count and/or sample-rate
03-05 20:02:01.785   363  1835 I chatty  : uid=1040(mediaex) Binder:363_4 identical 2 lines
03-05 20:02:01.785   363  1835 E Utils   : did not find channel-count and/or sample-rate
03-05 20:02:01.787   365  1849 V MediaPlayerService: [5] notify (1, 0, 0)
03-05 20:02:01.789   365  1847 V MediaPlayerService: [4] notify (1, 0, 0)
03-05 20:02:01.792   461   952 D Ringtone: Successfully created local player
03-05 20:02:01.793   461   461 I Telecom : InCallController: onConnected to ComponentInfo{com.android.dialer/com.android.incallui.InCallServiceImpl}: ICSBC.oSC(cad)@AGk
03-05 20:02:01.793   461   461 I Telecom : InCallController: trackCallingUserInterfaceStarted: com.android.dialer is now calling UX.: ICSBC.oSC(cad)@AGk
03-05 20:02:01.795   461   461 I Telecom : InCallController: Adding 1 calls to InCallService after onConnected: ComponentInfo{com.android.dialer/com.android.incallui.InCallServiceImpl}, including external calls: ICSBC.oSC(cad)@AGk
03-05 20:02:01.796   850   868 D SubscriptionController: [getDefaultVoiceSubId] subId=1
03-05 20:02:01.796   850   868 D SubscriptionController: [getDefaultSubId] isVoiceCapable subId=1
03-05 20:02:01.796   850   868 D SubscriptionController: [isActiveSubId]- true
03-05 20:02:01.796   850   868 V SubscriptionController: [getDefaultSubId]- value = 1
03-05 20:02:01.797   850   868 D SubscriptionController: [getSubId]+ slotIndex=0
03-05 20:02:01.797   850   868 D SubscriptionController: [getSubId]- subIdArr=[I@5b09446
03-05 20:02:01.797   850   868 D SubscriptionController: [getDefaultSmsSubId] subId=1
03-05 20:02:01.797   461   461 D SubscriptionManager: recomputing cache_key.telephony.get_default_sms_sub_id, result = 1
03-05 20:02:01.798   461   461 D CellBroadcastUtils: getDefaultCellBroadcastReceiverPackageName: found package: com.android.cellbroadcastreceiver.module
03-05 20:02:01.798   461   461 I AppOps  : uid 1001 OP_READ_SMS := allow by uid 1000
03-05 20:02:01.799   461   478 V PermissionPolicyService: synchronizePackagePermissionsAndAppOpsForUser(com.android.providers.telephony, 0)
03-05 20:02:01.802   461   461 I AppOps  : uid 1001 OP_WRITE_SMS := allow by uid 1000
03-05 20:02:01.805   461   952 I MediaFocusControl: requestAudioFocus() from uid/pid 1000/461 clientId=AudioFocus_For_Phone_Ring_And_Calls callingPack=com.android.server.telecom req=2 flags=0x4 sdk=0
03-05 20:02:01.805   461   952 D AppOps  : noteOperation: allowing code 32 uid 1000 package com.android.server.telecom
03-05 20:02:01.806   384   423 W APM::AudioPolicyEngine: getDevicesForStrategy() unknown strategy: -1
03-05 20:02:01.807   461   461 I AppOps  : uid 1001 OP_RECEIVE_SMS := allow by uid 1000
03-05 20:02:01.807   461   487 V PermissionPolicyService: sync for com.android.mms.service/0 already scheduled
03-05 20:02:01.807   461   487 V PermissionPolicyService: sync for com.android.ons/0 already scheduled
03-05 20:02:01.807   461   487 V PermissionPolicyService: sync for com.android.stk/0 already scheduled
03-05 20:02:01.807   461   487 V PermissionPolicyService: sync for com.android.service.ims/0 already scheduled
03-05 20:02:01.807   461   487 V PermissionPolicyService: sync for com.android.service.ims.presence/0 already scheduled
03-05 20:02:01.807   461   487 V PermissionPolicyService: sync for com.android.phone/0 already scheduled
03-05 20:02:01.807   461   461 I AppOps  : uid 1001 OP_RECEIVE_WAP_PUSH := allow by uid 1000
03-05 20:02:01.808   461   487 V PermissionPolicyService: sync for com.android.providers.telephony/0 already scheduled
03-05 20:02:01.808   461   487 V PermissionPolicyService: sync for com.android.mms.service/0 already scheduled
03-05 20:02:01.808   461   487 V PermissionPolicyService: sync for com.android.ons/0 already scheduled
03-05 20:02:01.808   461   487 V PermissionPolicyService: sync for com.android.stk/0 already scheduled
03-05 20:02:01.808   461   487 V PermissionPolicyService: sync for com.android.service.ims/0 already scheduled
03-05 20:02:01.808   461   487 V PermissionPolicyService: sync for com.android.service.ims.presence/0 already scheduled
03-05 20:02:01.808   461   487 V PermissionPolicyService: sync for com.android.phone/0 already scheduled
03-05 20:02:01.808   461   461 I AppOps  : uid 1001 OP_SEND_SMS := allow by uid 1000
03-05 20:02:01.808   461   487 V PermissionPolicyService: sync for com.android.providers.telephony/0 already scheduled
03-05 20:02:01.808   461   487 V PermissionPolicyService: sync for com.android.mms.service/0 already scheduled
03-05 20:02:01.809   461   487 V PermissionPolicyService: sync for com.android.ons/0 already scheduled
03-05 20:02:01.809   461   487 V PermissionPolicyService: sync for com.android.stk/0 already scheduled
03-05 20:02:01.809   461   487 V PermissionPolicyService: sync for com.android.service.ims/0 already scheduled
03-05 20:02:01.809   461   487 V PermissionPolicyService: sync for com.android.service.ims.presence/0 already scheduled
03-05 20:02:01.809   461   487 V PermissionPolicyService: sync for com.android.phone/0 already scheduled
03-05 20:02:01.809   461   461 I AppOps  : uid 1001 OP_READ_CELL_BROADCASTS := allow by uid 1000
03-05 20:02:01.809   461   487 V PermissionPolicyService: sync for com.android.providers.telephony/0 already scheduled
03-05 20:02:01.809   461   487 V PermissionPolicyService: sync for com.android.mms.service/0 already scheduled
03-05 20:02:01.809   461   487 V PermissionPolicyService: sync for com.android.ons/0 already scheduled
03-05 20:02:01.810   461   487 V PermissionPolicyService: sync for com.android.stk/0 already scheduled
03-05 20:02:01.810   461   487 V PermissionPolicyService: sync for com.android.service.ims/0 already scheduled
03-05 20:02:01.810   461   487 V PermissionPolicyService: sync for com.android.service.ims.presence/0 already scheduled
03-05 20:02:01.810   461   487 V PermissionPolicyService: sync for com.android.phone/0 already scheduled
03-05 20:02:01.811   461   461 I Telecom : InCallController: 1 calls sent to InCallService.: ICSBC.oSC(cad)@AGk
03-05 20:02:01.818   461   480 V StorageStatsService: >>> handling 100
03-05 20:02:01.824   850   868 D SubscriptionController: [getDefaultVoiceSubId] subId=1
03-05 20:02:01.806   384   423 I chatty  : uid=1041(audioserver) Binder:384_1 identical 4 lines
03-05 20:02:01.806   384   423 W APM::AudioPolicyEngine: getDevicesForStrategy() unknown strategy: -1
03-05 20:02:01.825   461  1841 D Ringtone: Successfully created local player
03-05 20:02:01.825   365  1764 V MediaPlayerService: [4] reset
03-05 20:02:01.825   365  1764 D NuPlayerDriver: reset(0xee8c1cc0) at state 4
03-05 20:02:01.825   365  1764 V MediaPlayerService: [4] notify (8, 0, 0)
03-05 20:02:01.826   365  1847 D NuPlayerDriver: notifyResetComplete(0xee8c1cc0)
03-05 20:02:01.826   365  1764 V MediaPlayerService: disconnect(4) from pid 461
03-05 20:02:01.826   365  1764 D NuPlayerDriver: reset(0xee8c1cc0) at state 0
03-05 20:02:01.827   461  1841 V MediaPlayer: resetDrmState:  mDrmInfo=null mDrmProvisioningThread=null mPrepareDrmInProgress=false mActiveDrmScheme=false
03-05 20:02:01.827   461  1841 V MediaPlayer: cleanDrmObj: mDrmObj=null mDrmSessionId=null
03-05 20:02:01.827   365  1764 V MediaPlayerService: Client(4) destructor pid = 461
03-05 20:02:01.827   365  1764 V AudioSink: close
03-05 20:02:01.827   365  1764 V MediaPlayerService: disconnect(4) from pid 461
03-05 20:02:01.828   461  1841 V MediaPlayer: resetDrmState:  mDrmInfo=null mDrmProvisioningThread=null mPrepareDrmInProgress=false mActiveDrmScheme=false
03-05 20:02:01.828   461  1841 V MediaPlayer: cleanDrmObj: mDrmObj=null mDrmSessionId=null
03-05 20:02:01.840   461  1841 D AppOps  : noteOperation: reject #3 for code 92 (92) uid 1000 package com.android.server.telecom
03-05 20:02:01.843  1251  1251 D SubscriptionManager: getDefaultVoiceSubscriptionId, sub id = 1
03-05 20:02:01.844   850   868 D SubscriptionController: [getDefaultVoiceSubId] subId=1
03-05 20:02:01.844   850   868 D SubscriptionController: [getDefaultSubId] isVoiceCapable subId=1
03-05 20:02:01.844   850   868 D SubscriptionController: [isActiveSubId]- true
03-05 20:02:01.844   850   868 V SubscriptionController: [getDefaultSubId]- value = 1
03-05 20:02:01.844   850   868 D SubscriptionController: [getPhoneId] subId=1
03-05 20:02:01.844   850   868 D SubscriptionController: [getPhoneId]- found subId=1 phoneId=0
03-05 20:02:01.844   850   868 D PhoneFactory: getPhone:- phoneId != DEFAULT_PHONE_ID return sPhones[phoneId] phoneId=0 phone=Handler (com.android.internal.telephony.GsmCdmaPhone) {84d053}
03-05 20:02:01.844   850   868 D SubscriptionController: [getSubId]+ slotIndex=0
03-05 20:02:01.845   850   868 D SubscriptionController: [getSubId]- subIdArr=[I@d80a607
03-05 20:02:01.845   850   868 D SubscriptionController: [getSlotIndex] subId=1
03-05 20:02:01.845   850   868 V SubscriptionController: [getSlotIndex]- return = 0
03-05 20:02:01.845   850   868 D EmergencyNumberTracker: slotId:0 country:us emergencyNumbers: 
03-05 20:02:01.845   850   868 D EmergencyNumberTracker: System property doesn't provide any emergency numbers. Use embedded logic for determining ones.
03-05 20:02:01.846  1251  1251 I Dialer  : InCallPresenter.shouldAttemptBlocking - not attempting to block incoming call because framework blocking is in use
03-05 20:02:01.852   461   478 V PermissionPolicyService: synchronizePackagePermissionsAndAppOpsForUser(com.android.mms.service, 0)
03-05 20:02:01.857   461  1841 D AppOps  : noteOperation: allowing code 90 uid 10130 package com.android.providers.media.module
03-05 20:02:01.857   461  1841 D AppOps  : noteOperation: allowing code 90 uid 1000 package com.android.server.telecom
03-05 20:02:01.859  1133  1187 I MediaProvider: Using lower FS for /system/product/media/audio/ringtones/Ring_Synth_04.ogg
03-05 20:02:01.862   365  1764 V MediaPlayerService: Client(6) constructor
03-05 20:02:01.862   365  1764 V MediaPlayerService: Create new client(6) from pid 461, uid 1000, 
03-05 20:02:01.864   365  1764 V MediaPlayerService: setDataSource fd=7 (/system/product/media/audio/ringtones/Ring_Synth_04.ogg), offset=0, length=576460752303423487
03-05 20:02:01.864   365  1764 V MediaPlayerService: st_dev  = 64768
03-05 20:02:01.864   365  1764 V MediaPlayerService: st_mode = 33188
03-05 20:02:01.864   365  1764 V MediaPlayerService: st_uid  = 0
03-05 20:02:01.864   365  1764 V MediaPlayerService: st_gid  = 0
03-05 20:02:01.864   365  1764 V MediaPlayerService: st_size = 43965
03-05 20:02:01.864   365  1764 V MediaPlayerService: calculated length = 43965
03-05 20:02:01.864   365  1764 V MediaPlayerService: player type = 4
03-05 20:02:01.864   365  1764 V MediaPlayerFactory:  create NuPlayer
03-05 20:02:01.864   365  1764 D NuPlayerDriver: NuPlayerDriver(0xee8c1cc0) created, clientPid(461)
03-05 20:02:01.866   365  1764 V AudioSink: AudioOutput(57)
03-05 20:02:01.867   461   947 I Telecom : CallAudioRouteStateMachine: Message received: SWITCH_FOCUS=4001, arg1=3: (...->CS.crCo->H.CS.crCo->H.CS.crCo.pICR)->CSW.hCCC->ICFG.sF->ICFG.sF->ICFG.sF->CILH.sL->CILH.oQC->BCF.gBS->BCF.gBS->ICFG.sF->ICFG.sF->ICFG.sF->ICFG.sF->ICFG.sF->ICFG.sF->ICFG.sF->CAMSM.pM_2002->CARSM.pM_SWITCH_FOCUS(cap/cast)@E-E-AGc
03-05 20:02:01.867   461   947 I Telecom : QuiescentSpeakerRoute: Processing message SWITCH_FOCUS: (...->CS.crCo->H.CS.crCo->H.CS.crCo.pICR)->CSW.hCCC->ICFG.sF->ICFG.sF->ICFG.sF->CILH.sL->CILH.oQC->BCF.gBS->BCF.gBS->ICFG.sF->ICFG.sF->ICFG.sF->ICFG.sF->ICFG.sF->ICFG.sF->ICFG.sF->CAMSM.pM_2002->CARSM.pM_SWITCH_FOCUS(cap/cast)@E-E-AGc
03-05 20:02:01.867   461   947 I Telecom : Event: RecordEntry TC@1: AUDIO_ROUTE, Leaving state QuiescentSpeakerRoute: (...->CS.crCo->H.CS.crCo->H.CS.crCo.pICR)->CSW.hCCC->ICFG.sF->ICFG.sF->ICFG.sF->CILH.sL->CILH.oQC->BCF.gBS->BCF.gBS->ICFG.sF->ICFG.sF->ICFG.sF->ICFG.sF->ICFG.sF->ICFG.sF->ICFG.sF->CAMSM.pM_2002->CARSM.pM_SWITCH_FOCUS(cap/cast)@E-E-AGc
03-05 20:02:01.867   461   947 I Telecom : Event: RecordEntry TC@1: AUDIO_ROUTE, Entering state ActiveSpeakerRoute: (...->CS.crCo->H.CS.crCo->H.CS.crCo.pICR)->CSW.hCCC->ICFG.sF->ICFG.sF->ICFG.sF->CILH.sL->CILH.oQC->BCF.gBS->BCF.gBS->ICFG.sF->ICFG.sF->ICFG.sF->ICFG.sF->ICFG.sF->ICFG.sF->ICFG.sF->CAMSM.pM_2002->CARSM.pM_SWITCH_FOCUS(cap/cast)@E-E-AGc
03-05 20:02:01.867   461   947 I Telecom : Event: RecordEntry TC@1: AUDIO_ROUTE_SPEAKER, null: (...->CS.crCo->H.CS.crCo->H.CS.crCo.pICR)->CSW.hCCC->ICFG.sF->ICFG.sF->ICFG.sF->CILH.sL->CILH.oQC->BCF.gBS->BCF.gBS->ICFG.sF->ICFG.sF->ICFG.sF->ICFG.sF->ICFG.sF->ICFG.sF->ICFG.sF->CAMSM.pM_2002->CARSM.pM_SWITCH_FOCUS(cap/cast)@E-E-AGc
03-05 20:02:01.867   461   947 I Telecom : CallAudioRouteStateMachine: turning speaker phone true: (...->CS.crCo->H.CS.crCo->H.CS.crCo.pICR)->CSW.hCCC->ICFG.sF->ICFG.sF->ICFG.sF->CILH.sL->CILH.oQC->BCF.gBS->BCF.gBS->ICFG.sF->ICFG.sF->ICFG.sF->ICFG.sF->ICFG.sF->ICFG.sF->ICFG.sF->CAMSM.pM_2002->CARSM.pM_SWITCH_FOCUS(cap/cast)@E-E-AGc
03-05 20:02:01.869   384   423 W APM::AudioPolicyEngine: getDevicesForStrategy() unknown strategy: -1
03-05 20:02:01.873   461   947 I Telecom : CallAudioRouteStateMachine: setSystemAudioState: changing from [AudioState isMuted: false, route: SPEAKER, supportedRouteMask: SPEAKER, activeBluetoothDevice: [null], supportedBluetoothDevices: []] to [AudioState isMuted: false, route: SPEAKER, supportedRouteMask: SPEAKER, activeBluetoothDevice: [null], supportedBluetoothDevices: []]: (...->CS.crCo->H.CS.crCo->H.CS.crCo.pICR)->CSW.hCCC->ICFG.sF->ICFG.sF->ICFG.sF->CILH.sL->CILH.oQC->BCF.gBS->BCF.gBS->ICFG.sF->ICFG.sF->ICFG.sF->ICFG.sF->ICFG.sF->ICFG.sF->ICFG.sF->CAMSM.pM_2002->CARSM.pM_SWITCH_FOCUS(cap/cast)@E-E-AGc
03-05 20:02:01.873   461   947 I Telecom : InCallController: Calling onAudioStateChanged, audioState: [AudioState isMuted: false, route: SPEAKER, supportedRouteMask: SPEAKER, activeBluetoothDevice: [null], supportedBluetoothDevices: []] -> [AudioState isMuted: false, route: SPEAKER, supportedRouteMask: SPEAKER, activeBluetoothDevice: [null], supportedBluetoothDevices: []]: (...->CS.crCo->H.CS.crCo->H.CS.crCo.pICR)->CSW.hCCC->ICFG.sF->ICFG.sF->ICFG.sF->CILH.sL->CILH.oQC->BCF.gBS->BCF.gBS->ICFG.sF->ICFG.sF->ICFG.sF->ICFG.sF->ICFG.sF->ICFG.sF->ICFG.sF->CAMSM.pM_2002->CARSM.pM_SWITCH_FOCUS(cap/cast)@E-E-AGc
03-05 20:02:01.876   850   850 I TelecomFramework: TelephonyConnectionService: onAudioStateChanged TC@1_1 [AudioState isMuted: false, route: SPEAKER, supportedRouteMask: SPEAKER, activeBluetoothDevice: [null], supportedBluetoothDevices: []]: (...->CSW.hCCC->ICFG.sF->ICFG.sF->ICFG.sF->CILH.sL->CILH.oQC->BCF.gBS->BCF.gBS->ICFG.sF->ICFG.sF->ICFG.sF->ICFG.sF->ICFG.sF->ICFG.sF->ICFG.sF->CAMSM.pM_2002->CARSM.pM_SWITCH_FOCUS)->CS.cASC->H.CS.cASC(cap/cast/cast)@E-E-E-AGc
03-05 20:02:01.877   461   947 I Telecom : CallAudioRouteStateMachine: Message received: SPEAKER_ON=1006, arg1=0: CARSM.mSPCR->CARSM.pM_SPEAKER_ON@AGw
03-05 20:02:01.877   461   947 I Telecom : ActiveSpeakerRoute: Processing message SPEAKER_ON: CARSM.mSPCR->CARSM.pM_SPEAKER_ON@AGw
03-05 20:02:01.869   384   423 I chatty  : uid=1041(audioserver) Binder:384_1 identical 3 lines
03-05 20:02:01.869   384   423 W APM::AudioPolicyEngine: getDevicesForStrategy() unknown strategy: -1
03-05 20:02:01.879   365  1764 V MediaPlayerService:  setDataSource
03-05 20:02:01.881   365  1764 V MediaPlayerService: [6] setParameter(1400)
03-05 20:02:01.881   365  1764 V MediaPlayerService: setAudioAttributes_l() usage=6 content=4 flags=0x800 tags=
03-05 20:02:01.881   365  1764 V MediaPlayerService: [6] setVolume(1.000000, 1.000000)
03-05 20:02:01.881   365  1764 V AudioSink: setVolume(1.000000, 1.000000)
03-05 20:02:01.881   365  1764 V MediaPlayerService: [6] setLooping(0)
03-05 20:02:01.881   365  1764 V MediaPlayerService: [6] setVideoSurfaceTexture(0x0)
03-05 20:02:01.882   365  1764 V MediaPlayerService: [6] setParameter(1400)
03-05 20:02:01.882   365  1764 V MediaPlayerService: setAudioAttributes_l() usage=6 content=4 flags=0x800 tags=
03-05 20:02:01.882   365  1764 V MediaPlayerService: [6] prepareAsync
03-05 20:02:01.883   365  1857 D GenericSource: FileSource remote
03-05 20:02:01.888   363  1835 E Utils   : did not find channel-count and/or sample-rate
03-05 20:02:01.898   363  1835 E Utils   : did not find channel-count and/or sample-rate
03-05 20:02:01.899   365  1856 V MediaPlayerService: [6] notify (1, 0, 0)
03-05 20:02:01.910   461  1841 D Ringtone: Successfully created local player
03-05 20:02:01.915  1251  1251 I Dialer  : ImsVideoCall.isAvailable - null video call
03-05 20:02:01.916   850   868 D SubscriptionController: [getDefaultVoiceSubId] subId=1
03-05 20:02:01.916  1251  1257 I .android.diale: Background young concurrent copying GC freed 5282(432KB) AllocSpace objects, 0(0B) LOS objects, 43% free, 2409KB/4255KB, paused 128us total 102.626ms
03-05 20:02:01.919   461  1841 D AppOps  : noteOperation: reject #3 for code 92 (92) uid 1000 package android
03-05 20:02:01.926   461   478 V PermissionPolicyService: synchronizePackagePermissionsAndAppOpsForUser(com.android.ons, 0)
03-05 20:02:01.931   461  1841 D AppOps  : noteOperation: allowing code 90 uid 10130 package com.android.providers.media.module
03-05 20:02:01.931   461  1841 D AppOps  : noteOperation: allowing code 90 uid 1000 package android
03-05 20:02:01.932  1251  1251 D SubscriptionManager: getDefaultVoiceSubscriptionId, sub id = 1
03-05 20:02:01.932  1133  1187 I MediaProvider: Using lower FS for /system/product/media/audio/ringtones/Ring_Synth_04.ogg
03-05 20:02:01.933   850   868 D SubscriptionController: [getDefaultVoiceSubId] subId=1
03-05 20:02:01.933   850   868 D SubscriptionController: [getDefaultSubId] isVoiceCapable subId=1
03-05 20:02:01.933   850   868 D SubscriptionController: [isActiveSubId]- true
03-05 20:02:01.933   850   868 V SubscriptionController: [getDefaultSubId]- value = 1
03-05 20:02:01.933   850   868 D SubscriptionController: [getPhoneId] subId=1
03-05 20:02:01.933   850   868 D SubscriptionController: [getPhoneId]- found subId=1 phoneId=0
03-05 20:02:01.933   850   868 D PhoneFactory: getPhone:- phoneId != DEFAULT_PHONE_ID return sPhones[phoneId] phoneId=0 phone=Handler (com.android.internal.telephony.GsmCdmaPhone) {84d053}
03-05 20:02:01.933   850   868 D SubscriptionController: [getSubId]+ slotIndex=0
03-05 20:02:01.933   850   868 D SubscriptionController: [getSubId]- subIdArr=[I@2c70334
03-05 20:02:01.933   850   868 D SubscriptionController: [getSlotIndex] subId=1
03-05 20:02:01.933   850   868 V SubscriptionController: [getSlotIndex]- return = 0
03-05 20:02:01.933   850   868 D EmergencyNumberTracker: slotId:0 country:us emergencyNumbers: 
03-05 20:02:01.933   850   868 D EmergencyNumberTracker: System property doesn't provide any emergency numbers. Use embedded logic for determining ones.
03-05 20:02:01.935   461  1841 W FileSource: offset/length adjusted from 0/576460752303423487 to 0/43965
03-05 20:02:01.937   850   868 D SubscriptionController: [getDefaultVoiceSubId] subId=1
03-05 20:02:01.938   850   868 D SubscriptionController: [getDefaultSubId] isVoiceCapable subId=1
03-05 20:02:01.938   850   868 D SubscriptionController: [isActiveSubId]- true
03-05 20:02:01.938   850   868 V SubscriptionController: [getDefaultSubId]- value = 1
03-05 20:02:01.938   850   868 D SubscriptionController: [getSubId]+ slotIndex=0
03-05 20:02:01.938   850   868 D SubscriptionController: [getSubId]- subIdArr=[I@fee655d
03-05 20:02:01.952   363  1835 E Utils   : did not find channel-count and/or sample-rate
03-05 20:02:01.956   850   868 D SubscriptionController: [getDefaultVoiceSubId] subId=1
03-05 20:02:01.956   850   868 D SubscriptionController: [getDefaultSubId] isVoiceCapable subId=1
03-05 20:02:01.956   850   868 D SubscriptionController: [isActiveSubId]- true
03-05 20:02:01.956   850   868 V SubscriptionController: [getDefaultSubId]- value = 1
03-05 20:02:01.956   461  1841 I Telecom : RingtoneFactory: hasHapticChannels content://media/internal/audio/media/113?title=Flutey%20Phone&canonical=1 -> false: (...->CS.crCo->H.CS.crCo->H.CS.crCo.pICR)->CSW.hCCC->ICFG.sF->ICFG.sF->ICFG.sF->CILH.sL->CILH.oQC->BCF.gBS->BCF.gBS->ICFG.sF->ICFG.sF->ICFG.sF->ICFG.sF->ICFG.sF->ICFG.sF->ICFG.sF->CAMSM.pM_2002->ARP.hP(cap/cast)@E-E-AGc
03-05 20:02:01.956   461  1841 I Telecom : AsyncRingtonePlayer: handlePlay: hasHaptics=false, isVibrationEnabled=false: (...->CS.crCo->H.CS.crCo->H.CS.crCo.pICR)->CSW.hCCC->ICFG.sF->ICFG.sF->ICFG.sF->CILH.sL->CILH.oQC->BCF.gBS->BCF.gBS->ICFG.sF->ICFG.sF->ICFG.sF->ICFG.sF->ICFG.sF->ICFG.sF->ICFG.sF->CAMSM.pM_2002->ARP.hP(cap/cast)@E-E-AGc
03-05 20:02:01.956   461  1841 I Telecom : Ringer: startRinging: fileHasHaptics=false, hapticsSupported=false: (...->CS.crCo->H.CS.crCo->H.CS.crCo.pICR)->CSW.hCCC->ICFG.sF->ICFG.sF->ICFG.sF->CILH.sL->CILH.oQC->BCF.gBS->BCF.gBS->ICFG.sF->ICFG.sF->ICFG.sF->ICFG.sF->ICFG.sF->ICFG.sF->ICFG.sF->CAMSM.pM_2002->ARP.hP(cap/cast)@E-E-AGc
03-05 20:02:01.957   365  1764 V MediaPlayerService: [6] setVolume(1.000000, 1.000000)
03-05 20:02:01.957   365  1764 V AudioSink: setVolume(1.000000, 1.000000)
03-05 20:02:01.957   850   868 D SubscriptionController: [getSubId]+ slotIndex=0
03-05 20:02:01.957   850   868 D SubscriptionController: [getSubId]- subIdArr=[I@e51aed2
03-05 20:02:01.957   461   475 D PhoneNumberUtils: isVoiceMailNumber: tm from context
03-05 20:02:01.957   850  1076 D PhoneFactory: getPhone:- phoneId != DEFAULT_PHONE_ID return sPhones[phoneId] phoneId=0 phone=Handler (com.android.internal.telephony.GsmCdmaPhone) {84d053}
03-05 20:02:01.957   850  1076 D GsmCdmaPhone: [0] getVoiceMailNumber: from IccRecords number=+15552175049
03-05 20:02:01.957   850  1076 D PhoneSubInfoController: VM: getVoiceMailNUmber: +15552175049
03-05 20:02:01.958   365  1764 V MediaPlayerService: [6] setLooping(1)
03-05 20:02:01.958   365  1764 V MediaPlayerService: [6] isPlaying: 0
03-05 20:02:01.959   850  1076 D SubscriptionController: [getPhoneId] subId=1
03-05 20:02:01.959   850  1076 D SubscriptionController: [getPhoneId]- found subId=1 phoneId=0
03-05 20:02:01.959   850  1076 D PhoneFactory: getPhone:- phoneId != DEFAULT_PHONE_ID return sPhones[phoneId] phoneId=0 phone=Handler (com.android.internal.telephony.GsmCdmaPhone) {84d053}
03-05 20:02:01.959   850  1076 D PhoneInterfaceManager: [PhoneIntfMgr] carrier_number_89014103211118510720 :getLine1NumberForDisplay returning null
03-05 20:02:01.960   850  1076 D PhoneFactory: getPhone:- phoneId != DEFAULT_PHONE_ID return sPhones[phoneId] phoneId=0 phone=Handler (com.android.internal.telephony.GsmCdmaPhone) {84d053}
03-05 20:02:01.960   461   475 D PhoneNumberUtils: isVoiceMailNumber: mdn=+15555215554, vmNumber=+15552175049, number=6505551212
03-05 20:02:01.968   461   475 D PhoneNumberUtils: isVoiceMailNumber: compareWithMdn=false
03-05 20:02:01.968   461   475 D PhoneNumberUtils: isVoiceMailNumber: returning regular compare
03-05 20:02:01.969   461   461 V MediaRouter: Selecting route: RouteInfo{ name=Phone, description=null, status=null, category=RouteCategory{ name=System types=ROUTE_TYPE_LIVE_AUDIO ROUTE_TYPE_LIVE_VIDEO  groupable=false }, supportedTypes=ROUTE_TYPE_LIVE_AUDIO ROUTE_TYPE_LIVE_VIDEO , presentationDisplay=null }
03-05 20:02:01.970   850   868 D PhoneFactory: getPhone:- phoneId != DEFAULT_PHONE_ID return sPhones[phoneId] phoneId=0 phone=Handler (com.android.internal.telephony.GsmCdmaPhone) {84d053}
03-05 20:02:01.972   365  1764 V MediaPlayerService: [6] setLooping(1)
03-05 20:02:01.973   850   868 D SubscriptionController: [getSubId]+ slotIndex=0
03-05 20:02:01.973   850   868 D SubscriptionController: [getSubId]- subIdArr=[I@4779ba3
03-05 20:02:01.973   850   868 D PhoneFactory: getPhone:- phoneId != DEFAULT_PHONE_ID return sPhones[phoneId] phoneId=0 phone=Handler (com.android.internal.telephony.GsmCdmaPhone) {84d053}
03-05 20:02:01.974   365  1764 V MediaPlayerService: [6] setVolume(1.000000, 1.000000)
03-05 20:02:01.974   365  1764 V AudioSink: setVolume(1.000000, 1.000000)
03-05 20:02:01.974   365  1764 V MediaPlayerService: [6] setAuxEffectSendLevel(0.000000)
03-05 20:02:01.974   365  1764 V AudioSink: setAuxEffectSendLevel(0.000000)
03-05 20:02:01.974   365  1764 V MediaPlayerService: [6] start
03-05 20:02:01.974   365  1856 I GenericSource: start
03-05 20:02:01.978   461  1841 I Telecom : AsyncRingtonePlayer: Play ringtone, looping.: (...->CS.crCo->H.CS.crCo->H.CS.crCo.pICR)->CSW.hCCC->ICFG.sF->ICFG.sF->ICFG.sF->CILH.sL->CILH.oQC->BCF.gBS->BCF.gBS->ICFG.sF->ICFG.sF->ICFG.sF->ICFG.sF->ICFG.sF->ICFG.sF->ICFG.sF->CAMSM.pM_2002->ARP.hP(cap/cast)@E-E-AGc
03-05 20:02:01.981   365  1861 I OMXClient: IOmx service obtained
03-05 20:02:01.981   368   802 I OMXMaster: makeComponentInstance(OMX.google.vorbis.decoder) in android.hardwar process
03-05 20:02:01.982   368   802 E OMXNodeInstance: setConfig(0xf47414a0:google.vorbis.decoder, ConfigPriority(0x6f800002)) ERROR: Undefined(0x80001001)
03-05 20:02:01.983   365  1861 I ACodec  : codec does not support config priority (err -2147483648)
03-05 20:02:01.983   368   802 E OMXNodeInstance: getConfig(0xf47414a0:google.vorbis.decoder, ConfigAndroidVendorExtension(0x6f100004)) ERROR: Undefined(0x80001001)
03-05 20:02:01.983   365  1861 I MediaCodec: MediaCodec will operate in async mode
03-05 20:02:02.000   461   478 V PermissionPolicyService: synchronizePackagePermissionsAndAppOpsForUser(com.android.stk, 0)
03-05 20:02:02.018   365  1859 V AudioSink: close
03-05 20:02:02.018   365  1859 V AudioSink: setPlaybackRate(1.000000 1.000000 2 0)
03-05 20:02:02.018   365  1859 V AudioSink: open(44100, 2, 0x3, 0x1, 0, 57 0x0)
03-05 20:02:02.020   461   475 D PowerManagerService: acquireWakeLockInternal: lock=216822138, flags=0x1, tag="AudioMix", ws=null, uid=1041, pid=0
03-05 20:02:02.020   461   475 D PowerManagerService: updateWakeLockSummaryLocked: mWakefulness=Awake, mWakeLockSummary=0x2b
03-05 20:02:02.020   461   475 D PowerManagerService: updateUserActivitySummaryLocked: mWakefulness=Awake, mUserActivitySummary=0x1, nextTimeout=2147518713 (in 2147369923 ms)
03-05 20:02:02.020   461   475 D PowerManagerService: updateDisplayPowerStateLocked: mDisplayReady=true, policy=3, mWakefulness=1, mWakeLockSummary=0x2b, mUserActivitySummary=0x1, mBootCompleted=true, screenBrightnessOverride=NaN, useAutoBrightness=false, mScreenBrightnessBoostInProgress=false, mIsVrModeEnabled= false, sQuiescent=false
03-05 20:02:02.020   461   475 D AppOps  : startOperation: allowing code 40 uid 1041 package audioserver
03-05 20:02:02.020   461   475 I system_server: oneway function results will be dropped but finished with status OK and parcel size 4
03-05 20:02:02.020   461   475 D PowerManagerService: updateWakeLockWorkSourceInternal: lock=216822138 [AudioMix], ws=null
03-05 20:02:02.020   461   475 D PowerManagerService: acquireWakeLockInternal: lock=161197355, flags=0x1, tag="AudioMix", ws=null, uid=1041, pid=0
03-05 20:02:02.020   461   475 D PowerManagerService: updateWakeLockSummaryLocked: mWakefulness=Awake, mWakeLockSummary=0x2b
03-05 20:02:02.020   461   475 D PowerManagerService: updateUserActivitySummaryLocked: mWakefulness=Awake, mUserActivitySummary=0x1, nextTimeout=2147518713 (in 2147369922 ms)
03-05 20:02:02.020   461   475 D PowerManagerService: updateDisplayPowerStateLocked: mDisplayReady=true, policy=3, mWakefulness=1, mWakeLockSummary=0x2b, mUserActivitySummary=0x1, mBootCompleted=true, screenBrightnessOverride=NaN, useAutoBrightness=false, mScreenBrightnessBoostInProgress=false, mIsVrModeEnabled= false, sQuiescent=false
03-05 20:02:02.021   461   475 D AppOps  : startOperation: allowing code 40 uid 1041 package audioserver
03-05 20:02:02.021   461   475 D PowerManagerService: updateWakeLockWorkSourceInternal: lock=161197355 [AudioMix], ws=null
03-05 20:02:02.021   461   475 I chatty  : uid=1000(system) Binder:461_1 identical 2 lines
03-05 20:02:02.021   461   475 I system_server: oneway function results will be dropped but finished with status OK and parcel size 4
03-05 20:02:02.021   365  1859 V AudioSink: no track available to recycle
03-05 20:02:02.021   365  1859 V AudioSink: creating new AudioTrack
03-05 20:02:02.029   384   423 D AudioFlinger: Client defaulted notificationFrames to 11224 for frameCount 22448
03-05 20:02:02.030   384   423 D AF::TrackHandle: OpPlayAudio: track:56 usage:6 not muted
03-05 20:02:02.033   365  1859 V AudioSink: deleteRecycledTrack_l
03-05 20:02:02.033   365  1859 V AudioSink: setVolume
03-05 20:02:02.033   365  1859 V AudioSink: updateTrack() DONE status 0
03-05 20:02:02.033   365  1859 V AudioSink: start
03-05 20:02:02.035   461   807 D PowerManagerService: updateWakeLockWorkSourceInternal: lock=216822138 [AudioMix], ws=WorkSource{1000}
03-05 20:02:02.035   461   807 I system_server: oneway function results will be dropped but finished with status OK and parcel size 4
03-05 20:02:02.037   251   287 E FMQ     : grantorIdx must be less than 3
03-05 20:02:02.037   251   287 E FMQ     : grantorIdx must be less than 3
03-05 20:02:02.041   365  1856 V MediaPlayerService: [6] notify (6, 0, 0)
03-05 20:02:02.044   365  1764 V MediaPlayerService: getCurrentPosition
03-05 20:02:02.044   365  1764 V MediaPlayerService: [6] getCurrentPosition = 0
03-05 20:02:02.046   365  1764 V MediaPlayerService: [6] isPlaying: 1
03-05 20:02:02.076   384   426 E FMQ     : grantorIdx must be less than 3
03-05 20:02:02.083   461   478 V PermissionPolicyService: synchronizePackagePermissionsAndAppOpsForUser(com.android.service.ims, 0)
03-05 20:02:02.119   461   478 W Looper  : Slow delivery took 282ms android.fg h=android.os.Handler c=<recycled PooledLambda@da5f107> m=0
03-05 20:02:02.119   461   478 V PermissionPolicyService: synchronizePackagePermissionsAndAppOpsForUser(com.android.service.ims.presence, 0)
03-05 20:02:02.153   461   478 V PermissionPolicyService: synchronizePackagePermissionsAndAppOpsForUser(com.android.phone, 0)
03-05 20:02:02.076   384   426 E FMQ     : grantorIdx must be less than 3
03-05 20:02:02.169  1251  1251 W UnsafeUtil: platform method missing - proto runtime falling back to safer methods: java.lang.NoSuchMethodException: sun.misc.Unsafe.copyMemory [class java.lang.Object, long, class java.lang.Object, long, long]
03-05 20:02:02.171   461   478 V PermissionPolicyService: synchronizePackagePermissionsAndAppOpsForUser(com.android.providers.telephony, 0)
03-05 20:02:02.195  1251  1251 I Dialer  : ImsVideoCall.isAvailable - null video call
03-05 20:02:02.195  1251  1251 I Dialer  : CallList.onIncoming - [DialerCall_0, INCOMING, [Capabilities: CAPABILITY_SUPPORT_HOLD CAPABILITY_RESPOND_VIA_TEXT CAPABILITY_MUTE CAPABILITY_CANNOT_DOWNGRADE_VIDEO_TO_AUDIO], [Properties:], children:[], parent:null, conferenceable:[], videoState:Audio Only, mSessionModificationState:0, CameraDir:-1]
03-05 20:02:02.195  1251  1251 I Dialer  : InCallPresenter.onIncomingCall - Phone switching state: NO_CALLS -> INCOMING
03-05 20:02:02.195  1251  1251 I Dialer  : VideoPauseController.onIncomingCall - oldState: NO_CALLS, newState: INCOMING, call: [DialerCall_0, INCOMING, [Capabilities: CAPABILITY_SUPPORT_HOLD CAPABILITY_RESPOND_VIA_TEXT CAPABILITY_MUTE CAPABILITY_CANNOT_DOWNGRADE_VIDEO_TO_AUDIO], [Properties:], children:[], parent:null, conferenceable:[], videoState:Audio Only, mSessionModificationState:0, CameraDir:-1]
03-05 20:02:02.195  1251  1251 I Dialer  : VideoPauseController.onPrimaryCallChanged - new call: [DialerCall_0, INCOMING, [Capabilities: CAPABILITY_SUPPORT_HOLD CAPABILITY_RESPOND_VIA_TEXT CAPABILITY_MUTE CAPABILITY_CANNOT_DOWNGRADE_VIDEO_TO_AUDIO], [Properties:], children:[], parent:null, conferenceable:[], videoState:Audio Only, mSessionModificationState:0, CameraDir:-1], old call: null, mIsInBackground: false
03-05 20:02:02.220  1251  1251 I Dialer  : DialerExecutorModule.newThread - creating low priority thread
03-05 20:02:02.220  1251  1251 I Dialer  : InCallPresenter.setBoundAndWaitingForOutgoingCall - setBoundAndWaitingForOutgoingCall: false
03-05 20:02:02.220  1251  1251 I Dialer  : ProximitySensor.updateProximitySensorMode - screenOnImmediately: true, dialPadVisible: false, offHook: false, horizontal: false, uiShowing: false, audioRoute: SPEAKER
03-05 20:02:02.220  1251  1251 I Dialer  : ProximitySensor.turnOffProximitySensor - wake lock already released
03-05 20:02:02.225   850  1076 D SubscriptionController: [getDefaultVoiceSubId] subId=1
03-05 20:02:02.225   850  1076 D SubscriptionController: [getDefaultSubId] isVoiceCapable subId=1
03-05 20:02:02.225   850  1076 D SubscriptionController: [isActiveSubId]- true
03-05 20:02:02.225   850  1076 V SubscriptionController: [getDefaultSubId]- value = 1
03-05 20:02:02.225   850  1076 D SubscriptionController: [getSubId]+ slotIndex=0
03-05 20:02:02.225   850  1076 D SubscriptionController: [getSubId]- subIdArr=[I@b6b1ea0
03-05 20:02:02.226   850  1076 D SubscriptionController: [getSubId]+ slotIndex=0
03-05 20:02:02.226   850  1076 D SubscriptionController: [getSubId]- subIdArr=[I@fb0fa59
03-05 20:02:02.226   850  1076 D PhoneFactory: getPhone:- phoneId != DEFAULT_PHONE_ID return sPhones[phoneId] phoneId=0 phone=Handler (com.android.internal.telephony.GsmCdmaPhone) {84d053}
03-05 20:02:02.229   384   426 D AudioFlinger: mixer(0x734eb07e3040) throttle end: throttle time(118)
03-05 20:02:02.231   850   963 D RILJ    : [UNSL]< UNSOL_RESPONSE_CALL_STATE_CHANGED [PHONE0]
03-05 20:02:02.231   850   850 D GsmCdmaCallTracker: [0] checkNoOperationsPending: pendingOperations=0
03-05 20:02:02.231   461   807 D PowerManagerService: acquireWakeLockInternal: lock=135726337, flags=0x1, tag="*telephony-radio*", ws=WorkSource{1001 com.android.phone}, uid=1001, pid=850
03-05 20:02:02.231   461   807 D PowerManagerService: updateWakeLockSummaryLocked: mWakefulness=Awake, mWakeLockSummary=0x2b
03-05 20:02:02.231   461   807 D PowerManagerService: updateUserActivitySummaryLocked: mWakefulness=Awake, mUserActivitySummary=0x1, nextTimeout=2147518713 (in 2147369711 ms)
03-05 20:02:02.231   461   807 D PowerManagerService: updateDisplayPowerStateLocked: mDisplayReady=true, policy=3, mWakefulness=1, mWakeLockSummary=0x2b, mUserActivitySummary=0x1, mBootCompleted=true, screenBrightnessOverride=NaN, useAutoBrightness=false, mScreenBrightnessBoostInProgress=false, mIsVrModeEnabled= false, sQuiescent=false
03-05 20:02:02.232   850   850 D RILJ    : [0217]> GET_CURRENT_CALLS [PHONE0]
03-05 20:02:02.232   369   369 D RIL     : onRequest: GET_CURRENT_CALLS
03-05 20:02:02.232   369   369 D AT      : AT> AT+CLCC
03-05 20:02:02.232   369   449 D AT      : AT< +CLCC: 1,1,4,0,0,"6505551212",129
03-05 20:02:02.232   369   449 D AT      : AT< OK
03-05 20:02:02.232   850   963 V RILJ    : Incoming UUS : NOT present! [PHONE0]
03-05 20:02:02.233   850   963 D RILJ    : InCall VoicePrivacy is disabled [PHONE0]
03-05 20:02:02.233   850   963 D RILJ    : [0217]< GET_CURRENT_CALLS {[id=1,INCOMING,toa=129,norm,mt,0,voc,noevp,,cli=1,,1,audioQuality=0] } [PHONE0]
03-05 20:02:02.233   850   850 D CallManager:  handleMessage (EVENT_IN_CALL_VOICE_PRIVACY_OFF)
03-05 20:02:02.233   850   850 D Telephony: MSG_CDMA_VOICE_PRIVACY_OFF received
03-05 20:02:02.233   850   850 D GsmCdmaCallTracker: Event EVENT_POLL_CALLS_RESULT Received
03-05 20:02:02.233   850   850 D GsmCdmaCallTracker: [0] handle EVENT_POLL_CALL_RESULT: set needsPoll=F
03-05 20:02:02.233   850   850 D GsmCdmaCallTracker: [0] handlePollCalls
03-05 20:02:02.233   850   850 D GsmCdmaCallTracker: [0] poll: conn[i=0]= callId: TC@1_1 isExternal: N incoming: true state: INCOMING post dial state: NOT_STARTED, dc=id=1,INCOMING,toa=129,norm,mt,0,voc,noevp,,cli=1,,1,audioQuality=0
03-05 20:02:02.233   850   850 D GsmCdmaConnection: [GsmCdmaConn] parent= INCOMING, newParent= INCOMING
03-05 20:02:02.233   850   850 D GsmCdmaConnection: [GsmCdmaConn] --dssds----
03-05 20:02:02.233   850   850 D GsmCdmaConnection: [GsmCdmaConn] update: parent=INCOMING, hasNewParent=false, wasConnectingInOrOut=true, wasHolding=false, isConnectingInOrOut=true, changed=false
03-05 20:02:02.233   850   850 D GsmCdmaCallTracker: [0] poll: conn[i=1]=null, dc=null
03-05 20:02:02.233   850   850 D GsmCdmaCallTracker: [0] poll: conn[i=2]=null, dc=null
03-05 20:02:02.233   850   850 D GsmCdmaCallTracker: [0] poll: conn[i=3]=null, dc=null
03-05 20:02:02.233   850   850 D GsmCdmaCallTracker: [0] poll: conn[i=4]=null, dc=null
03-05 20:02:02.233   850   850 D GsmCdmaCallTracker: [0] poll: conn[i=5]=null, dc=null
03-05 20:02:02.233   850   850 D GsmCdmaCallTracker: [0] poll: conn[i=6]=null, dc=null
03-05 20:02:02.233   850   850 D GsmCdmaCallTracker: [0] poll: conn[i=7]=null, dc=null
03-05 20:02:02.233   850   850 D GsmCdmaCallTracker: [0] poll: conn[i=8]=null, dc=null
03-05 20:02:02.233   850   850 D GsmCdmaCallTracker: [0] poll: conn[i=9]=null, dc=null
03-05 20:02:02.233   850   850 D GsmCdmaCallTracker: [0] poll: conn[i=10]=null, dc=null
03-05 20:02:02.233   850   850 D GsmCdmaCallTracker: [0] poll: conn[i=11]=null, dc=null
03-05 20:02:02.233   850   850 D GsmCdmaCallTracker: [0] poll: conn[i=12]=null, dc=null
03-05 20:02:02.233   850   850 D GsmCdmaCallTracker: [0] poll: conn[i=13]=null, dc=null
03-05 20:02:02.233   850   850 D GsmCdmaCallTracker: [0] poll: conn[i=14]=null, dc=null
03-05 20:02:02.233   850   850 D GsmCdmaCallTracker: [0] poll: conn[i=15]=null, dc=null
03-05 20:02:02.233   850   850 D GsmCdmaCallTracker: [0] poll: conn[i=16]=null, dc=null
03-05 20:02:02.234   850   850 D GsmCdmaCallTracker: [0] poll: conn[i=17]=null, dc=null
03-05 20:02:02.234   850   850 D GsmCdmaCallTracker: [0] poll: conn[i=18]=null, dc=null
03-05 20:02:02.234   850   850 D GsmCdmaCallTracker: [0] handlePollCalls calling updatePhoneState()
03-05 20:02:02.234   850   850 D GsmCdmaCallTracker: [0] update phone state, old=RINGING new=RINGING
03-05 20:02:02.234   850   850 D CallNotifier: handleMessage(10)
03-05 20:02:02.234   850   850 D CallNotifier: PHONE_ENHANCED_VP_OFF...
03-05 20:02:02.237   850  1076 D SubscriptionController: [getDefaultVoiceSubId] subId=1
03-05 20:02:02.238  1251  1251 D SubscriptionManager: getDefaultVoiceSubscriptionId, sub id = 1
03-05 20:02:02.238   850  1076 D SubscriptionController: [getDefaultVoiceSubId] subId=1
03-05 20:02:02.238   850  1076 D SubscriptionController: [getDefaultSubId] isVoiceCapable subId=1
03-05 20:02:02.238   850  1076 D SubscriptionController: [isActiveSubId]- true
03-05 20:02:02.239   850  1076 V SubscriptionController: [getDefaultSubId]- value = 1
03-05 20:02:02.239   850  1076 D SubscriptionController: [getPhoneId] subId=1
03-05 20:02:02.239   850  1076 D SubscriptionController: [getPhoneId]- found subId=1 phoneId=0
03-05 20:02:02.239   850  1076 D PhoneFactory: getPhone:- phoneId != DEFAULT_PHONE_ID return sPhones[phoneId] phoneId=0 phone=Handler (com.android.internal.telephony.GsmCdmaPhone) {84d053}
03-05 20:02:02.239   850  1076 D SubscriptionController: [getSubId]+ slotIndex=0
03-05 20:02:02.239   850  1076 D SubscriptionController: [getSubId]- subIdArr=[I@477e61e
03-05 20:02:02.239   850  1076 D SubscriptionController: [getSlotIndex] subId=1
03-05 20:02:02.239   850  1076 V SubscriptionController: [getSlotIndex]- return = 0
03-05 20:02:02.239   850  1076 D EmergencyNumberTracker: slotId:0 country:us emergencyNumbers: 
03-05 20:02:02.239   850  1076 D EmergencyNumberTracker: System property doesn't provide any emergency numbers. Use embedded logic for determining ones.
03-05 20:02:02.242   461   807 D AppOps  : noteOperation: allowing code 4 uid 10066 package com.android.providers.userdictionary
03-05 20:02:02.242   461   807 D AppOps  : noteOperation: allowing code 4 uid 10104 package com.android.dialer
03-05 20:02:02.242   461   807 D AppOps  : noteOperation: allowing code 4 uid 10066 package com.android.providers.userdictionary
03-05 20:02:02.242   461   807 D AppOps  : noteOperation: allowing code 4 uid 10104 package com.android.dialer
03-05 20:02:02.271   461  1366 I commit_sys_config_file: [appops,35]
03-05 20:02:02.297   461   807 D AppOps  : noteOperation: allowing code 6 uid 10066 package com.android.providers.userdictionary
03-05 20:02:02.297   461   807 D AppOps  : noteOperation: allowing code 6 uid 10104 package com.android.dialer
03-05 20:02:02.297   461   807 D AppOps  : noteOperation: allowing code 6 uid 10066 package com.android.providers.userdictionary
03-05 20:02:02.297   461   807 D AppOps  : noteOperation: allowing code 6 uid 10104 package com.android.dialer
03-05 20:02:02.325   365  1859 D AudioTrack: getTimestamp_l(16): device stall time corrected using current time 149095878666
03-05 20:02:02.325   365  1859 V AudioSink: getPlayedOutDurationUs(354102) nowUs(149095928) frames(15616) framesAt(149095930)
03-05 20:02:02.325   365  1856 V MediaPlayerService: [6] notify (211, 0, 0)
03-05 20:02:02.346  1251  1251 I Dialer  : StatusBarNotifier.buildAndSendNotification - notificationType=2
03-05 20:02:02.351  1251  1251 I Dialer  : StatusBarNotifier.buildAndSendNotification - Canceling old notification so this one can be noisy
03-05 20:02:02.361  1251  1251 I Dialer  : DialerCall.isVoipCallNotSupportedBySpeakeasy - callid was empty
03-05 20:02:02.362  1251  1251 I Dialer  : StatusBarNotifier.buildAndSendNotification - displaying notification for 2
03-05 20:02:02.365   461   807 D AppOps  : startOperation: allowing code 76 uid 10104 package com.android.dialer
03-05 20:02:02.366   461   486 D UsageStatsService: User[0] Got usage event for com.android.dialer[149136]: FOREGROUND_SERVICE_START
03-05 20:02:02.366   461   807 D CompatibilityChangeReporter: Compat change id reported: 136219221; UID 10104; state: DISABLED
03-05 20:02:02.367   461   487 D AppOps  : noteOperation: reject #3 for code 43 (43) uid 1000 package android
03-05 20:02:02.368   461   461 I notification_enqueue: [10104,1251,com.android.dialer,1,NULL,0,Notification(channel=phone_incoming_call shortcut=null contentView=null vibrate=null sound=null defaults=0x0 flags=0xca color=0x00000000 category=call actions=2 vis=PRIVATE publicVersion=Notification(channel=null shortcut=null contentView=null vibrate=null sound=null defaults=0x0 flags=0x0 color=0xff2a56c6 vis=PRIVATE)),0]
03-05 20:02:02.368   461   478 W Looper  : Drained
03-05 20:02:02.384  1251  1251 I Dialer  : ReturnToCallController.hide - hide() called without calling show()
03-05 20:02:02.446  1251  1257 I .android.diale: Background concurrent copying GC freed 12895(1110KB) AllocSpace objects, 5(496KB) LOS objects, 49% free, 8811KB/17MB, paused 488us total 135.352ms
03-05 20:02:02.518   461   807 D AppOps  : noteOperation: allowing code 4 uid 10066 package com.android.providers.userdictionary
03-05 20:02:02.519   461   807 D AppOps  : noteOperation: allowing code 4 uid 10104 package com.android.dialer
03-05 20:02:02.519   461   807 D AppOps  : noteOperation: allowing code 4 uid 10066 package com.android.providers.userdictionary
03-05 20:02:02.519   461   807 D AppOps  : noteOperation: allowing code 4 uid 10104 package com.android.dialer
03-05 20:02:02.569   461   461 I sysui_multi_action: [757,1501,758,1,793,202,794,0,795,202,796,1,806,com.android.dialer,857,phone_incoming_call,858,5,947,0,1500,0,1641,call,1688,1,1744,1]
03-05 20:02:02.570   461   461 I sysui_multi_action: [757,804,799,note_interruptive,801,0,802,1]
03-05 20:02:02.574   461   486 D UsageStatsService: User[0] Got usage event for com.android.dialer[149343]: NOTIFICATION_INTERRUPTION
03-05 20:02:02.575   461   461 W NotificationHistory: Attempted to add notif for locked/gone/disabled user 0
03-05 20:02:02.588   365  1859 V AudioSink: getPlayedOutDurationUs(619675) nowUs(149359135) frames(27328) framesAt(149359142)
03-05 20:02:02.591   384   426 D AudioFlinger: mixer(0x734eb07e3040) throttle end: throttle time(13)
03-05 20:02:02.609   621   621 D InterruptionStateProvider: No bubble up: not allowed to bubble: 0|com.android.dialer|1|null|10104
03-05 20:02:02.612   621   621 W NotifBindPipeline: Row is not set so pipeline will not run. notif = 0|com.android.dialer|1|null|10104
03-05 20:02:02.617   850   850 D DCT-C-0 : updateDataActivity: curTxRxSum={txSum=221 rxSum=123} preTxRxSum={txSum=221 rxSum=122}
03-05 20:02:02.617   850   850 D DCT-C-0 : updateDataActivity: sent=0 received=1
03-05 20:02:02.617   850   850 D DCT-C-0 : updateDataActivity: newActivity=DATAIN
03-05 20:02:02.617   850   850 D SubscriptionController: [getSubId]+ slotIndex=0
03-05 20:02:02.617   850   850 D SubscriptionController: [getSubId]- subIdArr=[I@85e4eff
03-05 20:02:02.618   461   518 D SubscriptionManager: [getActiveSubscriptionInfo]+ subId=1
03-05 20:02:02.620   850   850 D SubscriptionController: [getActiveSubscriptionInfo]+ subId=1 subInfo={id=1 iccId=89014103211118510720 simSlotIndex=0 carrierId=1 displayName=T-Mobile carrierName=T-Mobile nameSource=3 iconTint=-16746133 number=+15555215554 dataRoaming=0 iconBitmap=android.graphics.Bitmap@5bf6bb5 mcc=310 mnc=260 countryIso=us isEmbedded=false nativeAccessRules=null cardString=89014103211118510720 cardId=-1 isOpportunistic=false groupUUID=null isGroupDisabled=false profileClass=-1 ehplmns=null hplmns=null subscriptionType=0 groupOwner=null carrierConfigAccessRules=null areUiccApplicationsEnabled=true}
03-05 20:02:02.692   621   621 I sysui_multi_action: [757,803,799,note_peek,802,1]
03-05 20:02:02.693   621   621 W TouchableRegionManager: onHeadsUpPinnedModeChanged
03-05 20:02:02.698   461   518 I sysui_multi_action: [757,127,758,1]
03-05 20:02:02.698   461   518 I sysui_multi_action: [757,804,799,note_load,801,1,802,1]
03-05 20:02:02.699   461   518 I notification_panel_revealed: 1
03-05 20:02:02.700   621   621 D StatusBar: disable<e i a s b h r c s > disable2<q i n >
03-05 20:02:02.710   461   486 D UsageStatsService: User[0] Got usage event for com.android.dialer[149481]: NOTIFICATION_SEEN
03-05 20:02:02.733   850   963 D RILJ    : [UNSL]< UNSOL_RESPONSE_CALL_STATE_CHANGED [PHONE0]
03-05 20:02:02.733   850   850 D GsmCdmaCallTracker: [0] checkNoOperationsPending: pendingOperations=0
03-05 20:02:02.733   461   518 D PowerManagerService: acquireWakeLockInternal: lock=135726337, flags=0x1, tag="*telephony-radio*", ws=WorkSource{1001 com.android.phone}, uid=1001, pid=850
03-05 20:02:02.734   461   518 D PowerManagerService: updateWakeLockSummaryLocked: mWakefulness=Awake, mWakeLockSummary=0x2b
03-05 20:02:02.734   461   518 D PowerManagerService: updateUserActivitySummaryLocked: mWakefulness=Awake, mUserActivitySummary=0x1, nextTimeout=2147518713 (in 2147369209 ms)
03-05 20:02:02.734   461   518 D PowerManagerService: updateDisplayPowerStateLocked: mDisplayReady=true, policy=3, mWakefulness=1, mWakeLockSummary=0x2b, mUserActivitySummary=0x1, mBootCompleted=true, screenBrightnessOverride=NaN, useAutoBrightness=false, mScreenBrightnessBoostInProgress=false, mIsVrModeEnabled= false, sQuiescent=false
03-05 20:02:02.734   850   850 D RILJ    : [0218]> GET_CURRENT_CALLS [PHONE0]
03-05 20:02:02.735   369   369 D RIL     : onRequest: GET_CURRENT_CALLS
03-05 20:02:02.735   369   369 D AT      : AT> AT+CLCC
03-05 20:02:02.735   369   449 D AT      : AT< +CLCC: 1,1,4,0,0,"6505551212",129
03-05 20:02:02.735   369   449 D AT      : AT< OK
03-05 20:02:02.735   850   963 V RILJ    : Incoming UUS : NOT present! [PHONE0]
03-05 20:02:02.736   850   963 D RILJ    : InCall VoicePrivacy is disabled [PHONE0]
03-05 20:02:02.736   850   963 D RILJ    : [0218]< GET_CURRENT_CALLS {[id=1,INCOMING,toa=129,norm,mt,0,voc,noevp,,cli=1,,1,audioQuality=0] } [PHONE0]
03-05 20:02:02.737   850   850 D CallManager:  handleMessage (EVENT_IN_CALL_VOICE_PRIVACY_OFF)
03-05 20:02:02.737   850   850 D Telephony: MSG_CDMA_VOICE_PRIVACY_OFF received
03-05 20:02:02.737   850   850 D GsmCdmaCallTracker: Event EVENT_POLL_CALLS_RESULT Received
03-05 20:02:02.737   850   850 D GsmCdmaCallTracker: [0] handle EVENT_POLL_CALL_RESULT: set needsPoll=F
03-05 20:02:02.737   850   850 D GsmCdmaCallTracker: [0] handlePollCalls
03-05 20:02:02.737   850   850 D GsmCdmaCallTracker: [0] poll: conn[i=0]= callId: TC@1_1 isExternal: N incoming: true state: INCOMING post dial state: NOT_STARTED, dc=id=1,INCOMING,toa=129,norm,mt,0,voc,noevp,,cli=1,,1,audioQuality=0
03-05 20:02:02.738   850   850 D GsmCdmaConnection: [GsmCdmaConn] parent= INCOMING, newParent= INCOMING
03-05 20:02:02.738   850   850 D GsmCdmaConnection: [GsmCdmaConn] --dssds----
