04-23 11:24:00.885   533   533 I Telecom : CallerInfoLookupHelper: CI query for handle tel:6505551212 has completed; notifying all listeners.: ((SBC.oSC)->CS.crCo->H.CS.crCo->H.CS.crCo.pICR)->CSW.hCCC->ICFG.sF->ICFG.sF->ICFG.sF->CILH.sL->CILH.oQC(cap/cast)@E-E-AG8_0_0_0_0_1_0_0_0_0
04-23 11:24:00.885   533   533 V Telecom : Logging: CREATE_SUBSESSION ((SBC.oSC)->CS.crCo->H.CS.crCo->H.CS.crCo.pICR)->CSW.hCCC->ICFG.sF->ICFG.sF->ICFG.sF->CILH.sL->CILH.oQC->CILH.oQC(cap/cast)@E-E-AG8_0_0_0_0_1_0_0_0_0_0: ((SBC.oSC)->CS.crCo->H.CS.crCo->H.CS.crCo.pICR)->CSW.hCCC->ICFG.sF->ICFG.sF->ICFG.sF->CILH.sL->CILH.oQC(cap/cast)@E-E-AG8_0_0_0_0_1_0_0_0_0
04-23 11:24:00.885   533   533 I Telecom : Event: RecordEntry TC@1: DIRECT_TO_VM_FINISHED, null: ((SBC.oSC)->CS.crCo->H.CS.crCo->H.CS.crCo.pICR)->CSW.hCCC->ICFG.sF->ICFG.sF->ICFG.sF->CILH.sL->CILH.oQC(cap/cast)@E-E-AG8_0_0_0_0_1_0_0_0_0
04-23 11:24:00.886   533  2081 V Telecom : Logging: CONTINUE_SUBSESSION: ((SBC.oSC)->CS.crCo->H.CS.crCo->H.CS.crCo.pICR)->CSW.hCCC->ICFG.sF->ICFG.sF->ICFG.sF->CILH.sL->CILH.oQC->ICFG.sF(cap/cast)@E-E-AG8_0_0_0_0_1_0_0_0_0_0
04-23 11:24:00.886   533  2081 I Telecom : IncomingCallFilterGraph: Filter com.android.server.telecom.callfiltering.DirectToVoicemailFilter@9a3437e done, result: [Allow, logged, notified].: ((SBC.oSC)->CS.crCo->H.CS.crCo->H.CS.crCo.pICR)->CSW.hCCC->ICFG.sF->ICFG.sF->ICFG.sF->CILH.sL->CILH.oQC->ICFG.sF(cap/cast)@E-E-AG8_0_0_0_0_1_0_0_0_0_0
04-23 11:24:00.886   533  2081 V Telecom : Logging: END_SUBSESSION (dur: 0 mS): ((SBC.oSC)->CS.crCo->H.CS.crCo->H.CS.crCo.pICR)->CSW.hCCC->ICFG.sF->ICFG.sF->ICFG.sF->CILH.sL->CILH.oQC->ICFG.sF(cap/cast)@E-E-AG8_0_0_0_0_1_0_0_0_0_0
04-23 11:24:00.892   533   533 V Telecom : Logging: CREATE_SUBSESSION ((SBC.oSC)->CS.crCo->H.CS.crCo->H.CS.crCo.pICR)->CSW.hCCC->ICFG.sF->ICFG.sF->ICFG.sF->CILH.sL->CILH.oQC->CILH.oQC(cap/cast)@E-E-AG8_0_0_0_0_1_0_0_0_0_1: ((SBC.oSC)->CS.crCo->H.CS.crCo->H.CS.crCo.pICR)->CSW.hCCC->ICFG.sF->ICFG.sF->ICFG.sF->CILH.sL->CILH.oQC(cap/cast)@E-E-AG8_0_0_0_0_1_0_0_0_0
04-23 11:24:00.892   533   533 I Telecom : CallerInfoLookupHelper: There is no photo for this contact, skipping photo query: ((SBC.oSC)->CS.crCo->H.CS.crCo->H.CS.crCo.pICR)->CSW.hCCC->ICFG.sF->ICFG.sF->ICFG.sF->CILH.sL->CILH.oQC(cap/cast)@E-E-AG8_0_0_0_0_1_0_0_0_0
04-23 11:24:00.892   533   533 V Telecom : Logging: END_SUBSESSION (dur: 7 mS): ((SBC.oSC)->CS.crCo->H.CS.crCo->H.CS.crCo.pICR)->CSW.hCCC->ICFG.sF->ICFG.sF->ICFG.sF->CILH.sL->CILH.oQC(cap/cast)@E-E-AG8_0_0_0_0_1_0_0_0_0
04-23 11:24:00.893   533  2082 V Telecom : Logging: CONTINUE_SUBSESSION: ((SBC.oSC)->CS.crCo->H.CS.crCo->H.CS.crCo.pICR)->CSW.hCCC->ICFG.sF->ICFG.sF->ICFG.sF->CILH.sL->CILH.oQC->BCF.gBS(cap/cast)@E-E-AG8_0_0_0_0_1_0_0_0_0_1
04-23 11:24:00.896   942  1562 D SubscriptionController: StackTrace - [getSubId]+ slotIndex=0
04-23 11:24:00.896   942  1562 D SubscriptionController: com.android.internal.telephony.SubscriptionController.getSubId(SubscriptionController.java:2299)
04-23 11:24:00.896   942  1562 D SubscriptionController: com.android.internal.telephony.SubscriptionController.getSubIdUsingPhoneId(SubscriptionController.java:2694)
04-23 11:24:00.896   942  1562 D SubscriptionController: com.android.phone.PhoneInterfaceManager.getNetworkCountryIsoForPhone(PhoneInterfaceManager.java:2317)
04-23 11:24:00.896   942  1562 D SubscriptionController: com.android.internal.telephony.ITelephony$Stub.onTransact(ITelephony.java:4197)
04-23 11:24:00.896   942  1562 D SubscriptionController: android.os.Binder.execTransactInternal(Binder.java:1159)
04-23 11:24:00.896   942  1562 D SubscriptionController: android.os.Binder.execTransact(Binder.java:1123)
04-23 11:24:00.897   942  1562 D SubscriptionController: [getSubId]- subIdArr=[I@9300356
04-23 11:24:00.898   942  1562 D SubscriptionController: [getDefaultVoiceSubId] subId=1
04-23 11:24:00.900   942  1562 D SubscriptionController: [getDefaultVoiceSubId] subId=1
04-23 11:24:00.900   942  1562 D SubscriptionController: [getDefaultSubId] isVoiceCapable subId=1
04-23 11:24:00.900   942  1562 D SubscriptionController: [isActiveSubId]- true
04-23 11:24:00.900   942  1562 V SubscriptionController: [getDefaultSubId]- value = 1
04-23 11:24:00.900   942  1562 D SubscriptionController: StackTrace - [getPhoneId] subId=1
04-23 11:24:00.900   942  1562 D SubscriptionController: com.android.internal.telephony.SubscriptionController.getPhoneId(SubscriptionController.java:2347)
04-23 11:24:00.901   942  1562 D SubscriptionController: com.android.phone.PhoneInterfaceManager.getPhone(PhoneInterfaceManager.java:1705)
04-23 11:24:00.901   942  1562 D SubscriptionController: com.android.phone.PhoneInterfaceManager.getDefaultPhone(PhoneInterfaceManager.java:1671)
04-23 11:24:00.901   942  1562 D SubscriptionController: com.android.phone.PhoneInterfaceManager.isEmergencyNumber(PhoneInterfaceManager.java:7845)
04-23 11:24:00.901   942  1562 D SubscriptionController: com.android.internal.telephony.ITelephony$Stub.onTransact(ITelephony.java:6626)
04-23 11:24:00.901   942  1562 D SubscriptionController: android.os.Binder.execTransactInternal(Binder.java:1159)
04-23 11:24:00.901   942  1562 D SubscriptionController: android.os.Binder.execTransact(Binder.java:1123)
04-23 11:24:00.901   942  1562 D SubscriptionController: [getPhoneId]- found subId=1 phoneId=0
04-23 11:24:00.901   942  1562 D SubscriptionController: StackTrace - [getSubId]+ slotIndex=0
04-23 11:24:00.901   942  1562 D SubscriptionController: com.android.internal.telephony.SubscriptionController.getSubId(SubscriptionController.java:2299)
04-23 11:24:00.901   942  1562 D SubscriptionController: com.android.internal.telephony.SubscriptionController.getSubIdUsingPhoneId(SubscriptionController.java:2694)
04-23 11:24:00.901   942  1562 D SubscriptionController: com.android.internal.telephony.Phone.getSubId(Phone.java:3743)
04-23 11:24:00.901   942  1562 D SubscriptionController: com.android.internal.telephony.emergency.EmergencyNumberTracker.isEmergencyNumberFromEccList(EmergencyNumberTracker.java:950)
04-23 11:24:00.901   942  1562 D SubscriptionController: com.android.internal.telephony.emergency.EmergencyNumberTracker.isEmergencyNumber(EmergencyNumberTracker.java:741)
04-23 11:24:00.901   942  1562 D SubscriptionController: com.android.phone.PhoneInterfaceManager.isEmergencyNumber(PhoneInterfaceManager.java:7856)
04-23 11:24:00.901   942  1562 D SubscriptionController: com.android.internal.telephony.ITelephony$Stub.onTransact(ITelephony.java:6626)
04-23 11:24:00.901   942  1562 D SubscriptionController: android.os.Binder.execTransactInternal(Binder.java:1159)
04-23 11:24:00.901   942  1562 D SubscriptionController: android.os.Binder.execTransact(Binder.java:1123)
04-23 11:24:00.901   942  1562 D SubscriptionController: [getSubId]- subIdArr=[I@4f9cfd7
04-23 11:24:00.901   942  1562 D SubscriptionController: StackTrace - [getSlotIndex] subId=1
04-23 11:24:00.901   942  1562 D SubscriptionController: com.android.internal.telephony.SubscriptionController.getSlotIndex(SubscriptionController.java:2260)
04-23 11:24:00.901   942  1562 D SubscriptionController: com.android.internal.telephony.emergency.EmergencyNumberTracker.isEmergencyNumberFromEccList(EmergencyNumberTracker.java:950)
04-23 11:24:00.901   942  1562 D SubscriptionController: com.android.internal.telephony.emergency.EmergencyNumberTracker.isEmergencyNumber(EmergencyNumberTracker.java:741)
04-23 11:24:00.901   942  1562 D SubscriptionController: com.android.phone.PhoneInterfaceManager.isEmergencyNumber(PhoneInterfaceManager.java:7856)
04-23 11:24:00.901   942  1562 D SubscriptionController: com.android.internal.telephony.ITelephony$Stub.onTransact(ITelephony.java:6626)
04-23 11:24:00.901   942  1562 D SubscriptionController: android.os.Binder.execTransactInternal(Binder.java:1159)
04-23 11:24:00.902   942  1562 D SubscriptionController: android.os.Binder.execTransact(Binder.java:1123)
04-23 11:24:00.902   942  1562 V SubscriptionController: [getSlotIndex]- return = 0
04-23 11:24:00.902   942  1562 D EmergencyNumberTracker: slotId:0 country:us emergencyNumbers: 
04-23 11:24:00.902   942  1562 D EmergencyNumberTracker: System property doesn't provide any emergency numbers. Use embedded logic for determining ones.
04-23 11:24:00.902   942  1562 D SubscriptionController: [getDefaultVoiceSubId] subId=1
04-23 11:24:00.903   942  1562 D SubscriptionController: [getDefaultVoiceSubId] subId=1
04-23 11:24:00.904   942  1562 D SubscriptionController: [getDefaultSubId] isVoiceCapable subId=1
04-23 11:24:00.904   942  1562 D SubscriptionController: [isActiveSubId]- true
04-23 11:24:00.904   942  1562 V SubscriptionController: [getDefaultSubId]- value = 1
04-23 11:24:00.904   942  1562 D SubscriptionController: StackTrace - [getPhoneId] subId=1
04-23 11:24:00.904   942  1562 D SubscriptionController: com.android.internal.telephony.SubscriptionController.getPhoneId(SubscriptionController.java:2347)
04-23 11:24:00.904   942  1562 D SubscriptionController: com.android.phone.PhoneInterfaceManager.getPhone(PhoneInterfaceManager.java:1705)
04-23 11:24:00.904   942  1562 D SubscriptionController: com.android.phone.PhoneInterfaceManager.getDefaultPhone(PhoneInterfaceManager.java:1671)
04-23 11:24:00.904   942  1562 D SubscriptionController: com.android.phone.PhoneInterfaceManager.isEmergencyNumber(PhoneInterfaceManager.java:7845)
04-23 11:24:00.904   942  1562 D SubscriptionController: com.android.internal.telephony.ITelephony$Stub.onTransact(ITelephony.java:6626)
04-23 11:24:00.904   942  1562 D SubscriptionController: android.os.Binder.execTransactInternal(Binder.java:1159)
04-23 11:24:00.904   942  1562 D SubscriptionController: android.os.Binder.execTransact(Binder.java:1123)
04-23 11:24:00.904   942  1562 D SubscriptionController: [getPhoneId]- found subId=1 phoneId=0
04-23 11:24:00.904   942  1562 D SubscriptionController: StackTrace - [getSubId]+ slotIndex=0
04-23 11:24:00.904   942  1562 D SubscriptionController: com.android.internal.telephony.SubscriptionController.getSubId(SubscriptionController.java:2299)
04-23 11:24:00.904   942  1562 D SubscriptionController: com.android.internal.telephony.SubscriptionController.getSubIdUsingPhoneId(SubscriptionController.java:2694)
04-23 11:24:00.904   942  1562 D SubscriptionController: com.android.internal.telephony.Phone.getSubId(Phone.java:3743)
04-23 11:24:00.904   942  1562 D SubscriptionController: com.android.internal.telephony.emergency.EmergencyNumberTracker.isEmergencyNumberFromEccList(EmergencyNumberTracker.java:950)
04-23 11:24:00.904   942  1562 D SubscriptionController: com.android.internal.telephony.emergency.EmergencyNumberTracker.isEmergencyNumber(EmergencyNumberTracker.java:741)
04-23 11:24:00.905   942  1562 D SubscriptionController: com.android.phone.PhoneInterfaceManager.isEmergencyNumber(PhoneInterfaceManager.java:7856)
04-23 11:24:00.905   942  1562 D SubscriptionController: com.android.internal.telephony.ITelephony$Stub.onTransact(ITelephony.java:6626)
04-23 11:24:00.905   942  1562 D SubscriptionController: android.os.Binder.execTransactInternal(Binder.java:1159)
04-23 11:24:00.905   942  1562 D SubscriptionController: android.os.Binder.execTransact(Binder.java:1123)
04-23 11:24:00.905   942  1562 D SubscriptionController: [getSubId]- subIdArr=[I@2fb30c4
04-23 11:24:00.905   942  1562 D SubscriptionController: StackTrace - [getSlotIndex] subId=1
04-23 11:24:00.905   942  1562 D SubscriptionController: com.android.internal.telephony.SubscriptionController.getSlotIndex(SubscriptionController.java:2260)
04-23 11:24:00.905   942  1562 D SubscriptionController: com.android.internal.telephony.emergency.EmergencyNumberTracker.isEmergencyNumberFromEccList(EmergencyNumberTracker.java:950)
04-23 11:24:00.905   942  1562 D SubscriptionController: com.android.internal.telephony.emergency.EmergencyNumberTracker.isEmergencyNumber(EmergencyNumberTracker.java:741)
04-23 11:24:00.905   942  1562 D SubscriptionController: com.android.phone.PhoneInterfaceManager.isEmergencyNumber(PhoneInterfaceManager.java:7856)
04-23 11:24:00.905   942  1562 D SubscriptionController: com.android.internal.telephony.ITelephony$Stub.onTransact(ITelephony.java:6626)
04-23 11:24:00.905   942  1562 D SubscriptionController: android.os.Binder.execTransactInternal(Binder.java:1159)
04-23 11:24:00.905   942  1562 D SubscriptionController: android.os.Binder.execTransact(Binder.java:1123)
04-23 11:24:00.905   942  1562 V SubscriptionController: [getSlotIndex]- return = 0
04-23 11:24:00.905   942  1562 D EmergencyNumberTracker: slotId:0 country:us emergencyNumbers: 
04-23 11:24:00.905   942  1562 D EmergencyNumberTracker: System property doesn't provide any emergency numbers. Use embedded logic for determining ones.
04-23 11:24:00.908   942  1179 D SubscriptionController: StackTrace - [getSubId]+ slotIndex=0
04-23 11:24:00.908   942  1179 D SubscriptionController: com.android.internal.telephony.SubscriptionController.getSubId(SubscriptionController.java:2299)
04-23 11:24:00.908   942  1179 D SubscriptionController: com.android.internal.telephony.SubscriptionController.getSubIdUsingPhoneId(SubscriptionController.java:2694)
04-23 11:24:00.908   942  1179 D SubscriptionController: com.android.phone.PhoneInterfaceManager.getNetworkCountryIsoForPhone(PhoneInterfaceManager.java:2317)
04-23 11:24:00.908   942  1179 D SubscriptionController: com.android.internal.telephony.ITelephony$Stub.onTransact(ITelephony.java:4197)
04-23 11:24:00.908   942  1179 D SubscriptionController: android.os.Binder.execTransactInternal(Binder.java:1159)
04-23 11:24:00.908   942  1179 D SubscriptionController: android.os.Binder.execTransact(Binder.java:1123)
04-23 11:24:00.908   942  1179 D SubscriptionController: [getSubId]- subIdArr=[I@967abad
04-23 11:24:00.916  1496  1532 I BlockedNumbers: isBlocked: NOT BLOCKED; number=********12, e164=**********12
04-23 11:24:00.916   533  2082 D Telecom : BlockedNumberContract: shouldSystemBlockNumber: number=6505551212, caller=com.android.server.telecom, result=not blocked: ((SBC.oSC)->CS.crCo->H.CS.crCo->H.CS.crCo.pICR)->CSW.hCCC->ICFG.sF->ICFG.sF->ICFG.sF->CILH.sL->CILH.oQC->BCF.gBS(cap/cast)@E-E-AG8_0_0_0_0_1_0_0_0_0_1
04-23 11:24:00.917   533  2082 D Telecom : BlockCheckerAdapter: Blocked number lookup took: 23 ms.: ((SBC.oSC)->CS.crCo->H.CS.crCo->H.CS.crCo.pICR)->CSW.hCCC->ICFG.sF->ICFG.sF->ICFG.sF->CILH.sL->CILH.oQC->BCF.gBS(cap/cast)@E-E-AG8_0_0_0_0_1_0_0_0_0_1
04-23 11:24:00.917   533  2082 V Telecom : Logging: CREATE_SUBSESSION ((SBC.oSC)->CS.crCo->H.CS.crCo->H.CS.crCo.pICR)->CSW.hCCC->ICFG.sF->ICFG.sF->ICFG.sF->CILH.sL->CILH.oQC->BCF.gBS->BCF.gBS(cap/cast)@E-E-AG8_0_0_0_0_1_0_0_0_0_1_0: ((SBC.oSC)->CS.crCo->H.CS.crCo->H.CS.crCo.pICR)->CSW.hCCC->ICFG.sF->ICFG.sF->ICFG.sF->CILH.sL->CILH.oQC->BCF.gBS(cap/cast)@E-E-AG8_0_0_0_0_1_0_0_0_0_1
04-23 11:24:00.917   533  2082 V Telecom : Logging: END_SUBSESSION (dur: 24 mS): ((SBC.oSC)->CS.crCo->H.CS.crCo->H.CS.crCo.pICR)->CSW.hCCC->ICFG.sF->ICFG.sF->ICFG.sF->CILH.sL->CILH.oQC->BCF.gBS(cap/cast)@E-E-AG8_0_0_0_0_1_0_0_0_0_1
04-23 11:24:00.917   533  2082 V Telecom : Logging: CONTINUE_SUBSESSION: ((SBC.oSC)->CS.crCo->H.CS.crCo->H.CS.crCo.pICR)->CSW.hCCC->ICFG.sF->ICFG.sF->ICFG.sF->CILH.sL->CILH.oQC->BCF.gBS->BCF.gBS(cap/cast)@E-E-AG8_0_0_0_0_1_0_0_0_0_1_0
04-23 11:24:00.918   533  2082 I Telecom : Event: RecordEntry TC@1: BLOCK_CHECK_FINISHED, not blocked [Allow, logged, notified]: ((SBC.oSC)->CS.crCo->H.CS.crCo->H.CS.crCo.pICR)->CSW.hCCC->ICFG.sF->ICFG.sF->ICFG.sF->CILH.sL->CILH.oQC->BCF.gBS->BCF.gBS(cap/cast)@E-E-AG8_0_0_0_0_1_0_0_0_0_1_0
04-23 11:24:00.919   533  2082 V Telecom : Logging: CREATE_SUBSESSION ((SBC.oSC)->CS.crCo->H.CS.crCo->H.CS.crCo.pICR)->CSW.hCCC->ICFG.sF->ICFG.sF->ICFG.sF->CILH.sL->CILH.oQC->BCF.gBS->BCF.gBS->BCF.gBS(cap/cast)@E-E-AG8_0_0_0_0_1_0_0_0_0_1_0_0: ((SBC.oSC)->CS.crCo->H.CS.crCo->H.CS.crCo.pICR)->CSW.hCCC->ICFG.sF->ICFG.sF->ICFG.sF->CILH.sL->CILH.oQC->BCF.gBS->BCF.gBS(cap/cast)@E-E-AG8_0_0_0_0_1_0_0_0_0_1_0
04-23 11:24:00.919   533  2082 V Telecom : Logging: END_SUBSESSION (dur: 2 mS): ((SBC.oSC)->CS.crCo->H.CS.crCo->H.CS.crCo.pICR)->CSW.hCCC->ICFG.sF->ICFG.sF->ICFG.sF->CILH.sL->CILH.oQC->BCF.gBS->BCF.gBS(cap/cast)@E-E-AG8_0_0_0_0_1_0_0_0_0_1_0
04-23 11:24:00.919   533  2081 V Telecom : Logging: CONTINUE_SUBSESSION: ((SBC.oSC)->CS.crCo->H.CS.crCo->H.CS.crCo.pICR)->CSW.hCCC->ICFG.sF->ICFG.sF->ICFG.sF->CILH.sL->CILH.oQC->BCF.gBS->BCF.gBS->ICFG.sF(cap/cast)@E-E-AG8_0_0_0_0_1_0_0_0_0_1_0_0
04-23 11:24:00.920   533  2081 I Telecom : IncomingCallFilterGraph: Filter com.android.server.telecom.callfiltering.BlockCheckerFilter@a8850df done, result: [Allow, logged, notified].: ((SBC.oSC)->CS.crCo->H.CS.crCo->H.CS.crCo.pICR)->CSW.hCCC->ICFG.sF->ICFG.sF->ICFG.sF->CILH.sL->CILH.oQC->BCF.gBS->BCF.gBS->ICFG.sF(cap/cast)@E-E-AG8_0_0_0_0_1_0_0_0_0_1_0_0
04-23 11:24:00.920   533  2081 V Telecom : Logging: CREATE_SUBSESSION ((SBC.oSC)->CS.crCo->H.CS.crCo->H.CS.crCo.pICR)->CSW.hCCC->ICFG.sF->ICFG.sF->ICFG.sF->CILH.sL->CILH.oQC->BCF.gBS->BCF.gBS->ICFG.sF->ICFG.sF(cap/cast)@E-E-AG8_0_0_0_0_1_0_0_0_0_1_0_0_0: ((SBC.oSC)->CS.crCo->H.CS.crCo->H.CS.crCo.pICR)->CSW.hCCC->ICFG.sF->ICFG.sF->ICFG.sF->CILH.sL->CILH.oQC->BCF.gBS->BCF.gBS->ICFG.sF(cap/cast)@E-E-AG8_0_0_0_0_1_0_0_0_0_1_0_0
04-23 11:24:00.920   533  2081 I Telecom : IncomingCallFilterGraph: Filter com.android.server.telecom.callfiltering.CallScreeningServiceFilter@d58e71: null scheduled.: ((SBC.oSC)->CS.crCo->H.CS.crCo->H.CS.crCo.pICR)->CSW.hCCC->ICFG.sF->ICFG.sF->ICFG.sF->CILH.sL->CILH.oQC->BCF.gBS->BCF.gBS->ICFG.sF(cap/cast)@E-E-AG8_0_0_0_0_1_0_0_0_0_1_0_0
04-23 11:24:00.920   533  2081 V Telecom : Logging: END_SUBSESSION (dur: 1 mS): ((SBC.oSC)->CS.crCo->H.CS.crCo->H.CS.crCo.pICR)->CSW.hCCC->ICFG.sF->ICFG.sF->ICFG.sF->CILH.sL->CILH.oQC->BCF.gBS->BCF.gBS->ICFG.sF(cap/cast)@E-E-AG8_0_0_0_0_1_0_0_0_0_1_0_0
04-23 11:24:00.920   533  2081 V Telecom : Logging: CONTINUE_SUBSESSION: ((SBC.oSC)->CS.crCo->H.CS.crCo->H.CS.crCo.pICR)->CSW.hCCC->ICFG.sF->ICFG.sF->ICFG.sF->CILH.sL->CILH.oQC->BCF.gBS->BCF.gBS->ICFG.sF->ICFG.sF(cap/cast)@E-E-AG8_0_0_0_0_1_0_0_0_0_1_0_0_0
04-23 11:24:00.921   533  2081 V Telecom : Logging: CREATE_SUBSESSION ((SBC.oSC)->CS.crCo->H.CS.crCo->H.CS.crCo.pICR)->CSW.hCCC->ICFG.sF->ICFG.sF->ICFG.sF->CILH.sL->CILH.oQC->BCF.gBS->BCF.gBS->ICFG.sF->ICFG.sF->ICFG.sF(cap/cast)@E-E-AG8_0_0_0_0_1_0_0_0_0_1_0_0_0_0: ((SBC.oSC)->CS.crCo->H.CS.crCo->H.CS.crCo.pICR)->CSW.hCCC->ICFG.sF->ICFG.sF->ICFG.sF->CILH.sL->CILH.oQC->BCF.gBS->BCF.gBS->ICFG.sF->ICFG.sF(cap/cast)@E-E-AG8_0_0_0_0_1_0_0_0_0_1_0_0_0
04-23 11:24:00.921   533  2081 V Telecom : Logging: END_SUBSESSION (dur: 1 mS): ((SBC.oSC)->CS.crCo->H.CS.crCo->H.CS.crCo.pICR)->CSW.hCCC->ICFG.sF->ICFG.sF->ICFG.sF->CILH.sL->CILH.oQC->BCF.gBS->BCF.gBS->ICFG.sF->ICFG.sF(cap/cast)@E-E-AG8_0_0_0_0_1_0_0_0_0_1_0_0_0
04-23 11:24:00.922   533  2081 V Telecom : Logging: CONTINUE_SUBSESSION: ((SBC.oSC)->CS.crCo->H.CS.crCo->H.CS.crCo.pICR)->CSW.hCCC->ICFG.sF->ICFG.sF->ICFG.sF->CILH.sL->CILH.oQC->BCF.gBS->BCF.gBS->ICFG.sF->ICFG.sF->ICFG.sF(cap/cast)@E-E-AG8_0_0_0_0_1_0_0_0_0_1_0_0_0_0
04-23 11:24:00.922   533  2081 I Telecom : IncomingCallFilterGraph: Filter com.android.server.telecom.callfiltering.CallScreeningServiceFilter@d58e71: null done, result: [Allow, logged, notified].: ((SBC.oSC)->CS.crCo->H.CS.crCo->H.CS.crCo.pICR)->CSW.hCCC->ICFG.sF->ICFG.sF->ICFG.sF->CILH.sL->CILH.oQC->BCF.gBS->BCF.gBS->ICFG.sF->ICFG.sF->ICFG.sF(cap/cast)@E-E-AG8_0_0_0_0_1_0_0_0_0_1_0_0_0_0
04-23 11:24:00.922   533  2081 V Telecom : Logging: CREATE_SUBSESSION ((SBC.oSC)->CS.crCo->H.CS.crCo->H.CS.crCo.pICR)->CSW.hCCC->ICFG.sF->ICFG.sF->ICFG.sF->CILH.sL->CILH.oQC->BCF.gBS->BCF.gBS->ICFG.sF->ICFG.sF->ICFG.sF->ICFG.sF(cap/cast)@E-E-AG8_0_0_0_0_1_0_0_0_0_1_0_0_0_0_0: ((SBC.oSC)->CS.crCo->H.CS.crCo->H.CS.crCo.pICR)->CSW.hCCC->ICFG.sF->ICFG.sF->ICFG.sF->CILH.sL->CILH.oQC->BCF.gBS->BCF.gBS->ICFG.sF->ICFG.sF->ICFG.sF(cap/cast)@E-E-AG8_0_0_0_0_1_0_0_0_0_1_0_0_0_0
04-23 11:24:00.922   533  2081 I Telecom : IncomingCallFilterGraph: Filter com.android.server.telecom.callfiltering.CallScreeningServiceFilter@8ba4456: com.android.dialer scheduled.: ((SBC.oSC)->CS.crCo->H.CS.crCo->H.CS.crCo.pICR)->CSW.hCCC->ICFG.sF->ICFG.sF->ICFG.sF->CILH.sL->CILH.oQC->BCF.gBS->BCF.gBS->ICFG.sF->ICFG.sF->ICFG.sF(cap/cast)@E-E-AG8_0_0_0_0_1_0_0_0_0_1_0_0_0_0
04-23 11:24:00.922   533  2081 V Telecom : Logging: END_SUBSESSION (dur: 1 mS): ((SBC.oSC)->CS.crCo->H.CS.crCo->H.CS.crCo.pICR)->CSW.hCCC->ICFG.sF->ICFG.sF->ICFG.sF->CILH.sL->CILH.oQC->BCF.gBS->BCF.gBS->ICFG.sF->ICFG.sF->ICFG.sF(cap/cast)@E-E-AG8_0_0_0_0_1_0_0_0_0_1_0_0_0_0
04-23 11:24:00.922   533  2081 V Telecom : Logging: CONTINUE_SUBSESSION: ((SBC.oSC)->CS.crCo->H.CS.crCo->H.CS.crCo.pICR)->CSW.hCCC->ICFG.sF->ICFG.sF->ICFG.sF->CILH.sL->CILH.oQC->BCF.gBS->BCF.gBS->ICFG.sF->ICFG.sF->ICFG.sF->ICFG.sF(cap/cast)@E-E-AG8_0_0_0_0_1_0_0_0_0_1_0_0_0_0_0
04-23 11:24:00.922   533  2081 I Telecom : CallScreeningServiceHelper: com.android.dialer has no call screening service defined.: ((SBC.oSC)->CS.crCo->H.CS.crCo->H.CS.crCo.pICR)->CSW.hCCC->ICFG.sF->ICFG.sF->ICFG.sF->CILH.sL->CILH.oQC->BCF.gBS->BCF.gBS->ICFG.sF->ICFG.sF->ICFG.sF->ICFG.sF(cap/cast)@E-E-AG8_0_0_0_0_1_0_0_0_0_1_0_0_0_0_0
04-23 11:24:00.922   533  2081 I Telecom : CallScreeningServiceFilter: Call screening service binding failed.: ((SBC.oSC)->CS.crCo->H.CS.crCo->H.CS.crCo.pICR)->CSW.hCCC->ICFG.sF->ICFG.sF->ICFG.sF->CILH.sL->CILH.oQC->BCF.gBS->BCF.gBS->ICFG.sF->ICFG.sF->ICFG.sF->ICFG.sF(cap/cast)@E-E-AG8_0_0_0_0_1_0_0_0_0_1_0_0_0_0_0
04-23 11:24:00.923   533  2081 V Telecom : Logging: CREATE_SUBSESSION ((SBC.oSC)->CS.crCo->H.CS.crCo->H.CS.crCo.pICR)->CSW.hCCC->ICFG.sF->ICFG.sF->ICFG.sF->CILH.sL->CILH.oQC->BCF.gBS->BCF.gBS->ICFG.sF->ICFG.sF->ICFG.sF->ICFG.sF->ICFG.sF(cap/cast)@E-E-AG8_0_0_0_0_1_0_0_0_0_1_0_0_0_0_0_0: ((SBC.oSC)->CS.crCo->H.CS.crCo->H.CS.crCo.pICR)->CSW.hCCC->ICFG.sF->ICFG.sF->ICFG.sF->CILH.sL->CILH.oQC->BCF.gBS->BCF.gBS->ICFG.sF->ICFG.sF->ICFG.sF->ICFG.sF(cap/cast)@E-E-AG8_0_0_0_0_1_0_0_0_0_1_0_0_0_0_0
04-23 11:24:00.923   533  2081 V Telecom : Logging: END_SUBSESSION (dur: 1 mS): ((SBC.oSC)->CS.crCo->H.CS.crCo->H.CS.crCo.pICR)->CSW.hCCC->ICFG.sF->ICFG.sF->ICFG.sF->CILH.sL->CILH.oQC->BCF.gBS->BCF.gBS->ICFG.sF->ICFG.sF->ICFG.sF->ICFG.sF(cap/cast)@E-E-AG8_0_0_0_0_1_0_0_0_0_1_0_0_0_0_0
04-23 11:24:00.923   533  2081 V Telecom : Logging: CONTINUE_SUBSESSION: ((SBC.oSC)->CS.crCo->H.CS.crCo->H.CS.crCo.pICR)->CSW.hCCC->ICFG.sF->ICFG.sF->ICFG.sF->CILH.sL->CILH.oQC->BCF.gBS->BCF.gBS->ICFG.sF->ICFG.sF->ICFG.sF->ICFG.sF->ICFG.sF(cap/cast)@E-E-AG8_0_0_0_0_1_0_0_0_0_1_0_0_0_0_0_0
04-23 11:24:00.923   533  2081 I Telecom : IncomingCallFilterGraph: Filter com.android.server.telecom.callfiltering.CallScreeningServiceFilter@8ba4456: com.android.dialer done, result: [Allow, logged, notified].: ((SBC.oSC)->CS.crCo->H.CS.crCo->H.CS.crCo.pICR)->CSW.hCCC->ICFG.sF->ICFG.sF->ICFG.sF->CILH.sL->CILH.oQC->BCF.gBS->BCF.gBS->ICFG.sF->ICFG.sF->ICFG.sF->ICFG.sF->ICFG.sF(cap/cast)@E-E-AG8_0_0_0_0_1_0_0_0_0_1_0_0_0_0_0_0
04-23 11:24:00.924   533  2081 V Telecom : Logging: CREATE_SUBSESSION ((SBC.oSC)->CS.crCo->H.CS.crCo->H.CS.crCo.pICR)->CSW.hCCC->ICFG.sF->ICFG.sF->ICFG.sF->CILH.sL->CILH.oQC->BCF.gBS->BCF.gBS->ICFG.sF->ICFG.sF->ICFG.sF->ICFG.sF->ICFG.sF->ICFG.sF(cap/cast)@E-E-AG8_0_0_0_0_1_0_0_0_0_1_0_0_0_0_0_0_0: ((SBC.oSC)->CS.crCo->H.CS.crCo->H.CS.crCo.pICR)->CSW.hCCC->ICFG.sF->ICFG.sF->ICFG.sF->CILH.sL->CILH.oQC->BCF.gBS->BCF.gBS->ICFG.sF->ICFG.sF->ICFG.sF->ICFG.sF->ICFG.sF(cap/cast)@E-E-AG8_0_0_0_0_1_0_0_0_0_1_0_0_0_0_0_0
04-23 11:24:00.924   533  2081 I Telecom : IncomingCallFilterGraph: Filter com.android.server.telecom.callfiltering.CallFilter@8a57cd7 scheduled.: ((SBC.oSC)->CS.crCo->H.CS.crCo->H.CS.crCo.pICR)->CSW.hCCC->ICFG.sF->ICFG.sF->ICFG.sF->CILH.sL->CILH.oQC->BCF.gBS->BCF.gBS->ICFG.sF->ICFG.sF->ICFG.sF->ICFG.sF->ICFG.sF(cap/cast)@E-E-AG8_0_0_0_0_1_0_0_0_0_1_0_0_0_0_0_0
04-23 11:24:00.924   533  2081 V Telecom : Logging: END_SUBSESSION (dur: 1 mS): ((SBC.oSC)->CS.crCo->H.CS.crCo->H.CS.crCo.pICR)->CSW.hCCC->ICFG.sF->ICFG.sF->ICFG.sF->CILH.sL->CILH.oQC->BCF.gBS->BCF.gBS->ICFG.sF->ICFG.sF->ICFG.sF->ICFG.sF->ICFG.sF(cap/cast)@E-E-AG8_0_0_0_0_1_0_0_0_0_1_0_0_0_0_0_0
04-23 11:24:00.925   533  2081 V Telecom : Logging: CONTINUE_SUBSESSION: ((SBC.oSC)->CS.crCo->H.CS.crCo->H.CS.crCo.pICR)->CSW.hCCC->ICFG.sF->ICFG.sF->ICFG.sF->CILH.sL->CILH.oQC->BCF.gBS->BCF.gBS->ICFG.sF->ICFG.sF->ICFG.sF->ICFG.sF->ICFG.sF->ICFG.sF(cap/cast)@E-E-AG8_0_0_0_0_1_0_0_0_0_1_0_0_0_0_0_0_0
04-23 11:24:00.925   533  2081 V Telecom : Logging: CREATE_SUBSESSION ((SBC.oSC)->CS.crCo->H.CS.crCo->H.CS.crCo.pICR)->CSW.hCCC->ICFG.sF->ICFG.sF->ICFG.sF->CILH.sL->CILH.oQC->BCF.gBS->BCF.gBS->ICFG.sF->ICFG.sF->ICFG.sF->ICFG.sF->ICFG.sF->ICFG.sF->ICFG.sF(cap/cast)@E-E-AG8_0_0_0_0_1_0_0_0_0_1_0_0_0_0_0_0_0_0: ((SBC.oSC)->CS.crCo->H.CS.crCo->H.CS.crCo.pICR)->CSW.hCCC->ICFG.sF->ICFG.sF->ICFG.sF->CILH.sL->CILH.oQC->BCF.gBS->BCF.gBS->ICFG.sF->ICFG.sF->ICFG.sF->ICFG.sF->ICFG.sF->ICFG.sF(cap/cast)@E-E-AG8_0_0_0_0_1_0_0_0_0_1_0_0_0_0_0_0_0
04-23 11:24:00.925   533  2081 V Telecom : Logging: END_SUBSESSION (dur: 0 mS): ((SBC.oSC)->CS.crCo->H.CS.crCo->H.CS.crCo.pICR)->CSW.hCCC->ICFG.sF->ICFG.sF->ICFG.sF->CILH.sL->CILH.oQC->BCF.gBS->BCF.gBS->ICFG.sF->ICFG.sF->ICFG.sF->ICFG.sF->ICFG.sF->ICFG.sF(cap/cast)@E-E-AG8_0_0_0_0_1_0_0_0_0_1_0_0_0_0_0_0_0
04-23 11:24:00.926   533  2081 V Telecom : Logging: CONTINUE_SUBSESSION: ((SBC.oSC)->CS.crCo->H.CS.crCo->H.CS.crCo.pICR)->CSW.hCCC->ICFG.sF->ICFG.sF->ICFG.sF->CILH.sL->CILH.oQC->BCF.gBS->BCF.gBS->ICFG.sF->ICFG.sF->ICFG.sF->ICFG.sF->ICFG.sF->ICFG.sF->ICFG.sF(cap/cast)@E-E-AG8_0_0_0_0_1_0_0_0_0_1_0_0_0_0_0_0_0_0
04-23 11:24:00.926   533  2081 I Telecom : IncomingCallFilterGraph: Filter com.android.server.telecom.callfiltering.CallFilter@8a57cd7 done, result: [Allow, logged, notified].: ((SBC.oSC)->CS.crCo->H.CS.crCo->H.CS.crCo.pICR)->CSW.hCCC->ICFG.sF->ICFG.sF->ICFG.sF->CILH.sL->CILH.oQC->BCF.gBS->BCF.gBS->ICFG.sF->ICFG.sF->ICFG.sF->ICFG.sF->ICFG.sF->ICFG.sF->ICFG.sF(cap/cast)@E-E-AG8_0_0_0_0_1_0_0_0_0_1_0_0_0_0_0_0_0_0
04-23 11:24:00.926   533  2081 I Telecom : CallsManager: setCallState NEW -> RINGING, call: [Call id=TC@1, state=NEW, tpac=ComponentInfo{com.android.phone/com.android.services.telephony.TelephonyConnectionService}, 89014103211118510720, UserHandle{0}, cmgr=ComponentInfo{com.android.phone/com.android.services.telephony.TelephonyConnectionService}, 89014103211118510720, UserHandle{0}, handle=tel:6505551212, vidst=A, childs(0), has_parent(false), cap=[ sup_hld mut !v2a spd_aud], prop=[]]: ((SBC.oSC)->CS.crCo->H.CS.crCo->H.CS.crCo.pICR)->CSW.hCCC->ICFG.sF->ICFG.sF->ICFG.sF->CILH.sL->CILH.oQC->BCF.gBS->BCF.gBS->ICFG.sF->ICFG.sF->ICFG.sF->ICFG.sF->ICFG.sF->ICFG.sF->ICFG.sF(cap/cast)@E-E-AG8_0_0_0_0_1_0_0_0_0_1_0_0_0_0_0_0_0_0
04-23 11:24:00.926   533  2081 V Telecom : Call: setState NEW -> RINGING: ((SBC.oSC)->CS.crCo->H.CS.crCo->H.CS.crCo.pICR)->CSW.hCCC->ICFG.sF->ICFG.sF->ICFG.sF->CILH.sL->CILH.oQC->BCF.gBS->BCF.gBS->ICFG.sF->ICFG.sF->ICFG.sF->ICFG.sF->ICFG.sF->ICFG.sF->ICFG.sF(cap/cast)@E-E-AG8_0_0_0_0_1_0_0_0_0_1_0_0_0_0_0_0_0_0
04-23 11:24:00.937   533  2081 D Telecom : Call: maybeLoadCannedSmsResponses: starting task to load messages: ((SBC.oSC)->CS.crCo->H.CS.crCo->H.CS.crCo.pICR)->CSW.hCCC->ICFG.sF->ICFG.sF->ICFG.sF->CILH.sL->CILH.oQC->BCF.gBS->BCF.gBS->ICFG.sF->ICFG.sF->ICFG.sF->ICFG.sF->ICFG.sF->ICFG.sF->ICFG.sF(cap/cast)@E-E-AG8_0_0_0_0_1_0_0_0_0_1_0_0_0_0_0_0_0_0
04-23 11:24:00.938   533  2081 I Telecom : Event: RecordEntry TC@1: SET_RINGING, successful incoming call: ((SBC.oSC)->CS.crCo->H.CS.crCo->H.CS.crCo.pICR)->CSW.hCCC->ICFG.sF->ICFG.sF->ICFG.sF->CILH.sL->CILH.oQC->BCF.gBS->BCF.gBS->ICFG.sF->ICFG.sF->ICFG.sF->ICFG.sF->ICFG.sF->ICFG.sF->ICFG.sF(cap/cast)@E-E-AG8_0_0_0_0_1_0_0_0_0_1_0_0_0_0_0_0_0_0
04-23 11:24:00.939   533  2081 V Telecom : CallsManager: addCall([Call id=TC@1, state=RINGING, tpac=ComponentInfo{com.android.phone/com.android.services.telephony.TelephonyConnectionService}, 89014103211118510720, UserHandle{0}, cmgr=ComponentInfo{com.android.phone/com.android.services.telephony.TelephonyConnectionService}, 89014103211118510720, UserHandle{0}, handle=tel:6505551212, vidst=A, childs(0), has_parent(false), cap=[ sup_hld mut !v2a spd_aud], prop=[]]): ((SBC.oSC)->CS.crCo->H.CS.crCo->H.CS.crCo.pICR)->CSW.hCCC->ICFG.sF->ICFG.sF->ICFG.sF->CILH.sL->CILH.oQC->BCF.gBS->BCF.gBS->ICFG.sF->ICFG.sF->ICFG.sF->ICFG.sF->ICFG.sF->ICFG.sF->ICFG.sF(cap/cast)@E-E-AG8_0_0_0_0_1_0_0_0_0_1_0_0_0_0_0_0_0_0
04-23 11:24:00.940   533  2086 D Telecom : RespondViaSmsManager: loadCannedResponses() starting
04-23 11:24:00.940   533  2086 D Telecom : QuickResponseUtils: maybeMigrateLegacyQuickResponses() - Starting
04-23 11:24:00.943   533  2086 D Telecom : QuickResponseUtils: maybeMigrateLegacyQuickResponses() - No local QuickResponses
04-23 11:24:00.945   533  2086 D Telecom : QuickResponseUtils: maybeMigrateLegacyQuickResponses() - Using Telephony QuickResponses.
04-23 11:24:00.945   533  2086 W ContextImpl: Failed to ensure /data/user_de/0/com.android.phone/shared_prefs: mkdir failed: EACCES (Permission denied)
04-23 11:24:00.948   533  2081 I Telecom : PhoneStateBroadcaster: Broadcasted state change: 1: ((SBC.oSC)->CS.crCo->H.CS.crCo->H.CS.crCo.pICR)->CSW.hCCC->ICFG.sF->ICFG.sF->ICFG.sF->CILH.sL->CILH.oQC->BCF.gBS->BCF.gBS->ICFG.sF->ICFG.sF->ICFG.sF->ICFG.sF->ICFG.sF->ICFG.sF->ICFG.sF(cap/cast)@E-E-AG8_0_0_0_0_1_0_0_0_0_1_0_0_0_0_0_0_0_0
04-23 11:24:00.948   533  2081 V Telecom : Logging: CREATE_SUBSESSION ((SBC.oSC)->CS.crCo->H.CS.crCo->H.CS.crCo.pICR)->CSW.hCCC->ICFG.sF->ICFG.sF->ICFG.sF->CILH.sL->CILH.oQC->BCF.gBS->BCF.gBS->ICFG.sF->ICFG.sF->ICFG.sF->ICFG.sF->ICFG.sF->ICFG.sF->ICFG.sF->ICFG.sF(cap/cast)@E-E-AG8_0_0_0_0_1_0_0_0_0_1_0_0_0_0_0_0_0_0_0: ((SBC.oSC)->CS.crCo->H.CS.crCo->H.CS.crCo.pICR)->CSW.hCCC->ICFG.sF->ICFG.sF->ICFG.sF->CILH.sL->CILH.oQC->BCF.gBS->BCF.gBS->ICFG.sF->ICFG.sF->ICFG.sF->ICFG.sF->ICFG.sF->ICFG.sF->ICFG.sF(cap/cast)@E-E-AG8_0_0_0_0_1_0_0_0_0_1_0_0_0_0_0_0_0_0
04-23 11:24:00.949   533  1093 V Telecom : Logging: CONTINUE_SUBSESSION: ((SBC.oSC)->CS.crCo->H.CS.crCo->H.CS.crCo.pICR)->CSW.hCCC->ICFG.sF->ICFG.sF->ICFG.sF->CILH.sL->CILH.oQC->BCF.gBS->BCF.gBS->ICFG.sF->ICFG.sF->ICFG.sF->ICFG.sF->ICFG.sF->ICFG.sF->ICFG.sF->CSFM.oCA(cap/cast)@E-E-AG8_0_0_0_0_1_0_0_0_0_1_0_0_0_0_0_0_0_0_0
04-23 11:24:00.949   533  1093 D Telecom : ConnectionServiceFocusManager: handleAddedCall [Call id=TC@1, state=RINGING, tpac=ComponentInfo{com.android.phone/com.android.services.telephony.TelephonyConnectionService}, 89014103211118510720, UserHandle{0}, cmgr=ComponentInfo{com.android.phone/com.android.services.telephony.TelephonyConnectionService}, 89014103211118510720, UserHandle{0}, handle=tel:6505551212, vidst=A, childs(0), has_parent(false), cap=[ sup_hld mut !v2a spd_aud], prop=[]]: ((SBC.oSC)->CS.crCo->H.CS.crCo->H.CS.crCo.pICR)->CSW.hCCC->ICFG.sF->ICFG.sF->ICFG.sF->CILH.sL->CILH.oQC->BCF.gBS->BCF.gBS->ICFG.sF->ICFG.sF->ICFG.sF->ICFG.sF->ICFG.sF->ICFG.sF->ICFG.sF->CSFM.oCA(cap/cast)@E-E-AG8_0_0_0_0_1_0_0_0_0_1_0_0_0_0_0_0_0_0_0
04-23 11:24:00.949   533  1093 V Telecom : Logging: END_SUBSESSION (dur: 0 mS): ((SBC.oSC)->CS.crCo->H.CS.crCo->H.CS.crCo.pICR)->CSW.hCCC->ICFG.sF->ICFG.sF->ICFG.sF->CILH.sL->CILH.oQC->BCF.gBS->BCF.gBS->ICFG.sF->ICFG.sF->ICFG.sF->ICFG.sF->ICFG.sF->ICFG.sF->ICFG.sF->CSFM.oCA(cap/cast)@E-E-AG8_0_0_0_0_1_0_0_0_0_1_0_0_0_0_0_0_0_0_0
04-23 11:24:00.949   533  2081 D Telecom : CallAudioManager: Call added with id TC@TC@1 in state RINGING: ((SBC.oSC)->CS.crCo->H.CS.crCo->H.CS.crCo.pICR)->CSW.hCCC->ICFG.sF->ICFG.sF->ICFG.sF->CILH.sL->CILH.oQC->BCF.gBS->BCF.gBS->ICFG.sF->ICFG.sF->ICFG.sF->ICFG.sF->ICFG.sF->ICFG.sF->ICFG.sF(cap/cast)@E-E-AG8_0_0_0_0_1_0_0_0_0_1_0_0_0_0_0_0_0_0
04-23 11:24:00.949   533  2081 V Telecom : Logging: CREATE_SUBSESSION ((SBC.oSC)->CS.crCo->H.CS.crCo->H.CS.crCo.pICR)->CSW.hCCC->ICFG.sF->ICFG.sF->ICFG.sF->CILH.sL->CILH.oQC->BCF.gBS->BCF.gBS->ICFG.sF->ICFG.sF->ICFG.sF->ICFG.sF->ICFG.sF->ICFG.sF->ICFG.sF->ICFG.sF(cap/cast)@E-E-AG8_0_0_0_0_1_0_0_0_0_1_0_0_0_0_0_0_0_0_1: ((SBC.oSC)->CS.crCo->H.CS.crCo->H.CS.crCo.pICR)->CSW.hCCC->ICFG.sF->ICFG.sF->ICFG.sF->CILH.sL->CILH.oQC->BCF.gBS->BCF.gBS->ICFG.sF->ICFG.sF->ICFG.sF->ICFG.sF->ICFG.sF->ICFG.sF->ICFG.sF(cap/cast)@E-E-AG8_0_0_0_0_1_0_0_0_0_1_0_0_0_0_0_0_0_0
04-23 11:24:00.953   533  2081 D Telecom : DtmfLocalTonePlayer: Posting create.: ((SBC.oSC)->CS.crCo->H.CS.crCo->H.CS.crCo.pICR)->CSW.hCCC->ICFG.sF->ICFG.sF->ICFG.sF->CILH.sL->CILH.oQC->BCF.gBS->BCF.gBS->ICFG.sF->ICFG.sF->ICFG.sF->ICFG.sF->ICFG.sF->ICFG.sF->ICFG.sF(cap/cast)@E-E-AG8_0_0_0_0_1_0_0_0_0_1_0_0_0_0_0_0_0_0
04-23 11:24:00.953   533  1090 V Telecom : Logging: CONTINUE_SUBSESSION: ((SBC.oSC)->CS.crCo->H.CS.crCo->H.CS.crCo.pICR)->CSW.hCCC->ICFG.sF->ICFG.sF->ICFG.sF->CILH.sL->CILH.oQC->BCF.gBS->BCF.gBS->ICFG.sF->ICFG.sF->ICFG.sF->ICFG.sF->ICFG.sF->ICFG.sF->ICFG.sF->CARSM.pM_UPDATE_SYSTEM_AUDIO_ROUTE(cap/cast)@E-E-AG8_0_0_0_0_1_0_0_0_0_1_0_0_0_0_0_0_0_0_1
04-23 11:24:00.953   533  1090 I Telecom : CallAudioRouteStateMachine: Message received: UPDATE_SYSTEM_AUDIO_ROUTE=1201, arg1=0: ((SBC.oSC)->CS.crCo->H.CS.crCo->H.CS.crCo.pICR)->CSW.hCCC->ICFG.sF->ICFG.sF->ICFG.sF->CILH.sL->CILH.oQC->BCF.gBS->BCF.gBS->ICFG.sF->ICFG.sF->ICFG.sF->ICFG.sF->ICFG.sF->ICFG.sF->ICFG.sF->CARSM.pM_UPDATE_SYSTEM_AUDIO_ROUTE(cap/cast)@E-E-AG8_0_0_0_0_1_0_0_0_0_1_0_0_0_0_0_0_0_0_1
04-23 11:24:00.953   533  1090 I Telecom : QuiescentSpeakerRoute: Processing message UPDATE_SYSTEM_AUDIO_ROUTE: ((SBC.oSC)->CS.crCo->H.CS.crCo->H.CS.crCo.pICR)->CSW.hCCC->ICFG.sF->ICFG.sF->ICFG.sF->CILH.sL->CILH.oQC->BCF.gBS->BCF.gBS->ICFG.sF->ICFG.sF->ICFG.sF->ICFG.sF->ICFG.sF->ICFG.sF->ICFG.sF->CARSM.pM_UPDATE_SYSTEM_AUDIO_ROUTE(cap/cast)@E-E-AG8_0_0_0_0_1_0_0_0_0_1_0_0_0_0_0_0_0_0_1
04-23 11:24:00.954   533  2086 D Telecom : RespondViaSmsManager: loadCannedResponses() completed, found responses: [Can't talk now. What's up?, I'll call you right back., I'll call you later., Can't talk now. Call me later?]
04-23 11:24:00.955   533  1015 D Telecom : Logging: START_SESSION
04-23 11:24:00.962   533  2081 V Telecom : Logging: CREATE_SUBSESSION ((SBC.oSC)->CS.crCo->H.CS.crCo->H.CS.crCo.pICR)->CSW.hCCC->ICFG.sF->ICFG.sF->ICFG.sF->CILH.sL->CILH.oQC->BCF.gBS->BCF.gBS->ICFG.sF->ICFG.sF->ICFG.sF->ICFG.sF->ICFG.sF->ICFG.sF->ICFG.sF->ICFG.sF(cap/cast)@E-E-AG8_0_0_0_0_1_0_0_0_0_1_0_0_0_0_0_0_0_0_2: ((SBC.oSC)->CS.crCo->H.CS.crCo->H.CS.crCo.pICR)->CSW.hCCC->ICFG.sF->ICFG.sF->ICFG.sF->CILH.sL->CILH.oQC->BCF.gBS->BCF.gBS->ICFG.sF->ICFG.sF->ICFG.sF->ICFG.sF->ICFG.sF->ICFG.sF->ICFG.sF(cap/cast)@E-E-AG8_0_0_0_0_1_0_0_0_0_1_0_0_0_0_0_0_0_0
04-23 11:24:00.962   533  2081 V Telecom : Logging: CREATE_SUBSESSION ((SBC.oSC)->CS.crCo->H.CS.crCo->H.CS.crCo.pICR)->CSW.hCCC->ICFG.sF->ICFG.sF->ICFG.sF->CILH.sL->CILH.oQC->BCF.gBS->BCF.gBS->ICFG.sF->ICFG.sF->ICFG.sF->ICFG.sF->ICFG.sF->ICFG.sF->ICFG.sF->ICFG.sF(cap/cast)@E-E-AG8_0_0_0_0_1_0_0_0_0_1_0_0_0_0_0_0_0_0_3: ((SBC.oSC)->CS.crCo->H.CS.crCo->H.CS.crCo.pICR)->CSW.hCCC->ICFG.sF->ICFG.sF->ICFG.sF->CILH.sL->CILH.oQC->BCF.gBS->BCF.gBS->ICFG.sF->ICFG.sF->ICFG.sF->ICFG.sF->ICFG.sF->ICFG.sF->ICFG.sF(cap/cast)@E-E-AG8_0_0_0_0_1_0_0_0_0_1_0_0_0_0_0_0_0_0
04-23 11:24:00.962   533  2081 I Telecom : BluetoothPhoneService: updateHeadsetWithCallState numActive 0, numHeld 0, callState 4, ringing number 6505551212, ringing type 129, ringing name null: ((SBC.oSC)->CS.crCo->H.CS.crCo->H.CS.crCo.pICR)->CSW.hCCC->ICFG.sF->ICFG.sF->ICFG.sF->CILH.sL->CILH.oQC->BCF.gBS->BCF.gBS->ICFG.sF->ICFG.sF->ICFG.sF->ICFG.sF->ICFG.sF->ICFG.sF->ICFG.sF(cap/cast)@E-E-AG8_0_0_0_0_1_0_0_0_0_1_0_0_0_0_0_0_0_0
04-23 11:24:00.963   533  2081 I Telecom : InCallController: onCallAdded: [Call id=TC@1, state=RINGING, tpac=ComponentInfo{com.android.phone/com.android.services.telephony.TelephonyConnectionService}, 89014103211118510720, UserHandle{0}, cmgr=ComponentInfo{com.android.phone/com.android.services.telephony.TelephonyConnectionService}, 89014103211118510720, UserHandle{0}, handle=tel:6505551212, vidst=A, childs(0), has_parent(false), cap=[ sup_hld mut !v2a spd_aud], prop=[]]; not bound or connected.: ((SBC.oSC)->CS.crCo->H.CS.crCo->H.CS.crCo.pICR)->CSW.hCCC->ICFG.sF->ICFG.sF->ICFG.sF->CILH.sL->CILH.oQC->BCF.gBS->BCF.gBS->ICFG.sF->ICFG.sF->ICFG.sF->ICFG.sF->ICFG.sF->ICFG.sF->ICFG.sF(cap/cast)@E-E-AG8_0_0_0_0_1_0_0_0_0_1_0_0_0_0_0_0_0_0
04-23 11:24:00.963   533  2081 D Telecom : InCallController: Default Dialer package: com.android.dialer: ((SBC.oSC)->CS.crCo->H.CS.crCo->H.CS.crCo.pICR)->CSW.hCCC->ICFG.sF->ICFG.sF->ICFG.sF->CILH.sL->CILH.oQC->BCF.gBS->BCF.gBS->ICFG.sF->ICFG.sF->ICFG.sF->ICFG.sF->ICFG.sF->ICFG.sF->ICFG.sF(cap/cast)@E-E-AG8_0_0_0_0_1_0_0_0_0_1_0_0_0_0_0_0_0_0
04-23 11:24:00.963   533  1092 V Telecom : Logging: CONTINUE_SUBSESSION: ((SBC.oSC)->CS.crCo->H.CS.crCo->H.CS.crCo.pICR)->CSW.hCCC->ICFG.sF->ICFG.sF->ICFG.sF->CILH.sL->CILH.oQC->BCF.gBS->BCF.gBS->ICFG.sF->ICFG.sF->ICFG.sF->ICFG.sF->ICFG.sF->ICFG.sF->ICFG.sF->CAMSM.pM_2002(cap/cast)@E-E-AG8_0_0_0_0_1_0_0_0_0_1_0_0_0_0_0_0_0_0_3
04-23 11:24:00.963   533  1092 I Telecom : CallAudioModeStateMachine: Message received: NEW_RINGING_CALL.: ((SBC.oSC)->CS.crCo->H.CS.crCo->H.CS.crCo.pICR)->CSW.hCCC->ICFG.sF->ICFG.sF->ICFG.sF->CILH.sL->CILH.oQC->BCF.gBS->BCF.gBS->ICFG.sF->ICFG.sF->ICFG.sF->ICFG.sF->ICFG.sF->ICFG.sF->ICFG.sF->CAMSM.pM_2002(cap/cast)@E-E-AG8_0_0_0_0_1_0_0_0_0_1_0_0_0_0_0_0_0_0_3
04-23 11:24:00.964   533  1092 I Telecom : CallAudioModeStateMachine: Audio focus entering RINGING state: ((SBC.oSC)->CS.crCo->H.CS.crCo->H.CS.crCo.pICR)->CSW.hCCC->ICFG.sF->ICFG.sF->ICFG.sF->CILH.sL->CILH.oQC->BCF.gBS->BCF.gBS->ICFG.sF->ICFG.sF->ICFG.sF->ICFG.sF->ICFG.sF->ICFG.sF->ICFG.sF->CAMSM.pM_2002(cap/cast)@E-E-AG8_0_0_0_0_1_0_0_0_0_1_0_0_0_0_0_0_0_0_3
04-23 11:24:00.964   533  2090 V Telecom : Logging: CONTINUE_SUBSESSION: ((SBC.oSC)->CS.crCo->H.CS.crCo->H.CS.crCo.pICR)->CSW.hCCC->ICFG.sF->ICFG.sF->ICFG.sF->CILH.sL->CILH.oQC->BCF.gBS->BCF.gBS->ICFG.sF->ICFG.sF->ICFG.sF->ICFG.sF->ICFG.sF->ICFG.sF->ICFG.sF->DLTP.TH(cap/cast)@E-E-AG8_0_0_0_0_1_0_0_0_0_1_0_0_0_0_0_0_0_0_2
04-23 11:24:00.965   533  2081 I Telecom : InCallController: defaultDialer: [ComponentInfo{com.android.dialer/com.android.incallui.InCallServiceImpl} supportsExternal? true supportsSelfMg?false]: ((SBC.oSC)->CS.crCo->H.CS.crCo->H.CS.crCo.pICR)->CSW.hCCC->ICFG.sF->ICFG.sF->ICFG.sF->CILH.sL->CILH.oQC->BCF.gBS->BCF.gBS->ICFG.sF->ICFG.sF->ICFG.sF->ICFG.sF->ICFG.sF->ICFG.sF->ICFG.sF(cap/cast)@E-E-AG8_0_0_0_0_1_0_0_0_0_1_0_0_0_0_0_0_0_0
04-23 11:24:00.965   533  2081 I Telecom : InCallController: defaultDialer: null: ((SBC.oSC)->CS.crCo->H.CS.crCo->H.CS.crCo.pICR)->CSW.hCCC->ICFG.sF->ICFG.sF->ICFG.sF->CILH.sL->CILH.oQC->BCF.gBS->BCF.gBS->ICFG.sF->ICFG.sF->ICFG.sF->ICFG.sF->ICFG.sF->ICFG.sF->ICFG.sF(cap/cast)@E-E-AG8_0_0_0_0_1_0_0_0_0_1_0_0_0_0_0_0_0_0
04-23 11:24:00.970   533  2081 I Telecom : CarSwappingInCallServiceConnection: chooseInitialInCallService: false => false: ((SBC.oSC)->CS.crCo->H.CS.crCo->H.CS.crCo.pICR)->CSW.hCCC->ICFG.sF->ICFG.sF->ICFG.sF->CILH.sL->CILH.oQC->BCF.gBS->BCF.gBS->ICFG.sF->ICFG.sF->ICFG.sF->ICFG.sF->ICFG.sF->ICFG.sF->ICFG.sF(cap/cast)@E-E-AG8_0_0_0_0_1_0_0_0_0_1_0_0_0_0_0_0_0_0
04-23 11:24:00.970   533  2081 I Telecom : EmergencyCallHelper: ShouldGrantTemporaryLocationPermission, disabled by config: ((SBC.oSC)->CS.crCo->H.CS.crCo->H.CS.crCo.pICR)->CSW.hCCC->ICFG.sF->ICFG.sF->ICFG.sF->CILH.sL->CILH.oQC->BCF.gBS->BCF.gBS->ICFG.sF->ICFG.sF->ICFG.sF->ICFG.sF->ICFG.sF->ICFG.sF->ICFG.sF(cap/cast)@E-E-AG8_0_0_0_0_1_0_0_0_0_1_0_0_0_0_0_0_0_0
04-23 11:24:00.970   533  2081 I Telecom : EmergencyInCallServiceConnection: Attempting to bind to InCall [ComponentInfo{com.android.dialer/com.android.incallui.InCallServiceImpl} supportsExternal? true supportsSelfMg?false], with Intent { act=android.telecom.InCallService cmp=com.android.dialer/com.android.incallui.InCallServiceImpl }: ((SBC.oSC)->CS.crCo->H.CS.crCo->H.CS.crCo.pICR)->CSW.hCCC->ICFG.sF->ICFG.sF->ICFG.sF->CILH.sL->CILH.oQC->BCF.gBS->BCF.gBS->ICFG.sF->ICFG.sF->ICFG.sF->ICFG.sF->ICFG.sF->ICFG.sF->ICFG.sF(cap/cast)@E-E-AG8_0_0_0_0_1_0_0_0_0_1_0_0_0_0_0_0_0_0
04-23 11:24:00.972   533  2081 I am_uid_active: 10099
04-23 11:24:00.975   533  2081 I Telecom : EmergencyInCallServiceConnection: mCall: [Call id=TC@1, state=RINGING, tpac=ComponentInfo{com.android.phone/com.android.services.telephony.TelephonyConnectionService}, 89014103211118510720, UserHandle{0}, cmgr=ComponentInfo{com.android.phone/com.android.services.telephony.TelephonyConnectionService}, 89014103211118510720, UserHandle{0}, handle=tel:6505551212, vidst=A, childs(0), has_parent(false), cap=[ sup_hld mut !v2a spd_aud], prop=[]], mIsConnected: true: ((SBC.oSC)->CS.crCo->H.CS.crCo->H.CS.crCo.pICR)->CSW.hCCC->ICFG.sF->ICFG.sF->ICFG.sF->CILH.sL->CILH.oQC->BCF.gBS->BCF.gBS->ICFG.sF->ICFG.sF->ICFG.sF->ICFG.sF->ICFG.sF->ICFG.sF->ICFG.sF(cap/cast)@E-E-AG8_0_0_0_0_1_0_0_0_0_1_0_0_0_0_0_0_0_0
04-23 11:24:00.976   367   486 W AudioFlinger: createTrack_l(): mismatch between requested flags (00000004) and output flags (00000002)
04-23 11:24:00.976   367   486 D AudioFlinger: Client defaulted notificationFrames to 882 for frameCount 1956
04-23 11:24:00.980   533  2081 I Telecom : TelecomWakeLock: Acquiring WakeLock with id: 26: ((SBC.oSC)->CS.crCo->H.CS.crCo->H.CS.crCo.pICR)->CSW.hCCC->ICFG.sF->ICFG.sF->ICFG.sF->CILH.sL->CILH.oQC->BCF.gBS->BCF.gBS->ICFG.sF->ICFG.sF->ICFG.sF->ICFG.sF->ICFG.sF->ICFG.sF->ICFG.sF(cap/cast)@E-E-AG8_0_0_0_0_1_0_0_0_0_1_0_0_0_0_0_0_0_0
04-23 11:24:00.980   533  2081 I Telecom : InCallWakeLockController: Acquiring full wake lock: ((SBC.oSC)->CS.crCo->H.CS.crCo->H.CS.crCo.pICR)->CSW.hCCC->ICFG.sF->ICFG.sF->ICFG.sF->CILH.sL->CILH.oQC->BCF.gBS->BCF.gBS->ICFG.sF->ICFG.sF->ICFG.sF->ICFG.sF->ICFG.sF->ICFG.sF->ICFG.sF(cap/cast)@E-E-AG8_0_0_0_0_1_0_0_0_0_1_0_0_0_0_0_0_0_0
04-23 11:24:00.980   533   533 D MediaSessionService: Global priority session is updated, active=true
04-23 11:24:00.980   533  2081 I Telecom : IncomingCallNotifier: updateIncomingCall: foundIncomingcall = null: ((SBC.oSC)->CS.crCo->H.CS.crCo->H.CS.crCo.pICR)->CSW.hCCC->ICFG.sF->ICFG.sF->ICFG.sF->CILH.sL->CILH.oQC->BCF.gBS->BCF.gBS->ICFG.sF->ICFG.sF->ICFG.sF->ICFG.sF->ICFG.sF->ICFG.sF->ICFG.sF(cap/cast)@E-E-AG8_0_0_0_0_1_0_0_0_0_1_0_0_0_0_0_0_0_0
04-23 11:24:00.981   533  2081 I Telecom : Event: RecordEntry TC@1: FILTERING_COMPLETED, [Allow, logged, notified]: ((SBC.oSC)->CS.crCo->H.CS.crCo->H.CS.crCo.pICR)->CSW.hCCC->ICFG.sF->ICFG.sF->ICFG.sF->CILH.sL->CILH.oQC->BCF.gBS->BCF.gBS->ICFG.sF->ICFG.sF->ICFG.sF->ICFG.sF->ICFG.sF->ICFG.sF->ICFG.sF(cap/cast)@E-E-AG8_0_0_0_0_1_0_0_0_0_1_0_0_0_0_0_0_0_0
04-23 11:24:00.981   676   676 V AvrcpMediaPlayerList: onActiveSessionsChanged: number of controllers: 1
04-23 11:24:00.981   533  2086 D Telecom : : maybeLoadCannedSmsResponses: got [Can't talk now. What's up?, I'll call you right back., I'll call you later., Can't talk now. Call me later?]
04-23 11:24:00.984   676   676 D AvrcpMediaPlayerList: onActiveSessionsChanged: controller: com.android.server.telecom
04-23 11:24:00.986   533  1015 V Telecom : Logging: END_SUBSESSION (dur: 26 mS): TSI.getCallState@AHA
04-23 11:24:00.985   676   676 I AvrcpMediaPlayerList: Adding wrapped media player: com.android.server.telecom at key: 1
04-23 11:24:00.986   533  1015 D Telecom : Logging: END_SESSION (dur: 30 ms): TSI.getCallState@AHA
04-23 11:24:00.986   676   676 I AvrcpMediaPlayerList: onMediaKeyEventSessionChanged: token=com.android.server.telecom
04-23 11:24:00.990   533  2081 V Telecom : Logging: END_SUBSESSION (dur: 61 mS): ((SBC.oSC)->CS.crCo->H.CS.crCo->H.CS.crCo.pICR)->CSW.hCCC->ICFG.sF->ICFG.sF->ICFG.sF->CILH.sL->CILH.oQC->BCF.gBS->BCF.gBS->ICFG.sF->ICFG.sF->ICFG.sF->ICFG.sF->ICFG.sF->ICFG.sF->ICFG.sF(cap/cast)@E-E-AG8_0_0_0_0_1_0_0_0_0_1_0_0_0_0_0_0_0_0
04-23 11:24:00.991   676   676 D AvrcpMediaPlayerList: setActivePlayer(): setting player to com.android.server.telecom
04-23 11:24:00.993   676   676 D AvrcpMediaPlayerList: sendMediaUpdate
04-23 11:24:00.993   676   676 I AvrcpMediaPlayerList: sendMediaUpdate: Creating a one item queue for a player with no queue
04-23 11:24:00.993   676   676 D AvrcpMediaPlayerList: sendMediaUpdate state=null
04-23 11:24:00.993   676   676 D AvrcpTargetService: onMediaUpdated: track_changed=true state=false queue=true
04-23 11:24:00.993   676   676 D AvrcpNativeInterface: sendMediaUpdate: metadata=true playStatus=false queue=true
04-23 11:24:00.993   676   676 D AvrcpTargetJni: sendMediaUpdateNative
04-23 11:24:00.993   676   676 I bt_stack: [INFO:avrcp_service.cc(346)] virtual void bluetooth::avrcp::AvrcpService::SendMediaUpdate(bool, bool, bool) track_changed=1 :  play_state=0 :  queue=1
04-23 11:24:00.999  1461  1461 I Dialer  : AudioModeProvider.getApproximatedAudioRoute - Routing to earpiece
04-23 11:24:01.000   367   486 D AF::TrackHandle: OpPlayAudio: track:55 usage:3 not muted
04-23 11:24:01.001   533  2090 D AudioTrack: createTrack_l(-1): AUDIO_OUTPUT_FLAG_FAST denied by server; frameCount 882 -> 1956
04-23 11:24:01.005   533  2090 V Telecom : Logging: END_SUBSESSION (dur: 41 mS): ((SBC.oSC)->CS.crCo->H.CS.crCo->H.CS.crCo.pICR)->CSW.hCCC->ICFG.sF->ICFG.sF->ICFG.sF->CILH.sL->CILH.oQC->BCF.gBS->BCF.gBS->ICFG.sF->ICFG.sF->ICFG.sF->ICFG.sF->ICFG.sF->ICFG.sF->ICFG.sF->DLTP.TH(cap/cast)@E-E-AG8_0_0_0_0_1_0_0_0_0_1_0_0_0_0_0_0_0_0_2
04-23 11:24:01.006   533  1092 E Binder  : Outgoing transactions from this process must be FLAG_ONEWAY
04-23 11:24:01.006   533  1092 E Binder  : java.lang.Throwable
04-23 11:24:01.006   533  1092 E Binder  : 	at android.os.BinderProxy.transact(BinderProxy.java:497)
04-23 11:24:01.006   533  1092 E Binder  : 	at android.content.ContentProviderProxy.openTypedAssetFile(ContentProviderNative.java:779)
04-23 11:24:01.006   533  1092 E Binder  : 	at android.content.ContentResolver.openTypedAssetFileDescriptor(ContentResolver.java:1983)
04-23 11:24:01.006   533  1092 E Binder  : 	at android.content.ContentResolver.openAssetFileDescriptor(ContentResolver.java:1798)
04-23 11:24:01.006   533  1092 E Binder  : 	at android.content.ContentResolver.openAssetFileDescriptor(ContentResolver.java:1714)
04-23 11:24:01.006   533  1092 E Binder  : 	at android.media.MediaPlayer.attemptDataSource(MediaPlayer.java:1104)
04-23 11:24:01.006   533  1092 E Binder  : 	at android.media.MediaPlayer.setDataSource(MediaPlayer.java:1076)
04-23 11:24:01.006   533  1092 E Binder  : 	at android.media.MediaPlayer.setDataSource(MediaPlayer.java:1004)
04-23 11:24:01.006   533  1092 E Binder  : 	at android.media.Ringtone.setUri(Ringtone.java:332)
04-23 11:24:01.006   533  1092 E Binder  : 	at android.media.RingtoneManager.getRingtone(RingtoneManager.java:735)
04-23 11:24:01.006   533  1092 E Binder  : 	at android.media.RingtoneManager.getRingtone(RingtoneManager.java:694)
04-23 11:24:01.006   533  1092 E Binder  : 	at com.android.server.telecom.RingtoneFactory.getRingtone(RingtoneFactory.java:94)
04-23 11:24:01.006   533  1092 E Binder  : 	at com.android.server.telecom.RingtoneFactory.getRingtone(RingtoneFactory.java:107)
04-23 11:24:01.006   533  1092 E Binder  : 	at com.android.server.telecom.Ringer.startRinging(Ringer.java:226)
04-23 11:24:01.006   533  1092 E Binder  : 	at com.android.server.telecom.CallAudioManager.startRinging(CallAudioManager.java:459)
04-23 11:24:01.006   533  1092 E Binder  : 	at com.android.server.telecom.CallAudioModeStateMachine$RingingFocusState.tryStartRinging(CallAudioModeStateMachine.java:367)
04-23 11:24:01.006   533  1092 E Binder  : 	at com.android.server.telecom.CallAudioModeStateMachine$RingingFocusState.enter(CallAudioModeStateMachine.java:386)
04-23 11:24:01.006   533  1092 E Binder  : 	at com.android.internal.util.StateMachine$SmHandler.invokeEnterMethods(StateMachine.java:1037)
04-23 11:24:01.006   533  1092 E Binder  : 	at com.android.internal.util.StateMachine$SmHandler.performTransitions(StateMachine.java:879)
04-23 11:24:01.006   533  1092 E Binder  : 	at com.android.internal.util.StateMachine$SmHandler.handleMessage(StateMachine.java:819)
04-23 11:24:01.006   533  1092 E Binder  : 	at android.os.Handler.dispatchMessage(Handler.java:106)
04-23 11:24:01.006   533  1092 E Binder  : 	at android.os.Looper.loop(Looper.java:223)
04-23 11:24:01.006   533  1092 E Binder  : 	at android.os.HandlerThread.run(HandlerThread.java:67)
04-23 11:24:01.009   533   559 I am_wtf  : [0,533,system_server,-1,Binder,Outgoing transactions from this process must be FLAG_ONEWAY]
04-23 11:24:01.011   533   559 I DropBoxManagerService: add tag=system_server_wtf isTagEnabled=true flags=0x2
04-23 11:24:01.015   533  1092 D CompatibilityChangeReporter: Compat change id reported: 149924527; UID 1000; state: ENABLED
04-23 11:24:01.020   533  1092 D CompatibilityChangeReporter: Compat change id reported: 132649864; UID 1000; state: DISABLED
04-23 11:24:01.022  1461  1461 I Dialer  : ProximitySensor.updateProximitySensorMode - screenOnImmediately: false, dialPadVisible: false, offHook: false, horizontal: false, uiShowing: false, audioRoute: EARPIECE
04-23 11:24:01.022  1461  1461 I Dialer  : ProximitySensor.turnOffProximitySensor - wake lock already released
04-23 11:24:01.022  1461  1461 I Dialer  : InCallPresenter.onCallListChange - Phone switching state: NO_CALLS -> NO_CALLS
04-23 11:24:01.026  1461  1461 I Dialer  : VideoPauseController.setUp - enter
04-23 11:24:01.035  1288  1310 I MediaProvider: Using lower FS for /product/media/audio/ringtones/Ring_Synth_04.ogg
04-23 11:24:01.035  1461  1461 D CompatibilityChangeReporter: Compat change id reported: 147600208; UID 10099; state: ENABLED
04-23 11:24:01.039   455  1985 D NuPlayerDriver: NuPlayerDriver(0xf2881d50) created, clientPid(533)
