02-18 15:50:40.396   672 28365 D NxpNciR : len =   4 > 40000100
02-18 15:50:40.396   672 28365 D NxpTml  : PN54X - Posting read message.....
02-18 15:50:40.396   672 28368 D NxpHal  : read successful status = 0x0
02-18 15:50:40.396   672 28368 D NxpHal  : CORE_RESET_RSP NCI2.0
02-18 15:50:40.396   672   672 D NxpHal  : Response timer stopped
02-18 15:50:40.396   672 28365 D NxpTml  : PN54X - Read requested.....
02-18 15:50:40.396   672   672 D NxpHal  : Response timer started
02-18 15:50:40.396   672 28365 D NxpTml  : PN54X - Invoking I2C Read.....
02-18 15:50:40.397   672 28365 D NxpTml  : PN54X - I2C Read successful.....
02-18 15:50:40.397   672 28365 D NxpNciR : len =  13 > 60000A020020040500A4011061
02-18 15:50:40.397   672 28365 D NxpTml  : PN54X - Posting read message.....
02-18 15:50:40.397   672 28368 D NxpHal  : read successful status = 0x0
02-18 15:50:40.397   672 28368 D NxpHal  : CORE_RESET_NTF NCI2.0 reason CORE_RESET_CMD received !
02-18 15:50:40.397   672 28368 D NxpHal  : NxpNci> FW Version: 1.10.61
02-18 15:50:40.397   672   672 D NxpHal  : Response timer stopped
02-18 15:50:40.397   672 28365 D NxpTml  : PN54X - Read requested.....
02-18 15:50:40.397   672   672 D NxpHal  : Checking response
02-18 15:50:40.397   672 28365 D NxpTml  : PN54X - Invoking I2C Read.....
02-18 15:50:40.397   672 28366 D NxpTml  : PN54X - Write requested.....
02-18 15:50:40.397   672 28366 D NxpTml  : PN54X - Invoking I2C Write.....
02-18 15:50:40.397   672 28366 D NxpNciX : len =   5 > 2001020000
02-18 15:50:40.397   672 28366 D NxpTml  : PN54X - I2C Write successful.....
02-18 15:50:40.397   672 28366 D NxpTml  : PN54X - Posting Fresh Write message.....
02-18 15:50:40.398   672 28366 D NxpTml  : PN54X - Tml Writer Thread Running................
02-18 15:50:40.398   672 28368 D NxpHal  : write successful status = 0x0
02-18 15:50:40.398   672   672 D NxpHal  : Response timer started
02-18 15:50:40.398   672   672 D NxpHal  : Waiting after ext cmd sent
02-18 15:50:40.394     0     0 E ipa3_connect_gsi_wdi_pipe: 1436 evt ring len: 16384
02-18 15:50:40.400     0     0 E ipa3_connect_gsi_wdi_pipe: 1437 element size: 8
02-18 15:50:40.406     0     0 E ipa3_wdi2_gsi_alloc_channel_ring: 1122 Client is PROD
02-18 15:50:40.402   672 28365 D NxpTml  : PN54X - I2C Read successful.....
02-18 15:50:40.403   672 28365 D NxpNciR : len =  33 > 40011E001A3E0600010604FFFF01FF000800000100020003008000820083008400
02-18 15:50:40.403   672 28365 D NxpTml  : PN54X - Posting read message.....
02-18 15:50:40.403   672 28368 D NxpHal  : read successful status = 0x0
02-18 15:50:40.403   672 28368 D NxpHal  : CORE_INIT_RSP NCI2.0 received !
02-18 15:50:40.403   672   672 D NxpHal  : Response timer stopped
02-18 15:50:40.403   672 28365 D NxpTml  : PN54X - Read requested.....
02-18 15:50:40.403   672   672 D NxpHal  : Checking response
02-18 15:50:40.403   672 28365 D NxpTml  : PN54X - Invoking I2C Read.....
02-18 15:50:40.403   672   672 D NxpHal  : request_EEPROM Enter  request_type : 0x01,  request_mode : 0x02,  bufflen : 0x01
02-18 15:50:40.403   672 28366 D NxpTml  : PN54X - Write requested.....
02-18 15:50:40.403   672 28366 D NxpTml  : PN54X - Invoking I2C Write.....
02-18 15:50:40.403   672 28366 D NxpNciX : len =   6 > 20030301A00F
02-18 15:50:40.403   672 28366 D NxpTml  : PN54X - I2C Write successful.....
02-18 15:50:40.404   672 28366 D NxpTml  : PN54X - Posting Fresh Write message.....
02-18 15:50:40.404   672 28366 D NxpTml  : PN54X - Tml Writer Thread Running................
02-18 15:50:40.404   672 28368 D NxpHal  : write successful status = 0x0
02-18 15:50:40.404   672   672 D NxpHal  : Response timer started
02-18 15:50:40.404   672   672 D NxpHal  : Waiting after ext cmd sent
02-18 15:50:40.405   672 28365 D NxpTml  : PN54X - I2C Read successful.....
02-18 15:50:40.405   672 28365 D NxpNciR : len =  40 > 4003250001A00F200100000000000000000000000000000000000000000000000000000000000000
02-18 15:50:40.405   672 28365 D NxpTml  : PN54X - Posting read message.....
02-18 15:50:40.405   672 28368 D NxpHal  : read successful status = 0x0
02-18 15:50:40.405   672 28368 D NxpHal  : phNxpNciHal_print_res_status: response status =STATUS_OK
02-18 15:50:40.405   672   672 D NxpHal  : Response timer stopped
02-18 15:50:40.405   672 28365 D NxpTml  : PN54X - Read requested.....
02-18 15:50:40.405   672   672 D NxpHal  : Checking response
02-18 15:50:40.405   672 28365 D NxpTml  : PN54X - Invoking I2C Read.....
02-18 15:50:40.405   672   672 D android.hardware.nfc@1.2-service: request_EEPROM: values are same no update required
02-18 15:50:40.405   672   672 D NxpHal  : phNxpNciHal_send_get_cfgs Enter
02-18 15:50:40.406   672 28366 D NxpTml  : PN54X - Write requested.....
02-18 15:50:40.406   672 28366 D NxpTml  : PN54X - Invoking I2C Write.....
02-18 15:50:40.406   672 28366 D NxpNciX : len =   5 > 2003020100
02-18 15:50:40.406   672 28366 D NxpTml  : PN54X - I2C Write successful.....
02-18 15:50:40.406   672 28366 D NxpTml  : PN54X - Posting Fresh Write message.....
02-18 15:50:40.406   672 28366 D NxpTml  : PN54X - Tml Writer Thread Running................
02-18 15:50:40.406   672 28368 D NxpHal  : write successful status = 0x0
02-18 15:50:40.406   672   672 D NxpHal  : Response timer started
02-18 15:50:40.406   672   672 D NxpHal  : Waiting after ext cmd sent
02-18 15:50:40.407   672 28365 D NxpTml  : PN54X - I2C Read successful.....
02-18 15:50:40.407   672 28365 D NxpNciR : len =   9 > 400306000100022C01
02-18 15:50:40.407   672 28365 D NxpTml  : PN54X - Posting read message.....
02-18 15:50:40.407   672 28368 D NxpHal  : read successful status = 0x0
02-18 15:50:40.407   672 28368 D NxpHal  : phNxpNciHal_print_res_status: response status =STATUS_OK
02-18 15:50:40.407   672   672 D NxpHal  : Response timer stopped
02-18 15:50:40.407   672   672 D NxpHal  : Checking response
02-18 15:50:40.407   672 28365 D NxpTml  : PN54X - Read requested.....
02-18 15:50:40.407   672 28365 D NxpTml  : PN54X - Invoking I2C Read.....
02-18 15:50:40.407   672 28366 D NxpTml  : PN54X - Write requested.....
02-18 15:50:40.407   672 28366 D NxpTml  : PN54X - Invoking I2C Write.....
02-18 15:50:40.408   672 28366 D NxpNciX : len =   5 > 2003020129
02-18 15:50:40.408   672 28366 D NxpTml  : PN54X - I2C Write successful.....
02-18 15:50:40.408   672 28366 D NxpTml  : PN54X - Posting Fresh Write message.....
02-18 15:50:40.408   672 28366 D NxpTml  : PN54X - Tml Writer Thread Running................
02-18 15:50:40.408   672 28368 D NxpHal  : write successful status = 0x0
02-18 15:50:40.408   672   672 D NxpHal  : Response timer started
02-18 15:50:40.408   672   672 D NxpHal  : Waiting after ext cmd sent
02-18 15:50:40.409   672 28365 D NxpTml  : PN54X - I2C Read successful.....
02-18 15:50:40.409   672 28365 D NxpNciR : len =  27 > 4003180001291446666D010112020207FF03020003040164070103
02-18 15:50:40.409   672 28365 D NxpTml  : PN54X - Posting read message.....
02-18 15:50:40.409   672 28368 D NxpHal  : read successful status = 0x0
02-18 15:50:40.409   672 28368 D NxpHal  : phNxpNciHal_print_res_status: response status =STATUS_OK
02-18 15:50:40.409   672   672 D NxpHal  : Response timer stopped
02-18 15:50:40.409   672   672 D NxpHal  : Checking response
02-18 15:50:40.409   672 28365 D NxpTml  : PN54X - Read requested.....
02-18 15:50:40.409   672 28365 D NxpTml  : PN54X - Invoking I2C Read.....
02-18 15:50:40.409   672 28366 D NxpTml  : PN54X - Write requested.....
02-18 15:50:40.409   672 28366 D NxpTml  : PN54X - Invoking I2C Write.....
02-18 15:50:40.410   672 28366 D NxpNciX : len =   5 > 2003020161
02-18 15:50:40.410   672 28366 D NxpTml  : PN54X - I2C Write successful.....
02-18 15:50:40.410   672 28366 D NxpTml  : PN54X - Posting Fresh Write message.....
02-18 15:50:40.410   672 28366 D NxpTml  : PN54X - Tml Writer Thread Running................
02-18 15:50:40.410   672 28368 D NxpHal  : write successful status = 0x0
02-18 15:50:40.410   672   672 D NxpHal  : Response timer started
02-18 15:50:40.410   672   672 D NxpHal  : Waiting after ext cmd sent
02-18 15:50:40.410   672 28365 D NxpTml  : PN54X - I2C Read successful.....
02-18 15:50:40.410   672 28365 D NxpNciR : len =   7 > 40030400016100
02-18 15:50:40.410   672 28365 D NxpTml  : PN54X - Posting read message.....
02-18 15:50:40.410   672 28368 D NxpHal  : read successful status = 0x0
02-18 15:50:40.411   672 28368 D NxpHal  : phNxpNciHal_print_res_status: response status =STATUS_OK
02-18 15:50:40.411   672   672 D NxpHal  : Response timer stopped
02-18 15:50:40.411   672   672 D NxpHal  : Checking response
02-18 15:50:40.411   672 28365 D NxpTml  : PN54X - Read requested.....
02-18 15:50:40.411   672 28365 D NxpTml  : PN54X - Invoking I2C Read.....
02-18 15:50:40.411   672 28366 D NxpTml  : PN54X - Write requested.....
02-18 15:50:40.411   672 28366 D NxpTml  : PN54X - Invoking I2C Write.....
02-18 15:50:40.411   672 28366 D NxpNciX : len =   5 > 2003020160
02-18 15:50:40.411   672 28366 D NxpTml  : PN54X - I2C Write successful.....
02-18 15:50:40.411   672 28366 D NxpTml  : PN54X - Posting Fresh Write message.....
02-18 15:50:40.411   672 28366 D NxpTml  : PN54X - Tml Writer Thread Running................
02-18 15:50:40.411   672 28368 D NxpHal  : write successful status = 0x0
02-18 15:50:40.411   672   672 D NxpHal  : Response timer started
02-18 15:50:40.411   672   672 D NxpHal  : Waiting after ext cmd sent
02-18 15:50:40.412   672 28365 D NxpTml  : PN54X - I2C Read successful.....
02-18 15:50:40.412   672 28365 D NxpNciR : len =   8 > 400305000160010A
02-18 15:50:40.412   672 28365 D NxpTml  : PN54X - Posting read message.....
02-18 15:50:40.412   672 28368 D NxpHal  : read successful status = 0x0
02-18 15:50:40.412   672 28368 D NxpHal  : phNxpNciHal_print_res_status: response status =STATUS_OK
02-18 15:50:40.406   672   672 I auditd  : type=1400 audit(0.0:2246): avc: denied { write } for comm="nfc@1.2-service" name="nfc" dev="dm-6" ino=414 scontext=u:r:hal_nfc_default:s0 tcontext=u:object_r:vendor_nfc_vendor_data_file:s0 tclass=dir permissive=0
02-18 15:50:40.406   672   672 W nfc@1.2-service: type=1400 audit(0.0:2246): avc: denied { write } for name="nfc" dev="dm-6" ino=414 scontext=u:r:hal_nfc_default:s0 tcontext=u:object_r:vendor_nfc_vendor_data_file:s0 tclass=dir permissive=0
02-18 15:50:40.413     0     0 E ipa3_cfg_ep_ctrl: 5823 pipe setting delay is not supported
02-18 15:50:40.420     0     0 E ipa3_connect_gsi_wdi_pipe: 1457 UPDATE_RI_MODERATION_THRESHOLD: 2048
02-18 15:50:40.412   672   672 D NxpHal  : Response timer stopped
02-18 15:50:40.412   672 28365 D NxpTml  : PN54X - Read requested.....
02-18 15:50:40.412   672 28365 D NxpTml  : PN54X - Invoking I2C Read.....
02-18 15:50:40.412   672   672 D NxpHal  : Checking response
02-18 15:50:40.412   672   672 E NxpHal  : Send get Configs SUCCESS
02-18 15:50:40.412   672   672 D android.hardware.nfc@1.2-service: isModified enter; conf file type 0
02-18 15:50:40.412   672   672 E android.hardware.nfc@1.2-service: isModified Unable to open file assume modified
02-18 15:50:40.412   672   672 D android.hardware.nfc@1.2-service: resetModified enter; conf file type is 0
02-18 15:50:40.413   672   672 E android.hardware.nfc@1.2-service: resetModified Unable to open file for writing
02-18 15:50:40.413   672   672 D android.hardware.nfc@1.2-service: isModified enter; conf file type 1
02-18 15:50:40.413   672   672 E android.hardware.nfc@1.2-service: isModified Unable to open file assume modified
02-18 15:50:40.413   672   672 D android.hardware.nfc@1.2-service: isModified enter; conf file type 2
02-18 15:50:40.413   672   672 E android.hardware.nfc@1.2-service: isModified Unable to open file assume modified
02-18 15:50:40.413   672   672 D android.hardware.nfc@1.2-service: ret RF or Transit value 1
02-18 15:50:40.413   672   672 D android.hardware.nfc@1.2-service: resetModified enter; conf file type is 1
02-18 15:50:40.413  4906  5695 I libnfc_nci: [INFO:nfc_main.cc(704)] nfc_main_hal_cback event: HAL_NFC_POST_INIT_CPLT_EVT(0x2), status=0
02-18 15:50:40.413   672   672 E android.hardware.nfc@1.2-service: resetModified Unable to open file for writing
02-18 15:50:40.413   672   672 D android.hardware.nfc@1.2-service: resetModified enter; conf file type is 2
02-18 15:50:40.413   672   672 E android.hardware.nfc@1.2-service: resetModified Unable to open file for writing
02-18 15:50:40.413  4906  5695 I libnfc_nci: [INFO:gki_buffer.cc(326)] GKI_getbuf 0xb4000072994ebbc0 3:3
02-18 15:50:40.413  4906 28363 I libnfc_nci: [INFO:nfc_main.cc(483)] HAL event=0x2
02-18 15:50:40.413  4906 28363 I libnfc_nci: [INFO:nfc_main.cc(430)] nfc_set_state 3 (W4_POST_INIT_CPLT)->4 (IDLE)
02-18 15:50:40.413  4906 28363 I libnfc_nci: [INFO:nfc_utils.cc(107)] nfc_set_conn_id conn_id:0, handle:1
02-18 15:50:40.413  4906 28363 I libnfc_nci: [INFO:nfc_utils.cc(107)] nfc_set_conn_id conn_id:1, handle:2
02-18 15:50:40.413  4906 28363 I libnfc_nci: [INFO:nfc_main.cc(330)] hci num_buf=1 buf_size=255
02-18 15:50:40.413  4906 28363 I libnfc_nci: [INFO:nfc_main.cc(1049)] nci_interfaces supported by NFCC: 0xf
02-18 15:50:40.413  4906 28363 I libnfc_nci: [INFO:nfc_main.cc(1071)] [0]: intf_type:2 intf_mask: 0x4 is_supported:1
02-18 15:50:40.413  4906 28363 I libnfc_nci: [INFO:nfc_main.cc(1071)] [1]: intf_type:3 intf_mask: 0x8 is_supported:1
02-18 15:50:40.413  4906 28363 I libnfc_nci: [INFO:nfc_main.cc(1071)] [2]: intf_type:1 intf_mask: 0x2 is_supported:1
02-18 15:50:40.413  4906 28363 I libnfc_nci: [INFO:gki_buffer.cc(326)] GKI_getbuf 0xb40000736949e360 4:4
02-18 15:50:40.413  4906 28363 I libnfc_nci: [INFO:nfc_ncif.cc(491)] nfc_ncif_send_cmd()
02-18 15:50:40.414  4906 28363 I libnfc_nci: [INFO:NfcAdaptation.cc(748)] NfcAdaptation::HalWrite
02-18 15:50:40.414   672   672 D NxpExtns: find found MIFARE_READER_ENABLE=(0x1)
02-18 15:50:40.414   672   672 D NxpHal  : Going through extns - Adding Mifare in RF Discovery
02-18 15:50:40.414   672   672 D NxpHal  : Going through extns - Adding Mifare in RF Discovery - END
02-18 15:50:40.414   672 28366 D NxpTml  : PN54X - Write requested.....
02-18 15:50:40.414   672 28366 D NxpTml  : PN54X - Invoking I2C Write.....
02-18 15:50:40.415   672 28366 D NxpNciX : len =  16 > 21000D04040302050303030201800180
02-18 15:50:40.415   672 28366 D NxpTml  : PN54X - I2C Write successful.....
02-18 15:50:40.415   672 28366 D NxpTml  : PN54X - Posting Fresh Write message.....
02-18 15:50:40.415   672 28366 D NxpTml  : PN54X - Tml Writer Thread Running................
02-18 15:50:40.416   672 28365 D NxpTml  : PN54X - I2C Read successful.....
02-18 15:50:40.416   672 28365 D NxpNciR : len =   4 > 41000100
02-18 15:50:40.416   672 28365 D NxpTml  : PN54X - Posting read message.....
02-18 15:50:40.421   672 28368 D NxpHal  : write successful status = 0x0
02-18 15:50:40.421   672 28368 D NxpHal  : read successful status = 0x0
02-18 15:50:40.422  4906  5695 I libnfc_nci: [INFO:gki_buffer.cc(326)] GKI_getbuf 0xb400007369496fc0 5:5
02-18 15:50:40.410   672   672 I auditd  : type=1400 audit(0.0:2247): avc: denied { write } for comm="nfc@1.2-service" name="nfc" dev="dm-6" ino=414 scontext=u:r:hal_nfc_default:s0 tcontext=u:object_r:vendor_nfc_vendor_data_file:s0 tclass=dir permissive=0
02-18 15:50:40.410   672   672 W nfc@1.2-service: type=1400 audit(0.0:2247): avc: denied { write } for name="nfc" dev="dm-6" ino=414 scontext=u:r:hal_nfc_default:s0 tcontext=u:object_r:vendor_nfc_vendor_data_file:s0 tclass=dir permissive=0
02-18 15:50:40.422   672 28365 D NxpTml  : PN54X - Read requested.....
02-18 15:50:40.422   672 28365 D NxpTml  : PN54X - Invoking I2C Read.....
02-18 15:50:40.422  4906 28363 I libnfc_nci: [INFO:nfa_dm_act.cc(295)] NFC_ENABLE_REVT(0x5000)
02-18 15:50:40.422  4906 28363 I libnfc_nci: [INFO:NfcAdaptation.cc(991)] NfcAdaptation::HalGetMaxNfcee
02-18 15:50:40.422  4906 28363 I libnfc_nci: [INFO:nfa_sys_main.cc(261)] nfa_sys: enabling subsystems
02-18 15:50:40.422  4906 28363 I libnfc_nci: [INFO:nfa_ee_main.cc(151)] nfa_ee_sys_enable
02-18 15:50:40.423  4906 28363 I libnfc_nci: [INFO:nfa_ee_main.cc(165)] nfa_ee_cb.route_block_control=0x40
02-18 15:50:40.423  4906 28363 I libnfc_nci: [INFO:gki_buffer.cc(326)] GKI_getbuf 0xb40000736949e360 5:5
02-18 15:50:40.423  4906 28363 I libnfc_nci: [INFO:nfc_ncif.cc(491)] nfc_ncif_send_cmd()
02-18 15:50:40.423  4906 28363 I libnfc_nci: [INFO:nfc_ncif.cc(406)] nfc_ncif_check_cmd_queue : making p_buf NULL.
02-18 15:50:40.423  4906 28363 I libnfc_nci: [INFO:nfa_sys_ptim.cc(128)] nfa_sys_ptim_start_timer 0x7258dabc48
02-18 15:50:40.423  4906 28363 I libnfc_nci: [INFO:nfa_sys_ptim.cc(133)] ptim timer start
02-18 15:50:40.423  4906 28363 I libnfc_nci: [INFO:nfa_sys_cback.cc(80)] enable_cplt_flags=0x8, enable_cplt_mask=0x6ec
02-18 15:50:40.423  4906 28363 I libnfc_nci: [INFO:nfa_sys_cback.cc(80)] enable_cplt_flags=0x28, enable_cplt_mask=0x6ec
02-18 15:50:40.423  4906 28363 I libnfc_nci: [INFO:nfa_sys_cback.cc(80)] enable_cplt_flags=0x68, enable_cplt_mask=0x6ec
02-18 15:50:40.423  4906 28363 I libnfc_nci: [INFO:nfa_hci_main.cc(1070)] nfa_hci_sys_enable
02-18 15:50:40.423  4906 28363 I libnfc_nci: [INFO:libmain.cc(106)] nfa_nv_co_read: buffer len=312; file=/data/nfc/nfaStorage.bin1
02-18 15:50:40.423  4906 28363 I libnfc_nci: [INFO:libmain.cc(119)] nfa_nv_co_read: data size=312
02-18 15:50:40.423  4906 28363 I libnfc_nci: [INFO:gki_buffer.cc(326)] GKI_getbuf 0xb4000073394cf9c0 6:6
02-18 15:50:40.423  4906 28363 I libnfc_nci: [INFO:nfa_sys_ptim.cc(128)] nfa_sys_ptim_start_timer 0x7258dabd68
02-18 15:50:40.424  4906 28363 I libnfc_nci: [INFO:nfa_nfcee_main.cc(236)] nfa_t4tnfcee_sys_enable ()
02-18 15:50:40.424  4906 28363 I libnfc_nci: [INFO:nfa_sys_cback.cc(80)] enable_cplt_flags=0x468, enable_cplt_mask=0x6ec
02-18 15:50:40.424  4906 28363 I libnfc_nci: [INFO:nfc_ncif.cc(577)] NFC received rsp gid:1
02-18 15:50:40.424  4906 28363 I libnfc_nci: [INFO:NfcAdaptation.cc(748)] NfcAdaptation::HalWrite
02-18 15:50:40.424   672 28366 D NxpTml  : PN54X - Write requested.....
02-18 15:50:40.424   672 28366 D NxpTml  : PN54X - Invoking I2C Write.....
02-18 15:50:40.424   672 28366 D NxpNciX : len =   3 > 220000
02-18 15:50:40.424   672 28366 D NxpTml  : PN54X - I2C Write successful.....
02-18 15:50:40.424   672 28366 D NxpTml  : PN54X - Posting Fresh Write message.....
02-18 15:50:40.425   672 28366 D NxpTml  : PN54X - Tml Writer Thread Running................
02-18 15:50:40.429     0     0 E ipa3_connect_gsi_wdi_pipe: 1436 evt ring len: 32768
02-18 15:50:40.435     0     0 E ipa3_connect_gsi_wdi_pipe: 1437 element size: 16
02-18 15:50:40.429   672 28368 D NxpHal  : write successful status = 0x0
02-18 15:50:40.410   672   672 I auditd  : type=1400 audit(0.0:2248): avc: denied { write } for comm="nfc@1.2-service" name="nfc" dev="dm-6" ino=414 scontext=u:r:hal_nfc_default:s0 tcontext=u:object_r:vendor_nfc_vendor_data_file:s0 tclass=dir permissive=0
02-18 15:50:40.410   672   672 W nfc@1.2-service: type=1400 audit(0.0:2248): avc: denied { write } for name="nfc" dev="dm-6" ino=414 scontext=u:r:hal_nfc_default:s0 tcontext=u:object_r:vendor_nfc_vendor_data_file:s0 tclass=dir permissive=0
02-18 15:50:40.429  4906 28363 I libnfc_nci: [INFO:nfa_sys_main.cc(96)] NFA got event 0x0712
02-18 15:50:40.430   672 28365 D NxpTml  : PN54X - I2C Read successful.....
02-18 15:50:40.430   672 28365 D NxpNciR : len =   5 > 4200020003
02-18 15:50:40.430  4906 28363 I libnfc_nci: [INFO:nfa_hci_main.cc(1800)] nfa_hci_evt_hdlr state: STARTUP (1) event: NV_READ_EVT (0x0712)
02-18 15:50:40.430   672 28365 D NxpTml  : PN54X - Posting read message.....
02-18 15:50:40.430  4906 28363 I libnfc_nci: [INFO:nfa_sys_ptim.cc(156)] nfa_sys_ptim_stop_timer 0x7258dabd68
02-18 15:50:40.430   672 28368 D NxpHal  : read successful status = 0x0
02-18 15:50:40.430  4906  5695 I libnfc_nci: [INFO:gki_buffer.cc(326)] GKI_getbuf 0xb4000073694a08e0 2:6
02-18 15:50:40.430  4906 28363 I libnfc_nci: [INFO:nfc_ncif.cc(577)] NFC received rsp gid:2
02-18 15:50:40.430  4906 28363 I libnfc_nci: [INFO:nci_hrcv.cc(383)] nci_proc_ee_management_rsp opcode:0x0
02-18 15:50:40.430  4906 28363 I libnfc_nci: [INFO:nfa_dm_act.cc(295)] NFC_NFCEE_DISCOVER_REVT(0x5004)
02-18 15:50:40.430  4906 28363 I libnfc_nci: [INFO:nfa_ee_main.cc(397)] nfa_ee_proc_evt: event=0x5004 int_event:0x212
02-18 15:50:40.430  4906 28363 I libnfc_nci: [INFO:nfa_ee_main.cc(683)] Event NCI_DISC_RSP(0x212), State: INIT(0)
02-18 15:50:40.430  4906 28363 I libnfc_nci: [INFO:nfa_ee_act.cc(2049)] em_state:0 cur_ee:0, num_nfcee:3
02-18 15:50:40.430  4906 28363 I libnfc_nci: [INFO:nfa_ee_act.cc(1913)] em_state:0 num_ee_expecting:3 notify_enable_done:0
02-18 15:50:40.430  4906 28363 I libnfc_nci: [INFO:nfa_ee_act.cc(2104)] em_state:0 cur_ee:0 num_ee_expecting:3
02-18 15:50:40.431   672 28365 D NxpTml  : PN54X - Read requested.....
02-18 15:50:40.432   672 28365 D NxpTml  : PN54X - Invoking I2C Read.....
02-18 15:50:40.432   672 28365 D NxpTml  : PN54X - I2C Read successful.....
02-18 15:50:40.432   672 28365 D NxpNciR : len =  11 > 6200088101000103018100
02-18 15:50:40.432   672 28365 D NxpTml  : PN54X - Posting read message.....
02-18 15:50:40.433   672 28368 D NxpHal  : read successful status = 0x0
02-18 15:50:40.433  4906  5695 I libnfc_nci: [INFO:gki_buffer.cc(326)] GKI_getbuf 0xb4000073694a4120 2:6
02-18 15:50:40.433   672 28365 D NxpTml  : PN54X - Read requested.....
02-18 15:50:40.433   672 28365 D NxpTml  : PN54X - Invoking I2C Read.....
02-18 15:50:40.434   672 28365 D NxpTml  : PN54X - I2C Read successful.....
02-18 15:50:40.434   672 28365 D NxpNciR : len =  11 > 620008C00100010301C001
02-18 15:50:40.434   672 28365 D NxpTml  : PN54X - Posting read message.....
02-18 15:50:40.434   672 28368 D NxpHal  : read successful status = 0x0
02-18 15:50:40.434  4906  5695 I libnfc_nci: [INFO:gki_buffer.cc(326)] GKI_getbuf 0xb4000073694a5a20 3:6
02-18 15:50:40.434   672 28365 D NxpTml  : PN54X - Read requested.....
02-18 15:50:40.434   672 28365 D NxpTml  : PN54X - Invoking I2C Read.....
02-18 15:50:40.441     0     0 E ipa3_wdi2_gsi_alloc_channel_ring: 1126 Client is CONS
02-18 15:50:40.441     0     0 E ipa3_connect_gsi_wdi_pipe: 1457 UPDATE_RI_MODERATION_THRESHOLD: 2048
02-18 15:50:40.435  4906 28363 I libnfc_nci: [INFO:nfc_ncif.cc(618)] NFC received ntf gid:2
02-18 15:50:40.435  4906 28363 I libnfc_nci: [INFO:nci_hrcv.cc(467)] nci_proc_ee_management_ntf opcode:0x0
02-18 15:50:40.435  4906 28363 I libnfc_nci: [INFO:nci_hrcv.cc(499)] nfcee_id: 0x81 num_interface:0x0/0x0, num_tlvs:0x1
02-18 15:50:40.435  4906 28363 I libnfc_nci: [INFO:nci_hrcv.cc(520)] tag:0x3, len:0x1
02-18 15:50:40.435  4906 28363 I libnfc_nci: [INFO:nfa_dm_act.cc(295)] NFC_NFCEE_INFO_REVT(0x5005)
02-18 15:50:40.435  4906 28363 I libnfc_nci: [INFO:nfa_ee_main.cc(397)] nfa_ee_proc_evt: event=0x5005 int_event:0x213
02-18 15:50:40.435  4906 28363 I libnfc_nci: [INFO:nfa_ee_main.cc(683)] Event NCI_DISC_NTF(0x213), State: INIT(0)
02-18 15:50:40.435  4906 28363 I libnfc_nci: [INFO:nfa_ee_act.cc(2172)] em_state:0 ee_flags:0x0 cur_ee:0 num_ee_expecting:3
02-18 15:50:40.435  4906 28363 I libnfc_nci: [INFO:nfa_ee_act.cc(2239)] nfa_ee_nci_disc_ntf cur_ee:1
02-18 15:50:40.435  4906 28363 I libnfc_nci: [INFO:nfa_ee_act.cc(1913)] em_state:0 num_ee_expecting:2 notify_enable_done:0
02-18 15:50:40.436  4906 28363 I libnfc_nci: [INFO:nfc_ncif.cc(618)] NFC received ntf gid:2
02-18 15:50:40.436  4906 28363 I libnfc_nci: [INFO:nci_hrcv.cc(467)] nci_proc_ee_management_ntf opcode:0x0
02-18 15:50:40.436  4906 28363 I libnfc_nci: [INFO:nci_hrcv.cc(499)] nfcee_id: 0xc0 num_interface:0x0/0x0, num_tlvs:0x1
02-18 15:50:40.436  4906 28363 I libnfc_nci: [INFO:nci_hrcv.cc(520)] tag:0x3, len:0x1
02-18 15:50:40.436  4906 28363 I libnfc_nci: [INFO:nfa_dm_act.cc(295)] NFC_NFCEE_INFO_REVT(0x5005)
02-18 15:50:40.436  4906 28363 I libnfc_nci: [INFO:nfa_ee_main.cc(397)] nfa_ee_proc_evt: event=0x5005 int_event:0x213
02-18 15:50:40.436  4906 28363 I libnfc_nci: [INFO:nfa_ee_main.cc(683)] Event NCI_DISC_NTF(0x213), State: INIT(0)
02-18 15:50:40.436  4906 28363 I libnfc_nci: [INFO:nfa_ee_act.cc(2172)] em_state:0 ee_flags:0x0 cur_ee:1 num_ee_expecting:2
02-18 15:50:40.436  4906 28363 I libnfc_nci: [INFO:nfa_ee_act.cc(2239)] nfa_ee_nci_disc_ntf cur_ee:2
02-18 15:50:40.436  4906 28363 I libnfc_nci: [INFO:nfa_ee_act.cc(1913)] em_state:0 num_ee_expecting:1 notify_enable_done:0
02-18 15:50:40.436   672 28365 D NxpTml  : PN54X - I2C Read successful.....
02-18 15:50:40.436   672 28365 D NxpNciR : len =  17 > 62000E100101000104065E0100003B0101
02-18 15:50:40.436   672 28365 D NxpTml  : PN54X - Posting read message.....
02-18 15:50:40.436   672 28368 D NxpHal  : read successful status = 0x0
02-18 15:50:40.437  4906  5695 I libnfc_nci: [INFO:gki_buffer.cc(326)] GKI_getbuf 0xb4000073694a5700 2:6
02-18 15:50:40.437  4906 28363 I libnfc_nci: [INFO:nfc_ncif.cc(618)] NFC received ntf gid:2
02-18 15:50:40.437  4906 28363 I libnfc_nci: [INFO:nci_hrcv.cc(467)] nci_proc_ee_management_ntf opcode:0x0
02-18 15:50:40.437  4906 28363 I libnfc_nci: [INFO:nci_hrcv.cc(499)] nfcee_id: 0x10 num_interface:0x1/0x1, num_tlvs:0x1
02-18 15:50:40.437   672 28365 D NxpTml  : PN54X - Read requested.....
02-18 15:50:40.437  4906 28363 I libnfc_nci: [INFO:nci_hrcv.cc(520)] tag:0x4, len:0x6
02-18 15:50:40.437   672 28365 D NxpTml  : PN54X - Invoking I2C Read.....
02-18 15:50:40.437  4906 28363 I libnfc_nci: [INFO:nfa_dm_act.cc(295)] NFC_NFCEE_INFO_REVT(0x5005)
02-18 15:50:40.437  4906 28363 I libnfc_nci: [INFO:nfa_ee_main.cc(397)] nfa_ee_proc_evt: event=0x5005 int_event:0x213
02-18 15:50:40.437  4906 28363 I libnfc_nci: [INFO:nfa_ee_main.cc(683)] Event NCI_DISC_NTF(0x213), State: INIT(0)
02-18 15:50:40.437  4906 28363 I libnfc_nci: [INFO:nfa_ee_act.cc(2172)] em_state:0 ee_flags:0x0 cur_ee:2 num_ee_expecting:1
02-18 15:50:40.437  4906 28363 I libnfc_nci: [INFO:nfa_ee_act.cc(2239)] nfa_ee_nci_disc_ntf cur_ee:3
02-18 15:50:40.437  4906 28363 I libnfc_nci: [INFO:nfa_nfcee_main.cc(145)] nfa_t4tnfcee_info_cback event: 0
02-18 15:50:40.437  4906 28363 I libnfc_nci: [INFO:gki_buffer.cc(326)] GKI_getbuf 0xb4000073694a5a20 3:6
02-18 15:50:40.437  4906 28363 I libnfc_nci: [INFO:nfc_ncif.cc(491)] nfc_ncif_send_cmd()
02-18 15:50:40.437  4906 28363 I libnfc_nci: [INFO:NfcAdaptation.cc(748)] NfcAdaptation::HalWrite
02-18 15:50:40.444   672 28366 D NxpTml  : PN54X - Write requested.....
02-18 15:50:40.445   672 28366 D NxpTml  : PN54X - Invoking I2C Write.....
02-18 15:50:40.445   672 28366 D NxpNciX : len =   5 > 2201021001
02-18 15:50:40.445   672 28366 D NxpTml  : PN54X - I2C Write successful.....
02-18 15:50:40.445   672 28366 D NxpTml  : PN54X - Posting Fresh Write message.....
02-18 15:50:40.445   672 28366 D NxpTml  : PN54X - Tml Writer Thread Running................
02-18 15:50:40.446   672 28368 D NxpHal  : write successful status = 0x0
02-18 15:50:40.446   672 28365 D NxpTml  : PN54X - I2C Read successful.....
02-18 15:50:40.446   672 28365 D NxpNciR : len =   4 > 42010100
02-18 15:50:40.446   672 28365 D NxpTml  : PN54X - Posting read message.....
02-18 15:50:40.446   672 28368 D NxpHal  : read successful status = 0x0
02-18 15:50:40.446  4906  5695 I libnfc_nci: [INFO:gki_buffer.cc(326)] GKI_getbuf 0xb4000073694aa200 4:6
02-18 15:50:40.447  4906 28363 I libnfc_nci: [INFO:nfa_ee_act.cc(1913)] em_state:1 num_ee_expecting:0 notify_enable_done:1
02-18 15:50:40.447  4906 28363 I libnfc_nci: [INFO:nfa_sys_ptim.cc(156)] nfa_sys_ptim_stop_timer 0x7258dabc48
02-18 15:50:40.447  4906 28363 I libnfc_nci: [INFO:nfa_sys_ptim.cc(163)] ptim timer stop
02-18 15:50:40.447  4906 28363 I libnfc_nci: [INFO:nfa_sys_cback.cc(80)] enable_cplt_flags=0x46c, enable_cplt_mask=0x6ec
02-18 15:50:40.447   672 28365 D NxpTml  : PN54X - Read requested.....
02-18 15:50:40.447   672 28365 D NxpTml  : PN54X - Invoking I2C Read.....
02-18 15:50:40.447  4906 28363 I libnfc_nci: [INFO:nfa_hci_main.cc(124)] 0
02-18 15:50:40.447  4906 28363 I libnfc_nci: [INFO:nfc_main.cc(1586)] NFC_SetStaticHciCback dest: 3
02-18 15:50:40.447  4906 28363 I libnfc_nci: [INFO:nfc_main.cc(1593)] NFC_SetStaticHciCback dest: 3
02-18 15:50:40.447  4906 28363 I libnfc_nci: [INFO:nfa_hci_main.cc(1164)] nfa_hci_conn_cback State: 1  Cmd: 24576
02-18 15:50:40.447  4906 28363 I libnfc_nci: [INFO:nfa_hci_utils.cc(347)] nfa_hciu_send_msg pipe_id:1   Type: COMMAND [0x00] Inst: ANY_GET_PARAMETER [0x02]   len:1
02-18 15:50:40.447  4906 28363 I libnfc_nci: [INFO:gki_buffer.cc(326)] GKI_getbuf 0xb4000073394cf9c0 4:6
02-18 15:50:40.447  4906 28363 I libnfc_nci: [INFO:nfc_ncif.cc(280)] nfc_ncif_send_data :1, num_buff:1 qc:0
02-18 15:50:40.447  4906 28363 I libnfc_nci: [INFO:NfcAdaptation.cc(748)] NfcAdaptation::HalWrite
02-18 15:50:40.447   672 28366 D NxpTml  : PN54X - Write requested.....
02-18 15:50:40.447   672 28365 D NxpTml  : PN54X - I2C Read successful.....
02-18 15:50:40.447   672 28366 D NxpTml  : PN54X - Invoking I2C Write.....
02-18 15:50:40.448   672 28365 D NxpNciR : len =   4 > 62010100
02-18 15:50:40.448   672 28365 D NxpTml  : PN54X - Posting read message.....
02-18 15:50:40.448   672 28368 D NxpHal  : read successful status = 0x0
02-18 15:50:40.448  4906  5695 I libnfc_nci: [INFO:gki_buffer.cc(326)] GKI_getbuf 0xb4000073694ac140 5:6
02-18 15:50:40.448   672 28365 D NxpTml  : PN54X - Read requested.....
02-18 15:50:40.448   672 28365 D NxpTml  : PN54X - Invoking I2C Read.....
02-18 15:50:40.450   672 28365 D NxpTml  : PN54X - I2C Read successful.....
02-18 15:50:40.450   672 28365 D NxpNciR : len =  14 > 610A0B0200031080040003108104
02-18 15:50:40.450   672 28365 D NxpTml  : PN54X - Posting read message.....
02-18 15:50:40.450   672 28368 D NxpHal  : read successful status = 0x0
02-18 15:50:40.451  4906  5695 I libnfc_nci: [INFO:gki_buffer.cc(326)] GKI_getbuf 0xb40000736949e040 6:6
02-18 15:50:40.451   672 28365 D NxpTml  : PN54X - Read requested.....
02-18 15:50:40.451   672 28365 D NxpTml  : PN54X - Invoking I2C Read.....
02-18 15:50:40.454     0     0 W i2c_write: irq high during write, wait
02-18 15:50:40.456     0     0 I [kworke][0x1d5881eaf1][15:50:40.449647] wlan: [27221:I:TXRX] __ol_txrx_ipa_tx_buf_smmu_mapping: smmu_map_unmap:1 of 511 Tx buffers
02-18 15:50:40.456     0     0 I [kworke][0x1d5881eba8][15:50:40.449656] wlan: [27221:I:IPA] wlan_ipa_uc_ol_init: TX buffers mapped to IPA
02-18 15:50:40.456     0     0 I [kworke][0x1d5881fe4d][15:50:40.449904] wlan: [27221:I:SYS] Creating periodic timer for OLBC UPDATE CACHE TIMEOUT
02-18 15:50:40.457     0     0 E [kworke][0x1d58822fee][15:50:40.450566] wlan: [27221:E:fwol] ucfg_fwol_send_get_thermal_stats_cmd: Command Disabled in Ini gThermalStatsTempOffset 5 or not enabled in FW 0
02-18 15:50:40.458     0     0 E [schedu][0x1d5882be2d][15:50:40.452463] wlan: [28372:E:QDF] __pktlog_enable: Unable to subscribe 319 to the WDI
02-18 15:50:40.454   672 28366 D NxpNciX : len =   6 > 010003810201
02-18 15:50:40.454   672 28366 D NxpTml  : PN54X - I2C Write successful.....
02-18 15:50:40.454   672 28366 D NxpTml  : PN54X - Posting Fresh Write message.....
02-18 15:50:40.455   672 28368 D NxpHal  : write successful status = 0x0
02-18 15:50:40.455   672 28366 D NxpTml  : PN54X - Tml Writer Thread Running................
02-18 15:50:40.455  4906 28363 I libnfc_nci: [INFO:nfc_ncif.cc(364)] nfc_ncif_send_data :2
02-18 15:50:40.455  4906 28363 I libnfc_nci: [INFO:nfa_sys_ptim.cc(128)] nfa_sys_ptim_start_timer 0x7258dabd68
02-18 15:50:40.455  4906 28363 I libnfc_nci: [INFO:nfa_sys_ptim.cc(133)] ptim timer start
02-18 15:50:40.455  4906 28363 I libnfc_nci: [INFO:nfa_ee_api.cc(186)] NFA_AllEeGetInfo em_state:1 cur_ee:3
02-18 15:50:40.455  4906 28363 I libnfc_nci: [INFO:nfa_ee_api.cc(203)] xx:0 max_ret:5, num_ret:0 ee_status:0x1 num_interface :0 p_cb->nfcee_id : 129
02-18 15:50:40.455  4906 28363 I libnfc_nci: [INFO:nfa_ee_api.cc(203)] xx:1 max_ret:5, num_ret:1 ee_status:0x1 num_interface :0 p_cb->nfcee_id : 192
02-18 15:50:40.455  4906 28363 I libnfc_nci: [INFO:nfa_ee_api.cc(203)] xx:2 max_ret:5, num_ret:2 ee_status:0x1 num_interface :1 p_cb->nfcee_id : 16
02-18 15:50:40.455  4906 28363 I libnfc_nci: [INFO:nfa_ee_api.cc(225)] num_ret:3
02-18 15:50:40.455  4906 28363 I libnfc_nci: [INFO:nfa_hci_main.cc(124)] 0
02-18 15:50:40.456  4906 28363 I libnfc_nci: [INFO:nfc_ncif.cc(577)] NFC received rsp gid:2
02-18 15:50:40.456  4906 28363 I libnfc_nci: [INFO:nci_hrcv.cc(383)] nci_proc_ee_management_rsp opcode:0x1
02-18 15:50:40.456  4906 28363 I libnfc_nci: [INFO:nfc_ncif.cc(618)] NFC received ntf gid:2
02-18 15:50:40.456  4906 28363 I libnfc_nci: [INFO:nci_hrcv.cc(467)] nci_proc_ee_management_ntf opcode:0x1
02-18 15:50:40.456  4906 28363 I libnfc_nci: [INFO:nfa_dm_act.cc(295)] NFC_NFCEE_MODE_SET_REVT(0x5006)
02-18 15:50:40.456  4906 28363 I libnfc_nci: [INFO:nfa_ee_main.cc(397)] nfa_ee_proc_evt: event=0x5006 int_event:0x214
02-18 15:50:40.456  4906 28363 I libnfc_nci: [INFO:nfa_ee_main.cc(683)] Event NCI_MODE_SET(0x214), State: INIT_DONE(1)
02-18 15:50:40.456  4906 28363 I libnfc_nci: [INFO:nfa_ee_act.cc(2516)] nfa_ee_nci_mode_set_rsp handle:0x10 mode:1
02-18 15:50:40.456  4906 28363 I libnfc_nci: [INFO:nfa_ee_main.cc(441)] nfa_ee_find_ecb
02-18 15:50:40.456  4906 28363 W libnfc_nci: [WARNING:nfa_ee_act.cc(2528)] nfa_ee_nci_mode_set_rsp p_rsp->status:0x00
02-18 15:50:40.456  4906 28363 I libnfc_nci: [INFO:nfa_ee_act.cc(2570)] status:0 ecb_flags  :0x00 ee_cfged:0x00 ee_status:0
02-18 15:50:40.456  4906 28363 I libnfc_nci: [INFO:nfa_nfcee_main.cc(145)] nfa_t4tnfcee_info_cback event: 3
02-18 15:50:40.456  4906 28363 I libnfc_nci: [INFO:nfa_hci_main.cc(124)] 2
02-18 15:50:40.456  4906 28363 I libnfc_nci: [INFO:nfa_dm_main.cc(228)] flags:0x21
02-18 15:50:40.456  4906 28363 I libnfc_nci: [INFO:nfa_ee_act.cc(2492)] nfa_ee_report_discover_req_evt DM is not active
02-18 15:50:40.456  4906 28363 I libnfc_nci: [INFO:nfa_hci_main.cc(124)] 3
02-18 15:50:40.456  4906 28363 I libnfc_nci: [INFO:nfa_hci_main.cc(272)] NFA_EE_MODE_SET_COMPLETE else case
02-18 15:50:40.456  4906 28363 I libnfc_nci: [INFO:nfc_ncif.cc(618)] NFC received ntf gid:1
02-18 15:50:40.456  4906 28363 I libnfc_nci: [INFO:nfc_ncif.cc(1840)] nfc_ncif_proc_ee_discover_req 2 len:11
02-18 15:50:40.456  4906 28363 I libnfc_nci: [INFO:nfa_dm_act.cc(295)] NFC_EE_DISCOVER_REQ_REVT(0x5009)
02-18 15:50:40.456  4906 28363 I libnfc_nci: [INFO:nfa_ee_main.cc(397)] nfa_ee_proc_evt: event=0x5009 int_event:0x218
02-18 15:50:40.456  4906 28363 I libnfc_nci: [INFO:nfa_ee_main.cc(683)] Event NCI_DISC_REQ(0x218), State: INIT_DONE(1)
02-18 15:50:40.457  4906 28363 I libnfc_nci: [INFO:nfa_scr_act.cc(108)] nfa_scr_proc_rdr_req_ntf: Enter
02-18 15:50:40.457  4906 28363 I libnfc_nci: [INFO:nfa_scr_act.cc(110)] SCR module isn't requested by APP.
02-18 15:50:40.457  4906 28363 I libnfc_nci: [INFO:nfa_ee_act.cc(2815)] num_info: 2 cur_ee:3
02-18 15:50:40.457  4906 28363 I libnfc_nci: [INFO:nfa_ee_main.cc(441)] nfa_ee_find_ecb
02-18 15:50:40.457  4906 28363 I libnfc_nci: [INFO:nfa_nfcee_main.cc(145)] nfa_t4tnfcee_info_cback event: 13
02-18 15:50:40.457  4906 28363 I libnfc_nci: [INFO:nfa_sys_cback.cc(80)] enable_cplt_flags=0x66c, enable_cplt_mask=0x6ec
02-18 15:50:40.457  4906 28363 I libnfc_nci: [INFO:nfa_ee_act.cc(1913)] em_state:1 num_ee_expecting:0 notify_enable_done:1
02-18 15:50:40.457  4906 28363 I libnfc_nci: [INFO:nfa_sys_cback.cc(80)] enable_cplt_flags=0x66c, enable_cplt_mask=0x6ec
02-18 15:50:40.457  4906 28363 I libnfc_nci: [INFO:nfa_hci_main.cc(124)] 0
02-18 15:50:40.457  4906 28363 I libnfc_nci: [INFO:nfa_ee_api.cc(186)] NFA_AllEeGetInfo em_state:1 cur_ee:3
02-18 15:50:40.457  4906 28363 I libnfc_nci: [INFO:nfa_ee_api.cc(203)] xx:0 max_ret:5, num_ret:0 ee_status:0x1 num_interface :0 p_cb->nfcee_id : 129
02-18 15:50:40.457  4906 28363 I libnfc_nci: [INFO:nfa_ee_api.cc(203)] xx:1 max_ret:5, num_ret:1 ee_status:0x1 num_interface :0 p_cb->nfcee_id : 192
02-18 15:50:40.457  4906 28363 I libnfc_nci: [INFO:nfa_ee_api.cc(203)] xx:2 max_ret:5, num_ret:2 ee_status:0x0 num_interface :1 p_cb->nfcee_id : 16
02-18 15:50:40.457  4906 28363 I libnfc_nci: [INFO:nfa_ee_api.cc(225)] num_ret:3
02-18 15:50:40.457  4906 28363 I libnfc_nci: [INFO:nfa_hci_main.cc(124)] 0
02-18 15:50:40.457  4906 28363 I libnfc_nci: [INFO:nfa_ee_act.cc(2860)] nfcee_id=0x10 ee_status=0x0 ecb_flags=0x40 la_protocol=0x4 la_protocol=0x0 la_protocol=0x0
02-18 15:50:40.457  4906 28363 I libnfc_nci: [INFO:nfa_ee_main.cc(441)] nfa_ee_find_ecb
02-18 15:50:40.457  4906 28363 I libnfc_nci: [INFO:nfa_nfcee_main.cc(145)] nfa_t4tnfcee_info_cback event: 13
02-18 15:50:40.457  4906 28363 I libnfc_nci: [INFO:nfa_ee_act.cc(2860)] nfcee_id=0x10 ee_status=0x0 ecb_flags=0x40 la_protocol=0x4 la_protocol=0x4 la_protocol=0x0
02-18 15:50:40.457  4906 28363 I libnfc_nci: [INFO:nfa_hci_main.cc(124)] 2
02-18 15:50:40.457  4906 28363 I libnfc_nci: [INFO:nfa_dm_main.cc(228)] flags:0x21
02-18 15:50:40.457  4906 28363 I libnfc_nci: [INFO:nfa_ee_act.cc(2492)] nfa_ee_report_discover_req_evt DM is not active
02-18 15:50:40.457   672 28365 D NxpTml  : PN54X - I2C Read successful.....
02-18 15:50:40.457   672 28365 D NxpNciR : len =   6 > 600603010101
02-18 15:50:40.457   672 28365 D NxpTml  : PN54X - Posting read message.....
02-18 15:50:40.458   672 28368 D NxpHal  : read successful status = 0x0
02-18 15:50:40.458  4906  5695 I libnfc_nci: [INFO:gki_buffer.cc(326)] GKI_getbuf 0xb4000073694a2500 2:6
02-18 15:50:40.458   672 28365 D NxpTml  : PN54X - Read requested.....
02-18 15:50:40.458   672 28365 D NxpTml  : PN54X - Invoking I2C Read.....
02-18 15:50:40.459   672 28365 D NxpTml  : PN54X - I2C Read successful.....
02-18 15:50:40.459  4906 28363 I libnfc_nci: [INFO:nfc_ncif.cc(618)] NFC received ntf gid:0
02-18 15:50:40.459   672 28365 D NxpNciR : len =  13 > 01000A8180DE296666D9296666
02-18 15:50:40.459  4906 28363 I libnfc_nci: [INFO:nci_hrcv.cc(152)] nci_proc_core_ntf opcode:0x6
02-18 15:50:40.459   672 28365 D NxpTml  : PN54X - Posting read message.....
02-18 15:50:40.459  4906 28363 I libnfc_nci: [INFO:nfc_ncif.cc(280)] nfc_ncif_send_data :1, num_buff:1 qc:0
02-18 15:50:40.459   672 28368 D NxpHal  : read successful status = 0x0
02-18 15:50:40.460  4906  5695 I libnfc_nci: [INFO:gki_buffer.cc(326)] GKI_getbuf 0xb400007369496ca0 2:6
02-18 15:50:40.460  4906 28363 I libnfc_nci: [INFO:nfc_ncif.cc(571)] NFC received data
02-18 15:50:40.460  4906 28363 I libnfc_nci: [INFO:nfc_ncif.cc(2306)] nfc_ncif_proc_data 0x01000a
02-18 15:50:40.460  4906 28363 I libnfc_nci: [INFO:nfc_ncif.cc(2311)] nfc_ncif_proc_data len:10
02-18 15:50:40.460  4906 28363 I libnfc_nci: [INFO:nfa_hci_main.cc(1164)] nfa_hci_conn_cback State: 1  Cmd: 24579
02-18 15:50:40.460  4906 28363 I libnfc_nci: [INFO:nfa_hci_main.cc(1248)] nfa_hci_conn_cback () nfa_hci_cb 1
02-18 15:50:40.460  4906 28363 I libnfc_nci: [INFO:nfa_hci_main.cc(1350)] nfa_hci_conn_cback Recvd data pipe:1  Type: RESPONSE [0x02] Resp: ANY_OK [0x00]   chain:1  assmbl:0  len:10
02-18 15:50:40.460   672 28365 D NxpTml  : PN54X - Read requested.....
02-18 15:50:40.460   672 28365 D NxpTml  : PN54X - Invoking I2C Read.....
02-18 15:50:40.460  4906 28363 I libnfc_nci: [INFO:nfa_hci_main.cc(1402)] nfa_hci_conn_cback Recvd data pipe:1  Type: 2  Inst: 0  chain:1 
02-18 15:50:40.460  4906 28363 I libnfc_nci: [INFO:nfa_hci_act.cc(1485)] nfa_hci_handle_admin_gate_rsp - LastCmdSent: ANY_GET_PARAMETER  App: 0x0000  Gate: 0x00  Pipe: 0xff
02-18 15:50:40.460  4906 28363 I libnfc_nci: [INFO:nfa_hci_utils.cc(347)] nfa_hciu_send_msg pipe_id:1   Type: COMMAND [0x00] Inst: ANY_SET_PARAMETER [0x01]   len:3
02-18 15:50:40.461  4906 28363 I libnfc_nci: [INFO:gki_buffer.cc(326)] GKI_getbuf 0xb4000073394cf9c0 3:6
02-18 15:50:40.461  4906 28363 I libnfc_nci: [INFO:nfc_ncif.cc(280)] nfc_ncif_send_data :1, num_buff:1 qc:0
02-18 15:50:40.461  4906 28363 I libnfc_nci: [INFO:NfcAdaptation.cc(748)] NfcAdaptation::HalWrite
02-18 15:50:40.461   672   672 D NxpHal  : > Going through the set host list
02-18 15:50:40.461   672 28366 D NxpTml  : PN54X - Write requested.....
02-18 15:50:40.461   672 28366 D NxpTml  : PN54X - Invoking I2C Write.....
02-18 15:50:40.462   672 28366 D NxpNciX : len =  10 > 010007810103028081C0
02-18 15:50:40.462   672 28366 D NxpTml  : PN54X - I2C Write successful.....
02-18 15:50:40.462   672 28366 D NxpTml  : PN54X - Posting Fresh Write message.....
02-18 15:50:40.462   672 28366 D NxpTml  : PN54X - Tml Writer Thread Running................
02-18 15:50:40.462   672 28368 D NxpHal  : write successful status = 0x0
02-18 15:50:40.462   672 28365 D NxpTml  : PN54X - I2C Read successful.....
02-18 15:50:40.463   672 28365 D NxpNciR : len =   6 > 600603010101
02-18 15:50:40.463   672 28365 D NxpTml  : PN54X - Posting read message.....
02-18 15:50:40.463  4906 28363 I libnfc_nci: [INFO:nfc_ncif.cc(364)] nfc_ncif_send_data :2
02-18 15:50:40.463  4906 28363 I libnfc_nci: [INFO:nfa_sys_ptim.cc(128)] nfa_sys_ptim_start_timer 0x7258dabd68
02-18 15:50:40.463  4906 28363 I libnfc_nci: [INFO:nfa_sys_main.cc(96)] NFA got event 0x0715
02-18 15:50:40.463  4906 28363 I libnfc_nci: [INFO:nfa_hci_main.cc(1800)] nfa_hci_evt_hdlr state: STARTUP (1) event: CHECK_QUEUE (0x0715)
02-18 15:50:40.463   672 28368 D NxpHal  : read successful status = 0x0
02-18 15:50:40.464  4906  5695 I libnfc_nci: [INFO:gki_buffer.cc(326)] GKI_getbuf 0xb40000736949b7a0 2:6
02-18 15:50:40.464   672 28365 D NxpTml  : PN54X - Read requested.....
02-18 15:50:40.464   672 28365 D NxpTml  : PN54X - Invoking I2C Read.....
02-18 15:50:40.464  4906 28363 I libnfc_nci: [INFO:nfc_ncif.cc(618)] NFC received ntf gid:0
02-18 15:50:40.464  4906 28363 I libnfc_nci: [INFO:nci_hrcv.cc(152)] nci_proc_core_ntf opcode:0x6
02-18 15:50:40.464  4906 28363 I libnfc_nci: [INFO:nfc_ncif.cc(280)] nfc_ncif_send_data :1, num_buff:1 qc:0
02-18 15:50:40.465   672 28365 D NxpTml  : PN54X - I2C Read successful.....
02-18 15:50:40.465   672 28365 D NxpNciR : len =   5 > 0100028180
02-18 15:50:40.465   672 28365 D NxpTml  : PN54X - Posting read message.....
02-18 15:50:40.465   672 28368 D NxpHal  : read successful status = 0x0
02-18 15:50:40.465  4906  5695 I libnfc_nci: [INFO:gki_buffer.cc(326)] GKI_getbuf 0xb4000073694a0c00 2:6
02-18 15:50:40.465  4906 28363 I libnfc_nci: [INFO:nfc_ncif.cc(571)] NFC received data
02-18 15:50:40.465  4906 28363 I libnfc_nci: [INFO:nfc_ncif.cc(2306)] nfc_ncif_proc_data 0x010002
02-18 15:50:40.465  4906 28363 I libnfc_nci: [INFO:nfc_ncif.cc(2311)] nfc_ncif_proc_data len:2
02-18 15:50:40.465  4906 28363 I libnfc_nci: [INFO:nfa_hci_main.cc(1164)] nfa_hci_conn_cback State: 1  Cmd: 24579
02-18 15:50:40.465  4906 28363 I libnfc_nci: [INFO:nfa_hci_main.cc(1248)] nfa_hci_conn_cback () nfa_hci_cb 1
02-18 15:50:40.465  4906 28363 I libnfc_nci: [INFO:nfa_hci_main.cc(1350)] nfa_hci_conn_cback Recvd data pipe:1  Type: RESPONSE [0x02] Resp: ANY_OK [0x00]   chain:1  assmbl:0  len:2
02-18 15:50:40.465  4906 28363 I libnfc_nci: [INFO:nfa_hci_main.cc(1402)] nfa_hci_conn_cback Recvd data pipe:1  Type: 2  Inst: 0  chain:1 
02-18 15:50:40.466  4906 28363 I libnfc_nci: [INFO:nfa_hci_act.cc(1485)] nfa_hci_handle_admin_gate_rsp - LastCmdSent: ANY_SET_PARAMETER  App: 0x0000  Gate: 0x00  Pipe: 0xff
02-18 15:50:40.466  4906 28363 I libnfc_nci: [INFO:nfa_hci_act.cc(1527)] nfa_hci_handle_admin_gate_rsp - Set the HOST_TYPE as per ETSI 12 !!!
02-18 15:50:40.466  4906 28363 I libnfc_nci: [INFO:nfa_hci_utils.cc(347)] nfa_hciu_send_msg pipe_id:1   Type: COMMAND [0x00] Inst: ANY_SET_PARAMETER [0x01]   len:3
02-18 15:50:40.466  4906 28363 I libnfc_nci: [INFO:gki_buffer.cc(326)] GKI_getbuf 0xb4000073394cf9c0 3:6
02-18 15:50:40.466  4906 28363 I libnfc_nci: [INFO:nfc_ncif.cc(280)] nfc_ncif_send_data :1, num_buff:1 qc:0
02-18 15:50:40.466  4906 28363 I libnfc_nci: [INFO:NfcAdaptation.cc(748)] NfcAdaptation::HalWrite
02-18 15:50:40.466   672 28365 D NxpTml  : PN54X - Read requested.....
02-18 15:50:40.466   672 28365 D NxpTml  : PN54X - Invoking I2C Read.....
02-18 15:50:40.466   672 28366 D NxpTml  : PN54X - Write requested.....
02-18 15:50:40.466   672 28366 D NxpTml  : PN54X - Invoking I2C Write.....
02-18 15:50:40.467   672 28366 D NxpNciX : len =   8 > 0100058101060100
02-18 15:50:40.467   672 28366 D NxpTml  : PN54X - I2C Write successful.....
02-18 15:50:40.467   672 28366 D NxpTml  : PN54X - Posting Fresh Write message.....
02-18 15:50:40.467   672 28366 D NxpTml  : PN54X - Tml Writer Thread Running................
02-18 15:50:40.467   672 28368 D NxpHal  : write successful status = 0x0
02-18 15:50:40.468  4906 28363 I libnfc_nci: [INFO:nfc_ncif.cc(364)] nfc_ncif_send_data :2
02-18 15:50:40.468  4906 28363 I libnfc_nci: [INFO:nfa_sys_ptim.cc(128)] nfa_sys_ptim_start_timer 0x7258dabd68
02-18 15:50:40.468  4906 28363 I libnfc_nci: [INFO:nfa_sys_main.cc(96)] NFA got event 0x0715
02-18 15:50:40.468  4906 28363 I libnfc_nci: [INFO:nfa_hci_main.cc(1800)] nfa_hci_evt_hdlr state: STARTUP (1) event: CHECK_QUEUE (0x0715)
02-18 15:50:40.473     0     0 E [kworke][0x1d5886fe5f][15:50:40.466972] wlan: [27221:E:OSIF] os_if_fwol_get_thermal_stats_req: Failed to send get thermal stats cmd to FW, 4
02-18 15:50:40.477  1678  1735 D LOWI-9.0.0.87: [LOWINetlinkSocketReceiver] unpackRTMLinkMessage: RTM_NEWLINK - ifname wlan0, flags 0x1003 ([UP])
02-18 15:50:40.477  1678  1735 D LOWI-9.0.0.87: [LOWINetlinkSocketReceiver] processNetlinkPacket: ifname(wlan0) status(1)
02-18 15:50:40.477  1678  1735 D LOWI-9.0.0.87: [LOWIController] intfStateReceived: ifname(wlan0) state(1)
02-18 15:50:40.477  1678  1740 D LOWI-9.0.0.87: [LOWIEventReceiver] handleEvent:FROM:NA, TO:NA, REQ:NA, IREQ:NA, REQ_ID:0, RESP:NA, INFO:INTF-STATUS-UPDATE
02-18 15:50:40.477  1678  1740 D LOWI-9.0.0.87: [LOWIEventReceiver] Info to [INTF-STATUS-UPDATE]
02-18 15:50:40.477  1678  1740 D LOWI-9.0.0.87: [LOWIController] updateIntfState: WIFI enabled 1 mNlWifiStatus 0 mWifiStateEnabled 0
02-18 15:50:40.477  1678  1740 D LOWI-9.0.0.87: [LOWIController] isWifiEnabled: mNlWifiStatus 1 mWifiStateEnabled 0
02-18 15:50:40.477  1678  1740 I LOWI-9.0.0.87: [LOWIController] isWifiEnabled: Wifi is now enabled
02-18 15:50:40.477  1678  1740 D LOWI-9.0.0.87: [LOWIController] terminateScanResultReceiver
02-18 15:50:40.478   672 28365 D NxpTml  : PN54X - I2C Read successful.....
02-18 15:50:40.478   672 28365 D NxpNciR : len =   6 > 600603010101
02-18 15:50:40.478   672 28365 D NxpTml  : PN54X - Posting read message.....
02-18 15:50:40.478   672 28368 D NxpHal  : read successful status = 0x0
02-18 15:50:40.478  4906  5695 I libnfc_nci: [INFO:gki_buffer.cc(326)] GKI_getbuf 0xb400007369499b80 2:6
02-18 15:50:40.479  4906 28363 I libnfc_nci: [INFO:nfc_ncif.cc(618)] NFC received ntf gid:0
02-18 15:50:40.479  4906 28363 I libnfc_nci: [INFO:nci_hrcv.cc(152)] nci_proc_core_ntf opcode:0x6
02-18 15:50:40.479  4906 28363 I libnfc_nci: [INFO:nfc_ncif.cc(280)] nfc_ncif_send_data :1, num_buff:1 qc:0
02-18 15:50:40.479   672 28365 D NxpTml  : PN54X - Read requested.....
02-18 15:50:40.479   672 28365 D NxpTml  : PN54X - Invoking I2C Read.....
02-18 15:50:40.481   672 28365 D NxpTml  : PN54X - I2C Read successful.....
02-18 15:50:40.481   672 28365 D NxpNciR : len =   5 > 0100028180
02-18 15:50:40.481   672 28365 D NxpTml  : PN54X - Posting read message.....
02-18 15:50:40.481  2207  2337 I EthernetTracker: interfaceLinkStateChanged, iface: wlan0, up: false
02-18 15:50:40.482   672 28368 D NxpHal  : read successful status = 0x0
02-18 15:50:40.483  4906  5695 I libnfc_nci: [INFO:gki_buffer.cc(326)] GKI_getbuf 0xb40000736949e360 2:6
02-18 15:50:40.483  1019  1019 I WifiHAL : Initializing wifi
02-18 15:50:40.483   672 28365 D NxpTml  : PN54X - Read requested.....
02-18 15:50:40.483   672 28365 D NxpTml  : PN54X - Invoking I2C Read.....
02-18 15:50:40.483  1519  1519 I wificond: Regulatory domain changed to country: US on wiphy_index: 0
02-18 15:50:40.483  4906 28363 I libnfc_nci: [INFO:nfc_ncif.cc(571)] NFC received data
02-18 15:50:40.484  2207  2874 D WifiNl80211Manager: OnRegDomainChanged US
02-18 15:50:40.484  1019  1019 I CLD80211: android.hardware.wifi@1.0-service: initialized exit socket pair
02-18 15:50:40.484  1019  1019 I CLD80211: android.hardware.wifi@1.0-service: nlctrl family id: 16 group: host_logs mcast_id: 20
02-18 15:50:40.484  1019  1019 I CLD80211: android.hardware.wifi@1.0-service: nlctrl family id: 16 group: fw_logs mcast_id: 21
02-18 15:50:40.484  4906 28363 I libnfc_nci: [INFO:nfc_ncif.cc(2306)] nfc_ncif_proc_data 0x010002
02-18 15:50:40.484  1019  1019 I CLD80211: android.hardware.wifi@1.0-service: nlctrl family id: 16 group: per_pkt_stats mcast_id: 22
02-18 15:50:40.484  2207  2874 D WifiNative: onCountryCodeChanged: US
02-18 15:50:40.484  1019  1019 I CLD80211: android.hardware.wifi@1.0-service: nlctrl family id: 16 group: diag_events mcast_id: 23
02-18 15:50:40.484  1019  1019 I CLD80211: android.hardware.wifi@1.0-service: nlctrl family id: 16 group: fatal_events mcast_id: 24
02-18 15:50:40.484  2207  2874 I WifiCountryCode: Receive onDriverCountryCodeChanged US
02-18 15:50:40.484  1019  1019 I CLD80211: android.hardware.wifi@1.0-service: nlctrl family id: 16 group: oem_msgs mcast_id: 25
02-18 15:50:40.484  4906 28363 I libnfc_nci: [INFO:nfc_ncif.cc(2311)] nfc_ncif_proc_data len:2
02-18 15:50:40.485  1519  1519 I wificond: 2.4Ghz frequencies: 2412 2417 2422 2427 2432 2437 2442 2447 2452 2457 2462
02-18 15:50:40.485  1519  1519 I wificond: 5Ghz non-DFS frequencies: 5180 5200 5220 5240 5745 5765 5785 5805 5825
02-18 15:50:40.485  1519  1519 I wificond: 5Ghz DFS frequencies: 5260 5280 5300 5320 5500 5520 5540 5560 5580 5600 5620 5640 5660 5680 5700 5720
02-18 15:50:40.485  4906 28363 I libnfc_nci: [INFO:nfa_hci_main.cc(1164)] nfa_hci_conn_cback State: 1  Cmd: 24579
02-18 15:50:40.485  1519  1519 I wificond: 6Ghz frequencies:
02-18 15:50:40.485  1519  1519 I wificond: 60Ghz frequencies:
02-18 15:50:40.485  4906 28363 I libnfc_nci: [INFO:nfa_hci_main.cc(1248)] nfa_hci_conn_cback () nfa_hci_cb 1
