02-18 15:50:40.166  3203  3402 D RILJ    : [1896]< VOICE_REGISTRATION_STATE {.regState = NOT_REG_MT_SEARCHING_OP, .rat = UNKNOWN, .reasonForDenial = NONE, .cellIdentity = {.noinit = {}}, .registeredPlmn = , .accessTechnologySpecificInfo = {.noinit = {}}} [PHONE0]
02-18 15:50:40.166   672 28365 D NxpTml  : PN54X - I2C Read successful.....
02-18 15:50:40.166   672 28365 D NxpNciR : len =   9 > 4003060001A0150101
02-18 15:50:40.166   672 28365 D NxpTml  : PN54X - Posting read message.....
02-18 15:50:40.166   672 28368 D NxpHal  : read successful status = 0x0
02-18 15:50:40.166   672 28368 D NxpHal  : phNxpNciHal_print_res_status: response status =STATUS_OK
02-18 15:50:40.166  3203  3754 D Phone   : [0] SubId1,get allowed network types user: value = GPRS|EDGE|UMTS|HSDPA|HSUPA|HSPA|LTE|HSPA+|GSM|LTE_CA|NR
02-18 15:50:40.166   672 28365 D NxpTml  : PN54X - Read requested.....
02-18 15:50:40.166   672 28365 D NxpTml  : PN54X - Invoking I2C Read.....
02-18 15:50:40.166   672   672 D NxpHal  : Response timer stopped
02-18 15:50:40.166   672   672 D NxpHal  : Checking response
02-18 15:50:40.167   672 28366 D NxpTml  : PN54X - Write requested.....
02-18 15:50:40.167  3203  3684 D CellularNetworkService: No access tech specific info passes for RegStateResult
02-18 15:50:40.167   672 28366 D NxpTml  : PN54X - Invoking I2C Write.....
02-18 15:50:40.167  3203  3684 D NRM-C-0 : onRequestNetworkRegistrationInfoComplete result: 0, info: NetworkRegistrationInfo{ domain=CS transportType=WWAN registrationState=NOT_REG_SEARCHING roamingType=NOT_ROAMING accessNetworkTechnology=UNKNOWN rejectCause=0 emergencyEnabled=false availableServices=[] cellIdentity=null voiceSpecificInfo=VoiceSpecificRegistrationInfo { mCssSupported=false mRoamingIndicator=0 mSystemIsInPrl=0 mDefaultRoamingIndicator=0} dataSpecificInfo=null nrState=NONE rRplmn= isUsingCarrierAggregation=false}
02-18 15:50:40.167  3203  3402 D RILJ    : [1894]< DATA_REGISTRATION_STATE {.regState = NOT_REG_MT_SEARCHING_OP, .rat = UNKNOWN, .reasonForDenial = NONE, .cellIdentity = {.noinit = {}}, .registeredPlmn = , .accessTechnologySpecificInfo = {.noinit = {}}} [PHONE0]
02-18 15:50:40.168   672 28366 D NxpNciX : len =   8 > 20020501A0150102
02-18 15:50:40.168   672 28366 D NxpTml  : PN54X - I2C Write successful.....
02-18 15:50:40.168  3203  3684 D CellularNetworkService: No access tech specific info passes for RegStateResult
02-18 15:50:40.168   672 28366 D NxpTml  : PN54X - Posting Fresh Write message.....
02-18 15:50:40.168   672 28366 D NxpTml  : PN54X - Tml Writer Thread Running................
02-18 15:50:40.168  3203  3684 D NRM-C-0 : onRequestNetworkRegistrationInfoComplete result: 0, info: NetworkRegistrationInfo{ domain=PS transportType=WWAN registrationState=NOT_REG_SEARCHING roamingType=NOT_ROAMING accessNetworkTechnology=UNKNOWN rejectCause=0 emergencyEnabled=false availableServices=[] cellIdentity=null voiceSpecificInfo=null dataSpecificInfo=android.telephony.DataSpecificRegistrationInfo :{ maxDataCalls = 16 isDcNrRestricted = false isNrAvailable = false isEnDcAvailable = false LteVopsSupportInfo :  mVopsSupport = 1 mEmcBearerSupport = 1 } nrState=NONE rRplmn= isUsingCarrierAggregation=false}
02-18 15:50:40.168   672 28368 D NxpHal  : write successful status = 0x0
02-18 15:50:40.168   672   672 D NxpHal  : Response timer started
02-18 15:50:40.168   672   672 D NxpHal  : Waiting after ext cmd sent
02-18 15:50:40.169  3203  3203 D RILJ    : [1898]> QUERY_NETWORK_SELECTION_MODE [PHONE0]
02-18 15:50:40.170  3203  3203 D SST     : [0] handleMessage: received event 4
02-18 15:50:40.170  3203  3203 D SST     : [0] QTISST: handlePollStateResultMessage processing 4
02-18 15:50:40.170  3203  3203 D SST     : [0] Could not set ServiceState channel number. CellIdentity null
02-18 15:50:40.170  3203  3203 D SST     : [0] handlePollStateResultMessage: CS cellular. NetworkRegistrationInfo{ domain=CS transportType=WWAN registrationState=NOT_REG_SEARCHING roamingType=NOT_ROAMING accessNetworkTechnology=UNKNOWN rejectCause=0 emergencyEnabled=false availableServices=[] cellIdentity=null voiceSpecificInfo=VoiceSpecificRegistrationInfo { mCssSupported=false mRoamingIndicator=0 mSystemIsInPrl=0 mDefaultRoamingIndicator=0} dataSpecificInfo=null nrState=NONE rRplmn= isUsingCarrierAggregation=false}
02-18 15:50:40.170  3203  3203 D SST     : [0] handleMessage: received event 5
02-18 15:50:40.170  3203  3203 D SST     : [0] QTISST: handlePollStateResultMessage processing 5
02-18 15:50:40.171  3203  3203 D SST     : [0] handlePollStateResultMessage: PS cellular. NetworkRegistrationInfo{ domain=PS transportType=WWAN registrationState=NOT_REG_SEARCHING roamingType=NOT_ROAMING accessNetworkTechnology=UNKNOWN rejectCause=0 emergencyEnabled=false availableServices=[] cellIdentity=null voiceSpecificInfo=null dataSpecificInfo=android.telephony.DataSpecificRegistrationInfo :{ maxDataCalls = 16 isDcNrRestricted = false isNrAvailable = false isEnDcAvailable = false LteVopsSupportInfo :  mVopsSupport = 1 mEmcBearerSupport = 1 } nrState=NONE rRplmn= isUsingCarrierAggregation=false}
02-18 15:50:40.171  3203  3402 D RILJ    : [1898]< QUERY_NETWORK_SELECTION_MODE {0} [PHONE0]
02-18 15:50:40.171  3203  3203 E SST     : [0] Exception while polling service state. Probably malformed RIL response.java.lang.NullPointerException: Attempt to invoke virtual method 'int android.telephony.CellIdentity.getType()' on a null object reference
02-18 15:50:40.172  3203  3203 D SST     : [0] combinePsRegistrationStates: {mVoiceRegState=1(OUT_OF_SERVICE), mDataRegState=1(OUT_OF_SERVICE), mChannelNumber=-1, duplexMode()=0, mCellBandwidths=[], mOperatorAlphaLong=, mOperatorAlphaShort=, isManualNetworkSelection=false(automatic), getRilVoiceRadioTechnology=0(Unknown), getRilDataRadioTechnology=0(Unknown), mCssIndicator=unsupported, mNetworkId=-1, mSystemId=-1, mCdmaRoamingIndicator=-1, mCdmaDefaultRoamingIndicator=-1, mIsEmergencyOnly=false, isUsingCarrierAggregation=false, mArfcnRsrpBoost=0, mNetworkRegistrationInfos=[NetworkRegistrationInfo{ domain=PS transportType=WLAN registrationState=NOT_REG_OR_SEARCHING roamingType=NOT_ROAMING accessNetworkTechnology=IWLAN rejectCause=0 emergencyEnabled=false availableServices=[] cellIdentity=null voiceSpecificInfo=null dataSpecificInfo=null nrState=NONE rRplmn= isUsingCarrierAggregation=false}, NetworkRegistrationInfo{ domain=CS transportType=WWAN registrationState=NOT_REG_SEARCHING roamingType=NOT_ROAMING accessNetworkTechnology=UNKNOWN rejectCause=0 emergencyEnabled=false availableServices=[] cellIdentity=null voiceSpecificInfo=VoiceSpecificRegistrationInfo { mCssSupported=false mRoamingIndicator=0 mSystemIsInPrl=0 mDefaultRoamingIndicator=0} dataSpecificInfo=null nrState=NONE rRplmn= isUsingCarrierAggregation=false}, NetworkRegistrationInfo{ domain=PS transportType=WWAN registrationState=NOT_REG_SEARCHING roamingType=NOT_ROAMING accessNetworkTechnology=UNKNOWN rejectCause=0 emergencyEnabled=false availableServices=[] cellIdentity=null voiceSpecificInfo=null dataSpecificInfo=android.telephony.DataSpecificRegistrationInfo :{ maxDataCalls = 16 isDcNrRestricted = false isNrAvailable = false isEnDcAvailable = false LteVopsSupportInfo :  mVopsSupport = 1 mEmcBearerSupport = 1 } nrState=NONE rRplmn= isUsingCarrierAggregation=false}], mNrFrequencyRange=0, mOperatorAlphaLongRaw=, mOperatorAlphaShortRaw=, mIsDataRoamingFromRegistration=false, mIsIwlanPreferred=false}
02-18 15:50:40.174   672 28365 D NxpTml  : PN54X - I2C Read successful.....
02-18 15:50:40.174   672 28365 D NxpNciR : len =   5 > 4002020000
02-18 15:50:40.175   672 28365 D NxpTml  : PN54X - Posting read message.....
02-18 15:50:40.175  3203  3203 D SST     : [0] Could not set ServiceState channel number. CellIdentity null
02-18 15:50:40.175  3203  3203 D SST     : [0] Poll ServiceState done:  oldSS=[{mVoiceRegState=3(POWER_OFF), mDataRegState=3(POWER_OFF), mChannelNumber=-1, duplexMode()=0, mCellBandwidths=[], mOperatorAlphaLong=null, mOperatorAlphaShort=null, isManualNetworkSelection=false(automatic), getRilVoiceRadioTechnology=0(Unknown), getRilDataRadioTechnology=0(Unknown), mCssIndicator=unsupported, mNetworkId=-1, mSystemId=-1, mCdmaRoamingIndicator=-1, mCdmaDefaultRoamingIndicator=-1, mIsEmergencyOnly=false, isUsingCarrierAggregation=false, mArfcnRsrpBoost=0, mNetworkRegistrationInfos=[NetworkRegistrationInfo{ domain=CS transportType=WWAN registrationState=UNKNOWN roamingType=NOT_ROAMING accessNetworkTechnology=UNKNOWN rejectCause=0 emergencyEnabled=false availableServices=[] cellIdentity=null voiceSpecificInfo=null dataSpecificInfo=null nrState=NONE rRplmn= isUsingCarrierAggregation=false}, NetworkRegistrationInfo{ domain=PS transportType=WWAN registrationState=UNKNOWN roamingType=NOT_ROAMING accessNetworkTechnology=UNKNOWN rejectCause=0 emergencyEnabled=false availableServices=[] cellIdentity=null voiceSpecificInfo=null dataSpecificInfo=null nrState=NONE rRplmn= isUsingCarrierAggregation=false}], mNrFrequencyRange=0, mOperatorAlphaLongRaw=null, mOperatorAlphaShortRaw=null, mIsDataRoamingFromRegistration=false, mIsIwlanPreferred=false}] newSS=[{mVoiceRegState=1(OUT_OF_SERVICE), mDataRegState=1(OUT_OF_SERVICE), mChannelNumber=-1, duplexMode()=0, mCellBandwidths=[], mOperatorAlphaLong=, mOperatorAlphaShort=, isManualNetworkSelection=false(automatic), getRilVoiceRadioTechnology=0(Unknown), getRilDataRadioTechnology=0(Unknown), mCssIndicator=unsupported, mNetworkId=-1, mSystemId=-1, mCdmaRoamingIndicator=-1, mCdmaDefaultRoamingIndicator=-1, mIsEmergencyOnly=false, isUsingCarrierAggregation=false, mArfcnRsrpBoost=0, mNetworkRegistrationInfos=[NetworkRegistrationInfo{ domain=PS transportType=WLAN registrationState=NOT_REG_OR_SEARCHING roamingType=NOT_ROAMING accessNetworkTechnology=IWLAN rejectCause=0 emergencyEnabled=false availableServices=[] cellIdentity=null voiceSpecificInfo=null dataSpecificInfo=null nrState=NONE rRplmn= isUsingCarrierAggregation=false}, NetworkRegistrationInfo{ domain=CS transportType=WWAN registrationState=NOT_REG_SEARCHING roamingType=NOT_ROAMING accessNetworkTechnology=UNKNOWN rejectCause=0 emergencyEnabled=false availableServices=[] cellIdentity=null voiceSpecificInfo=VoiceSpecificRegistrationInfo { mCssSupported=false mRoamingIndicator=0 mSystemIsInPrl=0 mDefaultRoamingIndicator=0} dataSpecificInfo=null nrState=NONE rRplmn= isUsingCarrierAggregation=false}, NetworkRegistrationInfo{ domain=PS transportType=WWAN registrationState=NOT_REG_SEARCHING roamingType=NOT_ROAMING accessNetworkTechnology=UNKNOWN rejectCause=0 emergencyEnabled=false availableServices=[] cellIdentity=null voiceSpecificInfo=null dataSpecificInfo=android.telephony.DataSpecificRegistrationInfo :{ maxDataCalls = 16 isDcNrRestricted = false isNrAvailable = false isEnDcAvailable = false LteVopsSupportInfo :  mVopsSupport = 1 mEmcBearerSupport = 1 } nrState=NONE rRplmn= isUsingCarrierAggregation=false}], mNrFrequencyRange=0, mOperatorAlphaLongRaw=, mOperatorAlphaShortRaw=, mIsDataRoamingFromRegistration=false, mIsIwlanPreferred=false}] oldMaxDataCalls=16 mNewMaxDataCalls=16 oldReasonDataDenied=0 mNewReasonDataDenied=0
02-18 15:50:40.175  3203  3203 D SST     : [0] pollStateDone: hasRegistered = false hasDeregistered = false hasDataAttached = {1=false, 2=false} hasDataDetached = {1=false, 2=false} hasDataRegStateChanged = {1=true, 2=true} hasRilVoiceRadioTechnologyChanged = false hasRilDataRadioTechnologyChanged = {1=true, 2=true} hasDataTransportPreferenceChanged = false hasChanged = true hasVoiceRoamingOn = false hasVoiceRoamingOff = false hasDataRoamingOn =false hasDataRoamingOff = false hasLocationChanged = false has4gHandoff = false hasMultiApnSupport = false hasLostMultiApnSupport = false hasCssIndicatorChanged = false hasNrFrequencyRangeChanged = false hasNrStateChanged = false hasAirplaneModeOnlChanged = false
02-18 15:50:40.175  3203  3203 I gsm_service_state_change: [3,3,1,1]
02-18 15:50:40.175   672 28368 D NxpHal  : read successful status = 0x0
02-18 15:50:40.175   672 28368 D NxpHal  : phNxpNciHal_print_res_status: response status =STATUS_OK
02-18 15:50:40.175   672   672 D NxpHal  : Response timer stopped
02-18 15:50:40.175   672   672 D NxpHal  : Checking response
02-18 15:50:40.175   672 28365 D NxpTml  : PN54X - Read requested.....
02-18 15:50:40.175   672   672 D NxpHal  : request_EEPROM Enter  request_type : 0x10,  request_mode : 0x02,  bufflen : 0x01
02-18 15:50:40.175   672 28365 D NxpTml  : PN54X - Invoking I2C Read.....
02-18 15:50:40.175   672 28366 D NxpTml  : PN54X - Write requested.....
02-18 15:50:40.175   672 28366 D NxpTml  : PN54X - Invoking I2C Write.....
02-18 15:50:40.176   672 28366 D NxpNciX : len =   6 > 20030301A007
02-18 15:50:40.176   672 28366 D NxpTml  : PN54X - I2C Write successful.....
02-18 15:50:40.176   672 28366 D NxpTml  : PN54X - Posting Fresh Write message.....
02-18 15:50:40.176   672 28366 D NxpTml  : PN54X - Tml Writer Thread Running................
02-18 15:50:40.176   672 28368 D NxpHal  : write successful status = 0x0
02-18 15:50:40.177   672   672 D NxpHal  : Response timer started
02-18 15:50:40.177   672   672 D NxpHal  : Waiting after ext cmd sent
02-18 15:50:40.177   672 28365 D NxpTml  : PN54X - I2C Read successful.....
02-18 15:50:40.177   672 28365 D NxpNciR : len =   9 > 4003060001A0070101
02-18 15:50:40.177   672 28365 D NxpTml  : PN54X - Posting read message.....
02-18 15:50:40.177   672 28368 D NxpHal  : read successful status = 0x0
02-18 15:50:40.177   672 28368 D NxpHal  : phNxpNciHal_print_res_status: response status =STATUS_OK
02-18 15:50:40.177   672 28365 D NxpTml  : PN54X - Read requested.....
02-18 15:50:40.177   672   672 D NxpHal  : Response timer stopped
02-18 15:50:40.177   672 28365 D NxpTml  : PN54X - Invoking I2C Read.....
02-18 15:50:40.177   672   672 D NxpHal  : Checking response
02-18 15:50:40.177   672   672 D android.hardware.nfc@1.2-service: request_EEPROM: values are same no update required
02-18 15:50:40.177   672   672 D NxpHal  : request_EEPROM Enter  request_type : 0x0f,  request_mode : 0x02,  bufflen : 0x01
02-18 15:50:40.177   672 28366 D NxpTml  : PN54X - Write requested.....
02-18 15:50:40.177   672 28366 D NxpTml  : PN54X - Invoking I2C Write.....
02-18 15:50:40.178   672 28366 D NxpNciX : len =   6 > 20030301A08E
02-18 15:50:40.178   672 28366 D NxpTml  : PN54X - I2C Write successful.....
02-18 15:50:40.178   672 28366 D NxpTml  : PN54X - Posting Fresh Write message.....
02-18 15:50:40.178   672 28366 D NxpTml  : PN54X - Tml Writer Thread Running................
02-18 15:50:40.178   672 28368 D NxpHal  : write successful status = 0x0
02-18 15:50:40.178   672   672 D NxpHal  : Response timer started
02-18 15:50:40.178   672   672 D NxpHal  : Waiting after ext cmd sent
02-18 15:50:40.178  3203  3203 D SST     : [0] updateSpnDisplayLegacy+
02-18 15:50:40.178   672 28365 D NxpTml  : PN54X - I2C Read successful.....
02-18 15:50:40.178   672 28365 D NxpNciR : len =   9 > 4003060001A08E0100
02-18 15:50:40.178   672 28365 D NxpTml  : PN54X - Posting read message.....
02-18 15:50:40.178   672 28368 D NxpHal  : read successful status = 0x0
02-18 15:50:40.178   672 28368 D NxpHal  : phNxpNciHal_print_res_status: response status =STATUS_OK
02-18 15:50:40.178   672   672 D NxpHal  : Response timer stopped
02-18 15:50:40.179   672   672 D NxpHal  : Checking response
02-18 15:50:40.179   672 28365 D NxpTml  : PN54X - Read requested.....
02-18 15:50:40.179   672 28366 D NxpTml  : PN54X - Write requested.....
02-18 15:50:40.179   672 28365 D NxpTml  : PN54X - Invoking I2C Read.....
02-18 15:50:40.179   672 28366 D NxpTml  : PN54X - Invoking I2C Write.....
02-18 15:50:40.179   672 28366 D NxpNciX : len =   8 > 20020501A08E0101
02-18 15:50:40.179   672 28366 D NxpTml  : PN54X - I2C Write successful.....
02-18 15:50:40.179   672 28366 D NxpTml  : PN54X - Posting Fresh Write message.....
02-18 15:50:40.179   672 28366 D NxpTml  : PN54X - Tml Writer Thread Running................
02-18 15:50:40.179   672 28368 D NxpHal  : write successful status = 0x0
02-18 15:50:40.179   672   672 D NxpHal  : Response timer started
02-18 15:50:40.179   672   672 D NxpHal  : Waiting after ext cmd sent
02-18 15:50:40.182  3203  3203 D SST     : [0] updateSpnDisplay: radio is on but out of service, set plmn='æ²¡æœ‰æœåŠ¡'
02-18 15:50:40.180     0     0 F [kworke][0x1d58311e9b][15:50:40.173856] wlan: [27221:F:WMA] WMA --> wmi_unified_attach - success
02-18 15:50:40.184  3203  3203 D SST     : [0] updateSpnDisplay: rawSpn = CMCC
02-18 15:50:40.186   672 28365 D NxpTml  : PN54X - I2C Read successful.....
02-18 15:50:40.186   672 28365 D NxpNciR : len =   5 > 4002020000
02-18 15:50:40.186   672 28365 D NxpTml  : PN54X - Posting read message.....
02-18 15:50:40.187   672 28368 D NxpHal  : read successful status = 0x0
02-18 15:50:40.187   672 28368 D NxpHal  : phNxpNciHal_print_res_status: response status =STATUS_OK
02-18 15:50:40.187   672   672 D NxpHal  : Response timer stopped
02-18 15:50:40.187   672   672 D NxpHal  : Checking response
02-18 15:50:40.187   672   672 D NxpHal  : request_EEPROM Enter  request_type : 0x01,  request_mode : 0x01,  bufflen : 0x01
02-18 15:50:40.187   672 28366 D NxpTml  : PN54X - Write requested.....
02-18 15:50:40.187   672 28365 D NxpTml  : PN54X - Read requested.....
02-18 15:50:40.187   672 28366 D NxpTml  : PN54X - Invoking I2C Write.....
02-18 15:50:40.187   672 28365 D NxpTml  : PN54X - Invoking I2C Read.....
02-18 15:50:40.187   672 28366 D NxpNciX : len =   6 > 20030301A00F
02-18 15:50:40.187   672 28366 D NxpTml  : PN54X - I2C Write successful.....
02-18 15:50:40.187   672 28366 D NxpTml  : PN54X - Posting Fresh Write message.....
02-18 15:50:40.188   672 28366 D NxpTml  : PN54X - Tml Writer Thread Running................
02-18 15:50:40.188   672 28368 D NxpHal  : write successful status = 0x0
02-18 15:50:40.188   672   672 D NxpHal  : Response timer started
02-18 15:50:40.188   672   672 D NxpHal  : Waiting after ext cmd sent
02-18 15:50:40.189   672 28365 D NxpTml  : PN54X - I2C Read successful.....
02-18 15:50:40.189   672 28365 D NxpNciR : len =  40 > 4003250001A00F200100000000000000000000000000000000000000000000000000000000000000
02-18 15:50:40.189   672 28365 D NxpTml  : PN54X - Posting read message.....
02-18 15:50:40.189   672 28368 D NxpHal  : read successful status = 0x0
02-18 15:50:40.189   672 28368 D NxpHal  : phNxpNciHal_print_res_status: response status =STATUS_OK
02-18 15:50:40.189   672 28365 D NxpTml  : PN54X - Read requested.....
02-18 15:50:40.189   672 28365 D NxpTml  : PN54X - Invoking I2C Read.....
02-18 15:50:40.189   672   672 D NxpHal  : Response timer stopped
02-18 15:50:40.189   672   672 D NxpHal  : Checking response
02-18 15:50:40.189   672   672 D NxpExtns: find found NXP_SET_CONFIG_ALWAYS=(0x1)
02-18 15:50:40.189   672   672 D NxpHal  : EEPROM_fw_dwnld_flag : 0x00 SetConfigAlways flag : 0x01
02-18 15:50:40.189   672   672 D android.hardware.nfc@1.2-service: isModified enter; conf file type 0
02-18 15:50:40.189   672   672 E android.hardware.nfc@1.2-service: isModified Unable to open file assume modified
02-18 15:50:40.189   672   672 D NxpHal  : Performing TVDD Settings
02-18 15:50:40.189  3203  3203 D SST     : [0] updateSpnDisplay: updateSpnDisplay: changed sending intent, rule=3, showPlmn='true', plmn='æ²¡æœ‰æœåŠ¡', showSpn='false', spn='CMCC', dataSpn='CMCC', subId='1'
02-18 15:50:40.189   672   672 D NxpExtns: find found NXP_DEFAULT_UICC2_SELECT=(0x0)
02-18 15:50:40.189   672   672 D NxpHal  : request_EEPROM Enter  request_type : 0x0c,  request_mode : 0x02,  bufflen : 0x01
02-18 15:50:40.190   672 28366 D NxpTml  : PN54X - Write requested.....
02-18 15:50:40.190   672 28366 D NxpTml  : PN54X - Invoking I2C Write.....
02-18 15:50:40.190   672 28366 D NxpNciX : len =   6 > 20030301A10B
02-18 15:50:40.190   672 28366 D NxpTml  : PN54X - I2C Write successful.....
02-18 15:50:40.190   672 28366 D NxpTml  : PN54X - Posting Fresh Write message.....
02-18 15:50:40.190   672 28366 D NxpTml  : PN54X - Tml Writer Thread Running................
02-18 15:50:40.190   672 28368 D NxpHal  : write successful status = 0x0
02-18 15:50:40.190   672   672 D NxpHal  : Response timer started
02-18 15:50:40.190   672   672 D NxpHal  : Waiting after ext cmd sent
02-18 15:50:40.191   672 28365 D NxpTml  : PN54X - I2C Read successful.....
02-18 15:50:40.191   672 28365 D NxpNciR : len =   9 > 4003060001A10B010F
02-18 15:50:40.191   672 28365 D NxpTml  : PN54X - Posting read message.....
02-18 15:50:40.191  3203  3203 D SubscriptionController: [setCarrierText]+ text:æ²¡æœ‰æœåŠ¡ subId:1
02-18 15:50:40.191   672 28368 D NxpHal  : read successful status = 0x0
02-18 15:50:40.191   672 28368 D NxpHal  : phNxpNciHal_print_res_status: response status =STATUS_OK
02-18 15:50:40.191   672 28365 D NxpTml  : PN54X - Read requested.....
02-18 15:50:40.191   672   672 D NxpHal  : Response timer stopped
02-18 15:50:40.191  3203  3203 D TelephonyProvider: subIdString = 1 subId = 1
02-18 15:50:40.191   672 28365 D NxpTml  : PN54X - Invoking I2C Read.....
02-18 15:50:40.191   672   672 D NxpHal  : Checking response
02-18 15:50:40.191   672   672 D android.hardware.nfc@1.2-service: request_EEPROM: values are same no update required
02-18 15:50:40.191   672   672 D NxpHal  : Performing SRD Timeout settings
02-18 15:50:40.191   672   672 D NxpHal  : Performing ndef nfcee config settings
02-18 15:50:40.191   672   672 D NxpExtns: find found NXP_T4T_NFCEE_ENABLE=(0x1)
02-18 15:50:40.191   672   672 D NxpHal  : request_EEPROM Enter  request_type : 0x0d,  request_mode : 0x02,  bufflen : 0x01
02-18 15:50:40.192   672 28366 D NxpTml  : PN54X - Write requested.....
02-18 15:50:40.192   672 28366 D NxpTml  : PN54X - Invoking I2C Write.....
02-18 15:50:40.192   672 28366 D NxpNciX : len =   6 > 20030301A095
02-18 15:50:40.192   672 28366 D NxpTml  : PN54X - I2C Write successful.....
02-18 15:50:40.192   672 28366 D NxpTml  : PN54X - Posting Fresh Write message.....
02-18 15:50:40.192   672 28366 D NxpTml  : PN54X - Tml Writer Thread Running................
02-18 15:50:40.192   672 28368 D NxpHal  : write successful status = 0x0
02-18 15:50:40.192   672   672 D NxpHal  : Response timer started
02-18 15:50:40.192   672   672 D NxpHal  : Waiting after ext cmd sent
02-18 15:50:40.193   672 28365 D NxpTml  : PN54X - I2C Read successful.....
02-18 15:50:40.193   672 28365 D NxpNciR : len =   9 > 4003060001A0950101
02-18 15:50:40.193   672 28365 D NxpTml  : PN54X - Posting read message.....
02-18 15:50:40.194   672 28368 D NxpHal  : read successful status = 0x0
02-18 15:50:40.194   672 28368 D NxpHal  : phNxpNciHal_print_res_status: response status =STATUS_OK
02-18 15:50:40.194   672   672 D NxpHal  : Response timer stopped
02-18 15:50:40.194   672   672 D NxpHal  : Checking response
02-18 15:50:40.194   672   672 D android.hardware.nfc@1.2-service: request_EEPROM: values are same no update required
02-18 15:50:40.194   672   672 D NxpHal  : Performing ISODEP sak merge settings
02-18 15:50:40.194   672   672 D NxpExtns: find found NXP_ISO_DEP_MERGE_SAK=(0x1)
02-18 15:50:40.194   672   672 D NxpHal  : request_EEPROM Enter  request_type : 0x11,  request_mode : 0x02,  bufflen : 0x01
02-18 15:50:40.194   672 28366 D NxpTml  : PN54X - Write requested.....
02-18 15:50:40.194   672 28365 D NxpTml  : PN54X - Read requested.....
02-18 15:50:40.194   672 28366 D NxpTml  : PN54X - Invoking I2C Write.....
02-18 15:50:40.194   672 28365 D NxpTml  : PN54X - Invoking I2C Read.....
02-18 15:50:40.195   672 28366 D NxpNciX : len =   6 > 20030301A11B
02-18 15:50:40.195   672 28366 D NxpTml  : PN54X - I2C Write successful.....
02-18 15:50:40.195   672 28366 D NxpTml  : PN54X - Posting Fresh Write message.....
02-18 15:50:40.195   672 28366 D NxpTml  : PN54X - Tml Writer Thread Running................
02-18 15:50:40.195   672 28368 D NxpHal  : write successful status = 0x0
02-18 15:50:40.195   672   672 D NxpHal  : Response timer started
02-18 15:50:40.195   672   672 D NxpHal  : Waiting after ext cmd sent
02-18 15:50:40.196   672 28365 D NxpTml  : PN54X - I2C Read successful.....
02-18 15:50:40.196   672 28365 D NxpNciR : len =   9 > 4003060001A11B0101
02-18 15:50:40.196   672 28365 D NxpTml  : PN54X - Posting read message.....
02-18 15:50:40.197   672 28368 D NxpHal  : read successful status = 0x0
02-18 15:50:40.197   672 28368 D NxpHal  : phNxpNciHal_print_res_status: response status =STATUS_OK
02-18 15:50:40.197   672   672 D NxpHal  : Response timer stopped
02-18 15:50:40.197   672 28365 D NxpTml  : PN54X - Read requested.....
02-18 15:50:40.197   672   672 D NxpHal  : Checking response
02-18 15:50:40.197   672 28365 D NxpTml  : PN54X - Invoking I2C Read.....
02-18 15:50:40.197   672   672 D android.hardware.nfc@1.2-service: request_EEPROM: values are same no update required
02-18 15:50:40.197   672   672 D NxpHal  : Performing NAME_NXP_CORE_CONF_EXTN Settings
02-18 15:50:40.197   672   672 D NxpExtns: find found NXP_CORE_CONF_EXTN=  ì
02-18 15:50:40.197   672 28366 D NxpTml  : PN54X - Write requested.....
02-18 15:50:40.197   672 28366 D NxpTml  : PN54X - Invoking I2C Write.....
02-18 15:50:40.198   672 28366 D NxpNciX : len =  21 > 20021204A0EC0100A0ED0101A1130132A08002FA00
02-18 15:50:40.198   672 28366 D NxpTml  : PN54X - I2C Write successful.....
02-18 15:50:40.198   672 28366 D NxpTml  : PN54X - Posting Fresh Write message.....
02-18 15:50:40.198   672 28366 D NxpTml  : PN54X - Tml Writer Thread Running................
02-18 15:50:40.198   672 28368 D NxpHal  : write successful status = 0x0
02-18 15:50:40.198   672   672 D NxpHal  : Response timer started
02-18 15:50:40.198   672   672 D NxpHal  : Waiting after ext cmd sent
02-18 15:50:40.199  3203  3203 D TelephonyProvider: query: url=content://telephony/siminfo, projectionIn=null, selection=sim_id>=0 OR subscription_type=1selectionArgs=null, sort=null
02-18 15:50:40.199  3203  3203 D TelephonyProvider: Using old permission behavior for telephony provider compat
02-18 15:50:40.199   672 28365 D NxpTml  : PN54X - I2C Read successful.....
02-18 15:50:40.200   672 28365 D NxpNciR : len =   5 > 4002020000
02-18 15:50:40.200   672 28365 D NxpTml  : PN54X - Posting read message.....
02-18 15:50:40.203  3203  3203 D SubscriptionController: Active subscription info list changed. [{id=1 iccId=89860012262081786394 simSlotIndex=0 carrierId=1435 displayName=CMCC carrierName=æ²¡æœ‰æœåŠ¡ nameSource=1 iconTint=-16746133 number=19829368690 dataRoaming=0 iconBitmap=android.graphics.Bitmap@1485e73 mcc=460 mnc=02 countryIso=cn isEmbedded=false nativeAccessRules=null cardString=89860012262081786394 cardId=0 isOpportunistic=false groupUUID=null isGroupDisabled=false profileClass=-1 ehplmns=[46000, 46007, 46002, 46008] hplmns=[46000, 46000, 46000] subscriptionType=0 groupOwner=null carrierConfigAccessRules=null areUiccApplicationsEnabled=true}]
02-18 15:50:40.203  3203  3203 D TelephonyProvider: query: url=content://telephony/siminfo, projectionIn=null, selection=is_opportunistic=1 AND (sim_id>=0 OR is_embedded=1)selectionArgs=null, sort=null
02-18 15:50:40.203  3203  3203 D TelephonyProvider: Using old permission behavior for telephony provider compat
02-18 15:50:40.204   672 28368 D NxpHal  : read successful status = 0x0
02-18 15:50:40.205   672 28368 D NxpHal  : phNxpNciHal_print_res_status: response status =STATUS_OK
02-18 15:50:40.205   672   672 D NxpHal  : Response timer stopped
02-18 15:50:40.205   672 28365 D NxpTml  : PN54X - Read requested.....
02-18 15:50:40.205   672   672 D NxpHal  : Checking response
02-18 15:50:40.205   672 28365 D NxpTml  : PN54X - Invoking I2C Read.....
02-18 15:50:40.205   672   672 D NxpHal  : Performing SE Settings
02-18 15:50:40.205   672   672 D NxpHal  : Get property : SUPPORT_ESE -1
02-18 15:50:40.205   672   672 D NxpHal  : Get property : SUPPORT_UICC -1
02-18 15:50:40.205   672   672 D NxpHal  : Get property : SUPPORT_UICC2 -1
02-18 15:50:40.205   672   672 D NxpHal  : Performing NAME_NXP_CORE_CONF Settings
02-18 15:50:40.205   672   672 D NxpExtns: find found NXP_CORE_CONF= %(
02-18 15:50:40.205   672 28366 D NxpTml  : PN54X - Write requested.....
02-18 15:50:40.205  3203  3203 D SubscriptionController: notifySubscriptionInfoChanged:
02-18 15:50:40.205   672 28366 D NxpTml  : PN54X - Invoking I2C Write.....
02-18 15:50:40.206   672 28366 D NxpNciX : len =  40 > 2002250B2801002101003304010203045401065B01003E010080010181010182010E180101680101
02-18 15:50:40.206   672 28366 D NxpTml  : PN54X - I2C Write successful.....
02-18 15:50:40.206   672 28366 D NxpTml  : PN54X - Posting Fresh Write message.....
02-18 15:50:40.206   672 28366 D NxpTml  : PN54X - Tml Writer Thread Running................
02-18 15:50:40.206  3203  3672 D TelephonyProvider: query: url=content://telephony/siminfo, projectionIn=null, selection=nullselectionArgs=null, sort=null
02-18 15:50:40.207  3203  3672 D TelephonyProvider: Using old permission behavior for telephony provider compat
02-18 15:50:40.207   672 28368 D NxpHal  : write successful status = 0x0
02-18 15:50:40.207   672   672 D NxpHal  : Response timer started
02-18 15:50:40.207   672   672 D NxpHal  : Waiting after ext cmd sent
02-18 15:50:40.208  2843  2843 D QCNEJ/DataCallAgent: onSubscriptionsChanged: new DDS 1
02-18 15:50:40.208 11848 11848 I Finsky  : [2] iku.onSubscriptionsChanged(1): onSubscriptionsChanged
02-18 15:50:40.208  3203  3203 D MultiSimSettingController: notifySubscriptionInfoChanged
02-18 15:50:40.208  3203  3203 D SST     : [0] updateSpnDisplayLegacy-
02-18 15:50:40.209  2843  4530 D QCNEJ/DataCallAgent: phoneCount: 1
02-18 15:50:40.209  2843  4530 D QCNEJ/DataCallAgent: subs for 0th slot: [1]
02-18 15:50:40.209  2843  2843 D QCNEJ/WwanInfoRelay: onSubscriptionsChanged currDDSId: 1 new DDS 1
02-18 15:50:40.209  2843  4530 D QCNEJ/DataCallAgent: mSubInfoReady[0] is set to true
02-18 15:50:40.211   672 28365 D NxpTml  : PN54X - I2C Read successful.....
02-18 15:50:40.211   672 28365 D NxpNciR : len =   5 > 4002020000
02-18 15:50:40.211   672 28365 D NxpTml  : PN54X - Posting read message.....
02-18 15:50:40.211   672 28368 D NxpHal  : read successful status = 0x0
02-18 15:50:40.211   672 28368 D NxpHal  : phNxpNciHal_print_res_status: response status =STATUS_OK
02-18 15:50:40.211   672   672 D NxpHal  : Response timer stopped
02-18 15:50:40.211   672   672 D NxpHal  : Checking response
02-18 15:50:40.211   672   672 D NxpExtns: find found NXP_RF_CONF_BLK_1= ë ,ð
02-18 15:50:40.211   672   672 D NxpHal  :  Performing RF Settings BLK 1
02-18 15:50:40.212  3203  3626 D SubscriptionController: [getActiveSubscriptionInfoForSimSlotIndex]+ slotIndex=0 subId={id=1 iccId=89860012262081786394 simSlotIndex=0 carrierId=1435 displayName=CMCC carrierName=æ²¡æœ‰æœåŠ¡ nameSource=1 iconTint=-16746133 number=19829368690 dataRoaming=0 iconBitmap=android.graphics.Bitmap@1485e73 mcc=460 mnc=02 countryIso=cn isEmbedded=false nativeAccessRules=null cardString=89860012262081786394 cardId=0 isOpportunistic=false groupUUID=null isGroupDisabled=false profileClass=-1 ehplmns=[46000, 46007, 46002, 46008] hplmns=[46000, 46000, 46000] subscriptionType=0 groupOwner=null carrierConfigAccessRules=null areUiccApplicationsEnabled=true}
02-18 15:50:40.213  3203  3203 D SST     : [0] localeOperator  is invalid
02-18 15:50:40.214   672 28365 D NxpTml  : PN54X - Read requested.....
02-18 15:50:40.214   672 28365 D NxpTml  : PN54X - Invoking I2C Read.....
02-18 15:50:40.214  4485  4519 D OsAgent : [string_dataitem_update][2980] [HC] =>> [HS]
02-18 15:50:40.215  1009  1009 V LocSvc_HIDL_IzatSubscription: [stringDataItemUpdate][283] [HS] <<<<= [HC]
02-18 15:50:40.215   672   672 D NxpExtns: find found SOMC_PHASE_SETTINGS=(0x11)
02-18 15:50:40.215   672   672 D NxpExtns: find found SOMC_PHASE_SHIFT_TABLE_4=13120_13560_0.2045_-2806/13560_14000_0.1989_-2729
02-18 15:50:40.215   672   672 E NxpHal  : phNxpNciHal_somc_set_phase: Failed to calculate phase.
02-18 15:50:40.215   672 28366 D NxpTml  : PN54X - Write requested.....
02-18 15:50:40.215   672 28366 D NxpTml  : PN54X - Invoking I2C Write.....
02-18 15:50:40.218  3203  3203 D SST     : [0] Broadcasting ServiceState : {mVoiceRegState=1(OUT_OF_SERVICE), mDataRegState=1(OUT_OF_SERVICE), mChannelNumber=-1, duplexMode()=0, mCellBandwidths=[], mOperatorAlphaLong=, mOperatorAlphaShort=, isManualNetworkSelection=false(automatic), getRilVoiceRadioTechnology=0(Unknown), getRilDataRadioTechnology=0(Unknown), mCssIndicator=unsupported, mNetworkId=-1, mSystemId=-1, mCdmaRoamingIndicator=-1, mCdmaDefaultRoamingIndicator=-1, mIsEmergencyOnly=false, isUsingCarrierAggregation=false, mArfcnRsrpBoost=0, mNetworkRegistrationInfos=[NetworkRegistrationInfo{ domain=PS transportType=WLAN registrationState=NOT_REG_OR_SEARCHING roamingType=NOT_ROAMING accessNetworkTechnology=IWLAN rejectCause=0 emergencyEnabled=false availableServices=[] cellIdentity=null voiceSpecificInfo=null dataSpecificInfo=null nrState=NONE rRplmn= isUsingCarrierAggregation=false}, NetworkRegistrationInfo{ domain=CS transportType=WWAN registrationState=NOT_REG_SEARCHING roamingType=NOT_ROAMING accessNetworkTechnology=UNKNOWN rejectCause=0 emergencyEnabled=false availableServices=[] cellIdentity=null voiceSpecificInfo=VoiceSpecificRegistrationInfo { mCssSupported=false mRoamingIndicator=0 mSystemIsInPrl=0 mDefaultRoamingIndicator=0} dataSpecificInfo=null nrState=NONE rRplmn= isUsingCarrierAggregation=false}, NetworkRegistrationInfo{ domain=PS transportType=WWAN registrationState=NOT_REG_SEARCHING roamingType=NOT_ROAMING accessNetworkTechnology=UNKNOWN rejectCause=0 emergencyEnabled=false availableServices=[] cellIdentity=null voiceSpecificInfo=null dataSpecificInfo=android.telephony.DataSpecificRegistrationInfo :{ maxDataCalls = 16 isDcNrRestricted = false isNrAvailable = false isEnDcAvailable = false LteVopsSupportInfo :  mVopsSupport = 1 mEmcBearerSupport = 1 } nrState=NONE rRplmn= isUsingCarrierAggregation=false}], mNrFrequencyRange=0, mOperatorAlphaLongRaw=, mOperatorAlphaShortRaw=, mIsDataRoamingFromRegistration=false, mIsIwlanPreferred=false}
02-18 15:50:40.219  3203  3203 D DefaultPhoneNotifier: notifyServiceStateForSubId: mRegistryMgr=android.telephony.TelephonyRegistryManager@f3c4d45 ss={mVoiceRegState=1(OUT_OF_SERVICE), mDataRegState=1(OUT_OF_SERVICE), mChannelNumber=-1, duplexMode()=0, mCellBandwidths=[], mOperatorAlphaLong=, mOperatorAlphaShort=, isManualNetworkSelection=false(automatic), getRilVoiceRadioTechnology=0(Unknown), getRilDataRadioTechnology=0(Unknown), mCssIndicator=unsupported, mNetworkId=-1, mSystemId=-1, mCdmaRoamingIndicator=-1, mCdmaDefaultRoamingIndicator=-1, mIsEmergencyOnly=false, isUsingCarrierAggregation=false, mArfcnRsrpBoost=0, mNetworkRegistrationInfos=[NetworkRegistrationInfo{ domain=PS transportType=WLAN registrationState=NOT_REG_OR_SEARCHING roamingType=NOT_ROAMING accessNetworkTechnology=IWLAN rejectCause=0 emergencyEnabled=false availableServices=[] cellIdentity=null voiceSpecificInfo=null dataSpecificInfo=null nrState=NONE rRplmn= isUsingCarrierAggregation=false}, NetworkRegistrationInfo{ domain=CS transportType=WWAN registrationState=NOT_REG_SEARCHING roamingType=NOT_ROAMING accessNetworkTechnology=UNKNOWN rejectCause=0 emergencyEnabled=false availableServices=[] cellIdentity=null voiceSpecificInfo=VoiceSpecificRegistrationInfo { mCssSupported=false mRoamingIndicator=0 mSystemIsInPrl=0 mDefaultRoamingIndicator=0} dataSpecificInfo=null nrState=NONE rRplmn= isUsingCarrierAggregation=false}, NetworkRegistrationInfo{ domain=PS transportType=WWAN registrationState=NOT_REG_SEARCHING roamingType=NOT_ROAMING accessNetworkTechnology=UNKNOWN rejectCause=0 emergencyEnabled=false availableServices=[] cellIdentity=null voiceSpecificInfo=null dataSpecificInfo=android.telephony.DataSpecificRegistrationInfo :{ maxDataCalls = 16 isDcNrRestricted = false isNrAvailable = false isEnDcAvailable = false LteVopsSupportInfo :  mVopsSupport = 1 mEmcBearerSupport = 1 } nrState=NONE rRplmn= isUsingCarrierAggregation=false}], mNrFrequencyRange=0, mOperatorAlphaLongRaw=, mOperatorAlphaShortRaw=, mIsDataRoamingFromRegistration=false, mIsIwlanPreferred=false} sender=Handler (com.qualcomm.qti.internal.telephony.QtiGsmCdmaPhone) {77903c9} phondId=0 subId=1
02-18 15:50:40.220  3152  3152 D TransmitPower: TelephonyManagerObserver:onSubscriptionsChanged() : subId = 1
02-18 15:50:40.220  3152  3152 D TransmitPower: TelephonyManagerObserver:registerPhoneStateListener subId = 1
02-18 15:50:40.222   672 28366 D NxpNciX : len = 238 > 2002EB06A00E2CF0003E11E4E4E40000000000A78EFFFF0C0C0C0C0A0000000002000001001000040000001740FF0713070513A0A4851400010000000001000200030005000600070009000A000B000C000E000F00100012001300140015001700180019001B001C001D001F00200021002200240025002600280029002A002B002D002E002F0031003200330035003600370038003A003B003C003E003F00400041004300440045004700480049004B004C004D004E0050005100A0110708223201C8F6F6A0A50D3B3B3B3B3B3BFF031F003B0000A06A1028052805D80428057805780578052805A00D0361097E
02-18 15:50:40.222   672 28366 D NxpTml  : PN54X - I2C Write successful.....
02-18 15:50:40.222   672 28366 D NxpTml  : PN54X - Posting Fresh Write message.....
02-18 15:50:40.222   672 28366 D NxpTml  : PN54X - Tml Writer Thread Running................
02-18 15:50:40.222   672 28368 D NxpHal  : write successful status = 0x0
02-18 15:50:40.222   672   672 D NxpHal  : Response timer started
02-18 15:50:40.222   672   672 D NxpHal  : Waiting after ext cmd sent
02-18 15:50:40.224   672 28365 D NxpTml  : PN54X - I2C Read successful.....
02-18 15:50:40.224   672 28365 D NxpNciR : len =   5 > 4002020000
02-18 15:50:40.224   672 28365 D NxpTml  : PN54X - Posting read message.....
02-18 15:50:40.224   672 28368 D NxpHal  : read successful status = 0x0
02-18 15:50:40.224   672 28368 D NxpHal  : phNxpNciHal_print_res_status: response status =STATUS_OK
02-18 15:50:40.224   672   672 D NxpHal  : Response timer stopped
02-18 15:50:40.224   672   672 D NxpHal  : Checking response
02-18 15:50:40.224   672   672 D NxpExtns: find found NXP_RF_CONF_BLK_2= é œ¥"_
02-18 15:50:40.224   672   672 D NxpHal  :  Performing RF Settings BLK 2
02-18 15:50:40.224   672 28366 D NxpTml  : PN54X - Write requested.....
02-18 15:50:40.224   672 28365 D NxpTml  : PN54X - Read requested.....
02-18 15:50:40.224   672 28366 D NxpTml  : PN54X - Invoking I2C Write.....
02-18 15:50:40.224   672 28365 D NxpTml  : PN54X - Invoking I2C Read.....
02-18 15:50:40.225  3203  3627 D SubscriptionController: [getActiveSubscriptionInfoForSimSlotIndex]+ slotIndex=0 subId={id=1 iccId=89860012262081786394 simSlotIndex=0 carrierId=1435 displayName=CMCC carrierName=æ²¡æœ‰æœåŠ¡ nameSource=1 iconTint=-16746133 number=19829368690 dataRoaming=0 iconBitmap=android.graphics.Bitmap@1485e73 mcc=460 mnc=02 countryIso=cn isEmbedded=false nativeAccessRules=null cardString=89860012262081786394 cardId=0 isOpportunistic=false groupUUID=null isGroupDisabled=false profileClass=-1 ehplmns=[46000, 46007, 46002, 46008] hplmns=[46000, 46000, 46000] subscriptionType=0 groupOwner=null carrierConfigAccessRules=null areUiccApplicationsEnabled=true}
02-18 15:50:40.228  2547  2547 D GlobalActionsDialogLite: Service changed before actions created
02-18 15:50:40.229  3203  3233 D SubscriptionController: [getActiveSubscriptionInfoForSimSlotIndex]+ slotIndex=0 subId={id=1 iccId=89860012262081786394 simSlotIndex=0 carrierId=1435 displayName=CMCC carrierName=æ²¡æœ‰æœåŠ¡ nameSource=1 iconTint=-16746133 number=19829368690 dataRoaming=0 iconBitmap=android.graphics.Bitmap@1485e73 mcc=460 mnc=02 countryIso=cn isEmbedded=false nativeAccessRules=null cardString=89860012262081786394 cardId=0 isOpportunistic=false groupUUID=null isGroupDisabled=false profileClass=-1 ehplmns=[46000, 46007, 46002, 46008] hplmns=[46000, 46000, 46000] subscriptionType=0 groupOwner=null carrierConfigAccessRules=null areUiccApplicationsEnabled=true}
02-18 15:50:40.201     0     0 E [kworke][0x1d58375708][15:50:40.195088] wlan: [27221:E:QDF] htc_wait_target: Target Ready! TX resource : 2 size:2184, MaxMsgsPerHTCBundle = 1
02-18 15:50:40.223     0     0 E [kworke][0x1d583da731][15:50:40.216637] wlan: [27221:E:QDF] htc_setup_target_buffer_assignments: SVS Index : 1 TX : 0x100 : alloc:2
02-18 15:50:40.230  3203  3233 D Phone   : isImsCapabilityAvailable, capability=1, regTech=1, isAvailable=false
02-18 15:50:40.231   672 28366 D NxpNciX : len = 236 > 2002E916A00D069CA57F225F00A00D069C9D7F227F7FA00D069C97FF000F00A00D069C4F9F88FF01A00D069C4E9F88FF01A00D0695D4F8847500A00D0695D24A4B4B58A00D069DA984000000A00D069DA17F7F7F7FA00D069D997F7F7F7FA00D069D95FF000F00A00D069DA57F7F7F7FA00D069D9D7F7F7F7FA00D069D97FF000F00A00D069D4FFFFFFF01A00D069D4EFFFFFF01A00D0699D4F804E401A00D0699D24A4B4B48A0922837001B00FC810F0022800F0014002070EA014318321678300D000355EA05010468023F9204000C13A01F06630042001400A09A020000A0990A03008000008000000000
02-18 15:50:40.231   672 28366 D NxpTml  : PN54X - I2C Write successful.....
02-18 15:50:40.231   672 28366 D NxpTml  : PN54X - Posting Fresh Write message.....
02-18 15:50:40.231   672 28366 D NxpTml  : PN54X - Tml Writer Thread Running................
02-18 15:50:40.231  3203  3887 D Phone   : isImsCapabilityAvailable, capability=2, regTech=1, isAvailable=false
02-18 15:50:40.231   672 28368 D NxpHal  : write successful status = 0x0
02-18 15:50:40.231   672   672 D NxpHal  : Response timer started
02-18 15:50:40.231   672   672 D NxpHal  : Waiting after ext cmd sent
02-18 15:50:40.232  2207  2874 E PHONE   : ServiceState.getRadioTechnology() DEPRECATED will be removed *******
02-18 15:50:40.233  3203  3233 D TelephonyProvider: query: url=content://telephony/carriers/preferapn, projectionIn=[Ljava.lang.String;@2b2632e, selection=current=1selectionArgs=null, sort=null
02-18 15:50:40.234  2207  2347 W BroadcastQueue: Permission Denial: receiving Intent { act=android.intent.action.SERVICE_STATE flg=0x1000010 (has extras) } to ProcessRecord{ada83e7 2547:com.android.systemui/u0a242} (pid=2547, uid=10242) requires android.permission.READ_PHONE_STATE due to sender android (uid 1001)
02-18 15:50:40.233  3203  3233 D TelephonyProvider: query: selection modified to current=1 and edited!=2 and edited!=3 and edited!=5 and edited!=6
02-18 15:50:40.234  2207  2874 W ContextImpl: Calling a method in the system process without a qualified user: android.app.ContextImpl.sendBroadcastMultiplePermissions:1256 com.android.server.TelephonyRegistry.broadcastServiceStateChanged:2877 com.android.server.TelephonyRegistry.notifyServiceStateForPhoneId:1608 com.android.internal.telephony.ITelephonyRegistry$Stub.onTransact:455 android.os.Binder.execTransactInternal:1184 
02-18 15:50:40.234  3203  3627 D SubscriptionController: [getActiveSubscriptionInfoForSimSlotIndex]+ slotIndex=0 subId={id=1 iccId=89860012262081786394 simSlotIndex=0 carrierId=1435 displayName=CMCC carrierName=æ²¡æœ‰æœåŠ¡ nameSource=1 iconTint=-16746133 number=19829368690 dataRoaming=0 iconBitmap=android.graphics.Bitmap@1485e73 mcc=460 mnc=02 countryIso=cn isEmbedded=false nativeAccessRules=null cardString=89860012262081786394 cardId=0 isOpportunistic=false groupUUID=null isGroupDisabled=false profileClass=-1 ehplmns=[46000, 46007, 46002, 46008] hplmns=[46000, 46000, 46000] subscriptionType=0 groupOwner=null carrierConfigAccessRules=null areUiccApplicationsEnabled=true}
02-18 15:50:40.235  2207  2347 W BroadcastQueue: Permission Denial: receiving Intent { act=android.intent.action.SERVICE_STATE flg=0x1000010 (has extras) } to com.google.android.cellbroadcastreceiver/com.android.cellbroadcastreceiver.CellBroadcastReceiver requires android.permission.READ_PHONE_STATE due to sender android (uid 1001)
02-18 15:50:40.235  2207  2402 I commit_sys_config_file: [settings-0-0,28]
02-18 15:50:40.239  3203  3672 E PhoneSubInfoController: getLine1Number phone is null for Subscription:2
02-18 15:50:40.240  3203  3203 D ServiceStateProvider: subId=1
02-18 15:50:40.243     0     0 I [kworke][0x1d5843be23][15:50:40.237422] wlan: [27221:I:QDF] pktlogmod_init: Initialize pkt_log module
02-18 15:50:40.243     0     0 I [kworke][0x1d5843bf10][15:50:40.237434] wlan: [27221:I:QDF] pktlog_attach: attach pktlog resources
02-18 15:50:40.245     0     0 I [kworke][0x1d58442f10][15:50:40.238928] wlan: [28371:I:WMA] wma_rx_service_ready_event: Firmware build version : 332101bf
02-18 15:50:40.245     0     0 I [kworke][0x1d58443085][15:50:40.238947] wlan: [28371:I:WMA] wma_rx_service_ready_event: Board id: 0, Board version: 1a 0 0 0 6
02-18 15:50:40.245     0     0 I [kworke][0x1d58443132][15:50:40.238956] wlan: [28371:I:TXRX] ol_tx_set_desc_global_pool_size: Global pool size: 3600
02-18 15:50:40.245     0     0 E [kworke][0x1d58445056][15:50:40.239371] wlan: [28371:E:WMA] wma_update_supported_bands: wrong supported band
02-18 15:50:40.241  3152  3152 D TransmitPower: TelephonyManagerObserver:onServiceStateChanged() : subId = 1, phoneId = 0, state = 1, plmn = 
02-18 15:50:40.242  3152  3152 D TransmitPower: ProperSensorInfoNotifier:getProperSensorInfo() E : isCallActive = false, isScreenOn = true, isDataActive = false
02-18 15:50:40.242  3152  3152 D TransmitPower: ProperSensorInfoNotifier:getProperSensorInfo() X : shouldPowerOn = false, properDetectedValue = 0
02-18 15:50:40.243  3152  3152 D TransmitPower: AccSensorManager:onProperSensorInfoChanged()
02-18 15:50:40.243  3152  3152 D TransmitPower: AccSensorObserverMOTION_DETECTION:update(): detectedValue = 0
02-18 15:50:40.243  3152  3152 D TransmitPower: AccSensorObserverBHH_DETECTION:update(): detectedValue = 0
02-18 15:50:40.243  3152  3152 D TransmitPower: AccSensorObserverBHH_DIRECTION:update(): detectedValue = 0
02-18 15:50:40.243  3152  3152 D TransmitPower: TelephonyManagerObserver:onDataActivity() : subId = 1, isDataActive = false
02-18 15:50:40.244  3203  3629 D DC-C-1  : DcInactiveState not handled msg.what=EVENT_DATA_CONNECTION_DRS_OR_RAT_CHANGED
02-18 15:50:40.244  3203  3629 D DC-C-1  : DcDefault msg=EVENT_DATA_CONNECTION_DRS_OR_RAT_CHANGED RefCount=0
02-18 15:50:40.245  3203  3629 D DC-C-1  : updateTcpBufferSizes: unknown
02-18 15:50:40.245  3203  3629 D DC-C-1  : DcDefaultState: EVENT_DATA_CONNECTION_DRS_OR_RAT_CHANGED regState=OUT_OF_SERVICE RAT=Unknown
02-18 15:50:40.245  3203  3629 D DC-C-2  : DcInactiveState not handled msg.what=EVENT_DATA_CONNECTION_DRS_OR_RAT_CHANGED
02-18 15:50:40.245  3203  3629 D DC-C-2  : DcDefault msg=EVENT_DATA_CONNECTION_DRS_OR_RAT_CHANGED RefCount=0
02-18 15:50:40.245  3203  3629 D DC-C-2  : updateTcpBufferSizes: unknown
02-18 15:50:40.245  3203  3629 D DC-C-2  : DcDefaultState: EVENT_DATA_CONNECTION_DRS_OR_RAT_CHANGED regState=OUT_OF_SERVICE RAT=Unknown
02-18 15:50:40.247  3203  3672 D SubscriptionController: [getActiveSubscriptionInfoForSimSlotIndex]+ slotIndex=0 subId={id=1 iccId=89860012262081786394 simSlotIndex=0 carrierId=1435 displayName=CMCC carrierName=æ²¡æœ‰æœåŠ¡ nameSource=1 iconTint=-16746133 number=19829368690 dataRoaming=0 iconBitmap=android.graphics.Bitmap@1485e73 mcc=460 mnc=02 countryIso=cn isEmbedded=false nativeAccessRules=null cardString=89860012262081786394 cardId=0 isOpportunistic=false groupUUID=null isGroupDisabled=false profileClass=-1 ehplmns=[46000, 46007, 46002, 46008] hplmns=[46000, 46000, 46000] subscriptionType=0 groupOwner=null carrierConfigAccessRules=null areUiccApplicationsEnabled=true}
02-18 15:50:40.248  3203  3203 D RILJ    : [1899]> SIGNAL_STRENGTH [PHONE0]
02-18 15:50:40.248  3203  3203 D SST     : [0] notifyVoiceRegStateRilRadioTechnologyChanged: vrs=1 rat=0
02-18 15:50:40.248  3203  3203 D SST     : [0] SubscriptionListener.onSubscriptionInfoChanged
02-18 15:50:40.249  3203  3754 D SomcTelPerformance: sim1: [RadioPoweredOn,mReason=airplaneModeOff,2022-02-18 15:50:40.249,radio is on,Preferred network mode from database is 26,Preferred network mode from modem is 26,Network selection from modem is auto]
02-18 15:50:40.249  3203  3402 D RILJ    : [1899]< SIGNAL_STRENGTH SignalStrength:{mCdma=CellSignalStrengthCdma: cdmaDbm=2147483647 cdmaEcio=2147483647 evdoDbm=2147483647 evdoEcio=2147483647 evdoSnr=2147483647 level=0,mGsm=CellSignalStrengthGsm: rssi=2147483647 ber=2147483647 mTa=2147483647 mLevel=0,mWcdma=CellSignalStrengthWcdma: ss=2147483647 ber=2147483647 rscp=2147483647 ecno=2147483647 level=0,mTdscdma=CellSignalStrengthTdscdma: rssi=2147483647 ber=2147483647 rscp=2147483647 level=0,mLte=CellSignalStrengthLte: rssi=2147483647 rsrp=2147483647 rsrq=2147483647 rssnr=2147483647 cqiTableIndex=2147483647 cqi=2147483647 ta=2147483647 level=0 parametersUseForLevel=1,mNr=CellSignalStrengthNr:{ csiRsrp = 2147483647 csiRsrq = 2147483647 csiCqiTableIndex = 2147483647 csiCqiReport = [] ssRsrp = 2147483647 ssRsrq = 2147483647 ssSinr = 2147483647 level = 0 parametersUseForLevel = 1 },primary=CellSignalStrengthLte} [PHONE0]
02-18 15:50:40.250  3203  3203 D MultiSimSettingController: onSubscriptionsChanged
02-18 15:50:40.250  3203  3203 D MultiSimSettingController: isReadyToReevaluate: subInfoInitialized=true, carrierConfigsLoaded=true
02-18 15:50:40.250  3203  3203 D MultiSimSettingController: updateDefaults
02-18 15:50:40.250  3203  3203 D MultiSimSettingController: isReadyToReevaluate: subInfoInitialized=true, carrierConfigsLoaded=true
02-18 15:50:40.250  4615  4656 I android_os_HwBinder: HwBinder: Starting thread pool for getting: vendor.semc.system.idd@1.0::IIdd/default
02-18 15:50:40.254  4615  4656 I android_os_HwBinder: HwBinder: Starting thread pool for getting: vendor.semc.system.idd@1.0::IIdd/default
02-18 15:50:40.254  3203  3203 D MultiSimSettingController: [updateDefaultValues] change: 0
02-18 15:50:40.254  3203  3203 D MultiSimSettingController: isReadyToReevaluate: subInfoInitialized=true, carrierConfigsLoaded=true
02-18 15:50:40.256  3203  3203 D CallNotifier: updatePhoneStateListeners: update CF notifications.
02-18 15:50:40.256  3203  3203 I NotificationMgr: updateCfi: subId= 1, visible=N
02-18 15:50:40.257  3203  3203 I NotificationMgr: updateMwi(): subId 1 update to false
02-18 15:50:40.260  3203  3203 D SomcTelPerformance: sim1: getSubId mPhoneId = 0
