--------- beginning of kernel
02-18 15:50:32.861     0     0 I [charger info] usb: present=1 type=4 batt:present = 1 health = 1 charge_type = 1
02-18 15:50:32.861     0     0 I         : [charger info] batt_soc=100 batt_voltage=4404246 batt_current=0 batt_temp=303 usb_voltage=4958816 usb_current=189445
--------- beginning of main
02-18 15:50:32.859 19737 19737 W adbd    : timeout expired while flushing socket, closing
02-18 15:50:34.101     0     0 I         : smblib_usb_ov_and_uv_detect_work start..
02-18 15:50:34.399     0     0 W healthd : battery l=100 v=4404 t=30.3 h=2 st=5 c=0 fc=4529000 cc=0 chg=u
02-18 15:50:34.405     0     0 I QG-K    : qg_somc_jeita_step_charge_work: [FULL] condition=3, chip->target_idx=14
02-18 15:50:34.405     0     0 I QG-K    : qg_somc_jeita_step_charge_work: exit step_work input_present:1 status:4
02-18 15:50:35.939     0     0 I [charger info] usb: present=1 type=4 batt:present = 1 health = 1 charge_type = 1
02-18 15:50:35.939     0     0 I         : [charger info] batt_soc=100 batt_voltage=4404246 batt_current=0 batt_temp=303 usb_voltage=4951552 usb_current=199175
02-18 15:50:36.117     0     0 I         : smblib_usb_ov_and_uv_detect_work start..
02-18 15:50:36.594   853 28348 D resolv  : GetAddrInfoHandler::run: {0 786432 0 983040 10154 0}
02-18 15:50:36.594   853 28348 D resolv  : resolv_getaddrinfo: explore_fqdn(): ai_family=0 ai_socktype=1 ai_protocol=6
02-18 15:50:36.597 11742 28305 W bzvb    : [{0}] Failed to resolve name. status={1}
02-18 15:50:36.612 11698 11698 D BoundBrokerSvc: onUnbind: Intent { act=com.google.android.gms.measurement.START pkg=com.google.android.gms }
02-18 15:50:37.461     0     0 I [kworke][0x1d5514962b][15:50:37.455024] wlan: [27918:I:HDD] hdd_psoc_idle_timeout_callback: Psoc idle timeout elapsed; starting psoc shutdown
02-18 15:50:37.463     0     0 E [kworke][0x1d55153e2d][15:50:37.457263] wlan: [27221:E:WMI] wmi_unified_unregister_event_handler: event handler is not registered: evt id 0x1d01a
02-18 15:50:37.480     0     0 E [schedu][0x1d551a2b03][15:50:37.474074] wlan: [17374:E:SYS] Processing SYS MC STOP
02-18 15:50:37.489     0     0 I [kworke][0x1d551cdf0f][15:50:37.483301] wlan: [27221:I:IPA] wlan_ipa_uc_disable_pipes: IPA WDI Pipes are already deactivated
02-18 15:50:37.493     0     0 I [kworke][0x1d551de346][15:50:37.486771] wlan: [27221:I:TXRX] __ol_txrx_ipa_tx_buf_smmu_mapping: smmu_map_unmap:0 of 511 Tx buffers
02-18 15:50:37.524     0     0 I [kworke][0x1d5526ebe9][15:50:37.517606] wlan: [27221:I:WMI] WMI Stop
02-18 15:50:37.524     0     0 I [kworke][0x1d5526ee49][15:50:37.517637] wlan: [27221:I:HTC] htc_stop: endpoints cleanup
02-18 15:50:37.524     0     0 I [kworke][0x1d5526f082][15:50:37.517667] wlan: [27221:I:HTC] htc_stop: stopping hif layer
02-18 15:50:37.536     0     0 I [kworke][0x1d552aafc6][15:50:37.530459] wlan: [27221:I:HTC] htc_stop: flush endpoints Tx lookup queue
02-18 15:50:37.536     0     0 I [kworke][0x1d552ab32b][15:50:37.530503] wlan: [27221:I:HTC] htc_stop: resetting endpoints state
02-18 15:50:37.543     0     0 I [kworke][0x1d552c8569][15:50:37.536720] wlan: [27221:I:TXRX] Global total 3600 :: avail 3600 invalid flow_pool 0
02-18 15:50:37.543     0     0 I [kworke][0x1d552c8827][15:50:37.536756] wlan: [27221:I:TXRX] maps 0 pool unmaps 0 pool resize 0 pkt drops 0
02-18 15:50:37.568     0     0 I [kworke][0x1d5533fc44][15:50:37.562198] wlan: [27221:I:HTT] max pool size 64 pool filled 0
02-18 15:50:37.569     0     0 I [kworke][0x1d55344214][15:50:37.563129] wlan: [27221:I:QDF] pktlogmod_exit: pkt_log module cleanup
02-18 15:50:37.569     0     0 I [kworke][0x1d5534476a][15:50:37.563199] wlan: [27221:I:QDF] pktlog_detach: detach pktlog resources
02-18 15:50:37.570     0     0 I [kworke][0x1d5534a127][15:50:37.564396] wlan: [27221:I:OSIF] os_if_spectral_free_skb: Socket buffer is null, msg_type= 0
02-18 15:50:37.570     0     0 I [kworke][0x1d5534a21e][15:50:37.564408] wlan: [27221:I:OSIF] os_if_spectral_free_skb: Socket buffer is null, msg_type= 1
02-18 15:50:37.570     0     0 I [kworke][0x1d5534a2b3][15:50:37.564416] wlan: [27221:I:OSIF] os_if_spectral_free_skb: Socket buffer is null, msg_type= 2
02-18 15:50:37.650     0     0 I [kworke][0x1d554c1803][15:50:37.644487] wlan: [27221:I:SPECTRAL] target_if_spectral_detach: spectral detach
02-18 15:50:37.651     0     0 I [kworke][0x1d554c1b60][15:50:37.644532] wlan: [27221:I:GREEN_AP] wlan_green_ap_pdev_obj_destroy_notification: Deleting green ap pdev obj, green ap ctx: 000000001bdd9ad2, pdev: 00000000ec060e59
02-18 15:50:37.651     0     0 I [kworke][0x1d554c1cab][15:50:37.644549] wlan: [27221:I:GREEN_AP] wlan_green_ap_pdev_obj_destroy_notification: green ap deletion successful
02-18 15:50:37.688     0     0 I [kworke][0x1d5556f2f4][15:50:37.681541] wlan: [27221:I:IPA] ipa_component_config_free: Free the IPA config memory
02-18 15:50:37.688     0     0 I [kworke][0x1d5557036a][15:50:37.681760] wlan: [27221:I:HIF] hif_vote_link_down: Down_linkstate_vote 0
02-18 15:50:37.692  1585 17383 I cnss-daemon: wlan_qmi_err_cb: WLPS service disconnect, called with error -2 for client 0x8K
02-18 15:50:37.693  1585 28349 I cnss-daemon: wlan_service_request: Start the pthread
02-18 15:50:38.133     0     0 I         : smblib_usb_ov_and_uv_detect_work start..
02-18 15:50:38.336     0     0 I sd 0    : 0:0:0: [sda] Synchronizing SCSI cache
02-18 15:50:38.970     0     0 I logd    : logdr: UID=2000 GID=2000 PID=28350 b tail=0 logMask=bf pid=0 start=0ns deadline=0ns
02-18 15:50:38.998     0     0 I (virq   : irq_count)- 4:1160458 14:660264 214:556866 20:313614 295:289271 6:237227 304:104823 21:76206 1:64536 41:45647
02-18 15:50:38.998     0     0 I (cpu    : irq_count)- 0:1817775 1:1136257 2:254516 3:266977 4:58505 5:60242 6:50504 7:55719
02-18 15:50:38.998     0     0 I (ipi    : irq_count)- 0:3282145 1:1527207 2:0 3:0 4:12854 5:413427 6:0
02-18 15:50:39.001     0     0 I [charger info] usb: present=1 type=4 batt:present = 1 health = 1 charge_type = 1
02-18 15:50:39.001     0     0 I         : [charger info] batt_soc=100 batt_voltage=4404246 batt_current=0 batt_temp=303 usb_voltage=4955696 usb_current=203715
02-18 15:50:39.528     0     0 I QG-K    : qg_somc_jeita_step_charge_work: [FULL] condition=3, chip->target_idx=14
02-18 15:50:39.528     0     0 I QG-K    : qg_somc_jeita_step_charge_work: exit step_work input_present:1 status:4
02-18 15:50:39.530     0     0 W healthd : battery l=100 v=4404 t=30.3 h=2 st=5 c=0 fc=4529000 cc=0 chg=u
--------- beginning of events
02-18 15:50:39.964  2547  2547 I sysui_multi_action: [757,925,758,4,759,112,927,3,928,1,1592,0,1593,0]
02-18 15:50:39.966  2547  2720 I sysui_multi_action: [757,112,758,4,759,0]
--------- beginning of system
02-18 15:50:39.974  2207  2339 D BluetoothManagerService: Bluetooth persisted state: 0
02-18 15:50:39.974  2207  2339 D BluetoothManagerService: Airplane Mode change - current state:  OFF, isAirplaneModeOn()=false
--------- beginning of radio
02-18 15:50:39.974  3203  3203 D AirplaneModeStats: Airplane mode change. Value: false
02-18 15:50:39.975  3203  3203 D AirplaneModeStats: Airplane mode: false, short=false, carrierId=1435
02-18 15:50:39.975  3203  3203 E CarrierActionAgent: [0]Unsupported action: 4
02-18 15:50:39.975  3203  3203 D CarrierActionAgent: [0]EVENT_APM_SETTINGS_CHANGED
02-18 15:50:39.975  3203  3754 D SomcTelPerformance: sim1: getSubId mPhoneId = 0
02-18 15:50:39.979  1075  1296 W VsyncModulator: setTransactionSchedule: Unexpected EarlyEnd
02-18 15:50:39.980   998  9184 D audio_hw_primary: start_output_stream: enter: stream(0xed644330)usecase(1: low-latency-playback) devices(0x2) is_haptic_usecase(0)
02-18 15:50:39.980  3216  3216 W QCC:airplaneModeListener: Received ACTION_AIRPLANE_MODE_CHANGED
02-18 15:50:39.980  3216  3216 I QCC:EventsManager: Airplane mode is turned OFF
02-18 15:50:39.980  2207  2438 D WifiController: Airplane mode disabled, determine next state
02-18 15:50:39.981  2207  2438 D WifiActiveModeWarden: Starting primary ClientModeManager in connect mode
02-18 15:50:39.981   998  9184 D audio_hw_primary: select_devices for use case (low-latency-playback)
02-18 15:50:39.981   998  9184 I msm8974_platform: platform_check_and_set_codec_backend_cfg:becf: afe: bitwidth 16, samplerate 48000 channels 2, backend_idx 0 usecase = 1 device (speaker)
02-18 15:50:39.981   998  9184 I msm8974_platform: platform_check_and_set_codec_backend_cfg: new_snd_devices[0] is 2
02-18 15:50:39.981   998  9184 I msm8974_platform: platform_check_codec_backend_cfg:becf: afe: bitwidth 16, samplerate 48000 channels 2, backend_idx 0 usecase = 1 device (speaker)
02-18 15:50:39.982   998  9184 D msm8974_platform: platform_check_codec_backend_cfg:becf: updated afe: bitwidth 16, samplerate 48000 channels 2,backend_idx 0 usecase = 1 device (speaker)
02-18 15:50:39.982   998  9184 I msm8974_platform: platform_check_codec_backend_cfg:becf: afe: Codec selected backend: 0 updated bit width: 16 and sample rate: 48000
02-18 15:50:39.983   998  9184 D audio_hw_primary: check_usecases_codec_backend:becf: force routing 0
02-18 15:50:39.983   998  9184 D audio_hw_primary: check_usecases_codec_backend:becf: (85) check_usecases curr device: speaker, usecase device: backends match 0
02-18 15:50:39.982  5163  5163 D AirplaneModeModule: setAirplaneModeOverride: false
02-18 15:50:39.983   998  9184 D audio_hw_primary: check_usecases_codec_backend:becf: check_usecases num.of Usecases to switch 0
02-18 15:50:39.983   998  9184 W msm8974_platform: platform_get_backend_index:napb: Invalid device - 0 
02-18 15:50:39.983   998  9184 D hardware_info: hw_info_append_hw_type : device_name = speaker
02-18 15:50:39.983   998  9184 D audio_hw_primary: enable_snd_device: snd_device(2: speaker)
02-18 15:50:39.983   998  9184 D msm8974_platform: platform_get_island_cfg_on_device:island cfg status on snd_device = (speaker 0)
02-18 15:50:39.983   998  9184 I soundtrigger: audio_extn_sound_trigger_update_device_status: device 0x2 of type 0 for Event 1, with Raise=0
02-18 15:50:39.983  2207  2347 W BroadcastQueue: Background execution not allowed: receiving Intent { act=android.intent.action.AIRPLANE_MODE flg=0x10 (has extras) } to jp.co.nttdocomo.lcsapp/.receiver.PictController
02-18 15:50:39.983   998  9184 D audio_route: Apply path: speaker
02-18 15:50:39.983  2207  2347 W BroadcastQueue: Background execution not allowed: receiving Intent { act=android.intent.action.AIRPLANE_MODE flg=0x10 (has extras) } to jp.co.nttdocomo.lcsapp/.receiver.NotificationCounter
02-18 15:50:39.983 12220 12220 I DeviceStatusMonitor: DeviceStatusMonitor$1.onReceive():58 onReceive() : Action = android.intent.action.AIRPLANE_MODE
02-18 15:50:39.984  2207  2347 W BroadcastQueue: Background execution not allowed: receiving Intent { act=android.intent.action.AIRPLANE_MODE flg=0x10 (has extras) } to jp.co.nttdocomo.lcsapp/.receiver.SettingReqCounter
02-18 15:50:39.985 25152 25152 I PictController: onReceive() android.intent.action.AIRPLANE_MODE
02-18 15:50:39.985  5163  5163 D AirplaneModeModule: onReceive: airplane=false,override=false
02-18 15:50:39.985  2207  2438 D WifiController: DisabledState.exit()
02-18 15:50:39.985  2207  2438 D WifiController: EnabledState.enter()
02-18 15:50:39.985  2207  2438 D WifiClientModeManager[unknown]: entering IdleState
02-18 15:50:39.985  2547  6297 I OpenGLRenderer: Davey! duration=9223365834320ms; Flags=0, FrameTimelineVsyncId=26633, IntendedVsync=6202533813464, Vsync=6202533813464, InputEventId=542306669, HandleInputStart=6202534927476, AnimationStart=6202534932112, PerformTraversalsStart=6202534934091, DrawStart=6202535244716, FrameDeadline=6202550480130, FrameInterval=6202534891747, FrameStartTime=16666666, SyncQueued=6202540485862, SyncStart=6202540634195, IssueDrawCommandsStart=6202541753049, SwapBuffers=6202555969612, FrameCompleted=9223372036854775807, DequeueBufferDuration=51719, QueueBufferDuration=2295989, GpuCompleted=9223372036854775807, SwapBuffersCompleted=6202559270497, DisplayPresentTime=0, 
02-18 15:50:39.986  3203  3203 D SomcTelPerformance: sim1: getSubId mPhoneId = 0
02-18 15:50:39.986 12220 12220 I DeviceStatusMonitor: DeviceStatusMonitor.getCurrentNetworkState():177 getCurrentNetworkState(): no networks
02-18 15:50:39.988 11742 11928 W Settings: Setting airplane_mode_on has moved from android.provider.Settings.System to android.provider.Settings.Global, returning read-only value.
02-18 15:50:39.988 12220 12220 I DeviceStatusMonitor: DeviceStatusMonitor.notifyIfNetworkChanged():162 notifyIfNetworkChanged: newState = NO_CONNECTION, airplaneModeOn = false, notifyAnyway = false
02-18 15:50:39.988  3203  3203 I PhoneGlobals: Turning radio on - airplane
02-18 15:50:39.989 12220 12220 I NetworkInfoNotification: NetworkInfoNotification$Listener.onReceive():98 onNetworkLost: networkState = NO_CONNECTION, isAirplaneModeOn = false
02-18 15:50:39.990  2207  2438 I android_os_HwBinder: HwBinder: Starting thread pool for getting: android.hardware.wifi@1.0::IWifi/default
02-18 15:50:39.991 11742 11944 W Settings: Setting airplane_mode_on has moved from android.provider.Settings.System to android.provider.Settings.Global, returning read-only value.
02-18 15:50:39.995     0     0 I [aw87xxx_pa_1_58]aw87xxx_show_current_mode: aw87559_i2c1@0x58 current_mode: 0, pa_channel: 0
02-18 15:50:39.995     0     0 I aw87xxx_mode_get_0: get mode:0
02-18 15:50:39.996     0     0 I         : [aw87xxx_pa_1_58]aw87xxx_audio_scene_load enter, mode=1, pa_channel=0
02-18 15:50:39.996     0     0 I         : [aw87xxx_pa_1_58]aw87xxx_scene_reg_update enter, mode: 1
02-18 15:50:39.996     0     0 I         : [aw87xxx_pa_1_58]aw87xxx_hw_on enter
02-18 15:50:39.993 12220 28356 I NetworkInfoNotification: NetworkInfoNotification$Listener.onReceive():98 onNetworkLost: networkState = NO_CONNECTION, isAirplaneModeOn = false
02-18 15:50:39.994 12220 28355 I NetworkInfoNotification: NetworkInfoNotification$Listener.onReceive():98 onNetworkLost: networkState = NO_CONNECTION, isAirplaneModeOn = false
02-18 15:50:39.994  1019  1019 D android.hardware.wifi@1.0-service: Initialize legacy HAL
02-18 15:50:40.001     0     0 I         : Wifi Turning On from UI
02-18 15:50:39.996  2843  4530 D QCNEJ/WlanStaInfoRelay: onChange for uri = content://settings/global/wifi_on
02-18 15:50:39.997  1019  1019 I android.hardware.wifi@1.0-service: Wifi HAL started
02-18 15:50:39.999  4615  4656 I android_os_HwBinder: HwBinder: Starting thread pool for getting: vendor.semc.system.idd@1.0::IIdd/default
02-18 15:50:40.002   998  9184 D soundtrigger: audio_extn_sound_trigger_update_stream_status: uc_info->id 1 of type 0 for Event 3, with Raise=0
02-18 15:50:40.002  2207  2438 I WifiVendorHal: Vendor Hal started successfully
02-18 15:50:40.002   998  9184 D audio_hw_utils: audio_extn_utils_send_app_type_cfg: usecase->out_snd_device speaker
02-18 15:50:40.003   998  9184 I audio_hw_utils: send_app_type_cfg_for_device PLAYBACK app_type 69937, acdb_dev_id 14, sample_rate 48000, snd_device_be_idx 189
02-18 15:50:40.003   998  9184 D ACDB-LOADER: ACDB -> send_audio_cal, acdb_id = 14, path = 0, app id = 0x11131, sample rate = 48000, use_case = 0,buffer_idx_w_path =0, afe_sample_rate = 48000, cal_mode = 1, offset_index = 0
02-18 15:50:40.003   998  9184 D ACDB-LOADER: ACDB -> send_asm_topology
02-18 15:50:40.003   998  9184 D ACDB-LOADER: ACDB -> ACDB_CMD_GET_AUDPROC_STREAM_TOPOLOGY_ID
02-18 15:50:40.003   998  9184 D ACDB-LOADER: ACDB -> send_adm_topology
02-18 15:50:40.003   998  9184 D ACDB-LOADER: ACDB -> ACDB_CMD_GET_AUDPROC_COMMON_TOPOLOGY_ID
02-18 15:50:40.004   998  9184 D ACDB-LOADER: ACDB -> send_audtable
02-18 15:50:40.004   998  9184 D ACDB-LOADER: ACDB -> ACDB_CMD_GET_AUDPROC_INSTANCE_COMMON_TABLE_SIZE
02-18 15:50:40.004   998  9184 D ACDB-LOADER: ACDB -> ACDB_CMD_GET_AUDPROC_INSTANCE_COMMON_TABLE
02-18 15:50:40.004   998  9184 D ACDB-LOADER: ACDB -> AUDIO_SET_AUDPROC_CAL cal_type[11] acdb_id[14] app_type[69937]
02-18 15:50:40.004   998  9184 D ACDB-LOADER: ACDB -> send_audvoltable
02-18 15:50:40.004   998  9184 D ACDB-LOADER: ACDB -> ACDB_CMD_GET_AUDPROC_INSTANCE_GAIN_DEP_STEP_TABLE_SIZE
02-18 15:50:40.004   998  9184 D android.hardware.audio.service: Failed to fetch the lookup information of the device 0000000E 
02-18 15:50:40.004   998  9184 D ACDB-LOADER: Error: ACDB_CMD_GET_AUDPROC_INSTANCE_GAIN_DEP_STEP_TABLE_SIZE Returned = -19
02-18 15:50:40.004   998  9184 D ACDB-LOADER: ACDB -> ACDB_CMD_GET_AUDPROC_INSTANCE_GAIN_DEP_STEP_TABLE, vol index 0
02-18 15:50:40.004   998  9184 D android.hardware.audio.service: Failed to fetch the lookup information of the device 0000000E 
02-18 15:50:40.004   998  9184 D ACDB-LOADER: Error: ACDB AudProc vol returned = -19
02-18 15:50:40.004   998  9184 D ACDB-LOADER: ACDB -> AUDIO_SET_VOL_CAL cal type = 12
02-18 15:50:40.004   998  9184 D ACDB-LOADER: ACDB -> ACDB_CMD_GET_AUDPROC_INSTANCE_STREAM_TABLE_SIZE
02-18 15:50:40.004   998  9184 D ACDB-LOADER: ACDB -> send_audstrmtable
02-18 15:50:40.004   998  9184 D ACDB-LOADER: ACDB -> ACDB_CMD_GET_AUDPROC_INSTANCE_STREAM_TABLE
02-18 15:50:40.004   998  9184 D ACDB-LOADER: ACDB -> audstrm_cal->cal_type.cal_data.cal_size = 20
02-18 15:50:40.004   998  9184 D ACDB-LOADER: ACDB -> send_afe_topology
02-18 15:50:40.004   998  9184 D ACDB-LOADER: ACDB -> ACDB_CMD_GET_AFE_TOPOLOGY_ID
02-18 15:50:40.004   998  9184 D ACDB-LOADER: ACDB -> GET_AFE_TOPOLOGY_ID for adcd_id 14, Topology Id 1000ff01
02-18 15:50:40.004   998  9184 D ACDB-LOADER: ACDB -> send_afe_cal
02-18 15:50:40.004   998  9184 D ACDB-LOADER: ACDB -> ACDB_CMD_GET_AFE_INSTANCE_COMMON_TABLE_SIZE
02-18 15:50:40.004   998  9184 D ACDB-LOADER: ACDB -> ACDB_CMD_GET_AFE_INSTANCE_COMMON_TABLE
02-18 15:50:40.004   998  9184 D ACDB-LOADER: ACDB -> AUDIO_SET_AFE_CAL cal_type[16] acdb_id[14]
02-18 15:50:40.004   998  9184 D ACDB-LOADER: ACDB -> send_hw_delay : acdb_id = 14 path = 0
02-18 15:50:40.004   998  9184 D ACDB-LOADER: ACDB -> ACDB_AVSYNC_INFO: ACDB_CMD_GET_DEVICE_PROPERTY
02-18 15:50:40.004   998  9184 D audio_hw_primary: enable_audio_route: apply mixer and update path: low-latency-playback
02-18 15:50:40.004   998  9184 D audio_route: Apply path: low-latency-playback
02-18 15:50:40.005   998  9184 D audio_hw_primary: select_devices: done
02-18 15:50:40.005   998  9184 D msm8974_platform: platform_set_channel_map mixer_ctl_name:Playback Channel Map9
02-18 15:50:40.005   998  9184 D msm8974_platform: platform_set_channel_map: set mapping(1 2 0 0 0 0 0 0) for channel:2
02-18 15:50:40.012  5163  5163 D ClfStateCoordinatorService: updateDeviceState: reqNfcDisabled=false,clfLock=false
02-18 15:50:40.012  5163  5163 I ClfStateCoordinatorService: onDeviceStateChanged: NFC must be enabled
02-18 15:50:40.013  2207  2481 W HalDevMgr: createRttControllerIfPossible: not available from any of the chips
02-18 15:50:40.014  5163  5163 D LockStateProvider: query: content://com.sonymobile.nfc.clfstate.provider/lockstatus
02-18 15:50:40.021  5163  5163 D NfcStateProvider: update: content://com.sonymobile.nfc.nfcstate.provider/nfcstate
02-18 15:50:40.021  5163  5163 D NfcStateProvider: updateNfcState: setting=true,caller=5163
02-18 15:50:40.021  5163  5163 D NfcStateProvider: updateNfcState: NFC setting was temporarily changed
02-18 15:50:40.022  3203  3203 D SST     : [0] setRadioPower power true forEmergencyCall false forceApply false reason 0
02-18 15:50:40.022  3203  3203 D SST     : [0] setPowerStateToDesired: mDeviceShuttingDown=false, mDesiredPowerState=true, getRadioState=0, mRadioDisabledByCarrier=false, IMS reg state=false, pending radio off=false
02-18 15:50:40.024  3203  3203 D RILJ    : [1870]> RADIO_POWER on = true forEmergencyCall= false preferredForEmergencyCall=false [PHONE0]
02-18 15:50:40.024  3203  3203 D NewNitzStateMachineImpl: handleAirplaneModeChanged(false): mLatestNitzSignal was already null. Nothing to do.
02-18 15:50:40.024  1742  1742 D RILC    : setRadioPower: serial 1870 on 1
02-18 15:50:40.009     0     0 I aw87xxx_mode_set_0: set mode:1 success
02-18 15:50:40.024  3203  3203 D WfcRegistrationManager: action = android.intent.action.AIRPLANE_MODE
02-18 15:50:40.031     0     0 I afe_get_cal_topology_id: port_id = 0xb032 acdb_id = 14 topology_id = 0x1000ff01 cal_type_index=8 ret=0
02-18 15:50:40.024  3203  3203 D WfcRegistrationManager: isAirplaneModeOn: result = false
02-18 15:50:40.025  4906  5195 I NfcService: Enabling NFC
02-18 15:50:40.025  5163  5163 D NfcModule: handleNfcStateChangeRequest: enable=true,result=true
02-18 15:50:40.025  5163  5163 D ClfLockIconModule: onClfLockStateChanged: locked=false
02-18 15:50:40.026  3203  3203 D RILJ    : [1871]> GET_CELL_INFO_LIST [PHONE0]
02-18 15:50:40.026  1019  1019 D android.hardware.wifi@1.0-service: Waiting for the driver ready
02-18 15:50:40.028  4906  5195 I com.android.nf: ConfigFile - Parsing file '/vendor/etc/libnfc-nci.conf'
02-18 15:50:40.028  4906  5195 I com.android.nf: ConfigFile - [NFC_DEBUG_ENABLED] = 1
02-18 15:50:40.028  4906  5195 I com.android.nf: ConfigFile - [NFA_STORAGE] = "/data/nfc"
02-18 15:50:40.028  4906  5195 I com.android.nf: ConfigFile - [NFA_DM_DISC_DURATION_POLL] = 300
02-18 15:50:40.028  4906  5195 I com.android.nf: ConfigFile - [UICC_LISTEN_TECH_MASK] = 0x07
02-18 15:50:40.028  4906  5195 I com.android.nf: ConfigFile - [HOST_LISTEN_ENABLE] = 0x01
02-18 15:50:40.028  4906  5195 I com.android.nf: ConfigFile - [SCREEN_OFF_POWER_STATE] = 1
02-18 15:50:40.028  4906  5195 I com.android.nf: ConfigFile - [POLLING_TECH_MASK] = 0x0F
02-18 15:50:40.028  4906  5195 I com.android.nf: ConfigFile - [P2P_LISTEN_TECH_MASK] = 0x41
02-18 15:50:40.028  4906  5195 I com.android.nf: ConfigFile - [PRESERVE_STORAGE] = 0x01
02-18 15:50:40.028  4906  5195 I com.android.nf: ConfigFile - [NFA_MAX_EE_SUPPORTED] = 0x03
02-18 15:50:40.028  4906  5195 I com.android.nf: ConfigFile - [NFA_DM_DISC_NTF_TIMEOUT] = 0
02-18 15:50:40.029  4906  5195 I com.android.nf: ConfigFile - [AID_MATCHING_MODE] = 0x03
02-18 15:50:40.029  4906  5195 I com.android.nf: ConfigFile - [NXP_PRFD_TECH_SE] = 0x01
02-18 15:50:40.029  4906  5195 I com.android.nf: ConfigFile - [NFA_AID_BLOCK_ROUTE] = 0x01
02-18 15:50:40.029  4906  5195 I com.android.nf: ConfigFile - [OFFHOST_AID_ROUTE_PWR_STATE] = 0x3B
02-18 15:50:40.029  4906  5195 I com.android.nf: ConfigFile - [NXP_WM_MAX_WTX_COUNT] = 30
02-18 15:50:40.029  4906  5195 I com.android.nf: ConfigFile - [DEFAULT_SYS_CODE] = {FE:FE}
02-18 15:50:40.029  4906  5195 I com.android.nf: ConfigFile - [NXP_NCI_CREDIT_NTF_TIMEOUT] = 2
02-18 15:50:40.029  4906  5195 I libnfc_nci: [INFO:NfcAdaptation.cc(605)] NfcAdaptation::InitializeHalDeviceContext: INfc::getService()
02-18 15:50:40.029  1019  1019 D android.hardware.wifi@1.0-service: Starting legacy HAL
02-18 15:50:40.029  5163  5163 D NfcModule: onReceive: state=TURNING_ON
02-18 15:50:40.033     0     0 I         : Wifi Turning On from UI
02-18 15:50:40.033     0     0 I afe_send_hw_delay: port_id 0xb032 rate 48000 delay_usec 474 status 0
02-18 15:50:40.033  4906  5195 I libnfc_nci: [INFO:NfcAdaptation.cc(614)] NfcAdaptation::InitializeHalDeviceContext: INfc::getService() returned 0xb4000073294ae650 (remote)
02-18 15:50:40.033  4906  5195 I libnfc_nci: [INFO:NfcAdaptation.cc(622)] NfcAdaptation::InitializeHalDeviceContext: INxpNfc::tryGetService()
02-18 15:50:40.034  2547  2573 I OpenGLRenderer: Davey! duration=9223365834277ms; Flags=0, FrameTimelineVsyncId=26637, IntendedVsync=6202576840332, Vsync=6202576840332, InputEventId=0, HandleInputStart=6202583848361, AnimationStart=6202583852893, PerformTraversalsStart=6202584626434, DrawStart=6202602275861, FrameDeadline=6202593506998, FrameInterval=6202583804559, FrameStartTime=16666666, SyncQueued=6202602353830, SyncStart=6202602774507, IssueDrawCommandsStart=6202602816174, SwapBuffers=6202603050966, FrameCompleted=9223372036854775807, DequeueBufferDuration=15104, QueueBufferDuration=758489, GpuCompleted=9223372036854775807, SwapBuffersCompleted=6202604152059, DisplayPresentTime=0, 
02-18 15:50:40.035  4615  4656 I android_os_HwBinder: HwBinder: Starting thread pool for getting: vendor.semc.system.idd@1.0::IIdd/default
02-18 15:50:40.038  4906  5195 I libnfc_nci: [INFO:NfcAdaptation.cc(625)] NfcAdaptation::InitializeHalDeviceContext: INxpNfc::getService() returned 0xb4000073294b1470 (remote)
02-18 15:50:40.038   672   672 D android.hardware.nfc@1.2-service: readConfig; filename is /vendor/etc/libnfc-nxp.conf
02-18 15:50:40.040     0     0 E q6asm_find_cal_by_buf_number: Can't find ASM Cal for cal_index 0 app_type 0 buffer_number 4
02-18 15:50:40.039   672   672 D android.hardware.nfc@1.2-service: readNxpRFConfig-Enter..Reading /system/vendor/libnfc-nxp_RF.conf
02-18 15:50:40.039   672   672 D android.hardware.nfc@1.2-service: readConfig; filename is /system/vendor/libnfc-nxp_RF.conf
02-18 15:50:40.039   672   672 D android.hardware.nfc@1.2-service: readNxpTransitConfig-Enter..Reading /data/vendor/nfc/libnfc-nxpTransit.conf
02-18 15:50:40.039   672   672 E android.hardware.nfc@1.2-service: readConfig Cannot open config file /data/vendor/nfc/libnfc-nxpTransit.conf
02-18 15:50:40.039   672   672 D NxpExtns: find found NXP_AUTONOMOUS_ENABLE=(0x1)
02-18 15:50:40.039   672   672 D NxpExtns: find found NXP_GUARD_TIMER_VALUE=(0xf)
02-18 15:50:40.039   672   672 D NxpExtns: find found NFA_POLL_BAIL_OUT_MODE=(0x1)
02-18 15:50:40.039   672   672 D NxpExtns: find found ISO_DEP_MAX_TRANSCEIVE=(0xfeff)
02-18 15:50:40.039   672   672 D NxpExtns: find found DEFAULT_OFFHOST_ROUTE=(0x1)
02-18 15:50:40.039   672   672 D NxpExtns: find found DEFAULT_SYS_CODE_ROUTE=(0x1)
02-18 15:50:40.039   672   672 D NxpExtns: find found DEFAULT_SYS_CODE_PWR_STATE=(0x3b)
02-18 15:50:40.039   672   672 D NxpExtns: find found DEVICE_HOST_WHITE_LIST=À€
02-18 15:50:40.039   672   672 D NxpExtns: find found OFF_HOST_ESE_PIPE_ID=(0x16)
02-18 15:50:40.039   672   672 D NxpExtns: find found OFF_HOST_SIM_PIPE_ID=(0xa)
02-18 15:50:40.039   672   672 D NxpExtns: find found NFA_PROPRIETARY_CFG=ÿÿ€ÿÿÿ
02-18 15:50:40.039   672   672 D NxpExtns: find found PRESENCE_CHECK_ALGORITHM=(0x2)
02-18 15:50:40.040   672   672 D NxpExtns: find found OFFHOST_ROUTE_UICC=(0x0)
02-18 15:50:40.040   672   672 D NxpExtns: find found OFFHOST_ROUTE_ESE=
02-18 15:50:40.040   672   672 D NxpExtns: find found DEFAULT_ISODEP_ROUTE=(0x1)
02-18 15:50:40.040  4906  5195 I libnfc_nci: [INFO:NfcAdaptation.cc(791)] HalGetProperty: enter key libnfc-nxp.conf
02-18 15:50:40.041  4906  5195 I libnfc_nci: [INFO:NfcAdaptation.cc(768)] HalGetProperty_cb: received value -> NXPLOG_EXTNS_LOGLEVEL=0x03
02-18 15:50:40.041  4906  5195 I libnfc_nci: NXPLOG_NCIHAL_LOGLEVEL=0x03
02-18 15:50:40.041  4906  5195 I libnfc_nci: NXPLOG_NCIX_LOGLEVEL=0x03
02-18 15:50:40.041  4906  5195 I libnfc_nci: NXPLOG_NCIR_LOGLEVEL=0x03
02-18 15:50:40.041  4906  5195 I libnfc_nci: NXPLOG_FWDNLD_LOGLEVEL=0x03
02-18 15:50:40.041  4906  5195 I libnfc_nci: NXPLOG_TML_LOGLEVEL=0x03
02-18 15:50:40.041  4906  5195 I libnfc_nci: NXP_AUTONOMOUS_ENABLE=0x01
02-18 15:50:40.041  4906  5195 I libnfc_nci: NXP_DEFAULT_UICC2_SELECT=0x00
02-18 15:50:40.041  4906  5195 I libnfc_nci: NXP_SWP_RD_TAG_OP_TIMEOUT=20
02-18 15:50:40.041  4906  5195 I libnfc_nci: DEFAULT_AID_ROUTE=0x01
02-18 15:50:40.041  4906  5195 I libnfc_nci: DEFAULT_MIFARE_CLT_ROUTE=0x01
02-18 15:50:40.041  4906  5195 I libnfc_nci: DEFAULT_FELICA_CLT_ROUTE=0x01
02-18 15:50:40.041  4906  5195 I libnfc_nci: DEFAULT_AID_PWR_STATE=59
02-18 15:50:40.041  4906  5195 I libnfc_nci: DEFAULT_DESFIRE_PWR_STATE=59
02-18 15:50:40.041  4906  5195 I libnfc_nci: DEFAULT_MIFARE_CLT_PWR_STATE=59
02-18 15:50:40.041  4906  5195 I libnfc_nci: DEFAULT_FELICA_CLT_PWR_STATE=59
02-18 15:50:40.041  4906  5195 I libnfc_nci: DEFAULT_T4TNFCEE_AID_POWER_STATE=0x3B
02-18 15:50:40.041  4906  5195 I libnfc_nci: NXP_CHECK_DEFAULT_PROTO_SE_ID=0x01
02-18 15:50:40.041  4906  5195 I libnfc_nci: HOST_LISTEN_TECH_MASK=0x03
02-18 15:50:40.041  4906  5195 I libnfc_nci: FORWARD_FUNCTIONALITY_ENABLE=0x00
02-18 15:50:40.041  4906  5195 I libnfc_nci: OFF_HOST_SIM2_PIPE_ID=0x23
02-18 15:50:40.041  4906  5195 I libnfc_nci: NXP_SMB_TRANSCEIVE_TIMEOUT=2000
02-18 15:50:40.041  4906  5195 I libnfc_nci: NXP_SE_APDU_GATE_SUPPORT=0x01
02-18 15:50:40.041  4906  5195 I libnfc_nci: NXP_DUAL_UICC_ENABLE=0x00
02-18 15:50:40.041  4906  5195 I libnfc_nci: NXP_SE_COLD_TEMP_ERROR_DELAY=0x05
02-18 15:50:40.041  4906  5195 I libnfc_nci: NXP_T4T_NFCEE_ENABLE=0x01
02-18 15:50:40.041  4906  5195 I libnfc_nci: NXP_PROP_RESET_EMVCO_CMD={20:02:05:01:A0:44:01:00}
02-18 15:50:40.041  4906  5195 I libnfc_nci: NXP_RDR_REQ_GUARD_TIME=0
02-18 15:50:40.041  4906  5195 I libnfc_nci: NXP_RDR_DISABLE_ENABLE_LPCD=0
02-18 15:50:40.041  4906  5195 I libnfc_nci: NFA_CONFIG_FORMAT=1
02-18 15:50:40.041  4906  5195 I libnfc_nci: NXP_DISCONNECT_TAG_IN_SCRN_OFF=0x01
02-18 15:50:40.041  4906  5195 I libnfc_nci: NXP_SUPPORT_NON_STD_CARD=0x00
02-18 15:50:40.041  4906  5195 I libnfc_nci: NXP_GET_HW_INFO_LOG=0x00
02-18 15:50:40.041  4906  5195 I libnfc_nci: NXP_NON_STD_CARD_TIMEDIFF={01:03}
02-18 15:50:40.041  4906  5195 I libnfc_nci: NXP_UICC_ETSI_SUPPORT=0
02-18 15:50:40.041  4906  5195 I libnfc_nci: NXP_MINIMAL_FW_VERSION=0x110DE
02-18 15:50:40.041  4906  5195 I libnfc_nci: NXP_RESTART_RF_FOR_NFCEE_RECOVERY=0
02-18 15:50:40.041  4906  5195 I libnfc_nci: NXP_PRESENCE_CHECK_TIMEOUT=375
02-18 15:50:40.041  4906  5195 I libnfc_nci: NXP_NFCC_RECOVERY_SUPPORT=0x01
02-18 15:50:40.041  4906  5195 I libnfc_nci: 
02-18 15:50:40.042  4906  5195 I com.android.nf: ConfigFile - [NXPLOG_EXTNS_LOGLEVEL] = 0x03
02-18 15:50:40.042  4906  5195 I com.android.nf: ConfigFile - [NXPLOG_NCIHAL_LOGLEVEL] = 0x03
02-18 15:50:40.042  4906  5195 I com.android.nf: ConfigFile - [NXPLOG_NCIX_LOGLEVEL] = 0x03
02-18 15:50:40.042  4906  5195 I com.android.nf: ConfigFile - [NXPLOG_NCIR_LOGLEVEL] = 0x03
02-18 15:50:40.042  4906  5195 I com.android.nf: ConfigFile - [NXPLOG_FWDNLD_LOGLEVEL] = 0x03
02-18 15:50:40.042  4906  5195 I com.android.nf: ConfigFile - [NXPLOG_TML_LOGLEVEL] = 0x03
02-18 15:50:40.042  4906  5195 I com.android.nf: ConfigFile - [NXP_AUTONOMOUS_ENABLE] = 0x01
02-18 15:50:40.042  4906  5195 I com.android.nf: ConfigFile - [NXP_DEFAULT_UICC2_SELECT] = 0x00
02-18 15:50:40.042  4906  5195 I com.android.nf: ConfigFile - [NXP_SWP_RD_TAG_OP_TIMEOUT] = 20
02-18 15:50:40.042  4906  5195 I com.android.nf: ConfigFile - [DEFAULT_AID_ROUTE] = 0x01
02-18 15:50:40.042  4906  5195 I com.android.nf: ConfigFile - [DEFAULT_MIFARE_CLT_ROUTE] = 0x01
02-18 15:50:40.042  4906  5195 I com.android.nf: ConfigFile - [DEFAULT_FELICA_CLT_ROUTE] = 0x01
02-18 15:50:40.042  4906  5195 I com.android.nf: ConfigFile - [DEFAULT_AID_PWR_STATE] = 59
02-18 15:50:40.042  4906  5195 I com.android.nf: ConfigFile - [DEFAULT_DESFIRE_PWR_STATE] = 59
02-18 15:50:40.042  4906  5195 I com.android.nf: ConfigFile - [DEFAULT_MIFARE_CLT_PWR_STATE] = 59
02-18 15:50:40.042  4906  5195 I com.android.nf: ConfigFile - [DEFAULT_FELICA_CLT_PWR_STATE] = 59
02-18 15:50:40.042  4906  5195 I com.android.nf: ConfigFile - [DEFAULT_T4TNFCEE_AID_POWER_STATE] = 0x3B
02-18 15:50:40.042  4906  5195 I com.android.nf: ConfigFile - [NXP_CHECK_DEFAULT_PROTO_SE_ID] = 0x01
02-18 15:50:40.042  4906  5195 I com.android.nf: ConfigFile - [HOST_LISTEN_TECH_MASK] = 0x03
02-18 15:50:40.042  4906  5195 I com.android.nf: ConfigFile - [FORWARD_FUNCTIONALITY_ENABLE] = 0x00
02-18 15:50:40.042  4906  5195 I com.android.nf: ConfigFile - [OFF_HOST_SIM2_PIPE_ID] = 0x23
02-18 15:50:40.042  4906  5195 I com.android.nf: ConfigFile - [NXP_SMB_TRANSCEIVE_TIMEOUT] = 2000
02-18 15:50:40.042  4906  5195 I com.android.nf: ConfigFile - [NXP_SE_APDU_GATE_SUPPORT] = 0x01
02-18 15:50:40.042  4906  5195 I com.android.nf: ConfigFile - [NXP_DUAL_UICC_ENABLE] = 0x00
02-18 15:50:40.042  4906  5195 I com.android.nf: ConfigFile - [NXP_SE_COLD_TEMP_ERROR_DELAY] = 0x05
02-18 15:50:40.042  4906  5195 I com.android.nf: ConfigFile - [NXP_T4T_NFCEE_ENABLE] = 0x01
02-18 15:50:40.042  4906  5195 I com.android.nf: ConfigFile - [NXP_PROP_RESET_EMVCO_CMD] = {20:02:05:01:A0:44:01:00}
02-18 15:50:40.042  4906  5195 I com.android.nf: ConfigFile - [NXP_RDR_REQ_GUARD_TIME] = 0
02-18 15:50:40.042  4906  5195 I com.android.nf: ConfigFile - [NXP_RDR_DISABLE_ENABLE_LPCD] = 0
02-18 15:50:40.042  4906  5195 I com.android.nf: ConfigFile - [NFA_CONFIG_FORMAT] = 1
02-18 15:50:40.042  4906  5195 I com.android.nf: ConfigFile - [NXP_DISCONNECT_TAG_IN_SCRN_OFF] = 0x01
02-18 15:50:40.042  4906  5195 I com.android.nf: ConfigFile - [NXP_SUPPORT_NON_STD_CARD] = 0x00
02-18 15:50:40.042  4906  5195 I com.android.nf: ConfigFile - [NXP_GET_HW_INFO_LOG] = 0x00
02-18 15:50:40.042  4906  5195 I com.android.nf: ConfigFile - [NXP_NON_STD_CARD_TIMEDIFF] = {01:03}
02-18 15:50:40.043  4906  5195 I com.android.nf: ConfigFile - [NXP_UICC_ETSI_SUPPORT] = 0
02-18 15:50:40.043  4906  5195 I com.android.nf: ConfigFile - [NXP_MINIMAL_FW_VERSION] = 0x110DE
02-18 15:50:40.043  4906  5195 I com.android.nf: ConfigFile - [NXP_RESTART_RF_FOR_NFCEE_RECOVERY] = 0
02-18 15:50:40.043  4906  5195 I com.android.nf: ConfigFile - [NXP_PRESENCE_CHECK_TIMEOUT] = 375
02-18 15:50:40.043  4906  5195 I com.android.nf: ConfigFile - [NXP_NFCC_RECOVERY_SUPPORT] = 0x01
02-18 15:50:40.043  4906  5195 I libnfc_nci: [INFO:NativeNfcManager.cpp(371)] initializeGlobalDebugEnabledFlag: level=1
02-18 15:50:40.043  4906  5195 I libnfc_nci: [INFO:nfa_dm_api.cc(1518)] 0x7:NFC MW Major Version:
02-18 15:50:40.043  4906  5195 I libnfc_nci: [INFO:nfa_dm_api.cc(1520)] 0x0:NFC MW Minor Version:
02-18 15:50:40.043  4906  5195 I libnfc_nci: [INFO:nfa_dm_api.cc(1525)] mwVer:Major=0x7,Minor=0x0
02-18 15:50:40.043  4906  5195 E libnfc_nci: [ERROR:NativeNfcManager.cpp(1666)] nfcManager_doInitialize:  MW Version: NFC_AR_00_E000_12.07.00
02-18 15:50:40.043  4906  5195 I libnfc_nci: [INFO:PowerSwitch.cpp(95)] PowerSwitch::initialize: level=PS-FULL (1)
02-18 15:50:40.043  4906  5195 I libnfc_nci: [INFO:PowerSwitch.cpp(100)] PowerSwitch::initialize: desired screen-off state=1
02-18 15:50:40.043  4906  5195 I libnfc_nci: [INFO:NfcAdaptation.cc(135)] initializeGlobalDebugEnabledFlag: level=1
02-18 15:50:40.043  4906  5195 I libnfc_nci: [INFO:NfcAdaptation.cc(340)] NfcAdaptation::Initialize: enter
02-18 15:50:40.043  4906  5195 I libnfc_nci: [INFO:NfcAdaptation.cc(358)] NfcAdaptation::Initialize: Overriding NFA_EE_MAX_EE_SUPPORTED to use 3
02-18 15:50:40.043  4906  5195 I libnfc_nci: [INFO:NfcAdaptation.cc(366)] NfcAdaptation::Initialize: Overriding NFA_POLL_BAIL_OUT_MODE to use 1
02-18 15:50:40.043  4906  5195 I libnfc_nci: [INFO:NfcAdaptation.cc(404)] NfcAdaptation::Initialize: MAX_WTX_COUNT to wait for HCI response 30
02-18 15:50:40.043  4906  5195 I libnfc_nci: [INFO:libmain.cc(238)] verify_stack_non_volatile_store
02-18 15:50:40.043  4906  5195 I libnfc_nci: [INFO:CrcChecksum.cc(96)] crcChecksumVerifyIntegrity: filename=/data/nfc/nfaStorage.bin1
02-18 15:50:40.043  4906  5195 I libnfc_nci: [INFO:CrcChecksum.cc(114)] crcChecksumVerifyIntegrity: data size=312
02-18 15:50:40.043  4906  5195 I libnfc_nci: [INFO:CrcChecksum.cc(96)] crcChecksumVerifyIntegrity: filename=/data/nfc/nfaStorage.bin4
02-18 15:50:40.044  4906  5195 I libnfc_nci: [INFO:CrcChecksum.cc(96)] crcChecksumVerifyIntegrity: filename=/data/nfc/nfaStorage.bin2
02-18 15:50:40.044  4906  5195 I libnfc_nci: [INFO:CrcChecksum.cc(96)] crcChecksumVerifyIntegrity: filename=/data/nfc/nfaStorage.bin3
02-18 15:50:40.044  4906  5195 I libnfc_nci: [INFO:CrcChecksum.cc(96)] crcChecksumVerifyIntegrity: filename=/data/nfc/nfaStorage.bin5
02-18 15:50:40.044  4906  5195 I libnfc_nci: [INFO:NfcAdaptation.cc(414)] Initialize: preserve stack NV store
02-18 15:50:40.044  4906  5195 I libnfc_nci: [INFO:gki_ulinux.cc(215)] GKI_create_task func=0x0x7258d9daf8  id=4  name=NFCA_TASK  stack=0x0x0  stackSize=0
02-18 15:50:40.044  4906  5195 I libnfc_nci: [INFO:gki_ulinux.cc(241)] GKI creating task 4, pCond/pMutex=0x0/0x0
02-18 15:50:40.044  4906  5195 I libnfc_nci: [INFO:gki_ulinux.cc(283)] Leaving GKI_create_task 0x7258d9daf8 4 725691bcb0 NFCA_TASK 0x0 0
02-18 15:50:40.044  4906  5195 I libnfc_nci: [INFO:gki_ulinux.cc(215)] GKI_create_task func=0x0x7258d9db00  id=0  name=NFCA_THREAD  stack=0x0x0  stackSize=0
02-18 15:50:40.044  4906  5195 I libnfc_nci: [INFO:gki_ulinux.cc(241)] GKI creating task 0, pCond/pMutex=0x0/0x0
02-18 15:50:40.045  4906 28362 I libnfc_nci: [INFO:gki_ulinux.cc(108)] gki_task_entry task_id=0, thread_id=725681dcb0/725681dcb0, pCond/pMutex=0x0/0x0
02-18 15:50:40.045  4906 28362 I libnfc_nci: [INFO:NfcAdaptation.cc(555)] NfcAdaptation::Thread: enter
02-18 15:50:40.045  4906 28361 I libnfc_nci: [INFO:gki_ulinux.cc(108)] gki_task_entry task_id=4, thread_id=725691bcb0/725691bcb0, pCond/pMutex=0x0/0x0
02-18 15:50:40.051     0     0 E q6asm_find_cal_by_buf_number: Can't find ASM Cal for cal_index 2 app_type 69937 buffer_number 8
02-18 15:50:40.045  4906  5195 I libnfc_nci: [INFO:gki_ulinux.cc(283)] Leaving GKI_create_task 0x7258d9db00 0 725681dcb0 NFCA_THREAD 0x0 0
02-18 15:50:40.045  4906 28361 I libnfc_nci: [INFO:NfcAdaptation.cc(538)] NfcAdaptation::NFCA_TASK: enter
02-18 15:50:40.045  4906 28361 I libnfc_nci: [INFO:gki_ulinux.cc(449)] GKI_run enter
02-18 15:50:40.046  4906 28361 I libnfc_nci: [INFO:gki_ulinux.cc(459)] Start/Stop GKI_timer_update_registered!
02-18 15:50:40.046  4906 28361 I libnfc_nci: [INFO:gki_ulinux.cc(478)] GKI_run, run_cond(0x7258dafa78)=1 
02-18 15:50:40.046  4906 28362 I libnfc_nci: [INFO:gki_ulinux.cc(215)] GKI_create_task func=0x0x7258d9dae8  id=3  name=NFC_TASK  stack=0x0x0  stackSize=0
02-18 15:50:40.046  4906 28362 I libnfc_nci: [INFO:gki_ulinux.cc(241)] GKI creating task 3, pCond/pMutex=0x725681d960/0x725681d938
02-18 15:50:40.047  4906 28363 I libnfc_nci: [INFO:gki_ulinux.cc(108)] gki_task_entry task_id=3, thread_id=72566eccb0/72566eccb0, pCond/pMutex=0x725681d960/0x725681d938
02-18 15:50:40.047  4906 28363 I libnfc_nci: [INFO:nfc_task.cc(389)] NFC_TASK started.
02-18 15:50:40.047  4906 28363 I libnfc_nci: [INFO:gki_ulinux.cc(592)] GKI_wait task=3, pCond/pMutex = 0x725681d960/0x725681d938
02-18 15:50:40.047  4906 28362 I libnfc_nci: [INFO:gki_ulinux.cc(283)] Leaving GKI_create_task 0x7258d9dae8 3 72566eccb0 NFC_TASK 0x0 0
02-18 15:50:40.060     0     0 I [kworke][0x1d580e146c][15:50:40.054253] wlan: [27221:I:HIF] hif_vote_link_up: Up_linkstate_vote 1
02-18 15:50:40.061     0     0 E [kworke][0x1d580e6a47][15:50:40.055397] wlan: [27221:E:TXRX] hif_print_hal_shadow_register_cfg: CONFIG_SHADOW_V2 not defined
02-18 15:50:40.048  4906  5195 I libnfc_nci: [INFO:NfcAdaptation.cc(435)] NfcAdaptation::Initialize: exit
02-18 15:50:40.048  4906  5195 I libnfc_nci: [INFO:nfa_dm_api.cc(89)] NFA_Init
02-18 15:50:40.048  4906  5195 I libnfc_nci: [INFO:nfa_dm_main.cc(123)] nfa_dm_init
02-18 15:50:40.048  4906  5195 I libnfc_nci: [INFO:nfa_sys_main.cc(152)] id=1, enable_cplt_mask=0x0
02-18 15:50:40.048  4906  5195 I libnfc_nci: [INFO:nfa_p2p_main.cc(486)] nfa_p2p_init
02-18 15:50:40.048  4906  5195 I libnfc_nci: [INFO:nfa_sys_main.cc(152)] id=3, enable_cplt_mask=0x8
02-18 15:50:40.048  4906  5195 I libnfc_nci: [INFO:nfa_rw_main.cc(71)] nfa_rw_init
02-18 15:50:40.048  4906  5195 I libnfc_nci: [INFO:nfa_sys_main.cc(152)] id=5, enable_cplt_mask=0x28
02-18 15:50:40.048  4906  5195 I libnfc_nci: [INFO:nfa_ce_main.cc(76)] nfa_ce_init
02-18 15:50:40.048  4906  5195 I libnfc_nci: [INFO:nfa_sys_main.cc(152)] id=6, enable_cplt_mask=0x68
02-18 15:50:40.048  4906  5195 I libnfc_nci: [INFO:nfa_ee_main.cc(119)] nfa_ee_init
02-18 15:50:40.048  4906  5195 I libnfc_nci: [INFO:nfa_sys_main.cc(152)] id=2, enable_cplt_mask=0x6c
02-18 15:50:40.048  4906  5195 I libnfc_nci: [INFO:nfa_nfcee_main.cc(61)] nfa_t4tnfcee_init ()
02-18 15:50:40.048  4906  5195 I libnfc_nci: [INFO:nfa_sys_main.cc(152)] id=9, enable_cplt_mask=0x26c
02-18 15:50:40.048  4906  5195 I libnfc_nci: [INFO:nfa_scr_main.cc(109)] nfa_scr_init: enter
02-18 15:50:40.048  4906  5195 I libnfc_nci: [INFO:nfa_sys_main.cc(152)] id=10, enable_cplt_mask=0x66c
02-18 15:50:40.049  4906  5195 I libnfc_nci: [INFO:nfa_scr_main.cc(124)] nfa_scr_init: exit
02-18 15:50:40.049  4906  5195 I libnfc_nci: [INFO:nfa_srd_main.cc(322)]  nfa_srd_init Enter : srd_state 0x 0
02-18 15:50:40.049  4906  5195 I libnfc_nci: [INFO:nfa_srd_main.cc(336)]  nfa_srd_init Exit : srd_state 0xff
02-18 15:50:40.049  4906  5195 I libnfc_nci: [INFO:nfa_hci_main.cc(468)] nfa_hci_init
02-18 15:50:40.049  4906  5195 I libnfc_nci: [INFO:nfa_sys_main.cc(152)] id=7, enable_cplt_mask=0x6ec
02-18 15:50:40.049  4906  5195 I libnfc_nci: [INFO:nfc_main.cc(907)] NAME_NXP_NCI_CREDIT_NTF_TIMEOUT to wait for credit ntf 2
02-18 15:50:40.049  4906  5195 I libnfc_nci: [INFO:llcp_main.cc(57)] llcp_init
02-18 15:50:40.049  4906  5195 I libnfc_nci: [INFO:llcp_main.cc(89)] num_rx_buff = 180, rx_congest_start = 126, rx_congest_end = 90, max_num_ll_rx_buff = 54
02-18 15:50:40.049  4906  5195 I libnfc_nci: [INFO:llcp_main.cc(102)] max_num_tx_buff = 252, max_num_ll_tx_buff = 75
02-18 15:50:40.049  4906  5195 I libnfc_nci: [INFO:llcp_api.cc(390)] SAP:0x1, link_type:0x2, ServiceName:<urn:nfc:sn:sdp>
02-18 15:50:40.049  4906  5195 I libnfc_nci: [INFO:gki_buffer.cc(326)] GKI_getbuf 0xb4000072a94ddbe0 1:1
02-18 15:50:40.049  4906  5195 I libnfc_nci: [INFO:llcp_api.cc(474)] Registered SAP = 0x01
02-18 15:50:40.049  4906  5195 I libnfc_nci: [INFO:NfcAdaptation.cc(1015)] NfcAdaptation::DownloadFirmware: enter
02-18 15:50:40.049  4906  5195 I libnfc_nci: [INFO:nfa_dm_api.cc(151)] NFA_Enable
02-18 15:50:40.049  4906  5195 I libnfc_nci: [INFO:gki_buffer.cc(326)] GKI_getbuf 0xb4000072a94c2760 2:2
02-18 15:50:40.049  4906 28363 I libnfc_nci: [INFO:nfa_sys_main.cc(96)] NFA got event 0x0100
02-18 15:50:40.049  4906 28363 I libnfc_nci: [INFO:nfa_dm_main.cc(152)] event: NFA_DM_API_ENABLE_EVT (0x00)
02-18 15:50:40.049  4906 28363 I libnfc_nci: [INFO:nfa_dm_act.cc(500)] nfa_dm_enable
02-18 15:50:40.049  4906 28363 I libnfc_nci: [INFO:nfc_main.cc(826)] NFC_Enable
02-18 15:50:40.049  4906 28363 I libnfc_nci: [INFO:nfc_main.cc(430)] nfc_set_state 0 (NONE)->1 (W4_HAL_OPEN)
02-18 15:50:40.049  4906 28363 I libnfc_nci: [INFO:NfcAdaptation.cc(678)] NfcAdaptation::HalOpen
02-18 15:50:40.050  4906 28362 I libnfc_nci: [INFO:gki_ulinux.cc(1134)] GKI_exit_task 0 done
02-18 15:50:40.050  4906 28362 I libnfc_nci: [INFO:NfcAdaptation.cc(568)] NfcAdaptation::Thread: exit
02-18 15:50:40.050  4906 28362 W libnfc_nci: [WARNING:gki_ulinux.cc(117)] gki_task task_id=0 terminating
02-18 15:50:40.050   672   672 D android.hardware.nfc@1.2-impl: Nfc::open Enter
02-18 15:50:40.050   672   672 E NxpHal  : phNxpNciHal_open NFC HAL OPEN
02-18 15:50:40.050   672   672 D NxpHal  : phNxpNci_MinOpen(): enter
02-18 15:50:40.050   672   672 D NxpHal  : Error : opening (/system/vendor/lib64/libonebinary.so) !!
02-18 15:50:40.050   672   672 D NxpExtns: find found NFC_DEBUG_ENABLED=(0x1)
02-18 15:50:40.050   672   672 D NxpHal  : nfc_debug_enabled : 1
02-18 15:50:40.050   672   672 D NxpExtns: find found NXPLOG_NCIHAL_LOGLEVEL=(0x3)
02-18 15:50:40.050   672   672 D NxpExtns: find found NXPLOG_EXTNS_LOGLEVEL=(0x3)
02-18 15:50:40.050   672   672 D NxpExtns: find found NXPLOG_TML_LOGLEVEL=(0x3)
02-18 15:50:40.050   672   672 D NxpExtns: find found NXPLOG_FWDNLD_LOGLEVEL=(0x3)
02-18 15:50:40.050   672   672 D NxpExtns: find found NXPLOG_NCIX_LOGLEVEL=(0x3)
02-18 15:50:40.050   672   672 D NxpExtns: find found NXPLOG_NCIR_LOGLEVEL=(0x3)
02-18 15:50:40.050   672   672 D NxpNfcHal: phNxpLog_InitializeLogLevel: global =1, Fwdnld =3, extns =3,                 hal =3, tml =3, ncir =3,                 ncix =3
02-18 15:50:40.050   672   672 D NxpExtns: find found MIFARE_READER_ENABLE=(0x1)
02-18 15:50:40.050   672   672 D NxpExtns: find found LEGACY_MIFARE_READER=(0x0)
02-18 15:50:40.051   672   672 D NxpHal  : Entering phNxpNciHal_init_monitor
02-18 15:50:40.051   672   672 D NxpHal  : Returning with SUCCESS
02-18 15:50:40.051   672   672 D NxpExtns: find found NXP_NFC_DEV_NODE=/dev/pn553
02-18 15:50:40.051   672   672 D NxpTml  : getTransport Requested transportType: 1
02-18 15:50:40.051   672   672 D NxpTml  : OpenAndConfigure Opening port=/dev/pn553
02-18 15:50:40.062   672 28366 D NxpTml  : PN54X - Tml Writer Thread Started................
02-18 15:50:40.062   672 28366 D NxpTml  : PN54X - Tml Writer Thread Running................
02-18 15:50:40.062   672 28365 D NxpTml  : PN54X - Tml Reader Thread Started................
02-18 15:50:40.062   672 28365 D NxpTml  : PN54X - Read requested.....
02-18 15:50:40.062   672 28365 D NxpTml  : PN54X - Invoking I2C Read.....
02-18 15:50:40.062   672 28368 D NxpHal  : thread started
02-18 15:50:40.062   672 28366 D NxpTml  : PN54X - Write requested.....
02-18 15:50:40.062   672 28366 D NxpTml  : PN54X - Invoking I2C Write.....
02-18 15:50:40.069  3203  3203 D SST     : [0] handleMessage: received event 43
02-18 15:50:40.070  3127  6480 I DeviceInfoHidlClient: onPowerInfoReportingChanged - reporting enabled false []
02-18 15:50:40.070  3203  3402 D RILJ    : [1871]< GET_CELL_INFO_LIST [] [PHONE0]
02-18 15:50:40.071  3127  6480 I DeviceInfoHidlClient: onDeviceInfoReportingChanged - reporting enabled true
02-18 15:50:40.071  3127  6480 D DeviceInfoHidlClient: getDeviceInfoSupportStatus()=1
02-18 15:50:40.071  3127  6480 D DeviceInfoHidlClient: isRadioOn()=false
02-18 15:50:40.072  2875  3435 I QcrilOemhookMsgTunnel: [0]processOemHookIndication length=21
02-18 15:50:40.074     0     0 E i2c_geni 4c88000.i2c: GSI QN err:0x0, status:0x4e1, err:2
02-18 15:50:40.072  3203  3203 D LocaleTracker-0: processCellInfo: cell info=[]
02-18 15:50:40.073  3203  3203 D LocaleTracker-0: updateLocale: countryIso = , countryIsoDebugInfo = radio off
02-18 15:50:40.073  3203  3203 D LocaleTracker-0: updateLocale: timeZoneCountryIso = cn, timeZoneCountryIsoDebugInfo = OperatorNumeric: MccTable.geoCountryCodeForMccMnc(MccMnc{mcc='460', mnc='00'})
02-18 15:50:40.073  3203  3203 D NewNitzStateMachineImpl: handleCountryDetected: countryIsoCode=cn, mLatestNitzSignal=null
02-18 15:50:40.073  1742  1863 E RILC    : Unsupported unsolicited response code 1028
02-18 15:50:40.073  3203  3203 D NewNitzStateMachineImpl: doTimeZoneDetection: countryIsoCode=cn, nitzSignal=null, suggestion=TelephonyTimeZoneSuggestion{mSlotIndex=0, mZoneId='Asia/Shanghai', mMatchType=2, mQuality=1, mDebugInfo=[findTimeZoneFromNetworkCountryCode: whenMillis=1645170640073, countryIsoCode=cn, findTimeZoneFromNetworkCountryCode: lookupResult=CountryResult{zoneId='Asia/Shanghai', quality=2, mDebugInfo=Country default is boosted}, Detection reason=handleCountryDetected("cn")]}, reason=handleCountryDetected("cn")
02-18 15:50:40.073  3203  3203 D RadioInfo: onCellInfoChanged: arrayCi=[]
02-18 15:50:40.074  2875  2875 D QcrilMsgTunnelIfaceManager: handleMessage what = 0
02-18 15:50:40.076  2875  2875 D QC_RIL_OEM_HOOK: Received Broadcast Intent ACTION_UNSOL_RESPONSE_OEM_HOOK_RAW
02-18 15:50:40.077  2875  2875 D QC_RIL_OEM_HOOK: Oem ID in QCRILHOOK UNSOL RESP is QOEMHOOK
02-18 15:50:40.077 25182 25182 D QC_RIL_OEM_HOOK: Received Broadcast Intent ACTION_UNSOL_RESPONSE_OEM_HOOK_RAW
02-18 15:50:40.077 25182 25182 D QC_RIL_OEM_HOOK: Oem ID in QCRILHOOK UNSOL RESP is QOEMHOOK
02-18 15:50:40.080   998  9184 D audio_hw_primary: start_output_stream: exit
02-18 15:50:40.081     0     0 E i2c_geni 4c88000.i2c: GSI QN err:0x0, status:0x4e1, err:2
02-18 15:50:40.082  3152  3152 D QC_RIL_OEM_HOOK: Received Broadcast Intent ACTION_UNSOL_RESPONSE_OEM_HOOK_RAW
02-18 15:50:40.083  3203  3203 D QC_RIL_OEM_HOOK: Received Broadcast Intent ACTION_UNSOL_RESPONSE_OEM_HOOK_RAW
02-18 15:50:40.083  3152  3152 D QC_RIL_OEM_HOOK: Oem ID in QCRILHOOK UNSOL RESP is QOEMHOOK
02-18 15:50:40.083  3203  3203 D QC_RIL_OEM_HOOK: Oem ID in QCRILHOOK UNSOL RESP is QOEMHOOK
02-18 15:50:40.083  3203  3203 D QC_RIL_OEM_HOOK: Received Broadcast Intent ACTION_UNSOL_RESPONSE_OEM_HOOK_RAW
02-18 15:50:40.083  3203  3203 D QC_RIL_OEM_HOOK: Oem ID in QCRILHOOK UNSOL RESP is QOEMHOOK
02-18 15:50:40.083  3203  3203 D QC_RIL_OEM_HOOK: Received Broadcast Intent ACTION_UNSOL_RESPONSE_OEM_HOOK_RAW
02-18 15:50:40.083  3203  3203 D QC_RIL_OEM_HOOK: Oem ID in QCRILHOOK UNSOL RESP is QOEMHOOK
02-18 15:50:40.084  2547  2573 I OpenGLRenderer: Davey! duration=9223365834227ms; Flags=0, FrameTimelineVsyncId=26643, IntendedVsync=6202626840330, Vsync=6202626840330, InputEventId=0, HandleInputStart=6202627446903, AnimationStart=6202627448257, PerformTraversalsStart=6202627740861, DrawStart=6202627924664, FrameDeadline=6202660173662, FrameInterval=6202627431591, FrameStartTime=16666666, SyncQueued=6202628479403, SyncStart=6202628539039, IssueDrawCommandsStart=6202628770184, SwapBuffers=6202632482268, FrameCompleted=9223372036854775807, DequeueBufferDuration=1533907, QueueBufferDuration=582032, GpuCompleted=9223372036854775807, SwapBuffersCompleted=6202633547580, DisplayPresentTime=0, 
02-18 15:50:40.084  3203  3203 D PhoneSwitcher: handle event - 122
02-18 15:50:40.085   672 28366 D NxpTml  : Write errno : 6b
02-18 15:50:40.085   672 28366 D NxpTml  : PN54X - Error in I2C Write.....
02-18 15:50:40.085   672 28366 D NxpTml  : PN54X - Posting Fresh Write message.....
02-18 15:50:40.085   672 28368 D NxpHal  : write error status = 0x1ff
02-18 15:50:40.085   672 28366 D NxpTml  : PN54X - Tml Writer Thread Running................
02-18 15:50:40.085   672   672 D NxpHal  : write_unlocked failed - PN54X Maybe in Standby Mode - Retry
02-18 15:50:40.092  3203  3402 D RILJ    : Unsol response received; Sending ack to ril.cpp [PHONE0]
02-18 15:50:40.092  3203  3402 D RILJ    : [UNSL]< UNSOL_RESPONSE_NETWORK_STATE_CHANGED [PHONE0]
02-18 15:50:40.093  3203  3684 D NRM-C-0 : onNetworkStateChanged
02-18 15:50:40.093  3203  3203 D SST     : [0] handleMessage: received event 2
02-18 15:50:40.093  3203  3203 D SST     : [0] pollState: modemTriggered=true
02-18 15:50:40.093  3203  3203 D NewNitzStateMachineImpl: handleNetworkUnavailable(): mLatestNitzSignal was already null. Nothing to do.
