02-18 15:50:40.583  4906  4906 I libnfc_nci: [INFO:nfa_ee_api.cc(161)] num_ret:2
02-18 15:50:40.583  4906  4906 E libnfc_nci: [ERROR:SecureElement.cpp(1471)] SecureElement::getEeInfo: num EEs discovered: 2
02-18 15:50:40.583  4906  4906 I libnfc_nci: [INFO:SecureElement.cpp(1485)] SecureElement::getEeInfo: exit; mActualNumEe=2, mNumEePresent=2
02-18 15:50:40.583  4906  4906 I libnfc_nci: [INFO:RoutingManager.cpp(1524)] RoutingManager::setRoutingEntry: enter,max_tech_mask :7
02-18 15:50:40.583  4906  4906 I libnfc_nci: [INFO:RoutingManager.cpp(1666)] RoutingManager::setRoutingEntry: enter >>>> ee_handle:4c0 8 8 0 8 8 8
02-18 15:50:40.583  4906  4906 I libnfc_nci: [INFO:nfa_ee_api.cc(524)] handle:<0x4c0>protocol_mask:<0x8>/<0x8>/<0x0><0x8><0x8><0x8>
02-18 15:50:40.583  4906  4906 I libnfc_nci: [INFO:nfa_ee_main.cc(441)] nfa_ee_find_ecb
02-18 15:50:40.583  4906  4906 I libnfc_nci: [INFO:gki_buffer.cc(326)] GKI_getbuf 0xb4000072a94c3160 39:42
02-18 15:50:40.584  4906 28363 I libnfc_nci: [INFO:nfa_sys_main.cc(96)] NFA got event 0x0206
02-18 15:50:40.584  4906 28363 I libnfc_nci: [INFO:nfa_ee_main.cc(683)] Event API_SET_PROTO_CFG(0x206), State: INIT_DONE(1)
02-18 15:50:40.584  4906 28363 I libnfc_nci: [INFO:nfa_ee_act.cc(257)] nfa_ee_update_route_size nfcee_id:0xc0 size_mask_proto:5 size_mask_tech:0
02-18 15:50:40.584  4906 28363 I libnfc_nci: [INFO:nfa_ee_act.cc(359)] nfa_ee_total_lmrt_size size:11
02-18 15:50:40.584  4906 28363 I libnfc_nci: [INFO:RoutingManager.cpp(989)] RoutingManager::nfaEeCallback: NFA_EE_SET_PROTO_CFG_EVT; status=0x0
02-18 15:50:40.586  4906  4906 I libnfc_nci: [INFO:RoutingManager.cpp(1371)] proto routing SUCCESS
02-18 15:50:40.586  4906  4906 I libnfc_nci: [INFO:nfa_ce_api.cc(205)] ee_handle = 0x4c0
02-18 15:50:40.586  4906  4906 I libnfc_nci: [INFO:gki_buffer.cc(326)] GKI_getbuf 0xb4000072d94a4240 39:42
02-18 15:50:40.586  4906  4906 I libnfc_nci: [INFO:RoutingManager.cpp(1476)] RoutingManager::setRoutingEntry: enter, >>>>>>>> type:0x1 value =0x7 route:1 power:0x3b
02-18 15:50:40.586  4906 28363 I libnfc_nci: [INFO:nfa_sys_main.cc(96)] NFA got event 0x0601
02-18 15:50:40.586  4906 28363 I libnfc_nci: [INFO:nfa_ce_main.cc(176)] nfa_ce_handle_event event: NFA_CE_API_REG_LISTEN_EVT (0x601), flags: 00000000
02-18 15:50:40.586  4906  4906 I libnfc_nci: [INFO:SecureElement.cpp(1449)] SecureElement::getEeInfo: enter; mbNewEE=0, mActualNumEe=2
02-18 15:50:40.586  4906 28363 I libnfc_nci: [INFO:nfa_ce_act.cc(1288)] Registering UICC/Felica/Type-4 tag listener. Type=2
02-18 15:50:40.586  4906  4906 I libnfc_nci: [INFO:nfa_ee_api.cc(119)] NFA_EeGetInfo em_state:1 cur_ee:3
02-18 15:50:40.587  4906 28363 I libnfc_nci: [INFO:nfa_ce_act.cc(1340)] NFA_CE: adding listen_info entry 2
02-18 15:50:40.587  4906 28363 I libnfc_nci: [INFO:nfa_dm_discover.cc(2962)] disc_mask=0x340000
02-18 15:50:40.587  4906 28363 I libnfc_nci: [INFO:NativeNfcManager.cpp(467)] nfaConnectionCallback: event= 29
02-18 15:50:40.587  4906 28363 I libnfc_nci: [INFO:NativeNfcManager.cpp(923)] nfaConnectionCallback: NFA_CE_UICC_LISTEN_CONFIGURED_EVT : status=0x0
02-18 15:50:40.587 28383 28383 D wpa_supplicant: wpa_supplicant v2.10-devel-11
02-18 15:50:40.587 28383 28383 D wpa_supplicant: Global control interface '@android:vendor_wpa_wlan0'
02-18 15:50:40.587 28383 28383 D wpa_supplicant: Using Android control socket 'vendor_wpa_wlan0'
02-18 15:50:40.587 28383 28383 D wpa_supplicant: Initing hidl control
02-18 15:50:40.588 28383 28383 I wpa_supplicant: Processing hidl events on FD 5
02-18 15:50:40.588 28383 28383 D wpa_supplicant: hidl_register service name default
02-18 15:50:40.588  4906 28386 I CCodec  : setting up 'default' as default (vendor) store
02-18 15:50:40.589  1584 12771 V C2Store : in init
02-18 15:50:40.589  1584 12771 V C2Store : loading dll
02-18 15:50:40.589  4906  4906 I libnfc_nci: [INFO:nfa_ee_api.cc(137)] xx:0 max_ret:5, num_ret:0 ee_status:0x2
02-18 15:50:40.589  4906  4906 I libnfc_nci: [INFO:nfa_ee_api.cc(137)] xx:1 max_ret:5, num_ret:0 ee_status:0x0
02-18 15:50:40.590  4906  4906 I libnfc_nci: [INFO:nfa_ee_api.cc(137)] xx:2 max_ret:5, num_ret:1 ee_status:0x0
02-18 15:50:40.590  4906  4906 I libnfc_nci: [INFO:nfa_ee_api.cc(161)] num_ret:2
02-18 15:50:40.590  4906  4906 E libnfc_nci: [ERROR:SecureElement.cpp(1471)] SecureElement::getEeInfo: num EEs discovered: 2
02-18 15:50:40.590  4906  4906 I libnfc_nci: [INFO:SecureElement.cpp(1485)] SecureElement::getEeInfo: exit; mActualNumEe=2, mNumEePresent=2
02-18 15:50:40.590  4906  4906 I libnfc_nci: [INFO:RoutingManager.cpp(1490)] RoutingManager::setRoutingEntry: enter,max_tech_mask :0
02-18 15:50:40.590  4906  4906 I libnfc_nci: [INFO:SecureElement.cpp(1525)] SecureElement::getEseHandleFromGenericId: enter; ESE-ID = 0x01
02-18 15:50:40.590  4906  4906 I libnfc_nci: [INFO:SecureElement.cpp(1560)] SecureElement::getEseHandleFromGenericId: enter; ESE-Handle = 0x4C0
02-18 15:50:40.590  4906  4906 I libnfc_nci: [INFO:RoutingManager.cpp(1884)] isNfceeActive: seHandle : 4c0
02-18 15:50:40.590  4906  4906 I libnfc_nci: [INFO:SecureElement.cpp(1449)] SecureElement::getEeInfo: enter; mbNewEE=0, mActualNumEe=2
02-18 15:50:40.590  4906 28385 D MediaCodecList: codecHandlesFormat: no format, so no extra checks
02-18 15:50:40.590  4906 28385 D MediaCodecList: codecHandlesFormat: no format, so no extra checks
02-18 15:50:40.591 28383 28383 E HidlServiceManagement: Process age: process started in future: 6551600 after 6203170
02-18 15:50:40.591 28383 28383 D wpa_supplicant: hidl_register vendor service name default
02-18 15:50:40.591  4906  4906 I libnfc_nci: [INFO:nfa_ee_api.cc(119)] NFA_EeGetInfo em_state:1 cur_ee:3
02-18 15:50:40.592  4906  4906 I libnfc_nci: [INFO:nfa_ee_api.cc(137)] xx:0 max_ret:5, num_ret:0 ee_status:0x2
02-18 15:50:40.592  4906  4906 I libnfc_nci: [INFO:nfa_ee_api.cc(137)] xx:1 max_ret:5, num_ret:0 ee_status:0x0
02-18 15:50:40.592  4906  4906 I libnfc_nci: [INFO:nfa_ee_api.cc(137)] xx:2 max_ret:5, num_ret:1 ee_status:0x0
02-18 15:50:40.592  4906  4906 I libnfc_nci: [INFO:nfa_ee_api.cc(161)] num_ret:2
02-18 15:50:40.592  4906  4906 E libnfc_nci: [ERROR:SecureElement.cpp(1471)] SecureElement::getEeInfo: num EEs discovered: 2
02-18 15:50:40.592  4906  4906 I libnfc_nci: [INFO:SecureElement.cpp(1485)] SecureElement::getEeInfo: exit; mActualNumEe=2, mNumEePresent=2
02-18 15:50:40.592  4906  4906 I libnfc_nci: [INFO:RoutingManager.cpp(1889)] Default AID route handle active
02-18 15:50:40.592  4906  4906 I libnfc_nci: [INFO:SecureElement.cpp(1449)] SecureElement::getEeInfo: enter; mbNewEE=0, mActualNumEe=2
02-18 15:50:40.592  4906  4906 I libnfc_nci: [INFO:nfa_ee_api.cc(119)] NFA_EeGetInfo em_state:1 cur_ee:3
02-18 15:50:40.592  4906  4906 I libnfc_nci: [INFO:nfa_ee_api.cc(137)] xx:0 max_ret:5, num_ret:0 ee_status:0x2
02-18 15:50:40.592  4906 28386 I CCodec  : Created component [c2.android.vorbis.decoder]
02-18 15:50:40.592  4906  4906 I libnfc_nci: [INFO:nfa_ee_api.cc(137)] xx:1 max_ret:5, num_ret:0 ee_status:0x0
02-18 15:50:40.592  4906  4906 I libnfc_nci: [INFO:nfa_ee_api.cc(137)] xx:2 max_ret:5, num_ret:1 ee_status:0x0
02-18 15:50:40.592  4906  4906 I libnfc_nci: [INFO:nfa_ee_api.cc(161)] num_ret:2
02-18 15:50:40.592  4906  4906 E libnfc_nci: [ERROR:SecureElement.cpp(1471)] SecureElement::getEeInfo: num EEs discovered: 2
02-18 15:50:40.592  4906  4906 I libnfc_nci: [INFO:SecureElement.cpp(1485)] SecureElement::getEeInfo: exit; mActualNumEe=2, mNumEePresent=2
02-18 15:50:40.592  4906  4906 I libnfc_nci: [INFO:RoutingManager.cpp(1524)] RoutingManager::setRoutingEntry: enter,max_tech_mask :7
02-18 15:50:40.592  4906 28386 D CCodecConfig: read media type: audio/vorbis
02-18 15:50:40.593  4906  4906 I libnfc_nci: [INFO:RoutingManager.cpp(1531)] RoutingManager::setRoutingEntry: enter >>>> max_tech_mask :7 value :0x7
02-18 15:50:40.593  4906  4906 I libnfc_nci: [INFO:nfa_ee_api.cc(393)] handle:<0x4c0>technology_mask:<0x7>/<0x7>/<0x0><0x7><0x7><0x7>
02-18 15:50:40.593  4906  4906 I libnfc_nci: [INFO:nfa_ee_main.cc(441)] nfa_ee_find_ecb
02-18 15:50:40.593  4906  4906 I libnfc_nci: [INFO:gki_buffer.cc(326)] GKI_getbuf 0xb4000072b94bace0 39:42
02-18 15:50:40.593  4906 28363 I libnfc_nci: [INFO:nfa_sys_main.cc(96)] NFA got event 0x0204
02-18 15:50:40.593  4906 28363 I libnfc_nci: [INFO:nfa_ee_main.cc(683)] Event API_SET_TECH_CFG(0x204), State: INIT_DONE(1)
02-18 15:50:40.593  4906 28363 I libnfc_nci: [INFO:nfa_ee_act.cc(257)] nfa_ee_update_route_size nfcee_id:0xc0 size_mask_proto:5 size_mask_tech:15
02-18 15:50:40.593  4906 28363 I libnfc_nci: [INFO:nfa_ee_act.cc(359)] nfa_ee_total_lmrt_size size:26
02-18 15:50:40.593  4906 28363 I libnfc_nci: [INFO:RoutingManager.cpp(975)] RoutingManager::nfaEeCallback: NFA_EE_SET_TECH_CFG_EVT; status=0x0
02-18 15:50:40.593 28383 28383 E HidlServiceManagement: Process age: process started in future: 6551600 after 6203172
02-18 15:50:40.593 28383 28383 I wpa_supplicant: Register Vendor HIDL default service
02-18 15:50:40.593 28383 28383 I wpa_supplicant: Successfully initialized wpa_supplicant
02-18 15:50:40.593  4906  4906 I libnfc_nci: [INFO:RoutingManager.cpp(1614)] tech routing SUCCESS
02-18 15:50:40.593  4906 28387 D CCodec  : allocate(c2.android.vorbis.decoder)
02-18 15:50:40.594  4906  4906 I libnfc_nci: [INFO:nfa_ce_api.cc(205)] ee_handle = 0x4c0
02-18 15:50:40.594  4906  4906 I libnfc_nci: [INFO:gki_buffer.cc(326)] GKI_getbuf 0xb4000072d94a8140 39:42
02-18 15:50:40.594  4906 28363 I libnfc_nci: [INFO:nfa_sys_main.cc(96)] NFA got event 0x0601
02-18 15:50:40.594  4906 28363 I libnfc_nci: [INFO:nfa_ce_main.cc(176)] nfa_ce_handle_event event: NFA_CE_API_REG_LISTEN_EVT (0x601), flags: 00000000
02-18 15:50:40.594  4906 28363 I libnfc_nci: [INFO:nfa_ce_act.cc(1288)] Registering UICC/Felica/Type-4 tag listener. Type=2
02-18 15:50:40.594  4906 28363 E libnfc_nci: [ERROR:nfa_ce_act.cc(1302)] UICC (0x4c0) listening already specified
02-18 15:50:40.594  4906  4906 I libnfc_nci: [INFO:RoutingManager.cpp(401)] RoutingManager::addAidRouting: enter
02-18 15:50:40.594  4906  4906 I libnfc_nci: [INFO:SecureElement.cpp(1525)] SecureElement::getEseHandleFromGenericId: enter; ESE-ID = 0x00
02-18 15:50:40.594  4906  4906 I libnfc_nci: [INFO:SecureElement.cpp(1560)] SecureElement::getEseHandleFromGenericId: enter; ESE-Handle = 0x400
02-18 15:50:40.594  4906  4906 I libnfc_nci: [INFO:RoutingManager.cpp(420)] RoutingManager::addAidRoutingGeneric power state
02-18 15:50:40.594  4906  4906 I libnfc_nci: [INFO:nfa_ee_api.cc(650)] handle:<0x400>
02-18 15:50:40.594  4906  4906 I libnfc_nci: [INFO:nfa_ee_main.cc(441)] nfa_ee_find_ecb
02-18 15:50:40.594  4906  4906 I libnfc_nci: [INFO:gki_buffer.cc(326)] GKI_getbuf 0xb4000072c94b2d80 40:42
02-18 15:50:40.594  4906  4906 I libnfc_nci: [INFO:nfa_ee_api.cc(666)] aid:<f000>
02-18 15:50:40.594  2207  2464 I android_os_HwBinder: HwBinder: Starting thread pool for getting: android.hardware.wifi.supplicant@1.0::ISupplicant/default
02-18 15:50:40.594  4906  4906 I libnfc_nci: [INFO:nfa_ee_api.cc(678)] aid:<f000>
02-18 15:50:40.594  4906  5195 I libnfc_nci: [INFO:NativeNfcManager.cpp(3828)] storeLastDiscoveryParams: enter
02-18 15:50:40.595  4906  5195 I libnfc_nci: [INFO:NativeNfcManager.cpp(1921)] nfcManager_enableDiscovery: enter; tech_mask = 0f
02-18 15:50:40.595  4906 28363 I libnfc_nci: [INFO:NativeNfcManager.cpp(467)] nfaConnectionCallback: event= 29
02-18 15:50:40.595  4906 28386 D ReflectedParamUpdater: extent() != 1 for single value type: algo.buffers.max-count.values
02-18 15:50:40.595  4906 28363 I libnfc_nci: [INFO:NativeNfcManager.cpp(923)] nfaConnectionCallback: NFA_CE_UICC_LISTEN_CONFIGURED_EVT : status=0x3
02-18 15:50:40.595  4906 28363 I libnfc_nci: [INFO:nfa_sys_main.cc(96)] NFA got event 0x0208
02-18 15:50:40.595  4906 28386 D ReflectedParamUpdater: extent() != 1 for single value type: output.subscribed-indices.values
02-18 15:50:40.595  4906 28363 I libnfc_nci: [INFO:nfa_ee_main.cc(683)] Event API_ADD_AID(0x208), State: INIT_DONE(1)
02-18 15:50:40.595  4906  4906 I libnfc_nci: [INFO:RoutingManager.cpp(451)] RoutingManager::addAidRouting: routed AID
02-18 15:50:40.595  4906 28363 I libnfc_nci: [INFO:nfa_ee_act.cc(180)] nfa_ee_api_add_aid id:0x0 len=5 aid:f0 00 00 fe 2c 
02-18 15:50:40.595  4906  5195 I libnfc_nci: [INFO:PowerSwitch.cpp(154)] PowerSwitch::setLevel: level=PS-FULL (1)
02-18 15:50:40.595  4906  5195 I libnfc_nci: [INFO:NativeNfcManager.cpp(3519)] startRfDiscovery: is start=0
02-18 15:50:40.595  4906 28363 I libnfc_nci: [INFO:nfa_ee_act.cc(359)] nfa_ee_total_lmrt_size size:26
02-18 15:50:40.595  4906  5195 I libnfc_nci: [INFO:NativeNfcTag.cpp(2272)] nativeNfcTag_acquireRfInterfaceMutexLock: try to acquire lock
02-18 15:50:40.596  4906 28363 I libnfc_nci: [INFO:nfa_ee_act.cc(294)] nfa_ee_update_route_aid_size nfcee_id:0x0 size_aid:20
02-18 15:50:40.596  4906  5195 I libnfc_nci: [INFO:NativeNfcTag.cpp(2275)] nativeNfcTag_acquireRfInterfaceMutexLock: sRfInterfaceMutex lock
02-18 15:50:40.596  4906  5195 I libnfc_nci: [INFO:nfa_dm_api.cc(900)] NFA_StopRfDiscovery
02-18 15:50:40.596  4906 28386 D ReflectedParamUpdater: extent() != 1 for single value type: input.buffers.allocator-ids.values
02-18 15:50:40.596  4906 28386 D ReflectedParamUpdater: extent() != 1 for single value type: output.buffers.allocator-ids.values
02-18 15:50:40.596  4906 28363 I libnfc_nci: [INFO:nfa_ee_act.cc(1441)] status:0 ee_cfged:0x3f 
02-18 15:50:40.596  4906 28386 D ReflectedParamUpdater: extent() != 1 for single value type: algo.buffers.allocator-ids.values
02-18 15:50:40.596  4906 28363 I libnfc_nci: [INFO:RoutingManager.cpp(1054)] RoutingManager::nfaEeCallback: NFA_EE_ADD_AID_EVT  status=0
02-18 15:50:40.596  4906 28386 D ReflectedParamUpdater: extent() != 1 for single value type: output.buffers.pool-ids.values
02-18 15:50:40.596  4906 28386 D ReflectedParamUpdater: extent() != 1 for single value type: algo.buffers.pool-ids.values
02-18 15:50:40.596  4906  5195 I libnfc_nci: [INFO:gki_buffer.cc(326)] GKI_getbuf 0xb4000072994d0650 39:42
02-18 15:50:40.596  4906  4906 D NfcService: computeRoutingParameters >>>
02-18 15:50:40.596  4906 28363 I libnfc_nci: [INFO:nfa_sys_main.cc(96)] NFA got event 0x010F
02-18 15:50:40.596  4906 28363 I libnfc_nci: [INFO:nfa_dm_main.cc(152)] event: NFA_DM_API_STOP_RF_DISCOVERY_EVT (0x0f)
02-18 15:50:40.596  4906 28363 I libnfc_nci: [INFO:nfa_dm_act.cc(1407)] nfa_dm_act_stop_rf_discovery
02-18 15:50:40.596  4906 28363 I libnfc_nci: [INFO:NativeNfcManager.cpp(467)] nfaConnectionCallback: event= 31
02-18 15:50:40.596  4906 28363 I libnfc_nci: [INFO:NativeNfcManager.cpp(505)] nfaConnectionCallback: NFA_RF_DISCOVERY_STOPPED_EVT: status = 0
02-18 15:50:40.597  4906  5195 I libnfc_nci: [INFO:NativeNfcTag.cpp(2290)] nativeNfcTag_releaseRfInterfaceMutexLock: sRfInterfaceMutex unlock
02-18 15:50:40.597  4906  5195 I libnfc_nci: [INFO:NativeNfcTag.cpp(2272)] nativeNfcTag_acquireRfInterfaceMutexLock: try to acquire lock
02-18 15:50:40.597  4906  5195 I libnfc_nci: [INFO:NativeNfcTag.cpp(2275)] nativeNfcTag_acquireRfInterfaceMutexLock: sRfInterfaceMutex lock
02-18 15:50:40.597  4906  5195 I libnfc_nci: [INFO:NativeNfcManager.cpp(3755)] stopPolling_rfDiscoveryDisabled: disable polling
02-18 15:50:40.597  4906  5195 I libnfc_nci: [INFO:nfa_dm_api.cc(615)] NFA_DisablePolling
02-18 15:50:40.597  4906  5195 I libnfc_nci: [INFO:gki_buffer.cc(326)] GKI_getbuf 0xb4000072994d0650 39:42
02-18 15:50:40.597  4906 28363 I libnfc_nci: [INFO:nfa_sys_main.cc(96)] NFA got event 0x0107
02-18 15:50:40.597  4906 28363 I libnfc_nci: [INFO:nfa_dm_main.cc(152)] event: NFA_DM_API_DISABLE_POLLING_EVT (0x07)
02-18 15:50:40.597  4906 28363 I libnfc_nci: [INFO:nfa_dm_act.cc(1137)] nfa_dm_act_disable_polling
02-18 15:50:40.597  4906 28363 I libnfc_nci: [INFO:NativeNfcManager.cpp(467)] nfaConnectionCallback: event= 1
02-18 15:50:40.597  4906 28363 I libnfc_nci: [INFO:NativeNfcManager.cpp(485)] nfaConnectionCallback: NFA_POLL_DISABLED_EVT: status = 3
02-18 15:50:40.597  4906 28386 I CCodecConfig: query failed after returning 7 values (BAD_INDEX)
02-18 15:50:40.597  4906 28386 D CCodecConfig: c2 config diff is Dict {
02-18 15:50:40.597  4906 28386 D CCodecConfig:   c2::u32 coded.bitrate.value = 64000
02-18 15:50:40.597  4906 28386 D CCodecConfig:   c2::u32 input.buffers.max-size.value = 32768
02-18 15:50:40.597  4906 28386 D CCodecConfig:   c2::u32 input.delay.value = 0
02-18 15:50:40.597  4906 28386 D CCodecConfig:   string input.media-type.value = "audio/vorbis"
02-18 15:50:40.597  4906 28386 D CCodecConfig:   string output.media-type.value = "audio/raw"
02-18 15:50:40.597  4906 28386 D CCodecConfig:   c2::u32 raw.channel-count.value = 1
02-18 15:50:40.597  4906 28386 D CCodecConfig:   c2::u32 raw.sample-rate.value = 48000
02-18 15:50:40.597  4906 28386 D CCodecConfig: }
02-18 15:50:40.597  4906  5195 I libnfc_nci: [INFO:NativeNfcTag.cpp(2290)] nativeNfcTag_releaseRfInterfaceMutexLock: sRfInterfaceMutex unlock
02-18 15:50:40.597  4906  5195 I libnfc_nci: [INFO:NativeNfcTag.cpp(2272)] nativeNfcTag_acquireRfInterfaceMutexLock: try to acquire lock
02-18 15:50:40.597  4906  5195 I libnfc_nci: [INFO:NativeNfcTag.cpp(2275)] nativeNfcTag_acquireRfInterfaceMutexLock: sRfInterfaceMutex lock
02-18 15:50:40.597  4906  5195 I libnfc_nci: [INFO:NativeNfcManager.cpp(3733)] startPolling_rfDiscoveryDisabled: enable polling
02-18 15:50:40.597  4906 28387 I CCodec  : setting up 'default' as default (vendor) store
02-18 15:50:40.598  4906  5195 I libnfc_nci: [INFO:nfa_dm_api.cc(581)] 0xF
02-18 15:50:40.598  4906  5195 I libnfc_nci: [INFO:gki_buffer.cc(326)] GKI_getbuf 0xb4000072994f44d0 39:42
02-18 15:50:40.598  4906  5195 I libnfc_nci: [INFO:NativeNfcManager.cpp(3737)] startPolling_rfDiscoveryDisabled: wait for enable event
02-18 15:50:40.598  4906 28363 I libnfc_nci: [INFO:nfa_sys_main.cc(96)] NFA got event 0x0106
02-18 15:50:40.598  4906 28363 I libnfc_nci: [INFO:nfa_dm_main.cc(152)] event: NFA_DM_API_ENABLE_POLLING_EVT (0x06)
02-18 15:50:40.598  4906 28363 I libnfc_nci: [INFO:nfa_dm_act.cc(1072)] nfa_dm_act_enable_polling
02-18 15:50:40.598  4906 28363 I libnfc_nci: [INFO:nfa_dm_act.cc(986)] nfa_dm_start_polling
02-18 15:50:40.598  4906 28363 I libnfc_nci: [INFO:nfa_dm_discover.cc(2962)] disc_mask=0xe17f
02-18 15:50:40.599  4906 28363 I libnfc_nci: [INFO:NativeNfcManager.cpp(467)] nfaConnectionCallback: event= 0
02-18 15:50:40.599  4906 28363 I libnfc_nci: [INFO:NativeNfcManager.cpp(476)] nfaConnectionCallback: NFA_POLL_ENABLED_EVT: status = 0
02-18 15:50:40.599  4906 28387 I CCodec  : Created component [c2.android.vorbis.decoder]
02-18 15:50:40.599  4906  5195 I libnfc_nci: [INFO:NativeNfcTag.cpp(2290)] nativeNfcTag_releaseRfInterfaceMutexLock: sRfInterfaceMutex unlock
02-18 15:50:40.599  4906  5195 I libnfc_nci: [INFO:NativeNfcManager.cpp(1946)] nfcManager_enableDiscovery: Enable p2pListening
02-18 15:50:40.599  4906  5195 I libnfc_nci: [INFO:NativeNfcManager.cpp(3519)] startRfDiscovery: is start=1
02-18 15:50:40.599  4906  5195 I libnfc_nci: [INFO:NativeNfcTag.cpp(2272)] nativeNfcTag_acquireRfInterfaceMutexLock: try to acquire lock
02-18 15:50:40.599  4906  5195 I libnfc_nci: [INFO:NativeNfcTag.cpp(2275)] nativeNfcTag_acquireRfInterfaceMutexLock: sRfInterfaceMutex lock
02-18 15:50:40.599  4906  5195 I libnfc_nci: [INFO:nfa_dm_api.cc(870)] NFA_StartRfDiscovery
02-18 15:50:40.599  4906  5195 I libnfc_nci: [INFO:gki_buffer.cc(326)] GKI_getbuf 0xb4000072994f44d0 39:42
02-18 15:50:40.599  2207  2464 I android_os_HwBinder: HwBinder: Starting thread pool for getting: vendor.qti.hardware.wifi.supplicant@2.0::ISupplicantVendor/default
02-18 15:50:40.599  4906 28387 D CCodecConfig: read media type: audio/vorbis
02-18 15:50:40.599  2207  2464 E SupplicantStaIfaceHal: Discover ISupplicantVendor service successfull
02-18 15:50:40.599  2207  2464 I SupplicantStaIfaceHal: Completed initialization of ISupplicant.
02-18 15:50:40.600  4906 28363 I libnfc_nci: [INFO:nfa_sys_main.cc(96)] NFA got event 0x010E
02-18 15:50:40.600  4906 28386 D CCodec  : [c2.android.vorbis.decoder] buffers are bound to CCodec for this session
02-18 15:50:40.600  4906 28386 D CCodecConfig: no c2 equivalents for durationUs
02-18 15:50:40.601  4906 28363 I libnfc_nci: [INFO:nfa_dm_main.cc(152)] event: NFA_DM_API_START_RF_DISCOVERY_EVT (0x0e)
02-18 15:50:40.601  4906 28386 D CCodecConfig: no c2 equivalents for track-id
02-18 15:50:40.601  4906 28386 D CCodecConfig: no c2 equivalents for csd-1
02-18 15:50:40.601  4906 28386 D CCodecConfig: no c2 equivalents for language
02-18 15:50:40.601  4906 28386 D CCodecConfig: no c2 equivalents for file-format
02-18 15:50:40.601  4906 28386 D CCodecConfig: no c2 equivalents for flags
02-18 15:50:40.601  4906 28363 I libnfc_nci: [INFO:nfa_dm_act.cc(1375)] nfa_dm_act_start_rf_discovery
02-18 15:50:40.601  4906 28363 I libnfc_nci: [INFO:nfa_dm_discover.cc(1092)] nfa_dm_start_rf_discover
02-18 15:50:40.601  4906 28363 I libnfc_nci: [INFO:nfa_ee_act.cc(2932)] 1
02-18 15:50:40.601  4906 28386 D CCodecConfig: config failed => CORRUPTED
02-18 15:50:40.601  4906 28386 D CCodecConfig: c2 config diff is   c2::u32 raw.sample-rate.value = 16000
02-18 15:50:40.601  4906 28363 I libnfc_nci: [INFO:nfa_ee_act.cc(2956)] 0xc0, 0xc0, 0xc0, 0x0
02-18 15:50:40.601  4906 28363 I libnfc_nci: [INFO:nfa_dm_discover.cc(1225)] nfa_dm_cb.disc_cb.entry[0].selected_disc_mask = 0x140000
02-18 15:50:40.601  4906 28363 I libnfc_nci: [INFO:nfa_dm_discover.cc(1225)] nfa_dm_cb.disc_cb.entry[1].selected_disc_mask = 0x340000
02-18 15:50:40.601  4906 28363 I libnfc_nci: [INFO:nfa_dm_discover.cc(1225)] nfa_dm_cb.disc_cb.entry[2].selected_disc_mask = 0xe17f
02-18 15:50:40.601  4906 28363 I libnfc_nci: [INFO:nfa_ee_main.cc(441)] nfa_ee_find_ecb
02-18 15:50:40.602  4906 28363 I libnfc_nci: [INFO:nfa_ee_act.cc(2128)] Cannot find cb for given nfcee_id: 0x80
02-18 15:50:40.602  4906 28363 I libnfc_nci: [INFO:nfa_ee_act.cc(2131)] supported tech list is 0x00 for given nfcee_id: 0x80 
02-18 15:50:40.602  4906 28363 I libnfc_nci: [INFO:nfa_dm_discover.cc(1335)] fwdEnable:0,hostEnable:3
02-18 15:50:40.602  4906 28363 I libnfc_nci: [INFO:nfa_dm_discover.cc(1338)] tech_list:0x0,dm_disc_mask:0x34e17f
02-18 15:50:40.602  4906 28363 I libnfc_nci: [INFO:nfa_dm_discover.cc(1352)] dm_disc_mask : 0x34e17f
02-18 15:50:40.602  4906 28363 I libnfc_nci: [INFO:nfa_p2p_main.cc(533)] nfa_p2p_set_config
02-18 15:50:40.602  4906 28363 I libnfc_nci: [INFO:llcp_api.cc(252)] LLCP_GetDiscoveryConfig
02-18 15:50:40.602  4906 28363 I libnfc_nci: [INFO:nfa_dm_main.cc(256)] nfa_dm_check_set_config
02-18 15:50:40.602  4906 28363 I libnfc_nci: [INFO:gki_buffer.cc(326)] GKI_getbuf 0xb4000073694a08e0 40:42
02-18 15:50:40.602  4906 28363 I libnfc_nci: [INFO:nfc_ncif.cc(491)] nfc_ncif_send_cmd()
02-18 15:50:40.602  4906 28363 I libnfc_nci: [INFO:NfcAdaptation.cc(748)] NfcAdaptation::HalWrite
02-18 15:50:40.602  4906 28386 W Codec2Client: query -- param skipped: index = 1107298332.
02-18 15:50:40.602  4906 28386 D CCodec  : setup formats input: AMessage(what = 0x00000000) = {
02-18 15:50:40.602  4906 28386 D CCodec  :   int32_t bitrate = 64000
02-18 15:50:40.602  4906 28386 D CCodec  :   int32_t channel-count = 1
02-18 15:50:40.602  4906 28386 D CCodec  :   int32_t max-input-size = 65307
02-18 15:50:40.602  4906 28386 D CCodec  :   string mime = "audio/vorbis"
02-18 15:50:40.602  4906 28386 D CCodec  :   int32_t sample-rate = 16000
02-18 15:50:40.602  4906 28386 D CCodec  : }
02-18 15:50:40.602  4906 28386 D CCodec  : setup formats output: AMessage(what = 0x00000000) = {
02-18 15:50:40.602  4906 28386 D CCodec  :   int32_t channel-count = 1
02-18 15:50:40.602  4906 28386 D CCodec  :   string mime = "audio/raw"
02-18 15:50:40.602  4906 28386 D CCodec  :   int32_t sample-rate = 16000
02-18 15:50:40.602  4906 28386 D CCodec  :   int32_t android._config-pcm-encoding = 2
02-18 15:50:40.602  4906 28386 D CCodec  : }
02-18 15:50:40.602  4906 28386 I CCodecConfig: query failed after returning 7 values (BAD_INDEX)
02-18 15:50:40.602   672 28366 D NxpTml  : PN54X - Write requested.....
02-18 15:50:40.602   672 28366 D NxpTml  : PN54X - Invoking I2C Write.....
02-18 15:50:40.604   672 28366 D NxpNciX : len =  26 > 20021701291446666D010112020207FF03020003040164070103
02-18 15:50:40.604   672 28366 D NxpTml  : PN54X - I2C Write successful.....
02-18 15:50:40.604  4906 28387 D ReflectedParamUpdater: extent() != 1 for single value type: algo.buffers.max-count.values
02-18 15:50:40.604   672 28366 D NxpTml  : PN54X - Posting Fresh Write message.....
02-18 15:50:40.604   672 28366 D NxpTml  : PN54X - Tml Writer Thread Running................
02-18 15:50:40.604  4906 28387 D ReflectedParamUpdater: extent() != 1 for single value type: output.subscribed-indices.values
02-18 15:50:40.604   672 28368 D NxpHal  : write successful status = 0x0
02-18 15:50:40.604  4906 28387 D ReflectedParamUpdater: extent() != 1 for single value type: input.buffers.allocator-ids.values
02-18 15:50:40.604  4906 28387 D ReflectedParamUpdater: extent() != 1 for single value type: output.buffers.allocator-ids.values
02-18 15:50:40.605  4906 28387 D ReflectedParamUpdater: extent() != 1 for single value type: algo.buffers.allocator-ids.values
02-18 15:50:40.605  4906 28363 I libnfc_nci: [INFO:nfa_dm_discover.cc(1274)] dm_disc_mask = 0x34e17f
02-18 15:50:40.605  4906 28387 D ReflectedParamUpdater: extent() != 1 for single value type: output.buffers.pool-ids.values
02-18 15:50:40.605  4906 28387 D ReflectedParamUpdater: extent() != 1 for single value type: algo.buffers.pool-ids.values
02-18 15:50:40.605   672 28365 D NxpTml  : PN54X - I2C Read successful.....
02-18 15:50:40.605   672 28365 D NxpNciR : len =   5 > 4002020000
02-18 15:50:40.605   672 28365 D NxpTml  : PN54X - Posting read message.....
02-18 15:50:40.605   672 28368 D NxpHal  : read successful status = 0x0
02-18 15:50:40.605   672 28368 D NxpHal  : phNxpNciHal_print_res_status: response status =STATUS_OK
02-18 15:50:40.605  4906 28363 I libnfc_nci: [INFO:nfa_dm_discover.cc(416)] tech_proto_mask = 0x0034E17F
02-18 15:50:40.605  4906 28363 I libnfc_nci: [INFO:nfa_dm_main.cc(256)] nfa_dm_check_set_config
02-18 15:50:40.605  4906  5695 I libnfc_nci: [INFO:gki_buffer.cc(326)] GKI_getbuf 0xb40000736949ae40 40:42
02-18 15:50:40.605  4906 28363 I libnfc_nci: [INFO:gki_buffer.cc(326)] GKI_getbuf 0xb4000073694a08e0 41:42
02-18 15:50:40.605  4906 28363 I libnfc_nci: [INFO:nfc_ncif.cc(491)] nfc_ncif_send_cmd()
02-18 15:50:40.606  4906 28363 I libnfc_nci: [INFO:nfc_ncif.cc(406)] nfc_ncif_check_cmd_queue : making p_buf NULL.
02-18 15:50:40.606   672 28365 D NxpTml  : PN54X - Read requested.....
02-18 15:50:40.606  4906 28363 I libnfc_nci: [INFO:nfa_dm_discover.cc(506)] nfa_dm_set_total_duration
02-18 15:50:40.606   672 28365 D NxpTml  : PN54X - Invoking I2C Read.....
02-18 15:50:40.606  4906 28363 I libnfc_nci: [INFO:nfa_dm_main.cc(256)] nfa_dm_check_set_config
02-18 15:50:40.606  4906 28363 I libnfc_nci: [INFO:gki_buffer.cc(326)] GKI_getbuf 0xb4000073694a4a80 42:42
02-18 15:50:40.606  4906 28363 I libnfc_nci: [INFO:nfc_ncif.cc(491)] nfc_ncif_send_cmd()
02-18 15:50:40.606  4906 28363 I libnfc_nci: [INFO:nfc_ncif.cc(406)] nfc_ncif_check_cmd_queue : making p_buf NULL.
02-18 15:50:40.606  4906 28363 I libnfc_nci: [INFO:nfc_main.cc(1110)] NFC_DiscoveryStart
02-18 15:50:40.606  4906 28386 W Codec2Client: query -- param skipped: index = 1342179345.
02-18 15:50:40.606  4906 28387 I CCodecConfig: query failed after returning 7 values (BAD_INDEX)
02-18 15:50:40.606  4906 28387 D CCodecConfig: c2 config diff is Dict {
02-18 15:50:40.606  4906 28387 D CCodecConfig:   c2::u32 coded.bitrate.value = 64000
02-18 15:50:40.606  4906 28387 D CCodecConfig:   c2::u32 input.buffers.max-size.value = 32768
02-18 15:50:40.606  4906 28387 D CCodecConfig:   c2::u32 input.delay.value = 0
02-18 15:50:40.606  4906 28387 D CCodecConfig:   string input.media-type.value = "audio/vorbis"
02-18 15:50:40.606  4906 28387 D CCodecConfig:   string output.media-type.value = "audio/raw"
02-18 15:50:40.606  4906 28387 D CCodecConfig:   c2::u32 raw.channel-count.value = 1
02-18 15:50:40.606  4906 28387 D CCodecConfig:   c2::u32 raw.sample-rate.value = 48000
02-18 15:50:40.606  4906 28387 D CCodecConfig: }
02-18 15:50:40.606  4906 28386 W Codec2Client: query -- param skipped: index = 2415921170.
02-18 15:50:40.607  4906 28387 D CCodec  : [c2.android.vorbis.decoder] buffers are bound to CCodec for this session
02-18 15:50:40.607  4906 28363 I libnfc_nci: [INFO:gki_buffer.cc(326)] GKI_getbuf 0xb4000072a94c68a0 43:43
02-18 15:50:40.607  4906 28387 D CCodecConfig: no c2 equivalents for durationUs
02-18 15:50:40.607  4906 28387 D CCodecConfig: no c2 equivalents for track-id
02-18 15:50:40.607  4906 28363 I libnfc_nci: [INFO:nfc_main.cc(1130)] NFC_DiscoveryStart status: 0xe3
02-18 15:50:40.607  4906 28387 D CCodecConfig: no c2 equivalents for csd-1
02-18 15:50:40.607  4906 28363 I libnfc_nci: [INFO:nfc_ncif.cc(577)] NFC received rsp gid:0
02-18 15:50:40.607  4906 28387 D CCodecConfig: no c2 equivalents for language
02-18 15:50:40.607  4906 28363 I libnfc_nci: [INFO:nci_hrcv.cc(87)] nci_proc_core_rsp opcode:0x2
02-18 15:50:40.607  4906 28363 I libnfc_nci: [INFO:nfa_dm_act.cc(295)] NFC_SET_CONFIG_REVT(0x5002)
02-18 15:50:40.607  4906 28363 I libnfc_nci: [INFO:NfcAdaptation.cc(748)] NfcAdaptation::HalWrite
02-18 15:50:40.607  4906 28387 D CCodecConfig: no c2 equivalents for file-format
02-18 15:50:40.607  4906 28387 D CCodecConfig: no c2 equivalents for flags
02-18 15:50:40.607   672 28366 D NxpTml  : PN54X - Write requested.....
02-18 15:50:40.607   672 28366 D NxpTml  : PN54X - Invoking I2C Write.....
02-18 15:50:40.607  1584  2601 D BufferPoolAccessor2.0: bufferpool2 0xb400006db6e36128 : 0(0 size) total buffers - 0(0 size) used buffers - 46/48 (recycle/alloc) - 2/47 (fetch/transfer)
02-18 15:50:40.608  1584  2601 D BufferPoolAccessor2.0: Destruction - bufferpool2 0xb400006db6e36128 cached: 0/0M, 0/0% in use; allocs: 48, 96% recycled; transfers: 47, 96% unfetched
02-18 15:50:40.608  1584 15965 D BufferPoolAccessor2.0: bufferpool2 0xb400006db6e34a08 : 0(0 size) total buffers - 0(0 size) used buffers - 26/29 (recycle/alloc) - 3/28 (fetch/transfer)
02-18 15:50:40.608  4906 28386 D CCodecBufferChannel: [c2.android.vorbis.decoder#791] Created input block pool with allocatorID 16 => poolID 32 - OK (0)
02-18 15:50:40.608  1584 15965 D BufferPoolAccessor2.0: Destruction - bufferpool2 0xb400006db6e34a08 cached: 0/0M, 0/0% in use; allocs: 29, 90% recycled; transfers: 28, 89% unfetched
02-18 15:50:40.608  1584  2174 D BufferPoolAccessor2.0: bufferpool2 0xb400006db6e36cb8 : 0(0 size) total buffers - 0(0 size) used buffers - 27/30 (recycle/alloc) - 3/29 (fetch/transfer)
02-18 15:50:40.608  1584  2174 D BufferPoolAccessor2.0: Destruction - bufferpool2 0xb400006db6e36cb8 cached: 0/0M, 0/0% in use; allocs: 30, 90% recycled; transfers: 29, 90% unfetched
02-18 15:50:40.608  4906 28387 D CCodecConfig: config failed => CORRUPTED
02-18 15:50:40.608   672 28366 D NxpNciX : len =  19 > 20021005300104310100320120380101500100
02-18 15:50:40.608   672 28366 D NxpTml  : PN54X - I2C Write successful.....
02-18 15:50:40.608   672 28366 D NxpTml  : PN54X - Posting Fresh Write message.....
02-18 15:50:40.608  4906 28387 D CCodecConfig: c2 config diff is   c2::u32 raw.sample-rate.value = 16000
02-18 15:50:40.608   672 28366 D NxpTml  : PN54X - Tml Writer Thread Running................
02-18 15:50:40.608   672 28368 D NxpHal  : write successful status = 0x0
02-18 15:50:40.609  4906  5055 D BufferPoolAccessor2.0: bufferpool2 0xb4000073594ab1d8 : 0(0 size) total buffers - 0(0 size) used buffers - 1/7 (recycle/alloc) - 6/62 (fetch/transfer)
02-18 15:50:40.609  4906  5055 D BufferPoolAccessor2.0: Destruction - bufferpool2 0xb4000073594ab1d8 cached: 0/0M, 0/0% in use; allocs: 7, 14% recycled; transfers: 62, 90% unfetched
02-18 15:50:40.609  4906 28386 I CCodecBufferChannel: [c2.android.vorbis.decoder#791] Created output block pool with allocatorID 16 => poolID 50 - OK
02-18 15:50:40.609  4906 28387 W Codec2Client: query -- param skipped: index = 1107298332.
02-18 15:50:40.609   672 28365 D NxpTml  : PN54X - I2C Read successful.....
02-18 15:50:40.609  4906 28386 D CCodecBufferChannel: [c2.android.vorbis.decoder#791] Configured output block pool ids 50 => OK
02-18 15:50:40.609   672 28365 D NxpNciR : len =   5 > 4002020000
02-18 15:50:40.609   672 28365 D NxpTml  : PN54X - Posting read message.....
02-18 15:50:40.609  4906 28387 D CCodec  : setup formats input: AMessage(what = 0x00000000) = {
02-18 15:50:40.609  4906 28387 D CCodec  :   int32_t bitrate = 64000
02-18 15:50:40.609  4906 28387 D CCodec  :   int32_t channel-count = 1
02-18 15:50:40.609  4906 28387 D CCodec  :   int32_t max-input-size = 65307
02-18 15:50:40.609  4906 28387 D CCodec  :   string mime = "audio/vorbis"
02-18 15:50:40.609  4906 28387 D CCodec  :   int32_t sample-rate = 16000
02-18 15:50:40.609  4906 28387 D CCodec  : }
02-18 15:50:40.609  4906 28387 D CCodec  : setup formats output: AMessage(what = 0x00000000) = {
02-18 15:50:40.609  4906 28387 D CCodec  :   int32_t channel-count = 1
02-18 15:50:40.609  4906 28387 D CCodec  :   string mime = "audio/raw"
02-18 15:50:40.609  4906 28387 D CCodec  :   int32_t sample-rate = 16000
02-18 15:50:40.609  4906 28387 D CCodec  :   int32_t android._config-pcm-encoding = 2
02-18 15:50:40.609  4906 28387 D CCodec  : }
02-18 15:50:40.609  4906 28386 D CCodecBufferChannel: [c2.android.vorbis.decoder#791] start: updating output delay 0
02-18 15:50:40.609  4906  5055 D BufferPoolAccessor2.0: bufferpool2 0xb4000073594a7ca8 : 0(0 size) total buffers - 0(0 size) used buffers - 1/7 (recycle/alloc) - 6/100 (fetch/transfer)
02-18 15:50:40.609   672 28368 D NxpHal  : read successful status = 0x0
02-18 15:50:40.609   672 28368 D NxpHal  : phNxpNciHal_print_res_status: response status =STATUS_OK
02-18 15:50:40.609  4906  5055 D BufferPoolAccessor2.0: Destruction - bufferpool2 0xb4000073594a7ca8 cached: 0/0M, 0/0% in use; allocs: 7, 14% recycled; transfers: 100, 94% unfetched
02-18 15:50:40.610  4906 28387 I CCodecConfig: query failed after returning 7 values (BAD_INDEX)
02-18 15:50:40.610  4906  5695 I libnfc_nci: [INFO:gki_buffer.cc(326)] GKI_getbuf 0xb40000736949ae40 41:43
02-18 15:50:40.610  4906  5055 D BufferPoolAccessor2.0: bufferpool2 0xb40000735949b5c8 : 0(0 size) total buffers - 0(0 size) used buffers - 2/7 (recycle/alloc) - 5/64 (fetch/transfer)
02-18 15:50:40.610  4906  5055 D BufferPoolAccessor2.0: Destruction - bufferpool2 0xb40000735949b5c8 cached: 0/0M, 0/0% in use; allocs: 7, 29% recycled; transfers: 64, 92% unfetched
02-18 15:50:40.610   672 28365 D NxpTml  : PN54X - Read requested.....
02-18 15:50:40.610   672 28365 D NxpTml  : PN54X - Invoking I2C Read.....
02-18 15:50:40.610  4906 28363 I libnfc_nci: [INFO:nfc_ncif.cc(577)] NFC received rsp gid:0
02-18 15:50:40.611  4906 28363 I libnfc_nci: [INFO:nci_hrcv.cc(87)] nci_proc_core_rsp opcode:0x2
02-18 15:50:40.611  4906 28363 I libnfc_nci: [INFO:nfa_dm_act.cc(295)] NFC_SET_CONFIG_REVT(0x5002)
02-18 15:50:40.611  4906 28386 I CCodecBufferChannel: pipelineRoom(3) is <= numClientBuffers(3). Not signalling any more buffers to client
02-18 15:50:40.611  4906 28363 I libnfc_nci: [INFO:NfcAdaptation.cc(748)] NfcAdaptation::HalWrite
02-18 15:50:40.612   672 28366 D NxpTml  : PN54X - Write requested.....
02-18 15:50:40.612   672 28366 D NxpTml  : PN54X - Invoking I2C Write.....
02-18 15:50:40.613  1584 28388 D SimpleC2Component: Using output block pool with poolID 50 => got 50 - 0
02-18 15:50:40.613   672 28366 D NxpNciX : len =   8 > 2002050100022C01
02-18 15:50:40.613   672 28366 D NxpTml  : PN54X - I2C Write successful.....
02-18 15:50:40.613   672 28366 D NxpTml  : PN54X - Posting Fresh Write message.....
02-18 15:50:40.613   672 28366 D NxpTml  : PN54X - Tml Writer Thread Running................
02-18 15:50:40.613   672 28368 D NxpHal  : write successful status = 0x0
02-18 15:50:40.614  4906 28386 I CCodecBufferChannel: pipelineRoom(2) is <= numClientBuffers(2). Not signalling any more buffers to client
02-18 15:50:40.614  4906 28387 W Codec2Client: query -- param skipped: index = 1342179345.
02-18 15:50:40.614   672 28365 D NxpTml  : PN54X - I2C Read successful.....
02-18 15:50:40.614  4906 28387 W Codec2Client: query -- param skipped: index = 2415921170.
02-18 15:50:40.614   672 28365 D NxpNciR : len =   5 > 4002020000
02-18 15:50:40.614   672 28365 D NxpTml  : PN54X - Posting read message.....
02-18 15:50:40.614  1510  2575 D MediaBufferGroup: creating MemoryDealer
02-18 15:50:40.614   672 28368 D NxpHal  : read successful status = 0x0
02-18 15:50:40.614   672 28368 D NxpHal  : phNxpNciHal_print_res_status: response status =STATUS_OK
02-18 15:50:40.614  4906 28386 I CCodecBufferChannel: pipelineRoom(1) is <= numClientBuffers(1). Not signalling any more buffers to client
02-18 15:50:40.615  4906 28387 D CCodecBufferChannel: [c2.android.vorbis.decoder#736] Created input block pool with allocatorID 16 => poolID 33 - OK (0)
02-18 15:50:40.615  4906  5695 I libnfc_nci: [INFO:gki_buffer.cc(326)] GKI_getbuf 0xb40000736949ae40 40:43
02-18 15:50:40.615  4906 28363 I libnfc_nci: [INFO:nfc_ncif.cc(577)] NFC received rsp gid:0
02-18 15:50:40.615  4906 28363 I libnfc_nci: [INFO:nci_hrcv.cc(87)] nci_proc_core_rsp opcode:0x2
02-18 15:50:40.615  4906 28363 I libnfc_nci: [INFO:nfa_dm_act.cc(295)] NFC_SET_CONFIG_REVT(0x5002)
02-18 15:50:40.616  4906 28363 I libnfc_nci: [INFO:NfcAdaptation.cc(940)] NfcAdaptation::HalPrediscover
02-18 15:50:40.616   672 28365 D NxpTml  : PN54X - Read requested.....
02-18 15:50:40.616  4906 28387 I CCodecBufferChannel: [c2.android.vorbis.decoder#736] Created output block pool with allocatorID 16 => poolID 51 - OK
02-18 15:50:40.616  4906 28387 D CCodecBufferChannel: [c2.android.vorbis.decoder#736] Configured output block pool ids 51 => OK
02-18 15:50:40.616  4906 28363 I libnfc_nci: [INFO:gki_buffer.cc(326)] GKI_getbuf 0xb4000073694a2500 41:43
02-18 15:50:40.616  4906 28363 I libnfc_nci: [INFO:nfc_ncif.cc(491)] nfc_ncif_send_cmd()
02-18 15:50:40.616  4906 28363 I libnfc_nci: [INFO:NfcAdaptation.cc(748)] NfcAdaptation::HalWrite
02-18 15:50:40.616  4906 28387 D CCodecBufferChannel: [c2.android.vorbis.decoder#736] start: updating output delay 0
02-18 15:50:40.616   672   672 D NxpHal  : > Polling Loop Started
02-18 15:50:40.618  4906 28387 I CCodecBufferChannel: pipelineRoom(3) is <= numClientBuffers(3). Not signalling any more buffers to client
02-18 15:50:40.618   672 28365 D NxpTml  : PN54X - Invoking I2C Read.....
02-18 15:50:40.618  1510  1510 D MediaBufferGroup: creating MemoryDealer
02-18 15:50:40.619  4906 28387 I CCodecBufferChannel: pipelineRoom(2) is <= numClientBuffers(2). Not signalling any more buffers to client
02-18 15:50:40.619  1584 28390 D SimpleC2Component: Using output block pool with poolID 51 => got 51 - 0
02-18 15:50:40.619  4906 28387 I CCodecBufferChannel: pipelineRoom(1) is <= numClientBuffers(1). Not signalling any more buffers to client
02-18 15:50:40.621   672 28366 D NxpTml  : PN54X - Write requested.....
02-18 15:50:40.621   672 28366 D NxpTml  : PN54X - Invoking I2C Write.....
02-18 15:50:40.622   672 28366 D NxpNciX : len =  18 > 21030F070001010102018001810182010601
02-18 15:50:40.622   672 28366 D NxpTml  : PN54X - I2C Write successful.....
02-18 15:50:40.622   672 28366 D NxpTml  : PN54X - Posting Fresh Write message.....
02-18 15:50:40.622   672 28366 D NxpTml  : PN54X - Tml Writer Thread Running................
02-18 15:50:40.622   672 28368 D NxpHal  : write successful status = 0x0
02-18 15:50:40.626   672 28365 D NxpTml  : PN54X - I2C Read successful.....
02-18 15:50:40.626   672 28365 D NxpNciR : len =   4 > 41030100
02-18 15:50:40.626   672 28365 D NxpTml  : PN54X - Posting read message.....
02-18 15:50:40.626   672 28368 D NxpHal  : read successful status = 0x0
02-18 15:50:40.627  4906  5695 I libnfc_nci: [INFO:gki_buffer.cc(326)] GKI_getbuf 0xb40000736949ae40 39:43
02-18 15:50:40.627  4906 28363 I libnfc_nci: [INFO:nfc_ncif.cc(577)] NFC received rsp gid:1
02-18 15:50:40.627  4906 28363 I libnfc_nci: [INFO:nfa_dm_discover.cc(3470)] returning TRUE
02-18 15:50:40.628  4906 28363 I libnfc_nci: [INFO:nfa_dm_discover.cc(850)] event:0x4000
02-18 15:50:40.628  4906 28363 I libnfc_nci: [INFO:nfa_dm_discover.cc(2889)] state: IDLE (0), event: DISCOVER_RSP(1) disc_flags: 0x31
02-18 15:50:40.628  4906 28363 I libnfc_nci: [INFO:nfa_dm_discover.cc(1993)] old_state: IDLE (0), new_state: DISCOVERY (1) disc_flags: 0x11
02-18 15:50:40.628  4906 28363 I libnfc_nci: [INFO:nfa_ce_act.cc(304)] event:0x00
02-18 15:50:40.628  4906 28363 I libnfc_nci: [INFO:nfa_ce_act.cc(308)] nfa_ce_handle_disc_start (status=0x0)
02-18 15:50:40.628  4906 28363 I libnfc_nci: [INFO:nfa_ce_act.cc(304)] event:0x00
02-18 15:50:40.628  4906 28363 I libnfc_nci: [INFO:nfa_ce_act.cc(308)] nfa_ce_handle_disc_start (status=0x0)
02-18 15:50:40.628  4906 28363 I libnfc_nci: [INFO:nfa_dm_act.cc(1725)] event:0x00
02-18 15:50:40.628  4906 28363 I libnfc_nci: [INFO:NativeNfcManager.cpp(467)] nfaConnectionCallback: event= 30
02-18 15:50:40.628  4906 28363 I libnfc_nci: [INFO:NativeNfcManager.cpp(495)] nfaConnectionCallback: NFA_RF_DISCOVERY_STARTED_EVT: status = 0
02-18 15:50:40.629  4906 28363 I libnfc_nci: [INFO:nfa_dm_discover.cc(2942)] new state: DISCOVERY (1), disc_flags: 0x1
02-18 15:50:40.629  4906 28363 I libnfc_nci: [INFO:nfa_srd_main.cc(215)] nfa_srd_dm_process_evt Enter: event:1
02-18 15:50:40.629  4906 28363 I libnfc_nci: [INFO:nfa_srd_main.cc(238)] nfa_srd_dm_process_evt Unknown Event!!
02-18 15:50:40.629  4906  5195 I libnfc_nci: [INFO:NativeNfcTag.cpp(2290)] nativeNfcTag_releaseRfInterfaceMutexLock: sRfInterfaceMutex unlock
02-18 15:50:40.630   672 28365 D NxpTml  : PN54X - Read requested.....
02-18 15:50:40.630  4906  5195 I libnfc_nci: [INFO:PowerSwitch.cpp(258)] PowerSwitch::setModeOn(activated=0x1) : mCurrActivity=0x1
02-18 15:50:40.630   672 28365 D NxpTml  : PN54X - Invoking I2C Read.....
02-18 15:50:40.630  4906  5195 I libnfc_nci: [INFO:NativeNfcManager.cpp(2014)] nfcManager_enableDiscovery: exit
02-18 15:50:40.630  4906  5195 D NfcService: commitRouting >>>
02-18 15:50:40.630  4906  4906 D NfcService: defaultMifareDesfireRoute : 315
02-18 15:50:40.630  4906  5195 D NfcService: Init wired Se
02-18 15:50:40.630  4906  4906 I libnfc_nci: [INFO:NativeNfcManager.cpp(2384)] nfcManager_getDefaultAidRoute: num 1
02-18 15:50:40.630  4906  4906 I libnfc_nci: [INFO:SecureElement.cpp(1525)] SecureElement::getEseHandleFromGenericId: enter; ESE-ID = 0x01
02-18 15:50:40.630  4906  4906 I libnfc_nci: [INFO:SecureElement.cpp(1560)] SecureElement::getEseHandleFromGenericId: enter; ESE-Handle = 0x4C0
02-18 15:50:40.630  4906  4906 I libnfc_nci: [INFO:RoutingManager.cpp(1884)] isNfceeActive: seHandle : 4c0
02-18 15:50:40.630  4906  4906 I libnfc_nci: [INFO:SecureElement.cpp(1449)] SecureElement::getEeInfo: enter; mbNewEE=0, mActualNumEe=2
02-18 15:50:40.630  4906  4906 I libnfc_nci: [INFO:nfa_ee_api.cc(119)] NFA_EeGetInfo em_state:1 cur_ee:3
02-18 15:50:40.630  4906  4906 I libnfc_nci: [INFO:nfa_ee_api.cc(137)] xx:0 max_ret:5, num_ret:0 ee_status:0x2
02-18 15:50:40.630  4906  4906 I libnfc_nci: [INFO:nfa_ee_api.cc(137)] xx:1 max_ret:5, num_ret:0 ee_status:0x0
02-18 15:50:40.631  4906  4906 I libnfc_nci: [INFO:nfa_ee_api.cc(137)] xx:2 max_ret:5, num_ret:1 ee_status:0x0
02-18 15:50:40.631  4906  4906 I libnfc_nci: [INFO:nfa_ee_api.cc(161)] num_ret:2
02-18 15:50:40.631  4906  4906 E libnfc_nci: [ERROR:SecureElement.cpp(1471)] SecureElement::getEeInfo: num EEs discovered: 2
02-18 15:50:40.631  4906  4906 I libnfc_nci: [INFO:SecureElement.cpp(1485)] SecureElement::getEeInfo: exit; mActualNumEe=2, mNumEePresent=2
02-18 15:50:40.631  4906  4906 I libnfc_nci: [INFO:RoutingManager.cpp(1889)] Default AID route handle active
02-18 15:50:40.631  4906  4906 I libnfc_nci: [INFO:NativeNfcManager.cpp(2387)] nfcManager_getDefaultAidRoute route = 1
02-18 15:50:40.631  4906  4906 D NfcService: defaultAidRoute : 315
02-18 15:50:40.631  4906  4906 D NfcService: defaultMifateCLTRoute : 315
02-18 15:50:40.631  4906  4906 D NfcService: defaultFelicaCLTRoute : 315
02-18 15:50:40.631  4906  4906 D NfcService: Set Routing Entry
02-18 15:50:40.631  4906  4906 I libnfc_nci: [INFO:RoutingManager.cpp(1476)] RoutingManager::setRoutingEntry: enter, >>>>>>>> type:0x2 value =0x1 route:1 power:0x3b
02-18 15:50:40.631  4906  4906 I libnfc_nci: [INFO:SecureElement.cpp(1449)] SecureElement::getEeInfo: enter; mbNewEE=0, mActualNumEe=2
02-18 15:50:40.631  4906  4906 I libnfc_nci: [INFO:nfa_ee_api.cc(119)] NFA_EeGetInfo em_state:1 cur_ee:3
02-18 15:50:40.631  4906  4906 I libnfc_nci: [INFO:nfa_ee_api.cc(137)] xx:0 max_ret:5, num_ret:0 ee_status:0x2
02-18 15:50:40.631  4906  4906 I libnfc_nci: [INFO:nfa_ee_api.cc(137)] xx:1 max_ret:5, num_ret:0 ee_status:0x0
02-18 15:50:40.631  4906  4906 I libnfc_nci: [INFO:nfa_ee_api.cc(137)] xx:2 max_ret:5, num_ret:1 ee_status:0x0
02-18 15:50:40.631  4906  4906 I libnfc_nci: [INFO:nfa_ee_api.cc(161)] num_ret:2
02-18 15:50:40.631  4906  4906 E libnfc_nci: [ERROR:SecureElement.cpp(1471)] SecureElement::getEeInfo: num EEs discovered: 2
02-18 15:50:40.631  4906  4906 I libnfc_nci: [INFO:SecureElement.cpp(1485)] SecureElement::getEeInfo: exit; mActualNumEe=2, mNumEePresent=2
02-18 15:50:40.631  4906  4906 I libnfc_nci: [INFO:RoutingManager.cpp(1490)] RoutingManager::setRoutingEntry: enter,max_tech_mask :0
02-18 15:50:40.631  4906  4906 I libnfc_nci: [INFO:SecureElement.cpp(1525)] SecureElement::getEseHandleFromGenericId: enter; ESE-ID = 0x01
02-18 15:50:40.631  4906  4906 I libnfc_nci: [INFO:SecureElement.cpp(1560)] SecureElement::getEseHandleFromGenericId: enter; ESE-Handle = 0x4C0
02-18 15:50:40.631  4906  4906 I libnfc_nci: [INFO:RoutingManager.cpp(1884)] isNfceeActive: seHandle : 4c0
02-18 15:50:40.631  4906  4906 I libnfc_nci: [INFO:SecureElement.cpp(1449)] SecureElement::getEeInfo: enter; mbNewEE=0, mActualNumEe=2
02-18 15:50:40.631  4906  4906 I libnfc_nci: [INFO:nfa_ee_api.cc(119)] NFA_EeGetInfo em_state:1 cur_ee:3
02-18 15:50:40.632  4906  4906 I libnfc_nci: [INFO:nfa_ee_api.cc(137)] xx:0 max_ret:5, num_ret:0 ee_status:0x2
02-18 15:50:40.632  4906  4906 I libnfc_nci: [INFO:nfa_ee_api.cc(137)] xx:1 max_ret:5, num_ret:0 ee_status:0x0
02-18 15:50:40.632  4906  4906 I libnfc_nci: [INFO:nfa_ee_api.cc(137)] xx:2 max_ret:5, num_ret:1 ee_status:0x0
02-18 15:50:40.632  4906  4906 I libnfc_nci: [INFO:nfa_ee_api.cc(161)] num_ret:2
02-18 15:50:40.632  4906  4906 E libnfc_nci: [ERROR:SecureElement.cpp(1471)] SecureElement::getEeInfo: num EEs discovered: 2
02-18 15:50:40.632  4906  4906 I libnfc_nci: [INFO:SecureElement.cpp(1485)] SecureElement::getEeInfo: exit; mActualNumEe=2, mNumEePresent=2
02-18 15:50:40.632  4906  4906 I libnfc_nci: [INFO:RoutingManager.cpp(1889)] Default AID route handle active
02-18 15:50:40.632  4906  4906 I libnfc_nci: [INFO:SecureElement.cpp(1449)] SecureElement::getEeInfo: enter; mbNewEE=0, mActualNumEe=2
02-18 15:50:40.632  4906  4906 I libnfc_nci: [INFO:nfa_ee_api.cc(119)] NFA_EeGetInfo em_state:1 cur_ee:3
02-18 15:50:40.632  4906  4906 I libnfc_nci: [INFO:nfa_ee_api.cc(137)] xx:0 max_ret:5, num_ret:0 ee_status:0x2
02-18 15:50:40.632  4906  4906 I libnfc_nci: [INFO:nfa_ee_api.cc(137)] xx:1 max_ret:5, num_ret:0 ee_status:0x0
02-18 15:50:40.632  4906  4906 I libnfc_nci: [INFO:nfa_ee_api.cc(137)] xx:2 max_ret:5, num_ret:1 ee_status:0x0
02-18 15:50:40.632  4906  4906 I libnfc_nci: [INFO:nfa_ee_api.cc(161)] num_ret:2
02-18 15:50:40.632  4906  4906 E libnfc_nci: [ERROR:SecureElement.cpp(1471)] SecureElement::getEeInfo: num EEs discovered: 2
02-18 15:50:40.632  4906  4906 I libnfc_nci: [INFO:SecureElement.cpp(1485)] SecureElement::getEeInfo: exit; mActualNumEe=2, mNumEePresent=2
02-18 15:50:40.632  4906  4906 I libnfc_nci: [INFO:RoutingManager.cpp(1524)] RoutingManager::setRoutingEntry: enter,max_tech_mask :7
02-18 15:50:40.632  4906  4906 I libnfc_nci: [INFO:RoutingManager.cpp(1666)] RoutingManager::setRoutingEntry: enter >>>> ee_handle:4c0 8 8 0 8 8 8
02-18 15:50:40.632  4906  4906 I libnfc_nci: [INFO:nfa_ee_api.cc(524)] handle:<0x4c0>protocol_mask:<0x8>/<0x8>/<0x0><0x8><0x8><0x8>
02-18 15:50:40.632  4906  4906 I libnfc_nci: [INFO:nfa_ee_main.cc(441)] nfa_ee_find_ecb
02-18 15:50:40.632  4906  4906 I libnfc_nci: [INFO:gki_buffer.cc(326)] GKI_getbuf 0xb4000072a94c38e0 39:43
02-18 15:50:40.633  4906 28363 I libnfc_nci: [INFO:nfa_sys_main.cc(96)] NFA got event 0x0206
02-18 15:50:40.633  4906 28363 I libnfc_nci: [INFO:nfa_ee_main.cc(683)] Event API_SET_PROTO_CFG(0x206), State: INIT_DONE(1)
02-18 15:50:40.633  4906 28363 I libnfc_nci: [INFO:RoutingManager.cpp(989)] RoutingManager::nfaEeCallback: NFA_EE_SET_PROTO_CFG_EVT; status=0x0
02-18 15:50:40.633  4906  4906 I libnfc_nci: [INFO:RoutingManager.cpp(1371)] proto routing SUCCESS
02-18 15:50:40.633  4906  4906 I libnfc_nci: [INFO:nfa_ce_api.cc(205)] ee_handle = 0x4c0
02-18 15:50:40.633  4906  4906 I libnfc_nci: [INFO:gki_buffer.cc(326)] GKI_getbuf 0xb4000072d94a6310 39:43
02-18 15:50:40.633  4906  4906 I libnfc_nci: [INFO:RoutingManager.cpp(1476)] RoutingManager::setRoutingEntry: enter, >>>>>>>> type:0x1 value =0x7 route:1 power:0x3b
02-18 15:50:40.634  4906  4906 I libnfc_nci: [INFO:SecureElement.cpp(1449)] SecureElement::getEeInfo: enter; mbNewEE=0, mActualNumEe=2
02-18 15:50:40.634  4906  4906 I libnfc_nci: [INFO:nfa_ee_api.cc(119)] NFA_EeGetInfo em_state:1 cur_ee:3
02-18 15:50:40.634  4906 28363 I libnfc_nci: [INFO:nfa_sys_main.cc(96)] NFA got event 0x0601
02-18 15:50:40.634  4906 28363 I libnfc_nci: [INFO:nfa_ce_main.cc(176)] nfa_ce_handle_event event: NFA_CE_API_REG_LISTEN_EVT (0x601), flags: 00000000
02-18 15:50:40.634  4906  4906 I libnfc_nci: [INFO:nfa_ee_api.cc(137)] xx:0 max_ret:5, num_ret:0 ee_status:0x2
02-18 15:50:40.635  4906 28363 I libnfc_nci: [INFO:nfa_ce_act.cc(1288)] Registering UICC/Felica/Type-4 tag listener. Type=2
